> 2023/08/05 03:24:00.060940  length=6 from=0 to=5
 00 03 ff 01 00 01                                ......
--
< 2023/08/05 03:24:00.071499  length=5 from=0 to=4
 00 03 ff 00 00                                   .....
--
> 2023/08/05 03:24:00.142061  length=6 from=6 to=11
 00 03 ff 01 00 02                                ......
--
< 2023/08/05 03:24:00.157136  length=5 from=5 to=9
 00 03 ff 00 00                                   .....
--
> 2023/08/05 03:24:00.221073  length=6 from=12 to=17
 00 03 ff 01 00 04                                ......
--
< 2023/08/05 03:24:00.237163  length=5 from=10 to=14
 00 03 ff 00 00                                   .....
--
> 2023/08/05 03:24:00.349096  length=5 from=18 to=22
 01 03 00 00 00                                   .....
--
< 2023/08/05 03:24:00.365155  length=135 from=15 to=149
 01 03 00 15 01 c8 04 09 c0 ec d7 13 06 02 00 13  ................
 82 00 00 00 00 00 62 74 70 5f 74 65 73 74 65 72  ......btp_tester
 00 00 00 00 00 00 00 00 00 00 00 00 00 00 00 00  ................
 00 00 00 00 00 00 00 00 00 00 00 00 00 00 00 00  ................
 00 00 00 00 00 00 00 00 00 00 00 00 00 00 00 00  ................
 00 00 00 00 00 00 00 00 00 00 00 00 00 00 00 00  ................
 00 00 00 00 00 00 00 00 00 00 00 00 00 00 00 00  ................
 00 00 00 00 00 00 00 00 00 00 00 00 00 00 00 00  ................
 00 00 00 00 00 00 00                             .......
--
< 2023/08/05 03:24:00.366836  length=22 from=150 to=171
 00 00 00 00 00 00 00 00 00 00 00 00 00 00 00 00  ................
 00 00 00 00 00 00                                ......
--
< 2023/08/05 03:24:00.381245  length=125 from=172 to=296
 00 00 00 00 00 00 00 00 00 00 00 00 00 00 00 00  ................
 00 00 00 00 00 00 00 00 00 00 00 00 00 00 00 00  ................
 00 00 00 00 00 00 00 00 00 00 00 00 00 00 00 00  ................
 00 00 00 00 00 00 00 00 00 00 00 00 00 00 00 00  ................
 00 00 00 00 00 00 00 00 00 00 00 00 00 00 00 00  ................
 00 00 00 00 00 00 00 00 00 00 00 00 00 00 00 00  ................
 00 00 00 00 00 00 00 00 00 00 00 00 00 00 00 00  ................
 00 00 00 00 00 00 00 00 00 00 00 00 00           .............
--
> 2023/08/05 03:24:02.715096  length=44 from=23 to=66
 04 02 00 27 00 60 97 23 b9 fe d7 4f 71 a3 0b 4e  ...'.`.#...Oq..N
 5e 51 5f 3b 5b 00 00 00 00 00 00 00 00 00 00 00  ^Q_;[...........
 00 00 00 00 00 00 00 00 01 0c 00 00              ............
--
< 2023/08/05 03:24:02.731234  length=5 from=297 to=301
 04 02 00 00 00                                   .....
--
> 2023/08/05 03:24:02.842089  length=5 from=67 to=71
 04 04 00 00 00                                   .....
--
< 2023/08/05 03:24:03.126699  length=5 from=302 to=306
 04 04 00 00 00                                   .....
--
< 2023/08/05 03:24:03.142742  length=6 from=307 to=312
 04 84 00 01 00 00                                ......
--
< 2023/08/05 03:24:04.807872  length=5 from=313 to=317
 04 83 00 00 00                                   .....
--
< 2023/08/05 03:24:06.316404  length=6 from=318 to=323
 04 85 00 01 00 00                                ......
--
< 2023/08/05 03:24:07.174795  length=27 from=324 to=350
 04 86 00 16 00 03 00 01 00 02 00 0f 80 80 00 00  ................
 8e e6 26 4b 54 4f 88 6b c0 15 45                 ..&KTO.k..E
--
< 2023/08/05 03:24:07.413523  length=19 from=351 to=369
 04 86 00 0e 00 07 01 01 00 02 00 07 00 00 04 00  ................
 00 00 07                                         ...
--
< 2023/08/05 03:24:07.525595  length=28 from=370 to=397
 04 86 00 17 00 03 00 01 00 02 00 10 80 00 08 01  ................
 0f 44 38 80 8c d9 db 1b 6a eb 6d 2f              .D8.....j.m/
--
< 2023/08/05 03:24:07.573532  length=28 from=398 to=425
 04 86 00 17 00 03 00 01 00 02 00 10 80 00 08 21  ...............!
 f3 a6 a5 f0 28 4a 49 d9 d5 71 0a                 ....(JI..q.
 2c                                               ,
--
< 2023/08/05 03:24:07.699621  length=28 from=426 to=453
 04 86 00 17 00 03 00 01 00 02 00 10 80 00 10 00  ................
 81 06 2a b6 b3 68 9e 51 80 d8 e3 08              ..*..h.Q....
--
< 2023/08/05 03:24:07.827586  length=27 from=454 to=480
 04 86 00 17 00 03 00 01 00 02 00 10 80 00 14 00  ................
 18 1c 2a c3 03 25 7a 21 0d 23 8e                 ..*..%z!.#.
--
< 2023/08/05 03:24:07.843540  length=1 from=481 to=481
 d4                                               .
--
< 2023/08/05 03:24:34.993699  length=28 from=482 to=509
 04 86 00 17 00 03 00 01 00 02 00 10 80 80 18 00  ................
 84 b4 d0 74 9d 6e 95 4f 44 f8 f0 17              ...t.n.OD...
--
< 2023/08/05 03:24:45.126627  length=28 from=510 to=537
 04 86 00 17 00 03 00 01 00 02 00 10 80 00 1c 01  ................
 00 d3 cd a8 57 cf 81 cb e9 c1 ad bf              ....W.......
--
< 2023/08/05 03:24:45.158599  length=28 from=538 to=565
 04 86 00 17 00 03 00 01 00 02 00 10 80 00 1c 21  ...............!
 de a2 c4 1d 11 60 76 6c 8a 77 89 20              .....`vl.w. 
--
< 2023/08/05 03:24:45.286580  length=28 from=566 to=593
 04 86 00 17 00 03 00 01 00 02 00 10 80 00 24 01  ..............$.
 9f f0 43 61 4e b7 45 18 b2 6f 70 8b              ..CaN.E..op.
--
< 2023/08/05 03:24:45.318719  length=28 from=594 to=621
 04 86 00 17 00 03 00 01 00 02 00 10 80 00 24 21  ..............$!
 6e 8b c5 bb fb 70 07 58 65 50 6c d2              n....p.XePl.
--
< 2023/08/05 03:24:55.456173  length=27 from=622 to=648
 04 86 00 17 00 03 00 01 00 02 00 10 80 80 2c 00  ..............,.
 42 a5 d6 4a 16 5d 3e 4b ad 02 18                 B..J.]>K...
--
< 2023/08/05 03:24:55.471320  length=1 from=649 to=649
 f9                                               .
--
< 2023/08/05 03:25:45.014083  length=28 from=650 to=677
 04 86 00 17 00 03 00 01 00 02 00 10 80 80 30 00  ..............0.
 f2 cf de 21 37 44 77 a1 ba dd 91 f5              ...!7Dw.....
--
< 2023/08/05 03:26:46.777249  length=5 from=678 to=682
 00 80 ff 00 00                                   .....
--
