Applying system reset.
Run.
Applying system reset.
Run.
< 2022/10/26 20:55:59.029360  length=5 from=0 to=4
 00 80 ff 00 00                                   .....
--
> 2022/10/26 20:55:59.141196  length=6 from=0 to=5
 00 03 ff 01 00 01                                ......
--
< 2022/10/26 20:55:59.157361  length=5 from=5 to=9
 00 03 ff 00 00                                   .....
--
> 2022/10/26 20:55:59.299257  length=6 from=6 to=11
 00 03 ff 01 00 04                                ......
--
< 2022/10/26 20:55:59.315317  length=5 from=10 to=14
 00 03 ff 00 00                                   .....
--
> 2022/10/26 20:55:59.426156  length=5 from=12 to=16
 01 03 00 00 00                                   .....
--
< 2022/10/26 20:55:59.442293  length=137 from=15 to=151
 01 03 00 15 01 70 1f c4 76 e7 dc 13 06 00 00 13  .....p..v.......
 82 00 00 00 00 00 62 74 70 5f 74 65 73 74 65 72  ......btp_tester
 00 00 00 00 00 00 00 00 00 00 00 00 00 00 00 00  ................
 00 00 00 00 00 00 00 00 00 00 00 00 00 00 00 00  ................
 00 00 00 00 00 00 00 00 00 00 00 00 00 00 00 00  ................
 00 00 00 00 00 00 00 00 00 00 00 00 00 00 00 00  ................
 00 00 00 00 00 00 00 00 00 00 00 00 00 00 00 00  ................
 00 00 00 00 00 00 00 00 00 00 00 00 00 00 00 00  ................
 00 00 00 00 00 00 00 00 00                       .........
--
< 2022/10/26 20:55:59.443868  length=23 from=152 to=174
 00 00 00 00 00 00 00 00 00 00 00 00 00 00 00 00  ................
 00 00 00 00 00 00 00                             .......
--
< 2022/10/26 20:55:59.458421  length=122 from=175 to=296
 00 00 00 00 00 00 00 00 00 00 00 00 00 00 00 00  ................
 00 00 00 00 00 00 00 00 00 00 00 00 00 00 00 00  ................
 00 00 00 00 00 00 00 00 00 00 00 00 00 00 00 00  ................
 00 00 00 00 00 00 00 00 00 00 00 00 00 00 00 00  ................
 00 00 00 00 00 00 00 00 00 00 00 00 00 00 00 00  ................
 00 00 00 00 00 00 00 00 00 00 00 00 00 00 00 00  ................
 00 00 00 00 00 00 00 00 00 00 00 00 00 00 00 00  ................
 00 00 00 00 00 00 00 00 00 00                    ..........
--
> 2022/10/26 20:56:07.756697  length=44 from=17 to=60
 04 02 00 27 00 f8 ee 0c 47 d8 e1 49 08 9e 05 a0  ...'....G..I....
 a3 80 ef 8c 83 00 00 00 00 00 00 00 00 00 00 00  ................
 00 00 00 00 00 02 10 00 02 08 00 00              ............
--
< 2022/10/26 20:56:07.772737  length=5 from=297 to=301
 04 02 00 00 00                                   .....
--
> 2022/10/26 20:56:07.884652  length=5 from=61 to=65
 04 04 00 00 00                                   .....
--
< 2022/10/26 20:56:07.900644  length=5 from=302 to=306
 04 04 00 00 00                                   .....
--
< 2022/10/26 20:56:07.932884  length=6 from=307 to=312
 04 84 00 01 00 00                                ......
--
< 2022/10/26 20:56:10.790125  length=5 from=313 to=317
 04 83 00 00 00                                   .....
--
< 2022/10/26 20:56:12.253376  length=6 from=318 to=323
 04 85 00 01 00 00                                ......
--
< 2022/10/26 20:56:12.896514  length=23 from=324 to=346
 04 86 00 12 00 00 01 33 00 fd ff 0b 03 24 a0 00  .......3.....$..
 03 84 00 00 01 00 01                             .......
--
< 2022/10/26 20:56:13.341425  length=28 from=347 to=374
 04 86 00 09 00 00 01 33 00 02 00 02 01 00 04 89  .......3........
 00 09 00 00 00 33 00 a0 90 5f 01 00              .....3..._..
--
< 2022/10/26 20:56:13.770997  length=14 from=375 to=388
 04 86 00 09 00 00 01 33 00 02 00 02 01 01        .......3......
--
< 2022/10/26 20:56:14.183931  length=28 from=389 to=416
 04 86 00 17 00 7f 00 01 00 33 00 10 80 00 0c 01  .........3......
 22 da bf 76 99 ae 7b 83 0f c5 a2 fc              "..v..{.....
--
< 2022/10/26 20:56:14.232201  length=28 from=417 to=444
 04 86 00 17 00 7f 00 01 00 33 00 10 80 00 0c 21  .........3.....!
 6f 1e fd 8d ca 38 8a b1 e8 a2 9d 56              o....8.....V
--
< 2022/10/26 20:56:14.263706  length=36 from=445 to=480
 04 86 00 16 00 03 00 01 00 02 00 0f 80 80 14 00  ................
 d0 65 e1 6a 8e 7c 1c f4 b9 ac 79 04 8a 00 04 00  .e.j.|....y.....
 00 00 33 00                                      ..3.
--
Applying system reset.
Run.
