> 2024/04/27 07:09:41.275318  length=6 from=0 to=5
 00 03 ff 01 00 01                                ......
--
< 2024/04/27 07:09:41.304575  length=5 from=0 to=4
 00 03 ff 00 00                                   .....
--
> 2024/04/27 07:09:41.368446  length=5 from=6 to=10
 01 03 00 00 00                                   .....
--
< 2024/04/27 07:09:41.529165  length=23 from=5 to=27
 01 03 00 15 01 c3 51 0b 1b b8 d7 13 06 02 00 13  ......Q.........
 82 00 00 00 00 00 62                             ......b
--
< 2024/04/27 07:09:41.530169  length=12 from=28 to=39
 74 70 5f 74 65 73 74 65 72 00 00 00              tp_tester...
--
< 2024/04/27 07:09:41.531625  length=23 from=40 to=62
 00 00 00 00 00 00 00 00 00 00 00 00 00 00 00 00  ................
 00 00 00 00 00 00 00                             .......
--
< 2024/04/27 07:09:41.544718  length=149 from=63 to=211
 00 00 00 00 00 00 00 00 00 00 00 00 00 00 00 00  ................
 00 00 00 00 00 00 00 00 00 00 00 00 00 00 00 00  ................
 00 00 00 00 00 00 00 00 00 00 00 00 00 00 00 00  ................
 00 00 00 00 00 00 00 00 00 00 00 00 00 00 00 00  ................
 00 00 00 00 00 00 00 00 00 00 00 00 00 00 00 00  ................
 00 00 00 00 00 00 00 00 00 00 00 00 00 00 00 00  ................
 00 00 00 00 00 00 00 00 00 00 00 00 00 00 00 00  ................
 00 00 00 00 00 00 00 00 00 00 00 00 00 00 00 00  ................
 00 00 00 00 00 00 00 00 00 00 00 00 00 00 00 00  ................
 00 00 00 00 00                                   .....
--
< 2024/04/27 07:09:41.546200  length=14 from=212 to=225
 00 00 00 00 00 00 00 00 00 00 00 00 00 00        ..............
--
< 2024/04/27 07:09:41.546499  length=11 from=226 to=236
 00 00 00 00 00 00 00 00 00 00 00                 ...........
--
< 2024/04/27 07:09:41.560667  length=50 from=237 to=286
 00 00 00 00 00 00 00 00 00 00 00 00 00 00 00 00  ................
 00 00 00 00 00 00 00 00 00 00 00 00 00 00 00 00  ................
 00 00 00 00 00 00 00 00 00 00 00 00 00 00 00 00  ................
 00 00                                            ..
--
> 2024/04/27 07:09:41.624558  length=6 from=11 to=16
 00 03 ff 01 00 02                                ......
--
< 2024/04/27 07:09:41.640641  length=5 from=287 to=291
 00 03 ff 00 00                                   .....
--
> 2024/04/27 07:09:41.720519  length=6 from=17 to=22
 01 08 00 01 00 01                                ......
--
< 2024/04/27 07:09:41.736749  length=9 from=292 to=300
 01 08 00 04 00 1b 82 00 00                       .........
--
> 2024/04/27 07:09:41.832507  length=6 from=23 to=28
 00 03 ff 01 00 0c                                ......
--
< 2024/04/27 07:09:41.848571  length=5 from=301 to=305
 00 03 ff 00 00                                   .....
--
> 2024/04/27 07:09:41.944529  length=6 from=29 to=34
 00 03 ff 01 00 0d                                ......
--
< 2024/04/27 07:09:41.960671  length=5 from=306 to=310
 00 03 ff 00 00                                   .....
--
> 2024/04/27 07:09:42.152565  length=6 from=35 to=40
 00 03 ff 01 00 0e                                ......
--
< 2024/04/27 07:09:42.168666  length=5 from=311 to=315
 00 03 ff 00 00                                   .....
--
> 2024/04/27 07:09:42.248523  length=6 from=41 to=46
 01 21 00 01 00 01                                .!....
--
< 2024/04/27 07:09:42.264681  length=9 from=316 to=324
 01 21 00 04 00 1b 82 02 00                       .!.......
--
> 2024/04/27 07:09:42.408565  length=44 from=47 to=90
 01 0a                                            ..
 00 27 00 20 00 09 0d 54 65 73 74 65 72 5f 35 36  .'. ...Tester_56
 43 39 45 46 01 01 06 03 02 4e 18 16 08 4e 18 01  C9EF.....N...N..
 ff 0f ff 0f 00 ff ff ff ff 00                    ..........
--
< 2024/04/27 07:09:42.424688  length=9 from=325 to=333
 01 0a                                            ..
 00 04 00 1b 86 02 00                             .......
--
> 2024/04/27 07:09:42.504515  length=5 from=91 to=95
 0e 0a                                            ..
 00 00 00                                         ...
--
< 2024/04/27 07:09:42.520601  length=5 from=334 to=338
 0e 0a                                            ..
 00 00 00                                         ...
--
< 2024/04/27 07:09:48.266918  length=27 from=339 to=365
 01 82 00 0d 00 00 ef c9 56 e8 07 c0 30 00 00 00  ........V...0...
 d0 09 01 80 00 04 00 1b 82 02 00                 ...........
--
> 2024/04/27 07:09:48.629312  length=44 from=96 to=139
 01 0a                                            ..
 00 27 00 20 00 09 0d 54 65 73 74 65 72 5f 35 36  .'. ...Tester_56
 43 39 45 46 01 01 06 03 02 4e 18 16 08 4e 18 01  C9EF.....N...N..
 ff 0f ff 0f 00 ff ff ff ff 00                    ..........
--
< 2024/04/27 07:09:48.645456  length=9 from=366 to=374
 01 0a                                            ..
 00 04 00 1b 86 02 00                             .......
--
< 2024/04/27 07:09:51.606574  length=13 from=375 to=387
 01 89 00 08 00 00 ef c9 56 e8 07 c0 02           ........V....
--
> 2024/04/27 07:09:52.739233  length=5 from=140 to=144
 0e 0c 00 00 00                                   .....
--
< 2024/04/27 07:09:52.755378  length=5 from=388 to=392
 0e 0c 00 00 00                                   .....
--
< 2024/04/27 07:09:53.314429  length=18 from=393 to=410
 0e 84 00 0d 00 00 ef c9 56 e8 07 c0 9e bd ec 01  ........V.......
 78 00                                            x.
--
> 2024/04/27 07:09:53.441264  length=5 from=145 to=149
 0e 0d 00 00 00                                   .....
--
< 2024/04/27 07:09:53.457474  length=5 from=411 to=415
 0e 0d 00 00 00                                   .....
--
< 2024/04/27 07:09:53.489388  length=18 from=416 to=433
 01 88 00 0d 00 00 ef c9 56 e8 07 c0 30 00 00 00  ........V...0...
 d0 09                                            ..
--
> 2024/04/27 07:09:53.521267  length=22 from=150 to=171
 0e 0e 00 11 00 00 ef c9 56 e8 07 c0 9e bd ec 01  ........V.......
 05 00 e8 03 00 00                                ......
--
< 2024/04/27 07:09:53.537433  length=5 from=434 to=438
 0e 0e 00 00 00                                   .....
--
< 2024/04/27 07:09:53.921405  length=146 from=439 to=584
 0e 84 00 0d 00 00 ef c9 56 e8 07 c0 9e bd ec 01  ........V.......
 78 00 01 8d 00 0a                                x.....
 00 00 ef c9 56 e8 07 c0 00 00 00 0e 89 00 16 00  ....V...........
 00 00 00 00 00 00 00 00 00 ef c9 56 e8 07 c0 01  ...........V....
 9e bd ec 02 00 00 0e 89 00 1f 00 00 00 00 00 00  ................
 00 00 00 00 ef c9 56 e8 07 c0 01 9e bd ec 02 00  ......V.........
 01 00 00 00 00 04 03 02 04 00 0e 85 00 1f 00 00  ................
 ef c9 56 e8 07 c0 9e bd ec 40 9c 00 00 01 06 00  ..V......@......
 00 00 00 0a                                      ....
 02 01 03 02 02 01 03 04 28 00 0e 89 00 1f 00 00  ........(.......
 00 00 00 00 00 00 00 00                          ........
--
< 2024/04/27 07:09:53.922852  length=12 from=585 to=596
 ef c9 56 e8 07 c0 01 9e bd ec 02 01              ..V.........
--
< 2024/04/27 07:09:53.937438  length=10 from=597 to=606
 01 00 00 00 00 04 03 02 04 00                    ..........
--
> 2024/04/27 07:09:54.496266  length=19 from=172 to=190
 0e 10 00 0e 00 00 ef c9 56 e8 07 c0 9e bd ec 01  ........V.......
 00 00 00                                         ...
--
< 2024/04/27 07:09:54.512388  length=5 from=607 to=611
 0e 10 00 00 00                                   .....
--
< 2024/04/27 07:09:54.815373  length=53 from=612 to=664
 0e 89 00 1f 00 00 00 00 00 00 00 00 00 00 ef c9  ................
 56 e8 07 c0 01 9e bd ec 02 01 01 01 00 00 00 04  V...............
 03 02 04 00 0e 85 00 1f 00 00 ef c9 56 e8 07 c0  ............V...
 9e bd ec 40 9c                                   ...@.
--
< 2024/04/27 07:09:54.816061  length=11 from=665 to=675
 00 00 01 06 00 00 00 00 0a                       .........
 02 01                                            ..
--
< 2024/04/27 07:09:54.831288  length=60 from=676 to=735
 03 02 02 01 03 04 28 00 0e 86 00 0b 00 00 ef c9  ......(.........
 56 e8 07 c0 9e bd ec 01 0e 89 00 1f 00 00 00 00  V...............
 00 00 00 00 00 00 ef c9 56 e8 07 c0 01 9e bd ec  ........V.......
 02 02 01 01 00 00 00 04 03 02 04 00              ............
--
< 2024/04/27 07:10:29.717478  length=5 from=736 to=740
 00 80 ff 00 00                                   .....
--
