> 2024/04/05 20:23:31.408524  length=6 from=0 to=5
 00 03 ff 01 00 01                                ......
--
< 2024/04/05 20:23:31.419148  length=5 from=0 to=4
 00 03 ff 00 00                                   .....
--
> 2024/04/05 20:23:31.497266  length=5 from=6 to=10
 01 03 00 00 00                                   .....
--
< 2024/04/05 20:23:31.689377  length=61 from=5 to=65
 01 03 00 15 01 c8 04 09 c0 ec d7 13 06 02 00 13  ................
 82 00 00 00 00 00 62 74 70 5f 74 65 73 74 65 72  ......btp_tester
 00 00 00 00 00 00 00 00 00 00 00 00 00 00 00 00  ................
 00 00 00 00 00 00 00 00 00 00 00 00 00           .............
--
< 2024/04/05 20:23:31.691880  length=23 from=66 to=88
 00 00 00 00 00 00 00 00 00 00 00 00 00 00 00 00  ................
 00 00 00 00 00 00 00                             .......
--
< 2024/04/05 20:23:31.692429  length=13 from=89 to=101
 00 00 00 00 00 00 00 00 00 00 00 00 00           .............
--
< 2024/04/05 20:23:31.706041  length=160 from=102 to=261
 00 00 00 00 00 00 00 00 00 00 00 00 00 00 00 00  ................
 00 00 00 00 00 00 00 00 00 00 00 00 00 00 00 00  ................
 00 00 00 00 00 00 00 00 00 00 00 00 00 00 00 00  ................
 00 00 00 00 00 00 00 00 00 00 00 00 00 00 00 00  ................
 00 00 00 00 00 00 00 00 00 00 00 00 00 00 00 00  ................
 00 00 00 00 00 00 00 00 00 00 00 00 00 00 00 00  ................
 00 00 00 00 00 00 00 00 00 00 00 00 00 00 00 00  ................
 00 00 00 00 00 00 00 00 00 00 00 00 00 00 00 00  ................
 00 00 00 00 00 00 00 00 00 00 00 00 00 00 00 00  ................
 00 00 00 00 00 00 00 00 00 00 00 00 00 00 00 00  ................
--
< 2024/04/05 20:23:31.707968  length=12 from=262 to=273
 00 00 00 00 00 00 00 00 00 00 00 00              ............
--
< 2024/04/05 20:23:31.708341  length=11 from=274 to=284
 00 00 00 00 00 00 00 00 00 00 00                 ...........
--
< 2024/04/05 20:23:31.721443  length=2 from=285 to=286
 00 00                                            ..
--
> 2024/04/05 20:23:31.801270  length=6 from=11 to=16
 00 03 ff 01 00 02                                ......
--
< 2024/04/05 20:23:31.816352  length=5 from=287 to=291
 00 03 ff 00 00                                   .....
--
> 2024/04/05 20:23:39.970398  length=6 from=17 to=22
 01 08 00 01 00 01                                ......
--
< 2024/04/05 20:23:39.986663  length=9 from=292 to=300
 01 08 00 04 00 1b 82 00 00                       .........
--
> 2024/04/05 20:23:40.082450  length=27 from=23 to=49
 01 0a                                            ..
 00 16 00 0f 00 09 0d 54 65 73 74 65 72 5f 31 30  .......Tester_10
 31 44 45 45 ff ff ff ff 00                       1DEE.....
--
< 2024/04/05 20:23:40.098551  length=9 from=301 to=309
 01 0a                                            ..
 00 04 00 1b 86 00 00                             .......
--
< 2024/04/05 20:23:40.736611  length=27 from=310 to=336
 01 82 00 0d 00 00 ee 1d 10 e8 07 c0 38 00 00 00  ............8...
 d0 07 01 80 00 04 00 1b 82 00 00                 ...........
--
< 2024/04/05 20:23:45.811175  length=14 from=337 to=350
 01 88 00 0d 00 00 ee 1d 10 e8 07 c0 38 00        ............8.
--
< 2024/04/05 20:23:45.812604  length=4 from=351 to=354
 00 00 d0 07                                      ....
--
< 2024/04/05 20:23:49.010721  length=13 from=355 to=367
 01 89 00 08 00 00 ee 1d 10 e8 07 c0 02           .............
--
< 2024/04/05 20:23:51.494622  length=13 from=368 to=380
 01 89 00 08 00 00 ee 1d 10 e8 07 c0 02           .............
--
> 2024/04/05 20:23:57.058045  length=12 from=50 to=61
 02 0b 00 07 00 00 ee 1d 10 e8 07 c0              ............
--
< 2024/04/05 20:23:57.297254  length=20 from=381 to=400
 02 0b 00 0f 00 02 01 00 07 00 02 00 18 10 00 19  ................
 00 02 01 18                                      ....
--
< 2024/04/05 20:23:59.750516  length=12 from=401 to=412
 01 83 00 07 00 00 ee 1d 10 e8 07 c0              ............
--
> 2024/04/05 20:24:00.414992  length=6 from=62 to=67
 01 08 00 01 00 01                                ......
--
< 2024/04/05 20:24:00.431116  length=9 from=413 to=421
 01 08 00 04 00 1b 82 00 00                       .........
--
> 2024/04/05 20:24:00.559013  length=27 from=68 to=94
 01 0a                                            ..
 00 16 00 0f 00 09 0d 54 65 73 74 65 72 5f 31 30  .......Tester_10
 31 44 45 45 ff ff ff ff 00                       1DEE.....
--
< 2024/04/05 20:24:00.575176  length=9 from=422 to=430
 01 0a                                            ..
 00 04 00 1b 86 00 00                             .......
--
< 2024/04/05 20:24:01.199178  length=27 from=431 to=457
 01 82 00 0d 00 00 ee 1d 10 e8 07 c0 38 00 00 00  ............8...
 d0 07 01 80 00 04 00 1b 82 00 00                 ...........
--
< 2024/04/05 20:24:06.318641  length=18 from=458 to=475
 01 88 00 0d 00 00 ee 1d 10 e8 07 c0 38 00 00 00  ............8...
 d0 07                                            ..
--
< 2024/04/05 20:24:09.053148  length=13 from=476 to=488
 01 89 00 08 00 00 ee 1d 10 e8 07 c0 02           .............
--
< 2024/04/05 20:24:11.572148  length=13 from=489 to=501
 01 89 00 08 00 00 ee 1d 10 e8 07 c0 02           .............
--
> 2024/04/05 20:24:17.462753  length=12 from=95 to=106
 02 0b 00 07 00 00 ee 1d 10 e8 07 c0              ............
--
< 2024/04/05 20:24:18.294965  length=127 from=502 to=628
 02 0b 00 a2 00 13 10 00 19 00 02 01 18 20 00 29  ............. .)
 00 02 0a                                         ...
 a0 30 00 32 00 02 0b a0 40 00 46 00 02 00 18 50  .0.2....@.F....P
 00 53 00 02 0b a0 60 00 6b 00 02 0b a0 70 00 76  .S....`.k....p.v
 00 02 0b a0 80 00 85 00 02 0b a0 90 00 96 00 10  ................
 ef cd ab 89 67 45 23 01 00 00 00 00 0c a0 00 00  ....gE#.........
 a0 00 bd 00 02 0f a0 c0 00 01 01 10 ef cd ab 89  ................
 67 45 23 01 00 00 00 00 0c a0 00 00 40 01 66 01  gE#.........@.f.
 02 0f 18 a0 01 b9 01 02 10 18 f0 01              ............
--
< 2024/04/05 20:24:18.296491  length=23 from=629 to=651
 01 02 02 22 18 20 02 26 02 02 1e 18 60 02 b9 02  ...". .&....`...
 02 1c 18 f0 02 f7 02                             .......
--
< 2024/04/05 20:24:18.310978  length=17 from=652 to=668
 02 05 18 10 03 12 03 02 07 18 30 03 34 03 02 06  ..........0.4...
 18                                               .
--
< 2024/04/05 20:24:20.816112  length=12 from=669 to=680
 01 83 00 07 00 00 ee 1d 10 e8 07 c0              ............
--
> 2024/04/05 20:24:21.444862  length=6 from=107 to=112
 01 08 00 01 00 01                                ......
--
< 2024/04/05 20:24:21.460989  length=9 from=681 to=689
 01 08 00 04 00 1b 82 00 00                       .........
--
> 2024/04/05 20:24:21.540860  length=27 from=113 to=139
 01 0a                                            ..
 00 16 00 0f 00 09 0d 54 65 73 74 65 72 5f 31 30  .......Tester_10
 31 44 45 45 ff ff ff ff 00                       1DEE.....
--
< 2024/04/05 20:24:21.556995  length=9 from=690 to=698
 01 0a                                            ..
 00 04 00 1b 86 00 00                             .......
--
< 2024/04/05 20:24:22.179013  length=27 from=699 to=725
 01 82 00 0d 00 00 ee 1d 10 e8 07 c0 38 00 00 00  ............8...
 d0 07 01 80 00 04 00 1b 82 00 00                 ...........
--
< 2024/04/05 20:24:27.300599  length=18 from=726 to=743
 01 88 00 0d 00 00 ee 1d 10 e8 07 c0 38 00 00 00  ............8...
 d0 07                                            ..
--
< 2024/04/05 20:24:30.036258  length=13 from=744 to=756
 01 89 00 08 00 00 ee 1d 10 e8 07 c0 02           .............
--
< 2024/04/05 20:24:32.547141  length=13 from=757 to=769
 01 89 00 08 00 00 ee 1d 10 e8 07 c0 02           .............
--
> 2024/04/05 20:24:38.358389  length=12 from=140 to=151
 02 0b 00 07 00 00 ee 1d 10 e8 07 c0              ............
--
< 2024/04/05 20:24:39.062567  length=85 from=770 to=854
 02 0b 00 a2 00 13 01 00 0f 00 10 ef cd ab 89 67  ...............g
 45 23 01 00 00 00 00 0c a0 00 00 10 00 13 00 02  E#..............
 01 18 20 00 26 00 10 ef cd ab 89 67 45 23 01 00  .. .&......gE#..
 00 00 00 0c a0 00 00 30 00 32 00 02 0b a0 50 00  .......0.2....P.
 52 00 02 0b a0 60 00 68 00 02 0a                 R....`.h...
 a0 70 00 73 00 02 0b a0 80 00                    .p.s......
--
< 2024/04/05 20:24:39.063758  length=23 from=855 to=877
 86 00 02 00 18 90 00 96 00 02 0b a0 a0 00 a2 00  ................
 02 0b a0 e0 00 06 01                             .......
--
< 2024/04/05 20:24:39.078636  length=59 from=878 to=936
 02 0f 18 40 01 59 01 02 10 18 90 01 a1 01 02 22  ...@.Y........."
 18 c0 01 c6 01 02 1e 18 00 02 59 02 02 1c 18 90  ..........Y.....
 02 97 02 02 05 18 b0 02 b2 02 02 07 18 d0 02 d4  ................
 02 02 06 18 fd ff ff ff 02 0e a0                 ...........
--
< 2024/04/05 20:24:41.511284  length=12 from=937 to=948
 01 83 00 07 00 00 ee 1d 10 e8 07 c0              ............
--
> 2024/04/05 20:24:42.201548  length=6 from=152 to=157
 01 08 00 01 00 01                                ......
--
< 2024/04/05 20:24:42.217633  length=9 from=949 to=957
 01 08 00 04 00 1b 82 00 00                       .........
--
> 2024/04/05 20:24:42.313482  length=27 from=158 to=184
 01 0a                                            ..
 00 16 00 0f 00 09 0d 54 65 73 74 65 72 5f 31 30  .......Tester_10
 31 44 45 45 ff ff ff ff 00                       1DEE.....
--
< 2024/04/05 20:24:42.329695  length=9 from=958 to=966
 01 0a                                            ..
 00 04 00 1b 86 00 00                             .......
--
< 2024/04/05 20:24:42.870734  length=27 from=967 to=993
 01 82 00 0d 00 00 ee 1d 10 e8 07 c0 38 00 00 00  ............8...
 d0 07 01 80 00 04 00 1b 82 00 00                 ...........
--
< 2024/04/05 20:24:47.942008  length=18 from=994 to=1011
 01 88 00 0d 00 00 ee 1d 10 e8 07 c0 38 00 00 00  ............8...
 d0 07                                            ..
--
< 2024/04/05 20:24:50.673347  length=13 from=1012 to=1024
 01 89 00 08 00 00 ee 1d 10 e8 07 c0 02           .............
--
< 2024/04/05 20:24:53.199124  length=13 from=1025 to=1037
 01 89 00 08 00 00 ee 1d 10 e8 07 c0 02           .............
--
> 2024/04/05 20:24:59.311612  length=12 from=185 to=196
 02 0b 00 07 00 00 ee 1d 10 e8 07 c0              ............
--
< 2024/04/05 20:24:59.982753  length=67 from=1038 to=1104
 02 0b 00 a2 00 13 01 00 03 00 02 0b a0 10 00 13  ................
 00 02 01 18 30 00 32 00 02 0b a0 40 00 42 00 02  ....0.2....@.B..
 0b a0 50 00 53 00 02 0b a0 60 00 66 00 02 00 18  ..P.S....`.f....
 70 00 78 00 02 0a                                p.x...
 a0 80 00 85 00 10 ef cd ab 89 67 45 23           ..........gE#
--
< 2024/04/05 20:24:59.983773  length=12 from=1105 to=1116
 01 00 00 00 00 0c a0 00 00 90 00 96              ............
--
< 2024/04/05 20:24:59.998928  length=88 from=1117 to=1204
 00 02 0b a0 a0 00 ae 00 10 ef cd ab 89 67 45 23  .............gE#
 01 00 00 00 00 0c a0 00 00 e0 00 06 01 02 0f 18  ................
 40 01 59 01 02 10 18 90 01 a1 01 02 22 18 c0 01  @.Y........."...
 c6 01 02 1e 18 00 02 59 02 02 1c 18 90 02 97 02  .......Y........
 02 05 18 b0 02 b2 02 02 07 18 d0 02 d4 02 02 06  ................
 18 ff ff ff ff 02 0e a0                          ........
--
< 2024/04/05 20:25:02.438186  length=12 from=1205 to=1216
 01 83 00 07 00 00 ee 1d 10 e8 07 c0              ............
--
< 2024/04/05 20:25:07.748435  length=5 from=1217 to=1221
 00 80 ff 00 00                                   .....
--
