*** Booting Zephyr OS build zephyr-v3.5.0-3216-gb83b9bede3bd ***
[00:00:00.253,295] <dbg> bttester: tester_init: Initializing tester
[00:00:15.867,523] <inf> bt_hci_core: HW Platform: Nordic Semiconductor (0x0002)
[00:00:15.867,553] <inf> bt_hci_core: HW Variant: nRF53x (0x0003)
[00:00:15.867,584] <inf> bt_hci_core: Firmware: Standard Bluetooth controller (0x00) Version 3.5 Build 99
[00:00:15.869,567] <inf> bt_hci_core: Identity: D7:B8:1B:0B:51:C3 (random)
[00:00:15.869,598] <inf> bt_hci_core: HCI: version 5.4 (0x0d) revision 0x0000, manufacturer 0x05f1
[00:00:15.869,628] <inf> bt_hci_core: LMP: version 5.4 (0x0d) subver 0xffff
[00:00:25.095,977] <dbg> bttester_bap: connected: Connected: C0:07:E8:79:0D:90 (public)
[00:00:30.348,266] <dbg> bttester_bap: pac_record_cb: 
[00:00:30.348,297] <dbg> bttester_bap: pac_record_cb: Discovered codec capabilities 0x20014d40
[00:00:30.348,297] <dbg> bttester_bap: print_codec_cap: codec_cap 0x06 cid 0x0000 vid 0x0000 count 16
[00:00:30.348,327] <dbg> bttester_bap: print_cb: data: type 0x01 value_len 2
[00:00:30.348,358] <dbg> bttester_bap: print_cb: 
                                       04 00                                            |..               
[00:00:30.348,388] <dbg> bttester_bap: print_cb: data: type 0x02 value_len 1
[00:00:30.348,388] <dbg> bttester_bap: print_cb: 
                                       02                                               |.                
[00:00:30.348,419] <dbg> bttester_bap: print_cb: data: type 0x03 value_len 1
[00:00:30.348,449] <dbg> bttester_bap: print_cb: 
                                       01                                               |.                
[00:00:30.348,480] <dbg> bttester_bap: print_cb: data: type 0x04 value_len 4
[00:00:30.348,510] <dbg> bttester_bap: print_cb: 
                                       28 00 28 00                                      |(.(.             
[00:00:30.348,541] <dbg> bttester_bap: print_cb: meta: type 0x01 value_len 2
[00:00:30.348,541] <dbg> bttester_bap: print_cb: 
                                       01 00                                            |..               
[00:00:31.347,686] <dbg> bttester_bap: unicast_client_location_cb: dir 1 loc 1
[00:00:32.047,698] <dbg> bttester_bap: available_contexts_cb: snk ctx 7 src ctx 7
[00:00:32.697,784] <dbg> bttester_bap: endpoint_cb: 
[00:00:32.697,814] <dbg> bttester_bap: endpoint_cb: Discovered ASE 0x2000b6b0, id 1, dir 0x01
[00:00:33.697,631] <dbg> bttester_bap: discover_cb: 
[00:00:33.697,662] <dbg> bttester_bap: discover_cb: Discover complete
[00:00:33.697,662] <dbg> bttester_bap: discover_cb: Discover remote ASEs complete: err 0
[00:00:34.148,254] <dbg> bttester_bap: pac_record_cb: 
[00:00:34.148,284] <dbg> bttester_bap: pac_record_cb: Discovered codec capabilities 0x20014d40
[00:00:34.148,315] <dbg> bttester_bap: print_codec_cap: codec_cap 0x06 cid 0x0000 vid 0x0000 count 16
[00:00:34.148,315] <dbg> bttester_bap: print_cb: data: type 0x01 value_len 2
[00:00:34.148,345] <dbg> bttester_bap: print_cb: 
                                       04 00                                            |..               
[00:00:34.148,376] <dbg> bttester_bap: print_cb: data: type 0x02 value_len 1
[00:00:34.148,406] <dbg> bttester_bap: print_cb: 
                                       02                                               |.                
[00:00:34.148,406] <dbg> bttester_bap: print_cb: data: type 0x03 value_len 1
[00:00:34.148,437] <dbg> bttester_bap: print_cb: 
                                       01                                               |.                
[00:00:34.148,468] <dbg> bttester_bap: print_cb: data: type 0x04 value_len 4
[00:00:34.148,498] <dbg> bttester_bap: print_cb: 
                                       28 00 28 00                                      |(.(.             
[00:00:34.148,529] <dbg> bttester_bap: print_cb: meta: type 0x01 value_len 2
[00:00:34.148,559] <dbg> bttester_bap: print_cb: 
                                       01 00                                            |..               
[00:00:35.197,692] <dbg> bttester_bap: unicast_client_location_cb: dir 2 loc 1
[00:00:35.797,668] <dbg> bttester_bap: available_contexts_cb: snk ctx 7 src ctx 7
[00:00:36.297,760] <dbg> bttester_bap: endpoint_cb: 
[00:00:36.297,821] <dbg> bttester_bap: endpoint_cb: Discovered ASE 0x2000b8b0, id 10, dir 0x02
[00:00:37.098,846] <dbg> bttester_bap: discover_cb: 
[00:00:37.098,846] <dbg> bttester_bap: discover_cb: Discover complete
[00:00:37.098,876] <dbg> bttester_bap: discover_cb: Discover remote ASEs complete: err 0
[00:00:44.897,674] <dbg> bttester_bap: config_cb: stream 0x200047a0 config operation rsp_code 0 reason 0
[00:00:44.998,321] <dbg> bttester_bap: stream_configured: Configured stream 0x200047a0, ep 1, dir 1
[00:00:45.197,662] <dbg> bttester_bap: config_cb: stream 0x20004848 config operation rsp_code 0 reason 0
[00:00:45.298,309] <dbg> bttester_bap: stream_configured: Configured stream 0x20004848, ep 10, dir 2
[00:00:45.426,269] <dbg> bttester_bap: client_add_ase_to_cis: Added ASE 1 to CIS 0 at CIG 0
[00:00:45.553,619] <dbg> bttester_bap: client_add_ase_to_cis: Added ASE 10 to CIS 0 at CIG 0
[00:00:45.666,381] <dbg> bttester_bap: client_add_ase_to_cis: Added ASE 1 to CIS 0 at CIG 0
[00:00:45.666,412] <dbg> bttester_bap: client_create_unicast_group: Creating unicast group
[00:00:45.667,022] <dbg> bttester_bap: ascs_configure_qos: QoS configuring streams
[00:00:45.747,680] <dbg> bttester_bap: qos_cb: stream 0x20004848 qos operation rsp_code 0 reason 0
[00:00:45.747,711] <dbg> bttester_bap: qos_cb: stream 0x200047a0 qos operation rsp_code 0 reason 0
[00:00:45.847,747] <dbg> bttester_bap: stream_qos_set: QoS set stream 0x200047a0
[00:00:45.947,723] <dbg> bttester_bap: stream_qos_set: QoS set stream 0x20004848
[00:00:46.063,201] <dbg> bttester_bap: ascs_enable: Enabling stream
[00:00:46.147,674] <dbg> bttester_bap: enable_cb: stream 0x200047a0 enable operation rsp_code 0 reason 0
[00:00:46.247,680] <dbg> bttester_bap: stream_enabled: Enabled stream 0x200047a0
[00:00:46.382,232] <dbg> bttester_bap: ascs_enable: Enabling stream
[00:00:46.447,662] <dbg> bttester_bap: enable_cb: stream 0x20004848 enable operation rsp_code 0 reason 0
[00:00:46.547,668] <dbg> bttester_bap: stream_enabled: Enabled stream 0x20004848
[00:00:46.669,067] <dbg> bttester_bap: ascs_receiver_start_ready: Starting stream 0x20004848, ep 10, dir 2
[00:00:46.947,723] <dbg> bttester_bap: start_cb: stream 0x20004848 start operation rsp_code 0 reason 0
[00:00:47.347,747] <dbg> bttester_bap: stream_started: Started stream 0x200047a0
[00:00:47.747,741] <dbg> bttester_bap: stream_started: Started stream 0x20004848
[00:00:47.749,420] <dbg> bttester_bap: stream_recv: Incoming audio on stream 0x20004848 len 0
[00:00:47.749,420] <dbg> bttester_bap: btp_send_stream_received_ev: Stream received, ep 10, dir 2, len 0
[00:00:47.861,450] <dbg> bttester_bap: audio_send_timeout: Sending data to stream 0x200047a0 len 40 seq 52
[00:00:47.886,932] <dbg> bttester_bap: stream_sent: Stream 0x200047a0 sent
[00:00:47.952,148] <dbg> bttester_bap: audio_send_timeout: Sending data to stream 0x200047a0 len 40 seq 61
[00:00:47.976,928] <dbg> bttester_bap: stream_sent: Stream 0x200047a0 sent
[00:00:48.032,806] <dbg> bttester_bap: audio_send_timeout: Sending data to stream 0x200047a0 len 40 seq 69
[00:00:48.056,915] <dbg> bttester_bap: stream_sent: Stream 0x200047a0 sent
[00:00:48.214,141] <dbg> bttester_bap: audio_send_timeout: Sending data to stream 0x200047a0 len 40 seq 87
[00:00:48.236,938] <dbg> bttester_bap: stream_sent: Stream 0x200047a0 sent
[00:00:48.335,052] <dbg> bttester_bap: audio_send_timeout: Sending data to stream 0x200047a0 len 40 seq 99
[00:00:48.356,933] <dbg> bttester_bap: stream_sent: Stream 0x200047a0 sent
[00:00:48.415,679] <dbg> bttester_bap: audio_send_timeout: Sending data to stream 0x200047a0 len 40 seq 107
[00:00:48.436,920] <dbg> bttester_bap: stream_sent: Stream 0x200047a0 sent
[00:00:48.516,448] <dbg> bttester_bap: audio_send_timeout: Sending data to stream 0x200047a0 len 11 seq 117
[00:00:48.526,580] <dbg> bttester_bap: audio_send_timeout: Sending data to stream 0x200047a0 len 29 seq 118
[00:00:48.536,926] <dbg> bttester_bap: stream_sent: Stream 0x200047a0 sent
[00:00:48.547,637] <dbg> bttester_bap: stream_sent: Stream 0x200047a0 sent
[00:00:48.657,562] <dbg> bttester_bap: audio_send_timeout: Sending data to stream 0x200047a0 len 40 seq 131
[00:00:48.676,940] <dbg> bttester_bap: stream_sent: Stream 0x200047a0 sent
[00:00:48.768,402] <dbg> bttester_bap: audio_send_timeout: Sending data to stream 0x200047a0 len 40 seq 142
[00:00:48.786,926] <dbg> bttester_bap: stream_sent: Stream 0x200047a0 sent
[00:00:48.879,241] <dbg> bttester_bap: audio_send_timeout: Sending data to stream 0x200047a0 len 40 seq 153
[00:00:48.897,613] <dbg> bttester_bap: stream_sent: Stream 0x200047a0 sent
[00:00:49.010,314] <dbg> bttester_bap: audio_send_timeout: Sending data to stream 0x200047a0 len 40 seq 166
[00:00:49.026,916] <dbg> bttester_bap: stream_sent: Stream 0x200047a0 sent
[00:00:49.201,721] <dbg> bttester_bap: audio_send_timeout: Sending data to stream 0x200047a0 len 40 seq 185
[00:00:49.216,918] <dbg> bttester_bap: stream_sent: Stream 0x200047a0 sent
[00:00:49.323,425] <dbg> bttester_bap: audio_send_timeout: Sending data to stream 0x200047a0 len 22 seq 197
[00:00:49.333,587] <dbg> bttester_bap: audio_send_timeout: Sending data to stream 0x200047a0 len 18 seq 198
[00:00:49.336,944] <dbg> bttester_bap: stream_sent: Stream 0x200047a0 sent
[00:00:49.347,625] <dbg> bttester_bap: stream_sent: Stream 0x200047a0 sent
[00:00:49.424,285] <dbg> bttester_bap: audio_send_timeout: Sending data to stream 0x200047a0 len 40 seq 207
[00:00:49.436,920] <dbg> bttester_bap: stream_sent: Stream 0x200047a0 sent
[00:00:49.585,479] <dbg> bttester_bap: audio_send_timeout: Sending data to stream 0x200047a0 len 40 seq 223
[00:00:49.597,625] <dbg> bttester_bap: stream_sent: Stream 0x200047a0 sent
[00:00:49.726,562] <dbg> bttester_bap: audio_send_timeout: Sending data to stream 0x200047a0 len 40 seq 237
[00:00:49.736,999] <dbg> bttester_bap: stream_sent: Stream 0x200047a0 sent
[00:00:49.817,260] <dbg> bttester_bap: audio_send_timeout: Sending data to stream 0x200047a0 len 40 seq 246
[00:00:49.826,934] <dbg> bttester_bap: stream_sent: Stream 0x200047a0 sent
[00:00:49.948,242] <dbg> bttester_bap: audio_send_timeout: Sending data to stream 0x200047a0 len 40 seq 259
[00:00:49.956,939] <dbg> bttester_bap: stream_sent: Stream 0x200047a0 sent
[00:00:50.109,436] <dbg> bttester_bap: audio_send_timeout: Sending data to stream 0x200047a0 len 33 seq 275
[00:00:50.116,912] <dbg> bttester_bap: stream_sent: Stream 0x200047a0 sent
[00:00:50.119,567] <dbg> bttester_bap: audio_send_timeout: Sending data to stream 0x200047a0 len 7 seq 276
[00:00:50.126,922] <dbg> bttester_bap: stream_sent: Stream 0x200047a0 sent
[00:00:50.280,761] <dbg> bttester_bap: audio_send_timeout: Sending data to stream 0x200047a0 len 40 seq 292
[00:00:50.286,926] <dbg> bttester_bap: stream_sent: Stream 0x200047a0 sent
[00:00:50.462,097] <dbg> bttester_bap: audio_send_timeout: Sending data to stream 0x200047a0 len 40 seq 310
[00:00:50.466,918] <dbg> bttester_bap: stream_sent: Stream 0x200047a0 sent
[00:00:50.623,291] <dbg> bttester_bap: audio_send_timeout: Sending data to stream 0x200047a0 len 40 seq 326
[00:00:50.626,922] <dbg> bttester_bap: stream_sent: Stream 0x200047a0 sent
[00:00:50.713,989] <dbg> bttester_bap: audio_send_timeout: Sending data to stream 0x200047a0 len 40 seq 335
[00:00:50.716,918] <dbg> bttester_bap: stream_sent: Stream 0x200047a0 sent
[00:00:50.855,041] <dbg> bttester_bap: audio_send_timeout: Sending data to stream 0x200047a0 len 40 seq 349
[00:00:50.856,933] <dbg> bttester_bap: stream_sent: Stream 0x200047a0 sent
[00:00:50.955,841] <dbg> bttester_bap: audio_send_timeout: Sending data to stream 0x200047a0 len 40 seq 359
[00:00:50.956,939] <dbg> bttester_bap: stream_sent: Stream 0x200047a0 sent
[00:00:51.117,065] <dbg> bttester_bap: audio_send_timeout: Sending data to stream 0x200047a0 len 4 seq 375
[00:00:51.126,922] <dbg> bttester_bap: stream_sent: Stream 0x200047a0 sent
[00:00:51.127,197] <dbg> bttester_bap: audio_send_timeout: Sending data to stream 0x200047a0 len 36 seq 376
[00:00:51.136,932] <dbg> bttester_bap: stream_sent: Stream 0x200047a0 sent
[00:00:51.258,178] <dbg> bttester_bap: audio_send_timeout: Sending data to stream 0x200047a0 len 40 seq 389
[00:00:51.266,937] <dbg> bttester_bap: stream_sent: Stream 0x200047a0 sent
[00:00:51.379,760] <dbg> bttester_bap: audio_send_timeout: Sending data to stream 0x200047a0 len 40 seq 401
[00:00:51.386,932] <dbg> bttester_bap: stream_sent: Stream 0x200047a0 sent
[00:00:51.390,289] <dbg> bttester_bap: audio_send_timeout: Previous TX request rejected by the controller: requested seq 401, 
[00:00:51.400,848] <dbg> bttester_bap: audio_send_timeout: Previous TX request rejected by the controller: requested seq 401, 
[00:00:51.411,315] <dbg> bttester_bap: audio_send_timeout: Previous TX request rejected by the controller: requested seq 401, 
[00:00:51.421,752] <dbg> bttester_bap: audio_send_timeout: Previous TX request rejected by the controller: requested seq 401, 
[00:00:51.432,189] <dbg> bttester_bap: audio_send_timeout: Previous TX request rejected by the controller: requested seq 401, 
[00:00:51.442,626] <dbg> bttester_bap: audio_send_timeout: Previous TX request rejected by the controller: requested seq 401, 
[00:00:51.453,063] <dbg> bttester_bap: audio_send_timeout: Previous TX request rejected by the controller: requested seq 401, 
[00:00:51.463,500] <dbg> bttester_bap: audio_send_timeout: Previous TX request rejected by the controller: requested seq 401, 
[00:00:51.473,937] <dbg> bttester_bap: audio_send_timeout: Previous TX request rejected by the controller: requested seq 401, 
[00:00:51.484,375] <dbg> bttester_bap: audio_send_timeout: Previous TX request rejected by the controller: requested seq 401, 
[00:00:51.494,812] <dbg> bttester_bap: audio_send_timeout: Previous TX request rejected by the controller: requested seq 401, 
[00:00:51.505,279] <dbg> bttester_bap: audio_send_timeout: Previous TX request rejected by the controller: requested seq 401, 
[00:00:51.515,716] <dbg> bttester_bap: audio_send_timeout: Previous TX request rejected by the controller: requested seq 401, 
[00:00:51.526,153] <dbg> bttester_bap: audio_send_timeout: Previous TX request rejected by the controller: requested seq 401, 
[00:00:51.536,590] <dbg> bttester_bap: audio_send_timeout: Previous TX request rejected by the controller: requested seq 401, 
[00:00:51.547,027] <dbg> bttester_bap: audio_send_timeout: Previous TX request rejected by the controller: requested seq 401, 
[00:00:51.557,464] <dbg> bttester_bap: audio_send_timeout: Previous TX request rejected by the controller: requested seq 401, 
[00:00:51.567,901] <dbg> bttester_bap: audio_send_timeout: Previous TX request rejected by the controller: requested seq 401, 
[00:00:51.578,369] <dbg> bttester_bap: audio_send_timeout: Previous TX request rejected by the controller: requested seq 401, 
[00:00:51.578,399] <dbg> bttester_bap: audio_send_timeout: Sending data to stream 0x200047a0 len 40 seq 421
[00:00:51.586,914] <dbg> bttester_bap: stream_sent: Stream 0x200047a0 sent
[00:00:51.719,451] <dbg> bttester_bap: audio_send_timeout: Sending data to stream 0x200047a0 len 40 seq 435
[00:00:51.726,928] <dbg> bttester_bap: stream_sent: Stream 0x200047a0 sent
[00:00:51.860,595] <dbg> bttester_bap: audio_send_timeout: Sending data to stream 0x200047a0 len 40 seq 449
[00:00:51.866,912] <dbg> bttester_bap: stream_sent: Stream 0x200047a0 sent
[00:00:52.031,860] <dbg> bttester_bap: audio_send_timeout: Sending data to stream 0x200047a0 len 15 seq 466
[00:00:52.036,926] <dbg> bttester_bap: stream_sent: Stream 0x200047a0 sent
[00:00:52.041,992] <dbg> bttester_bap: audio_send_timeout: Sending data to stream 0x200047a0 len 25 seq 467
[00:00:52.047,637] <dbg> bttester_bap: stream_sent: Stream 0x200047a0 sent
[00:00:52.213,256] <dbg> bttester_bap: audio_send_timeout: Sending data to stream 0x200047a0 len 40 seq 484
[00:00:52.216,918] <dbg> bttester_bap: stream_sent: Stream 0x200047a0 sent
[00:00:52.324,096] <dbg> bttester_bap: audio_send_timeout: Sending data to stream 0x200047a0 len 40 seq 495
[00:00:52.327,026] <dbg> bttester_bap: stream_sent: Stream 0x200047a0 sent
[00:00:52.495,391] <dbg> bttester_bap: audio_send_timeout: Sending data to stream 0x200047a0 len 40 seq 512
[00:00:52.497,619] <dbg> bttester_bap: stream_sent: Stream 0x200047a0 sent
[00:00:52.656,585] <dbg> bttester_bap: audio_send_timeout: Sending data to stream 0x200047a0 len 40 seq 528
[00:00:52.666,931] <dbg> bttester_bap: stream_sent: Stream 0x200047a0 sent
[00:00:52.797,637] <dbg> bttester_bap: audio_send_timeout: Sending data to stream 0x200047a0 len 40 seq 542
[00:00:52.806,915] <dbg> bttester_bap: stream_sent: Stream 0x200047a0 sent
[00:00:52.908,996] <dbg> bttester_bap: audio_send_timeout: Sending data to stream 0x200047a0 len 26 seq 553
[00:00:52.916,931] <dbg> bttester_bap: stream_sent: Stream 0x200047a0 sent
[00:00:52.919,128] <dbg> bttester_bap: audio_send_timeout: Sending data to stream 0x200047a0 len 14 seq 554
[00:00:52.926,940] <dbg> bttester_bap: stream_sent: Stream 0x200047a0 sent
[00:00:53.040,100] <dbg> bttester_bap: audio_send_timeout: Sending data to stream 0x200047a0 len 40 seq 566
[00:00:53.047,637] <dbg> bttester_bap: stream_sent: Stream 0x200047a0 sent
[00:00:53.171,081] <dbg> bttester_bap: audio_send_timeout: Sending data to stream 0x200047a0 len 40 seq 579
[00:00:53.176,940] <dbg> bttester_bap: stream_sent: Stream 0x200047a0 sent
[00:00:53.302,062] <dbg> bttester_bap: audio_send_timeout: Sending data to stream 0x200047a0 len 40 seq 592
[00:00:53.306,915] <dbg> bttester_bap: stream_sent: Stream 0x200047a0 sent
[00:00:53.523,681] <dbg> bttester_bap: audio_send_timeout: Sending data to stream 0x200047a0 len 40 seq 614
[00:00:53.526,916] <dbg> bttester_bap: stream_sent: Stream 0x200047a0 sent
[00:00:53.664,733] <dbg> bttester_bap: audio_send_timeout: Sending data to stream 0x200047a0 len 40 seq 628
[00:00:53.666,961] <dbg> bttester_bap: stream_sent: Stream 0x200047a0 sent
[00:00:53.795,745] <dbg> bttester_bap: audio_send_timeout: Sending data to stream 0x200047a0 len 37 seq 641
[00:00:53.797,637] <dbg> bttester_bap: stream_sent: Stream 0x200047a0 sent
[00:00:53.805,908] <dbg> bttester_bap: audio_send_timeout: Sending data to stream 0x200047a0 len 3 seq 642
[00:00:53.806,915] <dbg> bttester_bap: stream_sent: Stream 0x200047a0 sent
[00:00:53.936,889] <dbg> bttester_bap: audio_send_timeout: Sending data to stream 0x200047a0 len 40 seq 655
[00:00:53.947,631] <dbg> bttester_bap: stream_sent: Stream 0x200047a0 sent
[00:00:54.077,941] <dbg> bttester_bap: audio_send_timeout: Sending data to stream 0x200047a0 len 40 seq 669
[00:00:54.086,914] <dbg> bttester_bap: stream_sent: Stream 0x200047a0 sent
[00:00:54.178,710] <dbg> bttester_bap: audio_send_timeout: Sending data to stream 0x200047a0 len 40 seq 679
[00:00:54.186,920] <dbg> bttester_bap: stream_sent: Stream 0x200047a0 sent
[00:00:54.289,550] <dbg> bttester_bap: audio_send_timeout: Sending data to stream 0x200047a0 len 40 seq 690
[00:00:54.297,637] <dbg> bttester_bap: stream_sent: Stream 0x200047a0 sent
[00:00:54.400,421] <dbg> bttester_bap: audio_send_timeout: Sending data to stream 0x200047a0 len 40 seq 701
[00:00:54.406,921] <dbg> bttester_bap: stream_sent: Stream 0x200047a0 sent
[00:00:54.481,048] <dbg> bttester_bap: audio_send_timeout: Sending data to stream 0x200047a0 len 40 seq 709
[00:00:54.486,938] <dbg> bttester_bap: stream_sent: Stream 0x200047a0 sent
[00:00:54.652,313] <dbg> bttester_bap: audio_send_timeout: Sending data to stream 0x200047a0 len 8 seq 726
[00:00:54.656,921] <dbg> bttester_bap: stream_sent: Stream 0x200047a0 sent
[00:00:54.662,445] <dbg> bttester_bap: audio_send_timeout: Sending data to stream 0x200047a0 len 32 seq 727
[00:00:54.666,931] <dbg> bttester_bap: stream_sent: Stream 0x200047a0 sent
[00:00:54.763,214] <dbg> bttester_bap: audio_send_timeout: Sending data to stream 0x200047a0 len 40 seq 737
[00:00:54.766,937] <dbg> bttester_bap: stream_sent: Stream 0x200047a0 sent
[00:00:54.904,296] <dbg> bttester_bap: audio_send_timeout: Sending data to stream 0x200047a0 len 40 seq 751
[00:00:54.906,921] <dbg> bttester_bap: stream_sent: Stream 0x200047a0 sent
[00:00:55.065,490] <dbg> bttester_bap: audio_send_timeout: Sending data to stream 0x200047a0 len 40 seq 767
[00:00:55.066,925] <dbg> bttester_bap: stream_sent: Stream 0x200047a0 sent
[00:00:55.196,472] <dbg> bttester_bap: audio_send_timeout: Sending data to stream 0x200047a0 len 40 seq 780
[00:00:55.197,631] <dbg> bttester_bap: stream_sent: Stream 0x200047a0 sent
[00:00:55.277,099] <dbg> bttester_bap: audio_send_timeout: Sending data to stream 0x200047a0 len 40 seq 788
[00:00:55.286,926] <dbg> bttester_bap: stream_sent: Stream 0x200047a0 sent
[00:00:55.367,797] <dbg> bttester_bap: audio_send_timeout: Sending data to stream 0x200047a0 len 19 seq 797
[00:00:55.376,922] <dbg> bttester_bap: stream_sent: Stream 0x200047a0 sent
[00:00:55.377,960] <dbg> bttester_bap: audio_send_timeout: Sending data to stream 0x200047a0 len 21 seq 798
[00:00:55.386,932] <dbg> bttester_bap: stream_sent: Stream 0x200047a0 sent
[00:00:55.428,924] <dbg> bttester_bap: audio_send_timeout: Sending data to stream 0x200047a0 len 40 seq 803
[00:00:55.436,920] <dbg> bttester_bap: stream_sent: Stream 0x200047a0 sent
[00:00:55.439,605] <dbg> bttester_bap: audio_send_timeout: Previous TX request rejected by the controller: requested seq 803, 
[00:00:55.450,103] <dbg> bttester_bap: audio_send_timeout: Previous TX request rejected by the controller: requested seq 803, 
[00:00:55.460,571] <dbg> bttester_bap: audio_send_timeout: Previous TX request rejected by the controller: requested seq 803, 
[00:00:55.471,008] <dbg> bttester_bap: audio_send_timeout: Previous TX request rejected by the controller: requested seq 803, 
[00:00:55.481,475] <dbg> bttester_bap: audio_send_timeout: Previous TX request rejected by the controller: requested seq 803, 
[00:00:55.491,943] <dbg> bttester_bap: audio_send_timeout: Previous TX request rejected by the controller: requested seq 803, 
[00:00:55.502,380] <dbg> bttester_bap: audio_send_timeout: Previous TX request rejected by the controller: requested seq 803, 
[00:00:55.512,817] <dbg> bttester_bap: audio_send_timeout: Previous TX request rejected by the controller: requested seq 803, 
[00:00:55.523,254] <dbg> bttester_bap: audio_send_timeout: Previous TX request rejected by the controller: requested seq 803, 
[00:00:55.533,691] <dbg> bttester_bap: audio_send_timeout: Previous TX request rejected by the controller: requested seq 803, 
[00:00:55.544,128] <dbg> bttester_bap: audio_send_timeout: Previous TX request rejected by the controller: requested seq 803, 
[00:00:55.554,565] <dbg> bttester_bap: audio_send_timeout: Previous TX request rejected by the controller: requested seq 803, 
[00:00:55.565,002] <dbg> bttester_bap: audio_send_timeout: Previous TX request rejected by the controller: requested seq 803, 
[00:00:55.575,439] <dbg> bttester_bap: audio_send_timeout: Previous TX request rejected by the controller: requested seq 803, 
[00:00:55.585,906] <dbg> bttester_bap: audio_send_timeout: Previous TX request rejected by the controller: requested seq 803, 
[00:00:55.596,374] <dbg> bttester_bap: audio_send_timeout: Previous TX request rejected by the controller: requested seq 803, 
[00:00:55.606,964] <dbg> bttester_bap: audio_send_timeout: Previous TX request rejected by the controller: requested seq 803, 
[00:00:55.606,994] <dbg> bttester_bap: audio_send_timeout: Sending data to stream 0x200047a0 len 40 seq 821
[00:00:55.616,912] <dbg> bttester_bap: stream_sent: Stream 0x200047a0 sent
[00:00:55.707,763] <dbg> bttester_bap: audio_send_timeout: Sending data to stream 0x200047a0 len 40 seq 831
[00:00:55.716,918] <dbg> bttester_bap: stream_sent: Stream 0x200047a0 sent
[00:00:55.798,461] <dbg> bttester_bap: audio_send_timeout: Sending data to stream 0x200047a0 len 40 seq 840
[00:00:55.806,915] <dbg> bttester_bap: stream_sent: Stream 0x200047a0 sent
[00:00:55.929,443] <dbg> bttester_bap: audio_send_timeout: Sending data to stream 0x200047a0 len 40 seq 853
[00:00:55.936,920] <dbg> bttester_bap: stream_sent: Stream 0x200047a0 sent
[00:00:56.090,667] <dbg> bttester_bap: audio_send_timeout: Sending data to stream 0x200047a0 len 30 seq 869
[00:00:56.097,625] <dbg> bttester_bap: stream_sent: Stream 0x200047a0 sent
[00:00:56.100,799] <dbg> bttester_bap: audio_send_timeout: Sending data to stream 0x200047a0 len 10 seq 870
[00:00:56.106,933] <dbg> bttester_bap: stream_sent: Stream 0x200047a0 sent
[00:00:56.181,427] <dbg> bttester_bap: audio_send_timeout: Sending data to stream 0x200047a0 len 40 seq 878
[00:00:56.186,920] <dbg> bttester_bap: stream_sent: Stream 0x200047a0 sent
[00:00:56.292,266] <dbg> bttester_bap: audio_send_timeout: Sending data to stream 0x200047a0 len 40 seq 889
[00:00:56.297,637] <dbg> bttester_bap: stream_sent: Stream 0x200047a0 sent
[00:00:56.393,035] <dbg> bttester_bap: audio_send_timeout: Sending data to stream 0x200047a0 len 40 seq 899
[00:00:56.397,644] <dbg> bttester_bap: stream_sent: Stream 0x200047a0 sent
[00:00:56.564,331] <dbg> bttester_bap: audio_send_timeout: Sending data to stream 0x200047a0 len 40 seq 916
[00:00:56.566,925] <dbg> bttester_bap: stream_sent: Stream 0x200047a0 sent
[00:00:56.725,524] <dbg> bttester_bap: audio_send_timeout: Sending data to stream 0x200047a0 len 40 seq 932
[00:00:56.726,928] <dbg> bttester_bap: stream_sent: Stream 0x200047a0 sent
[00:00:56.856,506] <dbg> bttester_bap: audio_send_timeout: Sending data to stream 0x200047a0 len 40 seq 945
[00:00:56.866,912] <dbg> bttester_bap: stream_sent: Stream 0x200047a0 sent
[00:00:56.987,487] <dbg> bttester_bap: audio_send_timeout: Sending data to stream 0x200047a0 len 1 seq 958
[00:00:56.997,650] <dbg> bttester_bap: audio_send_timeout: Sending data to stream 0x200047a0 len 39 seq 959
[00:00:56.997,833] <dbg> bttester_bap: stream_sent: Stream 0x200047a0 sent
[00:00:57.006,927] <dbg> bttester_bap: stream_sent: Stream 0x200047a0 sent
[00:00:57.058,532] <dbg> bttester_bap: audio_send_timeout: Sending data to stream 0x200047a0 len 40 seq 965
[00:00:57.066,925] <dbg> bttester_bap: stream_sent: Stream 0x200047a0 sent
[00:00:57.169,555] <dbg> bttester_bap: audio_send_timeout: Sending data to stream 0x200047a0 len 40 seq 976
[00:00:57.176,940] <dbg> bttester_bap: stream_sent: Stream 0x200047a0 sent
[00:00:57.300,567] <dbg> bttester_bap: audio_send_timeout: Sending data to stream 0x200047a0 len 40 seq 989
[00:00:57.306,915] <dbg> bttester_bap: stream_sent: Stream 0x200047a0 sent
[00:00:57.461,761] <dbg> bttester_bap: audio_send_timeout: Sending data to stream 0x200047a0 len 40 seq 1005
[00:00:57.466,918] <dbg> bttester_bap: stream_sent: Stream 0x200047a0 sent
[00:00:57.542,388] <dbg> bttester_bap: audio_send_timeout: Sending data to stream 0x200047a0 len 40 seq 1013
[00:00:57.547,637] <dbg> bttester_bap: stream_sent: Stream 0x200047a0 sent
[00:00:57.673,400] <dbg> bttester_bap: audio_send_timeout: Sending data to stream 0x200047a0 len 12 seq 1026
[00:00:57.676,940] <dbg> bttester_bap: stream_sent: Stream 0x200047a0 sent
[00:00:57.683,532] <dbg> bttester_bap: audio_send_timeout: Sending data to stream 0x200047a0 len 28 seq 1027
[00:00:57.686,920] <dbg> bttester_bap: stream_sent: Stream 0x200047a0 sent
[00:00:57.784,301] <dbg> bttester_bap: audio_send_timeout: Sending data to stream 0x200047a0 len 40 seq 1037
[00:00:57.786,926] <dbg> bttester_bap: stream_sent: Stream 0x200047a0 sent
[00:00:57.855,560] <dbg> bttester_bap: audio_send_timeout: Sending data to stream 0x200047a0 len 40 seq 1044
[00:00:57.856,933] <dbg> bttester_bap: stream_sent: Stream 0x200047a0 sent
[00:00:58.036,926] <dbg> bttester_bap: audio_send_timeout: Sending data to stream 0x200047a0 len 40 seq 1062
[00:00:58.047,637] <dbg> bttester_bap: stream_sent: Stream 0x200047a0 sent
[00:00:58.147,796] <dbg> bttester_bap: audio_send_timeout: Sending data to stream 0x200047a0 len 40 seq 1073
[00:00:58.156,921] <dbg> bttester_bap: stream_sent: Stream 0x200047a0 sent
[00:00:58.288,848] <dbg> bttester_bap: audio_send_timeout: Sending data to stream 0x200047a0 len 40 seq 1087
[00:00:58.297,637] <dbg> bttester_bap: stream_sent: Stream 0x200047a0 sent
[00:00:58.430,053] <dbg> bttester_bap: audio_send_timeout: Sending data to stream 0x200047a0 len 23 seq 1101
[00:00:58.436,920] <dbg> bttester_bap: stream_sent: Stream 0x200047a0 sent
[00:00:58.440,185] <dbg> bttester_bap: audio_send_timeout: Sending data to stream 0x200047a0 len 17 seq 1102
[00:00:58.447,631] <dbg> bttester_bap: stream_sent: Stream 0x200047a0 sent
[00:00:58.551,025] <dbg> bttester_bap: audio_send_timeout: Sending data to stream 0x200047a0 len 40 seq 1113
[00:00:58.556,915] <dbg> bttester_bap: stream_sent: Stream 0x200047a0 sent
[00:00:58.641,754] <dbg> bttester_bap: audio_send_timeout: Sending data to stream 0x200047a0 len 40 seq 1122
[00:00:58.647,644] <dbg> bttester_bap: stream_sent: Stream 0x200047a0 sent
[00:00:58.772,735] <dbg> bttester_bap: audio_send_timeout: Sending data to stream 0x200047a0 len 40 seq 1135
[00:00:58.776,916] <dbg> bttester_bap: stream_sent: Stream 0x200047a0 sent
[00:00:58.863,433] <dbg> bttester_bap: audio_send_timeout: Sending data to stream 0x200047a0 len 40 seq 1144
[00:00:58.866,912] <dbg> bttester_bap: stream_sent: Stream 0x200047a0 sent
[00:00:59.024,627] <dbg> bttester_bap: audio_send_timeout: Sending data to stream 0x200047a0 len 40 seq 1160
[00:00:59.026,916] <dbg> bttester_bap: stream_sent: Stream 0x200047a0 sent
[00:00:59.125,396] <dbg> bttester_bap: audio_send_timeout: Sending data to stream 0x200047a0 len 34 seq 1170
[00:00:59.126,922] <dbg> bttester_bap: stream_sent: Stream 0x200047a0 sent
[00:00:59.135,559] <dbg> bttester_bap: audio_send_timeout: Sending data to stream 0x200047a0 len 6 seq 1171
[00:00:59.136,932] <dbg> bttester_bap: stream_sent: Stream 0x200047a0 sent
[00:00:59.246,429] <dbg> bttester_bap: audio_send_timeout: Sending data to stream 0x200047a0 len 40 seq 1182
[00:00:59.247,619] <dbg> bttester_bap: stream_sent: Stream 0x200047a0 sent
[00:00:59.407,623] <dbg> bttester_bap: audio_send_timeout: Sending data to stream 0x200047a0 len 40 seq 1198
[00:00:59.416,931] <dbg> bttester_bap: stream_sent: Stream 0x200047a0 sent
[00:00:59.558,746] <dbg> bttester_bap: audio_send_timeout: Sending data to stream 0x200047a0 len 40 seq 1213
[00:00:59.566,925] <dbg> bttester_bap: stream_sent: Stream 0x200047a0 sent
[00:00:59.730,010] <dbg> bttester_bap: audio_send_timeout: Sending data to stream 0x200047a0 len 40 seq 1230
[00:00:59.736,938] <dbg> bttester_bap: stream_sent: Stream 0x200047a0 sent
[00:00:59.901,275] <dbg> bttester_bap: audio_send_timeout: Sending data to stream 0x200047a0 len 40 seq 1247
[00:00:59.906,921] <dbg> bttester_bap: stream_sent: Stream 0x200047a0 sent
[00:01:00.012,573] <dbg> bttester_bap: audio_send_timeout: Sending data to stream 0x200047a0 len 40 seq 1258
[00:01:00.016,937] <dbg> bttester_bap: stream_sent: Stream 0x200047a0 sent
[00:01:00.133,483] <dbg> bttester_bap: audio_send_timeout: Sending data to stream 0x200047a0 len 5 seq 1270
[00:01:00.136,932] <dbg> bttester_bap: stream_sent: Stream 0x200047a0 sent
[00:01:00.143,615] <dbg> bttester_bap: audio_send_timeout: Sending data to stream 0x200047a0 len 35 seq 1271
[00:01:00.147,644] <dbg> bttester_bap: stream_sent: Stream 0x200047a0 sent
[00:01:00.284,667] <dbg> bttester_bap: audio_send_timeout: Sending data to stream 0x200047a0 len 40 seq 1285
[00:01:00.286,926] <dbg> bttester_bap: stream_sent: Stream 0x200047a0 sent
[00:01:00.466,003] <dbg> bttester_bap: audio_send_timeout: Sending data to stream 0x200047a0 len 40 seq 1303
[00:01:00.466,918] <dbg> bttester_bap: stream_sent: Stream 0x200047a0 sent
[00:01:00.587,097] <dbg> bttester_bap: audio_send_timeout: Sending data to stream 0x200047a0 len 40 seq 1315
[00:01:00.597,625] <dbg> bttester_bap: stream_sent: Stream 0x200047a0 sent
[00:01:00.718,078] <dbg> bttester_bap: audio_send_timeout: Sending data to stream 0x200047a0 len 40 seq 1328
[00:01:00.726,928] <dbg> bttester_bap: stream_sent: Stream 0x200047a0 sent
[00:01:01.847,717] <dbg> bttester_bap: stream_stopped: Stopped stream 0x200047a0 with reason 0x13
[00:01:01.947,753] <dbg> bttester_bap: stream_released: Released stream 0x200047a0
[00:01:01.947,753] <dbg> bttester_bap: stream_released: Deleting unicast group
[00:01:01.947,784] <dbg> bttester_bap: stream_released: Unable to delete unicast group: -22
[00:01:02.047,729] <dbg> bttester_bap: stream_stopped: Stopped stream 0x20004848 with reason 0x13
[00:01:02.147,735] <dbg> bttester_bap: stream_released: Released stream 0x20004848
[00:01:02.147,735] <dbg> bttester_bap: stream_released: Deleting unicast group
[00:01:02.147,766] <dbg> bttester_bap: stream_released: Unable to delete unicast group: -22
[00:01:03.597,991] <wrn> bt_att: Not connected
[00:01:03.598,022] <wrn> bt_att: Not connected
[00:01:03.598,236] <dbg> bttester_bap: disconnected: Disconnected: C0:07:E8:79:0D:90 (public) (reason 0x13)
