< 2024/06/29 17:50:01.628165  length=6 from=0 to=5
 00 03 ff 01 00 01                                ......
--
> 2024/06/29 17:50:01.637429  length=5 from=0 to=4
 00 03 ff 00 00                                   .....
--
< 2024/06/29 17:50:01.648881  length=6 from=6 to=11
 00 03 ff 01 00 02                                ......
--
> 2024/06/29 17:50:01.650412  length=5 from=5 to=9
 00 03 ff 00 00                                   .....
--
< 2024/06/29 17:50:01.692774  length=6 from=12 to=17
 00 03 ff 01 00 04                                ......
--
> 2024/06/29 17:50:01.694347  length=5 from=10 to=14
 00 03 ff 00 00                                   .....
--
< 2024/06/29 17:50:01.726298  length=6 from=18 to=23
 04 04 00 01 00 00                                ......
--
> 2024/06/29 17:50:01.999391  length=2 from=15 to=16
 04 04                                            ..
--
> 2024/06/29 17:50:02.000385  length=3 from=17 to=19
 00 00 00                                         ...
--
< 2024/06/29 17:50:02.041211  length=5 from=24 to=28
 01 03 00 00 00                                   .....
--
> 2024/06/29 17:50:02.179427  length=8 from=20 to=27
 01 03 00 15 01 70 1f c4                          .....p..
--
> 2024/06/29 17:50:02.180396  length=12 from=28 to=39
 76 e7 dc 13 06 02 00 13 82 00 00 00              v...........
--
> 2024/06/29 17:50:02.181375  length=11 from=40 to=50
 00 00 62 74 70 5f 74 65 73 74 65                 ..btp_teste
--
> 2024/06/29 17:50:02.182397  length=12 from=51 to=62
 72 00 00 00 00 00 00 00 00 00 00 00              r...........
--
> 2024/06/29 17:50:02.183376  length=12 from=63 to=74
 00 00 00 00 00 00 00 00 00 00 00 00              ............
--
> 2024/06/29 17:50:02.184331  length=11 from=75 to=85
 00 00 00 00 00 00 00 00 00 00 00                 ...........
--
> 2024/06/29 17:50:02.185411  length=12 from=86 to=97
 00 00 00 00 00 00 00 00 00 00 00 00              ............
--
> 2024/06/29 17:50:02.186483  length=12 from=98 to=109
 00 00 00 00 00 00 00 00 00 00 00 00              ............
--
> 2024/06/29 17:50:02.187390  length=11 from=110 to=120
 00 00 00 00 00 00 00 00 00 00 00                 ...........
--
> 2024/06/29 17:50:02.188395  length=12 from=121 to=132
 00 00 00 00 00 00 00 00 00 00 00 00              ............
--
> 2024/06/29 17:50:02.189392  length=12 from=133 to=144
 00 00 00 00 00 00 00 00 00 00 00 00              ............
--
> 2024/06/29 17:50:02.190389  length=11 from=145 to=155
 00 00 00 00 00 00 00 00 00 00 00                 ...........
--
> 2024/06/29 17:50:02.191385  length=12 from=156 to=167
 00 00 00 00 00 00 00 00 00 00 00 00              ............
--
> 2024/06/29 17:50:02.192397  length=11 from=168 to=178
 00 00 00 00 00 00 00 00 00 00 00                 ...........
--
> 2024/06/29 17:50:02.192489  length=1 from=179 to=179
 00                                               .
--
> 2024/06/29 17:50:02.192576  length=2 from=180 to=181
 00 00                                            ..
--
> 2024/06/29 17:50:02.193417  length=9 from=182 to=190
 00 00 00 00 00 00 00 00 00                       .........
--
> 2024/06/29 17:50:02.194409  length=12 from=191 to=202
 00 00 00 00 00 00 00 00 00 00 00 00              ............
--
> 2024/06/29 17:50:02.195418  length=12 from=203 to=214
 00 00 00 00 00 00 00 00 00 00 00 00              ............
--
> 2024/06/29 17:50:02.196419  length=11 from=215 to=225
 00 00 00 00 00 00 00 00 00 00 00                 ...........
--
> 2024/06/29 17:50:02.197410  length=12 from=226 to=237
 00 00 00 00 00 00 00 00 00 00 00 00              ............
--
> 2024/06/29 17:50:02.198387  length=12 from=238 to=249
 00 00 00 00 00 00 00 00 00 00 00 00              ............
--
> 2024/06/29 17:50:02.199418  length=11 from=250 to=260
 00 00 00 00 00 00 00 00 00 00 00                 ...........
--
> 2024/06/29 17:50:02.200391  length=11 from=261 to=271
 00 00 00 00 00 00 00 00 00 00 00                 ...........
--
> 2024/06/29 17:50:02.200519  length=2 from=272 to=273
 00 00                                            ..
--
> 2024/06/29 17:50:02.200608  length=1 from=274 to=274
 00                                               .
--
> 2024/06/29 17:50:02.201415  length=10 from=275 to=284
 00 00 00 00 00 00 00 00 00 00                    ..........
--
> 2024/06/29 17:50:02.202460  length=11 from=285 to=295
 00 00 00 00 00 00 00 00 00 00 00                 ...........
--
> 2024/06/29 17:50:02.202557  length=2 from=296 to=297
 00 00                                            ..
--
> 2024/06/29 17:50:02.203399  length=4 from=298 to=301
 00 00 00 00                                      ....
--
< 2024/06/29 17:50:09.276900  length=61 from=29 to=89
 04 02 00 38 00 eb 53 7e d4 29 79 4b 7c b7 c6 04  ...8..S~.)yK|...
 de d0 cc 0d d9 00 01 02 03 04 05 06 07 08 09 0a  ................
 0b 0c 0d 0e 0f 00 00 00 00 00 00 00 00 00 00 00  ................
 00 00 00 00 00 10 00 00 00 00 00 00 00           .............
--
> 2024/06/29 17:50:09.283498  length=1 from=302 to=302
 04                                               .
--
> 2024/06/29 17:50:09.283576  length=1 from=303 to=303
 02                                               .
--
> 2024/06/29 17:50:09.284484  length=3 from=304 to=306
 00 00 00                                         ...
--
< 2024/06/29 17:50:09.320026  length=5 from=90 to=94
 04 78 00 00 00                                   .x...
--
> 2024/06/29 17:50:09.323456  length=5 from=307 to=311
 04 78 00 00 00                                   .x...
--
> 2024/06/29 17:50:09.356505  length=3 from=312 to=314
 04 84 00                                         ...
--
> 2024/06/29 17:50:09.357466  length=3 from=315 to=317
 01 00 00                                         ...
--
< 2024/06/29 17:50:09.360192  length=6 from=95 to=100
 04 08 00 01 00 01                                ......
--
> 2024/06/29 17:50:09.361507  length=5 from=318 to=322
 04 08 00 00 00                                   .....
--
> 2024/06/29 17:50:11.356532  length=5 from=323 to=327
 04 83 00 00 00                                   .....
--
> 2024/06/29 17:50:12.916535  length=6 from=328 to=333
 04 85 00 01 00 00                                ......
--
> 2024/06/29 17:50:13.744557  length=9 from=334 to=342
 04 86 00 16 00 03 00 01 00                       .........
--
> 2024/06/29 17:50:13.745620  length=11 from=343 to=353
 02 00 0f 80 80 00 00 ab b8 48 25                 .........H%
--
> 2024/06/29 17:50:13.746585  length=7 from=354 to=360
 8e 53 b6 e7 00 c4 e9                             .S.....
--
> 2024/06/29 17:50:13.747541  length=3 from=361 to=363
 04 8f 00                                         ...
--
> 2024/06/29 17:50:13.747621  length=8 from=364 to=371
 08 00 01 00 02 00 03 80                          ........
--
> 2024/06/29 17:50:13.748558  length=2 from=372 to=373
 08 7f                                            ..
--
> 2024/06/29 17:50:13.852556  length=6 from=374 to=379
 04 86 00 16 00 03                                ......
--
> 2024/06/29 17:50:13.853618  length=11 from=380 to=390
 00 01 00 02 00 0f 80 80 04 00 7e                 ..........~
--
> 2024/06/29 17:50:13.854621  length=10 from=391 to=400
 db 38 dc 10 fd 79 69 bf d0 55                    .8...yi..U
--
> 2024/06/29 17:50:13.855630  length=11 from=401 to=411
 04 8f 00 08 00 01 00 02 00 03 80                 ...........
--
> 2024/06/29 17:50:13.856534  length=2 from=412 to=413
 08 01                                            ..
--
> 2024/06/29 17:50:14.130554  length=8 from=414 to=421
 04 86 00 0e 00 07 01 01                          ........
--
> 2024/06/29 17:50:14.131544  length=11 from=422 to=432
 00 02 00 07 00 00 0c 00 00 00 0f                 ...........
--
> 2024/06/29 17:50:14.264631  length=13 from=433 to=445
 04 86 00 16 00 03 00 01 00 02 00 0f 80           .............
--
> 2024/06/29 17:50:14.265629  length=11 from=446 to=456
 80 0c 00 a1 07 eb 07 8c 59 20 bb                 ........Y .
--
> 2024/06/29 17:50:14.266632  length=6 from=457 to=462
 fd cc df 04 8f 00                                ......
--
> 2024/06/29 17:50:14.267538  length=10 from=463 to=472
 08 00 01 00 02 00 03 80 08 00                    ..........
--
> 2024/06/29 17:50:14.660645  length=11 from=473 to=483
 04 86 00 0e 00 07 01 01 00 02 00                 ...........
--
> 2024/06/29 17:50:14.661551  length=8 from=484 to=491
 07 00 00 20 00 00 00 3f                          ... ...?
--
> 2024/06/29 17:50:15.800663  length=11 from=492 to=502
 04 86 00 16 00 03 00 01 00 02 00                 ...........
--
> 2024/06/29 17:50:15.800770  length=2 from=503 to=504
 0f 80                                            ..
--
> 2024/06/29 17:50:15.801593  length=8 from=505 to=512
 80 14 00 00 e6 e0 8c 3f                          .......?
--
> 2024/06/29 17:50:15.801677  length=2 from=513 to=514
 7f cc                                            ..
--
> 2024/06/29 17:50:15.802593  length=5 from=515 to=519
 5a 96 61 75 04                                   Z.au.
--
> 2024/06/29 17:50:15.803562  length=11 from=520 to=530
 8f 00 08 00 01 00 02 00 03 80 61                 ..........a
--
> 2024/06/29 17:50:15.804563  length=1 from=531 to=531
 01                                               .
--
> 2024/06/29 17:50:15.923636  length=3 from=532 to=534
 04 86 00                                         ...
--
> 2024/06/29 17:50:15.924631  length=12 from=535 to=546
 12 00 00 01 33 00 fd ff 0b 03 24 a0              ....3.....$.
--
> 2024/06/29 17:50:15.925575  length=8 from=547 to=554
 00 03 84 00 00 01 00 01                          ........
--
> 2024/06/29 17:50:16.390591  length=10 from=555 to=564
 04 86 00 09 00 00 01 33 00 02                    .......3..
--
> 2024/06/29 17:50:16.390693  length=1 from=565 to=565
 00                                               .
--
> 2024/06/29 17:50:16.391532  length=10 from=566 to=575
 02 01 00 04 89 00 09 00 00 00                    ..........
--
> 2024/06/29 17:50:16.391635  length=1 from=576 to=576
 33                                               3
--
> 2024/06/29 17:50:16.392560  length=6 from=577 to=582
 00 a0 90 5f 01 00                                ..._..
--
> 2024/06/29 17:50:16.820619  length=12 from=583 to=594
 04 86 00 09 00 00 01 33 00 02 00 02              .......3....
--
> 2024/06/29 17:50:16.821653  length=2 from=595 to=596
 01 01                                            ..
--
> 2024/06/29 17:50:18.238564  length=11 from=597 to=607
 04 86 00 09 00 00 01 33 00 02 00                 .......3...
--
> 2024/06/29 17:50:18.239566  length=3 from=608 to=610
 02 01 00                                         ...
--
> 2024/06/29 17:50:23.106651  length=11 from=611 to=621
 04 86 00 09 00 00 01 33 00 02 00                 .......3...
--
> 2024/06/29 17:50:23.106756  length=3 from=622 to=624
 02 01 01                                         ...
--
> 2024/06/29 17:50:27.889798  length=9 from=625 to=633
 04 86 00 09 00 00 01 33 00                       .......3.
--
> 2024/06/29 17:50:27.890769  length=5 from=634 to=638
 02 00 02 01 00                                   .....
--
> 2024/06/29 17:50:36.563789  length=5 from=639 to=643
 00 80 ff 00 00                                   .....
--
