*** Booting Zephyr OS build v4.0.0-5465-gd39d420c5482 ***
WARNING: Using a potentially insecure PSA ITS encryption key provider.
[00:00:00.250,976] <wrn> secure_storage: Using a potentially insecure PSA ITS encryption key provider.
[00:00:00.254,821] <inf> fs_nvs: 8 Sectors of 4096 bytes
[00:00:00.254,852] <inf> fs_nvs: alloc wra: 6, 8c8
[00:00:00.254,852] <inf> fs_nvs: data wra: 6, 6c0
[00:00:00.254,913] <dbg> bttester: tester_init: Initializing tester
[00:00:05.927,581] <dbg> bttester: cmd_handler: cmd service 0x00 opcode 0x03 index 0xff
[00:00:05.933,380] <inf> bt_hci_core: HW Platform: Nordic Semiconductor (0x0002)
[00:00:05.933,410] <inf> bt_hci_core: HW Variant: nRF52x (0x0002)
[00:00:05.933,441] <inf> bt_hci_core: Firmware: Standard Bluetooth controller (0x00) Version 4.0 Build 99
[00:00:05.933,868] <inf> bt_hci_core: No ID address. App must call settings_load()
[00:00:05.933,868] <dbg> bttester: tester_rsp_with_index: service 0x00 opcode 0x03 index 0xff status 0x00
[00:00:05.950,378] <dbg> bttester: cmd_handler: cmd service 0x00 opcode 0x03 index 0xff
[00:00:05.950,408] <dbg> bttester: tester_rsp_with_index: service 0x00 opcode 0x03 index 0xff status 0x00
[00:00:05.987,487] <dbg> bttester: cmd_handler: cmd service 0x04 opcode 0x04 index 0x00
[00:00:05.987,518] <wrn> bttester_mesh: Loading default comp data
[00:00:05.987,762] <wrn> bt_mesh_access: Unused space in relation list: 3
[00:00:06.416,412] <dbg> bttester: tester_rsp_with_index: service 0x04 opcode 0x04 index 0x00 status 0x00
[00:00:06.464,233] <dbg> bttester: cmd_handler: cmd service 0x00 opcode 0x03 index 0xff
[00:00:06.464,233] <dbg> bttester: tester_rsp_with_index: service 0x00 opcode 0x03 index 0xff status 0x00
[00:00:06.545,257] <dbg> bttester: cmd_handler: cmd service 0x01 opcode 0x03 index 0x00
[00:00:13.618,286] <dbg> bttester: cmd_handler: cmd service 0x04 opcode 0x02 index 0x00
[00:00:13.618,316] <dbg> bttester_mesh: config_prov: 
[00:00:13.618,347] <dbg> bttester: tester_rsp_with_index: service 0x04 opcode 0x02 index 0x00 status 0x00
[00:00:13.650,177] <dbg> bttester: cmd_handler: cmd service 0x04 opcode 0x78 index 0x00
[00:00:13.650,207] <dbg> bttester_mesh: start: 
Loading stored settings
[00:00:13.846,374] <inf> bt_hci_core: Identity: DC:E7:76:C4:1F:70 (random)
[00:00:13.846,405] <inf> bt_hci_core: HCI: version 5.4 (0x0d) revision 0x0000, manufacturer 0x05f1
[00:00:13.846,435] <inf> bt_hci_core: LMP: version 5.4 (0x0d) subver 0xffff
[00:00:13.861,358] <dbg> bttester_mesh: prov_complete: net_idx 0x0000 addr 0x0002
[00:00:13.861,389] <dbg> bttester: tester_event: service 0x04 opcode 0x83
[00:00:13.861,846] <wrn> bt_mesh_blob_srv: Abandoning transfer.
[00:00:13.869,506] <dbg> bttester: tester_rsp_with_index: service 0x04 opcode 0x78 index 0x00 status 0x00
[00:00:13.964,935] <dbg> bttester: cmd_handler: cmd service 0x04 opcode 0x05 index 0x00
[00:00:13.964,935] <dbg> bttester_mesh: reset: 
[00:00:14.885,620] <dbg> bttester_mesh: prov_reset: 
[00:00:14.885,742] <inf> bt_mesh_provisionee: Device UUID: 09f1734f-786f-4d2f-b2f9-1bc5f60f0784
[00:00:14.895,446] <inf> bt_mesh_provisionee: Device UUID: 09f1734f-786f-4d2f-b2f9-1bc5f60f0784
[00:00:14.895,477] <dbg> bttester: tester_rsp_with_index: service 0x04 opcode 0x05 index 0x00 status 0x00
[00:00:15.007,019] <dbg> bttester_mesh: link_open: bearer 0x01
[00:00:15.007,019] <dbg> bttester: tester_event: service 0x04 opcode 0x84
[00:00:16.989,685] <inf> bt_mesh_main: Primary Element: 0x0002
[00:00:17.314,514] <dbg> bttester_mesh: prov_complete: net_idx 0x0000 addr 0x0002
[00:00:17.314,544] <dbg> bttester: tester_event: service 0x04 opcode 0x83
[00:00:19.009,307] <dbg> bttester_mesh: link_close: bearer 0x01
[00:00:19.009,338] <dbg> bttester: tester_event: service 0x04 opcode 0x85
[00:00:19.745,971] <dbg> bttester_mesh: net_recv_ev: ttl 0x03 ctl 0x00 src 0x0001 dst 0x0002 payload_len 15
[00:00:19.745,971] <dbg> bttester: tester_event: service 0x04 opcode 0x86
[00:00:19.749,389] <dbg> bttester_mesh: model_recv_ev: src 0x0001 dst 0x0002 payload_len 3
[00:00:19.749,420] <dbg> bttester: tester_event: service 0x04 opcode 0x8f
[00:00:19.921,905] <dbg> bttester_mesh: net_recv_ev: ttl 0x03 ctl 0x00 src 0x0001 dst 0x0002 payload_len 15
[00:00:19.921,936] <dbg> bttester: tester_event: service 0x04 opcode 0x86
[00:00:19.925,292] <dbg> bttester_mesh: model_recv_ev: src 0x0001 dst 0x0002 payload_len 3
[00:00:19.925,323] <dbg> bttester: tester_event: service 0x04 opcode 0x8f
[00:00:20.217,132] <dbg> bttester_mesh: net_recv_ev: ttl 0x07 ctl 0x01 src 0x0001 dst 0x0002 payload_len 7
[00:00:20.217,163] <dbg> bttester: tester_event: service 0x04 opcode 0x86
[00:00:20.402,008] <dbg> bttester_mesh: net_recv_ev: ttl 0x03 ctl 0x00 src 0x0001 dst 0x0002 payload_len 15
[00:00:20.402,038] <dbg> bttester: tester_event: service 0x04 opcode 0x86
[00:00:20.405,395] <dbg> bttester_mesh: model_recv_ev: src 0x0001 dst 0x0002 payload_len 3
[00:00:20.405,395] <dbg> bttester: tester_event: service 0x04 opcode 0x8f
[00:00:20.883,026] <dbg> bttester_mesh: net_recv_ev: ttl 0x07 ctl 0x01 src 0x0001 dst 0x0002 payload_len 7
[00:00:20.883,056] <dbg> bttester: tester_event: service 0x04 opcode 0x86
[00:00:21.033,233] <dbg> bttester_mesh: net_recv_ev: ttl 0x03 ctl 0x00 src 0x0001 dst 0x0002 payload_len 16
[00:00:21.033,233] <dbg> bttester: tester_event: service 0x04 opcode 0x86
[00:00:21.107,666] <dbg> bttester_mesh: net_recv_ev: ttl 0x03 ctl 0x00 src 0x0001 dst 0x0002 payload_len 16
[00:00:21.107,696] <dbg> bttester: tester_event: service 0x04 opcode 0x86
[00:00:21.111,297] <dbg> bttester_mesh: model_recv_ev: src 0x0001 dst 0x0002 payload_len 20
[00:00:21.111,297] <dbg> bttester: tester_event: service 0x04 opcode 0x8f
[00:00:21.299,041] <dbg> bttester_mesh: net_recv_ev: ttl 0x03 ctl 0x00 src 0x0001 dst 0x0002 payload_len 16
[00:00:21.299,041] <dbg> bttester: tester_event: service 0x04 opcode 0x86
[00:00:21.302,581] <dbg> bttester_mesh: model_recv_ev: src 0x0001 dst 0x0002 payload_len 8
[00:00:21.302,612] <dbg> bttester: tester_event: service 0x04 opcode 0x8f
[00:00:21.304,138] <dbg> bttester_mesh: model_bound_cb: remote addr 0x0001 key_idx 0x0000 model 0x77e64
[00:00:21.543,243] <dbg> bttester_mesh: net_recv_ev: ttl 0x03 ctl 0x00 src 0x0001 dst 0x0002 payload_len 16
[00:00:21.543,273] <dbg> bttester: tester_event: service 0x04 opcode 0x86
[00:00:21.546,722] <dbg> bttester_mesh: model_recv_ev: src 0x0001 dst 0x0002 payload_len 8
[00:00:21.546,752] <dbg> bttester: tester_event: service 0x04 opcode 0x8f
[00:00:21.548,278] <dbg> bttester_mesh: model_bound_cb: remote addr 0x0001 key_idx 0x0000 model 0x77e90
[00:00:22.605,621] <dbg> bttester_mesh: net_recv_ev: ttl 0x03 ctl 0x00 src 0x0001 dst 0x0002 payload_len 16
[00:00:22.605,682] <dbg> bttester: tester_event: service 0x04 opcode 0x86
[00:00:22.609,130] <dbg> bttester_mesh: model_recv_ev: src 0x0001 dst 0x0002 payload_len 8
[00:00:22.609,130] <dbg> bttester: tester_event: service 0x04 opcode 0x8f
[00:00:22.610,687] <dbg> bttester_mesh: model_bound_cb: remote addr 0x0001 key_idx 0x0000 model 0x78074
[00:00:22.781,127] <dbg> bttester_mesh: net_recv_ev: ttl 0x03 ctl 0x00 src 0x0001 dst 0x0002 payload_len 16
[00:00:22.781,127] <dbg> bttester: tester_event: service 0x04 opcode 0x86
[00:00:22.784,576] <dbg> bttester_mesh: model_recv_ev: src 0x0001 dst 0x0002 payload_len 8
[00:00:22.784,606] <dbg> bttester: tester_event: service 0x04 opcode 0x8f
[00:00:22.786,132] <dbg> bttester_mesh: model_bound_cb: remote addr 0x0001 key_idx 0x0000 model 0x77d5c
[00:00:22.956,573] <dbg> bttester_mesh: net_recv_ev: ttl 0x03 ctl 0x00 src 0x0001 dst 0x0002 payload_len 16
[00:00:22.956,604] <dbg> bttester: tester_event: service 0x04 opcode 0x86
[00:00:22.960,083] <dbg> bttester_mesh: model_recv_ev: src 0x0001 dst 0x0002 payload_len 8
[00:00:22.960,083] <dbg> bttester: tester_event: service 0x04 opcode 0x8f
[00:00:22.961,639] <dbg> bttester_mesh: model_bound_cb: remote addr 0x0001 key_idx 0x0000 model 0x77d88
[00:00:23.131,866] <dbg> bttester_mesh: net_recv_ev: ttl 0x03 ctl 0x00 src 0x0001 dst 0x0002 payload_len 16
[00:00:23.131,896] <dbg> bttester: tester_event: service 0x04 opcode 0x86
[00:00:23.135,406] <dbg> bttester_mesh: model_recv_ev: src 0x0001 dst 0x0002 payload_len 8
[00:00:23.135,437] <dbg> bttester: tester_event: service 0x04 opcode 0x8f
[00:00:23.136,962] <dbg> bttester_mesh: model_bound_cb: remote addr 0x0001 key_idx 0x0000 model 0x77db4
[00:00:23.308,105] <dbg> bttester_mesh: net_recv_ev: ttl 0x03 ctl 0x00 src 0x0001 dst 0x0002 payload_len 16
[00:00:23.308,135] <dbg> bttester: tester_event: service 0x04 opcode 0x86
[00:00:23.311,584] <dbg> bttester_mesh: model_recv_ev: src 0x0001 dst 0x0002 payload_len 8
[00:00:23.311,614] <dbg> bttester: tester_event: service 0x04 opcode 0x8f
[00:00:23.313,140] <dbg> bttester_mesh: model_bound_cb: remote addr 0x0001 key_idx 0x0000 model 0x77de0
[00:00:23.466,522] <dbg> bttester_mesh: net_recv_ev: ttl 0x03 ctl 0x00 src 0x0001 dst 0x0002 payload_len 16
[00:00:23.466,522] <dbg> bttester: tester_event: service 0x04 opcode 0x86
[00:00:23.469,970] <dbg> bttester_mesh: model_recv_ev: src 0x0001 dst 0x0002 payload_len 8
[00:00:23.470,001] <dbg> bttester: tester_event: service 0x04 opcode 0x8f
[00:00:23.471,527] <dbg> bttester_mesh: model_bound_cb: remote addr 0x0001 key_idx 0x0000 model 0x77d30
[00:00:24.717,071] <dbg> bttester_mesh: net_recv_ev: ttl 0x03 ctl 0x00 src 0x0001 dst 0x0003 payload_len 14
[00:00:24.717,102] <dbg> bttester: tester_event: service 0x04 opcode 0x86
[00:00:24.720,367] <dbg> bttester_mesh: model_recv_ev: src 0x0001 dst 0x0003 payload_len 2
[00:00:24.720,397] <dbg> bttester: tester_event: service 0x04 opcode 0x8f
[00:00:24.874,877] <dbg> bttester_mesh: net_recv_ev: ttl 0x03 ctl 0x00 src 0x0001 dst 0x0003 payload_len 14
[00:00:24.874,877] <dbg> bttester: tester_event: service 0x04 opcode 0x86
[00:00:24.878,173] <dbg> bttester_mesh: model_recv_ev: src 0x0001 dst 0x0003 payload_len 2
[00:00:24.878,204] <dbg> bttester: tester_event: service 0x04 opcode 0x8f
[00:00:25.049,316] <dbg> bttester_mesh: net_recv_ev: ttl 0x03 ctl 0x00 src 0x0001 dst 0x0003 payload_len 16
[00:00:25.049,346] <dbg> bttester: tester_event: service 0x04 opcode 0x86
[00:00:25.122,436] <dbg> bttester_mesh: net_recv_ev: ttl 0x03 ctl 0x00 src 0x0001 dst 0x0003 payload_len 16
[00:00:25.122,467] <dbg> bttester: tester_event: service 0x04 opcode 0x86
[00:00:25.196,075] <dbg> bttester_mesh: net_recv_ev: ttl 0x03 ctl 0x00 src 0x0001 dst 0x0003 payload_len 14
[00:00:25.196,105] <dbg> bttester: tester_event: service 0x04 opcode 0x86
[00:00:25.199,462] <dbg> bttester_mesh: model_recv_ev: src 0x0001 dst 0x0003 payload_len 30
[00:00:25.199,462] <dbg> bttester: tester_event: service 0x04 opcode 0x8f
[00:00:25.202,911] <dbg> bttester_mesh: dfd_srv_recv: Uploading new firmware image to the distributor.
[00:00:25.405,914] <dbg> bttester_mesh: net_recv_ev: ttl 0x03 ctl 0x00 src 0x0001 dst 0x0003 payload_len 16
[00:00:25.405,944] <dbg> bttester: tester_event: service 0x04 opcode 0x86
[00:00:25.461,425] <dbg> bttester_mesh: net_recv_ev: ttl 0x03 ctl 0x00 src 0x0001 dst 0x0003 payload_len 16
[00:00:25.461,456] <dbg> bttester: tester_event: service 0x04 opcode 0x86
[00:00:25.518,005] <dbg> bttester_mesh: net_recv_ev: ttl 0x03 ctl 0x00 src 0x0001 dst 0x0003 payload_len 15
[00:00:25.518,035] <dbg> bttester: tester_event: service 0x04 opcode 0x86
[00:00:25.521,514] <dbg> bttester_mesh: model_recv_ev: src 0x0001 dst 0x0003 payload_len 27
[00:00:25.521,545] <dbg> bttester: tester_event: service 0x04 opcode 0x8f
