*** Booting Zephyr OS build 4.1.99 ***
[00:00:00.253,234] <dbg> bttester: tester_init: Initializing tester
[00:00:06.017,333] <dbg> bttester: cmd_handler: cmd service 0x00 opcode 0x03 index 0xff
[00:00:06.043,579] <inf> bt_hci_core: HW Platform: Nordic Semiconductor (0x0002)
[00:00:06.043,609] <inf> bt_hci_core: HW Variant: nRF53x (0x0003)
[00:00:06.043,640] <inf> bt_hci_core: Firmware: Standard Bluetooth controller (0x00) Version 4.1 Build 99
[00:00:06.045,440] <inf> bt_hci_core: Identity: D7:B8:1B:0B:51:C3 (random)
[00:00:06.045,471] <inf> bt_hci_core: HCI: version 5.4 (0x0d) revision 0x0000, manufacturer 0x05f1
[00:00:06.045,471] <inf> bt_hci_core: LMP: version 5.4 (0x0d) subver 0xffff
[00:00:06.045,501] <dbg> bttester: tester_rsp_with_index: service 0x00 opcode 0x03 index 0xff status 0x00
[00:00:06.070,953] <dbg> bttester: cmd_handler: cmd service 0x01 opcode 0x01 index 0xff
[00:00:06.104,095] <dbg> bttester: cmd_handler: cmd service 0x01 opcode 0x03 index 0x00
[00:00:06.509,582] <dbg> bttester: cmd_handler: cmd service 0x00 opcode 0x03 index 0xff
[00:00:06.509,643] <dbg> bttester: tester_rsp_with_index: service 0x00 opcode 0x03 index 0xff status 0x00
[00:00:06.593,353] <dbg> bttester: cmd_handler: cmd service 0x02 opcode 0x01 index 0xff
[00:00:06.656,524] <dbg> bttester: cmd_handler: cmd service 0x01 opcode 0x08 index 0x00
[00:00:06.709,564] <dbg> bttester: cmd_handler: cmd service 0x00 opcode 0x03 index 0xff
[00:00:06.710,205] <dbg> bttester: tester_rsp_with_index: service 0x00 opcode 0x03 index 0xff status 0x00
[00:00:06.762,512] <dbg> bttester: cmd_handler: cmd service 0x0c opcode 0x01 index 0xff
[00:00:06.821,777] <dbg> bttester: cmd_handler: cmd service 0x00 opcode 0x03 index 0xff
[00:00:06.821,807] <dbg> bttester: tester_rsp_with_index: service 0x00 opcode 0x03 index 0xff status 0x00
[00:00:06.843,597] <dbg> bttester: cmd_handler: cmd service 0x0d opcode 0x01 index 0xff
[00:00:07.008,728] <dbg> bttester: cmd_handler: cmd service 0x00 opcode 0x03 index 0xff
[00:00:07.008,850] <dbg> bttester: tester_rsp_with_index: service 0x00 opcode 0x03 index 0xff status 0x00
[00:00:07.026,184] <dbg> bttester: cmd_handler: cmd service 0x0e opcode 0x01 index 0xff
[00:00:14.147,827] <dbg> bttester: cmd_handler: cmd service 0x0e opcode 0x0a index 0x00
[00:00:14.147,857] <dbg> bttester_bap_broadcast: btp_bap_broadcast_sink_setup: 
[00:00:14.147,979] <dbg> bttester: tester_rsp_with_index: service 0x0e opcode 0x0a index 0x00 status 0x00
[00:00:14.154,113] <dbg> bttester: cmd_handler: cmd service 0x0e opcode 0x0c index 0x00
[00:00:14.154,144] <dbg> bttester_bap_broadcast: btp_bap_broadcast_scan_start: 
[00:00:14.155,914] <dbg> bttester: tester_rsp_with_index: service 0x0e opcode 0x0c index 0x00 status 0x00
[00:00:16.644,165] <dbg> bttester_bap_broadcast: baa_check: Found BAA with ID 0x110DD4, addr C0:07:E8:1C:28:DF (public), sid 0x00, interval 0x0258
[00:00:16.644,195] <dbg> bttester: tester_event: service 0x0e opcode 0x84
[00:00:16.684,783] <dbg> bttester: cmd_handler: cmd service 0x0e opcode 0x0d index 0x00
[00:00:16.684,814] <dbg> bttester_bap_broadcast: btp_bap_broadcast_scan_stop: 
[00:00:16.685,363] <dbg> bttester: tester_rsp_with_index: service 0x0e opcode 0x0d index 0x00 status 0x00
[00:00:16.699,737] <dbg> bttester: cmd_handler: cmd service 0x0e opcode 0x0e index 0x00
[00:00:16.699,768] <dbg> bttester_bap_broadcast: btp_bap_broadcast_sink_sync: 
[00:00:16.701,934] <dbg> bttester: tester_rsp_with_index: service 0x0e opcode 0x0e index 0x00 status 0x00
[00:00:20.020,233] <dbg> bttester_gap: pa_sync_synced_cb: 
[00:00:20.020,263] <dbg> bttester: tester_event: service 0x01 opcode 0x8d
[00:00:20.021,514] <dbg> bttester_bap_broadcast: bap_pa_sync_synced_cb: Sync info: service_data 0x0000
[00:00:20.021,606] <dbg> bttester_bap_broadcast: recv_state_updated_cb: Receive state with ID 0 updated
[00:00:20.021,636] <dbg> bttester: tester_event: service 0x0e opcode 0x89
[00:00:20.024,108] <dbg> bttester_bap_broadcast: recv_state_updated_cb: Receive state with ID 0 updated
[00:00:20.024,139] <dbg> bttester: tester_event: service 0x0e opcode 0x89
[00:00:20.027,404] <dbg> bttester_bap_broadcast: base_recv_cb: 
[00:00:20.027,404] <dbg> bttester_bap_broadcast: base_recv_cb: Received BASE: broadcast sink 0x20019484 subgroups 1
[00:00:20.027,465] <dbg> bttester: tester_event: service 0x0e opcode 0x85
[00:00:20.030,578] <dbg> bttester: tester_event: service 0x0e opcode 0x85
[00:00:20.033,660] <dbg> bttester_bap_broadcast: base_recv_cb: bis_index_bitfield 0x00000003
[00:00:20.033,721] <dbg> bttester_bap_broadcast: syncable_cb: Broadcaster PA found, encrypted 0, requested_bis_sync 0
[00:00:20.299,987] <dbg> bttester: cmd_handler: cmd service 0x0e opcode 0x10 index 0x00
[00:00:20.299,987] <dbg> bttester_bap_broadcast: btp_bap_broadcast_sink_bis_sync: 
[00:00:20.300,750] <dbg> bttester: tester_rsp_with_index: service 0x0e opcode 0x10 index 0x00 status 0x00
[00:00:20.769,714] <dbg> bttester_bap_broadcast: base_recv_cb: 
[00:00:20.769,744] <dbg> bttester_bap_broadcast: base_recv_cb: Received BASE: broadcast sink 0x20019484 subgroups 1
[00:00:20.769,805] <dbg> bttester: tester_event: service 0x0e opcode 0x85
[00:00:20.772,888] <dbg> bttester: tester_event: service 0x0e opcode 0x85
[00:00:20.776,000] <dbg> bttester_bap_broadcast: base_recv_cb: bis_index_bitfield 0x00000003
[00:00:20.778,442] <dbg> bttester_bap_broadcast: stream_started: Started stream 0x200144b8
[00:00:20.778,442] <err> bttester_bap_broadcast: Failed to register stream: -22
[00:00:20.778,472] <dbg> bttester: tester_event: service 0x0e opcode 0x86
[00:00:20.780,181] <dbg> bttester_bap_broadcast: stream_started: Started stream 0x20014610
[00:00:20.780,212] <err> bttester_bap_broadcast: Failed to register stream: -22
[00:00:20.780,212] <dbg> bttester: tester_event: service 0x0e opcode 0x86
[00:00:20.781,616] <dbg> bttester_bap_broadcast: recv_state_updated_cb: Receive state with ID 0 updated
[00:00:20.781,646] <dbg> bttester: tester_event: service 0x0e opcode 0x89
[00:00:20.788,696] <dbg> bttester_bap_broadcast: stream_recv: Incoming audio on stream 0x200144b8 len 0 flags 0x0A seq_num 0 and ts 6616419
[00:00:20.788,879] <dbg> bttester_bap_broadcast: stream_recv: Incoming audio on stream 0x20014610 len 0 flags 0x0A seq_num 0 and ts 6616419
[00:00:20.796,142] <dbg> bttester_bap_broadcast: stream_recv: Incoming audio on stream 0x200144b8 len 0 flags 0x0A seq_num 1 and ts 6623918
[00:00:20.796,356] <dbg> bttester_bap_broadcast: stream_recv: Incoming audio on stream 0x20014610 len 0 flags 0x0A seq_num 1 and ts 6623918
[00:00:20.803,649] <dbg> bttester_bap_broadcast: stream_recv: Incoming audio on stream 0x200144b8 len 0 flags 0x0A seq_num 2 and ts 6631419
[00:00:20.803,833] <dbg> bttester_bap_broadcast: stream_recv: Incoming audio on stream 0x20014610 len 0 flags 0x0A seq_num 2 and ts 6631419
[00:00:20.811,157] <dbg> bttester_bap_broadcast: stream_recv: Incoming audio on stream 0x200144b8 len 0 flags 0x0A seq_num 3 and ts 6638919
[00:00:20.811,340] <dbg> bttester_bap_broadcast: stream_recv: Incoming audio on stream 0x20014610 len 0 flags 0x0A seq_num 3 and ts 6638919
[00:00:20.818,634] <dbg> bttester_bap_broadcast: stream_recv: Incoming audio on stream 0x200144b8 len 0 flags 0x0A seq_num 4 and ts 6646419
[00:00:20.818,847] <dbg> bttester_bap_broadcast: stream_recv: Incoming audio on stream 0x20014610 len 0 flags 0x0A seq_num 4 and ts 6646419
[00:00:20.826,141] <dbg> bttester_bap_broadcast: stream_recv: Incoming audio on stream 0x200144b8 len 0 flags 0x0A seq_num 5 and ts 6653918
[00:00:20.826,324] <dbg> bttester_bap_broadcast: stream_recv: Incoming audio on stream 0x20014610 len 0 flags 0x0A seq_num 5 and ts 6653918
[00:00:20.833,648] <dbg> bttester_bap_broadcast: stream_recv: Incoming audio on stream 0x200144b8 len 0 flags 0x0A seq_num 6 and ts 6661418
[00:00:20.833,862] <dbg> bttester_bap_broadcast: stream_recv: Incoming audio on stream 0x20014610 len 0 flags 0x0A seq_num 6 and ts 6661418
[00:00:20.841,156] <dbg> bttester_bap_broadcast: stream_recv: Incoming audio on stream 0x200144b8 len 0 flags 0x0A seq_num 7 and ts 6668918
[00:00:20.841,339] <dbg> bttester_bap_broadcast: stream_recv: Incoming audio on stream 0x20014610 len 0 flags 0x0A seq_num 7 and ts 6668918
[00:00:20.848,632] <dbg> bttester_bap_broadcast: stream_recv: Incoming audio on stream 0x200144b8 len 0 flags 0x0A seq_num 8 and ts 6676419
[00:00:20.848,846] <dbg> bttester_bap_broadcast: stream_recv: Incoming audio on stream 0x20014610 len 0 flags 0x0A seq_num 8 and ts 6676419
[00:00:20.856,140] <dbg> bttester_bap_broadcast: stream_recv: Incoming audio on stream 0x200144b8 len 0 flags 0x0A seq_num 9 and ts 6683920
[00:00:20.856,353] <dbg> bttester_bap_broadcast: stream_recv: Incoming audio on stream 0x20014610 len 0 flags 0x0A seq_num 9 and ts 6683920
[00:00:20.863,647] <dbg> bttester_bap_broadcast: stream_recv: Incoming audio on stream 0x200144b8 len 0 flags 0x0A seq_num 10 and ts 6691420
[00:00:20.863,830] <dbg> bttester_bap_broadcast: stream_recv: Incoming audio on stream 0x20014610 len 0 flags 0x0A seq_num 10 and ts 6691420
[00:00:20.871,154] <dbg> bttester_bap_broadcast: stream_recv: Incoming audio on stream 0x200144b8 len 0 flags 0x0A seq_num 11 and ts 6698919
[00:00:20.871,368] <dbg> bttester_bap_broadcast: stream_recv: Incoming audio on stream 0x20014610 len 0 flags 0x0A seq_num 11 and ts 6698919
[00:00:20.878,631] <dbg> bttester_bap_broadcast: stream_recv: Incoming audio on stream 0x200144b8 len 0 flags 0x0A seq_num 12 and ts 6706420
[00:00:20.878,845] <dbg> bttester_bap_broadcast: stream_recv: Incoming audio on stream 0x20014610 len 0 flags 0x0A seq_num 12 and ts 6706420
[00:00:20.886,138] <dbg> bttester_bap_broadcast: stream_recv: Incoming audio on stream 0x200144b8 len 0 flags 0x0A seq_num 13 and ts 6713920
[00:00:20.886,352] <dbg> bttester_bap_broadcast: stream_recv: Incoming audio on stream 0x20014610 len 0 flags 0x0A seq_num 13 and ts 6713920
[00:00:20.893,646] <dbg> bttester_bap_broadcast: stream_recv: Incoming audio on stream 0x200144b8 len 0 flags 0x0A seq_num 14 and ts 6721420
[00:00:20.893,829] <dbg> bttester_bap_broadcast: stream_recv: Incoming audio on stream 0x20014610 len 0 flags 0x0A seq_num 14 and ts 6721420
[00:00:20.901,153] <dbg> bttester_bap_broadcast: stream_recv: Incoming audio on stream 0x200144b8 len 0 flags 0x0A seq_num 15 and ts 6728920
[00:00:20.901,336] <dbg> bttester_bap_broadcast: stream_recv: Incoming audio on stream 0x20014610 len 0 flags 0x0A seq_num 15 and ts 6728920
[00:00:20.908,660] <dbg> bttester_bap_broadcast: stream_recv: Incoming audio on stream 0x200144b8 len 0 flags 0x0A seq_num 16 and ts 6736420
[00:00:20.908,843] <dbg> bttester_bap_broadcast: stream_recv: Incoming audio on stream 0x20014610 len 0 flags 0x0A seq_num 16 and ts 6736420
[00:00:20.916,137] <dbg> bttester_bap_broadcast: stream_recv: Incoming audio on stream 0x200144b8 len 0 flags 0x0A seq_num 17 and ts 6743919
[00:00:20.916,351] <dbg> bttester_bap_broadcast: stream_recv: Incoming audio on stream 0x20014610 len 0 flags 0x0A seq_num 17 and ts 6743919
[00:00:20.923,645] <dbg> bttester_bap_broadcast: stream_recv: Incoming audio on stream 0x200144b8 len 0 flags 0x0A seq_num 18 and ts 6751420
[00:00:20.923,828] <dbg> bttester_bap_broadcast: stream_recv: Incoming audio on stream 0x20014610 len 0 flags 0x0A seq_num 18 and ts 6751420
[00:00:20.931,182] <dbg> bttester_bap_broadcast: stream_recv: Incoming audio on stream 0x200144b8 len 0 flags 0x0A seq_num 19 and ts 6758921
[00:00:20.931,365] <dbg> bttester_bap_broadcast: stream_recv: Incoming audio on stream 0x20014610 len 0 flags 0x0A seq_num 19 and ts 6758921
[00:00:20.938,659] <dbg> bttester_bap_broadcast: stream_recv: Incoming audio on stream 0x200144b8 len 0 flags 0x0A seq_num 20 and ts 6766421
[00:00:20.938,842] <dbg> bttester_bap_broadcast: stream_recv: Incoming audio on stream 0x20014610 len 0 flags 0x0A seq_num 20 and ts 6766421
[00:00:20.946,166] <dbg> bttester_bap_broadcast: stream_recv: Incoming audio on stream 0x200144b8 len 0 flags 0x0A seq_num 21 and ts 6773921
[00:00:20.946,350] <dbg> bttester_bap_broadcast: stream_recv: Incoming audio on stream 0x20014610 len 0 flags 0x0A seq_num 21 and ts 6773921
[00:00:20.953,643] <dbg> bttester_bap_broadcast: stream_recv: Incoming audio on stream 0x200144b8 len 0 flags 0x0A seq_num 22 and ts 6781421
[00:00:20.953,826] <dbg> bttester_bap_broadcast: stream_recv: Incoming audio on stream 0x20014610 len 0 flags 0x0A seq_num 22 and ts 6781421
[00:00:20.961,151] <dbg> bttester_bap_broadcast: stream_recv: Incoming audio on stream 0x200144b8 len 0 flags 0x0A seq_num 23 and ts 6788920
[00:00:20.961,334] <dbg> bttester_bap_broadcast: stream_recv: Incoming audio on stream 0x20014610 len 0 flags 0x0A seq_num 23 and ts 6788920
[00:00:20.968,688] <dbg> bttester_bap_broadcast: stream_recv: Incoming audio on stream 0x200144b8 len 0 flags 0x0A seq_num 24 and ts 6796422
[00:00:20.968,872] <dbg> bttester_bap_broadcast: stream_recv: Incoming audio on stream 0x20014610 len 0 flags 0x0A seq_num 24 and ts 6796422
[00:00:20.976,196] <dbg> bttester_bap_broadcast: stream_recv: Incoming audio on stream 0x200144b8 len 0 flags 0x0A seq_num 25 and ts 6803922
[00:00:20.976,379] <dbg> bttester_bap_broadcast: stream_recv: Incoming audio on stream 0x20014610 len 0 flags 0x0A seq_num 25 and ts 6803922
[00:00:20.983,703] <dbg> bttester_bap_broadcast: stream_recv: Incoming audio on stream 0x200144b8 len 0 flags 0x0A seq_num 26 and ts 6811421
[00:00:20.983,886] <dbg> bttester_bap_broadcast: stream_recv: Incoming audio on stream 0x20014610 len 0 flags 0x0A seq_num 26 and ts 6811421
[00:00:20.991,180] <dbg> bttester_bap_broadcast: stream_recv: Incoming audio on stream 0x200144b8 len 0 flags 0x0A seq_num 27 and ts 6818921
[00:00:20.991,363] <dbg> bttester_bap_broadcast: stream_recv: Incoming audio on stream 0x20014610 len 0 flags 0x0A seq_num 27 and ts 6818921
[00:00:20.998,687] <dbg> bttester_bap_broadcast: stream_recv: Incoming audio on stream 0x200144b8 len 0 flags 0x0A seq_num 28 and ts 6826422
[00:00:20.998,870] <dbg> bttester_bap_broadcast: stream_recv: Incoming audio on stream 0x20014610 len 0 flags 0x0A seq_num 28 and ts 6826422
[00:00:21.006,134] <dbg> bttester_bap_broadcast: stream_recv: Incoming audio on stream 0x200144b8 len 0 flags 0x0A seq_num 29 and ts 6833922
[00:00:21.006,347] <dbg> bttester_bap_broadcast: stream_recv: Incoming audio on stream 0x20014610 len 0 flags 0x0A seq_num 29 and ts 6833922
[00:00:21.013,641] <dbg> bttester_bap_broadcast: stream_recv: Incoming audio on stream 0x200144b8 len 0 flags 0x0A seq_num 30 and ts 6841422
[00:00:21.013,854] <dbg> bttester_bap_broadcast: stream_recv: Incoming audio on stream 0x20014610 len 0 flags 0x0A seq_num 30 and ts 6841422
[00:00:21.021,148] <dbg> bttester_bap_broadcast: stream_recv: Incoming audio on stream 0x200144b8 len 0 flags 0x0A seq_num 31 and ts 6848921
[00:00:21.021,362] <dbg> bttester_bap_broadcast: stream_recv: Incoming audio on stream 0x20014610 len 0 flags 0x0A seq_num 31 and ts 6848921
[00:00:21.028,656] <dbg> bttester_bap_broadcast: stream_recv: Incoming audio on stream 0x200144b8 len 0 flags 0x0A seq_num 32 and ts 6856422
[00:00:21.028,839] <dbg> bttester_bap_broadcast: stream_recv: Incoming audio on stream 0x20014610 len 0 flags 0x0A seq_num 32 and ts 6856422
[00:00:21.036,163] <dbg> bttester_bap_broadcast: stream_recv: Incoming audio on stream 0x200144b8 len 0 flags 0x0A seq_num 33 and ts 6863923
[00:00:21.036,346] <dbg> bttester_bap_broadcast: stream_recv: Incoming audio on stream 0x20014610 len 0 flags 0x0A seq_num 33 and ts 6863923
[00:00:21.043,640] <dbg> bttester_bap_broadcast: stream_recv: Incoming audio on stream 0x200144b8 len 0 flags 0x0A seq_num 34 and ts 6871422
[00:00:21.043,853] <dbg> bttester_bap_broadcast: stream_recv: Incoming audio on stream 0x20014610 len 0 flags 0x0A seq_num 34 and ts 6871422
[00:00:21.051,147] <dbg> bttester_bap_broadcast: stream_recv: Incoming audio on stream 0x200144b8 len 0 flags 0x0A seq_num 35 and ts 6878923
[00:00:21.051,330] <dbg> bttester_bap_broadcast: stream_recv: Incoming audio on stream 0x20014610 len 0 flags 0x0A seq_num 35 and ts 6878923
[00:00:21.058,654] <dbg> bttester_bap_broadcast: stream_recv: Incoming audio on stream 0x200144b8 len 0 flags 0x0A seq_num 36 and ts 6886423
[00:00:21.058,868] <dbg> bttester_bap_broadcast: stream_recv: Incoming audio on stream 0x20014610 len 0 flags 0x0A seq_num 36 and ts 6886423
[00:00:21.066,162] <dbg> bttester_bap_broadcast: stream_recv: Incoming audio on stream 0x200144b8 len 0 flags 0x0A seq_num 37 and ts 6893923
[00:00:21.066,345] <dbg> bttester_bap_broadcast: stream_recv: Incoming audio on stream 0x20014610 len 0 flags 0x0A seq_num 37 and ts 6893923
[00:00:21.073,638] <dbg> bttester_bap_broadcast: stream_recv: Incoming audio on stream 0x200144b8 len 0 flags 0x0A seq_num 38 and ts 6901424
[00:00:21.073,852] <dbg> bttester_bap_broadcast: stream_recv: Incoming audio on stream 0x20014610 len 0 flags 0x0A seq_num 38 and ts 6901424
[00:00:21.081,146] <dbg> bttester_bap_broadcast: stream_recv: Incoming audio on stream 0x200144b8 len 0 flags 0x0A seq_num 39 and ts 6908923
[00:00:21.081,329] <dbg> bttester_bap_broadcast: stream_recv: Incoming audio on stream 0x20014610 len 0 flags 0x0A seq_num 39 and ts 6908923
[00:00:21.088,653] <dbg> bttester_bap_broadcast: stream_recv: Incoming audio on stream 0x200144b8 len 0 flags 0x0A seq_num 40 and ts 6916423
[00:00:21.088,836] <dbg> bttester_bap_broadcast: stream_recv: Incoming audio on stream 0x20014610 len 0 flags 0x0A seq_num 40 and ts 6916423
[00:00:21.096,160] <dbg> bttester_bap_broadcast: stream_recv: Incoming audio on stream 0x200144b8 len 0 flags 0x0A seq_num 41 and ts 6923923
[00:00:21.096,374] <dbg> bttester_bap_broadcast: stream_recv: Incoming audio on stream 0x20014610 len 0 flags 0x0A seq_num 41 and ts 6923923
[00:00:21.103,637] <dbg> bttester_bap_broadcast: stream_recv: Incoming audio on stream 0x200144b8 len 0 flags 0x0A seq_num 42 and ts 6931423
[00:00:21.103,851] <dbg> bttester_bap_broadcast: stream_recv: Incoming audio on stream 0x20014610 len 0 flags 0x0A seq_num 42 and ts 6931423
[00:00:21.111,145] <dbg> bttester_bap_broadcast: stream_recv: Incoming audio on stream 0x200144b8 len 0 flags 0x0A seq_num 43 and ts 6938923
[00:00:21.111,328] <dbg> bttester_bap_broadcast: stream_recv: Incoming audio on stream 0x20014610 len 0 flags 0x0A seq_num 43 and ts 6938923
[00:00:21.118,652] <dbg> bttester_bap_broadcast: stream_recv: Incoming audio on stream 0x200144b8 len 0 flags 0x0A seq_num 44 and ts 6946424
[00:00:21.118,835] <dbg> bttester_bap_broadcast: stream_recv: Incoming audio on stream 0x20014610 len 0 flags 0x0A seq_num 44 and ts 6946424
[00:00:21.126,159] <dbg> bttester_bap_broadcast: stream_recv: Incoming audio on stream 0x200144b8 len 0 flags 0x0A seq_num 45 and ts 6953924
[00:00:21.126,342] <dbg> bttester_bap_broadcast: stream_recv: Incoming audio on stream 0x20014610 len 0 flags 0x0A seq_num 45 and ts 6953924
[00:00:21.133,666] <dbg> bttester_bap_broadcast: stream_recv: Incoming audio on stream 0x200144b8 len 0 flags 0x0A seq_num 46 and ts 6961424
[00:00:21.133,850] <dbg> bttester_bap_broadcast: stream_recv: Incoming audio on stream 0x20014610 len 0 flags 0x0A seq_num 46 and ts 6961424
[00:00:21.141,143] <dbg> bttester_bap_broadcast: stream_recv: Incoming audio on stream 0x200144b8 len 0 flags 0x0A seq_num 47 and ts 6968924
[00:00:21.141,326] <dbg> bttester_bap_broadcast: stream_recv: Incoming audio on stream 0x20014610 len 0 flags 0x0A seq_num 47 and ts 6968924
[00:00:21.148,651] <dbg> bttester_bap_broadcast: stream_recv: Incoming audio on stream 0x200144b8 len 0 flags 0x0A seq_num 48 and ts 6976424
[00:00:21.148,834] <dbg> bttester_bap_broadcast: stream_recv: Incoming audio on stream 0x20014610 len 0 flags 0x0A seq_num 48 and ts 6976424
[00:00:21.156,158] <dbg> bttester_bap_broadcast: stream_recv: Incoming audio on stream 0x200144b8 len 0 flags 0x0A seq_num 49 and ts 6983925
[00:00:21.156,341] <dbg> bttester_bap_broadcast: stream_recv: Incoming audio on stream 0x20014610 len 0 flags 0x0A seq_num 49 and ts 6983925
[00:00:21.163,665] <dbg> bttester_bap_broadcast: stream_recv: Incoming audio on stream 0x200144b8 len 0 flags 0x0A seq_num 50 and ts 6991424
[00:00:21.163,848] <dbg> bttester_bap_broadcast: stream_recv: Incoming audio on stream 0x20014610 len 0 flags 0x0A seq_num 50 and ts 6991424
[00:00:21.171,203] <dbg> bttester_bap_broadcast: stream_recv: Incoming audio on stream 0x200144b8 len 0 flags 0x0A seq_num 51 and ts 6998925
[00:00:21.171,386] <dbg> bttester_bap_broadcast: stream_recv: Incoming audio on stream 0x20014610 len 0 flags 0x0A seq_num 51 and ts 6998925
[00:00:21.178,680] <dbg> bttester_bap_broadcast: stream_recv: Incoming audio on stream 0x200144b8 len 0 flags 0x0A seq_num 52 and ts 7006425
[00:00:21.178,894] <dbg> bttester_bap_broadcast: stream_recv: Incoming audio on stream 0x20014610 len 0 flags 0x0A seq_num 52 and ts 7006425
[00:00:21.186,187] <dbg> bttester_bap_broadcast: stream_recv: Incoming audio on stream 0x200144b8 len 0 flags 0x0A seq_num 53 and ts 7013926
[00:00:21.186,370] <dbg> bttester_bap_broadcast: stream_recv: Incoming audio on stream 0x20014610 len 0 flags 0x0A seq_num 53 and ts 7013926
[00:00:21.193,695] <dbg> bttester_bap_broadcast: stream_recv: Incoming audio on stream 0x200144b8 len 0 flags 0x0A seq_num 54 and ts 7021424
[00:00:21.193,878] <dbg> bttester_bap_broadcast: stream_recv: Incoming audio on stream 0x20014610 len 0 flags 0x0A seq_num 54 and ts 7021424
[00:00:21.201,171] <dbg> bttester_bap_broadcast: stream_recv: Incoming audio on stream 0x200144b8 len 0 flags 0x0A seq_num 55 and ts 7028926
[00:00:21.201,385] <dbg> bttester_bap_broadcast: stream_recv: Incoming audio on stream 0x20014610 len 0 flags 0x0A seq_num 55 and ts 7028926
[00:00:21.208,648] <dbg> bttester_bap_broadcast: stream_recv: Incoming audio on stream 0x200144b8 len 0 flags 0x0A seq_num 56 and ts 7036425
[00:00:21.208,862] <dbg> bttester_bap_broadcast: stream_recv: Incoming audio on stream 0x20014610 len 0 flags 0x0A seq_num 56 and ts 7036425
[00:00:21.216,156] <dbg> bttester_bap_broadcast: stream_recv: Incoming audio on stream 0x200144b8 len 0 flags 0x0A seq_num 57 and ts 7043926
[00:00:21.216,339] <dbg> bttester_bap_broadcast: stream_recv: Incoming audio on stream 0x20014610 len 0 flags 0x0A seq_num 57 and ts 7043926
[00:00:21.223,663] <dbg> bttester_bap_broadcast: stream_recv: Incoming audio on stream 0x200144b8 len 0 flags 0x0A seq_num 58 and ts 7051426
[00:00:21.223,846] <dbg> bttester_bap_broadcast: stream_recv: Incoming audio on stream 0x20014610 len 0 flags 0x0A seq_num 58 and ts 7051426
[00:00:21.231,140] <dbg> bttester_bap_broadcast: stream_recv: Incoming audio on stream 0x200144b8 len 0 flags 0x0A seq_num 59 and ts 7058925
[00:00:21.231,353] <dbg> bttester_bap_broadcast: stream_recv: Incoming audio on stream 0x20014610 len 0 flags 0x0A seq_num 59 and ts 7058925
[00:00:21.238,647] <dbg> bttester_bap_broadcast: stream_recv: Incoming audio on stream 0x200144b8 len 0 flags 0x0A seq_num 60 and ts 7066426
[00:00:21.238,861] <dbg> bttester_bap_broadcast: stream_recv: Incoming audio on stream 0x20014610 len 0 flags 0x0A seq_num 60 and ts 7066426
[00:00:21.246,154] <dbg> bttester_bap_broadcast: stream_recv: Incoming audio on stream 0x200144b8 len 0 flags 0x0A seq_num 61 and ts 7073926
[00:00:21.246,368] <dbg> bttester_bap_broadcast: stream_recv: Incoming audio on stream 0x20014610 len 0 flags 0x0A seq_num 61 and ts 7073926
[00:00:21.253,662] <dbg> bttester_bap_broadcast: stream_recv: Incoming audio on stream 0x200144b8 len 0 flags 0x0A seq_num 62 and ts 7081426
[00:00:21.253,845] <dbg> bttester_bap_broadcast: stream_recv: Incoming audio on stream 0x20014610 len 0 flags 0x0A seq_num 62 and ts 7081426
[00:00:21.261,138] <dbg> bttester_bap_broadcast: stream_recv: Incoming audio on stream 0x200144b8 len 0 flags 0x0A seq_num 63 and ts 7088926
[00:00:21.261,352] <dbg> bttester_bap_broadcast: stream_recv: Incoming audio on stream 0x20014610 len 0 flags 0x0A seq_num 63 and ts 7088926
[00:00:21.268,646] <dbg> bttester_bap_broadcast: stream_recv: Incoming audio on stream 0x200144b8 len 0 flags 0x0A seq_num 64 and ts 7096426
[00:00:21.268,859] <dbg> bttester_bap_broadcast: stream_recv: Incoming audio on stream 0x20014610 len 0 flags 0x0A seq_num 64 and ts 7096426
[00:00:21.276,153] <dbg> bttester_bap_broadcast: stream_recv: Incoming audio on stream 0x200144b8 len 0 flags 0x0A seq_num 65 and ts 7103926
[00:00:21.276,336] <dbg> bttester_bap_broadcast: stream_recv: Incoming audio on stream 0x20014610 len 0 flags 0x0A seq_num 65 and ts 7103926
[00:00:21.283,660] <dbg> bttester_bap_broadcast: stream_recv: Incoming audio on stream 0x200144b8 len 0 flags 0x0A seq_num 66 and ts 7111426
[00:00:21.283,874] <dbg> bttester_bap_broadcast: stream_recv: Incoming audio on stream 0x20014610 len 0 flags 0x0A seq_num 66 and ts 7111426
[00:00:21.291,168] <dbg> bttester_bap_broadcast: stream_recv: Incoming audio on stream 0x200144b8 len 0 flags 0x0A seq_num 67 and ts 7118926
[00:00:21.291,351] <dbg> bttester_bap_broadcast: stream_recv: Incoming audio on stream 0x20014610 len 0 flags 0x0A seq_num 67 and ts 7118926
[00:00:21.298,645] <dbg> bttester_bap_broadcast: stream_recv: Incoming audio on stream 0x200144b8 len 0 flags 0x0A seq_num 68 and ts 7126427
[00:00:21.298,858] <dbg> bttester_bap_broadcast: stream_recv: Incoming audio on stream 0x20014610 len 0 flags 0x0A seq_num 68 and ts 7126427
[00:00:21.306,152] <dbg> bttester_bap_broadcast: stream_recv: Incoming audio on stream 0x200144b8 len 0 flags 0x0A seq_num 69 and ts 7133927
[00:00:21.306,335] <dbg> bttester_bap_broadcast: stream_recv: Incoming audio on stream 0x20014610 len 0 flags 0x0A seq_num 69 and ts 7133927
[00:00:21.313,659] <dbg> bttester_bap_broadcast: stream_recv: Incoming audio on stream 0x200144b8 len 0 flags 0x0A seq_num 70 and ts 7141427
[00:00:21.313,842] <dbg> bttester_bap_broadcast: stream_recv: Incoming audio on stream 0x20014610 len 0 flags 0x0A seq_num 70 and ts 7141427
[00:00:21.321,166] <dbg> bttester_bap_broadcast: stream_recv: Incoming audio on stream 0x200144b8 len 0 flags 0x0A seq_num 71 and ts 7148926
[00:00:21.321,350] <dbg> bttester_bap_broadcast: stream_recv: Incoming audio on stream 0x20014610 len 0 flags 0x0A seq_num 71 and ts 7148926
[00:00:21.328,643] <dbg> bttester_bap_broadcast: stream_recv: Incoming audio on stream 0x200144b8 len 0 flags 0x0A seq_num 72 and ts 7156428
[00:00:21.328,857] <dbg> bttester_bap_broadcast: stream_recv: Incoming audio on stream 0x20014610 len 0 flags 0x0A seq_num 72 and ts 7156428
[00:00:21.336,151] <dbg> bttester_bap_broadcast: stream_recv: Incoming audio on stream 0x200144b8 len 0 flags 0x0A seq_num 73 and ts 7163927
[00:00:21.336,334] <dbg> bttester_bap_broadcast: stream_recv: Incoming audio on stream 0x20014610 len 0 flags 0x0A seq_num 73 and ts 7163927
[00:00:21.343,658] <dbg> bttester_bap_broadcast: stream_recv: Incoming audio on stream 0x200144b8 len 0 flags 0x0A seq_num 74 and ts 7171428
[00:00:21.343,841] <dbg> bttester_bap_broadcast: stream_recv: Incoming audio on stream 0x20014610 len 0 flags 0x0A seq_num 74 and ts 7171428
[00:00:21.351,165] <dbg> bttester_bap_broadcast: stream_recv: Incoming audio on stream 0x200144b8 len 0 flags 0x0A seq_num 75 and ts 7178927
[00:00:21.351,348] <dbg> bttester_bap_broadcast: stream_recv: Incoming audio on stream 0x20014610 len 0 flags 0x0A seq_num 75 and ts 7178927
[00:00:21.358,673] <dbg> bttester_bap_broadcast: stream_recv: Incoming audio on stream 0x200144b8 len 0 flags 0x0A seq_num 76 and ts 7186428
[00:00:21.358,856] <dbg> bttester_bap_broadcast: stream_recv: Incoming audio on stream 0x20014610 len 0 flags 0x0A seq_num 76 and ts 7186428
[00:00:21.366,149] <dbg> bttester_bap_broadcast: stream_recv: Incoming audio on stream 0x200144b8 len 0 flags 0x0A seq_num 77 and ts 7193927
[00:00:21.366,363] <dbg> bttester_bap_broadcast: stream_recv: Incoming audio on stream 0x20014610 len 0 flags 0x0A seq_num 77 and ts 7193927
[00:00:21.373,657] <dbg> bttester_bap_broadcast: stream_recv: Incoming audio on stream 0x200144b8 len 0 flags 0x0A seq_num 78 and ts 7201428
[00:00:21.373,840] <dbg> bttester_bap_broadcast: stream_recv: Incoming audio on stream 0x20014610 len 0 flags 0x0A seq_num 78 and ts 7201428
[00:00:21.381,195] <dbg> bttester_bap_broadcast: stream_recv: Incoming audio on stream 0x200144b8 len 0 flags 0x0A seq_num 79 and ts 7208928
[00:00:21.381,378] <dbg> bttester_bap_broadcast: stream_recv: Incoming audio on stream 0x20014610 len 0 flags 0x0A seq_num 79 and ts 7208928
[00:00:21.388,702] <dbg> bttester_bap_broadcast: stream_recv: Incoming audio on stream 0x200144b8 len 0 flags 0x0A seq_num 80 and ts 7216429
[00:00:21.388,885] <dbg> bttester_bap_broadcast: stream_recv: Incoming audio on stream 0x20014610 len 0 flags 0x0A seq_num 80 and ts 7216429
[00:00:21.396,209] <dbg> bttester_bap_broadcast: stream_recv: Incoming audio on stream 0x200144b8 len 0 flags 0x0A seq_num 81 and ts 7223928
[00:00:21.396,392] <dbg> bttester_bap_broadcast: stream_recv: Incoming audio on stream 0x20014610 len 0 flags 0x0A seq_num 81 and ts 7223928
[00:00:21.403,686] <dbg> bttester_bap_broadcast: stream_recv: Incoming audio on stream 0x200144b8 len 0 flags 0x0A seq_num 82 and ts 7231428
[00:00:21.403,869] <dbg> bttester_bap_broadcast: stream_recv: Incoming audio on stream 0x20014610 len 0 flags 0x0A seq_num 82 and ts 7231428
[00:00:21.411,163] <dbg> bttester_bap_broadcast: stream_recv: Incoming audio on stream 0x200144b8 len 0 flags 0x0A seq_num 83 and ts 7238928
[00:00:21.411,346] <dbg> bttester_bap_broadcast: stream_recv: Incoming audio on stream 0x20014610 len 0 flags 0x0A seq_num 83 and ts 7238928
[00:00:21.418,670] <dbg> bttester_bap_broadcast: stream_recv: Incoming audio on stream 0x200144b8 len 0 flags 0x0A seq_num 84 and ts 7246429
[00:00:21.418,853] <dbg> bttester_bap_broadcast: stream_recv: Incoming audio on stream 0x20014610 len 0 flags 0x0A seq_num 84 and ts 7246429
[00:00:21.426,147] <dbg> bttester_bap_broadcast: stream_recv: Incoming audio on stream 0x200144b8 len 0 flags 0x0A seq_num 85 and ts 7253929
[00:00:21.426,361] <dbg> bttester_bap_broadcast: stream_recv: Incoming audio on stream 0x20014610 len 0 flags 0x0A seq_num 85 and ts 7253929
[00:00:21.433,654] <dbg> bttester_bap_broadcast: stream_recv: Incoming audio on stream 0x200144b8 len 0 flags 0x0A seq_num 86 and ts 7261429
[00:00:21.433,868] <dbg> bttester_bap_broadcast: stream_recv: Incoming audio on stream 0x20014610 len 0 flags 0x0A seq_num 86 and ts 7261429
[00:00:21.441,162] <dbg> bttester_bap_broadcast: stream_recv: Incoming audio on stream 0x200144b8 len 0 flags 0x0A seq_num 87 and ts 7268929
[00:00:21.441,345] <dbg> bttester_bap_broadcast: stream_recv: Incoming audio on stream 0x20014610 len 0 flags 0x0A seq_num 87 and ts 7268929
[00:00:21.448,669] <dbg> bttester_bap_broadcast: stream_recv: Incoming audio on stream 0x200144b8 len 0 flags 0x0A seq_num 88 and ts 7276429
[00:00:21.448,852] <dbg> bttester_bap_broadcast: stream_recv: Incoming audio on stream 0x20014610 len 0 flags 0x0A seq_num 88 and ts 7276429
[00:00:21.456,146] <dbg> bttester_bap_broadcast: stream_recv: Incoming audio on stream 0x200144b8 len 0 flags 0x0A seq_num 89 and ts 7283929
[00:00:21.456,359] <dbg> bttester_bap_broadcast: stream_recv: Incoming audio on stream 0x20014610 len 0 flags 0x0A seq_num 89 and ts 7283929
[00:00:21.463,653] <dbg> bttester_bap_broadcast: stream_recv: Incoming audio on stream 0x200144b8 len 0 flags 0x0A seq_num 90 and ts 7291429
[00:00:21.463,836] <dbg> bttester_bap_broadcast: stream_recv: Incoming audio on stream 0x20014610 len 0 flags 0x0A seq_num 90 and ts 7291429
[00:00:21.471,160] <dbg> bttester_bap_broadcast: stream_recv: Incoming audio on stream 0x200144b8 len 0 flags 0x0A seq_num 91 and ts 7298929
[00:00:21.471,374] <dbg> bttester_bap_broadcast: stream_recv: Incoming audio on stream 0x20014610 len 0 flags 0x0A seq_num 91 and ts 7298929
[00:00:21.478,668] <dbg> bttester_bap_broadcast: stream_recv: Incoming audio on stream 0x200144b8 len 0 flags 0x0A seq_num 92 and ts 7306429
[00:00:21.478,851] <dbg> bttester_bap_broadcast: stream_recv: Incoming audio on stream 0x20014610 len 0 flags 0x0A seq_num 92 and ts 7306429
[00:00:21.486,145] <dbg> bttester_bap_broadcast: stream_recv: Incoming audio on stream 0x200144b8 len 0 flags 0x0A seq_num 93 and ts 7313929
[00:00:21.486,358] <dbg> bttester_bap_broadcast: stream_recv: Incoming audio on stream 0x20014610 len 0 flags 0x0A seq_num 93 and ts 7313929
[00:00:21.493,652] <dbg> bttester_bap_broadcast: stream_recv: Incoming audio on stream 0x200144b8 len 0 flags 0x0A seq_num 94 and ts 7321430
[00:00:21.493,835] <dbg> bttester_bap_broadcast: stream_recv: Incoming audio on stream 0x20014610 len 0 flags 0x0A seq_num 94 and ts 7321430
[00:00:21.501,159] <dbg> bttester_bap_broadcast: stream_recv: Incoming audio on stream 0x200144b8 len 0 flags 0x0A seq_num 95 and ts 7328930
[00:00:21.501,342] <dbg> bttester_bap_broadcast: stream_recv: Incoming audio on stream 0x20014610 len 0 flags 0x0A seq_num 95 and ts 7328930
[00:00:21.508,666] <dbg> bttester_bap_broadcast: stream_recv: Incoming audio on stream 0x200144b8 len 0 flags 0x0A seq_num 96 and ts 7336430
[00:00:21.508,880] <dbg> bttester_bap_broadcast: stream_recv: Incoming audio on stream 0x20014610 len 0 flags 0x0A seq_num 96 and ts 7336430
[00:00:21.516,174] <dbg> bttester_bap_broadcast: stream_recv: Incoming audio on stream 0x200144b8 len 0 flags 0x0A seq_num 97 and ts 7343930
[00:00:21.516,357] <dbg> bttester_bap_broadcast: stream_recv: Incoming audio on stream 0x20014610 len 0 flags 0x0A seq_num 97 and ts 7343930
[00:00:21.519,775] <dbg> bttester_bap_broadcast: base_recv_cb: 
[00:00:21.519,775] <dbg> bttester_bap_broadcast: base_recv_cb: Received BASE: broadcast sink 0x20019484 subgroups 1
[00:00:21.519,836] <dbg> bttester: tester_event: service 0x0e opcode 0x85
[00:00:21.522,949] <dbg> bttester: tester_event: service 0x0e opcode 0x85
[00:00:21.526,031] <dbg> bttester_bap_broadcast: base_recv_cb: bis_index_bitfield 0x00000003
[00:00:21.526,336] <dbg> bttester_bap_broadcast: stream_recv: Incoming audio on stream 0x200144b8 len 0 flags 0x0A seq_num 98 and ts 7351430
[00:00:21.526,580] <dbg> bttester_bap_broadcast: stream_recv: Incoming audio on stream 0x20014610 len 0 flags 0x0A seq_num 98 and ts 7351430
[00:00:21.531,158] <dbg> bttester_bap_broadcast: stream_recv: Incoming audio on stream 0x200144b8 len 0 flags 0x0A seq_num 99 and ts 7358931
[00:00:21.531,372] <dbg> bttester_bap_broadcast: stream_recv: Incoming audio on stream 0x20014610 len 0 flags 0x0A seq_num 99 and ts 7358931
[00:00:21.538,665] <dbg> bttester_bap_broadcast: stream_recv: Incoming audio on stream 0x200144b8 len 0 flags 0x0A seq_num 100 and ts 7366430
[00:00:21.538,879] <dbg> bttester_bap_broadcast: stream_recv: Incoming audio on stream 0x20014610 len 0 flags 0x0A seq_num 100 and ts 7366430
[00:00:21.546,142] <dbg> bttester_bap_broadcast: stream_recv: Incoming audio on stream 0x200144b8 len 0 flags 0x0A seq_num 101 and ts 7373930
[00:00:21.546,356] <dbg> bttester_bap_broadcast: stream_recv: Incoming audio on stream 0x20014610 len 0 flags 0x0A seq_num 101 and ts 7373930
[00:00:21.553,649] <dbg> bttester_bap_broadcast: stream_recv: Incoming audio on stream 0x200144b8 len 0 flags 0x0A seq_num 102 and ts 7381431
[00:00:21.553,863] <dbg> bttester_bap_broadcast: stream_recv: Incoming audio on stream 0x20014610 len 0 flags 0x0A seq_num 102 and ts 7381431
[00:00:21.561,157] <dbg> bttester_bap_broadcast: stream_recv: Incoming audio on stream 0x200144b8 len 0 flags 0x0A seq_num 103 and ts 7388931
[00:00:21.561,340] <dbg> bttester_bap_broadcast: stream_recv: Incoming audio on stream 0x20014610 len 0 flags 0x0A seq_num 103 and ts 7388931
[00:00:21.568,664] <dbg> bttester_bap_broadcast: stream_recv: Incoming audio on stream 0x200144b8 len 0 flags 0x0A seq_num 104 and ts 7396431
[00:00:21.568,847] <dbg> bttester_bap_broadcast: stream_recv: Incoming audio on stream 0x20014610 len 0 flags 0x0A seq_num 104 and ts 7396431
[00:00:21.576,202] <dbg> bttester_bap_broadcast: stream_recv: Incoming audio on stream 0x200144b8 len 0 flags 0x0A seq_num 105 and ts 7403932
[00:00:21.576,416] <dbg> bttester_bap_broadcast: stream_recv: Incoming audio on stream 0x20014610 len 0 flags 0x0A seq_num 105 and ts 7403932
[00:00:21.583,709] <dbg> bttester_bap_broadcast: stream_recv: Incoming audio on stream 0x200144b8 len 0 flags 0x0A seq_num 106 and ts 7411431
[00:00:21.583,892] <dbg> bttester_bap_broadcast: stream_recv: Incoming audio on stream 0x20014610 len 0 flags 0x0A seq_num 106 and ts 7411431
[00:00:21.591,186] <dbg> bttester_bap_broadcast: stream_recv: Incoming audio on stream 0x200144b8 len 0 flags 0x0A seq_num 107 and ts 7418931
[00:00:21.591,400] <dbg> bttester_bap_broadcast: stream_recv: Incoming audio on stream 0x20014610 len 0 flags 0x0A seq_num 107 and ts 7418931
[00:00:21.598,693] <dbg> bttester_bap_broadcast: stream_recv: Incoming audio on stream 0x200144b8 len 0 flags 0x0A seq_num 108 and ts 7426432
[00:00:21.598,876] <dbg> bttester_bap_broadcast: stream_recv: Incoming audio on stream 0x20014610 len 0 flags 0x0A seq_num 108 and ts 7426432
[00:00:21.606,201] <dbg> bttester_bap_broadcast: stream_recv: Incoming audio on stream 0x200144b8 len 0 flags 0x0A seq_num 109 and ts 7433931
[00:00:21.606,384] <dbg> bttester_bap_broadcast: stream_recv: Incoming audio on stream 0x20014610 len 0 flags 0x0A seq_num 109 and ts 7433931
[00:00:21.613,677] <dbg> bttester_bap_broadcast: stream_recv: Incoming audio on stream 0x200144b8 len 0 flags 0x0A seq_num 110 and ts 7441432
[00:00:21.613,861] <dbg> bttester_bap_broadcast: stream_recv: Incoming audio on stream 0x20014610 len 0 flags 0x0A seq_num 110 and ts 7441432
[00:00:21.621,154] <dbg> bttester_bap_broadcast: stream_recv: Incoming audio on stream 0x200144b8 len 0 flags 0x0A seq_num 111 and ts 7448932
[00:00:21.621,337] <dbg> bttester_bap_broadcast: stream_recv: Incoming audio on stream 0x20014610 len 0 flags 0x0A seq_num 111 and ts 7448932
[00:00:21.628,662] <dbg> bttester_bap_broadcast: stream_recv: Incoming audio on stream 0x200144b8 len 0 flags 0x0A seq_num 112 and ts 7456432
[00:00:21.628,845] <dbg> bttester_bap_broadcast: stream_recv: Incoming audio on stream 0x20014610 len 0 flags 0x0A seq_num 112 and ts 7456432
[00:00:21.636,169] <dbg> bttester_bap_broadcast: stream_recv: Incoming audio on stream 0x200144b8 len 0 flags 0x0A seq_num 113 and ts 7463933
[00:00:21.636,352] <dbg> bttester_bap_broadcast: stream_recv: Incoming audio on stream 0x20014610 len 0 flags 0x0A seq_num 113 and ts 7463933
[00:00:21.643,646] <dbg> bttester_bap_broadcast: stream_recv: Incoming audio on stream 0x200144b8 len 0 flags 0x0A seq_num 114 and ts 7471433
[00:00:21.643,859] <dbg> bttester_bap_broadcast: stream_recv: Incoming audio on stream 0x20014610 len 0 flags 0x0A seq_num 114 and ts 7471433
[00:00:21.651,153] <dbg> bttester_bap_broadcast: stream_recv: Incoming audio on stream 0x200144b8 len 0 flags 0x0A seq_num 115 and ts 7478932
[00:00:21.651,367] <dbg> bttester_bap_broadcast: stream_recv: Incoming audio on stream 0x20014610 len 0 flags 0x0A seq_num 115 and ts 7478932
[00:00:21.658,660] <dbg> bttester_bap_broadcast: stream_recv: Incoming audio on stream 0x200144b8 len 0 flags 0x0A seq_num 116 and ts 7486433
[00:00:21.658,843] <dbg> bttester_bap_broadcast: stream_recv: Incoming audio on stream 0x20014610 len 0 flags 0x0A seq_num 116 and ts 7486433
[00:00:21.666,168] <dbg> bttester_bap_broadcast: stream_recv: Incoming audio on stream 0x200144b8 len 0 flags 0x0A seq_num 117 and ts 7493932
[00:00:21.666,351] <dbg> bttester_bap_broadcast: stream_recv: Incoming audio on stream 0x20014610 len 0 flags 0x0A seq_num 117 and ts 7493932
[00:00:21.673,645] <dbg> bttester_bap_broadcast: stream_recv: Incoming audio on stream 0x200144b8 len 0 flags 0x0A seq_num 118 and ts 7501433
[00:00:21.673,858] <dbg> bttester_bap_broadcast: stream_recv: Incoming audio on stream 0x20014610 len 0 flags 0x0A seq_num 118 and ts 7501433
[00:00:21.681,152] <dbg> bttester_bap_broadcast: stream_recv: Incoming audio on stream 0x200144b8 len 0 flags 0x0A seq_num 119 and ts 7508933
[00:00:21.681,365] <dbg> bttester_bap_broadcast: stream_recv: Incoming audio on stream 0x20014610 len 0 flags 0x0A seq_num 119 and ts 7508933
[00:00:21.688,659] <dbg> bttester_bap_broadcast: stream_recv: Incoming audio on stream 0x200144b8 len 0 flags 0x0A seq_num 120 and ts 7516433
[00:00:21.688,873] <dbg> bttester_bap_broadcast: stream_recv: Incoming audio on stream 0x20014610 len 0 flags 0x0A seq_num 120 and ts 7516433
[00:00:21.696,166] <dbg> bttester_bap_broadcast: stream_recv: Incoming audio on stream 0x200144b8 len 0 flags 0x0A seq_num 121 and ts 7523933
[00:00:21.696,350] <dbg> bttester_bap_broadcast: stream_recv: Incoming audio on stream 0x20014610 len 0 flags 0x0A seq_num 121 and ts 7523933
[00:00:21.703,674] <dbg> bttester_bap_broadcast: stream_recv: Incoming audio on stream 0x200144b8 len 0 flags 0x0A seq_num 122 and ts 7531434
[00:00:21.703,857] <dbg> bttester_bap_broadcast: stream_recv: Incoming audio on stream 0x20014610 len 0 flags 0x0A seq_num 122 and ts 7531434
[00:00:21.711,151] <dbg> bttester_bap_broadcast: stream_recv: Incoming audio on stream 0x200144b8 len 0 flags 0x0A seq_num 123 and ts 7538934
[00:00:21.711,364] <dbg> bttester_bap_broadcast: stream_recv: Incoming audio on stream 0x20014610 len 0 flags 0x0A seq_num 123 and ts 7538934
[00:00:21.718,658] <dbg> bttester_bap_broadcast: stream_recv: Incoming audio on stream 0x200144b8 len 0 flags 0x0A seq_num 124 and ts 7546434
[00:00:21.718,841] <dbg> bttester_bap_broadcast: stream_recv: Incoming audio on stream 0x20014610 len 0 flags 0x0A seq_num 124 and ts 7546434
[00:00:21.726,165] <dbg> bttester_bap_broadcast: stream_recv: Incoming audio on stream 0x200144b8 len 0 flags 0x0A seq_num 125 and ts 7553934
[00:00:21.726,379] <dbg> bttester_bap_broadcast: stream_recv: Incoming audio on stream 0x20014610 len 0 flags 0x0A seq_num 125 and ts 7553934
[00:00:21.733,673] <dbg> bttester_bap_broadcast: stream_recv: Incoming audio on stream 0x200144b8 len 0 flags 0x0A seq_num 126 and ts 7561434
[00:00:21.733,856] <dbg> bttester_bap_broadcast: stream_recv: Incoming audio on stream 0x20014610 len 0 flags 0x0A seq_num 126 and ts 7561434
[00:00:21.741,149] <dbg> bttester_bap_broadcast: stream_recv: Incoming audio on stream 0x200144b8 len 0 flags 0x0A seq_num 127 and ts 7568934
[00:00:21.741,363] <dbg> bttester_bap_broadcast: stream_recv: Incoming audio on stream 0x20014610 len 0 flags 0x0A seq_num 127 and ts 7568934
[00:00:21.748,657] <dbg> bttester_bap_broadcast: stream_recv: Incoming audio on stream 0x200144b8 len 0 flags 0x0A seq_num 128 and ts 7576434
[00:00:21.748,870] <dbg> bttester_bap_broadcast: stream_recv: Incoming audio on stream 0x20014610 len 0 flags 0x0A seq_num 128 and ts 7576434
[00:00:21.756,164] <dbg> bttester_bap_broadcast: stream_recv: Incoming audio on stream 0x200144b8 len 0 flags 0x0A seq_num 129 and ts 7583934
[00:00:21.756,347] <dbg> bttester_bap_broadcast: stream_recv: Incoming audio on stream 0x20014610 len 0 flags 0x0A seq_num 129 and ts 7583934
[00:00:21.763,671] <dbg> bttester_bap_broadcast: stream_recv: Incoming audio on stream 0x200144b8 len 0 flags 0x0A seq_num 130 and ts 7591434
[00:00:21.763,885] <dbg> bttester_bap_broadcast: stream_recv: Incoming audio on stream 0x20014610 len 0 flags 0x0A seq_num 130 and ts 7591434
[00:00:21.771,148] <dbg> bttester_bap_broadcast: stream_recv: Incoming audio on stream 0x200144b8 len 0 flags 0x0A seq_num 131 and ts 7598935
[00:00:21.771,362] <dbg> bttester_bap_broadcast: stream_recv: Incoming audio on stream 0x20014610 len 0 flags 0x0A seq_num 131 and ts 7598935
[00:00:21.778,656] <dbg> bttester_bap_broadcast: stream_recv: Incoming audio on stream 0x200144b8 len 0 flags 0x0A seq_num 132 and ts 7606435
[00:00:21.778,869] <dbg> bttester_bap_broadcast: stream_recv: Incoming audio on stream 0x20014610 len 0 flags 0x0A seq_num 132 and ts 7606435
[00:00:21.786,193] <dbg> bttester_bap_broadcast: stream_recv: Incoming audio on stream 0x200144b8 len 0 flags 0x0A seq_num 133 and ts 7613936
[00:00:21.786,376] <dbg> bttester_bap_broadcast: stream_recv: Incoming audio on stream 0x20014610 len 0 flags 0x0A seq_num 133 and ts 7613936
[00:00:21.793,701] <dbg> bttester_bap_broadcast: stream_recv: Incoming audio on stream 0x200144b8 len 0 flags 0x0A seq_num 134 and ts 7621435
[00:00:21.793,884] <dbg> bttester_bap_broadcast: stream_recv: Incoming audio on stream 0x20014610 len 0 flags 0x0A seq_num 134 and ts 7621435
[00:00:21.801,208] <dbg> bttester_bap_broadcast: stream_recv: Incoming audio on stream 0x200144b8 len 0 flags 0x0A seq_num 135 and ts 7628935
[00:00:21.801,422] <dbg> bttester_bap_broadcast: stream_recv: Incoming audio on stream 0x20014610 len 0 flags 0x0A seq_num 135 and ts 7628935
[00:00:21.808,715] <dbg> bttester_bap_broadcast: stream_recv: Incoming audio on stream 0x200144b8 len 0 flags 0x0A seq_num 136 and ts 7636436
[00:00:21.808,929] <dbg> bttester_bap_broadcast: stream_recv: Incoming audio on stream 0x20014610 len 0 flags 0x0A seq_num 136 and ts 7636436
[00:00:21.816,162] <dbg> bttester_bap_broadcast: stream_recv: Incoming audio on stream 0x200144b8 len 0 flags 0x0A seq_num 137 and ts 7643936
[00:00:21.816,345] <dbg> bttester_bap_broadcast: stream_recv: Incoming audio on stream 0x20014610 len 0 flags 0x0A seq_num 137 and ts 7643936
[00:00:21.823,669] <dbg> bttester_bap_broadcast: stream_recv: Incoming audio on stream 0x200144b8 len 0 flags 0x0A seq_num 138 and ts 7651435
[00:00:21.823,852] <dbg> bttester_bap_broadcast: stream_recv: Incoming audio on stream 0x20014610 len 0 flags 0x0A seq_num 138 and ts 7651435
[00:00:21.831,176] <dbg> bttester_bap_broadcast: stream_recv: Incoming audio on stream 0x200144b8 len 0 flags 0x0A seq_num 139 and ts 7658935
[00:00:21.831,359] <dbg> bttester_bap_broadcast: stream_recv: Incoming audio on stream 0x20014610 len 0 flags 0x0A seq_num 139 and ts 7658935
[00:00:21.838,684] <dbg> bttester_bap_broadcast: stream_recv: Incoming audio on stream 0x200144b8 len 0 flags 0x0A seq_num 140 and ts 7666435
[00:00:21.838,867] <dbg> bttester_bap_broadcast: stream_recv: Incoming audio on stream 0x20014610 len 0 flags 0x0A seq_num 140 and ts 7666435
[00:00:21.846,160] <dbg> bttester_bap_broadcast: stream_recv: Incoming audio on stream 0x200144b8 len 0 flags 0x0A seq_num 141 and ts 7673936
[00:00:21.846,343] <dbg> bttester_bap_broadcast: stream_recv: Incoming audio on stream 0x20014610 len 0 flags 0x0A seq_num 141 and ts 7673936
[00:00:21.853,668] <dbg> bttester_bap_broadcast: stream_recv: Incoming audio on stream 0x200144b8 len 0 flags 0x0A seq_num 142 and ts 7681435
[00:00:21.853,851] <dbg> bttester_bap_broadcast: stream_recv: Incoming audio on stream 0x20014610 len 0 flags 0x0A seq_num 142 and ts 7681435
[00:00:21.861,175] <dbg> bttester_bap_broadcast: stream_recv: Incoming audio on stream 0x200144b8 len 0 flags 0x0A seq_num 143 and ts 7688936
[00:00:21.861,358] <dbg> bttester_bap_broadcast: stream_recv: Incoming audio on stream 0x20014610 len 0 flags 0x0A seq_num 143 and ts 7688936
[00:00:21.868,652] <dbg> bttester_bap_broadcast: stream_recv: Incoming audio on stream 0x200144b8 len 0 flags 0x0A seq_num 144 and ts 7696436
[00:00:21.868,865] <dbg> bttester_bap_broadcast: stream_recv: Incoming audio on stream 0x20014610 len 0 flags 0x0A seq_num 144 and ts 7696436
[00:00:21.876,159] <dbg> bttester_bap_broadcast: stream_recv: Incoming audio on stream 0x200144b8 len 0 flags 0x0A seq_num 145 and ts 7703936
[00:00:21.876,373] <dbg> bttester_bap_broadcast: stream_recv: Incoming audio on stream 0x20014610 len 0 flags 0x0A seq_num 145 and ts 7703936
[00:00:21.883,666] <dbg> bttester_bap_broadcast: stream_recv: Incoming audio on stream 0x200144b8 len 0 flags 0x0A seq_num 146 and ts 7711436
[00:00:21.883,850] <dbg> bttester_bap_broadcast: stream_recv: Incoming audio on stream 0x20014610 len 0 flags 0x0A seq_num 146 and ts 7711436
[00:00:21.891,174] <dbg> bttester_bap_broadcast: stream_recv: Incoming audio on stream 0x200144b8 len 0 flags 0x0A seq_num 147 and ts 7718937
[00:00:21.891,357] <dbg> bttester_bap_broadcast: stream_recv: Incoming audio on stream 0x20014610 len 0 flags 0x0A seq_num 147 and ts 7718937
[00:00:21.898,651] <dbg> bttester_bap_broadcast: stream_recv: Incoming audio on stream 0x200144b8 len 0 flags 0x0A seq_num 148 and ts 7726437
[00:00:21.898,864] <dbg> bttester_bap_broadcast: stream_recv: Incoming audio on stream 0x20014610 len 0 flags 0x0A seq_num 148 and ts 7726437
[00:00:21.906,158] <dbg> bttester_bap_broadcast: stream_recv: Incoming audio on stream 0x200144b8 len 0 flags 0x0A seq_num 149 and ts 7733936
[00:00:21.906,372] <dbg> bttester_bap_broadcast: stream_recv: Incoming audio on stream 0x20014610 len 0 flags 0x0A seq_num 149 and ts 7733936
[00:00:21.913,665] <dbg> bttester_bap_broadcast: stream_recv: Incoming audio on stream 0x200144b8 len 0 flags 0x0A seq_num 150 and ts 7741436
[00:00:21.913,879] <dbg> bttester_bap_broadcast: stream_recv: Incoming audio on stream 0x20014610 len 0 flags 0x0A seq_num 150 and ts 7741436
[00:00:21.921,173] <dbg> bttester_bap_broadcast: stream_recv: Incoming audio on stream 0x200144b8 len 0 flags 0x0A seq_num 151 and ts 7748937
[00:00:21.921,356] <dbg> bttester_bap_broadcast: stream_recv: Incoming audio on stream 0x20014610 len 0 flags 0x0A seq_num 151 and ts 7748937
[00:00:21.928,649] <dbg> bttester_bap_broadcast: stream_recv: Incoming audio on stream 0x200144b8 len 0 flags 0x0A seq_num 152 and ts 7756437
[00:00:21.928,863] <dbg> bttester_bap_broadcast: stream_recv: Incoming audio on stream 0x20014610 len 0 flags 0x0A seq_num 152 and ts 7756437
[00:00:21.936,157] <dbg> bttester_bap_broadcast: stream_recv: Incoming audio on stream 0x200144b8 len 0 flags 0x0A seq_num 153 and ts 7763938
[00:00:21.936,370] <dbg> bttester_bap_broadcast: stream_recv: Incoming audio on stream 0x20014610 len 0 flags 0x0A seq_num 153 and ts 7763938
[00:00:21.943,664] <dbg> bttester_bap_broadcast: stream_recv: Incoming audio on stream 0x200144b8 len 0 flags 0x0A seq_num 154 and ts 7771438
[00:00:21.943,847] <dbg> bttester_bap_broadcast: stream_recv: Incoming audio on stream 0x20014610 len 0 flags 0x0A seq_num 154 and ts 7771438
[00:00:21.951,171] <dbg> bttester_bap_broadcast: stream_recv: Incoming audio on stream 0x200144b8 len 0 flags 0x0A seq_num 155 and ts 7778937
[00:00:21.951,385] <dbg> bttester_bap_broadcast: stream_recv: Incoming audio on stream 0x20014610 len 0 flags 0x0A seq_num 155 and ts 7778937
[00:00:21.958,648] <dbg> bttester_bap_broadcast: stream_recv: Incoming audio on stream 0x200144b8 len 0 flags 0x0A seq_num 156 and ts 7786437
[00:00:21.958,862] <dbg> bttester_bap_broadcast: stream_recv: Incoming audio on stream 0x20014610 len 0 flags 0x0A seq_num 156 and ts 7786437
[00:00:21.966,156] <dbg> bttester_bap_broadcast: stream_recv: Incoming audio on stream 0x200144b8 len 0 flags 0x0A seq_num 157 and ts 7793938
[00:00:21.966,369] <dbg> bttester_bap_broadcast: stream_recv: Incoming audio on stream 0x20014610 len 0 flags 0x0A seq_num 157 and ts 7793938
[00:00:21.973,663] <dbg> bttester_bap_broadcast: stream_recv: Incoming audio on stream 0x200144b8 len 0 flags 0x0A seq_num 158 and ts 7801439
[00:00:21.973,846] <dbg> bttester_bap_broadcast: stream_recv: Incoming audio on stream 0x20014610 len 0 flags 0x0A seq_num 158 and ts 7801439
[00:00:21.981,170] <dbg> bttester_bap_broadcast: stream_recv: Incoming audio on stream 0x200144b8 len 0 flags 0x0A seq_num 159 and ts 7808938
[00:00:21.981,353] <dbg> bttester_bap_broadcast: stream_recv: Incoming audio on stream 0x20014610 len 0 flags 0x0A seq_num 159 and ts 7808938
[00:00:21.988,708] <dbg> bttester_bap_broadcast: stream_recv: Incoming audio on stream 0x200144b8 len 0 flags 0x0A seq_num 160 and ts 7816438
[00:00:21.988,922] <dbg> bttester_bap_broadcast: stream_recv: Incoming audio on stream 0x20014610 len 0 flags 0x0A seq_num 160 and ts 7816438
[00:00:21.996,215] <dbg> bttester_bap_broadcast: stream_recv: Incoming audio on stream 0x200144b8 len 0 flags 0x0A seq_num 161 and ts 7823938
[00:00:21.996,398] <dbg> bttester_bap_broadcast: stream_recv: Incoming audio on stream 0x20014610 len 0 flags 0x0A seq_num 161 and ts 7823938
[00:00:22.003,692] <dbg> bttester_bap_broadcast: stream_recv: Incoming audio on stream 0x200144b8 len 0 flags 0x0A seq_num 162 and ts 7831438
[00:00:22.003,906] <dbg> bttester_bap_broadcast: stream_recv: Incoming audio on stream 0x20014610 len 0 flags 0x0A seq_num 162 and ts 7831438
[00:00:22.011,199] <dbg> bttester_bap_broadcast: stream_recv: Incoming audio on stream 0x200144b8 len 0 flags 0x0A seq_num 163 and ts 7838939
[00:00:22.011,383] <dbg> bttester_bap_broadcast: stream_recv: Incoming audio on stream 0x20014610 len 0 flags 0x0A seq_num 163 and ts 7838939
[00:00:22.018,676] <dbg> bttester_bap_broadcast: stream_recv: Incoming audio on stream 0x200144b8 len 0 flags 0x0A seq_num 164 and ts 7846438
[00:00:22.018,859] <dbg> bttester_bap_broadcast: stream_recv: Incoming audio on stream 0x20014610 len 0 flags 0x0A seq_num 164 and ts 7846438
[00:00:22.026,184] <dbg> bttester_bap_broadcast: stream_recv: Incoming audio on stream 0x200144b8 len 0 flags 0x0A seq_num 165 and ts 7853938
[00:00:22.026,367] <dbg> bttester_bap_broadcast: stream_recv: Incoming audio on stream 0x20014610 len 0 flags 0x0A seq_num 165 and ts 7853938
[00:00:22.033,660] <dbg> bttester_bap_broadcast: stream_recv: Incoming audio on stream 0x200144b8 len 0 flags 0x0A seq_num 166 and ts 7861439
[00:00:22.033,874] <dbg> bttester_bap_broadcast: stream_recv: Incoming audio on stream 0x20014610 len 0 flags 0x0A seq_num 166 and ts 7861439
[00:00:22.041,168] <dbg> bttester_bap_broadcast: stream_recv: Incoming audio on stream 0x200144b8 len 0 flags 0x0A seq_num 167 and ts 7868939
[00:00:22.041,351] <dbg> bttester_bap_broadcast: stream_recv: Incoming audio on stream 0x20014610 len 0 flags 0x0A seq_num 167 and ts 7868939
[00:00:22.048,675] <dbg> bttester_bap_broadcast: stream_recv: Incoming audio on stream 0x200144b8 len 0 flags 0x0A seq_num 168 and ts 7876439
[00:00:22.048,858] <dbg> bttester_bap_broadcast: stream_recv: Incoming audio on stream 0x20014610 len 0 flags 0x0A seq_num 168 and ts 7876439
[00:00:22.056,152] <dbg> bttester_bap_broadcast: stream_recv: Incoming audio on stream 0x200144b8 len 0 flags 0x0A seq_num 169 and ts 7883939
[00:00:22.056,365] <dbg> bttester_bap_broadcast: stream_recv: Incoming audio on stream 0x20014610 len 0 flags 0x0A seq_num 169 and ts 7883939
[00:00:22.063,659] <dbg> bttester_bap_broadcast: stream_recv: Incoming audio on stream 0x200144b8 len 0 flags 0x0A seq_num 170 and ts 7891439
[00:00:22.063,873] <dbg> bttester_bap_broadcast: stream_recv: Incoming audio on stream 0x20014610 len 0 flags 0x0A seq_num 170 and ts 7891439
[00:00:22.071,166] <dbg> bttester_bap_broadcast: stream_recv: Incoming audio on stream 0x200144b8 len 0 flags 0x0A seq_num 171 and ts 7898940
[00:00:22.071,350] <dbg> bttester_bap_broadcast: stream_recv: Incoming audio on stream 0x20014610 len 0 flags 0x0A seq_num 171 and ts 7898940
[00:00:22.078,674] <dbg> bttester_bap_broadcast: stream_recv: Incoming audio on stream 0x200144b8 len 0 flags 0x0A seq_num 172 and ts 7906440
[00:00:22.078,857] <dbg> bttester_bap_broadcast: stream_recv: Incoming audio on stream 0x20014610 len 0 flags 0x0A seq_num 172 and ts 7906440
[00:00:22.086,181] <dbg> bttester_bap_broadcast: stream_recv: Incoming audio on stream 0x200144b8 len 0 flags 0x0A seq_num 173 and ts 7913940
[00:00:22.086,364] <dbg> bttester_bap_broadcast: stream_recv: Incoming audio on stream 0x20014610 len 0 flags 0x0A seq_num 173 and ts 7913940
[00:00:22.093,658] <dbg> bttester_bap_broadcast: stream_recv: Incoming audio on stream 0x200144b8 len 0 flags 0x0A seq_num 174 and ts 7921440
[00:00:22.093,872] <dbg> bttester_bap_broadcast: stream_recv: Incoming audio on stream 0x20014610 len 0 flags 0x0A seq_num 174 and ts 7921440
[00:00:22.101,196] <dbg> bttester_bap_broadcast: stream_recv: Incoming audio on stream 0x200144b8 len 0 flags 0x0A seq_num 175 and ts 7928940
[00:00:22.101,409] <dbg> bttester_bap_broadcast: stream_recv: Incoming audio on stream 0x20014610 len 0 flags 0x0A seq_num 175 and ts 7928940
[00:00:22.108,673] <dbg> bttester_bap_broadcast: stream_recv: Incoming audio on stream 0x200144b8 len 0 flags 0x0A seq_num 176 and ts 7936440
[00:00:22.108,856] <dbg> bttester_bap_broadcast: stream_recv: Incoming audio on stream 0x20014610 len 0 flags 0x0A seq_num 176 and ts 7936440
[00:00:22.116,180] <dbg> bttester_bap_broadcast: stream_recv: Incoming audio on stream 0x200144b8 len 0 flags 0x0A seq_num 177 and ts 7943941
[00:00:22.116,363] <dbg> bttester_bap_broadcast: stream_recv: Incoming audio on stream 0x20014610 len 0 flags 0x0A seq_num 177 and ts 7943941
[00:00:22.123,657] <dbg> bttester_bap_broadcast: stream_recv: Incoming audio on stream 0x200144b8 len 0 flags 0x0A seq_num 178 and ts 7951441
[00:00:22.123,870] <dbg> bttester_bap_broadcast: stream_recv: Incoming audio on stream 0x20014610 len 0 flags 0x0A seq_num 178 and ts 7951441
[00:00:22.131,164] <dbg> bttester_bap_broadcast: stream_recv: Incoming audio on stream 0x200144b8 len 0 flags 0x0A seq_num 179 and ts 7958940
[00:00:22.131,347] <dbg> bttester_bap_broadcast: stream_recv: Incoming audio on stream 0x20014610 len 0 flags 0x0A seq_num 179 and ts 7958940
[00:00:22.138,671] <dbg> bttester_bap_broadcast: stream_recv: Incoming audio on stream 0x200144b8 len 0 flags 0x0A seq_num 180 and ts 7966441
[00:00:22.138,885] <dbg> bttester_bap_broadcast: stream_recv: Incoming audio on stream 0x20014610 len 0 flags 0x0A seq_num 180 and ts 7966441
[00:00:22.146,179] <dbg> bttester_bap_broadcast: stream_recv: Incoming audio on stream 0x200144b8 len 0 flags 0x0A seq_num 181 and ts 7973940
[00:00:22.146,362] <dbg> bttester_bap_broadcast: stream_recv: Incoming audio on stream 0x20014610 len 0 flags 0x0A seq_num 181 and ts 7973940
[00:00:22.153,656] <dbg> bttester_bap_broadcast: stream_recv: Incoming audio on stream 0x200144b8 len 0 flags 0x0A seq_num 182 and ts 7981441
[00:00:22.153,869] <dbg> bttester_bap_broadcast: stream_recv: Incoming audio on stream 0x20014610 len 0 flags 0x0A seq_num 182 and ts 7981441
[00:00:22.161,163] <dbg> bttester_bap_broadcast: stream_recv: Incoming audio on stream 0x200144b8 len 0 flags 0x0A seq_num 183 and ts 7988941
[00:00:22.161,346] <dbg> bttester_bap_broadcast: stream_recv: Incoming audio on stream 0x20014610 len 0 flags 0x0A seq_num 183 and ts 7988941
[00:00:22.168,670] <dbg> bttester_bap_broadcast: stream_recv: Incoming audio on stream 0x200144b8 len 0 flags 0x0A seq_num 184 and ts 7996441
[00:00:22.168,853] <dbg> bttester_bap_broadcast: stream_recv: Incoming audio on stream 0x20014610 len 0 flags 0x0A seq_num 184 and ts 7996441
[00:00:22.176,177] <dbg> bttester_bap_broadcast: stream_recv: Incoming audio on stream 0x200144b8 len 0 flags 0x0A seq_num 185 and ts 8003941
[00:00:22.176,391] <dbg> bttester_bap_broadcast: stream_recv: Incoming audio on stream 0x20014610 len 0 flags 0x0A seq_num 185 and ts 8003941
[00:00:22.183,654] <dbg> bttester_bap_broadcast: stream_recv: Incoming audio on stream 0x200144b8 len 0 flags 0x0A seq_num 186 and ts 8011441
[00:00:22.183,868] <dbg> bttester_bap_broadcast: stream_recv: Incoming audio on stream 0x20014610 len 0 flags 0x0A seq_num 186 and ts 8011441
[00:00:22.191,192] <dbg> bttester_bap_broadcast: stream_recv: Incoming audio on stream 0x200144b8 len 0 flags 0x0A seq_num 187 and ts 8018941
[00:00:22.191,406] <dbg> bttester_bap_broadcast: stream_recv: Incoming audio on stream 0x20014610 len 0 flags 0x0A seq_num 187 and ts 8018941
[00:00:22.198,699] <dbg> bttester_bap_broadcast: stream_recv: Incoming audio on stream 0x200144b8 len 0 flags 0x0A seq_num 188 and ts 8026442
[00:00:22.198,913] <dbg> bttester_bap_broadcast: stream_recv: Incoming audio on stream 0x20014610 len 0 flags 0x0A seq_num 188 and ts 8026442
[00:00:22.206,207] <dbg> bttester_bap_broadcast: stream_recv: Incoming audio on stream 0x200144b8 len 0 flags 0x0A seq_num 189 and ts 8033942
[00:00:22.206,390] <dbg> bttester_bap_broadcast: stream_recv: Incoming audio on stream 0x20014610 len 0 flags 0x0A seq_num 189 and ts 8033942
[00:00:22.213,714] <dbg> bttester_bap_broadcast: stream_recv: Incoming audio on stream 0x200144b8 len 0 flags 0x0A seq_num 190 and ts 8041442
[00:00:22.213,928] <dbg> bttester_bap_broadcast: stream_recv: Incoming audio on stream 0x20014610 len 0 flags 0x0A seq_num 190 and ts 8041442
[00:00:22.221,160] <dbg> bttester_bap_broadcast: stream_recv: Incoming audio on stream 0x200144b8 len 0 flags 0x0A seq_num 191 and ts 8048942
[00:00:22.221,374] <dbg> bttester_bap_broadcast: stream_recv: Incoming audio on stream 0x20014610 len 0 flags 0x0A seq_num 191 and ts 8048942
[00:00:22.228,668] <dbg> bttester_bap_broadcast: stream_recv: Incoming audio on stream 0x200144b8 len 0 flags 0x0A seq_num 192 and ts 8056442
[00:00:22.228,851] <dbg> bttester_bap_broadcast: stream_recv: Incoming audio on stream 0x20014610 len 0 flags 0x0A seq_num 192 and ts 8056442
[00:00:22.236,175] <dbg> bttester_bap_broadcast: stream_recv: Incoming audio on stream 0x200144b8 len 0 flags 0x0A seq_num 193 and ts 8063942
[00:00:22.236,358] <dbg> bttester_bap_broadcast: stream_recv: Incoming audio on stream 0x20014610 len 0 flags 0x0A seq_num 193 and ts 8063942
[00:00:22.243,682] <dbg> bttester_bap_broadcast: stream_recv: Incoming audio on stream 0x200144b8 len 0 flags 0x0A seq_num 194 and ts 8071443
[00:00:22.243,865] <dbg> bttester_bap_broadcast: stream_recv: Incoming audio on stream 0x20014610 len 0 flags 0x0A seq_num 194 and ts 8071443
[00:00:22.251,159] <dbg> bttester_bap_broadcast: stream_recv: Incoming audio on stream 0x200144b8 len 0 flags 0x0A seq_num 195 and ts 8078942
[00:00:22.251,373] <dbg> bttester_bap_broadcast: stream_recv: Incoming audio on stream 0x20014610 len 0 flags 0x0A seq_num 195 and ts 8078942
[00:00:22.258,666] <dbg> bttester_bap_broadcast: stream_recv: Incoming audio on stream 0x200144b8 len 0 flags 0x0A seq_num 196 and ts 8086442
[00:00:22.258,850] <dbg> bttester_bap_broadcast: stream_recv: Incoming audio on stream 0x20014610 len 0 flags 0x0A seq_num 196 and ts 8086442
[00:00:22.266,174] <dbg> bttester_bap_broadcast: stream_recv: Incoming audio on stream 0x200144b8 len 0 flags 0x0A seq_num 197 and ts 8093944
[00:00:22.266,357] <dbg> bttester_bap_broadcast: stream_recv: Incoming audio on stream 0x20014610 len 0 flags 0x0A seq_num 197 and ts 8093944
[00:00:22.269,775] <dbg> bttester_bap_broadcast: base_recv_cb: 
[00:00:22.269,805] <dbg> bttester_bap_broadcast: base_recv_cb: Received BASE: broadcast sink 0x20019484 subgroups 1
[00:00:22.269,866] <dbg> bttester: tester_event: service 0x0e opcode 0x85
[00:00:22.272,949] <dbg> bttester: tester_event: service 0x0e opcode 0x85
[00:00:22.276,031] <dbg> bttester_bap_broadcast: base_recv_cb: bis_index_bitfield 0x00000003
[00:00:22.276,367] <dbg> bttester_bap_broadcast: stream_recv: Incoming audio on stream 0x200144b8 len 0 flags 0x0A seq_num 198 and ts 8101443
[00:00:22.276,550] <dbg> bttester_bap_broadcast: stream_recv: Incoming audio on stream 0x20014610 len 0 flags 0x0A seq_num 198 and ts 8101443
[00:00:22.281,188] <dbg> bttester_bap_broadcast: stream_recv: Incoming audio on stream 0x200144b8 len 0 flags 0x0A seq_num 199 and ts 8108943
[00:00:22.281,372] <dbg> bttester_bap_broadcast: stream_recv: Incoming audio on stream 0x20014610 len 0 flags 0x0A seq_num 199 and ts 8108943
[00:00:22.288,665] <dbg> bttester_bap_broadcast: stream_recv: Incoming audio on stream 0x200144b8 len 0 flags 0x0A seq_num 200 and ts 8116444
[00:00:22.288,879] <dbg> bttester_bap_broadcast: stream_recv: Incoming audio on stream 0x20014610 len 0 flags 0x0A seq_num 200 and ts 8116444
[00:00:22.296,173] <dbg> bttester_bap_broadcast: stream_recv: Incoming audio on stream 0x200144b8 len 0 flags 0x0A seq_num 201 and ts 8123943
[00:00:22.296,356] <dbg> bttester_bap_broadcast: stream_recv: Incoming audio on stream 0x20014610 len 0 flags 0x0A seq_num 201 and ts 8123943
[00:00:22.303,680] <dbg> bttester_bap_broadcast: stream_recv: Incoming audio on stream 0x200144b8 len 0 flags 0x0A seq_num 202 and ts 8131444
[00:00:22.303,863] <dbg> bttester_bap_broadcast: stream_recv: Incoming audio on stream 0x20014610 len 0 flags 0x0A seq_num 202 and ts 8131444
[00:00:22.311,157] <dbg> bttester_bap_broadcast: stream_recv: Incoming audio on stream 0x200144b8 len 0 flags 0x0A seq_num 203 and ts 8138944
[00:00:22.311,370] <dbg> bttester_bap_broadcast: stream_recv: Incoming audio on stream 0x20014610 len 0 flags 0x0A seq_num 203 and ts 8138944
[00:00:22.318,664] <dbg> bttester_bap_broadcast: stream_recv: Incoming audio on stream 0x200144b8 len 0 flags 0x0A seq_num 204 and ts 8146444
[00:00:22.318,878] <dbg> bttester_bap_broadcast: stream_recv: Incoming audio on stream 0x20014610 len 0 flags 0x0A seq_num 204 and ts 8146444
[00:00:22.326,171] <dbg> bttester_bap_broadcast: stream_recv: Incoming audio on stream 0x200144b8 len 0 flags 0x0A seq_num 205 and ts 8153944
[00:00:22.326,385] <dbg> bttester_bap_broadcast: stream_recv: Incoming audio on stream 0x20014610 len 0 flags 0x0A seq_num 205 and ts 8153944
[00:00:22.333,679] <dbg> bttester_bap_broadcast: stream_recv: Incoming audio on stream 0x200144b8 len 0 flags 0x0A seq_num 206 and ts 8161443
[00:00:22.333,862] <dbg> bttester_bap_broadcast: stream_recv: Incoming audio on stream 0x20014610 len 0 flags 0x0A seq_num 206 and ts 8161443
[00:00:22.341,186] <dbg> bttester_bap_broadcast: stream_recv: Incoming audio on stream 0x200144b8 len 0 flags 0x0A seq_num 207 and ts 8168944
[00:00:22.341,369] <dbg> bttester_bap_broadcast: stream_recv: Incoming audio on stream 0x20014610 len 0 flags 0x0A seq_num 207 and ts 8168944
[00:00:22.348,663] <dbg> bttester_bap_broadcast: stream_recv: Incoming audio on stream 0x200144b8 len 0 flags 0x0A seq_num 208 and ts 8176444
[00:00:22.348,876] <dbg> bttester_bap_broadcast: stream_recv: Incoming audio on stream 0x20014610 len 0 flags 0x0A seq_num 208 and ts 8176444
[00:00:22.356,170] <dbg> bttester_bap_broadcast: stream_recv: Incoming audio on stream 0x200144b8 len 0 flags 0x0A seq_num 209 and ts 8183944
[00:00:22.356,353] <dbg> bttester_bap_broadcast: stream_recv: Incoming audio on stream 0x20014610 len 0 flags 0x0A seq_num 209 and ts 8183944
[00:00:22.363,677] <dbg> bttester_bap_broadcast: stream_recv: Incoming audio on stream 0x200144b8 len 0 flags 0x0A seq_num 210 and ts 8191445
[00:00:22.363,891] <dbg> bttester_bap_broadcast: stream_recv: Incoming audio on stream 0x20014610 len 0 flags 0x0A seq_num 210 and ts 8191445
[00:00:22.371,185] <dbg> bttester_bap_broadcast: stream_recv: Incoming audio on stream 0x200144b8 len 0 flags 0x0A seq_num 211 and ts 8198945
[00:00:22.371,368] <dbg> bttester_bap_broadcast: stream_recv: Incoming audio on stream 0x20014610 len 0 flags 0x0A seq_num 211 and ts 8198945
[00:00:22.378,662] <dbg> bttester_bap_broadcast: stream_recv: Incoming audio on stream 0x200144b8 len 0 flags 0x0A seq_num 212 and ts 8206444
[00:00:22.378,875] <dbg> bttester_bap_broadcast: stream_recv: Incoming audio on stream 0x20014610 len 0 flags 0x0A seq_num 212 and ts 8206444
[00:00:22.386,169] <dbg> bttester_bap_broadcast: stream_recv: Incoming audio on stream 0x200144b8 len 0 flags 0x0A seq_num 213 and ts 8213945
[00:00:22.386,352] <dbg> bttester_bap_broadcast: stream_recv: Incoming audio on stream 0x20014610 len 0 flags 0x0A seq_num 213 and ts 8213945
[00:00:22.393,707] <dbg> bttester_bap_broadcast: stream_recv: Incoming audio on stream 0x200144b8 len 0 flags 0x0A seq_num 214 and ts 8221445
[00:00:22.393,890] <dbg> bttester_bap_broadcast: stream_recv: Incoming audio on stream 0x20014610 len 0 flags 0x0A seq_num 214 and ts 8221445
[00:00:22.401,214] <dbg> bttester_bap_broadcast: stream_recv: Incoming audio on stream 0x200144b8 len 0 flags 0x0A seq_num 215 and ts 8228944
[00:00:22.401,428] <dbg> bttester_bap_broadcast: stream_recv: Incoming audio on stream 0x20014610 len 0 flags 0x0A seq_num 215 and ts 8228944
[00:00:22.408,721] <dbg> bttester_bap_broadcast: stream_recv: Incoming audio on stream 0x200144b8 len 0 flags 0x0A seq_num 216 and ts 8236445
[00:00:22.408,905] <dbg> bttester_bap_broadcast: stream_recv: Incoming audio on stream 0x20014610 len 0 flags 0x0A seq_num 216 and ts 8236445
[00:00:22.416,198] <dbg> bttester_bap_broadcast: stream_recv: Incoming audio on stream 0x200144b8 len 0 flags 0x0A seq_num 217 and ts 8243945
[00:00:22.416,412] <dbg> bttester_bap_broadcast: stream_recv: Incoming audio on stream 0x20014610 len 0 flags 0x0A seq_num 217 and ts 8243945
[00:00:22.423,675] <dbg> bttester_bap_broadcast: stream_recv: Incoming audio on stream 0x200144b8 len 0 flags 0x0A seq_num 218 and ts 8251445
[00:00:22.423,858] <dbg> bttester_bap_broadcast: stream_recv: Incoming audio on stream 0x20014610 len 0 flags 0x0A seq_num 218 and ts 8251445
[00:00:22.431,182] <dbg> bttester_bap_broadcast: stream_recv: Incoming audio on stream 0x200144b8 len 0 flags 0x0A seq_num 219 and ts 8258945
[00:00:22.431,365] <dbg> bttester_bap_broadcast: stream_recv: Incoming audio on stream 0x20014610 len 0 flags 0x0A seq_num 219 and ts 8258945
[00:00:22.438,690] <dbg> bttester_bap_broadcast: stream_recv: Incoming audio on stream 0x200144b8 len 0 flags 0x0A seq_num 220 and ts 8266445
[00:00:22.438,873] <dbg> bttester_bap_broadcast: stream_recv: Incoming audio on stream 0x20014610 len 0 flags 0x0A seq_num 220 and ts 8266445
[00:00:22.446,166] <dbg> bttester_bap_broadcast: stream_recv: Incoming audio on stream 0x200144b8 len 0 flags 0x0A seq_num 221 and ts 8273946
[00:00:22.446,350] <dbg> bttester_bap_broadcast: stream_recv: Incoming audio on stream 0x20014610 len 0 flags 0x0A seq_num 221 and ts 8273946
[00:00:22.453,674] <dbg> bttester_bap_broadcast: stream_recv: Incoming audio on stream 0x200144b8 len 0 flags 0x0A seq_num 222 and ts 8281445
[00:00:22.453,857] <dbg> bttester_bap_broadcast: stream_recv: Incoming audio on stream 0x20014610 len 0 flags 0x0A seq_num 222 and ts 8281445
[00:00:22.461,181] <dbg> bttester_bap_broadcast: stream_recv: Incoming audio on stream 0x200144b8 len 0 flags 0x0A seq_num 223 and ts 8288946
[00:00:22.461,364] <dbg> bttester_bap_broadcast: stream_recv: Incoming audio on stream 0x20014610 len 0 flags 0x0A seq_num 223 and ts 8288946
[00:00:22.468,688] <dbg> bttester_bap_broadcast: stream_recv: Incoming audio on stream 0x200144b8 len 0 flags 0x0A seq_num 224 and ts 8296446
[00:00:22.468,872] <dbg> bttester_bap_broadcast: stream_recv: Incoming audio on stream 0x20014610 len 0 flags 0x0A seq_num 224 and ts 8296446
[00:00:22.476,165] <dbg> bttester_bap_broadcast: stream_recv: Incoming audio on stream 0x200144b8 len 0 flags 0x0A seq_num 225 and ts 8303947
[00:00:22.476,379] <dbg> bttester_bap_broadcast: stream_recv: Incoming audio on stream 0x20014610 len 0 flags 0x0A seq_num 225 and ts 8303947
[00:00:22.483,673] <dbg> bttester_bap_broadcast: stream_recv: Incoming audio on stream 0x200144b8 len 0 flags 0x0A seq_num 226 and ts 8311446
[00:00:22.483,856] <dbg> bttester_bap_broadcast: stream_recv: Incoming audio on stream 0x20014610 len 0 flags 0x0A seq_num 226 and ts 8311446
[00:00:22.491,180] <dbg> bttester_bap_broadcast: stream_recv: Incoming audio on stream 0x200144b8 len 0 flags 0x0A seq_num 227 and ts 8318947
[00:00:22.491,363] <dbg> bttester_bap_broadcast: stream_recv: Incoming audio on stream 0x20014610 len 0 flags 0x0A seq_num 227 and ts 8318947
[00:00:22.498,687] <dbg> bttester_bap_broadcast: stream_recv: Incoming audio on stream 0x200144b8 len 0 flags 0x0A seq_num 228 and ts 8326447
[00:00:22.498,870] <dbg> bttester_bap_broadcast: stream_recv: Incoming audio on stream 0x20014610 len 0 flags 0x0A seq_num 228 and ts 8326447
[00:00:22.506,164] <dbg> bttester_bap_broadcast: stream_recv: Incoming audio on stream 0x200144b8 len 0 flags 0x0A seq_num 229 and ts 8333946
[00:00:22.506,378] <dbg> bttester_bap_broadcast: stream_recv: Incoming audio on stream 0x20014610 len 0 flags 0x0A seq_num 229 and ts 8333946
[00:00:22.513,671] <dbg> bttester_bap_broadcast: stream_recv: Incoming audio on stream 0x200144b8 len 0 flags 0x0A seq_num 230 and ts 8341447
[00:00:22.513,885] <dbg> bttester_bap_broadcast: stream_recv: Incoming audio on stream 0x20014610 len 0 flags 0x0A seq_num 230 and ts 8341447
[00:00:22.521,179] <dbg> bttester_bap_broadcast: stream_recv: Incoming audio on stream 0x200144b8 len 0 flags 0x0A seq_num 231 and ts 8348947
[00:00:22.521,362] <dbg> bttester_bap_broadcast: stream_recv: Incoming audio on stream 0x20014610 len 0 flags 0x0A seq_num 231 and ts 8348947
[00:00:22.528,686] <dbg> bttester_bap_broadcast: stream_recv: Incoming audio on stream 0x200144b8 len 0 flags 0x0A seq_num 232 and ts 8356447
[00:00:22.528,869] <dbg> bttester_bap_broadcast: stream_recv: Incoming audio on stream 0x20014610 len 0 flags 0x0A seq_num 232 and ts 8356447
[00:00:22.536,163] <dbg> bttester_bap_broadcast: stream_recv: Incoming audio on stream 0x200144b8 len 0 flags 0x0A seq_num 233 and ts 8363947
[00:00:22.536,376] <dbg> bttester_bap_broadcast: stream_recv: Incoming audio on stream 0x20014610 len 0 flags 0x0A seq_num 233 and ts 8363947
[00:00:22.543,670] <dbg> bttester_bap_broadcast: stream_recv: Incoming audio on stream 0x200144b8 len 0 flags 0x0A seq_num 234 and ts 8371447
[00:00:22.543,853] <dbg> bttester_bap_broadcast: stream_recv: Incoming audio on stream 0x20014610 len 0 flags 0x0A seq_num 234 and ts 8371447
[00:00:22.551,177] <dbg> bttester_bap_broadcast: stream_recv: Incoming audio on stream 0x200144b8 len 0 flags 0x0A seq_num 235 and ts 8378947
[00:00:22.551,391] <dbg> bttester_bap_broadcast: stream_recv: Incoming audio on stream 0x20014610 len 0 flags 0x0A seq_num 235 and ts 8378947
[00:00:22.558,715] <dbg> bttester_bap_broadcast: stream_recv: Incoming audio on stream 0x200144b8 len 0 flags 0x0A seq_num 236 and ts 8386449
[00:00:22.558,898] <dbg> bttester_bap_broadcast: stream_recv: Incoming audio on stream 0x20014610 len 0 flags 0x0A seq_num 236 and ts 8386449
[00:00:22.566,162] <dbg> bttester_bap_broadcast: stream_recv: Incoming audio on stream 0x200144b8 len 0 flags 0x0A seq_num 237 and ts 8393948
[00:00:22.566,375] <dbg> bttester_bap_broadcast: stream_recv: Incoming audio on stream 0x20014610 len 0 flags 0x0A seq_num 237 and ts 8393948
[00:00:22.573,669] <dbg> bttester_bap_broadcast: stream_recv: Incoming audio on stream 0x200144b8 len 0 flags 0x0A seq_num 238 and ts 8401449
[00:00:22.573,883] <dbg> bttester_bap_broadcast: stream_recv: Incoming audio on stream 0x20014610 len 0 flags 0x0A seq_num 238 and ts 8401449
[00:00:22.581,176] <dbg> bttester_bap_broadcast: stream_recv: Incoming audio on stream 0x200144b8 len 0 flags 0x0A seq_num 239 and ts 8408948
[00:00:22.581,359] <dbg> bttester_bap_broadcast: stream_recv: Incoming audio on stream 0x20014610 len 0 flags 0x0A seq_num 239 and ts 8408948
[00:00:22.588,684] <dbg> bttester_bap_broadcast: stream_recv: Incoming audio on stream 0x200144b8 len 0 flags 0x0A seq_num 240 and ts 8416448
[00:00:22.588,897] <dbg> bttester_bap_broadcast: stream_recv: Incoming audio on stream 0x20014610 len 0 flags 0x0A seq_num 240 and ts 8416448
[00:00:22.596,160] <dbg> bttester_bap_broadcast: stream_recv: Incoming audio on stream 0x200144b8 len 0 flags 0x0A seq_num 241 and ts 8423948
[00:00:22.596,374] <dbg> bttester_bap_broadcast: stream_recv: Incoming audio on stream 0x20014610 len 0 flags 0x0A seq_num 241 and ts 8423948
[00:00:22.603,698] <dbg> bttester_bap_broadcast: stream_recv: Incoming audio on stream 0x200144b8 len 0 flags 0x0A seq_num 242 and ts 8431448
[00:00:22.603,912] <dbg> bttester_bap_broadcast: stream_recv: Incoming audio on stream 0x20014610 len 0 flags 0x0A seq_num 242 and ts 8431448
[00:00:22.611,206] <dbg> bttester_bap_broadcast: stream_recv: Incoming audio on stream 0x200144b8 len 0 flags 0x0A seq_num 243 and ts 8438949
[00:00:22.611,419] <dbg> bttester_bap_broadcast: stream_recv: Incoming audio on stream 0x20014610 len 0 flags 0x0A seq_num 243 and ts 8438949
[00:00:22.618,713] <dbg> bttester_bap_broadcast: stream_recv: Incoming audio on stream 0x200144b8 len 0 flags 0x0A seq_num 244 and ts 8446448
[00:00:22.618,896] <dbg> bttester_bap_broadcast: stream_recv: Incoming audio on stream 0x20014610 len 0 flags 0x0A seq_num 244 and ts 8446448
[00:00:22.626,220] <dbg> bttester_bap_broadcast: stream_recv: Incoming audio on stream 0x200144b8 len 0 flags 0x0A seq_num 245 and ts 8453949
[00:00:22.626,434] <dbg> bttester_bap_broadcast: stream_recv: Incoming audio on stream 0x20014610 len 0 flags 0x0A seq_num 245 and ts 8453949
[00:00:22.633,666] <dbg> bttester_bap_broadcast: stream_recv: Incoming audio on stream 0x200144b8 len 0 flags 0x0A seq_num 246 and ts 8461449
[00:00:22.633,880] <dbg> bttester_bap_broadcast: stream_recv: Incoming audio on stream 0x20014610 len 0 flags 0x0A seq_num 246 and ts 8461449
[00:00:22.641,174] <dbg> bttester_bap_broadcast: stream_recv: Incoming audio on stream 0x200144b8 len 0 flags 0x0A seq_num 247 and ts 8468949
[00:00:22.641,357] <dbg> bttester_bap_broadcast: stream_recv: Incoming audio on stream 0x20014610 len 0 flags 0x0A seq_num 247 and ts 8468949
[00:00:22.648,681] <dbg> bttester_bap_broadcast: stream_recv: Incoming audio on stream 0x200144b8 len 0 flags 0x0A seq_num 248 and ts 8476449
[00:00:22.648,864] <dbg> bttester_bap_broadcast: stream_recv: Incoming audio on stream 0x20014610 len 0 flags 0x0A seq_num 248 and ts 8476449
[00:00:22.656,188] <dbg> bttester_bap_broadcast: stream_recv: Incoming audio on stream 0x200144b8 len 0 flags 0x0A seq_num 249 and ts 8483949
[00:00:22.656,372] <dbg> bttester_bap_broadcast: stream_recv: Incoming audio on stream 0x20014610 len 0 flags 0x0A seq_num 249 and ts 8483949
[00:00:22.663,696] <dbg> bttester_bap_broadcast: stream_recv: Incoming audio on stream 0x200144b8 len 0 flags 0x0A seq_num 250 and ts 8491450
[00:00:22.663,879] <dbg> bttester_bap_broadcast: stream_recv: Incoming audio on stream 0x20014610 len 0 flags 0x0A seq_num 250 and ts 8491450
[00:00:22.671,173] <dbg> bttester_bap_broadcast: stream_recv: Incoming audio on stream 0x200144b8 len 0 flags 0x0A seq_num 251 and ts 8498949
[00:00:22.671,356] <dbg> bttester_bap_broadcast: stream_recv: Incoming audio on stream 0x20014610 len 0 flags 0x0A seq_num 251 and ts 8498949
[00:00:22.678,680] <dbg> bttester_bap_broadcast: stream_recv: Incoming audio on stream 0x200144b8 len 0 flags 0x0A seq_num 252 and ts 8506450
[00:00:22.678,863] <dbg> bttester_bap_broadcast: stream_recv: Incoming audio on stream 0x20014610 len 0 flags 0x0A seq_num 252 and ts 8506450
[00:00:22.686,187] <dbg> bttester_bap_broadcast: stream_recv: Incoming audio on stream 0x200144b8 len 0 flags 0x0A seq_num 253 and ts 8513950
[00:00:22.686,370] <dbg> bttester_bap_broadcast: stream_recv: Incoming audio on stream 0x20014610 len 0 flags 0x0A seq_num 253 and ts 8513950
[00:00:22.693,664] <dbg> bttester_bap_broadcast: stream_recv: Incoming audio on stream 0x200144b8 len 0 flags 0x0A seq_num 254 and ts 8521450
[00:00:22.693,878] <dbg> bttester_bap_broadcast: stream_recv: Incoming audio on stream 0x20014610 len 0 flags 0x0A seq_num 254 and ts 8521450
[00:00:22.701,171] <dbg> bttester_bap_broadcast: stream_recv: Incoming audio on stream 0x200144b8 len 0 flags 0x0A seq_num 255 and ts 8528951
[00:00:22.701,385] <dbg> bttester_bap_broadcast: stream_recv: Incoming audio on stream 0x20014610 len 0 flags 0x0A seq_num 255 and ts 8528951
[00:00:22.708,679] <dbg> bttester_bap_broadcast: stream_recv: Incoming audio on stream 0x200144b8 len 0 flags 0x0A seq_num 256 and ts 8536450
[00:00:22.708,862] <dbg> bttester_bap_broadcast: stream_recv: Incoming audio on stream 0x20014610 len 0 flags 0x0A seq_num 256 and ts 8536450
[00:00:22.716,186] <dbg> bttester_bap_broadcast: stream_recv: Incoming audio on stream 0x200144b8 len 45 flags 0x09 seq_num 257 and ts 8543951
[00:00:22.716,217] <dbg> bttester_bap_broadcast: send_bis_stream_received_ev: Stream received, len 45
[00:00:22.716,247] <dbg> bttester: tester_event: service 0x0e opcode 0x87
[00:00:22.721,740] <dbg> bttester_bap_broadcast: stream_recv: Incoming audio on stream 0x20014610 len 0 flags 0x0A seq_num 257 and ts 8543951
[00:00:22.723,052] <dbg> bttester_bap_broadcast: stream_recv: Incoming audio on stream 0x20014610 len 45 flags 0x09 seq_num 258 and ts 8551451
[00:00:22.723,052] <dbg> bttester_bap_broadcast: send_bis_stream_received_ev: Stream received, len 45
[00:00:22.723,083] <dbg> bttester: tester_event: service 0x0e opcode 0x87
[00:00:23.019,775] <dbg> bttester_bap_broadcast: base_recv_cb: 
[00:00:23.019,805] <dbg> bttester_bap_broadcast: base_recv_cb: Received BASE: broadcast sink 0x20019484 subgroups 1
[00:00:23.019,866] <dbg> bttester: tester_event: service 0x0e opcode 0x85
[00:00:23.022,979] <dbg> bttester: tester_event: service 0x0e opcode 0x85
[00:00:23.026,062] <dbg> bttester_bap_broadcast: base_recv_cb: bis_index_bitfield 0x00000003
[00:00:23.769,805] <dbg> bttester_bap_broadcast: base_recv_cb: 
[00:00:23.769,836] <dbg> bttester_bap_broadcast: base_recv_cb: Received BASE: broadcast sink 0x20019484 subgroups 1
[00:00:23.769,897] <dbg> bttester: tester_event: service 0x0e opcode 0x85
[00:00:23.772,979] <dbg> bttester: tester_event: service 0x0e opcode 0x85
[00:00:23.776,062] <dbg> bttester_bap_broadcast: base_recv_cb: bis_index_bitfield 0x00000003
[00:00:24.519,805] <dbg> bttester_bap_broadcast: base_recv_cb: 
[00:00:24.519,836] <dbg> bttester_bap_broadcast: base_recv_cb: Received BASE: broadcast sink 0x20019484 subgroups 1
[00:00:24.519,897] <dbg> bttester: tester_event: service 0x0e opcode 0x85
[00:00:24.523,010] <dbg> bttester: tester_event: service 0x0e opcode 0x85
[00:00:24.526,092] <dbg> bttester_bap_broadcast: base_recv_cb: bis_index_bitfield 0x00000003
[00:00:25.269,836] <dbg> bttester_bap_broadcast: base_recv_cb: 
[00:00:25.269,836] <dbg> bttester_bap_broadcast: base_recv_cb: Received BASE: broadcast sink 0x20019484 subgroups 1
[00:00:25.269,897] <dbg> bttester: tester_event: service 0x0e opcode 0x85
[00:00:25.273,010] <dbg> bttester: tester_event: service 0x0e opcode 0x85
[00:00:25.276,092] <dbg> bttester_bap_broadcast: base_recv_cb: bis_index_bitfield 0x00000003
[00:00:26.019,836] <dbg> bttester_bap_broadcast: base_recv_cb: 
[00:00:26.019,866] <dbg> bttester_bap_broadcast: base_recv_cb: Received BASE: broadcast sink 0x20019484 subgroups 1
[00:00:26.019,927] <dbg> bttester: tester_event: service 0x0e opcode 0x85
[00:00:26.023,040] <dbg> bttester: tester_event: service 0x0e opcode 0x85
[00:00:26.026,123] <dbg> bttester_bap_broadcast: base_recv_cb: bis_index_bitfield 0x00000003
[00:00:26.769,866] <dbg> bttester_bap_broadcast: base_recv_cb: 
[00:00:26.769,866] <dbg> bttester_bap_broadcast: base_recv_cb: Received BASE: broadcast sink 0x20019484 subgroups 1
[00:00:26.769,927] <dbg> bttester: tester_event: service 0x0e opcode 0x85
[00:00:26.773,040] <dbg> bttester: tester_event: service 0x0e opcode 0x85
[00:00:26.776,123] <dbg> bttester_bap_broadcast: base_recv_cb: bis_index_bitfield 0x00000003
[00:00:27.519,866] <dbg> bttester_bap_broadcast: base_recv_cb: 
[00:00:27.519,897] <dbg> bttester_bap_broadcast: base_recv_cb: Received BASE: broadcast sink 0x20019484 subgroups 1
[00:00:27.519,958] <dbg> bttester: tester_event: service 0x0e opcode 0x85
[00:00:27.523,040] <dbg> bttester: tester_event: service 0x0e opcode 0x85
[00:00:27.526,153] <dbg> bttester_bap_broadcast: base_recv_cb: bis_index_bitfield 0x00000003
[00:00:28.269,866] <dbg> bttester_bap_broadcast: base_recv_cb: 
[00:00:28.269,897] <dbg> bttester_bap_broadcast: base_recv_cb: Received BASE: broadcast sink 0x20019484 subgroups 1
[00:00:28.269,958] <dbg> bttester: tester_event: service 0x0e opcode 0x85
[00:00:28.273,040] <dbg> bttester: tester_event: service 0x0e opcode 0x85
[00:00:28.276,153] <dbg> bttester_bap_broadcast: base_recv_cb: bis_index_bitfield 0x00000003
[00:00:29.019,897] <dbg> bttester_bap_broadcast: base_recv_cb: 
[00:00:29.019,927] <dbg> bttester_bap_broadcast: base_recv_cb: Received BASE: broadcast sink 0x20019484 subgroups 1
[00:00:29.019,989] <dbg> bttester: tester_event: service 0x0e opcode 0x85
[00:00:29.023,101] <dbg> bttester: tester_event: service 0x0e opcode 0x85
[00:00:29.026,214] <dbg> bttester_bap_broadcast: base_recv_cb: bis_index_bitfield 0x00000003
[00:00:29.769,897] <dbg> bttester_bap_broadcast: base_recv_cb: 
[00:00:29.769,927] <dbg> bttester_bap_broadcast: base_recv_cb: Received BASE: broadcast sink 0x20019484 subgroups 1
[00:00:29.769,989] <dbg> bttester: tester_event: service 0x0e opcode 0x85
[00:00:29.773,101] <dbg> bttester: tester_event: service 0x0e opcode 0x85
[00:00:29.776,184] <dbg> bttester_bap_broadcast: base_recv_cb: bis_index_bitfield 0x00000003
[00:00:30.519,927] <dbg> bttester_bap_broadcast: base_recv_cb: 
[00:00:30.519,958] <dbg> bttester_bap_broadcast: base_recv_cb: Received BASE: broadcast sink 0x20019484 subgroups 1
[00:00:30.520,019] <dbg> bttester: tester_event: service 0x0e opcode 0x85
[00:00:30.523,101] <dbg> bttester: tester_event: service 0x0e opcode 0x85
[00:00:30.526,184] <dbg> bttester_bap_broadcast: base_recv_cb: bis_index_bitfield 0x00000003
[00:00:31.269,927] <dbg> bttester_bap_broadcast: base_recv_cb: 
[00:00:31.269,958] <dbg> bttester_bap_broadcast: base_recv_cb: Received BASE: broadcast sink 0x20019484 subgroups 1
[00:00:31.270,019] <dbg> bttester: tester_event: service 0x0e opcode 0x85
[00:00:31.273,132] <dbg> bttester: tester_event: service 0x0e opcode 0x85
[00:00:31.276,214] <dbg> bttester_bap_broadcast: base_recv_cb: bis_index_bitfield 0x00000003
[00:00:32.019,958] <dbg> bttester_bap_broadcast: base_recv_cb: 
[00:00:32.019,989] <dbg> bttester_bap_broadcast: base_recv_cb: Received BASE: broadcast sink 0x20019484 subgroups 1
[00:00:32.020,050] <dbg> bttester: tester_event: service 0x0e opcode 0x85
[00:00:32.023,132] <dbg> bttester: tester_event: service 0x0e opcode 0x85
[00:00:32.026,214] <dbg> bttester_bap_broadcast: base_recv_cb: bis_index_bitfield 0x00000003
[00:00:32.769,958] <dbg> bttester_bap_broadcast: base_recv_cb: 
[00:00:32.769,989] <dbg> bttester_bap_broadcast: base_recv_cb: Received BASE: broadcast sink 0x20019484 subgroups 1
[00:00:32.770,050] <dbg> bttester: tester_event: service 0x0e opcode 0x85
[00:00:32.773,132] <dbg> bttester: tester_event: service 0x0e opcode 0x85
[00:00:32.776,214] <dbg> bttester_bap_broadcast: base_recv_cb: bis_index_bitfield 0x00000003
[00:00:33.519,958] <dbg> bttester_bap_broadcast: base_recv_cb: 
[00:00:33.519,989] <dbg> bttester_bap_broadcast: base_recv_cb: Received BASE: broadcast sink 0x20019484 subgroups 1
[00:00:33.520,050] <dbg> bttester: tester_event: service 0x0e opcode 0x85
[00:00:33.523,162] <dbg> bttester: tester_event: service 0x0e opcode 0x85
[00:00:33.526,245] <dbg> bttester_bap_broadcast: base_recv_cb: bis_index_bitfield 0x00000003
[00:00:34.269,989] <dbg> bttester_bap_broadcast: base_recv_cb: 
[00:00:34.269,989] <dbg> bttester_bap_broadcast: base_recv_cb: Received BASE: broadcast sink 0x20019484 subgroups 1
[00:00:34.270,050] <dbg> bttester: tester_event: service 0x0e opcode 0x85
[00:00:34.273,162] <dbg> bttester: tester_event: service 0x0e opcode 0x85
[00:00:34.276,245] <dbg> bttester_bap_broadcast: base_recv_cb: bis_index_bitfield 0x00000003
[00:00:35.019,989] <dbg> bttester_bap_broadcast: base_recv_cb: 
[00:00:35.020,019] <dbg> bttester_bap_broadcast: base_recv_cb: Received BASE: broadcast sink 0x20019484 subgroups 1
[00:00:35.020,080] <dbg> bttester: tester_event: service 0x0e opcode 0x85
[00:00:35.023,162] <dbg> bttester: tester_event: service 0x0e opcode 0x85
[00:00:35.026,275] <dbg> bttester_bap_broadcast: base_recv_cb: bis_index_bitfield 0x00000003
[00:00:35.770,019] <dbg> bttester_bap_broadcast: base_recv_cb: 
[00:00:35.770,019] <dbg> bttester_bap_broadcast: base_recv_cb: Received BASE: broadcast sink 0x20019484 subgroups 1
[00:00:35.770,080] <dbg> bttester: tester_event: service 0x0e opcode 0x85
[00:00:35.773,193] <dbg> bttester: tester_event: service 0x0e opcode 0x85
[00:00:35.776,275] <dbg> bttester_bap_broadcast: base_recv_cb: bis_index_bitfield 0x00000003
[00:00:36.520,019] <dbg> bttester_bap_broadcast: base_recv_cb: 
[00:00:36.520,050] <dbg> bttester_bap_broadcast: base_recv_cb: Received BASE: broadcast sink 0x20019484 subgroups 1
[00:00:36.520,111] <dbg> bttester: tester_event: service 0x0e opcode 0x85
[00:00:36.523,223] <dbg> bttester: tester_event: service 0x0e opcode 0x85
[00:00:36.526,306] <dbg> bttester_bap_broadcast: base_recv_cb: bis_index_bitfield 0x00000003
[00:00:37.270,050] <dbg> bttester_bap_broadcast: base_recv_cb: 
[00:00:37.270,050] <dbg> bttester_bap_broadcast: base_recv_cb: Received BASE: broadcast sink 0x20019484 subgroups 1
[00:00:37.270,111] <dbg> bttester: tester_event: service 0x0e opcode 0x85
[00:00:37.273,223] <dbg> bttester: tester_event: service 0x0e opcode 0x85
[00:00:37.276,306] <dbg> bttester_bap_broadcast: base_recv_cb: bis_index_bitfield 0x00000003
[00:00:38.020,050] <dbg> bttester_bap_broadcast: base_recv_cb: 
[00:00:38.020,080] <dbg> bttester_bap_broadcast: base_recv_cb: Received BASE: broadcast sink 0x20019484 subgroups 1
[00:00:38.020,141] <dbg> bttester: tester_event: service 0x0e opcode 0x85
[00:00:38.023,254] <dbg> bttester: tester_event: service 0x0e opcode 0x85
[00:00:38.026,336] <dbg> bttester_bap_broadcast: base_recv_cb: bis_index_bitfield 0x00000003
[00:00:38.770,050] <dbg> bttester_bap_broadcast: base_recv_cb: 
[00:00:38.770,080] <dbg> bttester_bap_broadcast: base_recv_cb: Received BASE: broadcast sink 0x20019484 subgroups 1
[00:00:38.770,141] <dbg> bttester: tester_event: service 0x0e opcode 0x85
[00:00:38.773,223] <dbg> bttester: tester_event: service 0x0e opcode 0x85
[00:00:38.776,336] <dbg> bttester_bap_broadcast: base_recv_cb: bis_index_bitfield 0x00000003
[00:00:39.517,364] <dbg> bttester_bap_broadcast: stream_stopped: Stopped stream 0x200144b8 with reason 0x13
[00:00:39.517,395] <err> bttester_bap_broadcast: Failed to unregister stream: -61
[00:00:39.517,425] <dbg> bttester_bap_broadcast: stream_stopped: Stopped stream 0x20014610 with reason 0x13
[00:00:39.517,425] <err> bttester_bap_broadcast: Failed to unregister stream: -61
[00:00:39.517,517] <dbg> bttester_bap_broadcast: recv_state_updated_cb: Receive state with ID 0 updated
[00:00:39.517,547] <dbg> bttester: tester_event: service 0x0e opcode 0x89
[00:00:39.521,057] <dbg> bttester_bap_broadcast: base_recv_cb: 
[00:00:39.521,087] <dbg> bttester_bap_broadcast: base_recv_cb: Received BASE: broadcast sink 0x20019484 subgroups 1
[00:00:39.521,148] <dbg> bttester: tester_event: service 0x0e opcode 0x85
[00:00:39.524,230] <dbg> bttester: tester_event: service 0x0e opcode 0x85
[00:00:39.527,343] <dbg> bttester_bap_broadcast: base_recv_cb: bis_index_bitfield 0x00000003
[00:00:41.019,195] <dbg> bttester_gap: pa_sync_terminated_cb: 
[00:00:41.019,226] <dbg> bttester_gap: pa_sync_terminated_cb: PA sync lost with reason 31
[00:00:41.019,226] <dbg> bttester: tester_event: service 0x01 opcode 0x8e
[00:00:41.019,897] <dbg> bttester_bap_broadcast: recv_state_updated_cb: Receive state with ID 0 updated
[00:00:41.019,897] <dbg> bttester: tester_event: service 0x0e opcode 0x89
