Applying system reset.
Run.
Applying system reset.
Run.
< 2022/08/20 04:31:42.761656  length=5 from=0 to=4
 00 80 ff 00 00                                   .....
--
> 2022/08/20 04:31:42.841447  length=6 from=0 to=5
 00 03 ff 01 00 01                                ......
--
< 2022/08/20 04:31:42.857626  length=5 from=5 to=9
 00 03 ff 00 00                                   .....
--
> 2022/08/20 04:31:42.921429  length=6 from=6 to=11
 00 03 ff 01 00 04                                ......
--
< 2022/08/20 04:31:42.937584  length=5 from=10 to=14
 00 03 ff 00 00                                   .....
--
> 2022/08/20 04:31:43.033423  length=5 from=12 to=16
 01 03 00 00 00                                   .....
--
< 2022/08/20 04:31:43.129601  length=151 from=15 to=165
 01 03 00 15 01 70 1f c4 76 e7 dc 13 06 00 00 13  .....p..v.......
 82 00 00 00 00 00 62 74 70 5f 74 65 73 74 65 72  ......btp_tester
 00 00 00 00 00 00 00 00 00 00 00 00 00 00 00 00  ................
 00 00 00 00 00 00 00 00 00 00 00 00 00 00 00 00  ................
 00 00 00 00 00 00 00 00 00 00 00 00 00 00 00 00  ................
 00 00 00 00 00 00 00 00 00 00 00 00 00 00 00 00  ................
 00 00 00 00 00 00 00 00 00 00 00 00 00 00 00 00  ................
 00 00 00 00 00 00 00 00 00 00 00 00 00 00 00 00  ................
 00 00 00 00 00 00 00 00 00 00 00 00 00 00 00 00  ................
 00 00 00 00 00 00 00                             .......
--
< 2022/08/20 04:31:43.131145  length=12 from=166 to=177
 00 00 00 00 00 00 00 00 00 00 00 00              ............
--
< 2022/08/20 04:31:43.131450  length=11 from=178 to=188
 00 00 00 00 00 00 00 00 00 00 00                 ...........
--
< 2022/08/20 04:31:43.145693  length=108 from=189 to=296
 00 00 00 00 00 00 00 00 00 00 00 00 00 00 00 00  ................
 00 00 00 00 00 00 00 00 00 00 00 00 00 00 00 00  ................
 00 00 00 00 00 00 00 00 00 00 00 00 00 00 00 00  ................
 00 00 00 00 00 00 00 00 00 00 00 00 00 00 00 00  ................
 00 00 00 00 00 00 00 00 00 00 00 00 00 00 00 00  ................
 00 00 00 00 00 00 00 00 00 00 00 00 00 00 00 00  ................
 00 00 00 00 00 00 00 00 00 00 00 00              ............
--
> 2022/08/20 04:31:45.464035  length=44 from=17 to=60
 04 02 00 27 00 ed 8f 14 6d b4 73 43 b4 bd 3a 65  ...'....m.sC..:e
 90 9a 9e d9 1a 00 00 00 00 00 00 00 00 00 00 00  ................
 00 00 00 00 00 02 18 00 02 08 00 00              ............
--
< 2022/08/20 04:31:45.480119  length=5 from=297 to=301
 04 02 00 00 00                                   .....
--
> 2022/08/20 04:31:45.560082  length=5 from=61 to=65
 04 04 00 00 00                                   .....
--
< 2022/08/20 04:31:45.576052  length=5 from=302 to=306
 04 04 00 00 00                                   .....
--
< 2022/08/20 04:31:45.608268  length=6 from=307 to=312
 04 84 00 01 00 00                                ......
--
< 2022/08/20 04:31:47.642671  length=5 from=313 to=317
 04 83 00 00 00                                   .....
--
< 2022/08/20 04:31:49.043821  length=6 from=318 to=323
 04 85 00 01 00 00                                ......
--
< 2022/08/20 04:31:50.150882  length=27 from=324 to=350
 04 86 00 16 00 03 00 01 00 02 00 0f 80 80 00 00  ................
 fb fd 2c d6 a7 6e fd df d2 f3 76                 ..,..n....v
--
< 2022/08/20 04:31:50.545447  length=19 from=351 to=369
 04 86 00 0e 00 07 01 01 00 02 00 07 00 00 04 00  ................
 00 00 07                                         ...
--
< 2022/08/20 04:31:51.669351  length=28 from=370 to=397
 04 86 00 17 00 03 00 01 00 02 00 10 80 00 08 01  ................
 f0 b0 9c da a3 4d d5 fe 65 7f 56 78              .....M..e.Vx
--
< 2022/08/20 04:31:51.699928  length=6 from=398 to=403
 04 86 00 17 00 03                                ......
--
< 2022/08/20 04:31:51.700338  length=9 from=404 to=412
 00 01 00 02 00 10 80 00 08                       .........
--
< 2022/08/20 04:31:51.715980  length=13 from=413 to=425
 21 7e 05 49 7d c7 76 1c 34 62 04 8d 6d           !~.I}.v.4b..m
--
< 2022/08/20 04:31:51.905232  length=28 from=426 to=453
 04 86 00 17 00 03 00 01 00 02 00 10 80 00 10 00  ................
 23 ba 29 af 2d 07 3f c4 be da 9e e3              #.).-.?.....
--
< 2022/08/20 04:31:52.127338  length=26 from=454 to=479
 04 86 00 15 00 03 00 01 00 02 00 0e 80 00 14 00  ................
 d6 95 5f 71 fa c6 d5 bf b0 c7                    .._q......
--
Applying system reset.
Run.
