Applying system reset.
Run.
Applying system reset.
Run.
< 2023/02/14 19:17:30.506128  length=5 from=0 to=4
 00 80 ff 00 00                                   .....
--
> 2023/02/14 19:17:30.681986  length=6 from=0 to=5
 00 03 ff 01 00 01                                ......
--
< 2023/02/14 19:17:30.698128  length=5 from=5 to=9
 00 03 ff 00 00                                   .....
--
> 2023/02/14 19:17:30.823994  length=5 from=6 to=10
 01 03 00 00 00                                   .....
--
< 2023/02/14 19:17:30.984141  length=151 from=10 to=160
 01 03 00 15 01 70 1f c4 76 e7 dc 13 06 00 00 13  .....p..v.......
 82 00 00 00 00 00 62 74 70 5f 74 65 73 74 65 72  ......btp_tester
 00 00 00 00 00 00 00 00 00 00 00 00 00 00 00 00  ................
 00 00 00 00 00 00 00 00 00 00 00 00 00 00 00 00  ................
 00 00 00 00 00 00 00 00 00 00 00 00 00 00 00 00  ................
 00 00 00 00 00 00 00 00 00 00 00 00 00 00 00 00  ................
 00 00 00 00 00 00 00 00 00 00 00 00 00 00 00 00  ................
 00 00 00 00 00 00 00 00 00 00 00 00 00 00 00 00  ................
 00 00 00 00 00 00 00 00 00 00 00 00 00 00 00 00  ................
 00 00 00 00 00 00 00                             .......
--
< 2023/02/14 19:17:30.986457  length=25 from=161 to=185
 00 00 00 00 00 00 00 00 00 00 00 00 00 00 00 00  ................
 00 00 00 00 00 00 00 00 00                       .........
--
< 2023/02/14 19:17:30.986907  length=11 from=186 to=196
 00 00 00 00 00 00 00 00 00 00 00                 ...........
--
< 2023/02/14 19:17:31.000257  length=95 from=197 to=291
 00 00 00 00 00 00 00 00 00 00 00 00 00 00 00 00  ................
 00 00 00 00 00 00 00 00 00 00 00 00 00 00 00 00  ................
 00 00 00 00 00 00 00 00 00 00 00 00 00 00 00 00  ................
 00 00 00 00 00 00 00 00 00 00 00 00 00 00 00 00  ................
 00 00 00 00 00 00 00 00 00 00 00 00 00 00 00 00  ................
 00 00 00 00 00 00 00 00 00 00 00 00 00 00 00     ...............
--
> 2023/02/14 19:17:31.157002  length=6 from=11 to=16
 00 03 ff 01 00 02                                ......
--
< 2023/02/14 19:17:31.173143  length=5 from=292 to=296
 00 03 ff 00 00                                   .....
--
> 2023/02/14 19:17:33.860088  length=6 from=17 to=22
 01 0c 00 01 00 0d                                ......
--
< 2023/02/14 19:17:33.876226  length=5 from=297 to=301
 01 0c 00 00 00                                   .....
--
> 2023/02/14 19:17:41.019586  length=5 from=23 to=27
 01 0d 00 00 00                                   .....
--
< 2023/02/14 19:17:41.035732  length=5 from=302 to=306
 01 0d 00 00 00                                   .....
--
Applying system reset.
Run.
