< 2024/09/01 01:01:23.419286  length=6 from=0 to=5
 00 03 ff 01 00 01                                ......
--
> 2024/09/01 01:01:23.459293  length=5 from=0 to=4
 00 03 ff 00 00                                   .....
--
< 2024/09/01 01:01:23.508117  length=5 from=6 to=10
 01 03 00 00 00                                   .....
--
> 2024/09/01 01:01:23.689802  length=2 from=5 to=6
 01 03                                            ..
--
> 2024/09/01 01:01:23.690576  length=8 from=7 to=14
 00 15 01 c3 51 0b 1b b8                          ....Q...
--
> 2024/09/01 01:01:23.691300  length=9 from=15 to=23
 d7 13 06 02 00 13 82 00 00                       .........
--
> 2024/09/01 01:01:23.692091  length=8 from=24 to=31
 00 00 00 62 74 70 5f 74                          ...btp_t
--
> 2024/09/01 01:01:23.692839  length=5 from=32 to=36
 65 73 74 65 72                                   ester
--
> 2024/09/01 01:01:23.693659  length=14 from=37 to=50
 00 00 00 00 00 00 00 00 00 00 00 00 00 00        ..............
--
> 2024/09/01 01:01:23.694426  length=9 from=51 to=59
 00 00 00 00 00 00 00 00 00                       .........
--
> 2024/09/01 01:01:23.695117  length=8 from=60 to=67
 00 00 00 00 00 00 00 00                          ........
--
> 2024/09/01 01:01:23.695930  length=8 from=68 to=75
 00 00 00 00 00 00 00 00                          ........
--
> 2024/09/01 01:01:23.696658  length=9 from=76 to=84
 00 00 00 00 00 00 00 00 00                       .........
--
> 2024/09/01 01:01:23.697380  length=8 from=85 to=92
 00 00 00 00 00 00 00 00                          ........
--
> 2024/09/01 01:01:23.698056  length=9 from=93 to=101
 00 00 00 00 00 00 00 00 00                       .........
--
> 2024/09/01 01:01:23.698797  length=8 from=102 to=109
 00 00 00 00 00 00 00 00                          ........
--
> 2024/09/01 01:01:23.699509  length=9 from=110 to=118
 00 00 00 00 00 00 00 00 00                       .........
--
> 2024/09/01 01:01:23.700291  length=8 from=119 to=126
 00 00 00 00 00 00 00 00                          ........
--
> 2024/09/01 01:01:23.701087  length=9 from=127 to=135
 00 00 00 00 00 00 00 00 00                       .........
--
> 2024/09/01 01:01:23.701743  length=8 from=136 to=143
 00 00 00 00 00 00 00 00                          ........
--
> 2024/09/01 01:01:23.702517  length=9 from=144 to=152
 00 00 00 00 00 00 00 00 00                       .........
--
> 2024/09/01 01:01:23.703172  length=8 from=153 to=160
 00 00 00 00 00 00 00 00                          ........
--
> 2024/09/01 01:01:23.704053  length=5 from=161 to=165
 00 00 00 00 00                                   .....
--
> 2024/09/01 01:01:23.704716  length=12 from=166 to=177
 00 00 00 00 00 00 00 00 00 00 00 00              ............
--
> 2024/09/01 01:01:23.705457  length=9 from=178 to=186
 00 00 00 00 00 00 00 00 00                       .........
--
> 2024/09/01 01:01:23.706226  length=8 from=187 to=194
 00 00 00 00 00 00 00 00                          ........
--
> 2024/09/01 01:01:23.706925  length=9 from=195 to=203
 00 00 00 00 00 00 00 00 00                       .........
--
> 2024/09/01 01:01:23.707611  length=8 from=204 to=211
 00 00 00 00 00 00 00 00                          ........
--
> 2024/09/01 01:01:23.708384  length=9 from=212 to=220
 00 00 00 00 00 00 00 00 00                       .........
--
> 2024/09/01 01:01:23.709109  length=8 from=221 to=228
 00 00 00 00 00 00 00 00                          ........
--
> 2024/09/01 01:01:23.709842  length=8 from=229 to=236
 00 00 00 00 00 00 00 00                          ........
--
> 2024/09/01 01:01:23.710555  length=9 from=237 to=245
 00 00 00 00 00 00 00 00 00                       .........
--
> 2024/09/01 01:01:23.711292  length=8 from=246 to=253
 00 00 00 00 00 00 00 00                          ........
--
> 2024/09/01 01:01:23.712083  length=9 from=254 to=262
 00 00 00 00 00 00 00 00 00                       .........
--
> 2024/09/01 01:01:23.712786  length=8 from=263 to=270
 00 00 00 00 00 00 00 00                          ........
--
> 2024/09/01 01:01:23.713493  length=9 from=271 to=279
 00 00 00 00 00 00 00 00 00                       .........
--
> 2024/09/01 01:01:23.714240  length=7 from=280 to=286
 00 00 00 00 00 00 00                             .......
--
< 2024/09/01 01:01:23.771648  length=6 from=11 to=16
 00 03 ff 01 00 02                                ......
--
> 2024/09/01 01:01:23.773192  length=1 from=287 to=287
 00                                               .
--
> 2024/09/01 01:01:23.773900  length=4 from=288 to=291
 03 ff 00 00                                      ....
--
< 2024/09/01 01:01:23.804077  length=6 from=17 to=22
 01 08 00 01 00 01                                ......
--
> 2024/09/01 01:01:23.805361  length=3 from=292 to=294
 01 08 00                                         ...
--
> 2024/09/01 01:01:23.805936  length=6 from=295 to=300
 04 00 1b 82 00 00                                ......
--
< 2024/09/01 01:01:23.893184  length=6 from=23 to=28
 00 03 ff 01 00 0c                                ......
--
> 2024/09/01 01:01:23.895242  length=3 from=301 to=303
 00 03 ff                                         ...
--
> 2024/09/01 01:01:23.896035  length=2 from=304 to=305
 00 00                                            ..
--
< 2024/09/01 01:01:23.971634  length=6 from=29 to=34
 00 03 ff 01 00 0d                                ......
--
> 2024/09/01 01:01:23.972811  length=1 from=306 to=306
 00                                               .
--
> 2024/09/01 01:01:23.973476  length=4 from=307 to=310
 03 ff 00 00                                      ....
--
< 2024/09/01 01:01:24.019145  length=6 from=35 to=40
 00 03 ff 01 00 0e                                ......
--
> 2024/09/01 01:01:24.021071  length=5 from=311 to=315
 00 03 ff 00 00                                   .....
--
< 2024/09/01 01:01:24.066530  length=6 from=41 to=46
 01 21 00 01 00 01                                .!....
--
> 2024/09/01 01:01:24.068499  length=6 from=316 to=321
 01 21 00 04 00 1b                                .!....
--
> 2024/09/01 01:01:24.069243  length=3 from=322 to=324
 82 02 00                                         ...
--
< 2024/09/01 01:01:24.125371  length=44 from=47 to=90
 01 0a                                            ..
 00 27 00 20 00 09 0d 54 65 73 74 65 72 5f 31 43  .'. ...Tester_1C
 32 38 44 46 01 01 06 03 02 4e 18 16 08 4e 18 01  28DF.....N...N..
 ff 0f ff 0f 00 ff ff ff ff 00                    ..........
--
> 2024/09/01 01:01:24.131861  length=1 from=325 to=325
 01                                               .
--
> 2024/09/01 01:01:24.132578  length=8 from=326 to=333
 0a                                               .
 00 04 00 1b 86 02 00                             .......
--
> 2024/09/01 01:01:30.518593  length=7 from=334 to=340
 01 82 00 0d 00 00 df                             .......
--
> 2024/09/01 01:01:30.519375  length=9 from=341 to=349
 28 1c e8 07 c0 78 00 00 00                       (....x...
--
> 2024/09/01 01:01:30.520148  length=8 from=350 to=357
 d0 09 01 80 00 04 00 1b                          ........
--
> 2024/09/01 01:01:30.520770  length=3 from=358 to=360
 82 02 00                                         ...
--
< 2024/09/01 01:01:31.248094  length=44 from=91 to=134
 01 0a                                            ..
 00 27 00 20 00 09 0d 54 65 73 74 65 72 5f 31 43  .'. ...Tester_1C
 32 38 44 46 01 01 06 03 02 4e 18 16 08 4e 18 01  28DF.....N...N..
 ff 0f ff 0f 00 ff ff ff ff 00                    ..........
--
> 2024/09/01 01:01:31.255058  length=4 from=361 to=364
 01 0a                                            ..
 00 04                                            ..
--
> 2024/09/01 01:01:31.255831  length=5 from=365 to=369
 00 1b 86 02 00                                   .....
--
> 2024/09/01 01:01:35.572046  length=5 from=370 to=374
 01 89 00 08 00                                   .....
--
> 2024/09/01 01:01:35.572770  length=8 from=375 to=382
 00 df 28 1c e8 07 c0 02                          ..(.....
--
> 2024/09/01 01:01:35.770052  length=3 from=383 to=385
 01 88 00                                         ...
--
> 2024/09/01 01:01:35.770744  length=8 from=386 to=393
 0d 00 00 df 28 1c e8 07                          ....(...
--
> 2024/09/01 01:01:35.771509  length=7 from=394 to=400
 c0 78 00 00 00 d0 09                             .x.....
--
> 2024/09/01 01:01:47.771577  length=3 from=401 to=403
 0d 80 00                                         ...
--
> 2024/09/01 01:01:47.772344  length=9 from=404 to=412
 0b 00 00 df 28 1c e8 07 c0                       ....(....
--
> 2024/09/01 01:01:47.773008  length=4 from=413 to=416
 01 01 00 00                                      ....
--
> 2024/09/01 01:01:48.070956  length=4 from=417 to=420
 0d 80 00 0b                                      ....
--
> 2024/09/01 01:01:48.071696  length=3 from=421 to=423
 00 00 df                                         ...
--
> 2024/09/01 01:01:48.072532  length=9 from=424 to=432
 28 1c e8 07 c0 01 02 00 00                       (........
--
> 2024/09/01 01:01:49.571252  length=8 from=433 to=440
 01 83 00 07 00 00 df 28                          .......(
--
> 2024/09/01 01:01:49.571937  length=4 from=441 to=444
 1c e8 07 c0                                      ....
--
> 2024/09/01 01:01:56.059155  length=5 from=445 to=449
 00 80 ff 00 00                                   .....
--
