WARNING: Using a test - not safe - entropy source
uart connected to pseudotty: /dev/pts/2
*** Booting Zephyr OS build v4.2.0-4981-g36bc2f38b7e2 ***
[00:00:00.000,000] [0m<dbg> bttester: tester_init: Initializing tester[0m
[00:00:00.510,000] [0m<dbg> bttester: cmd_handler: cmd service 0x00 opcode 0x03 index 0xff[0m
[00:00:00.690,000] [1;33m<wrn> bt_hci_core: Num of Controller's ACL packets != ACL bt_conn_tx contexts (3 != 6)[0m
[00:00:00.690,000] [1;33m<wrn> bt_hci_core: Num of Controller's ISO packets != ISO bt_conn_tx contexts(3 != 1)[0m
[00:00:00.870,000] [0m<inf> bt_hci_core: HCI transport: HCI User Channel[0m
[00:00:00.870,000] [0m<inf> bt_hci_core: Identity: D5:B6:CC:31:DB:3B (random)[0m
[00:00:00.870,000] [0m<inf> bt_hci_core: HCI: version 6.0 (0x0e) revision 0x30e8, manufacturer 0x0059[0m
[00:00:00.870,000] [0m<inf> bt_hci_core: LMP: version 6.0 (0x0e) subver 0x30e8[0m
[00:00:00.870,000] [0m<dbg> bttester: cmd_handler: Command returns status 0[0m
[00:00:00.870,000] [0m<dbg> bttester: tester_rsp_with_index: service 0x00 opcode 0x03 index 0xff status 0x00[0m
[00:00:00.890,000] [0m<dbg> bttester: cmd_handler: cmd service 0x01 opcode 0x01 index 0xff[0m
[00:00:00.890,000] [0m<dbg> bttester: cmd_handler: Command returns status 0[0m
[00:00:00.950,000] [0m<dbg> bttester: cmd_handler: cmd service 0x01 opcode 0x03 index 0x00[0m
[00:00:00.950,000] [0m<dbg> bttester: cmd_handler: Command returns status 0[0m
[00:00:01.170,000] [0m<dbg> bttester: cmd_handler: cmd service 0x00 opcode 0x03 index 0xff[0m
[00:00:01.170,000] [0m<dbg> bttester: cmd_handler: Command returns status 0[0m
[00:00:01.170,000] [0m<dbg> bttester: tester_rsp_with_index: service 0x00 opcode 0x03 index 0xff status 0x00[0m
[00:00:01.190,000] [0m<dbg> bttester: cmd_handler: cmd service 0x02 opcode 0x01 index 0xff[0m
[00:00:01.190,000] [0m<dbg> bttester: cmd_handler: Command returns status 0[0m
[00:00:01.250,000] [0m<dbg> bttester: cmd_handler: cmd service 0x01 opcode 0x10 index 0x00[0m
[00:00:01.250,000] [0m<dbg> bttester_gap: set_io_cap: io_cap: 4[0m
[00:00:01.250,000] [0m<dbg> bttester: cmd_handler: Command returns status 0[0m
[00:00:01.250,000] [0m<dbg> bttester: tester_rsp_with_index: service 0x01 opcode 0x10 index 0x00 status 0x00[0m
[00:00:01.300,000] [0m<dbg> bttester: cmd_handler: cmd service 0x02 opcode 0x02 index 0x00[0m
[00:00:01.300,000] [0m<dbg> bttester_gatt: gatt_db_add: handle 0x0000[0m
[00:00:01.300,000] [0m<dbg> bttester: cmd_handler: Command returns status 0[0m
[00:00:01.360,000] [0m<dbg> bttester: cmd_handler: cmd service 0x02 opcode 0x03 index 0x00[0m
[00:00:01.360,000] [0m<dbg> bttester_gatt: gatt_db_add: handle 0x0000[0m
[00:00:01.360,000] [0m<dbg> bttester_gatt: gatt_db_add: handle 0x0000[0m
[00:00:01.360,000] [0m<dbg> bttester: cmd_handler: Command returns status 0[0m
[00:00:01.420,000] [0m<dbg> bttester: cmd_handler: cmd service 0x02 opcode 0x06 index 0x00[0m
[00:00:01.420,000] [0m<dbg> bttester: cmd_handler: Command returns status 0[0m
[00:00:01.420,000] [0m<dbg> bttester: tester_rsp_with_index: service 0x02 opcode 0x06 index 0x00 status 0x00[0m
[00:00:01.470,000] [0m<dbg> bttester: cmd_handler: cmd service 0x02 opcode 0x03 index 0x00[0m
[00:00:01.470,000] [0m<dbg> bttester_gatt: gatt_db_add: handle 0x0000[0m
[00:00:01.470,000] [0m<dbg> bttester_gatt: gatt_db_add: handle 0x0000[0m
[00:00:01.470,000] [0m<dbg> bttester: cmd_handler: Command returns status 0[0m
[00:00:01.500,000] [0m<dbg> bttester: cmd_handler: cmd service 0x02 opcode 0x06 index 0x00[0m
[00:00:01.500,000] [0m<dbg> bttester: cmd_handler: Command returns status 0[0m
[00:00:01.500,000] [0m<dbg> bttester: tester_rsp_with_index: service 0x02 opcode 0x06 index 0x00 status 0x00[0m
[00:00:01.540,000] [0m<dbg> bttester: cmd_handler: cmd service 0x02 opcode 0x03 index 0x00[0m
[00:00:01.540,000] [0m<dbg> bttester_gatt: gatt_db_add: handle 0x0000[0m
[00:00:01.540,000] [0m<dbg> bttester_gatt: gatt_db_add: handle 0x0000[0m
[00:00:01.540,000] [0m<dbg> bttester: cmd_handler: Command returns status 0[0m
[00:00:01.610,000] [0m<dbg> bttester: cmd_handler: cmd service 0x02 opcode 0x06 index 0x00[0m
[00:00:01.610,000] [0m<dbg> bttester: cmd_handler: Command returns status 0[0m
[00:00:01.610,000] [0m<dbg> bttester: tester_rsp_with_index: service 0x02 opcode 0x06 index 0x00 status 0x00[0m
[00:00:01.660,000] [0m<dbg> bttester: cmd_handler: cmd service 0x02 opcode 0x03 index 0x00[0m
[00:00:01.660,000] [0m<dbg> bttester_gatt: gatt_db_add: handle 0x0000[0m
[00:00:01.660,000] [0m<dbg> bttester_gatt: gatt_db_add: handle 0x0000[0m
[00:00:01.660,000] [0m<dbg> bttester: cmd_handler: Command returns status 0[0m
[00:00:01.720,000] [0m<dbg> bttester: cmd_handler: cmd service 0x02 opcode 0x06 index 0x00[0m
[00:00:01.720,000] [0m<dbg> bttester: cmd_handler: Command returns status 0[0m
[00:00:01.720,000] [0m<dbg> bttester: tester_rsp_with_index: service 0x02 opcode 0x06 index 0x00 status 0x00[0m
[00:00:01.770,000] [0m<dbg> bttester: cmd_handler: cmd service 0x02 opcode 0x07 index 0x00[0m
[00:00:01.770,000] [0m<dbg> bttester: cmd_handler: Command returns status 0[0m
[00:00:04.830,000] [0m<dbg> bttester: cmd_handler: cmd service 0x01 opcode 0x0e index 0x00[0m
[00:00:04.850,000] [0m<dbg> bttester: cmd_handler: Command returns status 0[0m
[00:00:04.850,000] [0m<dbg> bttester: tester_rsp_with_index: service 0x01 opcode 0x0e index 0x00 status 0x00[0m
[00:00:04.870,000] [0m<dbg> bttester_gap: le_connected: C0:07:E8:2C:B6:EE (public): 0x00[0m
[00:00:04.870,000] [0m<dbg> bttester: tester_event: service 0x01 opcode 0x82[0m
[00:00:05.870,000] [0m<dbg> bttester: cmd_handler: cmd service 0x02 opcode 0x1c index 0x00[0m
[00:00:05.870,000] [0m<dbg> bttester_gatt: get_attrs: start 0x0001 end 0xffff, uuid 2803[0m
[00:00:05.870,000] [0m<dbg> bttester: cmd_handler: Command returns status 0[0m
[00:00:05.900,000] [0m<dbg> bttester: cmd_handler: cmd service 0x02 opcode 0x1d index 0x00[0m
[00:00:05.900,000] [0m<dbg> bttester: cmd_handler: Command returns status 0[0m
[00:00:05.960,000] [0m<dbg> bttester: cmd_handler: cmd service 0x02 opcode 0x1c index 0x00[0m
[00:00:05.960,000] [0m<dbg> bttester_gatt: get_attrs: start 0x0003 end 0x0003[0m
[00:00:05.960,000] [0m<dbg> bttester: cmd_handler: Command returns status 0[0m
[00:00:05.990,000] [0m<dbg> bttester: cmd_handler: cmd service 0x02 opcode 0x1d index 0x00[0m
[00:00:05.990,000] [0m<dbg> bttester: cmd_handler: Command returns status 0[0m
[00:00:06.010,000] [0m<dbg> bttester: cmd_handler: cmd service 0x02 opcode 0x1c index 0x00[0m
[00:00:06.010,000] [0m<dbg> bttester_gatt: get_attrs: start 0x0006 end 0x0006[0m
[00:00:06.010,000] [0m<dbg> bttester: cmd_handler: Command returns status 0[0m
[00:00:06.070,000] [0m<dbg> bttester: cmd_handler: cmd service 0x02 opcode 0x1d index 0x00[0m
[00:00:06.070,000] [0m<dbg> bttester: cmd_handler: Command returns status 0[0m
[00:00:06.130,000] [0m<dbg> bttester: cmd_handler: cmd service 0x02 opcode 0x1c index 0x00[0m
[00:00:06.130,000] [0m<dbg> bttester_gatt: get_attrs: start 0x0008 end 0x0008[0m
[00:00:06.130,000] [0m<dbg> bttester: cmd_handler: Command returns status 0[0m
[00:00:06.190,000] [0m<dbg> bttester: cmd_handler: cmd service 0x02 opcode 0x1d index 0x00[0m
[00:00:06.190,000] [0m<dbg> bttester: cmd_handler: Command returns status 0[0m
[00:00:06.250,000] [0m<dbg> bttester: cmd_handler: cmd service 0x02 opcode 0x1c index 0x00[0m
[00:00:06.250,000] [0m<dbg> bttester_gatt: get_attrs: start 0x000a end 0x000a[0m
[00:00:06.250,000] [0m<dbg> bttester: cmd_handler: Command returns status 0[0m
[00:00:06.280,000] [0m<dbg> bttester: cmd_handler: cmd service 0x02 opcode 0x1d index 0x00[0m
[00:00:06.280,000] [0m<dbg> bttester: cmd_handler: Command returns status 0[0m
[00:00:06.330,000] [0m<dbg> bttester: cmd_handler: cmd service 0x02 opcode 0x1c index 0x00[0m
[00:00:06.330,000] [0m<dbg> bttester_gatt: get_attrs: start 0x000d end 0x000d[0m
[00:00:06.330,000] [0m<dbg> bttester: cmd_handler: Command returns status 0[0m
[00:00:06.380,000] [0m<dbg> bttester: cmd_handler: cmd service 0x02 opcode 0x1d index 0x00[0m
[00:00:06.380,000] [0m<dbg> bttester: cmd_handler: Command returns status 0[0m
[00:00:06.450,000] [0m<dbg> bttester: cmd_handler: cmd service 0x02 opcode 0x1c index 0x00[0m
[00:00:06.450,000] [0m<dbg> bttester_gatt: get_attrs: start 0x000f end 0x000f[0m
[00:00:06.450,000] [0m<dbg> bttester: cmd_handler: Command returns status 0[0m
[00:00:06.510,000] [0m<dbg> bttester: cmd_handler: cmd service 0x02 opcode 0x1d index 0x00[0m
[00:00:06.510,000] [0m<dbg> bttester: cmd_handler: Command returns status 0[0m
[00:00:06.540,000] [0m<dbg> bttester: cmd_handler: cmd service 0x02 opcode 0x1c index 0x00[0m
[00:00:06.540,000] [0m<dbg> bttester_gatt: get_attrs: start 0x0011 end 0x0011[0m
[00:00:06.540,000] [0m<dbg> bttester: cmd_handler: Command returns status 0[0m
[00:00:06.590,000] [0m<dbg> bttester: cmd_handler: cmd service 0x02 opcode 0x1d index 0x00[0m
[00:00:06.590,000] [0m<dbg> bttester: cmd_handler: Command returns status 0[0m
[00:00:06.650,000] [0m<dbg> bttester: cmd_handler: cmd service 0x02 opcode 0x1c index 0x00[0m
[00:00:06.650,000] [0m<dbg> bttester_gatt: get_attrs: start 0x0014 end 0x0014[0m
[00:00:06.650,000] [0m<dbg> bttester: cmd_handler: Command returns status 0[0m
[00:00:06.710,000] [0m<dbg> bttester: cmd_handler: cmd service 0x02 opcode 0x1d index 0x00[0m
[00:00:06.710,000] [0m<dbg> bttester: cmd_handler: Command returns status 0[0m
[00:00:06.770,000] [0m<dbg> bttester: cmd_handler: cmd service 0x02 opcode 0x1c index 0x00[0m
[00:00:06.770,000] [0m<dbg> bttester_gatt: get_attrs: start 0x0016 end 0x0016[0m
[00:00:06.770,000] [0m<dbg> bttester: cmd_handler: Command returns status 0[0m
[00:00:06.830,000] [0m<dbg> bttester: cmd_handler: cmd service 0x02 opcode 0x1d index 0x00[0m
[00:00:06.830,000] [0m<dbg> bttester: cmd_handler: Command returns status 0[0m
[00:00:06.890,000] [0m<dbg> bttester: cmd_handler: cmd service 0x02 opcode 0x1c index 0x00[0m
[00:00:06.890,000] [0m<dbg> bttester_gatt: get_attrs: start 0x0018 end 0x0018[0m
[00:00:06.890,000] [0m<dbg> bttester: cmd_handler: Command returns status 0[0m
[00:00:06.950,000] [0m<dbg> bttester: cmd_handler: cmd service 0x02 opcode 0x1d index 0x00[0m
[00:00:06.950,000] [0m<dbg> bttester: cmd_handler: Command returns status 0[0m
[00:00:07.010,000] [0m<dbg> bttester: cmd_handler: cmd service 0x02 opcode 0x1c index 0x00[0m
[00:00:07.010,000] [0m<dbg> bttester_gatt: get_attrs: start 0x001a end 0x001a[0m
[00:00:07.010,000] [0m<dbg> bttester: cmd_handler: Command returns status 0[0m
[00:00:07.070,000] [0m<dbg> bttester: cmd_handler: cmd service 0x02 opcode 0x1d index 0x00[0m
[00:00:07.070,000] [0m<dbg> bttester: cmd_handler: Command returns status 0[0m
[00:00:07.130,000] [0m<dbg> bttester: cmd_handler: cmd service 0x02 opcode 0x1c index 0x00[0m
[00:00:07.130,000] [0m<dbg> bttester_gatt: get_attrs: start 0x001c end 0x001c[0m
[00:00:07.130,000] [0m<dbg> bttester: cmd_handler: Command returns status 0[0m
[00:00:07.190,000] [0m<dbg> bttester: cmd_handler: cmd service 0x02 opcode 0x1d index 0x00[0m
[00:00:07.190,000] [0m<dbg> bttester: cmd_handler: Command returns status 0[0m
[00:00:07.250,000] [0m<dbg> bttester: cmd_handler: cmd service 0x02 opcode 0x1c index 0x00[0m
[00:00:07.250,000] [0m<dbg> bttester_gatt: get_attrs: start 0x001e end 0x001e[0m
[00:00:07.250,000] [0m<dbg> bttester: cmd_handler: Command returns status 0[0m
[00:00:07.310,000] [0m<dbg> bttester: cmd_handler: cmd service 0x02 opcode 0x1d index 0x00[0m
[00:00:07.310,000] [0m<dbg> bttester: cmd_handler: Command returns status 0[0m
[00:00:07.380,000] [0m<dbg> bttester: cmd_handler: cmd service 0x02 opcode 0x1c index 0x00[0m
[00:00:07.380,000] [0m<dbg> bttester_gatt: get_attrs: start 0x0020 end 0x0020[0m
[00:00:07.380,000] [0m<dbg> bttester: cmd_handler: Command returns status 0[0m
[00:00:07.420,000] [0m<dbg> bttester: cmd_handler: cmd service 0x02 opcode 0x1d index 0x00[0m
[00:00:07.420,000] [0m<dbg> bttester: cmd_handler: Command returns status 0[0m
[00:00:07.480,000] [0m<dbg> bttester: cmd_handler: cmd service 0x02 opcode 0x1c index 0x00[0m
[00:00:07.480,000] [0m<dbg> bttester_gatt: get_attrs: start 0x0023 end 0x0023[0m
[00:00:07.480,000] [0m<dbg> bttester: cmd_handler: Command returns status 0[0m
[00:00:08.670,000] [0m<dbg> bttester: tester_event: service 0x01 opcode 0x86[0m
[00:00:09.530,000] [0m<dbg> bttester: cmd_handler: cmd service 0x01 opcode 0x14 index 0x00[0m
[00:00:09.530,000] [0m<dbg> bttester: cmd_handler: Command returns status 0[0m
[00:00:09.530,000] [0m<dbg> bttester: tester_rsp_with_index: service 0x01 opcode 0x14 index 0x00 status 0x00[0m
[00:00:09.930,000] [0m<dbg> bttester: tester_event: service 0x01 opcode 0x91[0m
[00:00:09.930,000] [0m<dbg> bttester: tester_event: service 0x01 opcode 0x89[0m
[00:00:11.470,000] [0m<dbg> bttester_gap: le_disconnected: C0:07:E8:2C:B6:EE (public): 0x13[0m
[00:00:11.470,000] [0m<dbg> bttester: tester_event: service 0x01 opcode 0x83[0m
[00:00:17.170,000] [0m<dbg> bttester: cmd_handler: cmd service 0x01 opcode 0x05 index 0x00[0m
[00:00:17.190,000] [0m<dbg> bttester: cmd_handler: Command returns status 0[0m

Stopped at 18.250s
