*** Booting Zephyr OS build v4.1.0-rc2-177-g5efaf9d8c1f0 ***
[00:00:00.404,876] <dbg> bttester: tester_init: Initializing tester
[00:00:50.435,363] <dbg> bttester: cmd_handler: cmd service 0x00 opcode 0x03 index 0xff
[00:00:50.462,921] <inf> bt_hci_core: HW Platform: Nordic Semiconductor (0x0002)
[00:00:50.462,951] <inf> bt_hci_core: HW Variant: nRF53x (0x0003)
[00:00:50.462,982] <inf> bt_hci_core: Firmware: Standard Bluetooth controller (0x00) Version 4.1 Build 0
[00:00:50.464,782] <inf> bt_hci_core: Identity: D7:B8:1B:0B:51:C3 (random)
[00:00:50.464,813] <inf> bt_hci_core: HCI: version 5.4 (0x0d) revision 0x0000, manufacturer 0x05f1
[00:00:50.464,843] <inf> bt_hci_core: LMP: version 5.4 (0x0d) subver 0xffff
[00:00:50.464,843] <dbg> bttester: tester_rsp_with_index: service 0x00 opcode 0x03 index 0xff status 0x00
[00:00:50.485,137] <dbg> bttester: cmd_handler: cmd service 0x01 opcode 0x03 index 0x00
[00:00:50.485,168] <wrn> bt_ecc: Callback already registered
[00:00:50.915,771] <dbg> bttester: cmd_handler: cmd service 0x00 opcode 0x03 index 0xff
[00:00:50.915,832] <dbg> bttester: tester_rsp_with_index: service 0x00 opcode 0x03 index 0xff status 0x00
[00:00:50.934,204] <dbg> bttester: cmd_handler: cmd service 0x01 opcode 0x08 index 0x00
[00:00:50.960,937] <dbg> bttester: cmd_handler: cmd service 0x00 opcode 0x03 index 0xff
[00:00:50.961,639] <dbg> bttester: tester_rsp_with_index: service 0x00 opcode 0x03 index 0xff status 0x00
[00:00:51.000,091] <dbg> bttester: cmd_handler: cmd service 0x00 opcode 0x03 index 0xff
[00:00:51.000,091] <dbg> bttester: tester_rsp_with_index: service 0x00 opcode 0x03 index 0xff status 0x00
[00:00:51.019,287] <dbg> bttester: cmd_handler: cmd service 0x00 opcode 0x03 index 0xff
[00:00:51.019,409] <dbg> bttester: tester_rsp_with_index: service 0x00 opcode 0x03 index 0xff status 0x00
[00:01:10.035,552] <dbg> bttester: cmd_handler: cmd service 0x0e opcode 0x04 index 0x00
[00:01:10.035,583] <dbg> bttester_bap_broadcast: btp_bap_broadcast_source_setup: 
[00:01:10.035,675] <dbg> bttester_bap_broadcast: setup_broadcast_source: Creating broadcast source with 1 subgroups with 2 streams
[00:01:10.065,643] <dbg> bttester: cmd_handler: cmd service 0x0e opcode 0x06 index 0x00
[00:01:10.065,643] <dbg> bttester_bap_broadcast: btp_bap_broadcast_adv_start: 
[00:01:10.066,741] <dbg> bttester: tester_rsp_with_index: service 0x0e opcode 0x06 index 0x00 status 0x00
[00:01:10.084,106] <dbg> bttester: cmd_handler: cmd service 0x0e opcode 0x08 index 0x00
[00:01:10.084,106] <dbg> bttester_bap_broadcast: btp_bap_broadcast_source_start: 
[00:01:10.084,869] <dbg> bttester: tester_rsp_with_index: service 0x0e opcode 0x08 index 0x00 status 0x00
[00:01:10.110,504] <dbg> bttester: cmd_handler: cmd service 0x0e opcode 0x03 index 0x00
[00:01:10.125,793] <dbg> bttester: cmd_handler: cmd service 0x0e opcode 0x03 index 0x00
[00:01:10.156,066] <dbg> bttester: cmd_handler: cmd service 0x0e opcode 0x03 index 0x00
[00:01:10.172,454] <dbg> bttester: cmd_handler: cmd service 0x0e opcode 0x03 index 0x00
[00:01:10.191,680] <dbg> bttester: cmd_handler: cmd service 0x0e opcode 0x03 index 0x00
[00:01:10.219,360] <dbg> bttester: cmd_handler: cmd service 0x0e opcode 0x03 index 0x00
[00:01:10.225,891] <dbg> bttester_bap_broadcast: stream_started: Started stream 0x2001394c
[00:01:10.225,921] <inf> bttester_bap_audio_stream: Registered 0x2001394c (0x2001394c) for TX
[00:01:10.225,952] <dbg> bttester: tester_event: service 0x0e opcode 0x86
[00:01:10.227,661] <dbg> bttester_bap_broadcast: stream_started: Started stream 0x20013aa4
[00:01:10.227,661] <inf> bttester_bap_audio_stream: Registered 0x20013aa4 (0x20013aa4) for TX
[00:01:10.227,691] <dbg> bttester: tester_event: service 0x0e opcode 0x86
[00:01:10.229,064] <dbg> bttester: cmd_handler: cmd service 0x0e opcode 0x03 index 0x00
[00:01:10.244,293] <dbg> bttester: cmd_handler: cmd service 0x0e opcode 0x03 index 0x00
[00:01:10.254,760] <dbg> bttester: cmd_handler: cmd service 0x0e opcode 0x03 index 0x00
[00:01:10.336,669] <dbg> bttester: cmd_handler: cmd service 0x0e opcode 0x03 index 0x00
[00:01:10.389,038] <dbg> bttester: cmd_handler: cmd service 0x0e opcode 0x03 index 0x00
[00:01:10.435,241] <dbg> bttester: cmd_handler: cmd service 0x0e opcode 0x03 index 0x00
[00:01:10.473,358] <dbg> bttester: cmd_handler: cmd service 0x0e opcode 0x03 index 0x00
[00:01:10.502,014] <dbg> bttester: cmd_handler: cmd service 0x0e opcode 0x03 index 0x00
[00:01:10.534,759] <dbg> bttester: cmd_handler: cmd service 0x0e opcode 0x03 index 0x00
[00:01:10.549,652] <dbg> bttester: cmd_handler: cmd service 0x0e opcode 0x03 index 0x00
[00:01:10.565,216] <dbg> bttester: cmd_handler: cmd service 0x0e opcode 0x03 index 0x00
[00:01:10.577,789] <dbg> bttester: cmd_handler: cmd service 0x0e opcode 0x03 index 0x00
[00:01:10.591,979] <dbg> bttester: cmd_handler: cmd service 0x0e opcode 0x03 index 0x00
[00:01:10.603,790] <dbg> bttester: cmd_handler: cmd service 0x0e opcode 0x03 index 0x00
[00:01:10.624,420] <dbg> bttester: cmd_handler: cmd service 0x0e opcode 0x03 index 0x00
[00:01:10.635,131] <dbg> bttester: cmd_handler: cmd service 0x0e opcode 0x03 index 0x00
[00:01:10.652,252] <dbg> bttester: cmd_handler: cmd service 0x0e opcode 0x03 index 0x00
[00:01:10.668,579] <dbg> bttester: cmd_handler: cmd service 0x0e opcode 0x03 index 0x00
[00:01:10.680,877] <dbg> bttester: cmd_handler: cmd service 0x0e opcode 0x03 index 0x00
[00:01:10.717,620] <dbg> bttester: cmd_handler: cmd service 0x0e opcode 0x03 index 0x00
[00:01:10.824,188] <dbg> bttester: cmd_handler: cmd service 0x0e opcode 0x03 index 0x00
[00:01:10.838,439] <dbg> bttester: cmd_handler: cmd service 0x0e opcode 0x03 index 0x00
[00:01:10.887,695] <dbg> bttester: cmd_handler: cmd service 0x0e opcode 0x03 index 0x00
[00:01:10.908,874] <dbg> bttester: cmd_handler: cmd service 0x0e opcode 0x03 index 0x00
[00:01:10.931,335] <dbg> bttester: cmd_handler: cmd service 0x0e opcode 0x03 index 0x00
[00:01:10.945,068] <dbg> bttester: cmd_handler: cmd service 0x0e opcode 0x03 index 0x00
[00:01:10.972,015] <dbg> bttester: cmd_handler: cmd service 0x0e opcode 0x03 index 0x00
[00:01:10.985,595] <dbg> bttester: cmd_handler: cmd service 0x0e opcode 0x03 index 0x00
[00:01:11.003,234] <dbg> bttester: cmd_handler: cmd service 0x0e opcode 0x03 index 0x00
[00:01:11.016,815] <dbg> bttester: cmd_handler: cmd service 0x0e opcode 0x03 index 0x00
[00:01:11.030,395] <dbg> bttester: cmd_handler: cmd service 0x0e opcode 0x03 index 0x00
[00:01:11.049,072] <dbg> bttester: cmd_handler: cmd service 0x0e opcode 0x03 index 0x00
[00:01:11.059,173] <dbg> bttester: cmd_handler: cmd service 0x0e opcode 0x03 index 0x00
[00:01:11.071,319] <dbg> bttester: cmd_handler: cmd service 0x0e opcode 0x03 index 0x00
[00:01:11.103,332] <dbg> bttester: cmd_handler: cmd service 0x0e opcode 0x03 index 0x00
[00:01:11.115,386] <dbg> bttester: cmd_handler: cmd service 0x0e opcode 0x03 index 0x00
[00:01:11.273,071] <dbg> bttester: cmd_handler: cmd service 0x0e opcode 0x03 index 0x00
[00:01:11.332,885] <dbg> bttester: cmd_handler: cmd service 0x0e opcode 0x03 index 0x00
[00:01:11.434,051] <dbg> bttester: cmd_handler: cmd service 0x0e opcode 0x03 index 0x00
[00:01:11.447,174] <dbg> bttester: cmd_handler: cmd service 0x0e opcode 0x03 index 0x00
[00:01:11.522,186] <dbg> bttester: cmd_handler: cmd service 0x0e opcode 0x03 index 0x00
[00:01:11.534,027] <dbg> bttester: cmd_handler: cmd service 0x0e opcode 0x03 index 0x00
[00:01:11.566,436] <dbg> bttester: cmd_handler: cmd service 0x0e opcode 0x03 index 0x00
[00:01:11.575,500] <inf> bttester_bap_audio_stream: Stream 0x2001394c sent 100 SDUs of size 26
[00:01:11.575,653] <inf> bttester_bap_audio_stream: Stream 0x20013aa4 sent 100 SDUs of size 26
[00:01:11.597,839] <dbg> bttester: cmd_handler: cmd service 0x0e opcode 0x03 index 0x00
[00:01:11.615,570] <dbg> bttester: cmd_handler: cmd service 0x0e opcode 0x03 index 0x00
[00:01:11.627,777] <dbg> bttester: cmd_handler: cmd service 0x0e opcode 0x03 index 0x00
[00:01:11.651,733] <dbg> bttester: cmd_handler: cmd service 0x0e opcode 0x03 index 0x00
[00:01:11.667,816] <dbg> bttester: cmd_handler: cmd service 0x0e opcode 0x03 index 0x00
[00:01:11.680,725] <dbg> bttester: cmd_handler: cmd service 0x0e opcode 0x03 index 0x00
[00:01:11.696,441] <dbg> bttester: cmd_handler: cmd service 0x0e opcode 0x03 index 0x00
[00:01:11.711,608] <dbg> bttester: cmd_handler: cmd service 0x0e opcode 0x03 index 0x00
[00:01:11.722,442] <dbg> bttester: cmd_handler: cmd service 0x0e opcode 0x03 index 0x00
[00:01:11.735,534] <dbg> bttester: cmd_handler: cmd service 0x0e opcode 0x03 index 0x00
[00:01:11.754,760] <dbg> bttester: cmd_handler: cmd service 0x0e opcode 0x03 index 0x00
[00:01:11.765,380] <dbg> bttester: cmd_handler: cmd service 0x0e opcode 0x03 index 0x00
[00:01:11.815,704] <dbg> bttester: cmd_handler: cmd service 0x0e opcode 0x03 index 0x00
[00:01:11.831,268] <dbg> bttester: cmd_handler: cmd service 0x0e opcode 0x03 index 0x00
[00:01:11.856,353] <dbg> bttester: cmd_handler: cmd service 0x0e opcode 0x03 index 0x00
[00:01:11.868,499] <dbg> bttester: cmd_handler: cmd service 0x0e opcode 0x03 index 0x00
[00:01:11.877,838] <dbg> bttester: cmd_handler: cmd service 0x0e opcode 0x03 index 0x00
[00:01:11.904,052] <dbg> bttester: cmd_handler: cmd service 0x0e opcode 0x03 index 0x00
[00:01:11.911,651] <dbg> bttester: cmd_handler: cmd service 0x0e opcode 0x03 index 0x00
[00:01:11.923,095] <dbg> bttester: cmd_handler: cmd service 0x0e opcode 0x03 index 0x00
[00:01:11.939,880] <dbg> bttester: cmd_handler: cmd service 0x0e opcode 0x03 index 0x00
[00:01:11.961,822] <dbg> bttester: cmd_handler: cmd service 0x0e opcode 0x03 index 0x00
[00:01:11.994,750] <dbg> bttester: cmd_handler: cmd service 0x0e opcode 0x03 index 0x00
[00:01:12.037,445] <dbg> bttester: cmd_handler: cmd service 0x0e opcode 0x03 index 0x00
[00:01:12.140,380] <dbg> bttester: cmd_handler: cmd service 0x0e opcode 0x03 index 0x00
[00:01:12.204,467] <dbg> bttester: cmd_handler: cmd service 0x0e opcode 0x03 index 0x00
[00:01:12.213,043] <dbg> bttester: cmd_handler: cmd service 0x0e opcode 0x03 index 0x00
[00:01:12.241,088] <dbg> bttester: cmd_handler: cmd service 0x0e opcode 0x03 index 0x00
[00:01:12.254,577] <dbg> bttester: cmd_handler: cmd service 0x0e opcode 0x03 index 0x00
[00:01:12.276,367] <dbg> bttester: cmd_handler: cmd service 0x0e opcode 0x03 index 0x00
[00:01:12.314,178] <dbg> bttester: cmd_handler: cmd service 0x0e opcode 0x03 index 0x00
[00:01:12.342,895] <dbg> bttester: cmd_handler: cmd service 0x0e opcode 0x03 index 0x00
[00:01:12.370,513] <dbg> bttester: cmd_handler: cmd service 0x0e opcode 0x03 index 0x00
[00:01:12.413,726] <dbg> bttester: cmd_handler: cmd service 0x0e opcode 0x03 index 0x00
[00:01:12.588,287] <dbg> bttester: cmd_handler: cmd service 0x0e opcode 0x03 index 0x00
[00:01:12.642,181] <dbg> bttester: cmd_handler: cmd service 0x0e opcode 0x03 index 0x00
[00:01:12.653,350] <dbg> bttester: cmd_handler: cmd service 0x0e opcode 0x03 index 0x00
[00:01:12.666,503] <dbg> bttester: cmd_handler: cmd service 0x0e opcode 0x03 index 0x00
[00:01:12.681,762] <dbg> bttester: cmd_handler: cmd service 0x0e opcode 0x03 index 0x00
[00:01:12.693,969] <dbg> bttester: cmd_handler: cmd service 0x0e opcode 0x03 index 0x00
[00:01:12.712,341] <dbg> bttester: cmd_handler: cmd service 0x0e opcode 0x03 index 0x00
[00:01:12.721,008] <dbg> bttester: cmd_handler: cmd service 0x0e opcode 0x03 index 0x00
[00:01:12.773,925] <dbg> bttester: cmd_handler: cmd service 0x0e opcode 0x03 index 0x00
[00:01:12.802,276] <dbg> bttester: cmd_handler: cmd service 0x0e opcode 0x03 index 0x00
[00:01:12.827,697] <dbg> bttester: cmd_handler: cmd service 0x0e opcode 0x03 index 0x00
[00:01:12.853,820] <dbg> bttester: cmd_handler: cmd service 0x0e opcode 0x03 index 0x00
[00:01:12.884,552] <dbg> bttester: cmd_handler: cmd service 0x0e opcode 0x03 index 0x00
[00:01:12.892,669] <dbg> bttester: cmd_handler: cmd service 0x0e opcode 0x03 index 0x00
[00:01:12.910,491] <inf> bttester_bap_audio_stream: Stream 0x2001394c sent 200 SDUs of size 26
[00:01:12.910,644] <inf> bttester_bap_audio_stream: Stream 0x20013aa4 sent 200 SDUs of size 26
[00:01:12.941,284] <dbg> bttester: cmd_handler: cmd service 0x0e opcode 0x03 index 0x00
[00:01:13.016,723] <dbg> bttester: cmd_handler: cmd service 0x0e opcode 0x03 index 0x00
[00:01:14.260,498] <inf> bttester_bap_audio_stream: Stream 0x2001394c sent 300 SDUs of size 26
[00:01:14.260,650] <inf> bttester_bap_audio_stream: Stream 0x20013aa4 sent 300 SDUs of size 26
[00:01:15.610,504] <inf> bttester_bap_audio_stream: Stream 0x2001394c sent 400 SDUs of size 26
[00:01:15.610,656] <inf> bttester_bap_audio_stream: Stream 0x20013aa4 sent 400 SDUs of size 26
[00:01:16.960,510] <inf> bttester_bap_audio_stream: Stream 0x2001394c sent 500 SDUs of size 26
[00:01:16.960,662] <inf> bttester_bap_audio_stream: Stream 0x20013aa4 sent 500 SDUs of size 26
[00:01:18.310,485] <inf> bttester_bap_audio_stream: Stream 0x2001394c sent 600 SDUs of size 26
[00:01:18.310,668] <inf> bttester_bap_audio_stream: Stream 0x20013aa4 sent 600 SDUs of size 26
[00:01:19.660,491] <inf> bttester_bap_audio_stream: Stream 0x2001394c sent 700 SDUs of size 26
[00:01:19.660,675] <inf> bttester_bap_audio_stream: Stream 0x20013aa4 sent 700 SDUs of size 26
[00:01:21.010,498] <inf> bttester_bap_audio_stream: Stream 0x2001394c sent 800 SDUs of size 26
[00:01:21.010,650] <inf> bttester_bap_audio_stream: Stream 0x20013aa4 sent 800 SDUs of size 26
[00:01:22.360,504] <inf> bttester_bap_audio_stream: Stream 0x2001394c sent 900 SDUs of size 26
[00:01:22.360,656] <inf> bttester_bap_audio_stream: Stream 0x20013aa4 sent 900 SDUs of size 26
[00:01:23.710,510] <inf> bttester_bap_audio_stream: Stream 0x2001394c sent 1000 SDUs of size 26
[00:01:23.710,662] <inf> bttester_bap_audio_stream: Stream 0x20013aa4 sent 1000 SDUs of size 26
[00:01:25.060,485] <inf> bttester_bap_audio_stream: Stream 0x2001394c sent 1100 SDUs of size 26
[00:01:25.060,668] <inf> bttester_bap_audio_stream: Stream 0x20013aa4 sent 1100 SDUs of size 26
[00:01:26.410,491] <inf> bttester_bap_audio_stream: Stream 0x2001394c sent 1200 SDUs of size 26
[00:01:26.410,675] <inf> bttester_bap_audio_stream: Stream 0x20013aa4 sent 1200 SDUs of size 26
[00:01:27.760,498] <inf> bttester_bap_audio_stream: Stream 0x2001394c sent 1300 SDUs of size 26
[00:01:27.760,650] <inf> bttester_bap_audio_stream: Stream 0x20013aa4 sent 1300 SDUs of size 26
[00:01:29.110,504] <inf> bttester_bap_audio_stream: Stream 0x2001394c sent 1400 SDUs of size 26
[00:01:29.110,656] <inf> bttester_bap_audio_stream: Stream 0x20013aa4 sent 1400 SDUs of size 26
[00:01:30.460,510] <inf> bttester_bap_audio_stream: Stream 0x2001394c sent 1500 SDUs of size 26
[00:01:30.460,662] <inf> bttester_bap_audio_stream: Stream 0x20013aa4 sent 1500 SDUs of size 26
[00:01:31.810,485] <inf> bttester_bap_audio_stream: Stream 0x2001394c sent 1600 SDUs of size 26
[00:01:31.810,668] <inf> bttester_bap_audio_stream: Stream 0x20013aa4 sent 1600 SDUs of size 26
[00:01:33.160,491] <inf> bttester_bap_audio_stream: Stream 0x2001394c sent 1700 SDUs of size 26
[00:01:33.160,675] <inf> bttester_bap_audio_stream: Stream 0x20013aa4 sent 1700 SDUs of size 26
[00:01:34.510,498] <inf> bttester_bap_audio_stream: Stream 0x2001394c sent 1800 SDUs of size 26
[00:01:34.510,650] <inf> bttester_bap_audio_stream: Stream 0x20013aa4 sent 1800 SDUs of size 26
[00:01:35.860,504] <inf> bttester_bap_audio_stream: Stream 0x2001394c sent 1900 SDUs of size 26
[00:01:35.860,656] <inf> bttester_bap_audio_stream: Stream 0x20013aa4 sent 1900 SDUs of size 26
[00:01:37.210,510] <inf> bttester_bap_audio_stream: Stream 0x2001394c sent 2000 SDUs of size 26
[00:01:37.210,662] <inf> bttester_bap_audio_stream: Stream 0x20013aa4 sent 2000 SDUs of size 26
[00:01:38.560,485] <inf> bttester_bap_audio_stream: Stream 0x2001394c sent 2100 SDUs of size 26
[00:01:38.560,668] <inf> bttester_bap_audio_stream: Stream 0x20013aa4 sent 2100 SDUs of size 26
[00:01:39.910,491] <inf> bttester_bap_audio_stream: Stream 0x2001394c sent 2200 SDUs of size 26
[00:01:39.910,675] <inf> bttester_bap_audio_stream: Stream 0x20013aa4 sent 2200 SDUs of size 26
[00:01:41.260,498] <inf> bttester_bap_audio_stream: Stream 0x2001394c sent 2300 SDUs of size 26
[00:01:41.260,650] <inf> bttester_bap_audio_stream: Stream 0x20013aa4 sent 2300 SDUs of size 26
[00:01:42.610,504] <inf> bttester_bap_audio_stream: Stream 0x2001394c sent 2400 SDUs of size 26
[00:01:42.610,656] <inf> bttester_bap_audio_stream: Stream 0x20013aa4 sent 2400 SDUs of size 26
[00:01:43.960,510] <inf> bttester_bap_audio_stream: Stream 0x2001394c sent 2500 SDUs of size 26
[00:01:43.960,662] <inf> bttester_bap_audio_stream: Stream 0x20013aa4 sent 2500 SDUs of size 26
[00:01:45.310,485] <inf> bttester_bap_audio_stream: Stream 0x2001394c sent 2600 SDUs of size 26
[00:01:45.310,668] <inf> bttester_bap_audio_stream: Stream 0x20013aa4 sent 2600 SDUs of size 26
[00:01:46.660,491] <inf> bttester_bap_audio_stream: Stream 0x2001394c sent 2700 SDUs of size 26
[00:01:46.660,675] <inf> bttester_bap_audio_stream: Stream 0x20013aa4 sent 2700 SDUs of size 26
[00:01:48.010,498] <inf> bttester_bap_audio_stream: Stream 0x2001394c sent 2800 SDUs of size 26
[00:01:48.010,650] <inf> bttester_bap_audio_stream: Stream 0x20013aa4 sent 2800 SDUs of size 26
[00:01:49.360,504] <inf> bttester_bap_audio_stream: Stream 0x2001394c sent 2900 SDUs of size 26
[00:01:49.360,656] <inf> bttester_bap_audio_stream: Stream 0x20013aa4 sent 2900 SDUs of size 26
[00:01:50.710,510] <inf> bttester_bap_audio_stream: Stream 0x2001394c sent 3000 SDUs of size 26
[00:01:50.710,662] <inf> bttester_bap_audio_stream: Stream 0x20013aa4 sent 3000 SDUs of size 26
[00:01:52.060,485] <inf> bttester_bap_audio_stream: Stream 0x2001394c sent 3100 SDUs of size 26
[00:01:52.060,668] <inf> bttester_bap_audio_stream: Stream 0x20013aa4 sent 3100 SDUs of size 26
[00:01:53.410,491] <inf> bttester_bap_audio_stream: Stream 0x2001394c sent 3200 SDUs of size 26
[00:01:53.410,675] <inf> bttester_bap_audio_stream: Stream 0x20013aa4 sent 3200 SDUs of size 26
[00:01:54.760,498] <inf> bttester_bap_audio_stream: Stream 0x2001394c sent 3300 SDUs of size 26
[00:01:54.760,650] <inf> bttester_bap_audio_stream: Stream 0x20013aa4 sent 3300 SDUs of size 26
[00:01:56.110,504] <inf> bttester_bap_audio_stream: Stream 0x2001394c sent 3400 SDUs of size 26
[00:01:56.110,656] <inf> bttester_bap_audio_stream: Stream 0x20013aa4 sent 3400 SDUs of size 26
[00:01:57.460,479] <inf> bttester_bap_audio_stream: Stream 0x2001394c sent 3500 SDUs of size 26
[00:01:57.460,662] <inf> bttester_bap_audio_stream: Stream 0x20013aa4 sent 3500 SDUs of size 26
[00:01:58.810,485] <inf> bttester_bap_audio_stream: Stream 0x2001394c sent 3600 SDUs of size 26
[00:01:58.810,668] <inf> bttester_bap_audio_stream: Stream 0x20013aa4 sent 3600 SDUs of size 26
[00:02:00.160,491] <inf> bttester_bap_audio_stream: Stream 0x2001394c sent 3700 SDUs of size 26
[00:02:00.160,675] <inf> bttester_bap_audio_stream: Stream 0x20013aa4 sent 3700 SDUs of size 26
[00:02:01.510,498] <inf> bttester_bap_audio_stream: Stream 0x2001394c sent 3800 SDUs of size 26
[00:02:01.510,650] <inf> bttester_bap_audio_stream: Stream 0x20013aa4 sent 3800 SDUs of size 26
[00:02:02.860,504] <inf> bttester_bap_audio_stream: Stream 0x2001394c sent 3900 SDUs of size 26
[00:02:02.860,656] <inf> bttester_bap_audio_stream: Stream 0x20013aa4 sent 3900 SDUs of size 26
[00:02:04.210,510] <inf> bttester_bap_audio_stream: Stream 0x2001394c sent 4000 SDUs of size 26
[00:02:04.210,662] <inf> bttester_bap_audio_stream: Stream 0x20013aa4 sent 4000 SDUs of size 26
[00:02:05.560,485] <inf> bttester_bap_audio_stream: Stream 0x2001394c sent 4100 SDUs of size 26
[00:02:05.560,668] <inf> bttester_bap_audio_stream: Stream 0x20013aa4 sent 4100 SDUs of size 26
[00:02:06.910,491] <inf> bttester_bap_audio_stream: Stream 0x2001394c sent 4200 SDUs of size 26
[00:02:06.910,675] <inf> bttester_bap_audio_stream: Stream 0x20013aa4 sent 4200 SDUs of size 26
[00:02:08.260,498] <inf> bttester_bap_audio_stream: Stream 0x2001394c sent 4300 SDUs of size 26
[00:02:08.260,650] <inf> bttester_bap_audio_stream: Stream 0x20013aa4 sent 4300 SDUs of size 26
[00:02:09.610,504] <inf> bttester_bap_audio_stream: Stream 0x2001394c sent 4400 SDUs of size 26
[00:02:09.610,656] <inf> bttester_bap_audio_stream: Stream 0x20013aa4 sent 4400 SDUs of size 26
[00:02:10.960,510] <inf> bttester_bap_audio_stream: Stream 0x2001394c sent 4500 SDUs of size 26
[00:02:10.960,662] <inf> bttester_bap_audio_stream: Stream 0x20013aa4 sent 4500 SDUs of size 26
[00:02:12.310,485] <inf> bttester_bap_audio_stream: Stream 0x2001394c sent 4600 SDUs of size 26
[00:02:12.310,668] <inf> bttester_bap_audio_stream: Stream 0x20013aa4 sent 4600 SDUs of size 26
[00:02:13.660,491] <inf> bttester_bap_audio_stream: Stream 0x2001394c sent 4700 SDUs of size 26
[00:02:13.660,675] <inf> bttester_bap_audio_stream: Stream 0x20013aa4 sent 4700 SDUs of size 26
[00:02:15.010,498] <inf> bttester_bap_audio_stream: Stream 0x2001394c sent 4800 SDUs of size 26
[00:02:15.010,650] <inf> bttester_bap_audio_stream: Stream 0x20013aa4 sent 4800 SDUs of size 26
[00:02:16.360,504] <inf> bttester_bap_audio_stream: Stream 0x2001394c sent 4900 SDUs of size 26
[00:02:16.360,656] <inf> bttester_bap_audio_stream: Stream 0x20013aa4 sent 4900 SDUs of size 26
[00:02:17.710,510] <inf> bttester_bap_audio_stream: Stream 0x2001394c sent 5000 SDUs of size 26
[00:02:17.710,662] <inf> bttester_bap_audio_stream: Stream 0x20013aa4 sent 5000 SDUs of size 26
[00:02:19.060,485] <inf> bttester_bap_audio_stream: Stream 0x2001394c sent 5100 SDUs of size 26
[00:02:19.060,668] <inf> bttester_bap_audio_stream: Stream 0x20013aa4 sent 5100 SDUs of size 26
[00:02:20.410,491] <inf> bttester_bap_audio_stream: Stream 0x2001394c sent 5200 SDUs of size 26
[00:02:20.410,675] <inf> bttester_bap_audio_stream: Stream 0x20013aa4 sent 5200 SDUs of size 26
[00:02:21.760,498] <inf> bttester_bap_audio_stream: Stream 0x2001394c sent 5300 SDUs of size 26
[00:02:21.760,650] <inf> bttester_bap_audio_stream: Stream 0x20013aa4 sent 5300 SDUs of size 26
[00:02:23.110,504] <inf> bttester_bap_audio_stream: Stream 0x2001394c sent 5400 SDUs of size 26
[00:02:23.110,656] <inf> bttester_bap_audio_stream: Stream 0x20013aa4 sent 5400 SDUs of size 26
[00:02:24.460,510] <inf> bttester_bap_audio_stream: Stream 0x2001394c sent 5500 SDUs of size 26
[00:02:24.460,662] <inf> bttester_bap_audio_stream: Stream 0x20013aa4 sent 5500 SDUs of size 26
[00:02:25.810,485] <inf> bttester_bap_audio_stream: Stream 0x2001394c sent 5600 SDUs of size 26
[00:02:25.810,668] <inf> bttester_bap_audio_stream: Stream 0x20013aa4 sent 5600 SDUs of size 26
