< 2024/09/14 05:35:40.192149  length=6 from=0 to=5
 00 03 ff 01 00 01                                ......
--
> 2024/09/14 05:35:40.202215  length=5 from=0 to=4
 00 03 ff 00 00                                   .....
--
< 2024/09/14 05:35:40.271486  length=6 from=6 to=11
 00 03 ff 01 00 02                                ......
--
> 2024/09/14 05:35:40.273336  length=5 from=5 to=9
 00 03 ff 00 00                                   .....
--
< 2024/09/14 05:35:40.318666  length=6 from=12 to=17
 00 03 ff 01 00 04                                ......
--
> 2024/09/14 05:35:40.320550  length=5 from=10 to=14
 00 03 ff 00 00                                   .....
--
< 2024/09/14 05:35:40.392230  length=6 from=18 to=23
 04 04 00 01 00 00                                ......
--
> 2024/09/14 05:35:40.654027  length=4 from=15 to=18
 04 04 00 00                                      ....
--
> 2024/09/14 05:35:40.655320  length=1 from=19 to=19
 00                                               .
--
< 2024/09/14 05:35:40.746150  length=5 from=24 to=28
 01 03 00 00 00                                   .....
--
> 2024/09/14 05:35:40.751550  length=6 from=20 to=25
 01 03 00 15 01 70                                .....p
--
> 2024/09/14 05:35:40.752872  length=15 from=26 to=40
 1f c4 76 e7 dc 13 06 02 00 13 82 00 00 00 00     ..v............
--
> 2024/09/14 05:35:40.754252  length=3 from=41 to=43
 00 62 74                                         .bt
--
> 2024/09/14 05:35:40.755574  length=29 from=44 to=72
 70 5f 74 65 73 74 65 72 00 00 00 00 00 00 00 00  p_tester........
 00 00 00 00 00 00 00 00 00 00 00 00 00           .............
--
> 2024/09/14 05:35:40.756938  length=16 from=73 to=88
 00 00 00 00 00 00 00 00 00 00 00 00 00 00 00 00  ................
--
> 2024/09/14 05:35:40.758553  length=18 from=89 to=106
 00 00 00 00 00 00 00 00 00 00 00 00 00 00 00 00  ................
 00 00                                            ..
--
> 2024/09/14 05:35:40.759890  length=16 from=107 to=122
 00 00 00 00 00 00 00 00 00 00 00 00 00 00 00 00  ................
--
> 2024/09/14 05:35:40.761240  length=16 from=123 to=138
 00 00 00 00 00 00 00 00 00 00 00 00 00 00 00 00  ................
--
> 2024/09/14 05:35:40.762599  length=15 from=139 to=153
 00 00 00 00 00 00 00 00 00 00 00 00 00 00 00     ...............
--
> 2024/09/14 05:35:40.763910  length=16 from=154 to=169
 00 00 00 00 00 00 00 00 00 00 00 00 00 00 00 00  ................
--
> 2024/09/14 05:35:40.765264  length=3 from=170 to=172
 00 00 00                                         ...
--
> 2024/09/14 05:35:40.766630  length=28 from=173 to=200
 00 00 00 00 00 00 00 00 00 00 00 00 00 00 00 00  ................
 00 00 00 00 00 00 00 00 00 00 00 00              ............
--
> 2024/09/14 05:35:40.767951  length=16 from=201 to=216
 00 00 00 00 00 00 00 00 00 00 00 00 00 00 00 00  ................
--
> 2024/09/14 05:35:40.769314  length=16 from=217 to=232
 00 00 00 00 00 00 00 00 00 00 00 00 00 00 00 00  ................
--
> 2024/09/14 05:35:40.770690  length=15 from=233 to=247
 00 00 00 00 00 00 00 00 00 00 00 00 00 00 00     ...............
--
> 2024/09/14 05:35:40.771999  length=16 from=248 to=263
 00 00 00 00 00 00 00 00 00 00 00 00 00 00 00 00  ................
--
> 2024/09/14 05:35:40.773368  length=16 from=264 to=279
 00 00 00 00 00 00 00 00 00 00 00 00 00 00 00 00  ................
--
> 2024/09/14 05:35:40.774958  length=18 from=280 to=297
 00 00 00 00 00 00 00 00 00 00 00 00 00 00 00 00  ................
 00 00                                            ..
--
> 2024/09/14 05:35:40.776270  length=4 from=298 to=301
 00 00 00 00                                      ....
--
< 2024/09/14 05:35:59.871721  length=61 from=29 to=89
 04 02 00 38 00 3b 40 4a fe 95 0b 49 31 8f f0 d0  ...8.;@J...I1...
 61 67 18 6b 26 00 01 02 03 04 05 06 07 08 09 0a  ag.k&...........
 0b 0c 0d 0e 0f 00 00 00 00 00 00 00 00 00 00 00  ................
 00 00 00 00 00 10 02 18 00 00 00 00 00           .............
--
> 2024/09/14 05:35:59.879986  length=5 from=302 to=306
 04 02 00 00 00                                   .....
--
< 2024/09/14 05:35:59.904414  length=5 from=90 to=94
 04 78 00 00 00                                   .x...
--
> 2024/09/14 05:35:59.908052  length=5 from=307 to=311
 04 78 00 00 00                                   .x...
--
> 2024/09/14 05:35:59.930586  length=3 from=312 to=314
 04 84 00                                         ...
--
> 2024/09/14 05:35:59.931978  length=3 from=315 to=317
 01 00 00                                         ...
--
> 2024/09/14 05:36:02.017697  length=2 from=318 to=319
 04 83                                            ..
--
> 2024/09/14 05:36:02.019011  length=3 from=320 to=322
 00 00 00                                         ...
--
> 2024/09/14 05:36:03.583241  length=5 from=323 to=327
 04 85 00 01 00                                   .....
--
> 2024/09/14 05:36:03.584532  length=1 from=328 to=328
 00                                               .
--
> 2024/09/14 05:36:12.047788  length=5 from=329 to=333
 00 80 ff 00 00                                   .....
--
