< 2024/07/07 11:15:03.223408  length=6 from=0 to=5
 00 03 ff 01 00 01                                ......
--
> 2024/07/07 11:15:03.264599  length=1 from=0 to=0
 00                                               .
--
> 2024/07/07 11:15:03.264741  length=2 from=1 to=2
 03 ff                                            ..
--
> 2024/07/07 11:15:03.264897  length=2 from=3 to=4
 00 00                                            ..
--
< 2024/07/07 11:15:03.306366  length=5 from=6 to=10
 01 03 00 00 00                                   .....
--
> 2024/07/07 11:15:03.500020  length=1 from=5 to=5
 01                                               .
--
> 2024/07/07 11:15:03.500176  length=2 from=6 to=7
 03 00                                            ..
--
> 2024/07/07 11:15:03.500287  length=1 from=8 to=8
 15                                               .
--
> 2024/07/07 11:15:03.500443  length=2 from=9 to=10
 01 c3                                            ..
--
> 2024/07/07 11:15:03.500496  length=1 from=11 to=11
 51                                               Q
--
> 2024/07/07 11:15:03.500623  length=1 from=12 to=12
 0b                                               .
--
> 2024/07/07 11:15:03.500733  length=2 from=13 to=14
 1b b8                                            ..
--
> 2024/07/07 11:15:03.500857  length=1 from=15 to=15
 d7                                               .
--
> 2024/07/07 11:15:03.500902  length=1 from=16 to=16
 13                                               .
--
> 2024/07/07 11:15:03.501066  length=1 from=17 to=17
 06                                               .
--
> 2024/07/07 11:15:03.501110  length=1 from=18 to=18
 02                                               .
--
> 2024/07/07 11:15:03.501201  length=1 from=19 to=19
 00                                               .
--
> 2024/07/07 11:15:03.501305  length=1 from=20 to=20
 13                                               .
--
> 2024/07/07 11:15:03.501374  length=1 from=21 to=21
 82                                               .
--
> 2024/07/07 11:15:03.501499  length=2 from=22 to=23
 00 00                                            ..
--
> 2024/07/07 11:15:03.501624  length=1 from=24 to=24
 00                                               .
--
> 2024/07/07 11:15:03.501726  length=1 from=25 to=25
 00                                               .
--
> 2024/07/07 11:15:03.501819  length=1 from=26 to=26
 00                                               .
--
> 2024/07/07 11:15:03.501862  length=1 from=27 to=27
 62                                               b
--
> 2024/07/07 11:15:03.501962  length=1 from=28 to=28
 74                                               t
--
> 2024/07/07 11:15:03.502133  length=1 from=29 to=29
 70                                               p
--
> 2024/07/07 11:15:03.502259  length=1 from=30 to=30
 5f                                               _
--
> 2024/07/07 11:15:03.502302  length=1 from=31 to=31
 74                                               t
--
> 2024/07/07 11:15:03.502354  length=1 from=32 to=32
 65                                               e
--
> 2024/07/07 11:15:03.502459  length=1 from=33 to=33
 73                                               s
--
> 2024/07/07 11:15:03.502511  length=1 from=34 to=34
 74                                               t
--
> 2024/07/07 11:15:03.502601  length=1 from=35 to=35
 65                                               e
--
> 2024/07/07 11:15:03.502743  length=2 from=36 to=37
 72 00                                            r.
--
> 2024/07/07 11:15:03.502881  length=1 from=38 to=38
 00                                               .
--
> 2024/07/07 11:15:03.502980  length=1 from=39 to=39
 00                                               .
--
> 2024/07/07 11:15:03.503032  length=1 from=40 to=40
 00                                               .
--
> 2024/07/07 11:15:03.503178  length=1 from=41 to=41
 00                                               .
--
> 2024/07/07 11:15:03.503230  length=1 from=42 to=42
 00                                               .
--
> 2024/07/07 11:15:03.503280  length=1 from=43 to=43
 00                                               .
--
> 2024/07/07 11:15:03.503413  length=1 from=44 to=44
 00                                               .
--
> 2024/07/07 11:15:03.503465  length=1 from=45 to=45
 00                                               .
--
> 2024/07/07 11:15:03.503539  length=1 from=46 to=46
 00                                               .
--
> 2024/07/07 11:15:03.503614  length=1 from=47 to=47
 00                                               .
--
> 2024/07/07 11:15:03.503777  length=2 from=48 to=49
 00 00                                            ..
--
> 2024/07/07 11:15:03.503967  length=1 from=50 to=50
 00                                               .
--
> 2024/07/07 11:15:03.504018  length=1 from=51 to=51
 00                                               .
--
> 2024/07/07 11:15:03.504073  length=1 from=52 to=52
 00                                               .
--
> 2024/07/07 11:15:03.504138  length=1 from=53 to=53
 00                                               .
--
> 2024/07/07 11:15:03.504275  length=1 from=54 to=54
 00                                               .
--
> 2024/07/07 11:15:03.504371  length=1 from=55 to=55
 00                                               .
--
> 2024/07/07 11:15:03.504416  length=1 from=56 to=56
 00                                               .
--
> 2024/07/07 11:15:03.504460  length=1 from=57 to=57
 00                                               .
--
> 2024/07/07 11:15:03.504625  length=1 from=58 to=58
 00                                               .
--
> 2024/07/07 11:15:03.504735  length=1 from=59 to=59
 00                                               .
--
> 2024/07/07 11:15:03.504779  length=1 from=60 to=60
 00                                               .
--
> 2024/07/07 11:15:03.504821  length=1 from=61 to=61
 00                                               .
--
> 2024/07/07 11:15:03.504918  length=1 from=62 to=62
 00                                               .
--
> 2024/07/07 11:15:03.505029  length=1 from=63 to=63
 00                                               .
--
> 2024/07/07 11:15:03.505124  length=1 from=64 to=64
 00                                               .
--
> 2024/07/07 11:15:03.505210  length=1 from=65 to=65
 00                                               .
--
> 2024/07/07 11:15:03.505294  length=1 from=66 to=66
 00                                               .
--
> 2024/07/07 11:15:03.505371  length=1 from=67 to=67
 00                                               .
--
> 2024/07/07 11:15:03.505441  length=1 from=68 to=68
 00                                               .
--
> 2024/07/07 11:15:03.505510  length=1 from=69 to=69
 00                                               .
--
> 2024/07/07 11:15:03.505579  length=1 from=70 to=70
 00                                               .
--
> 2024/07/07 11:15:03.505713  length=1 from=71 to=71
 00                                               .
--
> 2024/07/07 11:15:03.505757  length=1 from=72 to=72
 00                                               .
--
> 2024/07/07 11:15:03.505840  length=1 from=73 to=73
 00                                               .
--
> 2024/07/07 11:15:03.505961  length=1 from=74 to=74
 00                                               .
--
> 2024/07/07 11:15:03.506032  length=1 from=75 to=75
 00                                               .
--
> 2024/07/07 11:15:03.506169  length=1 from=76 to=76
 00                                               .
--
> 2024/07/07 11:15:03.506265  length=1 from=77 to=77
 00                                               .
--
> 2024/07/07 11:15:03.506333  length=1 from=78 to=78
 00                                               .
--
> 2024/07/07 11:15:03.506383  length=1 from=79 to=79
 00                                               .
--
> 2024/07/07 11:15:03.506446  length=1 from=80 to=80
 00                                               .
--
> 2024/07/07 11:15:03.506566  length=1 from=81 to=81
 00                                               .
--
> 2024/07/07 11:15:03.506634  length=1 from=82 to=82
 00                                               .
--
> 2024/07/07 11:15:03.506746  length=1 from=83 to=83
 00                                               .
--
> 2024/07/07 11:15:03.532385  length=203 from=84 to=286
 00 00 00 00 00 00 00 00 00 00 00 00 00 00 00 00  ................
 00 00 00 00 00 00 00 00 00 00 00 00 00 00 00 00  ................
 00 00 00 00 00 00 00 00 00 00 00 00 00 00 00 00  ................
 00 00 00 00 00 00 00 00 00 00 00 00 00 00 00 00  ................
 00 00 00 00 00 00 00 00 00 00 00 00 00 00 00 00  ................
 00 00 00 00 00 00 00 00 00 00 00 00 00 00 00 00  ................
 00 00 00 00 00 00 00 00 00 00 00 00 00 00 00 00  ................
 00 00 00 00 00 00 00 00 00 00 00 00 00 00 00 00  ................
 00 00 00 00 00 00 00 00 00 00 00 00 00 00 00 00  ................
 00 00 00 00 00 00 00 00 00 00 00 00 00 00 00 00  ................
 00 00 00 00 00 00 00 00 00 00 00 00 00 00 00 00  ................
 00 00 00 00 00 00 00 00 00 00 00 00 00 00 00 00  ................
 00 00 00 00 00 00 00 00 00 00 00                 ...........
--
< 2024/07/07 11:15:03.584199  length=6 from=11 to=16
 00 03 ff 01 00 02                                ......
--
> 2024/07/07 11:15:03.585122  length=1 from=287 to=287
 00                                               .
--
> 2024/07/07 11:15:03.585249  length=1 from=288 to=288
 03                                               .
--
> 2024/07/07 11:15:03.585347  length=1 from=289 to=289
 ff                                               .
--
> 2024/07/07 11:15:03.585432  length=2 from=290 to=291
 00 00                                            ..
--
< 2024/07/07 11:15:03.591526  length=6 from=17 to=22
 01 08 00 01 00 01                                ......
--
> 2024/07/07 11:15:03.592605  length=1 from=292 to=292
 01                                               .
--
> 2024/07/07 11:15:03.592689  length=1 from=293 to=293
 08                                               .
--
> 2024/07/07 11:15:03.592869  length=2 from=294 to=295
 00 04                                            ..
--
> 2024/07/07 11:15:03.592956  length=2 from=296 to=297
 00 1b                                            ..
--
> 2024/07/07 11:15:03.593085  length=1 from=298 to=298
 82                                               .
--
> 2024/07/07 11:15:03.593139  length=1 from=299 to=299
 00                                               .
--
> 2024/07/07 11:15:03.593183  length=1 from=300 to=300
 00                                               .
--
< 2024/07/07 11:15:03.649605  length=6 from=23 to=28
 00 03 ff 01 00 0c                                ......
--
> 2024/07/07 11:15:03.651239  length=1 from=301 to=301
 00                                               .
--
> 2024/07/07 11:15:03.651338  length=2 from=302 to=303
 03 ff                                            ..
--
> 2024/07/07 11:15:03.651506  length=1 from=304 to=304
 00                                               .
--
> 2024/07/07 11:15:03.651607  length=1 from=305 to=305
 00                                               .
--
< 2024/07/07 11:15:03.692744  length=6 from=29 to=34
 00 03 ff 01 00 0d                                ......
--
> 2024/07/07 11:15:03.693697  length=1 from=306 to=306
 00                                               .
--
> 2024/07/07 11:15:03.693780  length=2 from=307 to=308
 03 ff                                            ..
--
> 2024/07/07 11:15:03.694029  length=1 from=309 to=309
 00                                               .
--
> 2024/07/07 11:15:03.694095  length=1 from=310 to=310
 00                                               .
--
< 2024/07/07 11:15:03.735203  length=6 from=35 to=40
 00 03 ff 01 00 0e                                ......
--
> 2024/07/07 11:15:03.736372  length=1 from=311 to=311
 00                                               .
--
> 2024/07/07 11:15:03.736442  length=2 from=312 to=313
 03 ff                                            ..
--
> 2024/07/07 11:15:03.736591  length=1 from=314 to=314
 00                                               .
--
> 2024/07/07 11:15:03.736664  length=1 from=315 to=315
 00                                               .
--
< 2024/07/07 11:15:03.778250  length=6 from=41 to=46
 01 21 00 01 00 01                                .!....
--
> 2024/07/07 11:15:03.779252  length=1 from=316 to=316
 01                                               .
--
> 2024/07/07 11:15:03.779348  length=2 from=317 to=318
 21 00                                            !.
--
> 2024/07/07 11:15:03.779420  length=1 from=319 to=319
 04                                               .
--
> 2024/07/07 11:15:03.779463  length=1 from=320 to=320
 00                                               .
--
> 2024/07/07 11:15:03.779707  length=1 from=321 to=321
 1b                                               .
--
> 2024/07/07 11:15:03.779761  length=2 from=322 to=323
 82 02                                            ..
--
> 2024/07/07 11:15:03.779883  length=1 from=324 to=324
 00                                               .
--
< 2024/07/07 11:15:03.841306  length=44 from=47 to=90
 01 0a                                            ..
 00 27 00 20 00 09 0d 54 65 73 74 65 72 5f 31 43  .'. ...Tester_1C
 32 38 44 46 01 01 06 03 02 4e 18 16 08 4e 18 01  28DF.....N...N..
 ff 0f ff 0f 00 ff ff ff ff 00                    ..........
--
> 2024/07/07 11:15:03.847665  length=1 from=325 to=325
 01                                               .
--
> 2024/07/07 11:15:03.847719  length=1 from=326 to=326
 0a                                               .
--
> 2024/07/07 11:15:03.847788  length=1 from=327 to=327
 00                                               .
--
> 2024/07/07 11:15:03.847954  length=2 from=328 to=329
 04 00                                            ..
--
> 2024/07/07 11:15:03.848143  length=2 from=330 to=331
 1b 86                                            ..
--
> 2024/07/07 11:15:03.848321  length=1 from=332 to=332
 02                                               .
--
> 2024/07/07 11:15:03.848387  length=1 from=333 to=333
 00                                               .
--
> 2024/07/07 11:15:10.563877  length=2 from=334 to=335
 01 82                                            ..
--
> 2024/07/07 11:15:10.563950  length=1 from=336 to=336
 00                                               .
--
> 2024/07/07 11:15:10.564084  length=1 from=337 to=337
 0d                                               .
--
> 2024/07/07 11:15:10.564177  length=2 from=338 to=339
 00 00                                            ..
--
> 2024/07/07 11:15:10.564317  length=1 from=340 to=340
 df                                               .
--
> 2024/07/07 11:15:10.564423  length=1 from=341 to=341
 28                                               (
--
> 2024/07/07 11:15:10.564475  length=1 from=342 to=342
 1c                                               .
--
> 2024/07/07 11:15:10.564519  length=1 from=343 to=343
 e8                                               .
--
> 2024/07/07 11:15:10.564632  length=1 from=344 to=344
 07                                               .
--
> 2024/07/07 11:15:10.564709  length=1 from=345 to=345
 c0                                               .
--
> 2024/07/07 11:15:10.564811  length=1 from=346 to=346
 78                                               x
--
> 2024/07/07 11:15:10.564900  length=1 from=347 to=347
 00                                               .
--
> 2024/07/07 11:15:10.564984  length=1 from=348 to=348
 00                                               .
--
> 2024/07/07 11:15:10.565033  length=1 from=349 to=349
 00                                               .
--
> 2024/07/07 11:15:10.565125  length=1 from=350 to=350
 d0                                               .
--
> 2024/07/07 11:15:10.565238  length=1 from=351 to=351
 09                                               .
--
> 2024/07/07 11:15:10.565376  length=1 from=352 to=352
 01                                               .
--
> 2024/07/07 11:15:10.565434  length=1 from=353 to=353
 80                                               .
--
> 2024/07/07 11:15:10.565505  length=1 from=354 to=354
 00                                               .
--
> 2024/07/07 11:15:10.565619  length=1 from=355 to=355
 04                                               .
--
> 2024/07/07 11:15:10.565725  length=1 from=356 to=356
 00                                               .
--
> 2024/07/07 11:15:10.565813  length=1 from=357 to=357
 1b                                               .
--
> 2024/07/07 11:15:10.565857  length=1 from=358 to=358
 82                                               .
--
> 2024/07/07 11:15:10.565994  length=1 from=359 to=359
 02                                               .
--
> 2024/07/07 11:15:10.566054  length=1 from=360 to=360
 00                                               .
--
< 2024/07/07 11:15:10.911802  length=44 from=91 to=134
 01 0a                                            ..
 00 27 00 20 00 09 0d 54 65 73 74 65 72 5f 31 43  .'. ...Tester_1C
 32 38 44 46 01 01 06 03 02 4e 18 16 08 4e 18 01  28DF.....N...N..
 ff 0f ff 0f 00 ff ff ff ff 00                    ..........
--
> 2024/07/07 11:15:10.918552  length=2 from=361 to=362
 01 0a                                            ..
--
> 2024/07/07 11:15:10.918727  length=1 from=363 to=363
 00                                               .
--
> 2024/07/07 11:15:10.918808  length=2 from=364 to=365
 04 00                                            ..
--
> 2024/07/07 11:15:10.918882  length=1 from=366 to=366
 1b                                               .
--
> 2024/07/07 11:15:10.919067  length=1 from=367 to=367
 86                                               .
--
> 2024/07/07 11:15:10.919149  length=1 from=368 to=368
 02                                               .
--
> 2024/07/07 11:15:10.919221  length=1 from=369 to=369
 00                                               .
--
> 2024/07/07 11:15:15.617460  length=1 from=370 to=370
 01                                               .
--
> 2024/07/07 11:15:15.617558  length=2 from=371 to=372
 89 00                                            ..
--
> 2024/07/07 11:15:15.617707  length=1 from=373 to=373
 08                                               .
--
> 2024/07/07 11:15:15.617753  length=1 from=374 to=374
 00                                               .
--
> 2024/07/07 11:15:15.617796  length=1 from=375 to=375
 00                                               .
--
> 2024/07/07 11:15:15.617984  length=1 from=376 to=376
 df                                               .
--
> 2024/07/07 11:15:15.618050  length=1 from=377 to=377
 28                                               (
--
> 2024/07/07 11:15:15.618237  length=1 from=378 to=378
 1c                                               .
--
> 2024/07/07 11:15:15.618369  length=1 from=379 to=379
 e8                                               .
--
> 2024/07/07 11:15:15.618421  length=2 from=380 to=381
 07 c0                                            ..
--
> 2024/07/07 11:15:15.618482  length=1 from=382 to=382
 02                                               .
--
> 2024/07/07 11:15:15.815587  length=1 from=383 to=383
 01                                               .
--
> 2024/07/07 11:15:15.815684  length=1 from=384 to=384
 88                                               .
--
> 2024/07/07 11:15:15.815816  length=1 from=385 to=385
 00                                               .
--
> 2024/07/07 11:15:15.815884  length=1 from=386 to=386
 0d                                               .
--
> 2024/07/07 11:15:15.815971  length=1 from=387 to=387
 00                                               .
--
> 2024/07/07 11:15:15.816035  length=1 from=388 to=388
 00                                               .
--
> 2024/07/07 11:15:15.816170  length=1 from=389 to=389
 df                                               .
--
> 2024/07/07 11:15:15.816251  length=1 from=390 to=390
 28                                               (
--
> 2024/07/07 11:15:15.816324  length=1 from=391 to=391
 1c                                               .
--
> 2024/07/07 11:15:15.816394  length=1 from=392 to=392
 e8                                               .
--
> 2024/07/07 11:15:15.816442  length=1 from=393 to=393
 07                                               .
--
> 2024/07/07 11:15:15.816561  length=1 from=394 to=394
 c0                                               .
--
> 2024/07/07 11:15:15.816613  length=1 from=395 to=395
 78                                               x
--
> 2024/07/07 11:15:15.816657  length=1 from=396 to=396
 00                                               .
--
> 2024/07/07 11:15:15.816796  length=1 from=397 to=397
 00                                               .
--
> 2024/07/07 11:15:15.816905  length=1 from=398 to=398
 00                                               .
--
> 2024/07/07 11:15:15.816961  length=1 from=399 to=399
 d0                                               .
--
> 2024/07/07 11:15:15.817004  length=1 from=400 to=400
 09                                               .
--
> 2024/07/07 11:15:27.817170  length=1 from=401 to=401
 0d                                               .
--
> 2024/07/07 11:15:27.817238  length=2 from=402 to=403
 80 00                                            ..
--
> 2024/07/07 11:15:27.817378  length=1 from=404 to=404
 0b                                               .
--
> 2024/07/07 11:15:27.817551  length=2 from=405 to=406
 00 00                                            ..
--
> 2024/07/07 11:15:27.817696  length=1 from=407 to=407
 df                                               .
--
> 2024/07/07 11:15:27.817777  length=1 from=408 to=408
 28                                               (
--
> 2024/07/07 11:15:27.817851  length=1 from=409 to=409
 1c                                               .
--
> 2024/07/07 11:15:27.817907  length=1 from=410 to=410
 e8                                               .
--
> 2024/07/07 11:15:27.817993  length=1 from=411 to=411
 07                                               .
--
> 2024/07/07 11:15:27.818073  length=1 from=412 to=412
 c0                                               .
--
> 2024/07/07 11:15:27.818125  length=1 from=413 to=413
 03                                               .
--
> 2024/07/07 11:15:27.818210  length=1 from=414 to=414
 01                                               .
--
> 2024/07/07 11:15:27.818325  length=1 from=415 to=415
 00                                               .
--
> 2024/07/07 11:15:27.818377  length=1 from=416 to=416
 00                                               .
--
> 2024/07/07 11:15:28.116436  length=1 from=417 to=417
 0d                                               .
--
> 2024/07/07 11:15:28.116501  length=1 from=418 to=418
 80                                               .
--
> 2024/07/07 11:15:28.116580  length=1 from=419 to=419
 00                                               .
--
> 2024/07/07 11:15:28.116697  length=1 from=420 to=420
 0b                                               .
--
> 2024/07/07 11:15:28.116767  length=1 from=421 to=421
 00                                               .
--
> 2024/07/07 11:15:28.116811  length=1 from=422 to=422
 00                                               .
--
> 2024/07/07 11:15:28.116982  length=1 from=423 to=423
 df                                               .
--
> 2024/07/07 11:15:28.117079  length=1 from=424 to=424
 28                                               (
--
> 2024/07/07 11:15:28.117136  length=1 from=425 to=425
 1c                                               .
--
> 2024/07/07 11:15:28.117193  length=1 from=426 to=426
 e8                                               .
--
> 2024/07/07 11:15:28.117324  length=1 from=427 to=427
 07                                               .
--
> 2024/07/07 11:15:28.117391  length=1 from=428 to=428
 c0                                               .
--
> 2024/07/07 11:15:28.117456  length=1 from=429 to=429
 03                                               .
--
> 2024/07/07 11:15:28.117576  length=1 from=430 to=430
 02                                               .
--
> 2024/07/07 11:15:28.117658  length=1 from=431 to=431
 00                                               .
--
> 2024/07/07 11:15:28.117709  length=1 from=432 to=432
 00                                               .
--
> 2024/07/07 11:15:28.416379  length=1 from=433 to=433
 0d                                               .
--
> 2024/07/07 11:15:28.416449  length=1 from=434 to=434
 80                                               .
--
> 2024/07/07 11:15:28.416558  length=2 from=435 to=436
 00 0b                                            ..
--
> 2024/07/07 11:15:28.416694  length=1 from=437 to=437
 00                                               .
--
> 2024/07/07 11:15:28.416804  length=1 from=438 to=438
 00                                               .
--
> 2024/07/07 11:15:28.416887  length=2 from=439 to=440
 df 28                                            .(
--
> 2024/07/07 11:15:28.417053  length=1 from=441 to=441
 1c                                               .
--
> 2024/07/07 11:15:28.417134  length=1 from=442 to=442
 e8                                               .
--
> 2024/07/07 11:15:28.417196  length=2 from=443 to=444
 07 c0                                            ..
--
> 2024/07/07 11:15:28.417344  length=1 from=445 to=445
 03                                               .
--
> 2024/07/07 11:15:28.417544  length=1 from=446 to=446
 03                                               .
--
> 2024/07/07 11:15:28.417627  length=1 from=447 to=447
 00                                               .
--
> 2024/07/07 11:15:28.417714  length=1 from=448 to=448
 00                                               .
--
> 2024/07/07 11:16:02.335134  length=1 from=449 to=449
 00                                               .
--
> 2024/07/07 11:16:02.335263  length=2 from=450 to=451
 80 ff                                            ..
--
> 2024/07/07 11:16:02.335352  length=1 from=452 to=452
 00                                               .
--
> 2024/07/07 11:16:02.335448  length=1 from=453 to=453
 00                                               .
--
