Applying system reset.
Run.
Applying system reset.
Run.
< 2023/01/24 03:47:37.292510  length=5 from=0 to=4
 00 80 ff 00 00                                   .....
--
> 2023/01/24 03:47:37.372317  length=6 from=0 to=5
 00 03 ff 01 00 01                                ......
--
< 2023/01/24 03:47:37.388540  length=5 from=5 to=9
 00 03 ff 00 00                                   .....
--
> 2023/01/24 03:47:37.482314  length=6 from=6 to=11
 00 03 ff 01 00 04                                ......
--
< 2023/01/24 03:47:37.498420  length=5 from=10 to=14
 00 03 ff 00 00                                   .....
--
> 2023/01/24 03:47:37.594343  length=5 from=12 to=16
 01 03 00 00 00                                   .....
--
< 2023/01/24 03:47:37.658495  length=134 from=15 to=148
 01 03 00 15 01 70 1f c4 76 e7 dc 13 06 00 00 13  .....p..v.......
 82 00 00 00 00 00 62 74 70 5f 74 65 73 74 65 72  ......btp_tester
 00 00 00 00 00 00 00 00 00 00 00 00 00 00 00 00  ................
 00 00 00 00 00 00 00 00 00 00 00 00 00 00 00 00  ................
 00 00 00 00 00 00 00 00 00 00 00 00 00 00 00 00  ................
 00 00 00 00 00 00 00 00 00 00 00 00 00 00 00 00  ................
 00 00 00 00 00 00 00 00 00 00 00 00 00 00 00 00  ................
 00 00 00 00 00 00 00 00 00 00 00 00 00 00 00 00  ................
 00 00 00 00 00 00                                ......
--
< 2023/01/24 03:47:37.660163  length=23 from=149 to=171
 00 00 00 00 00 00 00 00 00 00 00 00 00 00 00 00  ................
 00 00 00 00 00 00 00                             .......
--
< 2023/01/24 03:47:37.674608  length=125 from=172 to=296
 00 00 00 00 00 00 00 00 00 00 00 00 00 00 00 00  ................
 00 00 00 00 00 00 00 00 00 00 00 00 00 00 00 00  ................
 00 00 00 00 00 00 00 00 00 00 00 00 00 00 00 00  ................
 00 00 00 00 00 00 00 00 00 00 00 00 00 00 00 00  ................
 00 00 00 00 00 00 00 00 00 00 00 00 00 00 00 00  ................
 00 00 00 00 00 00 00 00 00 00 00 00 00 00 00 00  ................
 00 00 00 00 00 00 00 00 00 00 00 00 00 00 00 00  ................
 00 00 00 00 00 00 00 00 00 00 00 00 00           .............
--
> 2023/01/24 03:47:44.316763  length=44 from=17 to=60
 04 02 00 27 00 82 2f db b7 54 89 43 89 aa 5e 7c  ...'../..T.C..^|
 33 ce 59 f3 41 00 00 00 00 00 00 00 00 00 00 00  3.Y.A...........
 00 00 00 00 00 02 18 00 02 0c 00 00              ............
--
< 2023/01/24 03:47:44.332803  length=5 from=297 to=301
 04 02 00 00 00                                   .....
--
> 2023/01/24 03:47:44.444774  length=5 from=61 to=65
 04 04 00 00 00                                   .....
--
< 2023/01/24 03:47:44.460823  length=5 from=302 to=306
 04 04 00 00 00                                   .....
--
< 2023/01/24 03:47:44.492899  length=6 from=307 to=312
 04 84 00 01 00 00                                ......
--
< 2023/01/24 03:47:47.158652  length=5 from=313 to=317
 04 83 00 00 00                                   .....
--
< 2023/01/24 03:47:48.399629  length=6 from=318 to=323
 04 85 00 01 00 00                                ......
--
< 2023/01/24 03:47:49.496733  length=27 from=324 to=350
 04 86 00 16 00 03 00 01 00 02 00 0f 80 80 00 00  ................
 d6 1c 24 aa cd f6 6a 0d f7 ac 7c                 ..$...j...|
--
< 2023/01/24 03:47:49.753180  length=19 from=351 to=369
 04 86 00 0e 00 07 01 01 00 02 00 07 00 00 04 00  ................
 00 00 07                                         ...
--
< 2023/01/24 03:47:49.880751  length=28 from=370 to=397
 04 86 00 17 00 03 00 01 00 02 00 10 80 00 08 01  ................
 17 d1 c7 39 75 ed e9 fe de d1 b5 ce              ...9u.......
--
< 2023/01/24 03:47:49.927182  length=16 from=398 to=413
 04 86 00 17 00 03 00 01 00 02 00 10 80 00 08 21  ...............!
--
< 2023/01/24 03:47:49.943023  length=12 from=414 to=425
 5a 49 a5 de de e2 75 37 19 f3 95 59              ZI....u7...Y
--
< 2023/01/24 03:47:50.055374  length=28 from=426 to=453
 04 86 00 17 00 03 00 01 00 02 00 10 80 00 10 00  ................
 f5 94 f9 3b f0 34 d2 25 20 28 5b e3              ...;.4.% ([.
--
< 2023/01/24 03:47:50.198046  length=28 from=454 to=481
 04 86 00 17 00 03 00 01 00 02 00 10 80 00 14 00  ................
 db bc 93 45 42 fd 78 9f 25 fd 6c 7b              ...EB.x.%.l{
--
< 2023/01/24 03:47:51.409329  length=6 from=482 to=487
 04 86 00 16 00 03                                ......
--
< 2023/01/24 03:47:51.410318  length=11 from=488 to=498
 00 01 00 02 00 0f d0 80 18 00 16                 ...........
--
< 2023/01/24 03:47:51.411409  length=10 from=499 to=508
 b9 dd db a5 e0 c4 22 ee 21 cb                    ......".!.
--
< 2023/01/24 03:47:51.553009  length=27 from=509 to=535
 04 86 00 16 00 03 00 01 00 02 00 0f d0 80 1c 00  ................
 4c 85 cb 0b ec 90 7f 23 07 2b e1                 L......#.+.
--
< 2023/01/24 03:47:53.675329  length=26 from=536 to=561
 04 86 00 15 00 03 00 01 00 02 00 0e d0 80 20 00  .............. .
 4b bd 25 9d 0d 65 79 c1 ac 58                    K.%..ey..X
--
Applying system reset.
Run.
