< 2024/06/23 17:41:16.337351  length=6 from=0 to=5
 00 03 ff 01 00 01                                ......
--
> 2024/06/23 17:41:16.345929  length=1 from=0 to=0
 00                                               .
--
> 2024/06/23 17:41:16.345994  length=1 from=1 to=1
 03                                               .
--
> 2024/06/23 17:41:16.346929  length=3 from=2 to=4
 ff 00 00                                         ...
--
< 2024/06/23 17:41:16.387687  length=6 from=6 to=11
 00 03 ff 01 00 02                                ......
--
> 2024/06/23 17:41:16.388897  length=3 from=5 to=7
 00 03 ff                                         ...
--
> 2024/06/23 17:41:16.389946  length=2 from=8 to=9
 00 00                                            ..
--
< 2024/06/23 17:41:16.430668  length=6 from=12 to=17
 00 03 ff 01 00 04                                ......
--
> 2024/06/23 17:41:16.431946  length=4 from=10 to=13
 00 03 ff 00                                      ....
--
> 2024/06/23 17:41:16.432921  length=1 from=14 to=14
 00                                               .
--
< 2024/06/23 17:41:16.478854  length=6 from=18 to=23
 04 04 00 01 00 00                                ......
--
> 2024/06/23 17:41:16.738964  length=4 from=15 to=18
 04 04 00 00                                      ....
--
> 2024/06/23 17:41:16.739945  length=1 from=19 to=19
 00                                               .
--
< 2024/06/23 17:41:16.760335  length=5 from=24 to=28
 01 03 00 00 00                                   .....
--
> 2024/06/23 17:41:16.863952  length=11 from=20 to=30
 01 03 00 15 01 70 1f c4 76 e7 dc                 .....p..v..
--
> 2024/06/23 17:41:16.864944  length=11 from=31 to=41
 13 06 02 00 13 82 00 00 00 00 00                 ...........
--
> 2024/06/23 17:41:16.865025  length=1 from=42 to=42
 62                                               b
--
> 2024/06/23 17:41:16.865936  length=2 from=43 to=44
 74 70                                            tp
--
> 2024/06/23 17:41:16.866052  length=10 from=45 to=54
 5f 74 65 73 74 65 72 00 00 00                    _tester...
--
> 2024/06/23 17:41:16.866930  length=11 from=55 to=65
 00 00 00 00 00 00 00 00 00 00 00                 ...........
--
> 2024/06/23 17:41:16.867923  length=11 from=66 to=76
 00 00 00 00 00 00 00 00 00 00 00                 ...........
--
> 2024/06/23 17:41:16.868952  length=12 from=77 to=88
 00 00 00 00 00 00 00 00 00 00 00 00              ............
--
> 2024/06/23 17:41:16.869042  length=1 from=89 to=89
 00                                               .
--
> 2024/06/23 17:41:16.869147  length=1 from=90 to=90
 00                                               .
--
> 2024/06/23 17:41:16.869947  length=10 from=91 to=100
 00 00 00 00 00 00 00 00 00 00                    ..........
--
> 2024/06/23 17:41:16.870946  length=11 from=101 to=111
 00 00 00 00 00 00 00 00 00 00 00                 ...........
--
> 2024/06/23 17:41:16.871028  length=1 from=112 to=112
 00                                               .
--
> 2024/06/23 17:41:16.871951  length=11 from=113 to=123
 00 00 00 00 00 00 00 00 00 00 00                 ...........
--
> 2024/06/23 17:41:16.872033  length=1 from=124 to=124
 00                                               .
--
> 2024/06/23 17:41:16.872937  length=11 from=125 to=135
 00 00 00 00 00 00 00 00 00 00 00                 ...........
--
> 2024/06/23 17:41:16.873933  length=11 from=136 to=146
 00 00 00 00 00 00 00 00 00 00 00                 ...........
--
> 2024/06/23 17:41:16.874014  length=1 from=147 to=147
 00                                               .
--
> 2024/06/23 17:41:16.874902  length=10 from=148 to=157
 00 00 00 00 00 00 00 00 00 00                    ..........
--
> 2024/06/23 17:41:16.875929  length=13 from=158 to=170
 00 00 00 00 00 00 00 00 00 00 00 00 00           .............
--
> 2024/06/23 17:41:16.876937  length=11 from=171 to=181
 00 00 00 00 00 00 00 00 00 00 00                 ...........
--
> 2024/06/23 17:41:16.877923  length=12 from=182 to=193
 00 00 00 00 00 00 00 00 00 00 00 00              ............
--
> 2024/06/23 17:41:16.878935  length=11 from=194 to=204
 00 00 00 00 00 00 00 00 00 00 00                 ...........
--
> 2024/06/23 17:41:16.879017  length=1 from=205 to=205
 00                                               .
--
> 2024/06/23 17:41:16.879068  length=1 from=206 to=206
 00                                               .
--
> 2024/06/23 17:41:16.879947  length=10 from=207 to=216
 00 00 00 00 00 00 00 00 00 00                    ..........
--
> 2024/06/23 17:41:16.880027  length=1 from=217 to=217
 00                                               .
--
> 2024/06/23 17:41:16.880949  length=11 from=218 to=228
 00 00 00 00 00 00 00 00 00 00 00                 ...........
--
> 2024/06/23 17:41:16.881921  length=11 from=229 to=239
 00 00 00 00 00 00 00 00 00 00 00                 ...........
--
> 2024/06/23 17:41:16.882958  length=12 from=240 to=251
 00 00 00 00 00 00 00 00 00 00 00 00              ............
--
> 2024/06/23 17:41:16.883042  length=1 from=252 to=252
 00                                               .
--
> 2024/06/23 17:41:16.883947  length=11 from=253 to=263
 00 00 00 00 00 00 00 00 00 00 00                 ...........
--
> 2024/06/23 17:41:16.884039  length=1 from=264 to=264
 00                                               .
--
> 2024/06/23 17:41:16.884948  length=10 from=265 to=274
 00 00 00 00 00 00 00 00 00 00                    ..........
--
> 2024/06/23 17:41:16.885028  length=1 from=275 to=275
 00                                               .
--
> 2024/06/23 17:41:16.885080  length=1 from=276 to=276
 00                                               .
--
> 2024/06/23 17:41:16.885929  length=10 from=277 to=286
 00 00 00 00 00 00 00 00 00 00                    ..........
--
> 2024/06/23 17:41:16.886941  length=11 from=287 to=297
 00 00 00 00 00 00 00 00 00 00 00                 ...........
--
> 2024/06/23 17:41:16.887022  length=1 from=298 to=298
 00                                               .
--
> 2024/06/23 17:41:16.887918  length=3 from=299 to=301
 00 00 00                                         ...
--
< 2024/06/23 17:41:23.962099  length=61 from=29 to=89
 04 02 00 38 00 c5 4f f9 61 c8 3e 42 79 bc cb 57  ...8..O.a.>By..W
 4f c0 ae 72 b3 00 01 02 03 04 05 06 07 08 09 0a  O..r............
 0b 0c 0d 0e 0f 00 00 00 00 00 00 00 00 00 00 00  ................
 00 00 00 00 00 10 00 00 00 01 0c 00 00           .............
--
> 2024/06/23 17:41:23.969019  length=5 from=302 to=306
 04 02 00 00 00                                   .....
--
< 2024/06/23 17:41:23.974871  length=5 from=90 to=94
 04 78 00 00 00                                   .x...
--
> 2024/06/23 17:41:23.978019  length=5 from=307 to=311
 04 78 00 00 00                                   .x...
--
> 2024/06/23 17:41:26.121018  length=6 from=312 to=317
 04 84 00 01 00 00                                ......
--
> 2024/06/23 17:41:29.277094  length=2 from=318 to=319
 04 83                                            ..
--
> 2024/06/23 17:41:29.278067  length=3 from=320 to=322
 00 00 00                                         ...
--
> 2024/06/23 17:41:30.857137  length=3 from=323 to=325
 04 85 00                                         ...
--
> 2024/06/23 17:41:30.857224  length=2 from=326 to=327
 01 00                                            ..
--
> 2024/06/23 17:41:30.858190  length=1 from=328 to=328
 00                                               .
--
> 2024/06/23 17:41:31.222131  length=9 from=329 to=337
 04 86 00 12 00 00 01 33 00                       .......3.
--
> 2024/06/23 17:41:31.223089  length=11 from=338 to=348
 fd ff 0b 03 24 a0 00 03 84 00 00                 ....$......
--
> 2024/06/23 17:41:31.224109  length=3 from=349 to=351
 01 00 01                                         ...
--
> 2024/06/23 17:41:31.688137  length=12 from=352 to=363
 04 86 00 09 00 00 01 33 00 02 00 02              .......3....
--
> 2024/06/23 17:41:31.689174  length=11 from=364 to=374
 01 00 04 89 00 09 00 00 00 33 00                 .........3.
--
> 2024/06/23 17:41:31.690190  length=5 from=375 to=379
 a0 90 5f 01 00                                   .._..
--
> 2024/06/23 17:41:32.101209  length=13 from=380 to=392
 04 86 00 09 00 00 01 33 00 02 00 02 01           .......3.....
--
> 2024/06/23 17:41:32.102201  length=1 from=393 to=393
 01                                               .
--
> 2024/06/23 17:41:33.488194  length=6 from=394 to=399
 04 86 00 17 00 03                                ......
--
> 2024/06/23 17:41:33.489131  length=11 from=400 to=410
 00 01 00 02 00 10 80 80 0c 00 92                 ...........
--
> 2024/06/23 17:41:33.489216  length=1 from=411 to=411
 a9                                               .
--
> 2024/06/23 17:41:33.490186  length=10 from=412 to=421
 63 d2 a5 99 65 5c f0 cb 7e 5c                    c...e\..~\
--
> 2024/06/23 17:41:33.491185  length=7 from=422 to=428
 04 8f 00 09 00 01 00                             .......
--
> 2024/06/23 17:41:33.492182  length=7 from=429 to=435
 02 00 04 80 2d 33 00                             ....-3.
--
> 2024/06/23 17:41:33.613107  length=7 from=436 to=442
 04 86 00 17 00 03 00                             .......
--
> 2024/06/23 17:41:33.613208  length=1 from=443 to=443
 01                                               .
--
> 2024/06/23 17:41:33.614165  length=12 from=444 to=455
 00 02 00 10 80 80 10 00 71 c0 50 a2              ........q.P.
--
> 2024/06/23 17:41:33.615112  length=8 from=456 to=463
 06 47 49 74 09 dc 2a 3c                          .GIt..*<
--
> 2024/06/23 17:41:33.615192  length=1 from=464 to=464
 04                                               .
--
> 2024/06/23 17:41:33.616109  length=11 from=465 to=475
 8f 00 09 00 01 00 02 00 04 80 2d                 ..........-
--
> 2024/06/23 17:41:33.616194  length=1 from=476 to=476
 39                                               9
--
> 2024/06/23 17:41:33.617166  length=1 from=477 to=477
 00                                               .
--
> 2024/06/23 17:41:41.076273  length=2 from=478 to=479
 00 80                                            ..
--
> 2024/06/23 17:41:41.077265  length=3 from=480 to=482
 ff 00 00                                         ...
--
