Applying system reset.
Run.
< 2021/12/25 04:16:01.353751  length=5 from=0 to=4
 00 80 ff 00 00                                   .....
--
> 2021/12/25 04:16:01.447307  length=6 from=0 to=5
 00 03 ff 01 00 01                                ......
--
< 2021/12/25 04:16:01.463076  length=5 from=5 to=9
 00 03 ff 00 00                                   .....
--
> 2021/12/25 04:16:01.525448  length=6 from=6 to=11
 00 03 ff 01 00 04                                ......
--
< 2021/12/25 04:16:01.541090  length=5 from=10 to=14
 00 03 ff 00 00                                   .....
--
> 2021/12/25 04:16:01.604063  length=5 from=12 to=16
 01 03 00 00 00                                   .....
--
< 2021/12/25 04:16:01.723100  length=11 from=15 to=25
 01 03 00 15 01 36 a7 20 ad 80 fc                 .....6. ...
--
< 2021/12/25 04:16:01.738889  length=185 from=26 to=210
 13 06 00 00 13 82 00 00 00 00 00 62 74 70 5f 74  ...........btp_t
 65 73 74 65 72 00 00 00 00 00 00 00 00 00 00 00  ester...........
 00 00 00 00 00 00 00 00 00 00 00 00 00 00 00 00  ................
 00 00 00 00 00 00 00 00 00 00 00 00 00 00 00 00  ................
 00 00 00 00 00 00 00 00 00 00 00 00 00 00 00 00  ................
 00 00 00 00 00 00 00 00 00 00 00 00 00 00 00 00  ................
 00 00 00 00 00 00 00 00 00 00 00 00 00 00 00 00  ................
 00 00 00 00 00 00 00 00 00 00 00 00 00 00 00 00  ................
 00 00 00 00 00 00 00 00 00 00 00 00 00 00 00 00  ................
 00 00 00 00 00 00 00 00 00 00 00 00 00 00 00 00  ................
 00 00 00 00 00 00 00 00 00 00 00 00 00 00 00 00  ................
 00 00 00 00 00 00 00 00 00                       .........
--
< 2021/12/25 04:16:01.740948  length=24 from=211 to=234
 00 00 00 00 00 00 00 00 00 00 00 00 00 00 00 00  ................
 00 00 00 00 00 00 00 00                          ........
--
< 2021/12/25 04:16:01.754075  length=62 from=235 to=296
 00 00 00 00 00 00 00 00 00 00 00 00 00 00 00 00  ................
 00 00 00 00 00 00 00 00 00 00 00 00 00 00 00 00  ................
 00 00 00 00 00 00 00 00 00 00 00 00 00 00 00 00  ................
 00 00 00 00 00 00 00 00 00 00 00 00 00 00        ..............
--
> 2021/12/25 04:16:08.062040  length=44 from=17 to=60
 04 02 00 27 00 b5 ae 13 a4 41 4d 43 7f 80 70 9c  ...'.....AMC..p.
 7d 5e db c1 88 00 00 00 00 00 00 00 00 00 00 00  }^..............
 00 00 00 00 00 00 00 00 02 0c 00 00              ............
--
< 2021/12/25 04:16:08.079429  length=5 from=297 to=301
 04 02 00 00 00                                   .....
--
> 2021/12/25 04:16:08.157419  length=5 from=61 to=65
 04 04 00 00 00                                   .....
--
< 2021/12/25 04:16:08.173071  length=5 from=302 to=306
 04 04 00 00 00                                   .....
--
< 2021/12/25 04:16:08.188743  length=6 from=307 to=312
 04 84 00 01 00 00                                ......
--
< 2021/12/25 04:16:10.245607  length=5 from=313 to=317
 04 83 00 00 00                                   .....
--
< 2021/12/25 04:16:11.612661  length=6 from=318 to=323
 04 85 00 01 00 00                                ......
--
< 2021/12/25 04:16:12.738606  length=27 from=324 to=350
 04 86 00 16 00 03 00 01 00 02 00 0f 80 80 00 00  ................
 08 34 f8 35 8d 18 8c f4 ff 17 b6                 .4.5.......
--
< 2021/12/25 04:16:13.115901  length=19 from=351 to=369
 04 86 00 0e 00 07 01 01 00 02 00 07 00 00 04 00  ................
 00 00 07                                         ...
--
> 2021/12/25 04:16:14.228855  length=5 from=66 to=70
 04 13 00 00 00                                   .....
--
< 2021/12/25 04:16:14.244282  length=5 from=370 to=374
 04 13 00 00 00                                   .....
--
