*** Booting Zephyr OS build v4.2.0-rc3-48-g1ba9504811d8 ***
[00:00:00.373,443] <dbg> bttester: tester_init: Initializing tester
[00:00:34.381,958] <dbg> bttester: cmd_handler: cmd service 0x00 opcode 0x03 index 0xff
[00:00:34.408,111] <wrn> bt_hci_core: Num of Controller's ACL packets != ACL bt_conn_tx contexts (7 != 3)
[00:00:34.408,111] <wrn> bt_hci_core: Num of Controller's ISO packets != ISO bt_conn_tx contexts(12 != 4)
[00:00:34.411,407] <inf> bt_hci_core: HW Platform: Nordic Semiconductor (0x0002)
[00:00:34.411,407] <inf> bt_hci_core: HW Variant: nRF53x (0x0003)
[00:00:34.411,437] <inf> bt_hci_core: Firmware: Standard Bluetooth controller (0x00) Version 4.2 Build 0
[00:00:34.413,635] <inf> bt_hci_core: HCI transport: IPC
[00:00:34.413,726] <inf> bt_hci_core: Identity: D7:B8:1B:0B:51:C3 (random)
[00:00:34.413,757] <inf> bt_hci_core: HCI: version 5.4 (0x0d) revision 0x0000, manufacturer 0x05f1
[00:00:34.413,787] <inf> bt_hci_core: LMP: version 5.4 (0x0d) subver 0xffff
[00:00:34.413,818] <dbg> bttester: tester_rsp_with_index: service 0x00 opcode 0x03 index 0xff status 0x00
[00:00:34.439,849] <dbg> bttester: cmd_handler: cmd service 0x01 opcode 0x01 index 0xff
[00:00:34.492,889] <dbg> bttester: cmd_handler: cmd service 0x00 opcode 0x03 index 0xff
[00:00:34.492,919] <dbg> bttester: tester_rsp_with_index: service 0x00 opcode 0x03 index 0xff status 0x00
[00:00:34.535,095] <dbg> bttester: cmd_handler: cmd service 0x02 opcode 0x01 index 0xff
[00:00:34.598,388] <dbg> bttester: cmd_handler: cmd service 0x01 opcode 0x03 index 0x00
[00:00:34.848,083] <dbg> bttester: cmd_handler: cmd service 0x01 opcode 0x10 index 0x00
[00:00:34.848,114] <dbg> bttester_gap: set_io_cap: io_cap: 0
[00:00:34.848,144] <dbg> bttester: tester_rsp_with_index: service 0x01 opcode 0x10 index 0x00 status 0x00
[00:00:34.906,188] <dbg> bttester: cmd_handler: cmd service 0x01 opcode 0x08 index 0x00
[00:00:34.986,999] <dbg> bttester: cmd_handler: cmd service 0x00 opcode 0x03 index 0xff
[00:00:34.987,030] <dbg> bttester: tester_rsp_with_index: service 0x00 opcode 0x03 index 0xff status 0x00
[00:00:34.993,927] <dbg> bttester: cmd_handler: cmd service 0x16 opcode 0x01 index 0xff
[00:00:41.046,691] <dbg> bttester: cmd_handler: cmd service 0x01 opcode 0x0e index 0x00
[00:00:41.047,668] <dbg> bttester: tester_rsp_with_index: service 0x01 opcode 0x0e index 0x00 status 0x00
[00:00:41.178,131] <dbg> bttester_gap: le_connected: C0:07:E8:1C:28:DF (public): 0x00
[00:00:41.178,161] <dbg> bttester: tester_event: service 0x01 opcode 0x82
[00:00:43.069,915] <dbg> bttester: tester_event: service 0x01 opcode 0x91
[00:00:43.071,105] <dbg> bttester: tester_event: service 0x01 opcode 0x89
[00:00:44.321,258] <dbg> bttester: cmd_handler: cmd service 0x16 opcode 0x02 index 0x00
[00:00:44.321,411] <dbg> bttester: tester_rsp_with_index: service 0x16 opcode 0x02 index 0x00 status 0x00
[00:00:51.399,841] <dbg> bttester: tester_event: service 0x16 opcode 0x80
[00:00:52.470,153] <dbg> bttester: cmd_handler: cmd service 0x16 opcode 0x06 index 0x00
[00:00:52.470,184] <dbg> bttester_mcp: mcp_playback_speed_read: MCC Read playback speed
[00:00:52.470,306] <dbg> bttester: tester_rsp_with_index: service 0x16 opcode 0x06 index 0x00 status 0x00
[00:00:52.589,813] <dbg> bttester_mcp: mcc_read_playback_speed_cb: MCC read playback speed cb (0)
[00:00:52.589,843] <dbg> bttester: tester_event: service 0x16 opcode 0x83
[00:00:54.741,119] <dbg> bttester: cmd_handler: cmd service 0x16 opcode 0x07 index 0x00
[00:00:54.741,180] <dbg> bttester_mcp: mcp_playback_speed_set: MCC Set playback speed
[00:00:54.741,271] <dbg> bttester: tester_rsp_with_index: service 0x16 opcode 0x07 index 0x00 status 0x00
[00:00:55.179,962] <dbg> bttester_mcp: mcc_set_playback_speed_cb: MCC set playback speed cb (14)
[00:00:55.179,992] <dbg> bttester: tester_event: service 0x16 opcode 0x83
[00:00:55.181,365] <dbg> bttester_gap: le_disconnected: C0:07:E8:1C:28:DF (public): 0x13
[00:00:55.181,396] <dbg> bttester: tester_event: service 0x01 opcode 0x83
