Applying system reset.
Run.
< 2021/08/30 22:35:42.584795  length=5 from=0 to=4
 00 80 ff 00 00                                   .....
--
> 2021/08/30 22:35:42.677934  length=6 from=0 to=5
 00 03 ff 01 00 01                                ......
--
< 2021/08/30 22:35:42.693046  length=5 from=5 to=9
 00 03 ff 00 00                                   .....
--
> 2021/08/30 22:35:42.787548  length=6 from=6 to=11
 00 03 ff 01 00 04                                ......
--
< 2021/08/30 22:35:42.802128  length=5 from=10 to=14
 00 03 ff 00 00                                   .....
--
> 2021/08/30 22:35:42.926648  length=5 from=12 to=16
 01 03 00 00 00                                   .....
--
< 2021/08/30 22:35:42.957664  length=91 from=15 to=105
 01 03 00 15 01 36 a7 20 ad 80 fc 13 06 00 00 13  .....6. ........
 82 00 00 00 00 00 62 74 70 5f 74 65 73 74 65 72  ......btp_tester
 00 00 00 00 00 00 00 00 00 00 00 00 00 00 00 00  ................
 00 00 00 00 00 00 00 00 00 00 00 00 00 00 00 00  ................
 00 00 00 00 00 00 00 00 00 00 00 00 00 00 00 00  ................
 00 00 00 00 00 00 00 00 00 00 00                 ...........
--
< 2021/08/30 22:35:42.973748  length=188 from=106 to=293
 00 00 00 00 00 00 00 00 00 00 00 00 00 00 00 00  ................
 00 00 00 00 00 00 00 00 00 00 00 00 00 00 00 00  ................
 00 00 00 00 00 00 00 00 00 00 00 00 00 00 00 00  ................
 00 00 00 00 00 00 00 00 00 00 00 00 00 00 00 00  ................
 00 00 00 00 00 00 00 00 00 00 00 00 00 00 00 00  ................
 00 00 00 00 00 00 00 00 00 00 00 00 00 00 00 00  ................
 00 00 00 00 00 00 00 00 00 00 00 00 00 00 00 00  ................
 00 00 00 00 00 00 00 00 00 00 00 00 00 00 00 00  ................
 00 00 00 00 00 00 00 00 00 00 00 00 00 00 00 00  ................
 00 00 00 00 00 00 00 00 00 00 00 00 00 00 00 00  ................
 00 00 00 00 00 00 00 00 00 00 00 00 00 00 00 00  ................
 00 00 00 00 00 00 00 00 00 00 00 00              ............
--
< 2021/08/30 22:35:42.975367  length=3 from=294 to=296
 00 00 00                                         ...
--
> 2021/08/30 22:35:47.284525  length=43 from=17 to=59
 04 02 00 26 00 d7 25 bc 43 65 12 4d ce a1 71 61  ...&..%.Ce.M..qa
 c1 71 6f b9 b4 00 00 00 00 00 00 00 00 00 00 00  .qo.............
 00 00 00 00 00 02 18 00 01 08 00                 ...........
--
< 2021/08/30 22:35:47.300610  length=5 from=297 to=301
 04 02 00 00 00                                   .....
--
> 2021/08/30 22:35:47.393912  length=5 from=60 to=64
 04 04 00 00 00                                   .....
--
< 2021/08/30 22:35:47.409978  length=5 from=302 to=306
 04 04 00 00 00                                   .....
--
< 2021/08/30 22:35:52.447400  length=6 from=307 to=312
 04 84 00 01 00 00                                ......
--
< 2021/08/30 22:35:55.314221  length=5 from=313 to=317
 04 83 00 00 00                                   .....
--
< 2021/08/30 22:35:56.836352  length=6 from=318 to=323
 04 85 00 01 00 00                                ......
--
< 2021/08/30 22:36:04.135339  length=20 from=324 to=343
 04 86 00 0f 00 03 00 01 00 03 00 08 00 76 39 97  .............v9.
 75 37 bc a1                                      u7..
--
< 2021/08/30 22:36:04.276079  length=20 from=344 to=363
 04 86 00 0f 00 03 00 01 00 03 00 08 00 f0 cc 3c  ...............<
 d4 4c c4 b9                                      .L..
--
< 2021/08/30 22:36:04.353935  length=27 from=364 to=390
 04 86 00 16 00 03 00 03 00 01 00 0f 80 80 00 00  ................
 0a                                               .
 1e f5 8a d5 24 28 52 07 ed 8a                    ....$(R...
--
< 2021/08/30 22:36:04.447895  length=27 from=391 to=417
 04 86 00 16 00 03 00 03 00 01 00 0f 80 80 00 00  ................
 0a                                               .
 1e f5 8a d5 24 28 52 07 ed 8a                    ....$(R...
--
< 2021/08/30 22:36:04.494568  length=20 from=418 to=437
 04 86 00 0f 00 03 00 01 00 03 00 08 00 1f 29 cc  ..............).
 e9 8d 11 3d                                      ...=
--
< 2021/08/30 22:36:04.880967  length=27 from=438 to=464
 04 86 00 16 00 03 00 03 00 01 00 0f 80 80 00 00  ................
 0a                                               .
 1e f5 8a d5 24 28 52 07 ed 8a                    ....$(R...
--
< 2021/08/30 22:36:05.426176  length=27 from=465 to=491
 04 86 00 16 00 03 00 03 00 01 00 0f 80 80 00 00  ................
 0a                                               .
 1e f5 8a d5 24 28 52 07 ed 8a                    ....$(R...
--
< 2021/08/30 22:36:06.088394  length=27 from=492 to=518
 04 86 00 16 00 03 00 03 00 01 00 0f 80 80 00 00  ................
 0a                                               .
 1e f5 8a d5 24 28 52 07 ed 8a                    ....$(R...
--
< 2021/08/30 22:36:06.478861  length=27 from=519 to=545
 04 86 00 16 00 03 00 03 00 01 00 0f 80 80 00 00  ................
 0a                                               .
 1e f5 8a d5 24 28 52 07 ed 8a                    ....$(R...
--
< 2021/08/30 22:36:06.945714  length=27 from=546 to=572
 04 86 00 16 00 03 00 03 00 01 00 0f 80 80 00 00  ................
 0a                                               .
 1e f5 8a d5 24 28 52 07 ed 8a                    ....$(R...
--
< 2021/08/30 22:36:07.473850  length=27 from=573 to=599
 04 86 00 16 00 03 00 03 00 01 00 0f 80 80 00 00  ................
 0a                                               .
 1e f5 8a d5 24 28 52 07 ed 8a                    ....$(R...
--
< 2021/08/30 22:36:07.900323  length=27 from=600 to=626
 04 86 00 16 00 03 00 03 00 01 00 0f 80 80 00 00  ................
 0a                                               .
 1e f5 8a d5 24 28 52 07 ed 8a                    ....$(R...
--
< 2021/08/30 22:36:08.368911  length=27 from=627 to=653
 04 86 00 16 00 03 00 03 00 01 00 0f 80 80 00 00  ................
 0a                                               .
 1e f5 8a d5 24 28 52 07 ed 8a                    ....$(R...
--
< 2021/08/30 22:36:08.758277  length=27 from=654 to=680
 04 86 00 16 00 03 00 03 00 01 00 0f 80 80 00 00  ................
 0a                                               .
 1e f5 8a d5 24 28 52 07 ed 8a                    ....$(R...
--
< 2021/08/30 22:36:09.303284  length=27 from=681 to=707
 04 86 00 16 00 03 00 03 00 01 00 0f 80 80 00 00  ................
 0a                                               .
 1e f5 8a d5 24 28 52 07 ed 8a                    ....$(R...
--
< 2021/08/30 22:36:09.712865  length=8 from=708 to=715
 04 86 00 16 00 03 00 03                          ........
--
< 2021/08/30 22:36:09.713475  length=11 from=716 to=726
 00 01 00 0f 80 80 00 00 0a                       .........
 1e f5                                            ..
--
< 2021/08/30 22:36:09.714222  length=8 from=727 to=734
 8a d5 24 28 52 07 ed 8a                          ..$(R...
--
< 2021/08/30 22:36:10.166253  length=27 from=735 to=761
 04 86 00 16 00 03 00 03 00 01 00 0f 80 80 00 00  ................
 0a                                               .
 1e f5 8a d5 24 28 52 07 ed 8a                    ....$(R...
--
< 2021/08/30 22:36:10.728362  length=27 from=762 to=788
 04 86 00 16 00 03 00 03 00 01 00 0f 80 80 00 00  ................
 0a                                               .
 1e f5 8a d5 24 28 52 07 ed 8a                    ....$(R...
--
< 2021/08/30 22:36:11.316795  length=27 from=789 to=815
 04 86 00 16 00 03 00 03 00 01 00 0f 80 80 00 00  ................
 0a                                               .
 1e f5 8a d5 24 28 52 07 ed 8a                    ....$(R...
--
< 2021/08/30 22:36:11.836987  length=27 from=816 to=842
 04 86 00 16 00 03 00 03 00 01 00 0f 80 80 00 00  ................
 0a                                               .
 1e f5 8a d5 24 28 52 07 ed 8a                    ....$(R...
--
< 2021/08/30 22:36:12.305696  length=27 from=843 to=869
 04 86 00 16 00 03 00 03 00 01 00 0f 80 80 00 00  ................
 0a                                               .
 1e f5 8a d5 24 28 52 07 ed 8a                    ....$(R...
--
< 2021/08/30 22:36:12.851027  length=27 from=870 to=896
 04 86 00 16 00 03 00 03 00 01 00 0f 80 80 00 00  ................
 0a                                               .
 1e f5 8a d5 24 28 52 07 ed 8a                    ....$(R...
--
< 2021/08/30 22:36:13.411211  length=27 from=897 to=923
 04 86 00 16 00 03 00 03 00 01 00 0f 80 80 00 00  ................
 0a                                               .
 1e f5 8a d5 24 28 52 07 ed 8a                    ....$(R...
--
< 2021/08/30 22:36:13.837532  length=2 from=924 to=925
 04 86                                            ..
--
< 2021/08/30 22:36:13.853397  length=25 from=926 to=950
 00 16 00 03 00 03 00 01 00 0f 80 80 00 00 0a     ...............
 1e f5 8a d5 24 28 52 07 ed 8a                    ....$(R...
--
< 2021/08/30 22:36:14.274968  length=27 from=951 to=977
 04 86 00 16 00 03 00 03 00 01 00 0f 80 80 00 00  ................
 0a                                               .
 1e f5 8a d5 24 28 52 07 ed 8a                    ....$(R...
--
< 2021/08/30 22:36:14.788213  length=27 from=978 to=1004
 04 86 00 16 00 03 00 03 00 01 00 0f 80 80 00 00  ................
 0a                                               .
 1e f5 8a d5 24 28 52 07 ed 8a                    ....$(R...
--
< 2021/08/30 22:36:15.224316  length=9 from=1005 to=1013
 04 86 00 16 00 03 00 03 00                       .........
--
< 2021/08/30 22:36:15.239471  length=18 from=1014 to=1031
 01 00 0f 80 80 00 00 0a                          ........
 1e f5 8a d5 24 28 52 07 ed 8a                    ....$(R...
--
< 2021/08/30 22:36:15.682569  length=27 from=1032 to=1058
 04 86 00 16 00 03 00 03 00 01 00 0f 80 80 00 00  ................
 0a                                               .
 1e f5 8a d5 24 28 52 07 ed 8a                    ....$(R...
--
< 2021/08/30 22:36:16.151203  length=27 from=1059 to=1085
 04 86 00 16 00 03 00 03 00 01 00 0f 80 80 00 00  ................
 0a                                               .
 1e f5 8a d5 24 28 52 07 ed 8a                    ....$(R...
--
< 2021/08/30 22:36:16.587900  length=27 from=1086 to=1112
 04 86 00 16 00 03 00 03 00 01 00 0f 80 80 00 00  ................
 0a                                               .
 1e f5 8a d5 24 28 52 07 ed 8a                    ....$(R...
--
< 2021/08/30 22:36:17.052447  length=27 from=1113 to=1139
 04 86 00 16 00 03 00 03 00 01 00 0f 80 80 00 00  ................
 0a                                               .
 1e f5 8a d5 24 28 52 07 ed 8a                    ....$(R...
--
< 2021/08/30 22:36:17.459445  length=27 from=1140 to=1166
 04 86 00 16 00 03 00 03 00 01 00 0f 80 80 00 00  ................
 0a                                               .
 1e f5 8a d5 24 28 52 07 ed 8a                    ....$(R...
--
< 2021/08/30 22:36:17.947388  length=27 from=1167 to=1193
 04 86 00 16 00 03 00 03 00 01 00 0f 80 80 00 00  ................
 0a                                               .
 1e f5 8a d5 24 28 52 07 ed 8a                    ....$(R...
--
< 2021/08/30 22:36:18.494162  length=27 from=1194 to=1220
 04 86 00 16 00 03 00 03 00 01 00 0f 80 80 00 00  ................
 0a                                               .
 1e f5 8a d5 24 28 52 07 ed 8a                    ....$(R...
--
< 2021/08/30 22:36:18.944636  length=27 from=1221 to=1247
 04 86 00 16 00 03 00 03 00 01 00 0f 80 80 00 00  ................
 0a                                               .
 1e f5 8a d5 24 28 52 07 ed 8a                    ....$(R...
--
< 2021/08/30 22:36:19.428855  length=27 from=1248 to=1274
 04 86 00 16 00 03 00 03 00 01 00 0f 80 80 00 00  ................
 0a                                               .
 1e f5 8a d5 24 28 52 07 ed 8a                    ....$(R...
--
< 2021/08/30 22:36:19.849868  length=27 from=1275 to=1301
 04 86 00 16 00 03 00 03 00 01 00 0f 80 80 00 00  ................
 0a                                               .
 1e f5 8a d5 24 28 52 07 ed 8a                    ....$(R...
--
< 2021/08/30 22:36:20.286392  length=5 from=1302 to=1306
 04 86 00 16 00                                   .....
--
< 2021/08/30 22:36:20.301996  length=22 from=1307 to=1328
 03 00 03 00 01 00 0f 80 80 00 00 0a              ............
 1e f5 8a d5 24 28 52 07 ed 8a                    ....$(R...
--
< 2021/08/30 22:36:20.681621  length=12 from=1329 to=1340
 04 86 00 16 00 03 00 03 00 01 00 0f              ............
--
< 2021/08/30 22:36:20.682323  length=12 from=1341 to=1352
 80 80 00 00 0a                                   .....
 1e f5 8a d5 24 28 52                             ....$(R
--
< 2021/08/30 22:36:20.697433  length=3 from=1353 to=1355
 07 ed 8a                                         ...
--
< 2021/08/30 22:36:21.665574  length=27 from=1356 to=1382
 04 86 00 16 00 03 00 03 00 01 00 0f 80 80 00 00  ................
 0a                                               .
 1e f5 8a d5 24 28 52 07 ed 8a                    ....$(R...
--
< 2021/08/30 22:36:22.242108  length=27 from=1383 to=1409
 04 86 00 16 00 03 00 03 00 01 00 0f 80 80 00 00  ................
 0a                                               .
 1e f5 8a d5 24 28 52 07 ed 8a                    ....$(R...
--
< 2021/08/30 22:36:22.728614  length=27 from=1410 to=1436
 04 86 00 16 00 03 00 03 00 01 00 0f 80 80 00 00  ................
 0a                                               .
 1e f5 8a d5 24 28 52 07 ed 8a                    ....$(R...
--
< 2021/08/30 22:36:23.197321  length=27 from=1437 to=1463
 04 86 00 16 00 03 00 03 00 01 00 0f 80 80 00 00  ................
 0a                                               .
 1e f5 8a d5 24 28 52 07 ed 8a                    ....$(R...
--
< 2021/08/30 22:36:23.632697  length=27 from=1464 to=1490
 04 86 00 16 00 03 00 03 00 01 00 0f 80 80 00 00  ................
 0a                                               .
 1e f5 8a d5 24 28 52 07 ed 8a                    ....$(R...
--
< 2021/08/30 22:36:24.067152  length=27 from=1491 to=1517
 04 86 00 16 00 03 00 03 00 01 00 0f 80 80 00 00  ................
 0a                                               .
 1e f5 8a d5 24 28 52 07 ed 8a                    ....$(R...
--
< 2021/08/30 22:36:24.489561  length=27 from=1518 to=1544
 04 86 00 16 00 03 00 03 00 01 00 0f 80 80 00 00  ................
 0a                                               .
 1e f5 8a d5 24 28 52 07 ed 8a                    ....$(R...
--
< 2021/08/30 22:36:24.946978  length=27 from=1545 to=1571
 04 86 00 16 00 03 00 03 00 01 00 0f 80 80 00 00  ................
 0a                                               .
 1e f5 8a d5 24 28 52 07 ed 8a                    ....$(R...
--
< 2021/08/30 22:36:25.368697  length=8 from=1572 to=1579
 04 86 00 16 00 03 00 03                          ........
--
< 2021/08/30 22:36:25.384193  length=19 from=1580 to=1598
 00 01 00 0f 80 80 00 00 0a                       .........
 1e f5 8a d5 24 28 52 07 ed 8a                    ....$(R...
--
< 2021/08/30 22:36:25.789125  length=27 from=1599 to=1625
 04 86 00 16 00 03 00 03 00 01 00 0f 80 80 00 00  ................
 0a                                               .
 1e f5 8a d5 24 28 52 07 ed 8a                    ....$(R...
--
< 2021/08/30 22:36:26.194787  length=20 from=1626 to=1645
 04 86 00 16 00 03 00 03 00 01 00 0f 80 80 00 00  ................
 0a                                               .
 1e f5 8a                                         ...
--
< 2021/08/30 22:36:26.196311  length=7 from=1646 to=1652
 d5 24 28 52 07 ed 8a                             .$(R...
--
< 2021/08/30 22:36:26.649885  length=27 from=1653 to=1679
 04 86 00 16 00 03 00 03 00 01 00 0f 80 80 00 00  ................
 0a                                               .
 1e f5 8a d5 24 28 52 07 ed 8a                    ....$(R...
--
< 2021/08/30 22:36:27.087188  length=27 from=1680 to=1706
 04 86 00 16 00 03 00 03 00 01 00 0f 80 80 00 00  ................
 0a                                               .
 1e f5 8a d5 24 28 52 07 ed 8a                    ....$(R...
--
< 2021/08/30 22:36:27.493394  length=27 from=1707 to=1733
 04 86 00 16 00 03 00 03 00 01 00 0f 80 80 00 00  ................
 0a                                               .
 1e f5 8a d5 24 28 52 07 ed 8a                    ....$(R...
--
< 2021/08/30 22:36:27.943988  length=27 from=1734 to=1760
 04 86 00 16 00 03 00 03 00 01 00 0f 80 80 00 00  ................
 0a                                               .
 1e f5 8a d5 24 28 52 07 ed 8a                    ....$(R...
--
< 2021/08/30 22:36:28.381467  length=27 from=1761 to=1787
 04 86 00 16 00 03 00 03 00 01 00 0f 80 80 00 00  ................
 0a                                               .
 1e f5 8a d5 24 28 52 07 ed 8a                    ....$(R...
--
< 2021/08/30 22:36:28.896578  length=27 from=1788 to=1814
 04 86 00 16 00 03 00 03 00 01 00 0f 80 80 00 00  ................
 0a                                               .
 1e f5 8a d5 24 28 52 07 ed 8a                    ....$(R...
--
< 2021/08/30 22:36:29.331674  length=27 from=1815 to=1841
 04 86 00 16 00 03 00 03 00 01 00 0f 80 80 00 00  ................
 0a                                               .
 1e f5 8a d5 24 28 52 07 ed 8a                    ....$(R...
--
< 2021/08/30 22:36:29.774775  length=12 from=1842 to=1853
 04 86 00 16 00 03 00 03 00 01 00 0f              ............
--
< 2021/08/30 22:36:29.775395  length=12 from=1854 to=1865
 80 80 00 00 0a                                   .....
 1e f5 8a d5 24 28 52                             ....$(R
--
< 2021/08/30 22:36:29.790508  length=3 from=1866 to=1868
 07 ed 8a                                         ...
--
< 2021/08/30 22:36:30.196686  length=27 from=1869 to=1895
 04 86 00 16 00 03 00 03 00 01 00 0f 80 80 00 00  ................
 0a                                               .
 1e f5 8a d5 24 28 52 07 ed 8a                    ....$(R...
--
< 2021/08/30 22:36:30.633479  length=27 from=1896 to=1922
 04 86 00 16 00 03 00 03 00 01 00 0f 80 80 00 00  ................
 0a                                               .
 1e f5 8a d5 24 28 52 07 ed 8a                    ....$(R...
--
< 2021/08/30 22:36:31.054758  length=27 from=1923 to=1949
 04 86 00 16 00 03 00 03 00 01 00 0f 80 80 00 00  ................
 0a                                               .
 1e f5 8a d5 24 28 52 07 ed 8a                    ....$(R...
--
< 2021/08/30 22:36:31.491133  length=27 from=1950 to=1976
 04 86 00 16 00 03 00 03 00 01 00 0f 80 80 00 00  ................
 0a                                               .
 1e f5 8a d5 24 28 52 07 ed 8a                    ....$(R...
--
< 2021/08/30 22:36:31.900790  length=27 from=1977 to=2003
 04 86 00 16 00 03 00 03 00 01 00 0f 80 80 00 00  ................
 0a                                               .
 1e f5 8a d5 24 28 52 07 ed 8a                    ....$(R...
--
< 2021/08/30 22:36:32.338193  length=27 from=2004 to=2030
 04 86 00 16 00 03 00 03 00 01 00 0f 80 80 00 00  ................
 0a                                               .
 1e f5 8a d5 24 28 52 07 ed 8a                    ....$(R...
--
< 2021/08/30 22:36:32.763436  length=27 from=2031 to=2057
 04 86 00 16 00 03 00 03 00 01 00 0f 80 80 00 00  ................
 0a                                               .
 1e f5 8a d5 24 28 52 07 ed 8a                    ....$(R...
--
< 2021/08/30 22:36:33.200829  length=27 from=2058 to=2084
 04 86 00 16 00 03 00 03 00 01 00 0f 80 80 00 00  ................
 0a                                               .
 1e f5 8a d5 24 28 52 07 ed 8a                    ....$(R...
--
< 2021/08/30 22:36:33.622784  length=27 from=2085 to=2111
 04 86 00 16 00 03 00 03 00 01 00 0f 80 80 00 00  ................
 0a                                               .
 1e f5 8a d5 24 28 52 07 ed 8a                    ....$(R...
--
< 2021/08/30 22:36:34.056325  length=27 from=2112 to=2138
 04 86 00 16 00 03 00 03 00 01 00 0f 80 80 00 00  ................
 0a                                               .
 1e f5 8a d5 24 28 52 07 ed 8a                    ....$(R...
--
< 2021/08/30 22:36:34.491250  length=27 from=2139 to=2165
 04 86 00 16 00 03 00 03 00 01 00 0f 80 80 00 00  ................
 0a                                               .
 1e f5 8a d5 24 28 52 07 ed 8a                    ....$(R...
--
< 2021/08/30 22:36:34.713414  length=20 from=2166 to=2185
 04 86 00 0f 00 03 00 03 00 01 00 08 00 1d 63 bf  ..............c.
 f5 e3 00 0d                                      ....
--
< 2021/08/30 22:36:34.884862  length=20 from=2186 to=2205
 04 86 00 0f 00 03 00 03 00 01 00 08 00 f3 e9 1f  ................
 3e 04 c3 ed                                      >...
--
< 2021/08/30 22:36:35.861783  length=23 from=2206 to=2228
 04 86 00 12 00 00 01 03 00 fd ff 0b 03 24 a0 00  .............$..
 03 84 00 00 01 00 02                             .......
--
< 2021/08/30 22:36:36.283389  length=28 from=2229 to=2256
 04 86 00 09 00 00 01 03 00 02 00 02 01 00 04 89  ................
 00 09 00 00 00 03 00 a0 90 5f 01 00              ........._..
--
< 2021/08/30 22:36:36.734186  length=14 from=2257 to=2270
 04 86 00 09 00 00 01 03 00 02 00 02 01 01        ..............
--
< 2021/08/30 22:36:37.968296  length=8 from=2271 to=2278
 04 86 00 0f 00 03 00 01                          ........
--
< 2021/08/30 22:36:37.968586  length=12 from=2279 to=2290
 00 03 00 08 00 9e 6e af 63 55 89 a9              ......n.cU..
--
< 2021/08/30 22:36:38.108855  length=20 from=2291 to=2310
 04 86 00 0f 00 03 00 01 00 03 00 08 00 8b ab 22  ..............."
 c6 e8 d4 62                                      ...b
--
< 2021/08/30 22:36:38.249626  length=12 from=2311 to=2322
 04 86 00 0f 00 03 00 01 00 03 00 08              ............
--
< 2021/08/30 22:36:38.265234  length=8 from=2323 to=2330
 00 74 d6 38 8e 8f 06 24                          .t.8...$
--
< 2021/08/30 22:36:38.468286  length=19 from=2331 to=2349
 04 86 00 0e 00 03 01 01 00 03 00 07 00 00 00 00  ................
 00 00 01                                         ...
--
< 2021/08/30 22:36:42.262195  length=14 from=2350 to=2363
 04 86 00 09 00 00 01 03 00 02 00 02 01 00        ..............
--
< 2021/08/30 22:36:42.557071  length=14 from=2364 to=2377
 04 86 00 09 00 00 01 03 00 02 00 02 01 00        ..............
--
< 2021/08/30 22:36:42.744521  length=20 from=2378 to=2397
 04 86 00 0f 00 03 00 03 00 01 00 08 00 0b 8a ec  ................
 b8 1a 21 f1                                      ..!.
--
< 2021/08/30 22:36:42.885474  length=14 from=2398 to=2411
 04 86 00 09 00 00 01 03 00 02 00 02 01 00        ..............
--
< 2021/08/30 22:36:43.166353  length=14 from=2412 to=2425
 04 86 00 09 00 00 01 03 00 02 00 02 01 01        ..............
--
< 2021/08/30 22:36:43.388583  length=14 from=2426 to=2439
 04 86 00 09 00 00 01 03 00 02 00 02 01 00        ..............
--
< 2021/08/30 22:36:44.544032  length=14 from=2440 to=2453
 04 86 00 09 00 00 01 03 00 02 00 02 01 00        ..............
--
< 2021/08/30 22:36:45.743507  length=14 from=2454 to=2467
 04 86 00 09 00 00 01 03 00 02 00 02 01 00        ..............
--
< 2021/08/30 22:36:46.788081  length=14 from=2468 to=2481
 04 86 00 09 00 00 01 03 00 02 00 02 01 00        ..............
--
< 2021/08/30 22:36:47.916184  length=14 from=2482 to=2495
 04 86 00 09 00 00 01 03 00 02 00 02 01 00        ..............
--
< 2021/08/30 22:36:48.998891  length=14 from=2496 to=2509
 04 86 00 09 00 00 01 03 00 02 00 02 01 01        ..............
--
< 2021/08/30 22:36:50.071255  length=14 from=2510 to=2523
 04 86 00 09 00 00 01 03 00 02 00 02 01 01        ..............
--
< 2021/08/30 22:36:51.134444  length=14 from=2524 to=2537
 04 86 00 09 00 00 01 03 00 02 00 02 01 01        ..............
--
< 2021/08/30 22:36:52.208544  length=14 from=2538 to=2551
 04 86 00 09 00 00 01 03 00 02 00 02 01 01        ..............
--
< 2021/08/30 22:36:53.270162  length=14 from=2552 to=2565
 04 86 00 09 00 00 01 03 00 02 00 02 01 01        ..............
--
