WARNING: Using a test - not safe - entropy source
uart connected to pseudotty: /dev/pts/9
*** Booting Zephyr OS build v4.3.0-rc2-152-g9da1b3cba1a2 ***
[00:00:00.000,000] [0m<dbg> bttester: tester_init: Initializing tester[0m
[00:00:00.010,000] [0m<dbg> bttester: cmd_handler: cmd service 0x00 opcode 0x03 index 0xff[0m
[00:00:00.190,000] [1;33m<wrn> bt_hci_core: Num of Controller's ISO packets != ISO bt_conn_tx contexts(3 != 1)[0m
[00:00:00.370,000] [0m<inf> bt_hci_core: HCI transport: HCI User Channel[0m
[00:00:00.370,000] [0m<inf> bt_hci_core: Identity: D5:B6:CC:31:DB:3B (random)[0m
[00:00:00.370,000] [0m<inf> bt_hci_core: HCI: version 6.0 (0x0e) revision 0x30e8, manufacturer 0x0059[0m
[00:00:00.370,000] [0m<inf> bt_hci_core: LMP: version 6.0 (0x0e) subver 0x30e8[0m
[00:00:00.370,000] [0m<dbg> bttester: cmd_handler: Command returns status 0[0m
[00:00:00.370,000] [0m<dbg> bttester: tester_rsp_with_index: service 0x00 opcode 0x03 index 0xff status 0x00[0m
[00:00:00.380,000] [0m<dbg> bttester: cmd_handler: cmd service 0x01 opcode 0x01 index 0xff[0m
[00:00:00.380,000] [0m<dbg> bttester: cmd_handler: Command returns status 0[0m
[00:00:00.440,000] [0m<dbg> bttester: cmd_handler: cmd service 0x01 opcode 0x03 index 0x00[0m
[00:00:00.440,000] [0m<dbg> bttester: cmd_handler: Command returns status 0[0m
[00:00:00.500,000] [0m<dbg> bttester: cmd_handler: cmd service 0x01 opcode 0x09 index 0x00[0m
[00:00:00.500,000] [0m<dbg> bttester_gap: set_bondable: bondable: 0[0m
[00:00:00.500,000] [0m<dbg> bttester: cmd_handler: Command returns status 0[0m
[00:00:02.510,000] [0m<dbg> bttester: cmd_handler: cmd service 0x01 opcode 0x08 index 0x00[0m
[00:00:02.510,000] [0m<dbg> bttester: cmd_handler: Command returns status 0[0m
[00:00:02.550,000] [0m<dbg> bttester: cmd_handler: cmd service 0x01 opcode 0x0a index 0x00[0m
[00:00:02.650,000] [0m<dbg> bttester: cmd_handler: Command returns status 0[0m
[00:00:02.750,000] [0m<dbg> bttester_gap: le_connected: DF:A9:FF:F6:B1:1A (public): 0x00[0m
[00:00:02.750,000] [0m<dbg> bttester: tester_event: service 0x01 opcode 0x82[0m
[00:00:02.750,000] [0m<dbg> bttester: tester_event: service 0x01 opcode 0x80[0m
[00:00:04.880,000] [0m<dbg> bttester: tester_event: service 0x01 opcode 0x91[0m
[00:00:04.880,000] [0m<dbg> bttester: tester_event: service 0x01 opcode 0x89[0m
[00:00:07.910,000] [0m<dbg> bttester_gap: le_disconnected: DF:A9:FF:F6:B1:1A (public): 0x13[0m
[00:00:07.910,000] [0m<dbg> bttester: tester_event: service 0x01 opcode 0x83[0m
[00:00:08.710,000] [0m<dbg> bttester: cmd_handler: cmd service 0x01 opcode 0x08 index 0x00[0m
[00:00:08.710,000] [0m<dbg> bttester: cmd_handler: Command returns status 0[0m
[00:00:08.770,000] [0m<dbg> bttester: cmd_handler: cmd service 0x01 opcode 0x0a index 0x00[0m
[00:00:08.870,000] [0m<dbg> bttester: cmd_handler: Command returns status 0[0m
[00:00:08.970,000] [0m<dbg> bttester_gap: le_connected: DF:A9:FF:F6:B1:1A (public): 0x00[0m
[00:00:08.970,000] [0m<dbg> bttester: tester_event: service 0x01 opcode 0x82[0m
[00:00:08.970,000] [0m<dbg> bttester: tester_event: service 0x01 opcode 0x80[0m
[00:00:11.100,000] [0m<dbg> bttester: tester_event: service 0x01 opcode 0x91[0m
[00:00:11.100,000] [0m<dbg> bttester: tester_event: service 0x01 opcode 0x89[0m
[00:00:14.130,000] [0m<dbg> bttester_gap: le_disconnected: DF:A9:FF:F6:B1:1A (public): 0x13[0m
[00:00:14.130,000] [0m<dbg> bttester: tester_event: service 0x01 opcode 0x83[0m
[00:00:14.930,000] [0m<dbg> bttester: cmd_handler: cmd service 0x01 opcode 0x08 index 0x00[0m
[00:00:14.930,000] [0m<dbg> bttester: cmd_handler: Command returns status 0[0m
[00:00:14.950,000] [0m<dbg> bttester: cmd_handler: cmd service 0x01 opcode 0x0a index 0x00[0m
[00:00:15.050,000] [0m<dbg> bttester: cmd_handler: Command returns status 0[0m
[00:00:15.470,000] [0m<dbg> bttester_gap: le_connected: DF:A9:FF:F6:B1:1A (public): 0x00[0m
[00:00:15.470,000] [0m<dbg> bttester: tester_event: service 0x01 opcode 0x82[0m
[00:00:15.470,000] [0m<dbg> bttester: tester_event: service 0x01 opcode 0x80[0m
[00:00:17.600,000] [0m<dbg> bttester: tester_event: service 0x01 opcode 0x91[0m
[00:00:17.600,000] [0m<dbg> bttester: tester_event: service 0x01 opcode 0x89[0m
[00:00:20.650,000] [0m<dbg> bttester_gap: le_disconnected: DF:A9:FF:F6:B1:1A (public): 0x13[0m
[00:00:20.650,000] [0m<dbg> bttester: tester_event: service 0x01 opcode 0x83[0m
[00:00:27.620,000] [0m<dbg> bttester: cmd_handler: cmd service 0x01 opcode 0x05 index 0x00[0m
[00:00:27.630,000] [0m<dbg> bttester: cmd_handler: Command returns status 0[0m

Stopped at 28.650s
==704518==LeakSanitizer has encountered a fatal error.
==704518==HINT: For debugging, try setting environment variable LSAN_OPTIONS=verbosity=1:log_threads=1
==704518==HINT: LeakSanitizer does not work under ptrace (strace, gdb, etc)
