11:54:37:925    < BTP_CORE_EV_IUT_READY (0x00|0x80|0xff)
                  raw data (0): 00 80 ff 00 00|
11:54:38:026    > BTP_CORE_CMD_REGISTER_SERVICE (0x00|0x03|0xff)
                  raw data (1): 00 03 ff 01 00|01
11:54:38:417    < BTP_CORE_CMD_REGISTER_SERVICE (0x00|0x03|0xff)
                  raw data (0): 00 03 ff 00 00|
11:54:38:428    > BTP_GAP_CMD_READ_SUPPORTED_COMMANDS (0x01|0x01|0xff)
                  raw data (0): 01 01 ff 00 00|
11:54:38:477    < BTP_GAP_CMD_READ_SUPPORTED_COMMANDS (0x01|0x01|0xff)
                  raw data (7): 01 01 ff 07 00|6e ff 7f 1f fe f7 0e
11:54:38:488    > BTP_CORE_CMD_REGISTER_SERVICE (0x00|0x03|0xff)
                  raw data (2): 00 03 ff 01 00|02
11:54:38:522    < BTP_CORE_CMD_REGISTER_SERVICE (0x00|0x03|0xff)
                  raw data (0): 00 03 ff 00 00|
11:54:38:532    > BTP_GATT_CMD_READ_SUPPORTED_COMMANDS (0x02|0x01|0xff)
                  raw data (0): 02 01 ff 00 00|
11:54:38:578    < BTP_GATT_CMD_READ_SUPPORTED_COMMANDS (0x02|0x01|0xff)
                  raw data (5): 02 01 ff 05 00|fe fe bf fd 0f
11:54:38:583    > BTP_CORE_CMD_REGISTER_SERVICE (0x00|0x03|0xff)
                  raw data (4): 00 03 ff 01 00|04
11:54:38:601    < BTP_CORE_CMD_REGISTER_SERVICE (0x00|0x03|0xff)
                  raw data (0): 00 03 ff 00 00|
11:54:38:612    > BTP_MESH_CMD_READ_SUPPORTED_COMMANDS (0x04|0x01|0xff)
                  raw data (0): 04 01 ff 00 00|
11:54:38:662    < BTP_MESH_CMD_READ_SUPPORTED_COMMANDS (0x04|0x01|0xff)
                  raw data (16): 
                  04 01 ff 10 00|fe ff 7f ff ff ff ff ff ff ff ff 
                  fe ff f1 87 01
11:54:38:673    > BTP_MESH_CMD_INIT (0x04|0x04|0x00)
                  raw data (1): 04 04 00 01 00|00
11:54:38:741    < BTP_MESH_CMD_INIT (0x04|0x04|0x00)
                  raw data (0): 04 04 00 00 00|
11:54:38:751    > BTP_GAP_CMD_READ_CONTROLLER_INFO (0x01|0x03|0x00)
                  raw data (0): 01 03 00 00 00|
11:54:38:802    < BTP_GAP_CMD_READ_CONTROLLER_INFO (0x01|0x03|0x00)
                  raw data (277): 
                  01 03 00 15 01|3b db 31 cc b6 d5 13 06 02 00 13 
                  82 00 00 00 00 00 62 74 70 5f 74 65 73 74 65 72 
                  00 00 00 00 00 00 00 00 00 00 00 00 00 00 00 00 
                  00 00 00 00 00 00 00 00 00 00 00 00 00 00 00 00 
                  00 00 00 00 00 00 00 00 00 00 00 00 00 00 00 00 
                  00 00 00 00 00 00 00 00 00 00 00 00 00 00 00 00 
                  00 00 00 00 00 00 00 00 00 00 00 00 00 00 00 00 
                  00 00 00 00 00 00 00 00 00 00 00 00 00 00 00 00 
                  00 00 00 00 00 00 00 00 00 00 00 00 00 00 00 00 
                  00 00 00 00 00 00 00 00 00 00 00 00 00 00 00 00 
                  00 00 00 00 00 00 00 00 00 00 00 00 00 00 00 00 
                  00 00 00 00 00 00 00 00 00 00 00 00 00 00 00 00 
                  00 00 00 00 00 00 00 00 00 00 00 00 00 00 00 00 
                  00 00 00 00 00 00 00 00 00 00 00 00 00 00 00 00 
                  00 00 00 00 00 00 00 00 00 00 00 00 00 00 00 00 
                  00 00 00 00 00 00 00 00 00 00 00 00 00 00 00 00 
                  00 00 00 00 00 00 00 00 00 00 00 00 00 00 00 00 
                  00 00 00 00 00 00 00 00 00 00
11:54:40:860    > BTP_MESH_CMD_CONFIG_PROVISIONING (0x04|0x02|0x00)
                  raw data (56): 
                  04 02 00 38 00|95 1c 7d d3 46 8b 41 df 95 a1 14 
                  dd 92 1a f7 cc 00 01 02 03 04 05 06 07 08 09 0a 
                  0b 0c 0d 0e 0f 00 00 00 00 00 00 00 00 00 00 00 
                  00 00 00 00 00 10 02 10 00 00 00 00 00
11:54:40:866    < BTP_MESH_CMD_CONFIG_PROVISIONING (0x04|0x02|0x00)
                  raw data (0): 04 02 00 00 00|
11:54:40:867    > BTP_MESH_CMD_START (0x04|0x78|0x00)
                  raw data (0): 04 78 00 00 00|
11:54:41:002    < BTP_MESH_CMD_START (0x04|0x78|0x00)
                  raw data (0): 04 78 00 00 00|
11:54:41:191    < BTP_MESH_EV_PROV_LINK_OPEN (0x04|0x84|0x00)
                  raw data (1): 04 84 00 01 00|00
11:54:44:015    < BTP_MESH_EV_PROVISIONED (0x04|0x83|0x00)
                  raw data (0): 04 83 00 00 00|
11:54:45:640    < BTP_MESH_EV_PROV_LINK_CLOSED (0x04|0x85|0x00)
                  raw data (1): 04 85 00 01 00|00
11:54:46:793    < BTP_MESH_EV_NET_RECV (0x04|0x86|0x00)
                  raw data (22): 
                  04 86 00 16 00|03 00 01 00 02 00 0f 80 80 00 00 
                  06 68 cf 0a 85 a0 4e b4 5d 0b 91
11:54:46:795    < BTP_MESH_EV_MODEL_RECV (0x04|0x8f|0x00)
                  raw data (9): 04 8f 00 09 00|01 00 02 00 03 00 80 08 7f
11:54:47:051    < BTP_MESH_EV_NET_RECV (0x04|0x86|0x00)
                  raw data (22): 
                  04 86 00 16 00|03 00 01 00 02 00 0f 80 80 04 00 
                  de ee 37 34 f8 c7 78 bf 5f 89 0e
11:54:47:052    < BTP_MESH_EV_MODEL_RECV (0x04|0x8f|0x00)
                  raw data (9): 04 8f 00 09 00|01 00 02 00 03 00 80 08 01
11:54:47:772    < BTP_MESH_EV_NET_RECV (0x04|0x86|0x00)
                  raw data (14): 
                  04 86 00 0e 00|07 01 01 00 02 00 07 00 00 0c 00 
                  00 00 07
11:54:47:991    < BTP_MESH_EV_NET_RECV (0x04|0x86|0x00)
                  raw data (14): 
                  04 86 00 0e 00|07 01 01 00 02 00 07 00 00 0c 00 
                  00 00 0f
11:54:48:291    < BTP_MESH_EV_NET_RECV (0x04|0x86|0x00)
                  raw data (14): 
                  04 86 00 0e 00|07 01 01 00 02 00 07 00 00 0c 00 
                  00 00 1f
11:54:48:392    < BTP_MESH_EV_NET_RECV (0x04|0x86|0x00)
                  raw data (22): 
                  04 86 00 16 00|03 00 01 00 02 00 0f 80 80 14 00 
                  66 4c f8 3a fc f4 72 64 b1 0e f1
11:54:48:393    < BTP_MESH_EV_MODEL_RECV (0x04|0x8f|0x00)
                  raw data (9): 04 8f 00 09 00|01 00 02 00 03 00 80 08 00
11:54:49:132    < BTP_MESH_EV_NET_RECV (0x04|0x86|0x00)
                  raw data (14): 
                  04 86 00 0e 00|07 01 01 00 02 00 07 00 00 24 00 
                  00 00 07
11:54:49:352    < BTP_MESH_EV_NET_RECV (0x04|0x86|0x00)
                  raw data (14): 
                  04 86 00 0e 00|07 01 01 00 02 00 07 00 00 24 00 
                  00 00 0f
11:54:49:652    < BTP_MESH_EV_NET_RECV (0x04|0x86|0x00)
                  raw data (14): 
                  04 86 00 0e 00|07 01 01 00 02 00 07 00 00 24 00 
                  00 00 1f
11:54:49:851    < BTP_MESH_EV_NET_RECV (0x04|0x86|0x00)
                  raw data (14): 
                  04 86 00 0e 00|07 01 01 00 02 00 07 00 00 24 00 
                  00 00 3f
11:54:50:112    < BTP_MESH_EV_NET_RECV (0x04|0x86|0x00)
                  raw data (14): 
                  04 86 00 0e 00|07 01 01 00 02 00 07 00 00 24 00 
                  00 00 7f
11:54:50:351    < BTP_MESH_EV_NET_RECV (0x04|0x86|0x00)
                  raw data (14): 
                  04 86 00 0e 00|07 01 01 00 02 00 07 00 00 24 00 
                  00 00 ff
11:54:51:492    < BTP_MESH_EV_NET_RECV (0x04|0x86|0x00)
                  raw data (20): 
                  04 86 00 14 00|03 00 01 00 02 00 0d 80 00 30 00 
                  92 e7 34 4c a9 5b 33 4e 05
11:54:51:492    < BTP_MESH_EV_MODEL_RECV (0x04|0x8f|0x00)
                  raw data (11): 04 8f 00 0b 00|01 00 02 00 05 00 80 47 00 00 00
11:54:51:759    < BTP_MESH_EV_NET_RECV (0x04|0x86|0x00)
                  raw data (22): 
                  04 86 00 16 00|03 00 01 00 02 00 0f 80 80 34 00 
                  45 5e a3 4e 66 e0 bb 46 e9 da ad
11:54:51:762    < BTP_MESH_EV_MODEL_RECV (0x04|0x8f|0x00)
                  raw data (9): 04 8f 00 09 00|01 00 02 00 03 00 80 13 00
11:54:51:971    < BTP_MESH_EV_NET_RECV (0x04|0x86|0x00)
                  raw data (20): 
                  04 86 00 14 00|03 00 01 00 02 00 0d 80 00 38 00 
                  0b 00 30 45 ad 13 ba fc 54
11:54:51:972    < BTP_MESH_EV_MODEL_RECV (0x04|0x8f|0x00)
                  raw data (11): 04 8f 00 0b 00|01 00 02 00 05 00 80 67 00 00 00
11:54:52:172    < BTP_MESH_EV_NET_RECV (0x04|0x86|0x00)
                  raw data (22): 
                  04 86 00 16 00|03 00 01 00 02 00 0f 80 80 3c 00 
                  86 72 46 0a 9e 92 48 f5 9f 69 ad
11:54:52:172    < BTP_MESH_EV_MODEL_RECV (0x04|0x8f|0x00)
                  raw data (9): 04 8f 00 09 00|01 00 02 00 03 00 80 64 01
11:54:52:392    < BTP_MESH_EV_NET_RECV (0x04|0x86|0x00)
                  raw data (22): 
                  04 86 00 16 00|03 00 01 00 02 00 0f 80 80 40 00 
                  64 42 50 88 b2 28 1b 14 c1 43 6f
11:54:52:392    < BTP_MESH_EV_MODEL_RECV (0x04|0x8f|0x00)
                  raw data (9): 04 8f 00 09 00|01 00 02 00 03 00 80 0a 01
11:54:52:592    < BTP_MESH_EV_NET_RECV (0x04|0x86|0x00)
                  raw data (22): 
                  04 86 00 16 00|03 00 01 00 02 00 0f 80 80 44 00 
                  14 bd 4f f7 56 eb a5 04 b9 86 c7
11:54:52:592    < BTP_MESH_EV_MODEL_RECV (0x04|0x8f|0x00)
                  raw data (9): 04 8f 00 09 00|01 00 02 00 03 00 80 61 00
11:54:53:913    < BTP_GAP_EV_DEVICE_CONNECTED (0x01|0x82|0x00)
                  raw data (13): 
                  01 82 00 0d 00|00 1a b1 f6 ff a9 df 46 00 00 00 
                  d0 07
11:54:53:916    < BTP_GAP_EV_NEW_SETTINGS (0x01|0x80|0x00)
                  raw data (4): 01 80 00 04 00|13 82 00 00
11:54:56:092    < BTP_MESH_EV_NET_RECV (0x04|0x86|0x00)
                  raw data (13): 
                  04 86 00 0d 00|3f 00 01 00 66 00 06 01 02 03 04 
                  05 06
11:54:56:092    < BTP_MESH_EV_NET_RECV (0x04|0x86|0x00)
                  raw data (13): 
                  04 86 00 0d 00|3f 00 01 00 66 00 06 01 02 03 04 
                  05 06
11:54:56:093    < BTP_MESH_EV_NET_RECV (0x04|0x86|0x00)
                  raw data (13): 
                  04 86 00 0d 00|3f 00 01 00 66 00 06 01 02 03 04 
                  05 06
11:54:57:774    < BTP_GAP_EV_DEVICE_DISCONNECTED (0x01|0x83|0x00)
                  raw data (7): 01 83 00 07 00|00 1a b1 f6 ff a9 df
11:55:06:278    > BTP_GAP_CMD_SET_POWERED (0x01|0x05|0x00)
                  raw data (0): 01 05 00 01 00|00
11:55:06:302    < BTP_GAP_CMD_SET_POWERED (0x01|0x05|0x00)
                  raw data (4): 01 05 00 04 00|12 82 00 00
