*** Booting Zephyr OS build v4.0.0-1675-g9cebb3ff6339 ***
[00:00:00.250,976] <dbg> bttester: tester_init: Initializing tester
[00:00:05.952,239] <dbg> bttester: cmd_handler: cmd service 0x00 opcode 0x03 index 0xff
[00:00:05.955,566] <inf> fs_nvs: 8 Sectors of 4096 bytes
[00:00:05.955,566] <inf> fs_nvs: alloc wra: 0, b60
[00:00:05.955,596] <inf> fs_nvs: data wra: 0, 8e0
[00:00:05.960,266] <wrn> net_buf: Timeout discarded. No blocking in syswq
[00:00:05.960,449] <wrn> net_buf: Timeout discarded. No blocking in syswq
[00:00:05.960,601] <wrn> net_buf: Timeout discarded. No blocking in syswq
[00:00:05.960,784] <wrn> net_buf: Timeout discarded. No blocking in syswq
[00:00:05.960,968] <wrn> net_buf: Timeout discarded. No blocking in syswq
[00:00:05.961,120] <wrn> net_buf: Timeout discarded. No blocking in syswq
[00:00:05.961,303] <wrn> net_buf: Timeout discarded. No blocking in syswq
[00:00:05.961,486] <wrn> net_buf: Timeout discarded. No blocking in syswq
[00:00:05.961,639] <wrn> net_buf: Timeout discarded. No blocking in syswq
[00:00:05.961,822] <wrn> net_buf: Timeout discarded. No blocking in syswq
[00:00:05.961,975] <wrn> net_buf: Timeout discarded. No blocking in syswq
[00:00:05.962,158] <wrn> net_buf: Timeout discarded. No blocking in syswq
[00:00:05.962,341] <wrn> net_buf: Timeout discarded. No blocking in syswq
[00:00:05.962,432] <inf> bt_hci_core: HW Platform: Nordic Semiconductor (0x0002)
[00:00:05.962,463] <inf> bt_hci_core: HW Variant: nRF52x (0x0002)
[00:00:05.962,493] <inf> bt_hci_core: Firmware: Standard Bluetooth controller (0x00) Version 4.0 Build 99
[00:00:05.962,585] <wrn> net_buf: Timeout discarded. No blocking in syswq
[00:00:05.962,768] <wrn> net_buf: Timeout discarded. No blocking in syswq
[00:00:05.963,012] <wrn> net_buf: Timeout discarded. No blocking in syswq
[00:00:05.963,104] <inf> bt_hci_core: No ID address. App must call settings_load()
[00:00:05.963,134] <dbg> bttester: tester_rsp_with_index: service 0x00 opcode 0x03 index 0xff status 0x00
[00:00:06.061,431] <dbg> bttester: cmd_handler: cmd service 0x00 opcode 0x03 index 0xff
[00:00:06.061,462] <dbg> bttester: tester_rsp_with_index: service 0x00 opcode 0x03 index 0xff status 0x00
[00:00:06.108,947] <dbg> bttester: cmd_handler: cmd service 0x04 opcode 0x04 index 0x00
[00:00:06.108,947] <wrn> bttester_mesh: Loading default comp data
[00:00:06.109,191] <wrn> bt_mesh_access: Unused space in relation list: 3
[00:00:06.549,591] <dbg> bttester: tester_rsp_with_index: service 0x04 opcode 0x04 index 0x00 status 0x00
[00:00:06.575,958] <dbg> bttester: cmd_handler: cmd service 0x00 opcode 0x03 index 0xff
[00:00:06.575,988] <dbg> bttester: tester_rsp_with_index: service 0x00 opcode 0x03 index 0xff status 0x00
[00:00:06.615,600] <dbg> bttester: cmd_handler: cmd service 0x01 opcode 0x03 index 0x00
[00:00:12.717,376] <dbg> bttester: cmd_handler: cmd service 0x04 opcode 0x02 index 0x00
[00:00:12.717,437] <dbg> bttester_mesh: config_prov: 
[00:00:12.717,437] <dbg> bttester: tester_rsp_with_index: service 0x04 opcode 0x02 index 0x00 status 0x00
[00:00:12.749,542] <dbg> bttester: cmd_handler: cmd service 0x04 opcode 0x78 index 0x00
[00:00:12.749,603] <dbg> bttester_mesh: start: 
Loading stored settings
[00:00:12.752,105] <wrn> net_buf: Timeout discarded. No blocking in syswq
[00:00:12.752,288] <wrn> net_buf: Timeout discarded. No blocking in syswq
[00:00:12.752,471] <inf> bt_hci_core: Identity: DC:E7:76:C4:1F:70 (random)
[00:00:12.752,502] <inf> bt_hci_core: HCI: version 5.4 (0x0d) revision 0x0000, manufacturer 0x05f1
[00:00:12.752,563] <inf> bt_hci_core: LMP: version 5.4 (0x0d) subver 0xffff
[00:00:12.757,263] <inf> bt_mesh_provisionee: Device UUID: 1aa93d53-d391-4f2b-b899-8c121cdf8ea2
[00:00:12.757,385] <wrn> net_buf: Timeout discarded. No blocking in syswq
[00:00:12.757,537] <wrn> net_buf: Timeout discarded. No blocking in syswq
[00:00:12.758,148] <wrn> net_buf: Timeout discarded. No blocking in syswq
[00:00:12.758,300] <wrn> net_buf: Timeout discarded. No blocking in syswq
[00:00:12.758,605] <wrn> net_buf: Timeout discarded. No blocking in syswq
[00:00:12.758,880] <inf> bt_mesh_provisionee: Device UUID: 1aa93d53-d391-4f2b-b899-8c121cdf8ea2
[00:00:12.758,911] <dbg> bttester: tester_rsp_with_index: service 0x04 opcode 0x78 index 0x00 status 0x00
[00:00:12.759,674] <wrn> net_buf: Timeout discarded. No blocking in syswq
[00:00:12.760,284] <wrn> net_buf: Timeout discarded. No blocking in syswq
[00:00:12.760,498] <wrn> net_buf: Timeout discarded. No blocking in syswq
[00:00:12.760,681] <wrn> net_buf: Timeout discarded. No blocking in syswq
[00:00:12.760,986] <wrn> net_buf: Timeout discarded. No blocking in syswq
[00:00:12.761,230] <wrn> net_buf: Timeout discarded. No blocking in syswq
[00:00:12.761,505] <wrn> net_buf: Timeout discarded. No blocking in syswq
[00:00:12.761,688] <wrn> net_buf: Timeout discarded. No blocking in syswq
[00:00:12.761,901] <wrn> net_buf: Timeout discarded. No blocking in syswq
[00:00:12.762,359] <wrn> net_buf: Timeout discarded. No blocking in syswq
[00:00:12.762,603] <wrn> net_buf: Timeout discarded. No blocking in syswq
[00:00:12.811,340] <dbg> bttester_mesh: link_open: bearer 0x01
[00:00:12.811,370] <dbg> bttester: tester_event: service 0x04 opcode 0x84
[00:00:12.813,568] <wrn> net_buf: Timeout discarded. No blocking in syswq
[00:00:12.814,025] <wrn> net_buf: Timeout discarded. No blocking in syswq
[00:00:12.814,300] <wrn> net_buf: Timeout discarded. No blocking in syswq
[00:00:12.870,361] <wrn> net_buf: Timeout discarded. No blocking in syswq
[00:00:12.870,544] <wrn> net_buf: Timeout discarded. No blocking in syswq
[00:00:12.870,788] <wrn> net_buf: Timeout discarded. No blocking in syswq
[00:00:12.918,273] <wrn> net_buf: Timeout discarded. No blocking in syswq
[00:00:12.918,426] <wrn> net_buf: Timeout discarded. No blocking in syswq
[00:00:12.918,640] <wrn> net_buf: Timeout discarded. No blocking in syswq
[00:00:12.918,823] <wrn> net_buf: Timeout discarded. No blocking in syswq
[00:00:12.919,128] <wrn> net_buf: Timeout discarded. No blocking in syswq
[00:00:12.919,372] <wrn> net_buf: Timeout discarded. No blocking in syswq
[00:00:12.919,647] <wrn> net_buf: Timeout discarded. No blocking in syswq
[00:00:12.919,830] <wrn> net_buf: Timeout discarded. No blocking in syswq
[00:00:12.920,043] <wrn> net_buf: Timeout discarded. No blocking in syswq
[00:00:12.920,227] <wrn> net_buf: Timeout discarded. No blocking in syswq
[00:00:12.920,501] <wrn> net_buf: Timeout discarded. No blocking in syswq
[00:00:12.952,239] <wrn> net_buf: Timeout discarded. No blocking in syswq
[00:00:12.952,362] <wrn> net_buf: Timeout discarded. No blocking in syswq
[00:00:12.952,606] <wrn> net_buf: Timeout discarded. No blocking in syswq
[00:00:12.952,789] <wrn> net_buf: Timeout discarded. No blocking in syswq
[00:00:12.953,002] <wrn> net_buf: Timeout discarded. No blocking in syswq
[00:00:12.953,369] <wrn> net_buf: Timeout discarded. No blocking in syswq
[00:00:12.953,613] <wrn> net_buf: Timeout discarded. No blocking in syswq
[00:00:13.004,455] <wrn> net_buf: Timeout discarded. No blocking in syswq
[00:00:13.004,608] <wrn> net_buf: Timeout discarded. No blocking in syswq
[00:00:13.004,821] <wrn> net_buf: Timeout discarded. No blocking in syswq
[00:00:13.005,035] <wrn> net_buf: Timeout discarded. No blocking in syswq
[00:00:13.005,310] <wrn> net_buf: Timeout discarded. No blocking in syswq
[00:00:13.045,410] <wrn> net_buf: Timeout discarded. No blocking in syswq
[00:00:13.045,532] <wrn> net_buf: Timeout discarded. No blocking in syswq
[00:00:13.045,806] <wrn> net_buf: Timeout discarded. No blocking in syswq
[00:00:13.045,989] <wrn> net_buf: Timeout discarded. No blocking in syswq
[00:00:13.046,203] <wrn> net_buf: Timeout discarded. No blocking in syswq
[00:00:13.046,539] <wrn> net_buf: Timeout discarded. No blocking in syswq
[00:00:13.046,783] <wrn> net_buf: Timeout discarded. No blocking in syswq
[00:00:13.050,598] <wrn> net_buf: Timeout discarded. No blocking in syswq
[00:00:13.050,781] <wrn> net_buf: Timeout discarded. No blocking in syswq
[00:00:13.050,994] <wrn> net_buf: Timeout discarded. No blocking in syswq
[00:00:13.051,177] <wrn> net_buf: Timeout discarded. No blocking in syswq
[00:00:13.051,483] <wrn> net_buf: Timeout discarded. No blocking in syswq
[00:00:13.259,185] <wrn> net_buf: Timeout discarded. No blocking in syswq
[00:00:13.259,307] <wrn> net_buf: Timeout discarded. No blocking in syswq
[00:00:13.259,826] <wrn> net_buf: Timeout discarded. No blocking in syswq
[00:00:13.260,009] <wrn> net_buf: Timeout discarded. No blocking in syswq
[00:00:13.260,223] <wrn> net_buf: Timeout discarded. No blocking in syswq
[00:00:13.260,559] <wrn> net_buf: Timeout discarded. No blocking in syswq
[00:00:13.260,803] <wrn> net_buf: Timeout discarded. No blocking in syswq
[00:00:13.319,976] <wrn> net_buf: Timeout discarded. No blocking in syswq
[00:00:13.320,129] <wrn> net_buf: Timeout discarded. No blocking in syswq
[00:00:13.320,343] <wrn> net_buf: Timeout discarded. No blocking in syswq
[00:00:13.320,800] <wrn> net_buf: Timeout discarded. No blocking in syswq
[00:00:13.321,075] <wrn> net_buf: Timeout discarded. No blocking in syswq
[00:00:13.622,253] <wrn> net_buf: Timeout discarded. No blocking in syswq
[00:00:13.622,375] <wrn> net_buf: Timeout discarded. No blocking in syswq
[00:00:13.622,863] <wrn> net_buf: Timeout discarded. No blocking in syswq
[00:00:13.623,046] <wrn> net_buf: Timeout discarded. No blocking in syswq
[00:00:13.623,229] <wrn> net_buf: Timeout discarded. No blocking in syswq
[00:00:13.623,687] <wrn> net_buf: Timeout discarded. No blocking in syswq
[00:00:13.623,962] <wrn> net_buf: Timeout discarded. No blocking in syswq
[00:00:13.678,863] <wrn> net_buf: Timeout discarded. No blocking in syswq
[00:00:13.679,016] <wrn> net_buf: Timeout discarded. No blocking in syswq
[00:00:13.679,229] <wrn> net_buf: Timeout discarded. No blocking in syswq
[00:00:13.679,412] <wrn> net_buf: Timeout discarded. No blocking in syswq
[00:00:13.679,718] <wrn> net_buf: Timeout discarded. No blocking in syswq
[00:00:13.724,822] <wrn> net_buf: Timeout discarded. No blocking in syswq
[00:00:13.724,945] <wrn> net_buf: Timeout discarded. No blocking in syswq
[00:00:13.725,189] <wrn> net_buf: Timeout discarded. No blocking in syswq
[00:00:13.725,372] <wrn> net_buf: Timeout discarded. No blocking in syswq
[00:00:13.725,585] <wrn> net_buf: Timeout discarded. No blocking in syswq
[00:00:13.725,891] <wrn> net_buf: Timeout discarded. No blocking in syswq
[00:00:13.726,135] <wrn> net_buf: Timeout discarded. No blocking in syswq
[00:00:13.730,163] <wrn> net_buf: Timeout discarded. No blocking in syswq
[00:00:13.730,316] <wrn> net_buf: Timeout discarded. No blocking in syswq
[00:00:13.730,529] <wrn> net_buf: Timeout discarded. No blocking in syswq
[00:00:13.730,712] <wrn> net_buf: Timeout discarded. No blocking in syswq
[00:00:13.731,018] <wrn> net_buf: Timeout discarded. No blocking in syswq
[00:00:13.753,112] <wrn> net_buf: Timeout discarded. No blocking in syswq
[00:00:13.753,234] <wrn> net_buf: Timeout discarded. No blocking in syswq
[00:00:13.753,479] <wrn> net_buf: Timeout discarded. No blocking in syswq
[00:00:13.753,662] <wrn> net_buf: Timeout discarded. No blocking in syswq
[00:00:13.753,875] <wrn> net_buf: Timeout discarded. No blocking in syswq
[00:00:13.754,272] <wrn> net_buf: Timeout discarded. No blocking in syswq
[00:00:13.754,516] <wrn> net_buf: Timeout discarded. No blocking in syswq
[00:00:13.758,544] <wrn> net_buf: Timeout discarded. No blocking in syswq
[00:00:13.758,697] <wrn> net_buf: Timeout discarded. No blocking in syswq
[00:00:13.758,911] <wrn> net_buf: Timeout discarded. No blocking in syswq
[00:00:13.759,124] <wrn> net_buf: Timeout discarded. No blocking in syswq
[00:00:13.759,399] <wrn> net_buf: Timeout discarded. No blocking in syswq
[00:00:13.798,492] <wrn> net_buf: Timeout discarded. No blocking in syswq
[00:00:13.798,614] <wrn> net_buf: Timeout discarded. No blocking in syswq
[00:00:13.798,889] <wrn> net_buf: Timeout discarded. No blocking in syswq
[00:00:13.799,072] <wrn> net_buf: Timeout discarded. No blocking in syswq
[00:00:13.799,285] <wrn> net_buf: Timeout discarded. No blocking in syswq
[00:00:13.799,682] <wrn> net_buf: Timeout discarded. No blocking in syswq
[00:00:13.799,926] <wrn> net_buf: Timeout discarded. No blocking in syswq
[00:00:13.803,924] <wrn> net_buf: Timeout discarded. No blocking in syswq
[00:00:13.804,077] <wrn> net_buf: Timeout discarded. No blocking in syswq
[00:00:13.804,290] <wrn> net_buf: Timeout discarded. No blocking in syswq
[00:00:13.804,504] <wrn> net_buf: Timeout discarded. No blocking in syswq
[00:00:13.804,779] <wrn> net_buf: Timeout discarded. No blocking in syswq
[00:00:14.027,130] <wrn> net_buf: Timeout discarded. No blocking in syswq
[00:00:14.027,221] <wrn> net_buf: Timeout discarded. No blocking in syswq
[00:00:14.027,496] <wrn> net_buf: Timeout discarded. No blocking in syswq
[00:00:14.027,679] <wrn> net_buf: Timeout discarded. No blocking in syswq
[00:00:14.027,893] <wrn> net_buf: Timeout discarded. No blocking in syswq
[00:00:14.028,228] <wrn> net_buf: Timeout discarded. No blocking in syswq
[00:00:14.028,503] <wrn> net_buf: Timeout discarded. No blocking in syswq
[00:00:14.081,604] <wrn> net_buf: Timeout discarded. No blocking in syswq
[00:00:14.081,756] <wrn> net_buf: Timeout discarded. No blocking in syswq
[00:00:14.081,970] <wrn> net_buf: Timeout discarded. No blocking in syswq
[00:00:14.082,183] <wrn> net_buf: Timeout discarded. No blocking in syswq
[00:00:14.082,458] <wrn> net_buf: Timeout discarded. No blocking in syswq
[00:00:14.129,486] <wrn> net_buf: Timeout discarded. No blocking in syswq
[00:00:14.129,577] <wrn> net_buf: Timeout discarded. No blocking in syswq
[00:00:14.129,852] <wrn> net_buf: Timeout discarded. No blocking in syswq
[00:00:14.130,035] <wrn> net_buf: Timeout discarded. No blocking in syswq
[00:00:14.130,249] <wrn> net_buf: Timeout discarded. No blocking in syswq
[00:00:14.130,615] <wrn> net_buf: Timeout discarded. No blocking in syswq
[00:00:14.130,859] <wrn> net_buf: Timeout discarded. No blocking in syswq
[00:00:14.134,887] <wrn> net_buf: Timeout discarded. No blocking in syswq
[00:00:14.135,040] <wrn> net_buf: Timeout discarded. No blocking in syswq
[00:00:14.135,253] <wrn> net_buf: Timeout discarded. No blocking in syswq
[00:00:14.135,437] <wrn> net_buf: Timeout discarded. No blocking in syswq
[00:00:14.135,742] <wrn> net_buf: Timeout discarded. No blocking in syswq
[00:00:14.168,853] <wrn> net_buf: Timeout discarded. No blocking in syswq
[00:00:14.168,945] <wrn> net_buf: Timeout discarded. No blocking in syswq
[00:00:14.169,219] <wrn> net_buf: Timeout discarded. No blocking in syswq
[00:00:14.169,403] <wrn> net_buf: Timeout discarded. No blocking in syswq
[00:00:14.169,647] <wrn> net_buf: Timeout discarded. No blocking in syswq
[00:00:14.169,891] <wrn> net_buf: Timeout discarded. No blocking in syswq
[00:00:14.170,227] <wrn> net_buf: Timeout discarded. No blocking in syswq
[00:00:14.174,011] <wrn> net_buf: Timeout discarded. No blocking in syswq
[00:00:14.174,163] <wrn> net_buf: Timeout discarded. No blocking in syswq
[00:00:14.174,377] <wrn> net_buf: Timeout discarded. No blocking in syswq
[00:00:14.174,591] <wrn> net_buf: Timeout discarded. No blocking in syswq
[00:00:14.174,865] <wrn> net_buf: Timeout discarded. No blocking in syswq
[00:00:14.718,261] <wrn> net_buf: Timeout discarded. No blocking in syswq
[00:00:14.718,353] <wrn> net_buf: Timeout discarded. No blocking in syswq
[00:00:14.718,627] <wrn> net_buf: Timeout discarded. No blocking in syswq
[00:00:14.718,811] <wrn> net_buf: Timeout discarded. No blocking in syswq
[00:00:14.719,024] <wrn> net_buf: Timeout discarded. No blocking in syswq
[00:00:14.719,390] <wrn> net_buf: Timeout discarded. No blocking in syswq
[00:00:14.719,635] <wrn> net_buf: Timeout discarded. No blocking in syswq
[00:00:14.723,663] <wrn> net_buf: Timeout discarded. No blocking in syswq
[00:00:14.723,815] <wrn> net_buf: Timeout discarded. No blocking in syswq
[00:00:14.724,029] <wrn> net_buf: Timeout discarded. No blocking in syswq
[00:00:14.724,212] <wrn> net_buf: Timeout discarded. No blocking in syswq
[00:00:14.724,517] <wrn> net_buf: Timeout discarded. No blocking in syswq
[00:00:14.754,608] <wrn> net_buf: Timeout discarded. No blocking in syswq
[00:00:14.754,699] <wrn> net_buf: Timeout discarded. No blocking in syswq
[00:00:14.754,974] <wrn> net_buf: Timeout discarded. No blocking in syswq
[00:00:14.755,157] <wrn> net_buf: Timeout discarded. No blocking in syswq
[00:00:14.755,371] <wrn> net_buf: Timeout discarded. No blocking in syswq
[00:00:14.755,798] <wrn> net_buf: Timeout discarded. No blocking in syswq
[00:00:14.756,042] <wrn> net_buf: Timeout discarded. No blocking in syswq
[00:00:14.759,826] <wrn> net_buf: Timeout discarded. No blocking in syswq
[00:00:14.759,979] <wrn> net_buf: Timeout discarded. No blocking in syswq
[00:00:14.760,192] <wrn> net_buf: Timeout discarded. No blocking in syswq
[00:00:14.760,406] <wrn> net_buf: Timeout discarded. No blocking in syswq
[00:00:14.760,681] <wrn> net_buf: Timeout discarded. No blocking in syswq
[00:00:15.010,223] <wrn> net_buf: Timeout discarded. No blocking in syswq
[00:00:15.010,345] <wrn> net_buf: Timeout discarded. No blocking in syswq
[00:00:15.010,589] <wrn> net_buf: Timeout discarded. No blocking in syswq
[00:00:15.010,772] <wrn> net_buf: Timeout discarded. No blocking in syswq
[00:00:15.010,986] <wrn> net_buf: Timeout discarded. No blocking in syswq
[00:00:15.011,444] <wrn> net_buf: Timeout discarded. No blocking in syswq
[00:00:15.011,810] <wrn> net_buf: Timeout discarded. No blocking in syswq
[00:00:15.071,075] <wrn> net_buf: Timeout discarded. No blocking in syswq
[00:00:15.071,228] <wrn> net_buf: Timeout discarded. No blocking in syswq
[00:00:15.071,441] <wrn> net_buf: Timeout discarded. No blocking in syswq
[00:00:15.071,716] <wrn> net_buf: Timeout discarded. No blocking in syswq
[00:00:15.071,990] <wrn> net_buf: Timeout discarded. No blocking in syswq
[00:00:15.105,041] <wrn> net_buf: Timeout discarded. No blocking in syswq
[00:00:15.105,163] <wrn> net_buf: Timeout discarded. No blocking in syswq
[00:00:15.105,407] <wrn> net_buf: Timeout discarded. No blocking in syswq
[00:00:15.105,590] <wrn> net_buf: Timeout discarded. No blocking in syswq
[00:00:15.105,804] <wrn> net_buf: Timeout discarded. No blocking in syswq
[00:00:15.106,231] <wrn> net_buf: Timeout discarded. No blocking in syswq
[00:00:15.106,475] <wrn> net_buf: Timeout discarded. No blocking in syswq
[00:00:15.110,504] <wrn> net_buf: Timeout discarded. No blocking in syswq
[00:00:15.110,656] <wrn> net_buf: Timeout discarded. No blocking in syswq
[00:00:15.110,870] <wrn> net_buf: Timeout discarded. No blocking in syswq
[00:00:15.111,053] <wrn> net_buf: Timeout discarded. No blocking in syswq
[00:00:15.111,358] <wrn> net_buf: Timeout discarded. No blocking in syswq
[00:00:15.137,451] <wrn> net_buf: Timeout discarded. No blocking in syswq
[00:00:15.137,573] <wrn> net_buf: Timeout discarded. No blocking in syswq
[00:00:15.137,847] <wrn> net_buf: Timeout discarded. No blocking in syswq
[00:00:15.138,031] <wrn> net_buf: Timeout discarded. No blocking in syswq
[00:00:15.138,458] <wrn> net_buf: Timeout discarded. No blocking in syswq
[00:00:15.138,671] <wrn> net_buf: Timeout discarded. No blocking in syswq
[00:00:15.138,916] <wrn> net_buf: Timeout discarded. No blocking in syswq
[00:00:15.142,700] <wrn> net_buf: Timeout discarded. No blocking in syswq
[00:00:15.142,852] <wrn> net_buf: Timeout discarded. No blocking in syswq
[00:00:15.143,066] <wrn> net_buf: Timeout discarded. No blocking in syswq
[00:00:15.143,280] <wrn> net_buf: Timeout discarded. No blocking in syswq
[00:00:15.143,554] <wrn> net_buf: Timeout discarded. No blocking in syswq
[00:00:15.344,177] <inf> bt_mesh_main: Primary Element: 0x0002
[00:00:15.344,207] <err> bt_mesh_main: Failed to import device key
[00:00:15.344,207] <err> bt_mesh_provisionee: Failed to provision (err -5)
[00:00:15.380,310] <wrn> net_buf: Timeout discarded. No blocking in syswq
[00:00:15.380,401] <wrn> net_buf: Timeout discarded. No blocking in syswq
[00:00:15.380,645] <wrn> net_buf: Timeout discarded. No blocking in syswq
[00:00:15.380,859] <wrn> net_buf: Timeout discarded. No blocking in syswq
[00:00:15.381,072] <wrn> net_buf: Timeout discarded. No blocking in syswq
[00:00:15.381,347] <wrn> net_buf: Timeout discarded. No blocking in syswq
[00:00:15.381,591] <wrn> net_buf: Timeout discarded. No blocking in syswq
[00:00:15.465,850] <wrn> net_buf: Timeout discarded. No blocking in syswq
[00:00:15.466,400] <wrn> net_buf: Timeout discarded. No blocking in syswq
[00:00:15.466,644] <wrn> net_buf: Timeout discarded. No blocking in syswq
[00:00:17.069,610] <dbg> bttester_mesh: link_close: bearer 0x01
[00:00:17.069,641] <dbg> bttester: tester_event: service 0x04 opcode 0x85
[00:00:17.760,498] <wrn> net_buf: Timeout discarded. No blocking in syswq
[00:00:17.760,681] <wrn> net_buf: Timeout discarded. No blocking in syswq
[00:00:17.760,925] <wrn> net_buf: Timeout discarded. No blocking in syswq
