< 2024/10/14 15:37:12.432672  length=6 from=0 to=5
 00 03 ff 01 00 01                                ......
--
> 2024/10/14 15:37:12.473504  length=3 from=0 to=2
 00 03 ff                                         ...
--
> 2024/10/14 15:37:12.474244  length=2 from=3 to=4
 00 00                                            ..
--
< 2024/10/14 15:37:12.511152  length=6 from=6 to=11
 00 03 ff 01 00 02                                ......
--
> 2024/10/14 15:37:12.512882  length=1 from=5 to=5
 00                                               .
--
> 2024/10/14 15:37:12.513615  length=4 from=6 to=9
 03 ff 00 00                                      ....
--
< 2024/10/14 15:37:12.537884  length=5 from=12 to=16
 01 03 00 00 00                                   .....
--
> 2024/10/14 15:37:12.704491  length=5 from=10 to=14
 01 03 00 15 01                                   .....
--
> 2024/10/14 15:37:12.705206  length=9 from=15 to=23
 c3 51 0b 1b b8 d7 13 06 02                       .Q.......
--
> 2024/10/14 15:37:12.705978  length=8 from=24 to=31
 00 13 82 00 00 00 00 00                          ........
--
> 2024/10/14 15:37:12.706879  length=9 from=32 to=40
 62 74 70 5f 74 65 73 74 65                       btp_teste
--
> 2024/10/14 15:37:12.707475  length=8 from=41 to=48
 72 00 00 00 00 00 00 00                          r.......
--
> 2024/10/14 15:37:12.708189  length=5 from=49 to=53
 00 00 00 00 00                                   .....
--
> 2024/10/14 15:37:12.708958  length=12 from=54 to=65
 00 00 00 00 00 00 00 00 00 00 00 00              ............
--
> 2024/10/14 15:37:12.709665  length=9 from=66 to=74
 00 00 00 00 00 00 00 00 00                       .........
--
> 2024/10/14 15:37:12.710463  length=8 from=75 to=82
 00 00 00 00 00 00 00 00                          ........
--
> 2024/10/14 15:37:12.711114  length=9 from=83 to=91
 00 00 00 00 00 00 00 00 00                       .........
--
> 2024/10/14 15:37:12.711809  length=8 from=92 to=99
 00 00 00 00 00 00 00 00                          ........
--
> 2024/10/14 15:37:12.712567  length=9 from=100 to=108
 00 00 00 00 00 00 00 00 00                       .........
--
> 2024/10/14 15:37:12.713333  length=8 from=109 to=116
 00 00 00 00 00 00 00 00                          ........
--
> 2024/10/14 15:37:12.714082  length=9 from=117 to=125
 00 00 00 00 00 00 00 00 00                       .........
--
> 2024/10/14 15:37:12.714821  length=8 from=126 to=133
 00 00 00 00 00 00 00 00                          ........
--
> 2024/10/14 15:37:12.715519  length=9 from=134 to=142
 00 00 00 00 00 00 00 00 00                       .........
--
> 2024/10/14 15:37:12.716257  length=8 from=143 to=150
 00 00 00 00 00 00 00 00                          ........
--
> 2024/10/14 15:37:12.716963  length=8 from=151 to=158
 00 00 00 00 00 00 00 00                          ........
--
> 2024/10/14 15:37:12.717800  length=9 from=159 to=167
 00 00 00 00 00 00 00 00 00                       .........
--
> 2024/10/14 15:37:12.718922  length=14 from=168 to=181
 00 00 00 00 00 00 00 00 00 00 00 00 00 00        ..............
--
> 2024/10/14 15:37:12.719639  length=1 from=182 to=182
 00                                               .
--
> 2024/10/14 15:37:12.720388  length=16 from=183 to=198
 00 00 00 00 00 00 00 00 00 00 00 00 00 00 00 00  ................
--
> 2024/10/14 15:37:12.721165  length=8 from=199 to=206
 00 00 00 00 00 00 00 00                          ........
--
> 2024/10/14 15:37:12.721848  length=9 from=207 to=215
 00 00 00 00 00 00 00 00 00                       .........
--
> 2024/10/14 15:37:12.722622  length=8 from=216 to=223
 00 00 00 00 00 00 00 00                          ........
--
> 2024/10/14 15:37:12.723357  length=9 from=224 to=232
 00 00 00 00 00 00 00 00 00                       .........
--
> 2024/10/14 15:37:12.724065  length=8 from=233 to=240
 00 00 00 00 00 00 00 00                          ........
--
> 2024/10/14 15:37:12.724888  length=9 from=241 to=249
 00 00 00 00 00 00 00 00 00                       .........
--
> 2024/10/14 15:37:12.725638  length=8 from=250 to=257
 00 00 00 00 00 00 00 00                          ........
--
> 2024/10/14 15:37:12.726280  length=9 from=258 to=266
 00 00 00 00 00 00 00 00 00                       .........
--
> 2024/10/14 15:37:12.727101  length=8 from=267 to=274
 00 00 00 00 00 00 00 00                          ........
--
> 2024/10/14 15:37:12.727751  length=9 from=275 to=283
 00 00 00 00 00 00 00 00 00                       .........
--
> 2024/10/14 15:37:12.728512  length=8 from=284 to=291
 00 00 00 00 00 00 00 00                          ........
--
< 2024/10/14 15:37:14.059469  length=6 from=17 to=22
 01 10 00 01 00 00                                ......
--
> 2024/10/14 15:37:14.060497  length=1 from=292 to=292
 01                                               .
--
> 2024/10/14 15:37:14.061241  length=4 from=293 to=296
 10 00 00 00                                      ....
--
< 2024/10/14 15:37:14.107367  length=6 from=23 to=28
 01 08 00 01 00 01                                ......
--
> 2024/10/14 15:37:14.108768  length=1 from=297 to=297
 01                                               .
--
> 2024/10/14 15:37:14.109501  length=8 from=298 to=305
 08 00 04 00 1b 82 00 00                          ........
--
< 2024/10/14 15:37:14.149671  length=6 from=29 to=34
 00 03 ff 01 00 1b                                ......
--
> 2024/10/14 15:37:14.151142  length=1 from=306 to=306
 00                                               .
--
> 2024/10/14 15:37:14.151831  length=4 from=307 to=310
 03 ff 00 00                                      ....
--
< 2024/10/14 15:37:22.208258  length=27 from=35 to=61
 01 0a                                            ..
 00 16 00 0f 00 09 0d 54 65 73 74 65 72 5f 31 43  .......Tester_1C
 32 38 44 46 ff ff ff ff 00                       28DF.....
--
> 2024/10/14 15:37:22.214071  length=1 from=311 to=311
 01                                               .
--
> 2024/10/14 15:37:22.214761  length=8 from=312 to=319
 0a                                               .
 00 04 00 1b 86 00 00                             .......
--
> 2024/10/14 15:37:22.325279  length=5 from=320 to=324
 01 82 00 0d 00                                   .....
--
> 2024/10/14 15:37:22.326137  length=11 from=325 to=335
 00 df 28 1c e8 07 c0 32 00 00 00                 ..(....2...
--
> 2024/10/14 15:37:22.326861  length=8 from=336 to=343
 d0 09 01 80 00 04 00 1b                          ........
--
> 2024/10/14 15:37:22.327558  length=3 from=344 to=346
 82 00 00                                         ...
--
> 2024/10/14 15:37:24.953520  length=2 from=347 to=348
 01 84                                            ..
--
> 2024/10/14 15:37:24.954210  length=8 from=349 to=356
 00 0b 00 00 df 28 1c e8                          .....(..
--
> 2024/10/14 15:37:24.954903  length=6 from=357 to=362
 07 c0 52 8e 02 00                                ..R...
--
> 2024/10/14 15:37:27.451048  length=5 from=363 to=367
 01 88 00 0d 00                                   .....
--
> 2024/10/14 15:37:27.451784  length=8 from=368 to=375
 00 df 28 1c e8 07 c0 32                          ..(....2
--
> 2024/10/14 15:37:27.452512  length=5 from=376 to=380
 00 00 00 d0 09                                   .....
--
> 2024/10/14 15:37:30.740505  length=7 from=381 to=387
 01 89 00 08 00 00 df                             .......
--
> 2024/10/14 15:37:30.741226  length=6 from=388 to=393
 28 1c e8 07 c0 04                                (.....
--
< 2024/10/14 15:37:36.283221  length=58 from=62 to=119
 1b 02 00 35 00 00 10 10 10 30 74 65 6c 3a 2b 31  ...5.....0tel:+1
 39 39 39 31 31 31 31 32 33 34 74 65 6c 3a 2b 31  9991111234tel:+1
 39 39 39 31 31 31 31 32 33 35 74 65 6c 3a 2b 31  9991111235tel:+1
 39 39 39 31 31 31 30 30 31 31                    9991110011
--
> 2024/10/14 15:37:36.290290  length=1 from=394 to=394
 1b                                               .
--
> 2024/10/14 15:37:36.290967  length=4 from=395 to=398
 02 00 00 00                                      ....
--
< 2024/10/14 15:37:38.337166  length=58 from=120 to=177
 1b 02 00 35 00 00 10 10 10 30 74 65 6c 3a 2b 31  ...5.....0tel:+1
 39 39 39 31 31 31 31 32 33 34 74 65 6c 3a 2b 31  9991111234tel:+1
 39 39 39 31 31 31 31 32 33 35 74 65 6c 3a 2b 31  9991111235tel:+1
 39 39 39 31 31 31 30 30 31 31                    9991110011
--
> 2024/10/14 15:37:38.344577  length=1 from=399 to=399
 1b                                               .
--
> 2024/10/14 15:37:38.345273  length=4 from=400 to=403
 02 00 00 00                                      ....
--
> 2024/10/14 15:37:39.889036  length=2 from=404 to=405
 01 83                                            ..
--
> 2024/10/14 15:37:39.889740  length=9 from=406 to=414
 00 07 00 00 df 28 1c e8 07                       .....(...
--
> 2024/10/14 15:37:39.890511  length=1 from=415 to=415
 c0                                               .
--
> 2024/10/14 15:37:48.814457  length=1 from=416 to=416
 00                                               .
--
> 2024/10/14 15:37:48.814544  length=1 from=417 to=417
 80                                               .
--
> 2024/10/14 15:37:48.814599  length=1 from=418 to=418
 ff                                               .
--
> 2024/10/14 15:37:48.814722  length=1 from=419 to=419
 00                                               .
--
> 2024/10/14 15:37:48.814786  length=1 from=420 to=420
 00                                               .
--
