00:40:26:496    < BTP_CORE_EV_IUT_READY (0x00|0x80|0xff)
                  raw data (0): 00 80 ff 00 00|
00:40:26:997    > BTP_CORE_CMD_REGISTER_SERVICE (0x00|0x03|0xff)
                  raw data (1): 00 03 ff 01 00|01
00:40:27:374    < BTP_CORE_CMD_REGISTER_SERVICE (0x00|0x03|0xff)
                  raw data (0): 00 03 ff 00 00|
00:40:27:385    > BTP_GAP_CMD_READ_SUPPORTED_COMMANDS (0x01|0x01|0xff)
                  raw data (0): 01 01 ff 00 00|
00:40:27:440    < BTP_GAP_CMD_READ_SUPPORTED_COMMANDS (0x01|0x01|0xff)
                  raw data (6): 01 01 ff 06 00|6e ff 7f 1f fe 07
00:40:27:440    > BTP_CORE_CMD_REGISTER_SERVICE (0x00|0x03|0xff)
                  raw data (2): 00 03 ff 01 00|02
00:40:27:474    < BTP_CORE_CMD_REGISTER_SERVICE (0x00|0x03|0xff)
                  raw data (0): 00 03 ff 00 00|
00:40:27:485    > BTP_GATT_CMD_READ_SUPPORTED_COMMANDS (0x02|0x01|0xff)
                  raw data (0): 02 01 ff 00 00|
00:40:27:541    < BTP_GATT_CMD_READ_SUPPORTED_COMMANDS (0x02|0x01|0xff)
                  raw data (5): 02 01 ff 05 00|fe fe ff fd 03
00:40:27:557    > BTP_CORE_CMD_REGISTER_SERVICE (0x00|0x03|0xff)
                  raw data (4): 00 03 ff 01 00|04
00:40:27:594    < BTP_CORE_CMD_REGISTER_SERVICE (0x00|0x03|0xff)
                  raw data (0): 00 03 ff 00 00|
00:40:27:605    > BTP_MESH_CMD_READ_SUPPORTED_COMMANDS (0x04|0x01|0xff)
                  raw data (0): 04 01 ff 00 00|
00:40:27:664    < BTP_MESH_CMD_READ_SUPPORTED_COMMANDS (0x04|0x01|0xff)
                  raw data (16): 
                  04 01 ff 10 00|fe ff 7f ff ff ff ff ff ff ff ff 
                  fe ff f1 87 01
00:40:27:675    > BTP_MESH_CMD_INIT (0x04|0x04|0x00)
                  raw data (1): 04 04 00 01 00|00
00:40:27:722    < BTP_MESH_CMD_INIT (0x04|0x04|0x00)
                  raw data (0): 04 04 00 00 00|
00:40:27:733    > BTP_GAP_CMD_READ_CONTROLLER_INFO (0x01|0x03|0x00)
                  raw data (0): 01 03 00 00 00|
00:40:27:810    < BTP_GAP_CMD_READ_CONTROLLER_INFO (0x01|0x03|0x00)
                  raw data (277): 
                  01 03 00 15 01|3b db 31 cc b6 d5 13 06 02 00 13 
                  82 00 00 00 00 00 62 74 70 5f 74 65 73 74 65 72 
                  00 00 00 00 00 00 00 00 00 00 00 00 00 00 00 00 
                  00 00 00 00 00 00 00 00 00 00 00 00 00 00 00 00 
                  00 00 00 00 00 00 00 00 00 00 00 00 00 00 00 00 
                  00 00 00 00 00 00 00 00 00 00 00 00 00 00 00 00 
                  00 00 00 00 00 00 00 00 00 00 00 00 00 00 00 00 
                  00 00 00 00 00 00 00 00 00 00 00 00 00 00 00 00 
                  00 00 00 00 00 00 00 00 00 00 00 00 00 00 00 00 
                  00 00 00 00 00 00 00 00 00 00 00 00 00 00 00 00 
                  00 00 00 00 00 00 00 00 00 00 00 00 00 00 00 00 
                  00 00 00 00 00 00 00 00 00 00 00 00 00 00 00 00 
                  00 00 00 00 00 00 00 00 00 00 00 00 00 00 00 00 
                  00 00 00 00 00 00 00 00 00 00 00 00 00 00 00 00 
                  00 00 00 00 00 00 00 00 00 00 00 00 00 00 00 00 
                  00 00 00 00 00 00 00 00 00 00 00 00 00 00 00 00 
                  00 00 00 00 00 00 00 00 00 00 00 00 00 00 00 00 
                  00 00 00 00 00 00 00 00 00 00
00:40:43:848    > BTP_MESH_CMD_CONFIG_PROVISIONING (0x04|0x02|0x00)
                  raw data (56): 
                  04 02 00 38 00|96 6a 7b 4c c9 68 4f 83 be 4b 63 
                  dc 41 d0 f3 7a 00 01 02 03 04 05 06 07 08 09 0a 
                  0b 0c 0d 0e 0f 00 00 00 00 00 00 00 00 00 00 00 
                  00 00 00 00 00 10 00 00 00 01 04 00 00
00:40:43:868    < BTP_MESH_CMD_CONFIG_PROVISIONING (0x04|0x02|0x00)
                  raw data (0): 04 02 00 00 00|
00:40:43:869    > BTP_MESH_CMD_START (0x04|0x78|0x00)
                  raw data (0): 04 78 00 00 00|
00:40:43:998    < BTP_MESH_CMD_START (0x04|0x78|0x00)
                  raw data (0): 04 78 00 00 00|
00:40:44:203    < BTP_MESH_EV_PROV_LINK_OPEN (0x04|0x84|0x00)
                  raw data (1): 04 84 00 01 00|00
00:40:44:411    < BTP_MESH_EV_PROV_LINK_CLOSED (0x04|0x85|0x00)
                  raw data (1): 04 85 00 01 00|00
