[00:00:26.635,833] <wrn> net_buf: Timeout discarded. No blocking in syswq
[00:00:26.635,955] <wrn> net_buf: Timeout discarded. No blocking in syswq
[00:00:26.636,199] <wrn> net_buf: Timeout discarded. No blocking in syswq
[00:00:26.636,383] <wrn> net_buf: Timeout discarded. No blocking in syswq
[00:00:26.636,596] <wrn> net_buf: Timeout discarded. No blocking in syswq
[00:00:26.636,993] <wrn> net_buf: Timeout discarded. No blocking in syswq
[00:00:26.637,237] <wrn> net_buf: Timeout discarded. No blocking in syswq
[00:00:26.641,143] <wrn> net_buf: Timeout discarded. No blocking in syswq
[00:00:26.641,296] <wrn> net_buf: Timeout discarded. No blocking in syswq
[00:00:26.641,510] <wrn> net_buf: Timeout discarded. No blocking in syswq
[00:00:26.641,693] <wrn> net_buf: Timeout discarded. No blocking in syswq
[00:00:26.642,059] <wrn> net_buf: Timeout discarded. No blocking in syswq
*** Booting Zephyr OS build v4.0.0-1675-g9cebb3ff6339 ***
[00:00:00.250,793] <dbg> bttester: tester_init: Initializing tester
[00:00:05.979,766] <dbg> bttester: cmd_handler: cmd service 0x00 opcode 0x03 index 0xff
[00:00:05.983,917] <wrn> net_buf: Timeout discarded. No blocking in syswq
[00:00:05.984,100] <wrn> net_buf: Timeout discarded. No blocking in syswq
[00:00:05.984,252] <wrn> net_buf: Timeout discarded. No blocking in syswq
[00:00:05.984,436] <wrn> net_buf: Timeout discarded. No blocking in syswq
[00:00:05.984,619] <wrn> net_buf: Timeout discarded. No blocking in syswq
[00:00:05.984,771] <wrn> net_buf: Timeout discarded. No blocking in syswq
[00:00:05.984,924] <wrn> net_buf: Timeout discarded. No blocking in syswq
[00:00:05.985,076] <wrn> net_buf: Timeout discarded. No blocking in syswq
[00:00:05.985,260] <wrn> net_buf: Timeout discarded. No blocking in syswq
[00:00:05.985,443] <wrn> net_buf: Timeout discarded. No blocking in syswq
[00:00:05.985,626] <wrn> net_buf: Timeout discarded. No blocking in syswq
[00:00:05.985,778] <wrn> net_buf: Timeout discarded. No blocking in syswq
[00:00:05.985,961] <wrn> net_buf: Timeout discarded. No blocking in syswq
[00:00:05.986,083] <inf> bt_hci_core: HW Platform: Nordic Semiconductor (0x0002)
[00:00:05.986,114] <inf> bt_hci_core: HW Variant: nRF52x (0x0002)
[00:00:05.986,145] <inf> bt_hci_core: Firmware: Standard Bluetooth controller (0x00) Version 4.0 Build 99
[00:00:05.986,236] <wrn> net_buf: Timeout discarded. No blocking in syswq
[00:00:05.986,419] <wrn> net_buf: Timeout discarded. No blocking in syswq
[00:00:05.986,572] <wrn> net_buf: Timeout discarded. No blocking in syswq
[00:00:05.986,755] <wrn> net_buf: Timeout discarded. No blocking in syswq
[00:00:05.986,938] <wrn> net_buf: Timeout discarded. No blocking in syswq
[00:00:05.987,182] <wrn> net_buf: Timeout discarded. No blocking in syswq
[00:00:05.987,365] <inf> bt_hci_core: Identity: DC:E7:76:C4:1F:70 (random)
[00:00:05.987,396] <inf> bt_hci_core: HCI: version 5.4 (0x0d) revision 0x0000, manufacturer 0x05f1
[00:00:05.987,426] <inf> bt_hci_core: LMP: version 5.4 (0x0d) subver 0xffff
[00:00:05.987,457] <dbg> bttester: tester_rsp_with_index: service 0x00 opcode 0x03 index 0xff status 0x00
[00:00:06.032,684] <dbg> bttester: cmd_handler: cmd service 0x00 opcode 0x03 index 0xff
[00:00:06.032,714] <dbg> bttester: tester_rsp_with_index: service 0x00 opcode 0x03 index 0xff status 0x00
[00:00:06.065,917] <dbg> bttester: cmd_handler: cmd service 0x00 opcode 0x03 index 0xff
[00:00:06.065,948] <dbg> bttester: tester_rsp_with_index: service 0x00 opcode 0x03 index 0xff status 0x00
[00:00:06.134,429] <dbg> bttester: cmd_handler: cmd service 0x04 opcode 0x04 index 0x00
[00:00:06.134,429] <wrn> bttester_mesh: Loading default comp data
[00:00:06.134,735] <wrn> bt_mesh_access: Unused space in relation list: 2
[00:00:06.567,993] <dbg> bttester: tester_rsp_with_index: service 0x04 opcode 0x04 index 0x00 status 0x00
[00:00:06.630,859] <dbg> bttester: cmd_handler: cmd service 0x01 opcode 0x03 index 0x00
[00:00:15.977,600] <dbg> bttester: cmd_handler: cmd service 0x04 opcode 0x02 index 0x00
[00:00:15.977,661] <dbg> bttester_mesh: config_prov: 
[00:00:15.977,661] <dbg> bttester: tester_rsp_with_index: service 0x04 opcode 0x02 index 0x00 status 0x00
[00:00:15.988,281] <dbg> bttester: cmd_handler: cmd service 0x04 opcode 0x78 index 0x00
[00:00:15.988,342] <dbg> bttester_mesh: start: 
[00:00:15.988,433] <inf> bt_mesh_provisionee: Device UUID: 1aa93d53-d391-4f2b-b899-8c121cdf8ea2
[00:00:15.988,555] <wrn> net_buf: Timeout discarded. No blocking in syswq
[00:00:15.988,739] <wrn> net_buf: Timeout discarded. No blocking in syswq
[00:00:15.989,471] <wrn> net_buf: Timeout discarded. No blocking in syswq
[00:00:15.989,654] <wrn> net_buf: Timeout discarded. No blocking in syswq
[00:00:15.989,959] <wrn> net_buf: Timeout discarded. No blocking in syswq
[00:00:15.990,264] <inf> bt_mesh_provisionee: Device UUID: 1aa93d53-d391-4f2b-b899-8c121cdf8ea2
[00:00:15.990,295] <dbg> bttester: tester_rsp_with_index: service 0x04 opcode 0x78 index 0x00 status 0x00
[00:00:15.991,119] <wrn> net_buf: Timeout discarded. No blocking in syswq
[00:00:15.991,699] <wrn> net_buf: Timeout discarded. No blocking in syswq
[00:00:15.991,912] <wrn> net_buf: Timeout discarded. No blocking in syswq
[00:00:15.992,095] <wrn> net_buf: Timeout discarded. No blocking in syswq
[00:00:15.992,401] <wrn> net_buf: Timeout discarded. No blocking in syswq
[00:00:15.992,645] <wrn> net_buf: Timeout discarded. No blocking in syswq
[00:00:15.992,919] <wrn> net_buf: Timeout discarded. No blocking in syswq
[00:00:15.993,103] <wrn> net_buf: Timeout discarded. No blocking in syswq
[00:00:15.993,316] <wrn> net_buf: Timeout discarded. No blocking in syswq
[00:00:15.993,682] <wrn> net_buf: Timeout discarded. No blocking in syswq
[00:00:15.993,927] <wrn> net_buf: Timeout discarded. No blocking in syswq
[00:00:16.045,043] <dbg> bttester: cmd_handler: cmd service 0x04 opcode 0x03 index 0x00
[00:00:16.045,104] <dbg> bttester_mesh: provision_node: 
[00:00:16.045,135] <inf> bt_mesh_main: Primary Element: 0x0003
[00:00:16.053,100] <dbg> bttester_mesh: prov_complete: net_idx 0x0000 addr 0x0003
[00:00:16.053,131] <dbg> bttester: tester_event: service 0x04 opcode 0x83
[00:00:16.053,588] <dbg> bttester: tester_rsp_with_index: service 0x04 opcode 0x03 index 0x00 status 0x00
[00:00:16.054,748] <wrn> net_buf: Timeout discarded. No blocking in syswq
[00:00:16.054,962] <wrn> net_buf: Timeout discarded. No blocking in syswq
[00:00:16.055,206] <wrn> net_buf: Timeout discarded. No blocking in syswq
[00:00:16.105,316] <wrn> net_buf: Timeout discarded. No blocking in syswq
[00:00:16.105,499] <wrn> net_buf: Timeout discarded. No blocking in syswq
[00:00:16.105,773] <wrn> net_buf: Timeout discarded. No blocking in syswq
[00:00:16.109,619] <wrn> net_buf: Timeout discarded. No blocking in syswq
[00:00:16.109,802] <wrn> net_buf: Timeout discarded. No blocking in syswq
[00:00:16.109,985] <wrn> net_buf: Timeout discarded. No blocking in syswq
[00:00:16.110,168] <wrn> net_buf: Timeout discarded. No blocking in syswq
[00:00:16.110,473] <wrn> net_buf: Timeout discarded. No blocking in syswq
[00:00:16.110,717] <wrn> net_buf: Timeout discarded. No blocking in syswq
[00:00:16.110,992] <wrn> net_buf: Timeout discarded. No blocking in syswq
[00:00:16.111,175] <wrn> net_buf: Timeout discarded. No blocking in syswq
[00:00:16.111,358] <wrn> net_buf: Timeout discarded. No blocking in syswq
[00:00:16.111,541] <wrn> net_buf: Timeout discarded. No blocking in syswq
[00:00:16.111,907] <wrn> net_buf: Timeout discarded. No blocking in syswq
[00:00:16.219,940] <dbg> bttester: cmd_handler: cmd service 0x04 opcode 0x4a index 0x00
[00:00:16.220,001] <dbg> bttester_mesh: provision_adv: 
[00:00:16.220,092] <dbg> bttester: tester_rsp_with_index: service 0x04 opcode 0x4a index 0x00 status 0x00
[00:00:16.242,187] <wrn> net_buf: Timeout discarded. No blocking in syswq
[00:00:16.242,279] <wrn> net_buf: Timeout discarded. No blocking in syswq
[00:00:16.242,553] <wrn> net_buf: Timeout discarded. No blocking in syswq
[00:00:16.242,736] <wrn> net_buf: Timeout discarded. No blocking in syswq
[00:00:16.242,950] <wrn> net_buf: Timeout discarded. No blocking in syswq
[00:00:16.243,286] <wrn> net_buf: Timeout discarded. No blocking in syswq
[00:00:16.243,560] <wrn> net_buf: Timeout discarded. No blocking in syswq
[00:00:16.247,375] <wrn> net_buf: Timeout discarded. No blocking in syswq
[00:00:16.247,558] <wrn> net_buf: Timeout discarded. No blocking in syswq
[00:00:16.247,772] <wrn> net_buf: Timeout discarded. No blocking in syswq
[00:00:16.247,924] <wrn> net_buf: Timeout discarded. No blocking in syswq
[00:00:16.248,229] <wrn> net_buf: Timeout discarded. No blocking in syswq
[00:00:16.271,820] <dbg> bttester_mesh: link_open: bearer 0x01
[00:00:16.271,820] <dbg> bttester: tester_event: service 0x04 opcode 0x84
[00:00:16.289,367] <wrn> net_buf: Timeout discarded. No blocking in syswq
[00:00:16.289,459] <wrn> net_buf: Timeout discarded. No blocking in syswq
[00:00:16.289,978] <wrn> net_buf: Timeout discarded. No blocking in syswq
[00:00:16.290,161] <wrn> net_buf: Timeout discarded. No blocking in syswq
[00:00:16.290,374] <wrn> net_buf: Timeout discarded. No blocking in syswq
[00:00:16.290,771] <wrn> net_buf: Timeout discarded. No blocking in syswq
[00:00:16.291,015] <wrn> net_buf: Timeout discarded. No blocking in syswq
[00:00:16.294,677] <wrn> net_buf: Timeout discarded. No blocking in syswq
[00:00:16.294,860] <wrn> net_buf: Timeout discarded. No blocking in syswq
[00:00:16.295,043] <wrn> net_buf: Timeout discarded. No blocking in syswq
[00:00:16.295,227] <wrn> net_buf: Timeout discarded. No blocking in syswq
[00:00:16.295,532] <wrn> net_buf: Timeout discarded. No blocking in syswq
[00:00:16.816,772] <wrn> net_buf: Timeout discarded. No blocking in syswq
[00:00:16.816,894] <wrn> net_buf: Timeout discarded. No blocking in syswq
[00:00:16.817,382] <wrn> net_buf: Timeout discarded. No blocking in syswq
[00:00:16.817,565] <wrn> net_buf: Timeout discarded. No blocking in syswq
[00:00:16.817,749] <wrn> net_buf: Timeout discarded. No blocking in syswq
[00:00:16.818,237] <wrn> net_buf: Timeout discarded. No blocking in syswq
[00:00:16.818,481] <wrn> net_buf: Timeout discarded. No blocking in syswq
[00:00:16.822,082] <wrn> net_buf: Timeout discarded. No blocking in syswq
[00:00:16.822,235] <wrn> net_buf: Timeout discarded. No blocking in syswq
[00:00:16.822,448] <wrn> net_buf: Timeout discarded. No blocking in syswq
[00:00:16.822,631] <wrn> net_buf: Timeout discarded. No blocking in syswq
[00:00:16.822,937] <wrn> net_buf: Timeout discarded. No blocking in syswq
[00:00:17.003,723] <wrn> net_buf: Timeout discarded. No blocking in syswq
[00:00:17.003,845] <wrn> net_buf: Timeout discarded. No blocking in syswq
[00:00:17.004,089] <wrn> net_buf: Timeout discarded. No blocking in syswq
[00:00:17.004,272] <wrn> net_buf: Timeout discarded. No blocking in syswq
[00:00:17.004,486] <wrn> net_buf: Timeout discarded. No blocking in syswq
[00:00:17.004,730] <wrn> net_buf: Timeout discarded. No blocking in syswq
[00:00:17.004,974] <wrn> net_buf: Timeout discarded. No blocking in syswq
[00:00:17.054,107] <wrn> net_buf: Timeout discarded. No blocking in syswq
[00:00:17.054,260] <wrn> net_buf: Timeout discarded. No blocking in syswq
[00:00:17.054,473] <wrn> net_buf: Timeout discarded. No blocking in syswq
[00:00:17.054,656] <wrn> net_buf: Timeout discarded. No blocking in syswq
[00:00:17.054,962] <wrn> net_buf: Timeout discarded. No blocking in syswq
[00:00:17.091,064] <wrn> net_buf: Timeout discarded. No blocking in syswq
[00:00:17.091,186] <wrn> net_buf: Timeout discarded. No blocking in syswq
[00:00:17.091,461] <wrn> net_buf: Timeout discarded. No blocking in syswq
[00:00:17.091,644] <wrn> net_buf: Timeout discarded. No blocking in syswq
[00:00:17.091,857] <wrn> net_buf: Timeout discarded. No blocking in syswq
[00:00:17.092,346] <wrn> net_buf: Timeout discarded. No blocking in syswq
[00:00:17.092,590] <wrn> net_buf: Timeout discarded. No blocking in syswq
[00:00:17.096,282] <wrn> net_buf: Timeout discarded. No blocking in syswq
[00:00:17.096,435] <wrn> net_buf: Timeout discarded. No blocking in syswq
[00:00:17.096,649] <wrn> net_buf: Timeout discarded. No blocking in syswq
[00:00:17.096,832] <wrn> net_buf: Timeout discarded. No blocking in syswq
[00:00:17.097,137] <wrn> net_buf: Timeout discarded. No blocking in syswq
[00:00:17.197,204] <wrn> net_buf: Timeout discarded. No blocking in syswq
[00:00:17.197,326] <wrn> net_buf: Timeout discarded. No blocking in syswq
[00:00:17.197,814] <wrn> net_buf: Timeout discarded. No blocking in syswq
[00:00:17.197,998] <wrn> net_buf: Timeout discarded. No blocking in syswq
[00:00:17.198,211] <wrn> net_buf: Timeout discarded. No blocking in syswq
[00:00:17.198,577] <wrn> net_buf: Timeout discarded. No blocking in syswq
[00:00:17.198,822] <wrn> net_buf: Timeout discarded. No blocking in syswq
[00:00:17.202,850] <wrn> net_buf: Timeout discarded. No blocking in syswq
[00:00:17.203,002] <wrn> net_buf: Timeout discarded. No blocking in syswq
[00:00:17.203,216] <wrn> net_buf: Timeout discarded. No blocking in syswq
[00:00:17.203,399] <wrn> net_buf: Timeout discarded. No blocking in syswq
[00:00:17.203,704] <wrn> net_buf: Timeout discarded. No blocking in syswq
[00:00:17.230,804] <wrn> net_buf: Timeout discarded. No blocking in syswq
[00:00:17.230,926] <wrn> net_buf: Timeout discarded. No blocking in syswq
[00:00:17.231,170] <wrn> net_buf: Timeout discarded. No blocking in syswq
[00:00:17.231,353] <wrn> net_buf: Timeout discarded. No blocking in syswq
[00:00:17.231,567] <wrn> net_buf: Timeout discarded. No blocking in syswq
[00:00:17.231,842] <wrn> net_buf: Timeout discarded. No blocking in syswq
[00:00:17.232,116] <wrn> net_buf: Timeout discarded. No blocking in syswq
[00:00:17.236,145] <wrn> net_buf: Timeout discarded. No blocking in syswq
[00:00:17.236,297] <wrn> net_buf: Timeout discarded. No blocking in syswq
[00:00:17.236,511] <wrn> net_buf: Timeout discarded. No blocking in syswq
[00:00:17.236,694] <wrn> net_buf: Timeout discarded. No blocking in syswq
[00:00:17.236,999] <wrn> net_buf: Timeout discarded. No blocking in syswq
[00:00:17.284,088] <wrn> net_buf: Timeout discarded. No blocking in syswq
[00:00:17.284,210] <wrn> net_buf: Timeout discarded. No blocking in syswq
[00:00:17.284,484] <wrn> net_buf: Timeout discarded. No blocking in syswq
[00:00:17.284,759] <wrn> net_buf: Timeout discarded. No blocking in syswq
[00:00:17.284,973] <wrn> net_buf: Timeout discarded. No blocking in syswq
[00:00:17.285,369] <wrn> net_buf: Timeout discarded. No blocking in syswq
[00:00:17.285,614] <wrn> net_buf: Timeout discarded. No blocking in syswq
[00:00:17.289,611] <wrn> net_buf: Timeout discarded. No blocking in syswq
[00:00:17.289,794] <wrn> net_buf: Timeout discarded. No blocking in syswq
[00:00:17.289,978] <wrn> net_buf: Timeout discarded. No blocking in syswq
[00:00:17.290,191] <wrn> net_buf: Timeout discarded. No blocking in syswq
[00:00:17.290,466] <wrn> net_buf: Timeout discarded. No blocking in syswq
[00:00:17.992,797] <wrn> net_buf: Timeout discarded. No blocking in syswq
[00:00:17.992,919] <wrn> net_buf: Timeout discarded. No blocking in syswq
[00:00:17.993,347] <wrn> net_buf: Timeout discarded. No blocking in syswq
[00:00:17.993,530] <wrn> net_buf: Timeout discarded. No blocking in syswq
[00:00:17.993,743] <wrn> net_buf: Timeout discarded. No blocking in syswq
[00:00:17.994,110] <wrn> net_buf: Timeout discarded. No blocking in syswq
[00:00:17.994,384] <wrn> net_buf: Timeout discarded. No blocking in syswq
[00:00:18.046,264] <wrn> net_buf: Timeout discarded. No blocking in syswq
[00:00:18.046,417] <wrn> net_buf: Timeout discarded. No blocking in syswq
[00:00:18.046,630] <wrn> net_buf: Timeout discarded. No blocking in syswq
[00:00:18.046,813] <wrn> net_buf: Timeout discarded. No blocking in syswq
[00:00:18.047,119] <wrn> net_buf: Timeout discarded. No blocking in syswq
[00:00:18.086,212] <wrn> net_buf: Timeout discarded. No blocking in syswq
[00:00:18.086,334] <wrn> net_buf: Timeout discarded. No blocking in syswq
[00:00:18.086,608] <wrn> net_buf: Timeout discarded. No blocking in syswq
[00:00:18.086,761] <wrn> net_buf: Timeout discarded. No blocking in syswq
[00:00:18.087,005] <wrn> net_buf: Timeout discarded. No blocking in syswq
[00:00:18.087,402] <wrn> net_buf: Timeout discarded. No blocking in syswq
[00:00:18.087,646] <wrn> net_buf: Timeout discarded. No blocking in syswq
[00:00:18.091,613] <wrn> net_buf: Timeout discarded. No blocking in syswq
[00:00:18.091,766] <wrn> net_buf: Timeout discarded. No blocking in syswq
[00:00:18.091,979] <wrn> net_buf: Timeout discarded. No blocking in syswq
[00:00:18.092,407] <wrn> net_buf: Timeout discarded. No blocking in syswq
[00:00:18.092,681] <wrn> net_buf: Timeout discarded. No blocking in syswq
[00:00:18.628,662] <wrn> net_buf: Timeout discarded. No blocking in syswq
[00:00:18.628,784] <wrn> net_buf: Timeout discarded. No blocking in syswq
[00:00:18.629,272] <wrn> net_buf: Timeout discarded. No blocking in syswq
[00:00:18.629,455] <wrn> net_buf: Timeout discarded. No blocking in syswq
[00:00:18.629,699] <wrn> net_buf: Timeout discarded. No blocking in syswq
[00:00:18.630,004] <wrn> net_buf: Timeout discarded. No blocking in syswq
[00:00:18.630,249] <wrn> net_buf: Timeout discarded. No blocking in syswq
[00:00:18.634,216] <wrn> net_buf: Timeout discarded. No blocking in syswq
[00:00:18.634,368] <wrn> net_buf: Timeout discarded. No blocking in syswq
[00:00:18.634,582] <wrn> net_buf: Timeout discarded. No blocking in syswq
[00:00:18.634,765] <wrn> net_buf: Timeout discarded. No blocking in syswq
[00:00:18.635,070] <wrn> net_buf: Timeout discarded. No blocking in syswq
[00:00:18.836,029] <wrn> net_buf: Timeout discarded. No blocking in syswq
[00:00:18.836,151] <wrn> net_buf: Timeout discarded. No blocking in syswq
[00:00:18.836,395] <wrn> net_buf: Timeout discarded. No blocking in syswq
[00:00:18.836,578] <wrn> net_buf: Timeout discarded. No blocking in syswq
[00:00:18.836,791] <wrn> net_buf: Timeout discarded. No blocking in syswq
[00:00:18.837,280] <wrn> net_buf: Timeout discarded. No blocking in syswq
[00:00:18.837,524] <wrn> net_buf: Timeout discarded. No blocking in syswq
[00:00:18.890,075] <wrn> net_buf: Timeout discarded. No blocking in syswq
[00:00:18.890,228] <wrn> net_buf: Timeout discarded. No blocking in syswq
[00:00:18.890,441] <wrn> net_buf: Timeout discarded. No blocking in syswq
[00:00:18.890,625] <wrn> net_buf: Timeout discarded. No blocking in syswq
[00:00:18.890,930] <wrn> net_buf: Timeout discarded. No blocking in syswq
[00:00:18.924,041] <wrn> net_buf: Timeout discarded. No blocking in syswq
[00:00:18.924,163] <wrn> net_buf: Timeout discarded. No blocking in syswq
[00:00:18.924,438] <wrn> net_buf: Timeout discarded. No blocking in syswq
[00:00:18.924,621] <wrn> net_buf: Timeout discarded. No blocking in syswq
[00:00:18.924,835] <wrn> net_buf: Timeout discarded. No blocking in syswq
[00:00:18.925,384] <wrn> net_buf: Timeout discarded. No blocking in syswq
[00:00:18.925,628] <wrn> net_buf: Timeout discarded. No blocking in syswq
[00:00:18.929,595] <wrn> net_buf: Timeout discarded. No blocking in syswq
[00:00:18.929,748] <wrn> net_buf: Timeout discarded. No blocking in syswq
[00:00:18.929,962] <wrn> net_buf: Timeout discarded. No blocking in syswq
[00:00:18.930,145] <wrn> net_buf: Timeout discarded. No blocking in syswq
[00:00:18.930,450] <wrn> net_buf: Timeout discarded. No blocking in syswq
[00:00:19.127,502] <wrn> net_buf: Timeout discarded. No blocking in syswq
[00:00:19.127,624] <wrn> net_buf: Timeout discarded. No blocking in syswq
[00:00:19.127,868] <wrn> net_buf: Timeout discarded. No blocking in syswq
[00:00:19.128,051] <wrn> net_buf: Timeout discarded. No blocking in syswq
[00:00:19.128,265] <wrn> net_buf: Timeout discarded. No blocking in syswq
[00:00:19.128,692] <wrn> net_buf: Timeout discarded. No blocking in syswq
[00:00:19.128,936] <wrn> net_buf: Timeout discarded. No blocking in syswq
[00:00:19.183,288] <wrn> net_buf: Timeout discarded. No blocking in syswq
[00:00:19.183,441] <wrn> net_buf: Timeout discarded. No blocking in syswq
[00:00:19.183,654] <wrn> net_buf: Timeout discarded. No blocking in syswq
[00:00:19.183,837] <wrn> net_buf: Timeout discarded. No blocking in syswq
[00:00:19.184,143] <wrn> net_buf: Timeout discarded. No blocking in syswq
[00:00:19.210,235] <wrn> net_buf: Timeout discarded. No blocking in syswq
[00:00:19.210,357] <wrn> net_buf: Timeout discarded. No blocking in syswq
[00:00:19.210,601] <wrn> net_buf: Timeout discarded. No blocking in syswq
[00:00:19.210,784] <wrn> net_buf: Timeout discarded. No blocking in syswq
[00:00:19.210,998] <wrn> net_buf: Timeout discarded. No blocking in syswq
[00:00:19.211,425] <wrn> net_buf: Timeout discarded. No blocking in syswq
[00:00:19.211,669] <wrn> net_buf: Timeout discarded. No blocking in syswq
[00:00:19.215,698] <wrn> net_buf: Timeout discarded. No blocking in syswq
[00:00:19.215,850] <wrn> net_buf: Timeout discarded. No blocking in syswq
[00:00:19.216,064] <wrn> net_buf: Timeout discarded. No blocking in syswq
[00:00:19.216,247] <wrn> net_buf: Timeout discarded. No blocking in syswq
[00:00:19.216,552] <wrn> net_buf: Timeout discarded. No blocking in syswq
[00:00:19.251,647] <wrn> net_buf: Timeout discarded. No blocking in syswq
[00:00:19.251,831] <wrn> net_buf: Timeout discarded. No blocking in syswq
[00:00:19.252,288] <wrn> net_buf: Timeout discarded. No blocking in syswq
[00:00:19.252,471] <wrn> net_buf: Timeout discarded. No blocking in syswq
[00:00:19.252,685] <wrn> net_buf: Timeout discarded. No blocking in syswq
[00:00:19.252,868] <wrn> net_buf: Timeout discarded. No blocking in syswq
[00:00:19.253,112] <wrn> net_buf: Timeout discarded. No blocking in syswq
[00:00:19.256,927] <wrn> net_buf: Timeout discarded. No blocking in syswq
[00:00:19.257,080] <wrn> net_buf: Timeout discarded. No blocking in syswq
[00:00:19.257,293] <wrn> net_buf: Timeout discarded. No blocking in syswq
[00:00:19.257,476] <wrn> net_buf: Timeout discarded. No blocking in syswq
[00:00:19.257,781] <wrn> net_buf: Timeout discarded. No blocking in syswq
[00:00:19.449,310] <wrn> net_buf: Timeout discarded. No blocking in syswq
[00:00:19.449,432] <wrn> net_buf: Timeout discarded. No blocking in syswq
[00:00:19.449,676] <wrn> net_buf: Timeout discarded. No blocking in syswq
[00:00:19.449,859] <wrn> net_buf: Timeout discarded. No blocking in syswq
[00:00:19.450,164] <wrn> net_buf: Timeout discarded. No blocking in syswq
[00:00:19.450,378] <wrn> net_buf: Timeout discarded. No blocking in syswq
[00:00:19.450,622] <wrn> net_buf: Timeout discarded. No blocking in syswq
[00:00:19.504,089] <wrn> net_buf: Timeout discarded. No blocking in syswq
[00:00:19.504,241] <wrn> net_buf: Timeout discarded. No blocking in syswq
[00:00:19.504,455] <wrn> net_buf: Timeout discarded. No blocking in syswq
[00:00:19.504,638] <wrn> net_buf: Timeout discarded. No blocking in syswq
[00:00:19.504,943] <wrn> net_buf: Timeout discarded. No blocking in syswq
[00:00:19.537,048] <wrn> net_buf: Timeout discarded. No blocking in syswq
[00:00:19.537,170] <wrn> net_buf: Timeout discarded. No blocking in syswq
[00:00:19.537,414] <wrn> net_buf: Timeout discarded. No blocking in syswq
[00:00:19.537,597] <wrn> net_buf: Timeout discarded. No blocking in syswq
[00:00:19.537,811] <wrn> net_buf: Timeout discarded. No blocking in syswq
[00:00:19.538,238] <wrn> net_buf: Timeout discarded. No blocking in syswq
[00:00:19.538,604] <wrn> net_buf: Timeout discarded. No blocking in syswq
[00:00:19.594,085] <dbg> bttester_mesh: prov_node_added: net_idx 0x0000 addr 0x0001 num_elem 1
[00:00:19.594,116] <dbg> bttester: tester_event: service 0x04 opcode 0x8e
[00:00:20.034,088] <dbg> bttester_mesh: link_close: bearer 0x01
[00:00:20.034,118] <dbg> bttester: tester_event: service 0x04 opcode 0x85
[00:00:20.035,217] <wrn> net_buf: Timeout discarded. No blocking in syswq
[00:00:20.035,369] <wrn> net_buf: Timeout discarded. No blocking in syswq
[00:00:20.035,583] <wrn> net_buf: Timeout discarded. No blocking in syswq
[00:00:20.035,766] <wrn> net_buf: Timeout discarded. No blocking in syswq
[00:00:20.036,041] <wrn> net_buf: Timeout discarded. No blocking in syswq
[00:00:26.129,638] <wrn> net_buf: Timeout discarded. No blocking in syswq
[00:00:26.129,791] <wrn> net_buf: Timeout discarded. No blocking in syswq
[00:00:26.130,035] <wrn> net_buf: Timeout discarded. No blocking in syswq
[00:00:26.130,218] <wrn> net_buf: Timeout discarded. No blocking in syswq
[00:00:26.130,432] <wrn> net_buf: Timeout discarded. No blocking in syswq
[00:00:26.130,828] <wrn> net_buf: Timeout discarded. No blocking in syswq
[00:00:26.131,072] <wrn> net_buf: Timeout discarded. No blocking in syswq
[00:00:26.134,918] <wrn> net_buf: Timeout discarded. No blocking in syswq
[00:00:26.135,101] <wrn> net_buf: Timeout discarded. No blocking in syswq
[00:00:26.135,284] <wrn> net_buf: Timeout discarded. No blocking in syswq
[00:00:26.135,467] <wrn> net_buf: Timeout discarded. No blocking in syswq
[00:00:26.135,772] <wrn> net_buf: Timeout discarded. No blocking in syswq
