> 2024/02/17 03:50:38.227442  length=6 from=0 to=5
 00 03 ff 01 00 01                                ......
--
< 2024/02/17 03:50:38.238356  length=5 from=0 to=4
 00 03 ff 00 00                                   .....
--
> 2024/02/17 03:50:38.318863  length=6 from=6 to=11
 00 03 ff 01 00 02                                ......
--
< 2024/02/17 03:50:38.334950  length=5 from=5 to=9
 00 03 ff 00 00                                   .....
--
> 2024/02/17 03:50:38.414898  length=6 from=12 to=17
 00 03 ff 01 00 04                                ......
--
< 2024/02/17 03:50:38.431038  length=5 from=10 to=14
 00 03 ff 00 00                                   .....
--
> 2024/02/17 03:50:38.556809  length=6 from=18 to=23
 04 04 00 01 00 00                                ......
--
< 2024/02/17 03:50:38.827981  length=5 from=15 to=19
 04 04 00 00 00                                   .....
--
> 2024/02/17 03:50:38.923836  length=5 from=24 to=28
 01 03 00 00 00                                   .....
--
< 2024/02/17 03:50:38.939950  length=133 from=20 to=152
 01 03 00 15 01 c8 04 09 c0 ec d7 13 06 02 00 13  ................
 82 00 00 00 00 00 62 74 70 5f 74 65 73 74 65 72  ......btp_tester
 00 00 00 00 00 00 00 00 00 00 00 00 00 00 00 00  ................
 00 00 00 00 00 00 00 00 00 00 00 00 00 00 00 00  ................
 00 00 00 00 00 00 00 00 00 00 00 00 00 00 00 00  ................
 00 00 00 00 00 00 00 00 00 00 00 00 00 00 00 00  ................
 00 00 00 00 00 00 00 00 00 00 00 00 00 00 00 00  ................
 00 00 00 00 00 00 00 00 00 00 00 00 00 00 00 00  ................
 00 00 00 00 00                                   .....
--
< 2024/02/17 03:50:38.941697  length=23 from=153 to=175
 00 00 00 00 00 00 00 00 00 00 00 00 00 00 00 00  ................
 00 00 00 00 00 00 00                             .......
--
< 2024/02/17 03:50:38.956392  length=126 from=176 to=301
 00 00 00 00 00 00 00 00 00 00 00 00 00 00 00 00  ................
 00 00 00 00 00 00 00 00 00 00 00 00 00 00 00 00  ................
 00 00 00 00 00 00 00 00 00 00 00 00 00 00 00 00  ................
 00 00 00 00 00 00 00 00 00 00 00 00 00 00 00 00  ................
 00 00 00 00 00 00 00 00 00 00 00 00 00 00 00 00  ................
 00 00 00 00 00 00 00 00 00 00 00 00 00 00 00 00  ................
 00 00 00 00 00 00 00 00 00 00 00 00 00 00 00 00  ................
 00 00 00 00 00 00 00 00 00 00 00 00 00 00        ..............
--
> 2024/02/17 03:50:45.157726  length=61 from=29 to=89
 04 02 00 38 00 04 78 eb e1 7b b0 43 55 b8 f5 b8  ...8..x..{.CU...
 c3 cb 02 75 b2 00 01 02 03 04 05 06 07 08 09 0a  ...u............
 0b 0c 0d 0e 0f 00 00 00 00 00 00 00 00 00 00 00  ................
 00 00 00 00 00 10 02 08 00 00 00 00 00           .............
--
< 2024/02/17 03:50:45.173843  length=5 from=302 to=306
 04 02 00 00 00                                   .....
--
> 2024/02/17 03:50:45.300719  length=5 from=90 to=94
 04 78 00 00 00                                   .x...
--
< 2024/02/17 03:50:45.316832  length=5 from=307 to=311
 04 78 00 00 00                                   .x...
--
< 2024/02/17 03:50:45.380883  length=6 from=312 to=317
 04 84 00 01 00 00                                ......
--
< 2024/02/17 03:50:47.527950  length=5 from=318 to=322
 04 83 00 00 00                                   .....
--
< 2024/02/17 03:50:49.076018  length=6 from=323 to=328
 04 85 00 01 00 00                                ......
--
< 2024/02/17 03:50:54.229188  length=5 from=329 to=333
 00 80 ff 00 00                                   .....
--
