2025-02-07 19:49:43,603 LT1-thread root DEBUG client.py                 951   _run_test_case            : Starting TestCase _run_test_case GAP GAP/SEC/SEM/BV-62-C
2025-02-07 19:49:43,603 LT1-thread root DEBUG testcase.py               712   pre_run                   : pre_run GAP GAP/SEC/SEM/BV-62-C
2025-02-07 19:49:43,603 LT1-thread root DEBUG testcase.py               714   pre_run                   : About to run test case GAP GAP/SEC/SEM/BV-62-C with commands:
2025-02-07 19:49:43,603 LT1-thread root DEBUG testcase.py               717   pre_run                   : 0) class=<class 'autopts.ptsprojects.testcase.TestFunc'>, func=<bound method Stack.core_init of <autopts.ptsprojects.stack.stack.Stack object at 0x7f4bc8033b20>> start_wid=None stop_wid=None post_wid=None skip_call=None call_count=0 args=() kwds={}
2025-02-07 19:49:43,603 LT1-thread root DEBUG testcase.py               717   pre_run                   : 1) class=<class 'autopts.ptsprojects.testcase.TestFunc'>, func=<bound method ZephyrCtl.hw_reset of <autopts.ptsprojects.zephyr.iutctl.ZephyrCtl object at 0x7f4bc8061630>> start_wid=None stop_wid=None post_wid=None skip_call=None call_count=0 args=() kwds={}
2025-02-07 19:49:43,603 LT1-thread root DEBUG testcase.py               717   pre_run                   : 2) class=<class 'autopts.ptsprojects.testcase.TestFunc'>, func=<bound method ZephyrCtl.start of <autopts.ptsprojects.zephyr.iutctl.ZephyrCtl object at 0x7f4bc8061630>> start_wid=None stop_wid=None post_wid=None skip_call=None call_count=0 args=(<autopts.ptsprojects.zephyr.ztestcase.ZTestCase object at 0x7f4bc6206470>,) kwds={}
2025-02-07 19:49:43,603 LT1-thread root DEBUG testcase.py               717   pre_run                   : 3) class=<class 'autopts.ptsprojects.testcase.TestFunc'>, func=<bound method ZephyrCtl.hw_reset of <autopts.ptsprojects.zephyr.iutctl.ZephyrCtl object at 0x7f4bc8061630>> start_wid=None stop_wid=None post_wid=None skip_call=None call_count=0 args=() kwds={}
2025-02-07 19:49:43,603 LT1-thread root DEBUG testcase.py               717   pre_run                   : 4) class=<class 'autopts.ptsprojects.testcase.TestFunc'>, func=<bound method ZephyrCtl.wait_iut_ready_event of <autopts.ptsprojects.zephyr.iutctl.ZephyrCtl object at 0x7f4bc8061630>> start_wid=None stop_wid=None post_wid=None skip_call=None call_count=0 args=(False,) kwds={}
2025-02-07 19:49:43,603 LT1-thread root DEBUG testcase.py               717   pre_run                   : 5) class=<class 'autopts.ptsprojects.testcase.TestFunc'>, func=<function core_reg_svc_gap at 0x7f4bcad7c940> start_wid=None stop_wid=None post_wid=None skip_call=None call_count=54 args=() kwds={}
2025-02-07 19:49:43,603 LT1-thread root DEBUG testcase.py               717   pre_run                   : 6) class=<class 'autopts.ptsprojects.testcase.TestFunc'>, func=<bound method Stack.gap_init of <autopts.ptsprojects.stack.stack.Stack object at 0x7f4bc8033b20>> start_wid=None stop_wid=None post_wid=None skip_call=None call_count=54 args=(b'Tester_1C28DF', 'ABCD', '1111', '1111', '11', '1111', b'\x17github.com/auto-pts', (8, 'PADV_Tester'), 'FF') kwds={}
2025-02-07 19:49:43,604 LT1-thread root DEBUG testcase.py               717   pre_run                   : 7) class=<class 'autopts.ptsprojects.testcase.TestFunc'>, func=<function gap_read_ctrl_info at 0x7f4bcad90940> start_wid=None stop_wid=None post_wid=None skip_call=None call_count=54 args=() kwds={}
2025-02-07 19:49:43,604 LT1-thread root DEBUG testcase.py               717   pre_run                   : 8) class=<class 'autopts.ptsprojects.testcase.TestFunc'>, func=<function test_cases.<locals>.<lambda> at 0x7f4bc6571510> start_wid=None stop_wid=None post_wid=None skip_call=None call_count=54 args=() kwds={}
2025-02-07 19:49:43,604 LT1-thread root DEBUG testcase.py               717   pre_run                   : 9) class=<class 'autopts.ptsprojects.testcase.TestFunc'>, func=<function test_cases.<locals>.<lambda> at 0x7f4bc65715a0> start_wid=None stop_wid=None post_wid=None skip_call=None call_count=54 args=() kwds={}
2025-02-07 19:49:43,604 LT1-thread root DEBUG testcase.py               717   pre_run                   : 10) class=<class 'autopts.ptsprojects.testcase.TestFunc'>, func=<function test_cases.<locals>.<lambda> at 0x7f4bc6571630> start_wid=None stop_wid=None post_wid=None skip_call=None call_count=54 args=() kwds={}
2025-02-07 19:49:43,604 LT1-thread root DEBUG testcase.py               717   pre_run                   : 11) class=<class 'autopts.ptsprojects.testcase.TestFunc'>, func=<function test_cases.<locals>.<lambda> at 0x7f4bc65716c0> start_wid=None stop_wid=None post_wid=None skip_call=None call_count=54 args=() kwds={}
2025-02-07 19:49:43,604 LT1-thread root DEBUG testcase.py               717   pre_run                   : 12) class=<class 'autopts.ptsprojects.testcase.TestFunc'>, func=<function test_cases.<locals>.<lambda> at 0x7f4bc6571750> start_wid=None stop_wid=None post_wid=None skip_call=None call_count=54 args=() kwds={}
2025-02-07 19:49:43,604 LT1-thread root DEBUG testcase.py               717   pre_run                   : 13) class=<class 'autopts.ptsprojects.testcase.TestFunc'>, func=<function test_cases.<locals>.<lambda> at 0x7f4bc65717e0> start_wid=None stop_wid=None post_wid=None skip_call=None call_count=54 args=() kwds={}
2025-02-07 19:49:43,604 LT1-thread root DEBUG testcase.py               717   pre_run                   : 14) class=<class 'autopts.ptsprojects.testcase.TestFunc'>, func=<function test_cases.<locals>.<lambda> at 0x7f4bc6571870> start_wid=None stop_wid=None post_wid=None skip_call=None call_count=54 args=() kwds={}
2025-02-07 19:49:43,604 LT1-thread root DEBUG testcase.py               717   pre_run                   : 15) class=<class 'autopts.ptsprojects.testcase.TestFunc'>, func=<function test_cases.<locals>.<lambda> at 0x7f4bc6571900> start_wid=None stop_wid=None post_wid=None skip_call=None call_count=54 args=() kwds={}
2025-02-07 19:49:43,604 LT1-thread root DEBUG testcase.py               717   pre_run                   : 16) class=<class 'autopts.ptsprojects.testcase.TestFunc'>, func=<function test_cases.<locals>.<lambda> at 0x7f4bc6571990> start_wid=None stop_wid=None post_wid=None skip_call=None call_count=54 args=() kwds={}
2025-02-07 19:49:43,604 LT1-thread root DEBUG testcase.py               717   pre_run                   : 17) class=<class 'autopts.ptsprojects.testcase.TestFunc'>, func=<function test_cases.<locals>.<lambda> at 0x7f4bc6571a20> start_wid=None stop_wid=None post_wid=None skip_call=None call_count=54 args=() kwds={}
2025-02-07 19:49:43,604 LT1-thread root DEBUG testcase.py               717   pre_run                   : 18) class=<class 'autopts.ptsprojects.testcase.TestFunc'>, func=<function test_cases.<locals>.<lambda> at 0x7f4bc6571ab0> start_wid=None stop_wid=None post_wid=None skip_call=None call_count=54 args=() kwds={}
2025-02-07 19:49:43,604 LT1-thread root DEBUG testcase.py               717   pre_run                   : 19) class=<class 'autopts.ptsprojects.testcase.TestFunc'>, func=<function test_cases.<locals>.<lambda> at 0x7f4bc6571b40> start_wid=None stop_wid=None post_wid=None skip_call=None call_count=54 args=() kwds={}
2025-02-07 19:49:43,604 LT1-thread root DEBUG testcase.py               717   pre_run                   : 20) class=<class 'autopts.ptsprojects.testcase.TestFunc'>, func=<function core_reg_svc_gatt at 0x7f4bcad7ca60> start_wid=None stop_wid=None post_wid=None skip_call=None call_count=54 args=() kwds={}
2025-02-07 19:49:43,604 LT1-thread root DEBUG testcase.py               717   pre_run                   : 21) class=<class 'autopts.ptsprojects.testcase.TestFunc'>, func=<bound method Stack.gatt_init of <autopts.ptsprojects.stack.stack.Stack object at 0x7f4bc8033b20>> start_wid=None stop_wid=None post_wid=None skip_call=None call_count=54 args=() kwds={}
2025-02-07 19:49:43,604 LT1-thread root DEBUG testcase.py               717   pre_run                   : 22) class=<class 'autopts.ptsprojects.testcase.TestFunc'>, func=<function gap_set_io_cap at 0x7f4bcad7ff40> start_wid=None stop_wid=None post_wid=None skip_call=None call_count=54 args=(4,) kwds={}
2025-02-07 19:49:43,604 LT1-thread root DEBUG testcase.py               717   pre_run                   : 23) class=<class 'autopts.ptsprojects.testcase.TestFunc'>, func=<function set_pts_addr at 0x7f4bcad7c550> start_wid=None stop_wid=None post_wid=None skip_call=None call_count=54 args=('C0:07:E8:1C:28:DF', 0) kwds={}
2025-02-07 19:49:43,604 LT1-thread root DEBUG testcase.py               717   pre_run                   : 24) class=<class 'autopts.ptsprojects.testcase.TestFunc'>, func=<function gatts_add_svc at 0x7f4bcad92170> start_wid=None stop_wid=None post_wid=None skip_call=None call_count=54 args=(0, 'AA51') kwds={}
2025-02-07 19:49:43,604 LT1-thread root DEBUG testcase.py               717   pre_run                   : 25) class=<class 'autopts.ptsprojects.testcase.TestFunc'>, func=<function gatts_add_char at 0x7f4bcad92290> start_wid=None stop_wid=None post_wid=None skip_call=None call_count=54 args=(0, 2, 17, 'AA52') kwds={}
2025-02-07 19:49:43,604 LT1-thread root DEBUG testcase.py               717   pre_run                   : 26) class=<class 'autopts.ptsprojects.testcase.TestFunc'>, func=<function gatts_set_val at 0x7f4bcad92320> start_wid=None stop_wid=None post_wid=None skip_call=None call_count=54 args=(0, '01') kwds={}
2025-02-07 19:49:43,604 LT1-thread root DEBUG testcase.py               717   pre_run                   : 27) class=<class 'autopts.ptsprojects.testcase.TestFunc'>, func=<function gatts_add_char at 0x7f4bcad92290> start_wid=None stop_wid=None post_wid=None skip_call=None call_count=54 args=(0, 2, 5, 'AA53') kwds={}
2025-02-07 19:49:43,604 LT1-thread root DEBUG testcase.py               717   pre_run                   : 28) class=<class 'autopts.ptsprojects.testcase.TestFunc'>, func=<function gatts_set_val at 0x7f4bcad92320> start_wid=None stop_wid=None post_wid=None skip_call=None call_count=54 args=(0, '02') kwds={}
2025-02-07 19:49:43,604 LT1-thread root DEBUG testcase.py               717   pre_run                   : 29) class=<class 'autopts.ptsprojects.testcase.TestFunc'>, func=<function gatts_add_char at 0x7f4bcad92290> start_wid=None stop_wid=None post_wid=None skip_call=None call_count=54 args=(0, 66, 3, 'AA54') kwds={}
2025-02-07 19:49:43,604 LT1-thread root DEBUG testcase.py               717   pre_run                   : 30) class=<class 'autopts.ptsprojects.testcase.TestFunc'>, func=<function gatts_set_val at 0x7f4bcad92320> start_wid=None stop_wid=None post_wid=None skip_call=None call_count=54 args=(0, '03') kwds={}
2025-02-07 19:49:43,604 LT1-thread root DEBUG testcase.py               717   pre_run                   : 31) class=<class 'autopts.ptsprojects.testcase.TestFunc'>, func=<function gatts_add_char at 0x7f4bcad92290> start_wid=None stop_wid=None post_wid=None skip_call=None call_count=54 args=(0, 10, 48, 'AA55') kwds={}
2025-02-07 19:49:43,604 LT1-thread root DEBUG testcase.py               717   pre_run                   : 32) class=<class 'autopts.ptsprojects.testcase.TestFunc'>, func=<function gatts_set_val at 0x7f4bcad92320> start_wid=None stop_wid=None post_wid=None skip_call=None call_count=54 args=(0, '04') kwds={}
2025-02-07 19:49:43,605 LT1-thread root DEBUG testcase.py               717   pre_run                   : 33) class=<class 'autopts.ptsprojects.testcase.TestFunc'>, func=<function gatts_start_server at 0x7f4bcad92560> start_wid=None stop_wid=None post_wid=None skip_call=None call_count=54 args=() kwds={}
2025-02-07 19:49:43,605 LT1-thread root DEBUG testcase.py               717   pre_run                   : 34) class=<class 'autopts.ptsprojects.testcase.TestFuncCleanUp'>, func=<bound method Stack.cleanup of <autopts.ptsprojects.stack.stack.Stack object at 0x7f4bc8033b20>> start_wid=None stop_wid=None post_wid=None skip_call=None call_count=0 args=() kwds={}
2025-02-07 19:49:43,605 LT1-thread root DEBUG testcase.py               717   pre_run                   : 35) class=<class 'autopts.ptsprojects.testcase.TestFuncCleanUp'>, func=<bound method ZephyrCtl.stop of <autopts.ptsprojects.zephyr.iutctl.ZephyrCtl object at 0x7f4bc8061630>> start_wid=None stop_wid=None post_wid=None skip_call=None call_count=0 args=() kwds={}
2025-02-07 19:49:43,605 LT1-thread root DEBUG testcase.py               724   pre_run                   : pre_run, run pre test case script
2025-02-07 19:49:43,605 LT1-thread root DEBUG testcase.py               253   start                     : Starting test function: class=<class 'autopts.ptsprojects.testcase.TestFunc'>, func=<bound method Stack.core_init of <autopts.ptsprojects.stack.stack.Stack object at 0x7f4bc8033b20>> start_wid=None stop_wid=None post_wid=None skip_call=None call_count=1 args=() kwds={}
2025-02-07 19:49:43,605 LT1-thread root DEBUG testcase.py               265   start                     : Test function parameters: args=(), kwds={}
2025-02-07 19:49:43,605 LT1-thread root DEBUG testcase.py               253   start                     : Starting test function: class=<class 'autopts.ptsprojects.testcase.TestFunc'>, func=<bound method ZephyrCtl.hw_reset of <autopts.ptsprojects.zephyr.iutctl.ZephyrCtl object at 0x7f4bc8061630>> start_wid=None stop_wid=None post_wid=None skip_call=None call_count=1 args=() kwds={}
2025-02-07 19:49:43,605 LT1-thread root DEBUG testcase.py               265   start                     : Test function parameters: args=(), kwds={}
2025-02-07 19:49:43,605 LT1-thread root DEBUG testcase.py               253   start                     : Starting test function: class=<class 'autopts.ptsprojects.testcase.TestFunc'>, func=<bound method ZephyrCtl.start of <autopts.ptsprojects.zephyr.iutctl.ZephyrCtl object at 0x7f4bc8061630>> start_wid=None stop_wid=None post_wid=None skip_call=None call_count=1 args=(<autopts.ptsprojects.zephyr.ztestcase.ZTestCase object at 0x7f4bc6206470>,) kwds={}
2025-02-07 19:49:43,605 LT1-thread root DEBUG testcase.py               265   start                     : Test function parameters: args=(<autopts.ptsprojects.zephyr.ztestcase.ZTestCase object at 0x7f4bc6206470>,), kwds={}
2025-02-07 19:49:43,605 LT1-thread root DEBUG iutctl.py                 104   start                     : <class 'autopts.ptsprojects.zephyr.iutctl.ZephyrCtl'>.start
2025-02-07 19:49:43,605 LT1-thread root DEBUG iutctl.py                 170   flush_serial              : <class 'autopts.ptsprojects.zephyr.iutctl.ZephyrCtl'>.flush_serial
2025-02-07 19:49:44,609 LT1-thread root DEBUG iutctl.py                 133   start                     : Starting socat process: socat -x -v /dev/ttyACM2,rawer,b115200 UNIX-CONNECT:/tmp/bt-stack-tester683989059
2025-02-07 19:49:44,609 LT1-thread root DEBUG iutctl_common.py          387   accept                    : accept
2025-02-07 19:49:44,611 BTPWorkerThread-1278 (_rx_task) root DEBUG iutctl_common.py          292   _rx_task                  : BTPWorkerThread-1278 (_rx_task) started
2025-02-07 19:49:44,611 LT1-thread root DEBUG testcase.py               253   start                     : Starting test function: class=<class 'autopts.ptsprojects.testcase.TestFunc'>, func=<bound method ZephyrCtl.hw_reset of <autopts.ptsprojects.zephyr.iutctl.ZephyrCtl object at 0x7f4bc8061630>> start_wid=None stop_wid=None post_wid=None skip_call=None call_count=1 args=() kwds={}
2025-02-07 19:49:44,611 LT1-thread root DEBUG testcase.py               265   start                     : Test function parameters: args=(), kwds={}
2025-02-07 19:49:44,611 LT1-thread root DEBUG testcase.py               253   start                     : Starting test function: class=<class 'autopts.ptsprojects.testcase.TestFunc'>, func=<bound method ZephyrCtl.wait_iut_ready_event of <autopts.ptsprojects.zephyr.iutctl.ZephyrCtl object at 0x7f4bc8061630>> start_wid=None stop_wid=None post_wid=None skip_call=None call_count=1 args=(False,) kwds={}
2025-02-07 19:49:44,611 LT1-thread root DEBUG testcase.py               265   start                     : Test function parameters: args=(False,), kwds={}
2025-02-07 19:49:44,612 LT1-thread root DEBUG iutctl.py                 232   wait_iut_ready_event      : IUT ready event received OK
2025-02-07 19:49:44,612 LT1-thread root DEBUG rtt.py                    238   start                     : <class 'autopts.rtt.RTTLogger'>.start
2025-02-07 19:49:44,612 LT1-thread root DEBUG rtt.py                    93    start                     : <class 'autopts.rtt.RTT'>.start
2025-02-07 19:49:45,167 LT1-thread root DEBUG testcase.py               253   start                     : Starting test function: class=<class 'autopts.ptsprojects.testcase.TestFunc'>, func=<function core_reg_svc_gap at 0x7f4bcad7c940> start_wid=None stop_wid=None post_wid=None skip_call=None call_count=55 args=() kwds={}
2025-02-07 19:49:45,167 LT1-thread root DEBUG testcase.py               265   start                     : Test function parameters: args=(), kwds={}
2025-02-07 19:49:45,167 LT1-thread root DEBUG btp.py                    463   core_reg_svc_gap          : core_reg_svc_gap
2025-02-07 19:49:45,167 LT1-thread root DEBUG iutctl_common.py          160   send                      : send, 0 3 255 '1'
2025-02-07 19:49:45,167 LT1-thread root DEBUG iutctl_common.py          165   send                      : sending frame '0003ff010001'
2025-02-07 19:49:45,167 LT1-thread root DEBUG btp.py                    719   core_reg_svc_rsp_succ     : core_reg_svc_rsp_succ
2025-02-07 19:49:45,167 LT1-thread root DEBUG iutctl_common.py          324   read                      : read
2025-02-07 19:49:45,178 BTPWorkerThread-1278 (_rx_task) root DEBUG iutctl_common.py          122   read                      : Read 5 bytes
2025-02-07 19:49:45,178 BTPWorkerThread-1278 (_rx_task) root DEBUG iutctl_common.py          130   read                      : Received: hdr: Header(svc_id=0x00, op=0x03, ctrl_index=0xff, data_len=0x00) bytearray(b'\x00\x03\xff\x00\x00')
2025-02-07 19:49:45,178 BTPWorkerThread-1278 (_rx_task) root DEBUG iutctl_common.py          153   read                      : Received data: {''}, bytearray(b'')
2025-02-07 19:49:45,187 LT1-thread root DEBUG btp.py                    730   core_reg_svc_rsp_succ     : received Header(svc_id=0, op=3, ctrl_index=255, data_len=0) (b'',)
2025-02-07 19:49:45,187 LT1-thread root DEBUG btp.py                    731   core_reg_svc_rsp_succ     : expected ((0, 3, 255, 0), (b'',))
2025-02-07 19:49:45,187 LT1-thread root DEBUG btp.py                    736   core_reg_svc_rsp_succ     : response is valid
2025-02-07 19:49:45,187 LT1-thread root DEBUG testcase.py               253   start                     : Starting test function: class=<class 'autopts.ptsprojects.testcase.TestFunc'>, func=<bound method Stack.gap_init of <autopts.ptsprojects.stack.stack.Stack object at 0x7f4bc8033b20>> start_wid=None stop_wid=None post_wid=None skip_call=None call_count=55 args=(b'Tester_1C28DF', 'ABCD', '1111', '1111', '11', '1111', b'\x17github.com/auto-pts', (8, 'PADV_Tester'), 'FF') kwds={}
2025-02-07 19:49:45,187 LT1-thread root DEBUG testcase.py               265   start                     : Test function parameters: args=(b'Tester_1C28DF', 'ABCD', '1111', '1111', '11', '1111', b'\x17github.com/auto-pts', (8, 'PADV_Tester'), 'FF'), kwds={}
2025-02-07 19:49:45,187 LT1-thread root DEBUG testcase.py               253   start                     : Starting test function: class=<class 'autopts.ptsprojects.testcase.TestFunc'>, func=<function gap_read_ctrl_info at 0x7f4bcad90940> start_wid=None stop_wid=None post_wid=None skip_call=None call_count=55 args=() kwds={}
2025-02-07 19:49:45,188 LT1-thread root DEBUG testcase.py               265   start                     : Test function parameters: args=(), kwds={}
2025-02-07 19:49:45,188 LT1-thread root DEBUG gap.py                    937   gap_read_ctrl_info        : gap_read_ctrl_info
2025-02-07 19:49:45,188 LT1-thread root DEBUG iutctl_common.py          160   send                      : send, 1 3 0 ''
2025-02-07 19:49:45,188 LT1-thread root DEBUG iutctl_common.py          165   send                      : sending frame '0103000000'
2025-02-07 19:49:45,188 LT1-thread root DEBUG iutctl_common.py          324   read                      : read
2025-02-07 19:49:45,609 BTPWorkerThread-1278 (_rx_task) root DEBUG iutctl_common.py          122   read                      : Read 5 bytes
2025-02-07 19:49:45,609 BTPWorkerThread-1278 (_rx_task) root DEBUG iutctl_common.py          130   read                      : Received: hdr: Header(svc_id=0x01, op=0x03, ctrl_index=0x00, data_len=0x115) bytearray(b'\x01\x03\x00\x15\x01')
2025-02-07 19:49:45,609 BTPWorkerThread-1278 (_rx_task) root DEBUG iutctl_common.py          138   read                      : Read 10 bytes data
2025-02-07 19:49:45,609 BTPWorkerThread-1278 (_rx_task) root DEBUG iutctl_common.py          138   read                      : Read 15 bytes data
2025-02-07 19:49:45,630 BTPWorkerThread-1278 (_rx_task) root DEBUG iutctl_common.py          138   read                      : Read 176 bytes data
2025-02-07 19:49:45,712 BTPWorkerThread-1278 (_rx_task) root DEBUG iutctl_common.py          138   read                      : Read 76 bytes data
2025-02-07 19:49:45,738 BTPWorkerThread-1278 (_rx_task) root DEBUG iutctl_common.py          153   read                      : Received data: {'70 1f c4 76 e7 dc 13 06 02 00 13 82 00 00 00 00 00 62 74 70 5f 74 65 73 74 65 72 00 00 00 00 00 00 00 00 00 00 00 00 00 00 00 00 00 00 00 00 00 00 00 00 00 00 00 00 00 00 00 00 00 00 00 00 00 00 00 00 00 00 00 00 00 00 00 00 00 00 00 00 00 00 00 00 00 00 00 00 00 00 00 00 00 00 00 00 00 00 00 00 00 00 00 00 00 00 00 00 00 00 00 00 00 00 00 00 00 00 00 00 00 00 00 00 00 00 00 00 00 00 00 00 00 00 00 00 00 00 00 00 00 00 00 00 00 00 00 00 00 00 00 00 00 00 00 00 00 00 00 00 00 00 00 00 00 00 00 00 00 00 00 00 00 00 00 00 00 00 00 00 00 00 00 00 00 00 00 00 00 00 00 00 00 00 00 00 00 00 00 00 00 00 00 00 00 00 00 00 00 00 00 00 00 00 00 00 00 00 00 00 00 00 00 00 00 00 00 00 00 00 00 00 00 00 00 00 00 00 00 00 00 00 00 00 00 00 00 00 00 00 00 00 00 00 00 00 00 00 00 00 00 00 00 00 00 00 00 00 00 00 00 00 00 00 00 00 00 00'}, bytearray(b'p\x1f\xc4v\xe7\xdc\x13\x06\x02\x00\x13\x82\x00\x00\x00\x00\x00btp_tester\x00\x00\x00\x00\x00\x00\x00\x00\x00\x00\x00\x00\x00\x00\x00\x00\x00\x00\x00\x00\x00\x00\x00\x00\x00\x00\x00\x00\x00\x00\x00\x00\x00\x00\x00\x00\x00\x00\x00\x00\x00\x00\x00\x00\x00\x00\x00\x00\x00\x00\x00\x00\x00\x00\x00\x00\x00\x00\x00\x00\x00\x00\x00\x00\x00\x00\x00\x00\x00\x00\x00\x00\x00\x00\x00\x00\x00\x00\x00\x00\x00\x00\x00\x00\x00\x00\x00\x00\x00\x00\x00\x00\x00\x00\x00\x00\x00\x00\x00\x00\x00\x00\x00\x00\x00\x00\x00\x00\x00\x00\x00\x00\x00\x00\x00\x00\x00\x00\x00\x00\x00\x00\x00\x00\x00\x00\x00\x00\x00\x00\x00\x00\x00\x00\x00\x00\x00\x00\x00\x00\x00\x00\x00\x00\x00\x00\x00\x00\x00\x00\x00\x00\x00\x00\x00\x00\x00\x00\x00\x00\x00\x00\x00\x00\x00\x00\x00\x00\x00\x00\x00\x00\x00\x00\x00\x00\x00\x00\x00\x00\x00\x00\x00\x00\x00\x00\x00\x00\x00\x00\x00\x00\x00\x00\x00\x00\x00\x00\x00\x00\x00\x00\x00\x00\x00\x00\x00\x00\x00\x00\x00\x00\x00\x00\x00\x00\x00\x00\x00\x00\x00\x00\x00\x00\x00\x00\x00\x00\x00\x00\x00\x00\x00\x00\x00\x00\x00\x00\x00\x00\x00\x00\x00\x00\x00\x00\x00\x00\x00\x00')
2025-02-07 19:49:45,747 LT1-thread root DEBUG gap.py                    944   gap_read_ctrl_info        : received Header(svc_id=1, op=3, ctrl_index=0, data_len=277) (b'p\x1f\xc4v\xe7\xdc\x13\x06\x02\x00\x13\x82\x00\x00\x00\x00\x00btp_tester\x00\x00\x00\x00\x00\x00\x00\x00\x00\x00\x00\x00\x00\x00\x00\x00\x00\x00\x00\x00\x00\x00\x00\x00\x00\x00\x00\x00\x00\x00\x00\x00\x00\x00\x00\x00\x00\x00\x00\x00\x00\x00\x00\x00\x00\x00\x00\x00\x00\x00\x00\x00\x00\x00\x00\x00\x00\x00\x00\x00\x00\x00\x00\x00\x00\x00\x00\x00\x00\x00\x00\x00\x00\x00\x00\x00\x00\x00\x00\x00\x00\x00\x00\x00\x00\x00\x00\x00\x00\x00\x00\x00\x00\x00\x00\x00\x00\x00\x00\x00\x00\x00\x00\x00\x00\x00\x00\x00\x00\x00\x00\x00\x00\x00\x00\x00\x00\x00\x00\x00\x00\x00\x00\x00\x00\x00\x00\x00\x00\x00\x00\x00\x00\x00\x00\x00\x00\x00\x00\x00\x00\x00\x00\x00\x00\x00\x00\x00\x00\x00\x00\x00\x00\x00\x00\x00\x00\x00\x00\x00\x00\x00\x00\x00\x00\x00\x00\x00\x00\x00\x00\x00\x00\x00\x00\x00\x00\x00\x00\x00\x00\x00\x00\x00\x00\x00\x00\x00\x00\x00\x00\x00\x00\x00\x00\x00\x00\x00\x00\x00\x00\x00\x00\x00\x00\x00\x00\x00\x00\x00\x00\x00\x00\x00\x00\x00\x00\x00\x00\x00\x00\x00\x00\x00\x00\x00\x00\x00\x00\x00\x00\x00\x00\x00\x00\x00\x00\x00\x00\x00\x00\x00\x00\x00\x00\x00\x00\x00\x00\x00',)
2025-02-07 19:49:45,748 LT1-thread root DEBUG gap.py                    965   gap_read_ctrl_info        : IUT address 'dce776c41f70' 'random'
2025-02-07 19:49:45,748 LT1-thread root DEBUG gap.py                    400   __gap_current_settings_update : __gap_current_settings_update 33299
2025-02-07 19:49:45,748 LT1-thread root DEBUG testcase.py               253   start                     : Starting test function: class=<class 'autopts.ptsprojects.testcase.TestFunc'>, func=<function test_cases.<locals>.<lambda> at 0x7f4bc6571510> start_wid=None stop_wid=None post_wid=None skip_call=None call_count=55 args=() kwds={}
2025-02-07 19:49:45,748 LT1-thread root DEBUG testcase.py               265   start                     : Test function parameters: args=(), kwds={}
2025-02-07 19:49:56,011 LT1-thread root DEBUG testcase.py               253   start                     : Starting test function: class=<class 'autopts.ptsprojects.testcase.TestFunc'>, func=<function test_cases.<locals>.<lambda> at 0x7f4bc65715a0> start_wid=None stop_wid=None post_wid=None skip_call=None call_count=55 args=() kwds={}
2025-02-07 19:49:56,011 LT1-thread root DEBUG testcase.py               265   start                     : Test function parameters: args=(), kwds={}
2025-02-07 19:49:56,027 LT1-thread root DEBUG testcase.py               253   start                     : Starting test function: class=<class 'autopts.ptsprojects.testcase.TestFunc'>, func=<function test_cases.<locals>.<lambda> at 0x7f4bc6571630> start_wid=None stop_wid=None post_wid=None skip_call=None call_count=55 args=() kwds={}
2025-02-07 19:49:56,027 LT1-thread root DEBUG testcase.py               265   start                     : Test function parameters: args=(), kwds={}
2025-02-07 19:49:56,044 LT1-thread root DEBUG testcase.py               253   start                     : Starting test function: class=<class 'autopts.ptsprojects.testcase.TestFunc'>, func=<function test_cases.<locals>.<lambda> at 0x7f4bc65716c0> start_wid=None stop_wid=None post_wid=None skip_call=None call_count=55 args=() kwds={}
2025-02-07 19:49:56,044 LT1-thread root DEBUG testcase.py               265   start                     : Test function parameters: args=(), kwds={}
2025-02-07 19:49:56,057 LT1-thread root DEBUG testcase.py               253   start                     : Starting test function: class=<class 'autopts.ptsprojects.testcase.TestFunc'>, func=<function test_cases.<locals>.<lambda> at 0x7f4bc6571750> start_wid=None stop_wid=None post_wid=None skip_call=None call_count=55 args=() kwds={}
2025-02-07 19:49:56,057 LT1-thread root DEBUG testcase.py               265   start                     : Test function parameters: args=(), kwds={}
2025-02-07 19:49:56,069 LT1-thread root DEBUG testcase.py               253   start                     : Starting test function: class=<class 'autopts.ptsprojects.testcase.TestFunc'>, func=<function test_cases.<locals>.<lambda> at 0x7f4bc65717e0> start_wid=None stop_wid=None post_wid=None skip_call=None call_count=55 args=() kwds={}
2025-02-07 19:49:56,069 LT1-thread root DEBUG testcase.py               265   start                     : Test function parameters: args=(), kwds={}
2025-02-07 19:49:56,082 LT1-thread root DEBUG testcase.py               253   start                     : Starting test function: class=<class 'autopts.ptsprojects.testcase.TestFunc'>, func=<function test_cases.<locals>.<lambda> at 0x7f4bc6571870> start_wid=None stop_wid=None post_wid=None skip_call=None call_count=55 args=() kwds={}
2025-02-07 19:49:56,082 LT1-thread root DEBUG testcase.py               265   start                     : Test function parameters: args=(), kwds={}
2025-02-07 19:49:56,094 LT1-thread root DEBUG testcase.py               253   start                     : Starting test function: class=<class 'autopts.ptsprojects.testcase.TestFunc'>, func=<function test_cases.<locals>.<lambda> at 0x7f4bc6571900> start_wid=None stop_wid=None post_wid=None skip_call=None call_count=55 args=() kwds={}
2025-02-07 19:49:56,094 LT1-thread root DEBUG testcase.py               265   start                     : Test function parameters: args=(), kwds={}
2025-02-07 19:49:56,106 LT1-thread root DEBUG testcase.py               253   start                     : Starting test function: class=<class 'autopts.ptsprojects.testcase.TestFunc'>, func=<function test_cases.<locals>.<lambda> at 0x7f4bc6571990> start_wid=None stop_wid=None post_wid=None skip_call=None call_count=55 args=() kwds={}
2025-02-07 19:49:56,106 LT1-thread root DEBUG testcase.py               265   start                     : Test function parameters: args=(), kwds={}
2025-02-07 19:49:56,119 LT1-thread root DEBUG testcase.py               253   start                     : Starting test function: class=<class 'autopts.ptsprojects.testcase.TestFunc'>, func=<function test_cases.<locals>.<lambda> at 0x7f4bc6571a20> start_wid=None stop_wid=None post_wid=None skip_call=None call_count=55 args=() kwds={}
2025-02-07 19:49:56,119 LT1-thread root DEBUG testcase.py               265   start                     : Test function parameters: args=(), kwds={}
2025-02-07 19:49:56,131 LT1-thread root DEBUG testcase.py               253   start                     : Starting test function: class=<class 'autopts.ptsprojects.testcase.TestFunc'>, func=<function test_cases.<locals>.<lambda> at 0x7f4bc6571ab0> start_wid=None stop_wid=None post_wid=None skip_call=None call_count=55 args=() kwds={}
2025-02-07 19:49:56,131 LT1-thread root DEBUG testcase.py               265   start                     : Test function parameters: args=(), kwds={}
2025-02-07 19:49:56,143 LT1-thread root DEBUG testcase.py               253   start                     : Starting test function: class=<class 'autopts.ptsprojects.testcase.TestFunc'>, func=<function test_cases.<locals>.<lambda> at 0x7f4bc6571b40> start_wid=None stop_wid=None post_wid=None skip_call=None call_count=55 args=() kwds={}
2025-02-07 19:49:56,143 LT1-thread root DEBUG testcase.py               265   start                     : Test function parameters: args=(), kwds={}
2025-02-07 19:49:56,156 LT1-thread root DEBUG testcase.py               253   start                     : Starting test function: class=<class 'autopts.ptsprojects.testcase.TestFunc'>, func=<function core_reg_svc_gatt at 0x7f4bcad7ca60> start_wid=None stop_wid=None post_wid=None skip_call=None call_count=55 args=() kwds={}
2025-02-07 19:49:56,156 LT1-thread root DEBUG testcase.py               265   start                     : Test function parameters: args=(), kwds={}
2025-02-07 19:49:56,156 LT1-thread root DEBUG btp.py                    481   core_reg_svc_gatt         : core_reg_svc_gatt
2025-02-07 19:49:56,156 LT1-thread root DEBUG iutctl_common.py          160   send                      : send, 0 3 255 '2'
2025-02-07 19:49:56,156 LT1-thread root DEBUG iutctl_common.py          165   send                      : sending frame '0003ff010002'
2025-02-07 19:49:56,156 LT1-thread root DEBUG btp.py                    719   core_reg_svc_rsp_succ     : core_reg_svc_rsp_succ
2025-02-07 19:49:56,156 LT1-thread root DEBUG iutctl_common.py          324   read                      : read
2025-02-07 19:49:56,168 BTPWorkerThread-1278 (_rx_task) root DEBUG iutctl_common.py          122   read                      : Read 5 bytes
2025-02-07 19:49:56,168 BTPWorkerThread-1278 (_rx_task) root DEBUG iutctl_common.py          130   read                      : Received: hdr: Header(svc_id=0x00, op=0x03, ctrl_index=0xff, data_len=0x00) bytearray(b'\x00\x03\xff\x00\x00')
2025-02-07 19:49:56,173 BTPWorkerThread-1278 (_rx_task) root DEBUG iutctl_common.py          153   read                      : Received data: {''}, bytearray(b'')
2025-02-07 19:49:56,173 LT1-thread root DEBUG btp.py                    730   core_reg_svc_rsp_succ     : received Header(svc_id=0, op=3, ctrl_index=255, data_len=0) (b'',)
2025-02-07 19:49:56,174 LT1-thread root DEBUG btp.py                    731   core_reg_svc_rsp_succ     : expected ((0, 3, 255, 0), (b'',))
2025-02-07 19:49:56,174 LT1-thread root DEBUG btp.py                    736   core_reg_svc_rsp_succ     : response is valid
2025-02-07 19:49:56,174 LT1-thread root DEBUG testcase.py               253   start                     : Starting test function: class=<class 'autopts.ptsprojects.testcase.TestFunc'>, func=<bound method Stack.gatt_init of <autopts.ptsprojects.stack.stack.Stack object at 0x7f4bc8033b20>> start_wid=None stop_wid=None post_wid=None skip_call=None call_count=55 args=() kwds={}
2025-02-07 19:49:56,174 LT1-thread root DEBUG testcase.py               265   start                     : Test function parameters: args=(), kwds={}
2025-02-07 19:49:56,174 LT1-thread root DEBUG testcase.py               253   start                     : Starting test function: class=<class 'autopts.ptsprojects.testcase.TestFunc'>, func=<function gap_set_io_cap at 0x7f4bcad7ff40> start_wid=None stop_wid=None post_wid=None skip_call=None call_count=55 args=(4,) kwds={}
2025-02-07 19:49:56,174 LT1-thread root DEBUG testcase.py               265   start                     : Test function parameters: args=(4,), kwds={}
2025-02-07 19:49:56,174 LT1-thread root DEBUG gap.py                    659   gap_set_io_cap            : gap_set_io_cap 4
2025-02-07 19:49:56,174 LT1-thread root DEBUG iutctl_common.py          160   send                      : send, 1 16 0 '\x04'
2025-02-07 19:49:56,174 LT1-thread root DEBUG iutctl_common.py          165   send                      : sending frame '011000010004'
2025-02-07 19:49:56,174 LT1-thread root DEBUG gap.py                    972   gap_command_rsp_succ      : gap_command_rsp_succ
2025-02-07 19:49:56,174 LT1-thread root DEBUG iutctl_common.py          324   read                      : read
2025-02-07 19:49:56,211 BTPWorkerThread-1278 (_rx_task) root DEBUG iutctl_common.py          122   read                      : Read 5 bytes
2025-02-07 19:49:56,221 BTPWorkerThread-1278 (_rx_task) root DEBUG iutctl_common.py          130   read                      : Received: hdr: Header(svc_id=0x01, op=0x10, ctrl_index=0x00, data_len=0x00) bytearray(b'\x01\x10\x00\x00\x00')
2025-02-07 19:49:56,227 BTPWorkerThread-1278 (_rx_task) root DEBUG iutctl_common.py          153   read                      : Received data: {''}, bytearray(b'')
2025-02-07 19:49:56,232 LT1-thread root DEBUG gap.py                    977   gap_command_rsp_succ      : received Header(svc_id=1, op=16, ctrl_index=0, data_len=0) (b'',)
2025-02-07 19:49:56,232 LT1-thread root DEBUG testcase.py               253   start                     : Starting test function: class=<class 'autopts.ptsprojects.testcase.TestFunc'>, func=<function set_pts_addr at 0x7f4bcad7c550> start_wid=None stop_wid=None post_wid=None skip_call=None call_count=55 args=('C0:07:E8:1C:28:DF', 0) kwds={}
2025-02-07 19:49:56,233 LT1-thread root DEBUG testcase.py               265   start                     : Test function parameters: args=('C0:07:E8:1C:28:DF', 0), kwds={}
2025-02-07 19:49:56,233 LT1-thread root DEBUG testcase.py               253   start                     : Starting test function: class=<class 'autopts.ptsprojects.testcase.TestFunc'>, func=<function gatts_add_svc at 0x7f4bcad92170> start_wid=None stop_wid=None post_wid=None skip_call=None call_count=55 args=(0, 'AA51') kwds={}
2025-02-07 19:49:56,233 LT1-thread root DEBUG testcase.py               265   start                     : Test function parameters: args=(0, 'AA51'), kwds={}
2025-02-07 19:49:56,233 LT1-thread root DEBUG gatt.py                   124   gatts_add_svc             : gatts_add_svc 0 'AA51'
2025-02-07 19:49:56,233 LT1-thread root DEBUG iutctl_common.py          160   send                      : send, 2 2 0 "bytearray(b'\\x00\\x02\\xaaQ')"
2025-02-07 19:49:56,233 LT1-thread root DEBUG iutctl_common.py          165   send                      : sending frame '02020004000002aa51'
2025-02-07 19:49:56,233 LT1-thread root DEBUG gatt.py                   1141  gatt_command_rsp_succ     : gatt_command_rsp_succ
2025-02-07 19:49:56,233 LT1-thread root DEBUG iutctl_common.py          324   read                      : read
2025-02-07 19:49:56,254 BTPWorkerThread-1278 (_rx_task) root DEBUG iutctl_common.py          122   read                      : Read 5 bytes
2025-02-07 19:49:56,254 BTPWorkerThread-1278 (_rx_task) root DEBUG iutctl_common.py          130   read                      : Received: hdr: Header(svc_id=0x02, op=0x02, ctrl_index=0x00, data_len=0x02) bytearray(b'\x02\x02\x00\x02\x00')
2025-02-07 19:49:56,255 BTPWorkerThread-1278 (_rx_task) root DEBUG iutctl_common.py          138   read                      : Read 2 bytes data
2025-02-07 19:49:56,255 BTPWorkerThread-1278 (_rx_task) root DEBUG iutctl_common.py          153   read                      : Received data: {'00 00'}, bytearray(b'\x00\x00')
2025-02-07 19:49:56,255 LT1-thread root DEBUG gatt.py                   1146  gatt_command_rsp_succ     : received Header(svc_id=2, op=2, ctrl_index=0, data_len=2) (b'\x00\x00',)
2025-02-07 19:49:56,255 LT1-thread root DEBUG testcase.py               253   start                     : Starting test function: class=<class 'autopts.ptsprojects.testcase.TestFunc'>, func=<function gatts_add_char at 0x7f4bcad92290> start_wid=None stop_wid=None post_wid=None skip_call=None call_count=55 args=(0, 2, 17, 'AA52') kwds={}
2025-02-07 19:49:56,255 LT1-thread root DEBUG testcase.py               265   start                     : Test function parameters: args=(0, 2, 17, 'AA52'), kwds={}
2025-02-07 19:49:56,255 LT1-thread root DEBUG gatt.py                   158   gatts_add_char            : gatts_add_char 0 2 17 'AA52'
2025-02-07 19:49:56,255 LT1-thread root DEBUG iutctl_common.py          160   send                      : send, 2 3 0 "bytearray(b'\\x00\\x00\\x02\\x11\\x02\\xaaR')"
2025-02-07 19:49:56,255 LT1-thread root DEBUG iutctl_common.py          165   send                      : sending frame '02030007000000021102aa52'
2025-02-07 19:49:56,256 LT1-thread root DEBUG gatt.py                   1141  gatt_command_rsp_succ     : gatt_command_rsp_succ
2025-02-07 19:49:56,256 LT1-thread root DEBUG iutctl_common.py          324   read                      : read
2025-02-07 19:49:56,271 BTPWorkerThread-1278 (_rx_task) root DEBUG iutctl_common.py          122   read                      : Read 5 bytes
2025-02-07 19:49:56,276 BTPWorkerThread-1278 (_rx_task) root DEBUG iutctl_common.py          130   read                      : Received: hdr: Header(svc_id=0x02, op=0x03, ctrl_index=0x00, data_len=0x02) bytearray(b'\x02\x03\x00\x02\x00')
2025-02-07 19:49:56,297 BTPWorkerThread-1278 (_rx_task) root DEBUG iutctl_common.py          138   read                      : Read 2 bytes data
2025-02-07 19:49:56,303 BTPWorkerThread-1278 (_rx_task) root DEBUG iutctl_common.py          153   read                      : Received data: {'00 00'}, bytearray(b'\x00\x00')
2025-02-07 19:49:56,308 LT1-thread root DEBUG gatt.py                   1146  gatt_command_rsp_succ     : received Header(svc_id=2, op=3, ctrl_index=0, data_len=2) (b'\x00\x00',)
2025-02-07 19:49:56,308 LT1-thread root DEBUG testcase.py               253   start                     : Starting test function: class=<class 'autopts.ptsprojects.testcase.TestFunc'>, func=<function gatts_set_val at 0x7f4bcad92320> start_wid=None stop_wid=None post_wid=None skip_call=None call_count=55 args=(0, '01') kwds={}
2025-02-07 19:49:56,308 LT1-thread root DEBUG testcase.py               265   start                     : Test function parameters: args=(0, '01'), kwds={}
2025-02-07 19:49:56,309 LT1-thread root DEBUG gatt.py                   190   gatts_set_val             : gatts_set_val 0 '01' 
2025-02-07 19:49:56,309 LT1-thread root DEBUG iutctl_common.py          160   send                      : send, 2 6 0 "bytearray(b'\\x00\\x00\\x01\\x00\\x01')"
2025-02-07 19:49:56,309 LT1-thread root DEBUG iutctl_common.py          165   send                      : sending frame '02060005000000010001'
2025-02-07 19:49:56,309 LT1-thread root DEBUG gatt.py                   1141  gatt_command_rsp_succ     : gatt_command_rsp_succ
2025-02-07 19:49:56,309 LT1-thread root DEBUG iutctl_common.py          324   read                      : read
2025-02-07 19:49:56,335 BTPWorkerThread-1278 (_rx_task) root DEBUG iutctl_common.py          122   read                      : Read 5 bytes
2025-02-07 19:49:56,341 BTPWorkerThread-1278 (_rx_task) root DEBUG iutctl_common.py          130   read                      : Received: hdr: Header(svc_id=0x02, op=0x06, ctrl_index=0x00, data_len=0x00) bytearray(b'\x02\x06\x00\x00\x00')
2025-02-07 19:49:56,346 BTPWorkerThread-1278 (_rx_task) root DEBUG iutctl_common.py          153   read                      : Received data: {''}, bytearray(b'')
2025-02-07 19:49:56,356 LT1-thread root DEBUG gatt.py                   1146  gatt_command_rsp_succ     : received Header(svc_id=2, op=6, ctrl_index=0, data_len=0) (b'',)
2025-02-07 19:49:56,357 LT1-thread root DEBUG testcase.py               253   start                     : Starting test function: class=<class 'autopts.ptsprojects.testcase.TestFunc'>, func=<function gatts_add_char at 0x7f4bcad92290> start_wid=None stop_wid=None post_wid=None skip_call=None call_count=55 args=(0, 2, 5, 'AA53') kwds={}
2025-02-07 19:49:56,357 LT1-thread root DEBUG testcase.py               265   start                     : Test function parameters: args=(0, 2, 5, 'AA53'), kwds={}
2025-02-07 19:49:56,357 LT1-thread root DEBUG gatt.py                   158   gatts_add_char            : gatts_add_char 0 2 5 'AA53'
2025-02-07 19:49:56,357 LT1-thread root DEBUG iutctl_common.py          160   send                      : send, 2 3 0 "bytearray(b'\\x00\\x00\\x02\\x05\\x02\\xaaS')"
2025-02-07 19:49:56,357 LT1-thread root DEBUG iutctl_common.py          165   send                      : sending frame '02030007000000020502aa53'
2025-02-07 19:49:56,357 LT1-thread root DEBUG gatt.py                   1141  gatt_command_rsp_succ     : gatt_command_rsp_succ
2025-02-07 19:49:56,357 LT1-thread root DEBUG iutctl_common.py          324   read                      : read
2025-02-07 19:49:56,424 BTPWorkerThread-1278 (_rx_task) root DEBUG iutctl_common.py          122   read                      : Read 5 bytes
2025-02-07 19:49:56,430 BTPWorkerThread-1278 (_rx_task) root DEBUG iutctl_common.py          130   read                      : Received: hdr: Header(svc_id=0x02, op=0x03, ctrl_index=0x00, data_len=0x02) bytearray(b'\x02\x03\x00\x02\x00')
2025-02-07 19:49:56,435 BTPWorkerThread-1278 (_rx_task) root DEBUG iutctl_common.py          138   read                      : Read 2 bytes data
2025-02-07 19:49:56,451 BTPWorkerThread-1278 (_rx_task) root DEBUG iutctl_common.py          153   read                      : Received data: {'00 00'}, bytearray(b'\x00\x00')
2025-02-07 19:49:56,461 LT1-thread root DEBUG gatt.py                   1146  gatt_command_rsp_succ     : received Header(svc_id=2, op=3, ctrl_index=0, data_len=2) (b'\x00\x00',)
2025-02-07 19:49:56,461 LT1-thread root DEBUG testcase.py               253   start                     : Starting test function: class=<class 'autopts.ptsprojects.testcase.TestFunc'>, func=<function gatts_set_val at 0x7f4bcad92320> start_wid=None stop_wid=None post_wid=None skip_call=None call_count=55 args=(0, '02') kwds={}
2025-02-07 19:49:56,461 LT1-thread root DEBUG testcase.py               265   start                     : Test function parameters: args=(0, '02'), kwds={}
2025-02-07 19:49:56,461 LT1-thread root DEBUG gatt.py                   190   gatts_set_val             : gatts_set_val 0 '02' 
2025-02-07 19:49:56,462 LT1-thread root DEBUG iutctl_common.py          160   send                      : send, 2 6 0 "bytearray(b'\\x00\\x00\\x01\\x00\\x02')"
2025-02-07 19:49:56,462 LT1-thread root DEBUG iutctl_common.py          165   send                      : sending frame '02060005000000010002'
2025-02-07 19:49:56,462 LT1-thread root DEBUG gatt.py                   1141  gatt_command_rsp_succ     : gatt_command_rsp_succ
2025-02-07 19:49:56,462 LT1-thread root DEBUG iutctl_common.py          324   read                      : read
2025-02-07 19:49:56,493 BTPWorkerThread-1278 (_rx_task) root DEBUG iutctl_common.py          122   read                      : Read 5 bytes
2025-02-07 19:49:56,498 BTPWorkerThread-1278 (_rx_task) root DEBUG iutctl_common.py          130   read                      : Received: hdr: Header(svc_id=0x02, op=0x06, ctrl_index=0x00, data_len=0x00) bytearray(b'\x02\x06\x00\x00\x00')
2025-02-07 19:49:56,514 BTPWorkerThread-1278 (_rx_task) root DEBUG iutctl_common.py          153   read                      : Received data: {''}, bytearray(b'')
2025-02-07 19:49:56,529 LT1-thread root DEBUG gatt.py                   1146  gatt_command_rsp_succ     : received Header(svc_id=2, op=6, ctrl_index=0, data_len=0) (b'',)
2025-02-07 19:49:56,530 LT1-thread root DEBUG testcase.py               253   start                     : Starting test function: class=<class 'autopts.ptsprojects.testcase.TestFunc'>, func=<function gatts_add_char at 0x7f4bcad92290> start_wid=None stop_wid=None post_wid=None skip_call=None call_count=55 args=(0, 66, 3, 'AA54') kwds={}
2025-02-07 19:49:56,530 LT1-thread root DEBUG testcase.py               265   start                     : Test function parameters: args=(0, 66, 3, 'AA54'), kwds={}
2025-02-07 19:49:56,530 LT1-thread root DEBUG gatt.py                   158   gatts_add_char            : gatts_add_char 0 66 3 'AA54'
2025-02-07 19:49:56,530 LT1-thread root DEBUG iutctl_common.py          160   send                      : send, 2 3 0 "bytearray(b'\\x00\\x00B\\x03\\x02\\xaaT')"
2025-02-07 19:49:56,530 LT1-thread root DEBUG iutctl_common.py          165   send                      : sending frame '02030007000000420302aa54'
2025-02-07 19:49:56,530 LT1-thread root DEBUG gatt.py                   1141  gatt_command_rsp_succ     : gatt_command_rsp_succ
2025-02-07 19:49:56,530 LT1-thread root DEBUG iutctl_common.py          324   read                      : read
2025-02-07 19:49:56,535 BTPWorkerThread-1278 (_rx_task) root DEBUG iutctl_common.py          122   read                      : Read 5 bytes
2025-02-07 19:49:56,541 BTPWorkerThread-1278 (_rx_task) root DEBUG iutctl_common.py          130   read                      : Received: hdr: Header(svc_id=0x02, op=0x03, ctrl_index=0x00, data_len=0x02) bytearray(b'\x02\x03\x00\x02\x00')
2025-02-07 19:49:56,541 BTPWorkerThread-1278 (_rx_task) root DEBUG iutctl_common.py          138   read                      : Read 2 bytes data
2025-02-07 19:49:56,541 BTPWorkerThread-1278 (_rx_task) root DEBUG iutctl_common.py          153   read                      : Received data: {'00 00'}, bytearray(b'\x00\x00')
2025-02-07 19:49:56,541 LT1-thread root DEBUG gatt.py                   1146  gatt_command_rsp_succ     : received Header(svc_id=2, op=3, ctrl_index=0, data_len=2) (b'\x00\x00',)
2025-02-07 19:49:56,541 LT1-thread root DEBUG testcase.py               253   start                     : Starting test function: class=<class 'autopts.ptsprojects.testcase.TestFunc'>, func=<function gatts_set_val at 0x7f4bcad92320> start_wid=None stop_wid=None post_wid=None skip_call=None call_count=55 args=(0, '03') kwds={}
2025-02-07 19:49:56,541 LT1-thread root DEBUG testcase.py               265   start                     : Test function parameters: args=(0, '03'), kwds={}
2025-02-07 19:49:56,541 LT1-thread root DEBUG gatt.py                   190   gatts_set_val             : gatts_set_val 0 '03' 
2025-02-07 19:49:56,541 LT1-thread root DEBUG iutctl_common.py          160   send                      : send, 2 6 0 "bytearray(b'\\x00\\x00\\x01\\x00\\x03')"
2025-02-07 19:49:56,541 LT1-thread root DEBUG iutctl_common.py          165   send                      : sending frame '02060005000000010003'
2025-02-07 19:49:56,542 LT1-thread root DEBUG gatt.py                   1141  gatt_command_rsp_succ     : gatt_command_rsp_succ
2025-02-07 19:49:56,542 LT1-thread root DEBUG iutctl_common.py          324   read                      : read
2025-02-07 19:49:56,564 BTPWorkerThread-1278 (_rx_task) root DEBUG iutctl_common.py          122   read                      : Read 5 bytes
2025-02-07 19:49:56,570 BTPWorkerThread-1278 (_rx_task) root DEBUG iutctl_common.py          130   read                      : Received: hdr: Header(svc_id=0x02, op=0x06, ctrl_index=0x00, data_len=0x00) bytearray(b'\x02\x06\x00\x00\x00')
2025-02-07 19:49:56,575 BTPWorkerThread-1278 (_rx_task) root DEBUG iutctl_common.py          153   read                      : Received data: {''}, bytearray(b'')
2025-02-07 19:49:56,575 LT1-thread root DEBUG gatt.py                   1146  gatt_command_rsp_succ     : received Header(svc_id=2, op=6, ctrl_index=0, data_len=0) (b'',)
2025-02-07 19:49:56,575 LT1-thread root DEBUG testcase.py               253   start                     : Starting test function: class=<class 'autopts.ptsprojects.testcase.TestFunc'>, func=<function gatts_add_char at 0x7f4bcad92290> start_wid=None stop_wid=None post_wid=None skip_call=None call_count=55 args=(0, 10, 48, 'AA55') kwds={}
2025-02-07 19:49:56,575 LT1-thread root DEBUG testcase.py               265   start                     : Test function parameters: args=(0, 10, 48, 'AA55'), kwds={}
2025-02-07 19:49:56,576 LT1-thread root DEBUG gatt.py                   158   gatts_add_char            : gatts_add_char 0 10 48 'AA55'
2025-02-07 19:49:56,576 LT1-thread root DEBUG iutctl_common.py          160   send                      : send, 2 3 0 "bytearray(b'\\x00\\x00\\n0\\x02\\xaaU')"
2025-02-07 19:49:56,576 LT1-thread root DEBUG iutctl_common.py          165   send                      : sending frame '020300070000000a3002aa55'
2025-02-07 19:49:56,576 LT1-thread root DEBUG gatt.py                   1141  gatt_command_rsp_succ     : gatt_command_rsp_succ
2025-02-07 19:49:56,576 LT1-thread root DEBUG iutctl_common.py          324   read                      : read
2025-02-07 19:49:56,602 BTPWorkerThread-1278 (_rx_task) root DEBUG iutctl_common.py          122   read                      : Read 5 bytes
2025-02-07 19:49:56,602 BTPWorkerThread-1278 (_rx_task) root DEBUG iutctl_common.py          130   read                      : Received: hdr: Header(svc_id=0x02, op=0x03, ctrl_index=0x00, data_len=0x02) bytearray(b'\x02\x03\x00\x02\x00')
2025-02-07 19:49:56,602 BTPWorkerThread-1278 (_rx_task) root DEBUG iutctl_common.py          138   read                      : Read 2 bytes data
2025-02-07 19:49:56,603 BTPWorkerThread-1278 (_rx_task) root DEBUG iutctl_common.py          153   read                      : Received data: {'00 00'}, bytearray(b'\x00\x00')
2025-02-07 19:49:56,623 LT1-thread root DEBUG gatt.py                   1146  gatt_command_rsp_succ     : received Header(svc_id=2, op=3, ctrl_index=0, data_len=2) (b'\x00\x00',)
2025-02-07 19:49:56,624 LT1-thread root DEBUG testcase.py               253   start                     : Starting test function: class=<class 'autopts.ptsprojects.testcase.TestFunc'>, func=<function gatts_set_val at 0x7f4bcad92320> start_wid=None stop_wid=None post_wid=None skip_call=None call_count=55 args=(0, '04') kwds={}
2025-02-07 19:49:56,624 LT1-thread root DEBUG testcase.py               265   start                     : Test function parameters: args=(0, '04'), kwds={}
2025-02-07 19:49:56,624 LT1-thread root DEBUG gatt.py                   190   gatts_set_val             : gatts_set_val 0 '04' 
2025-02-07 19:49:56,624 LT1-thread root DEBUG iutctl_common.py          160   send                      : send, 2 6 0 "bytearray(b'\\x00\\x00\\x01\\x00\\x04')"
2025-02-07 19:49:56,624 LT1-thread root DEBUG iutctl_common.py          165   send                      : sending frame '02060005000000010004'
2025-02-07 19:49:56,624 LT1-thread root DEBUG gatt.py                   1141  gatt_command_rsp_succ     : gatt_command_rsp_succ
2025-02-07 19:49:56,624 LT1-thread root DEBUG iutctl_common.py          324   read                      : read
2025-02-07 19:49:56,640 BTPWorkerThread-1278 (_rx_task) root DEBUG iutctl_common.py          122   read                      : Read 5 bytes
2025-02-07 19:49:56,645 BTPWorkerThread-1278 (_rx_task) root DEBUG iutctl_common.py          130   read                      : Received: hdr: Header(svc_id=0x02, op=0x06, ctrl_index=0x00, data_len=0x00) bytearray(b'\x02\x06\x00\x00\x00')
2025-02-07 19:49:56,650 BTPWorkerThread-1278 (_rx_task) root DEBUG iutctl_common.py          153   read                      : Received data: {''}, bytearray(b'')
2025-02-07 19:49:56,655 LT1-thread root DEBUG gatt.py                   1146  gatt_command_rsp_succ     : received Header(svc_id=2, op=6, ctrl_index=0, data_len=0) (b'',)
2025-02-07 19:49:56,656 LT1-thread root DEBUG testcase.py               253   start                     : Starting test function: class=<class 'autopts.ptsprojects.testcase.TestFunc'>, func=<function gatts_start_server at 0x7f4bcad92560> start_wid=None stop_wid=None post_wid=None skip_call=None call_count=55 args=() kwds={}
2025-02-07 19:49:56,656 LT1-thread root DEBUG testcase.py               265   start                     : Test function parameters: args=(), kwds={}
2025-02-07 19:49:56,656 LT1-thread root DEBUG gatt.py                   286   gatts_start_server        : gatts_start_server
2025-02-07 19:49:56,656 LT1-thread root DEBUG iutctl_common.py          160   send                      : send, 2 7 0 ''
2025-02-07 19:49:56,656 LT1-thread root DEBUG iutctl_common.py          165   send                      : sending frame '0207000000'
2025-02-07 19:49:56,656 LT1-thread root DEBUG gatt.py                   1141  gatt_command_rsp_succ     : gatt_command_rsp_succ
2025-02-07 19:49:56,656 LT1-thread root DEBUG iutctl_common.py          324   read                      : read
2025-02-07 19:49:56,671 BTPWorkerThread-1278 (_rx_task) root DEBUG iutctl_common.py          122   read                      : Read 5 bytes
2025-02-07 19:49:56,687 BTPWorkerThread-1278 (_rx_task) root DEBUG iutctl_common.py          130   read                      : Received: hdr: Header(svc_id=0x02, op=0x07, ctrl_index=0x00, data_len=0x03) bytearray(b'\x02\x07\x00\x03\x00')
2025-02-07 19:49:56,708 BTPWorkerThread-1278 (_rx_task) root DEBUG iutctl_common.py          138   read                      : Read 3 bytes data
2025-02-07 19:49:56,739 BTPWorkerThread-1278 (_rx_task) root DEBUG iutctl_common.py          153   read                      : Received data: {'00 00 00'}, bytearray(b'\x00\x00\x00')
2025-02-07 19:49:56,759 LT1-thread root DEBUG gatt.py                   1146  gatt_command_rsp_succ     : received Header(svc_id=2, op=7, ctrl_index=0, data_len=3) (b'\x00\x00\x00',)
2025-02-07 19:49:56,761 LT1-thread root DEBUG client.py                 309   get_result                : ClientCallback.get_result run_test_case
2025-02-07 19:49:59,265 LT1-callback ClientCallback.on_implicit_send INFO client.py                 256   on_implicit_send          : 
    ********************
    BEGIN OnImplicitSend:
    project_name: GAP
    wid: 240
    test_case_name: GAP/SEC/SEM/BV-62-C
    description: Please configures the IUT into LE Security Mode 1 Level 2. Press OK to continue.
    style: MMI_Style_Ok_Cancel1 0x11041
2025-02-07 19:49:59,265 LT1-callback ClientCallback.on_implicit_send INFO client.py                 269   on_implicit_send          : Calling test cases on_implicit_send
2025-02-07 19:49:59,265 LT1-callback ClientCallback.on_implicit_send INFO client.py                 282   on_implicit_send          : 
    on_implicit_send returned response: WAIT
    END OnImplicitSend
    ********************
2025-02-07 19:49:59,762 LT1-thread root DEBUG testcase.py               671   run_wid                   : GAP GAP/SEC/SEM/BV-62-C on_implicit_send
2025-02-07 19:49:59,762 LT1-thread root DEBUG gap_wid.py                25    gap_wid_hdl               : gap_wid_hdl, 240, Please configures the IUT into LE Security Mode 1 Level 2. Press OK to continue., GAP/SEC/SEM/BV-62-C
2025-02-07 19:49:59,762 LT1-thread root DEBUG gap.py                    659   gap_set_io_cap            : gap_set_io_cap 3
2025-02-07 19:49:59,762 LT1-thread root DEBUG iutctl_common.py          160   send                      : send, 1 16 0 '\x03'
2025-02-07 19:49:59,762 LT1-thread root DEBUG iutctl_common.py          165   send                      : sending frame '011000010003'
2025-02-07 19:49:59,762 LT1-thread root DEBUG gap.py                    972   gap_command_rsp_succ      : gap_command_rsp_succ
2025-02-07 19:49:59,762 LT1-thread root DEBUG iutctl_common.py          324   read                      : read
2025-02-07 19:49:59,783 BTPWorkerThread-1278 (_rx_task) root DEBUG iutctl_common.py          122   read                      : Read 5 bytes
2025-02-07 19:49:59,794 BTPWorkerThread-1278 (_rx_task) root DEBUG iutctl_common.py          130   read                      : Received: hdr: Header(svc_id=0x01, op=0x10, ctrl_index=0x00, data_len=0x00) bytearray(b'\x01\x10\x00\x00\x00')
2025-02-07 19:49:59,799 BTPWorkerThread-1278 (_rx_task) root DEBUG iutctl_common.py          153   read                      : Received data: {''}, bytearray(b'')
2025-02-07 19:49:59,830 LT1-thread root DEBUG gap.py                    977   gap_command_rsp_succ      : received Header(svc_id=1, op=16, ctrl_index=0, data_len=0) (b'',)
2025-02-07 19:49:59,830 LT1-thread root DEBUG testcase.py               707   run_wid                   : Sending response 'OK' to wid 240 test case GAP/SEC/SEM/BV-62-C
2025-02-07 19:49:59,832 LT1-thread root DEBUG client.py                 309   get_result                : ClientCallback.get_result run_test_case
2025-02-07 19:50:04,149 LT1-callback ClientCallback.on_implicit_send INFO client.py                 256   on_implicit_send          : 
    ********************
    BEGIN OnImplicitSend:
    project_name: GAP
    wid: 78
    test_case_name: GAP/SEC/SEM/BV-62-C
    description: Please send an LE connect request to establish a connection.
    style: MMI_Style_Ok_Cancel2 0x11141
2025-02-07 19:50:04,149 LT1-callback ClientCallback.on_implicit_send INFO client.py                 269   on_implicit_send          : Calling test cases on_implicit_send
2025-02-07 19:50:04,149 LT1-callback ClientCallback.on_implicit_send INFO client.py                 282   on_implicit_send          : 
    on_implicit_send returned response: WAIT
    END OnImplicitSend
    ********************
2025-02-07 19:50:04,833 LT1-thread root DEBUG testcase.py               671   run_wid                   : GAP GAP/SEC/SEM/BV-62-C on_implicit_send
2025-02-07 19:50:04,833 LT1-thread root DEBUG gap_wid.py                25    gap_wid_hdl               : gap_wid_hdl, 78, Please send an LE connect request to establish a connection., GAP/SEC/SEM/BV-62-C
2025-02-07 19:50:04,833 LT1-thread root DEBUG gap.py                    561   gap_conn                  : gap_conn None None
2025-02-07 19:50:04,833 LT1-thread root DEBUG iutctl_common.py          160   send                      : send, 1 14 0 "bytearray(b'\\x00\\xdf(\\x1c\\xe8\\x07\\xc0\\x00')"
2025-02-07 19:50:04,833 LT1-thread root DEBUG iutctl_common.py          165   send                      : sending frame '010e00080000df281ce807c000'
2025-02-07 19:50:04,833 LT1-thread root DEBUG iutctl_common.py          324   read                      : read
2025-02-07 19:50:04,839 BTPWorkerThread-1278 (_rx_task) root DEBUG iutctl_common.py          122   read                      : Read 5 bytes
2025-02-07 19:50:04,839 BTPWorkerThread-1278 (_rx_task) root DEBUG iutctl_common.py          130   read                      : Received: hdr: Header(svc_id=0x01, op=0x0e, ctrl_index=0x00, data_len=0x00) bytearray(b'\x01\x0e\x00\x00\x00')
2025-02-07 19:50:04,839 BTPWorkerThread-1278 (_rx_task) root DEBUG iutctl_common.py          153   read                      : Received data: {''}, bytearray(b'')
2025-02-07 19:50:04,845 LT1-thread root DEBUG testcase.py               707   run_wid                   : Sending response 'OK' to wid 78 test case GAP/SEC/SEM/BV-62-C
2025-02-07 19:50:04,846 LT1-thread root DEBUG client.py                 309   get_result                : ClientCallback.get_result run_test_case
2025-02-07 19:50:04,880 BTPWorkerThread-1278 (_rx_task) root DEBUG iutctl_common.py          122   read                      : Read 5 bytes
2025-02-07 19:50:04,880 BTPWorkerThread-1278 (_rx_task) root DEBUG iutctl_common.py          130   read                      : Received: hdr: Header(svc_id=0x01, op=0x82, ctrl_index=0x00, data_len=0x0d) bytearray(b'\x01\x82\x00\r\x00')
2025-02-07 19:50:04,881 BTPWorkerThread-1278 (_rx_task) root DEBUG iutctl_common.py          138   read                      : Read 8 bytes data
2025-02-07 19:50:04,882 BTPWorkerThread-1278 (_rx_task) root DEBUG iutctl_common.py          138   read                      : Read 5 bytes data
2025-02-07 19:50:04,882 BTPWorkerThread-1278 (_rx_task) root DEBUG iutctl_common.py          153   read                      : Received data: {'00 df 28 1c e8 07 c0 30 00 00 00 90 01'}, bytearray(b'\x00\xdf(\x1c\xe8\x07\xc00\x00\x00\x00\x90\x01')
2025-02-07 19:50:04,882 BTPWorkerThread-1278 (_rx_task) root DEBUG btp.py                    824   event_handler             : event_handler Header(svc_id=1, op=130, ctrl_index=0, data_len=13) (b'\x00\xdf(\x1c\xe8\x07\xc00\x00\x00\x00\x90\x01',)
2025-02-07 19:50:04,882 BTPWorkerThread-1278 (_rx_task) root DEBUG gap.py                    171   gap_connected_ev_         : gap_connected_ev_ b'\x00\xdf(\x1c\xe8\x07\xc00\x00\x00\x00\x90\x01'
2025-02-07 19:50:04,886 LT1-callback ClientCallback.on_implicit_send INFO client.py                 256   on_implicit_send          : 
    ********************
    BEGIN OnImplicitSend:
    project_name: GAP
    wid: 108
    test_case_name: GAP/SEC/SEM/BV-62-C
    description: Please start the Bonding Procedure in bondable mode.
    style: MMI_Style_Ok_Cancel2 0x11141
2025-02-07 19:50:04,886 LT1-callback ClientCallback.on_implicit_send INFO client.py                 269   on_implicit_send          : Calling test cases on_implicit_send
2025-02-07 19:50:04,886 LT1-callback ClientCallback.on_implicit_send INFO client.py                 282   on_implicit_send          : 
    on_implicit_send returned response: WAIT
    END OnImplicitSend
    ********************
2025-02-07 19:50:05,846 LT1-thread root DEBUG testcase.py               671   run_wid                   : GAP GAP/SEC/SEM/BV-62-C on_implicit_send
2025-02-07 19:50:05,847 LT1-thread root DEBUG gap_wid.py                25    gap_wid_hdl               : gap_wid_hdl, 108, Please start the Bonding Procedure in bondable mode., GAP/SEC/SEM/BV-62-C
2025-02-07 19:50:05,848 LT1-thread root DEBUG gap.py                    670   gap_pair                  : gap_pair None None
2025-02-07 19:50:05,848 LT1-thread root DEBUG iutctl_common.py          160   send                      : send, 1 17 0 "bytearray(b'\\x00\\xdf(\\x1c\\xe8\\x07\\xc0')"
2025-02-07 19:50:05,848 LT1-thread root DEBUG iutctl_common.py          165   send                      : sending frame '011100070000df281ce807c0'
2025-02-07 19:50:05,848 LT1-thread root DEBUG gap.py                    972   gap_command_rsp_succ      : gap_command_rsp_succ
2025-02-07 19:50:05,848 LT1-thread root DEBUG iutctl_common.py          324   read                      : read
2025-02-07 19:50:05,869 BTPWorkerThread-1278 (_rx_task) root DEBUG iutctl_common.py          122   read                      : Read 5 bytes
2025-02-07 19:50:05,874 BTPWorkerThread-1278 (_rx_task) root DEBUG iutctl_common.py          130   read                      : Received: hdr: Header(svc_id=0x01, op=0x11, ctrl_index=0x00, data_len=0x00) bytearray(b'\x01\x11\x00\x00\x00')
2025-02-07 19:50:05,880 BTPWorkerThread-1278 (_rx_task) root DEBUG iutctl_common.py          153   read                      : Received data: {''}, bytearray(b'')
2025-02-07 19:50:05,880 LT1-thread root DEBUG gap.py                    977   gap_command_rsp_succ      : received Header(svc_id=1, op=17, ctrl_index=0, data_len=0) (b'',)
2025-02-07 19:50:05,880 LT1-thread root DEBUG testcase.py               707   run_wid                   : Sending response 'OK' to wid 108 test case GAP/SEC/SEM/BV-62-C
2025-02-07 19:50:05,881 LT1-thread root DEBUG client.py                 309   get_result                : ClientCallback.get_result run_test_case
2025-02-07 19:50:06,441 BTPWorkerThread-1278 (_rx_task) root DEBUG iutctl_common.py          122   read                      : Read 5 bytes
2025-02-07 19:50:06,442 BTPWorkerThread-1278 (_rx_task) root DEBUG iutctl_common.py          130   read                      : Received: hdr: Header(svc_id=0x01, op=0x89, ctrl_index=0x00, data_len=0x08) bytearray(b'\x01\x89\x00\x08\x00')
2025-02-07 19:50:06,442 BTPWorkerThread-1278 (_rx_task) root DEBUG iutctl_common.py          138   read                      : Read 8 bytes data
2025-02-07 19:50:06,442 BTPWorkerThread-1278 (_rx_task) root DEBUG iutctl_common.py          153   read                      : Received data: {'00 df 28 1c e8 07 c0 02'}, bytearray(b'\x00\xdf(\x1c\xe8\x07\xc0\x02')
2025-02-07 19:50:06,442 BTPWorkerThread-1278 (_rx_task) root DEBUG btp.py                    824   event_handler             : event_handler Header(svc_id=1, op=137, ctrl_index=0, data_len=8) (b'\x00\xdf(\x1c\xe8\x07\xc0\x02',)
2025-02-07 19:50:06,442 BTPWorkerThread-1278 (_rx_task) root DEBUG gap.py                    256   gap_sec_level_changed_ev_ : gap_sec_level_changed_ev_
2025-02-07 19:50:06,442 BTPWorkerThread-1278 (_rx_task) root DEBUG gap.py                    258   gap_sec_level_changed_ev_ : received b'\x00\xdf(\x1c\xe8\x07\xc0\x02'
2025-02-07 19:50:06,442 BTPWorkerThread-1278 (_rx_task) root DEBUG gap.py                    269   gap_sec_level_changed_ev_ : received (0, 'c007e81c28df', 2)
2025-02-07 19:50:09,918 LT1-callback ClientCallback.on_implicit_send INFO client.py                 256   on_implicit_send          : 
    ********************
    BEGIN OnImplicitSend:
    project_name: GAP
    wid: 234
    test_case_name: GAP/SEC/SEM/BV-62-C
    description: Please send ATT_WRITE_REQUEST to handle 0x000D with CCCD set to 0x0002 to enable indication. Discover services if needed.
    style: MMI_Style_Ok_Cancel2 0x11141
2025-02-07 19:50:09,918 LT1-callback ClientCallback.on_implicit_send INFO client.py                 269   on_implicit_send          : Calling test cases on_implicit_send
2025-02-07 19:50:09,918 LT1-callback ClientCallback.on_implicit_send INFO client.py                 282   on_implicit_send          : 
    on_implicit_send returned response: WAIT
    END OnImplicitSend
    ********************
2025-02-07 19:50:10,882 LT1-thread root DEBUG testcase.py               671   run_wid                   : GAP GAP/SEC/SEM/BV-62-C on_implicit_send
2025-02-07 19:50:10,882 LT1-thread root DEBUG gap_wid.py                25    gap_wid_hdl               : gap_wid_hdl, 234, Please send ATT_WRITE_REQUEST to handle 0x000D with CCCD set to 0x0002 to enable indication. Discover services if needed., GAP/SEC/SEM/BV-62-C
2025-02-07 19:50:10,889 LT1-thread root DEBUG gatt.py                   1090  gattc_cfg_indicate        : gattc_cfg_indicate 0 'c007e81c28df', 1, '000D'
2025-02-07 19:50:10,889 LT1-thread root DEBUG iutctl_common.py          160   send                      : send, 2 27 0 "bytearray(b'\\x00\\xdf(\\x1c\\xe8\\x07\\xc0\\x01\\r\\x00')"
2025-02-07 19:50:10,889 LT1-thread root DEBUG iutctl_common.py          165   send                      : sending frame '021b000a0000df281ce807c0010d00'
2025-02-07 19:50:10,889 LT1-thread root DEBUG iutctl_common.py          324   read                      : read
2025-02-07 19:50:11,263 BTPWorkerThread-1278 (_rx_task) root DEBUG iutctl_common.py          122   read                      : Read 5 bytes
2025-02-07 19:50:11,263 BTPWorkerThread-1278 (_rx_task) root DEBUG iutctl_common.py          130   read                      : Received: hdr: Header(svc_id=0x02, op=0x1b, ctrl_index=0x00, data_len=0x00) bytearray(b'\x02\x1b\x00\x00\x00')
2025-02-07 19:50:11,273 BTPWorkerThread-1278 (_rx_task) root DEBUG iutctl_common.py          153   read                      : Received data: {''}, bytearray(b'')
2025-02-07 19:50:11,284 LT1-thread root DEBUG gatt.py                   1111  gattc_cfg_indicate        : gattc_cfg_indicate received Header(svc_id=2, op=27, ctrl_index=0, data_len=0) (b'',)
2025-02-07 19:50:11,284 LT1-thread root DEBUG testcase.py               707   run_wid                   : Sending response 'OK' to wid 234 test case GAP/SEC/SEM/BV-62-C
2025-02-07 19:50:11,286 LT1-thread root DEBUG client.py                 309   get_result                : ClientCallback.get_result run_test_case
2025-02-07 19:50:11,306 LT1-callback ClientCallback.on_implicit_send INFO client.py                 256   on_implicit_send          : 
    ********************
    BEGIN OnImplicitSend:
    project_name: GAP
    wid: 118
    test_case_name: GAP/SEC/SEM/BV-62-C
    description: Please press ok to disconnect the link.
    style: MMI_Style_Ok_Cancel1 0x11041
2025-02-07 19:50:11,306 LT1-callback ClientCallback.on_implicit_send INFO client.py                 269   on_implicit_send          : Calling test cases on_implicit_send
2025-02-07 19:50:11,306 LT1-callback ClientCallback.on_implicit_send INFO client.py                 282   on_implicit_send          : 
    on_implicit_send returned response: WAIT
    END OnImplicitSend
    ********************
2025-02-07 19:50:12,286 LT1-thread root DEBUG testcase.py               671   run_wid                   : GAP GAP/SEC/SEM/BV-62-C on_implicit_send
2025-02-07 19:50:12,286 LT1-thread root DEBUG gap_wid.py                25    gap_wid_hdl               : gap_wid_hdl, 118, Please press ok to disconnect the link., GAP/SEC/SEM/BV-62-C
2025-02-07 19:50:12,286 LT1-thread root DEBUG testcase.py               707   run_wid                   : Sending response 'OK' to wid 118 test case GAP/SEC/SEM/BV-62-C
2025-02-07 19:50:12,288 LT1-thread root DEBUG client.py                 309   get_result                : ClientCallback.get_result run_test_case
2025-02-07 19:50:12,621 BTPWorkerThread-1278 (_rx_task) root DEBUG iutctl_common.py          122   read                      : Read 5 bytes
2025-02-07 19:50:12,622 BTPWorkerThread-1278 (_rx_task) root DEBUG iutctl_common.py          130   read                      : Received: hdr: Header(svc_id=0x01, op=0x83, ctrl_index=0x00, data_len=0x07) bytearray(b'\x01\x83\x00\x07\x00')
2025-02-07 19:50:12,622 BTPWorkerThread-1278 (_rx_task) root DEBUG iutctl_common.py          138   read                      : Read 3 bytes data
2025-02-07 19:50:12,623 BTPWorkerThread-1278 (_rx_task) root DEBUG iutctl_common.py          138   read                      : Read 4 bytes data
2025-02-07 19:50:12,623 BTPWorkerThread-1278 (_rx_task) root DEBUG iutctl_common.py          153   read                      : Received data: {'00 df 28 1c e8 07 c0'}, bytearray(b'\x00\xdf(\x1c\xe8\x07\xc0')
2025-02-07 19:50:12,623 BTPWorkerThread-1278 (_rx_task) root DEBUG btp.py                    824   event_handler             : event_handler Header(svc_id=1, op=131, ctrl_index=0, data_len=7) (b'\x00\xdf(\x1c\xe8\x07\xc0',)
2025-02-07 19:50:12,623 BTPWorkerThread-1278 (_rx_task) root DEBUG gap.py                    184   gap_disconnected_ev_      : gap_disconnected_ev_ b'\x00\xdf(\x1c\xe8\x07\xc0'
2025-02-07 19:50:12,827 LT1-callback ClientCallback.on_implicit_send INFO client.py                 256   on_implicit_send          : 
    ********************
    BEGIN OnImplicitSend:
    project_name: GAP
    wid: 78
    test_case_name: GAP/SEC/SEM/BV-62-C
    description: Please send an LE connect request to establish a connection.
    style: MMI_Style_Ok_Cancel2 0x11141
2025-02-07 19:50:12,827 LT1-callback ClientCallback.on_implicit_send INFO client.py                 269   on_implicit_send          : Calling test cases on_implicit_send
2025-02-07 19:50:12,827 LT1-callback ClientCallback.on_implicit_send INFO client.py                 282   on_implicit_send          : 
    on_implicit_send returned response: WAIT
    END OnImplicitSend
    ********************
2025-02-07 19:50:13,288 LT1-thread root DEBUG testcase.py               671   run_wid                   : GAP GAP/SEC/SEM/BV-62-C on_implicit_send
2025-02-07 19:50:13,288 LT1-thread root DEBUG gap_wid.py                25    gap_wid_hdl               : gap_wid_hdl, 78, Please send an LE connect request to establish a connection., GAP/SEC/SEM/BV-62-C
2025-02-07 19:50:13,288 LT1-thread root DEBUG gap.py                    561   gap_conn                  : gap_conn None None
2025-02-07 19:50:13,288 LT1-thread root DEBUG iutctl_common.py          160   send                      : send, 1 14 0 "bytearray(b'\\x00\\xdf(\\x1c\\xe8\\x07\\xc0\\x00')"
2025-02-07 19:50:13,288 LT1-thread root DEBUG iutctl_common.py          165   send                      : sending frame '010e00080000df281ce807c000'
2025-02-07 19:50:13,288 LT1-thread root DEBUG iutctl_common.py          324   read                      : read
2025-02-07 19:50:13,299 BTPWorkerThread-1278 (_rx_task) root DEBUG iutctl_common.py          122   read                      : Read 5 bytes
2025-02-07 19:50:13,299 BTPWorkerThread-1278 (_rx_task) root DEBUG iutctl_common.py          130   read                      : Received: hdr: Header(svc_id=0x01, op=0x0e, ctrl_index=0x00, data_len=0x00) bytearray(b'\x01\x0e\x00\x00\x00')
2025-02-07 19:50:13,320 BTPWorkerThread-1278 (_rx_task) root DEBUG iutctl_common.py          153   read                      : Received data: {''}, bytearray(b'')
2025-02-07 19:50:13,340 LT1-thread root DEBUG testcase.py               707   run_wid                   : Sending response 'OK' to wid 78 test case GAP/SEC/SEM/BV-62-C
2025-02-07 19:50:13,342 LT1-thread root DEBUG client.py                 309   get_result                : ClientCallback.get_result run_test_case
2025-02-07 19:50:13,350 BTPWorkerThread-1278 (_rx_task) root DEBUG iutctl_common.py          122   read                      : Read 3 bytes
2025-02-07 19:50:13,351 BTPWorkerThread-1278 (_rx_task) root DEBUG iutctl_common.py          122   read                      : Read 2 bytes
2025-02-07 19:50:13,351 BTPWorkerThread-1278 (_rx_task) root DEBUG iutctl_common.py          130   read                      : Received: hdr: Header(svc_id=0x01, op=0x82, ctrl_index=0x00, data_len=0x0d) bytearray(b'\x01\x82\x00\r\x00')
2025-02-07 19:50:13,351 BTPWorkerThread-1278 (_rx_task) root DEBUG iutctl_common.py          138   read                      : Read 13 bytes data
2025-02-07 19:50:13,351 BTPWorkerThread-1278 (_rx_task) root DEBUG iutctl_common.py          153   read                      : Received data: {'00 df 28 1c e8 07 c0 30 00 00 00 90 01'}, bytearray(b'\x00\xdf(\x1c\xe8\x07\xc00\x00\x00\x00\x90\x01')
2025-02-07 19:50:13,351 BTPWorkerThread-1278 (_rx_task) root DEBUG btp.py                    824   event_handler             : event_handler Header(svc_id=1, op=130, ctrl_index=0, data_len=13) (b'\x00\xdf(\x1c\xe8\x07\xc00\x00\x00\x00\x90\x01',)
2025-02-07 19:50:13,352 BTPWorkerThread-1278 (_rx_task) root DEBUG gap.py                    171   gap_connected_ev_         : gap_connected_ev_ b'\x00\xdf(\x1c\xe8\x07\xc00\x00\x00\x00\x90\x01'
2025-02-07 19:50:13,476 LT1-callback ClientCallback.on_implicit_send INFO client.py                 256   on_implicit_send          : 
    ********************
    BEGIN OnImplicitSend:
    project_name: GAP
    wid: 236
    test_case_name: GAP/SEC/SEM/BV-62-C
    description: Please confirm that IUT does not send a GATT_HandleValueIndication to the Upper Tester
    style: MMI_Style_Yes_No1 0x11044
2025-02-07 19:50:13,476 LT1-callback ClientCallback.on_implicit_send INFO client.py                 269   on_implicit_send          : Calling test cases on_implicit_send
2025-02-07 19:50:13,476 LT1-callback ClientCallback.on_implicit_send INFO client.py                 282   on_implicit_send          : 
    on_implicit_send returned response: WAIT
    END OnImplicitSend
    ********************
2025-02-07 19:50:14,342 LT1-thread root DEBUG testcase.py               671   run_wid                   : GAP GAP/SEC/SEM/BV-62-C on_implicit_send
2025-02-07 19:50:14,343 LT1-thread root DEBUG gap_wid.py                25    gap_wid_hdl               : gap_wid_hdl, 236, Please confirm that IUT does not send a GATT_HandleValueIndication to the Upper Tester, GAP/SEC/SEM/BV-62-C
2025-02-07 19:50:19,343 LT1-thread root DEBUG testcase.py               707   run_wid                   : Sending response 'Yes' to wid 236 test case GAP/SEC/SEM/BV-62-C
2025-02-07 19:50:19,345 LT1-thread root DEBUG client.py                 309   get_result                : ClientCallback.get_result run_test_case
2025-02-07 19:50:20,911 BTPWorkerThread-1278 (_rx_task) root DEBUG iutctl_common.py          122   read                      : Read 5 bytes
2025-02-07 19:50:20,911 BTPWorkerThread-1278 (_rx_task) root DEBUG iutctl_common.py          130   read                      : Received: hdr: Header(svc_id=0x01, op=0x89, ctrl_index=0x00, data_len=0x08) bytearray(b'\x01\x89\x00\x08\x00')
2025-02-07 19:50:20,911 BTPWorkerThread-1278 (_rx_task) root DEBUG iutctl_common.py          138   read                      : Read 1 bytes data
2025-02-07 19:50:20,912 BTPWorkerThread-1278 (_rx_task) root DEBUG iutctl_common.py          138   read                      : Read 7 bytes data
2025-02-07 19:50:20,912 BTPWorkerThread-1278 (_rx_task) root DEBUG iutctl_common.py          153   read                      : Received data: {'00 df 28 1c e8 07 c0 02'}, bytearray(b'\x00\xdf(\x1c\xe8\x07\xc0\x02')
2025-02-07 19:50:20,912 BTPWorkerThread-1278 (_rx_task) root DEBUG btp.py                    824   event_handler             : event_handler Header(svc_id=1, op=137, ctrl_index=0, data_len=8) (b'\x00\xdf(\x1c\xe8\x07\xc0\x02',)
2025-02-07 19:50:20,912 BTPWorkerThread-1278 (_rx_task) root DEBUG gap.py                    256   gap_sec_level_changed_ev_ : gap_sec_level_changed_ev_
2025-02-07 19:50:20,912 BTPWorkerThread-1278 (_rx_task) root DEBUG gap.py                    258   gap_sec_level_changed_ev_ : received b'\x00\xdf(\x1c\xe8\x07\xc0\x02'
2025-02-07 19:50:20,912 BTPWorkerThread-1278 (_rx_task) root DEBUG gap.py                    269   gap_sec_level_changed_ev_ : received (0, 'c007e81c28df', 2)
2025-02-07 19:50:20,912 BTPWorkerThread-1278 (_rx_task) root DEBUG iutctl_common.py          122   read                      : Read 5 bytes
2025-02-07 19:50:20,913 BTPWorkerThread-1278 (_rx_task) root DEBUG iutctl_common.py          130   read                      : Received: hdr: Header(svc_id=0x02, op=0x80, ctrl_index=0x00, data_len=0x0d) bytearray(b'\x02\x80\x00\r\x00')
2025-02-07 19:50:20,913 BTPWorkerThread-1278 (_rx_task) root DEBUG iutctl_common.py          138   read                      : Read 13 bytes data
2025-02-07 19:50:20,913 BTPWorkerThread-1278 (_rx_task) root DEBUG iutctl_common.py          153   read                      : Received data: {'00 df 28 1c e8 07 c0 02 0b 00 01 00 62'}, bytearray(b'\x00\xdf(\x1c\xe8\x07\xc0\x02\x0b\x00\x01\x00b')
2025-02-07 19:50:20,914 BTPWorkerThread-1278 (_rx_task) root DEBUG btp.py                    824   event_handler             : event_handler Header(svc_id=2, op=128, ctrl_index=0, data_len=13) (b'\x00\xdf(\x1c\xe8\x07\xc0\x02\x0b\x00\x01\x00b',)
2025-02-07 19:50:20,914 BTPWorkerThread-1278 (_rx_task) root DEBUG gatt.py                   111   gatt_notification_ev_     : gatt_notification_ev_ 0 'c007e81c28df' 2 11 b'b'
2025-02-07 19:50:20,978 LT1-callback ClientCallback.on_implicit_send INFO client.py                 256   on_implicit_send          : 
    ********************
    BEGIN OnImplicitSend:
    project_name: GAP
    wid: 237
    test_case_name: GAP/SEC/SEM/BV-62-C
    description: Please confirm that IUT send a GATT_HandleValueIndication to the Upper Tester
    style: MMI_Style_Yes_No1 0x11044
2025-02-07 19:50:20,978 LT1-callback ClientCallback.on_implicit_send INFO client.py                 269   on_implicit_send          : Calling test cases on_implicit_send
2025-02-07 19:50:20,978 LT1-callback ClientCallback.on_implicit_send INFO client.py                 282   on_implicit_send          : 
    on_implicit_send returned response: WAIT
    END OnImplicitSend
    ********************
2025-02-07 19:50:21,345 LT1-thread root DEBUG testcase.py               671   run_wid                   : GAP GAP/SEC/SEM/BV-62-C on_implicit_send
2025-02-07 19:50:21,345 LT1-thread root DEBUG gap_wid.py                25    gap_wid_hdl               : gap_wid_hdl, 237, Please confirm that IUT send a GATT_HandleValueIndication to the Upper Tester, GAP/SEC/SEM/BV-62-C
2025-02-07 19:50:21,345 LT1-thread root DEBUG testcase.py               707   run_wid                   : Sending response 'Yes' to wid 237 test case GAP/SEC/SEM/BV-62-C
2025-02-07 19:50:21,347 LT1-thread root DEBUG client.py                 309   get_result                : ClientCallback.get_result run_test_case
2025-02-07 19:50:21,752 BTPWorkerThread-1278 (_rx_task) root DEBUG iutctl_common.py          122   read                      : Read 5 bytes
2025-02-07 19:50:21,752 BTPWorkerThread-1278 (_rx_task) root DEBUG iutctl_common.py          130   read                      : Received: hdr: Header(svc_id=0x01, op=0x83, ctrl_index=0x00, data_len=0x07) bytearray(b'\x01\x83\x00\x07\x00')
2025-02-07 19:50:21,752 BTPWorkerThread-1278 (_rx_task) root DEBUG iutctl_common.py          138   read                      : Read 7 bytes data
2025-02-07 19:50:21,752 BTPWorkerThread-1278 (_rx_task) root DEBUG iutctl_common.py          153   read                      : Received data: {'00 df 28 1c e8 07 c0'}, bytearray(b'\x00\xdf(\x1c\xe8\x07\xc0')
2025-02-07 19:50:21,752 BTPWorkerThread-1278 (_rx_task) root DEBUG btp.py                    824   event_handler             : event_handler Header(svc_id=1, op=131, ctrl_index=0, data_len=7) (b'\x00\xdf(\x1c\xe8\x07\xc0',)
2025-02-07 19:50:21,752 BTPWorkerThread-1278 (_rx_task) root DEBUG gap.py                    184   gap_disconnected_ev_      : gap_disconnected_ev_ b'\x00\xdf(\x1c\xe8\x07\xc0'
2025-02-07 19:50:24,311 LT1-callback ClientCallback.log INFO client.py                 232   log                       : PTS_LOGTYPE_START_TEST Start Test Case 

+1031 ms
 GAP/SEC/SEM/BV-62-C GAP/SEC/SEM/BV-62-C

2025-02-07 19:50:24,808 LT1-callback ClientCallback.log INFO client.py                 232   log                       : PTS_LOGTYPE_FINAL_VERDICT Final Verdict 

+25484 ms
 GAP/SEC/SEM/BV-62-C PASS

2025-02-07 19:50:24,811 LT1-callback ClientCallback.log INFO client.py                 232   log                       : PTS_LOGTYPE_FINAL_VERDICT Encrypted Verdict 

+25484 ms
 GAP/SEC/SEM/BV-62-C A1#ZWY4MzQ5MDg3MmQwNTIxOGQzMzQ5YjY2ODA5M2MzNjQ5ZDY4NmY0Yjc2MzIzM2VkNTUyNTFhNGU4Mjg1MjI0NA==#44RkLpZ84KoSM17ExoGTB6jFx2B/Y3Zi4R06R3cZTvzBP9dw6QBBxKsNYMr/YCMX

2025-02-07 19:50:24,816 LT1-callback ClientCallback.log INFO client.py                 232   log                       : PTS_LOGTYPE_END_TEST Test Case Ended 

+25484 ms
 GAP/SEC/SEM/BV-62-C GAP/SEC/SEM/BV-62-C

2025-02-07 19:50:24,995 LT1-callback root DEBUG client.py                 294   set_result                : ClientCallback, set_result, run_test_case, PASS
2025-02-07 19:50:24,996 LT1-thread root DEBUG client.py                 1029  _run_test_case            : After run_test_case error_code=0 status='PASS'
2025-02-07 19:50:24,996 LT1-thread root DEBUG testcase.py               752   post_run                  : post_run GAP GAP/SEC/SEM/BV-62-C 0
2025-02-07 19:50:24,996 LT1-thread root DEBUG testcase.py               253   start                     : Starting test function: class=<class 'autopts.ptsprojects.testcase.TestFuncCleanUp'>, func=<bound method Stack.cleanup of <autopts.ptsprojects.stack.stack.Stack object at 0x7f4bc8033b20>> start_wid=None stop_wid=None post_wid=None skip_call=None call_count=1 args=() kwds={}
2025-02-07 19:50:24,996 LT1-thread root DEBUG testcase.py               265   start                     : Test function parameters: args=(), kwds={}
2025-02-07 19:50:24,996 LT1-thread root DEBUG testcase.py               253   start                     : Starting test function: class=<class 'autopts.ptsprojects.testcase.TestFuncCleanUp'>, func=<bound method ZephyrCtl.stop of <autopts.ptsprojects.zephyr.iutctl.ZephyrCtl object at 0x7f4bc8061630>> start_wid=None stop_wid=None post_wid=None skip_call=None call_count=1 args=() kwds={}
2025-02-07 19:50:24,996 LT1-thread root DEBUG testcase.py               265   start                     : Test function parameters: args=(), kwds={}
2025-02-07 19:50:24,996 LT1-thread root DEBUG iutctl.py                 250   stop                      : <class 'autopts.ptsprojects.zephyr.iutctl.ZephyrCtl'>.stop
2025-02-07 19:50:25,097 LT1-thread root DEBUG rtt.py                    243   stop                      : <class 'autopts.rtt.RTTLogger'>.stop
2025-02-07 19:50:25,097 LT1-thread root DEBUG rtt.py                    107   stop                      : <class 'autopts.rtt.RTT'>.stop
2025-02-07 19:50:25,117 LT1-thread root DEBUG __init__.py               49    reset                     : About to reset DUT: nrfjprog -r -s 683989059
2025-02-07 19:50:27,214 BTPWorkerThread-1278 (_rx_task) root DEBUG iutctl_common.py          122   read                      : Read 5 bytes
2025-02-07 19:50:27,219 BTPWorkerThread-1278 (_rx_task) root DEBUG iutctl_common.py          130   read                      : Received: hdr: Header(svc_id=0x00, op=0x80, ctrl_index=0xff, data_len=0x00) bytearray(b'\x00\x80\xff\x00\x00')
2025-02-07 19:50:27,219 BTPWorkerThread-1278 (_rx_task) root DEBUG iutctl_common.py          153   read                      : Received data: {''}, bytearray(b'')
2025-02-07 19:50:27,229 BTPWorkerThread-1278 (_rx_task) root DEBUG btp.py                    824   event_handler             : event_handler Header(svc_id=0, op=128, ctrl_index=255, data_len=0) (b'',)
2025-02-07 19:50:27,240 BTPWorkerThread-1278 (_rx_task) root DEBUG core.py                   28    core_iut_ready_ev         : core_iut_ready_ev
2025-02-07 19:50:27,250 LT1-thread root DEBUG iutctl.py                 268   stop                      : IUT ready event received OK
2025-02-07 19:50:27,250 LT1-thread root DEBUG iutctl_common.py          401   close                     : Waiting for _rx_worker to finish ...
2025-02-07 19:50:28,250 LT1-thread root DEBUG iutctl_common.py          401   close                     : Waiting for _rx_worker to finish ...
2025-02-07 19:50:28,251 BTPWorkerThread-1278 (_rx_task) root DEBUG iutctl_common.py          317   _rx_task                  : BTPWorkerThread-1278 (_rx_task) finishing...
2025-02-07 19:50:31,255 LT1-thread root DEBUG testcase.py               781   post_run                  : post_run, cleanup running post test case script
2025-02-07 19:50:31,256 LT1-thread root DEBUG testcase.py               791   post_run                  : post_run, run post test case script
2025-02-07 19:50:31,277 LT1-thread root DEBUG client.py                 1059  _run_test_case            : Done TestCase _run_test_case GAP GAP/SEC/SEM/BV-62-C
