*** Booting Zephyr OS build 4.1.99 ***
[00:00:00.253,265] <dbg> bttester: tester_init: Initializing tester
[00:00:05.992,797] <dbg> bttester: cmd_handler: cmd service 0x00 opcode 0x03 index 0xff
[00:00:06.017,761] <wrn> bt_hci_core: Num of Controller's ACL packets != ACL bt_conn_tx contexts (7 != 3)
[00:00:06.017,761] <wrn> bt_hci_core: Num of Controller's ISO packets != ISO bt_conn_tx contexts(12 != 4)
[00:00:06.021,087] <inf> bt_hci_core: HW Platform: Nordic Semiconductor (0x0002)
[00:00:06.021,087] <inf> bt_hci_core: HW Variant: nRF53x (0x0003)
[00:00:06.021,118] <inf> bt_hci_core: Firmware: Standard Bluetooth controller (0x00) Version 4.1 Build 99
[00:00:06.023,345] <inf> bt_hci_core: HCI transport: IPC
[00:00:06.023,437] <inf> bt_hci_core: Identity: D7:B8:1B:0B:51:C3 (random)
[00:00:06.023,468] <inf> bt_hci_core: HCI: version 5.4 (0x0d) revision 0x0000, manufacturer 0x05f1
[00:00:06.023,498] <inf> bt_hci_core: LMP: version 5.4 (0x0d) subver 0xffff
[00:00:06.023,529] <dbg> bttester: tester_rsp_with_index: service 0x00 opcode 0x03 index 0xff status 0x00
[00:00:06.051,666] <dbg> bttester: cmd_handler: cmd service 0x01 opcode 0x01 index 0xff
[00:00:06.094,207] <dbg> bttester: cmd_handler: cmd service 0x01 opcode 0x03 index 0x00
[00:00:06.494,506] <dbg> bttester: cmd_handler: cmd service 0x00 opcode 0x03 index 0xff
[00:00:06.494,537] <dbg> bttester: tester_rsp_with_index: service 0x00 opcode 0x03 index 0xff status 0x00
[00:00:06.527,832] <dbg> bttester: cmd_handler: cmd service 0x02 opcode 0x01 index 0xff
[00:00:06.589,813] <dbg> bttester: cmd_handler: cmd service 0x01 opcode 0x08 index 0x00
[00:00:06.617,614] <dbg> bttester: cmd_handler: cmd service 0x00 opcode 0x03 index 0xff
[00:00:06.617,645] <dbg> bttester: tester_rsp_with_index: service 0x00 opcode 0x03 index 0xff status 0x00
[00:00:06.685,882] <dbg> bttester: cmd_handler: cmd service 0x0b opcode 0x01 index 0xff
[00:00:06.764,587] <dbg> bttester: cmd_handler: cmd service 0x00 opcode 0x03 index 0xff
[00:00:06.764,923] <dbg> bt_vcp_vol_rend: prepare_aics_inst: AICS P 0x200036d4
[00:00:06.765,014] <dbg> bt_vcp_vol_rend: prepare_aics_inst: AICS P 0x20003438
[00:00:06.765,136] <dbg> bttester: tester_rsp_with_index: service 0x00 opcode 0x03 index 0xff status 0x00
[00:00:06.801,879] <dbg> bttester: cmd_handler: cmd service 0x08 opcode 0x01 index 0xff
[00:00:08.863,769] <dbg> bttester: cmd_handler: cmd service 0x01 opcode 0x0a index 0x00
[00:00:08.980,743] <dbg> bttester_gap: le_connected: C0:07:E8:1C:28:DF (public): 0x00
[00:00:08.980,773] <dbg> bttester: tester_event: service 0x01 opcode 0x82
[00:00:08.982,269] <dbg> bttester: tester_event: service 0x01 opcode 0x80
[00:00:12.271,057] <dbg> bttester: tester_event: service 0x01 opcode 0x91
[00:00:12.272,216] <dbg> bttester: tester_event: service 0x01 opcode 0x89
[00:00:16.607,055] <dbg> bttester_gap: le_disconnected: C0:07:E8:1C:28:DF (public): 0x13
[00:00:16.607,086] <dbg> bttester: tester_event: service 0x01 opcode 0x83
