2024-02-23 20:03:39,283 LT1-thread root DEBUG client.py                 943   _run_test_case            : Starting TestCase _run_test_case GAP GAP/SEC/CSIGN/BI-04-C
2024-02-23 20:03:39,283 LT1-thread root DEBUG testcase.py               712   pre_run                   : pre_run GAP GAP/SEC/CSIGN/BI-04-C
2024-02-23 20:03:39,283 LT1-thread root DEBUG testcase.py               714   pre_run                   : About to run test case GAP GAP/SEC/CSIGN/BI-04-C with commands:
2024-02-23 20:03:39,283 LT1-thread root DEBUG testcase.py               717   pre_run                   : 0) class=<class 'autopts.ptsprojects.testcase.TestFunc'>, func=<bound method Stack.core_init of <autopts.ptsprojects.stack.stack.Stack object at 0x000002413F79B9D0>> start_wid=None stop_wid=None post_wid=None skip_call=None call_count=0 args=() kwds={}
2024-02-23 20:03:39,284 LT1-thread root DEBUG testcase.py               717   pre_run                   : 1) class=<class 'autopts.ptsprojects.testcase.TestFunc'>, func=<bound method ZephyrCtl.hw_reset of <autopts.ptsprojects.zephyr.iutctl.ZephyrCtl object at 0x000002413F79B8E0>> start_wid=None stop_wid=None post_wid=None skip_call=None call_count=0 args=() kwds={}
2024-02-23 20:03:39,284 LT1-thread root DEBUG testcase.py               717   pre_run                   : 2) class=<class 'autopts.ptsprojects.testcase.TestFunc'>, func=<bound method ZephyrCtl.start of <autopts.ptsprojects.zephyr.iutctl.ZephyrCtl object at 0x000002413F79B8E0>> start_wid=None stop_wid=None post_wid=None skip_call=None call_count=0 args=(<autopts.ptsprojects.zephyr.ztestcase.ZTestCase object at 0x000002413F813670>,) kwds={}
2024-02-23 20:03:39,284 LT1-thread root DEBUG testcase.py               717   pre_run                   : 3) class=<class 'autopts.ptsprojects.testcase.TestFunc'>, func=<bound method ZephyrCtl.hw_reset of <autopts.ptsprojects.zephyr.iutctl.ZephyrCtl object at 0x000002413F79B8E0>> start_wid=None stop_wid=None post_wid=None skip_call=None call_count=0 args=() kwds={}
2024-02-23 20:03:39,284 LT1-thread root DEBUG testcase.py               717   pre_run                   : 4) class=<class 'autopts.ptsprojects.testcase.TestFunc'>, func=<bound method ZephyrCtl.wait_iut_ready_event of <autopts.ptsprojects.zephyr.iutctl.ZephyrCtl object at 0x000002413F79B8E0>> start_wid=None stop_wid=None post_wid=None skip_call=None call_count=0 args=(False,) kwds={}
2024-02-23 20:03:39,284 LT1-thread root DEBUG testcase.py               717   pre_run                   : 5) class=<class 'autopts.ptsprojects.testcase.TestFunc'>, func=<function core_reg_svc_gap at 0x000002413DC25DC0> start_wid=None stop_wid=None post_wid=None skip_call=None call_count=87 args=() kwds={}
2024-02-23 20:03:39,284 LT1-thread root DEBUG testcase.py               717   pre_run                   : 6) class=<class 'autopts.ptsprojects.testcase.TestFunc'>, func=<bound method Stack.gap_init of <autopts.ptsprojects.stack.stack.Stack object at 0x000002413F79B9D0>> start_wid=None stop_wid=None post_wid=None skip_call=None call_count=87 args=(b'Tester_101DEE', 'ABCD', '1111', '1111', '11', '1111', b'\x17github.com/auto-pts', (8, 'PADV_Tester'), 'FF') kwds={}
2024-02-23 20:03:39,284 LT1-thread root DEBUG testcase.py               717   pre_run                   : 7) class=<class 'autopts.ptsprojects.testcase.TestFunc'>, func=<function gap_read_ctrl_info at 0x000002413DC3AB80> start_wid=None stop_wid=None post_wid=None skip_call=None call_count=87 args=() kwds={}
2024-02-23 20:03:39,284 LT1-thread root DEBUG testcase.py               717   pre_run                   : 8) class=<class 'autopts.ptsprojects.testcase.TestFunc'>, func=<function test_cases.<locals>.<lambda> at 0x000002413F7E29D0> start_wid=None stop_wid=None post_wid=None skip_call=None call_count=87 args=() kwds={}
2024-02-23 20:03:39,284 LT1-thread root DEBUG testcase.py               717   pre_run                   : 9) class=<class 'autopts.ptsprojects.testcase.TestFunc'>, func=<function test_cases.<locals>.<lambda> at 0x000002413F7E2940> start_wid=None stop_wid=None post_wid=None skip_call=None call_count=87 args=() kwds={}
2024-02-23 20:03:39,284 LT1-thread root DEBUG testcase.py               717   pre_run                   : 10) class=<class 'autopts.ptsprojects.testcase.TestFunc'>, func=<function test_cases.<locals>.<lambda> at 0x000002413F7E28B0> start_wid=None stop_wid=None post_wid=None skip_call=None call_count=87 args=() kwds={}
2024-02-23 20:03:39,284 LT1-thread root DEBUG testcase.py               717   pre_run                   : 11) class=<class 'autopts.ptsprojects.testcase.TestFunc'>, func=<function test_cases.<locals>.<lambda> at 0x000002413F7E2700> start_wid=None stop_wid=None post_wid=None skip_call=None call_count=87 args=() kwds={}
2024-02-23 20:03:39,285 LT1-thread root DEBUG testcase.py               717   pre_run                   : 12) class=<class 'autopts.ptsprojects.testcase.TestFunc'>, func=<function test_cases.<locals>.<lambda> at 0x000002413F7E2790> start_wid=None stop_wid=None post_wid=None skip_call=None call_count=87 args=() kwds={}
2024-02-23 20:03:39,285 LT1-thread root DEBUG testcase.py               717   pre_run                   : 13) class=<class 'autopts.ptsprojects.testcase.TestFunc'>, func=<function test_cases.<locals>.<lambda> at 0x000002413F7E2670> start_wid=None stop_wid=None post_wid=None skip_call=None call_count=87 args=() kwds={}
2024-02-23 20:03:39,285 LT1-thread root DEBUG testcase.py               717   pre_run                   : 14) class=<class 'autopts.ptsprojects.testcase.TestFunc'>, func=<function test_cases.<locals>.<lambda> at 0x000002413F7E2550> start_wid=None stop_wid=None post_wid=None skip_call=None call_count=87 args=() kwds={}
2024-02-23 20:03:39,285 LT1-thread root DEBUG testcase.py               717   pre_run                   : 15) class=<class 'autopts.ptsprojects.testcase.TestFunc'>, func=<function test_cases.<locals>.<lambda> at 0x000002413F7E25E0> start_wid=None stop_wid=None post_wid=None skip_call=None call_count=87 args=() kwds={}
2024-02-23 20:03:39,285 LT1-thread root DEBUG testcase.py               717   pre_run                   : 16) class=<class 'autopts.ptsprojects.testcase.TestFunc'>, func=<function test_cases.<locals>.<lambda> at 0x000002413F7E2AF0> start_wid=None stop_wid=None post_wid=None skip_call=None call_count=87 args=() kwds={}
2024-02-23 20:03:39,285 LT1-thread root DEBUG testcase.py               717   pre_run                   : 17) class=<class 'autopts.ptsprojects.testcase.TestFunc'>, func=<function test_cases.<locals>.<lambda> at 0x000002413F7E2A60> start_wid=None stop_wid=None post_wid=None skip_call=None call_count=87 args=() kwds={}
2024-02-23 20:03:39,285 LT1-thread root DEBUG testcase.py               717   pre_run                   : 18) class=<class 'autopts.ptsprojects.testcase.TestFunc'>, func=<function test_cases.<locals>.<lambda> at 0x000002413F7E2B80> start_wid=None stop_wid=None post_wid=None skip_call=None call_count=87 args=() kwds={}
2024-02-23 20:03:39,285 LT1-thread root DEBUG testcase.py               717   pre_run                   : 19) class=<class 'autopts.ptsprojects.testcase.TestFunc'>, func=<function test_cases.<locals>.<lambda> at 0x000002413F7E2C10> start_wid=None stop_wid=None post_wid=None skip_call=None call_count=87 args=() kwds={}
2024-02-23 20:03:39,285 LT1-thread root DEBUG testcase.py               717   pre_run                   : 20) class=<class 'autopts.ptsprojects.testcase.TestFunc'>, func=<function core_reg_svc_gatt at 0x000002413DC25EE0> start_wid=None stop_wid=None post_wid=None skip_call=None call_count=87 args=() kwds={}
2024-02-23 20:03:39,285 LT1-thread root DEBUG testcase.py               717   pre_run                   : 21) class=<class 'autopts.ptsprojects.testcase.TestFunc'>, func=<bound method Stack.gatt_init of <autopts.ptsprojects.stack.stack.Stack object at 0x000002413F79B9D0>> start_wid=None stop_wid=None post_wid=None skip_call=None call_count=87 args=() kwds={}
2024-02-23 20:03:39,285 LT1-thread root DEBUG testcase.py               717   pre_run                   : 22) class=<class 'autopts.ptsprojects.testcase.TestFunc'>, func=<function gap_set_io_cap at 0x000002413DC3A1F0> start_wid=None stop_wid=None post_wid=None skip_call=None call_count=87 args=(4,) kwds={}
2024-02-23 20:03:39,285 LT1-thread root DEBUG testcase.py               717   pre_run                   : 23) class=<class 'autopts.ptsprojects.testcase.TestFunc'>, func=<function set_pts_addr at 0x000002413DC25B80> start_wid=None stop_wid=None post_wid=None skip_call=None call_count=87 args=('C0:07:E8:10:1D:EE', 0) kwds={}
2024-02-23 20:03:39,285 LT1-thread root DEBUG testcase.py               717   pre_run                   : 24) class=<class 'autopts.ptsprojects.testcase.TestFunc'>, func=<function gatts_add_svc at 0x000002413DC3F670> start_wid=None stop_wid=None post_wid=None skip_call=None call_count=0 args=(0, 'AA51') kwds={}
2024-02-23 20:03:39,286 LT1-thread root DEBUG testcase.py               717   pre_run                   : 25) class=<class 'autopts.ptsprojects.testcase.TestFunc'>, func=<function gatts_add_char at 0x000002413DC3F790> start_wid=None stop_wid=None post_wid=None skip_call=None call_count=0 args=(0, 66, 33, 'AA54') kwds={}
2024-02-23 20:03:39,286 LT1-thread root DEBUG testcase.py               717   pre_run                   : 26) class=<class 'autopts.ptsprojects.testcase.TestFunc'>, func=<function gatts_set_val at 0x000002413DC3F820> start_wid=None stop_wid=None post_wid=None skip_call=None call_count=0 args=(0, '03') kwds={}
2024-02-23 20:03:39,286 LT1-thread root DEBUG testcase.py               717   pre_run                   : 27) class=<class 'autopts.ptsprojects.testcase.TestFunc'>, func=<function gatts_start_server at 0x000002413DC3FA60> start_wid=None stop_wid=None post_wid=None skip_call=None call_count=0 args=() kwds={}
2024-02-23 20:03:39,286 LT1-thread root DEBUG testcase.py               717   pre_run                   : 28) class=<class 'autopts.ptsprojects.testcase.TestFuncCleanUp'>, func=<bound method Stack.cleanup of <autopts.ptsprojects.stack.stack.Stack object at 0x000002413F79B9D0>> start_wid=None stop_wid=None post_wid=None skip_call=None call_count=0 args=() kwds={}
2024-02-23 20:03:39,286 LT1-thread root DEBUG testcase.py               717   pre_run                   : 29) class=<class 'autopts.ptsprojects.testcase.TestFuncCleanUp'>, func=<bound method ZephyrCtl.stop of <autopts.ptsprojects.zephyr.iutctl.ZephyrCtl object at 0x000002413F79B8E0>> start_wid=None stop_wid=None post_wid=None skip_call=None call_count=0 args=() kwds={}
2024-02-23 20:03:39,286 LT1-thread root DEBUG testcase.py               724   pre_run                   : pre_run, run pre test case script
2024-02-23 20:03:39,290 LT1-thread root DEBUG testcase.py               253   start                     : Starting test function: class=<class 'autopts.ptsprojects.testcase.TestFunc'>, func=<bound method Stack.core_init of <autopts.ptsprojects.stack.stack.Stack object at 0x000002413F79B9D0>> start_wid=None stop_wid=None post_wid=None skip_call=None call_count=1 args=() kwds={}
2024-02-23 20:03:39,290 LT1-thread root DEBUG testcase.py               265   start                     : Test function parameters: args=(), kwds={}
2024-02-23 20:03:39,290 LT1-thread root DEBUG testcase.py               253   start                     : Starting test function: class=<class 'autopts.ptsprojects.testcase.TestFunc'>, func=<bound method ZephyrCtl.hw_reset of <autopts.ptsprojects.zephyr.iutctl.ZephyrCtl object at 0x000002413F79B8E0>> start_wid=None stop_wid=None post_wid=None skip_call=None call_count=1 args=() kwds={}
2024-02-23 20:03:39,290 LT1-thread root DEBUG testcase.py               265   start                     : Test function parameters: args=(), kwds={}
2024-02-23 20:03:39,290 LT1-thread root DEBUG testcase.py               253   start                     : Starting test function: class=<class 'autopts.ptsprojects.testcase.TestFunc'>, func=<bound method ZephyrCtl.start of <autopts.ptsprojects.zephyr.iutctl.ZephyrCtl object at 0x000002413F79B8E0>> start_wid=None stop_wid=None post_wid=None skip_call=None call_count=1 args=(<autopts.ptsprojects.zephyr.ztestcase.ZTestCase object at 0x000002413F813670>,) kwds={}
2024-02-23 20:03:39,291 LT1-thread root DEBUG testcase.py               265   start                     : Test function parameters: args=(<autopts.ptsprojects.zephyr.ztestcase.ZTestCase object at 0x000002413F813670>,), kwds={}
2024-02-23 20:03:39,291 LT1-thread root DEBUG iutctl.py                 103   start                     : <class 'autopts.ptsprojects.zephyr.iutctl.ZephyrCtl'>.start
2024-02-23 20:03:39,291 LT1-thread root DEBUG iutctl.py                 168   flush_serial              : <class 'autopts.ptsprojects.zephyr.iutctl.ZephyrCtl'>.flush_serial
2024-02-23 20:03:40,391 LT1-thread root DEBUG iutctl.py                 133   start                     : Starting socat process: socat.exe -x -v tcp:192.168.9.43:63559,retry=100,interval=1 /dev/ttyS2,raw,b115200
2024-02-23 20:03:40,395 LT1-thread root DEBUG iutctl_common.py          293   accept                    : accept
2024-02-23 20:03:40,415 BTPWorkerThread-2168 root DEBUG iutctl_common.py          198   _rx_task                  : BTPWorkerThread-2168 started
2024-02-23 20:03:40,416 LT1-thread root DEBUG testcase.py               253   start                     : Starting test function: class=<class 'autopts.ptsprojects.testcase.TestFunc'>, func=<bound method ZephyrCtl.hw_reset of <autopts.ptsprojects.zephyr.iutctl.ZephyrCtl object at 0x000002413F79B8E0>> start_wid=None stop_wid=None post_wid=None skip_call=None call_count=1 args=() kwds={}
2024-02-23 20:03:40,416 LT1-thread root DEBUG testcase.py               265   start                     : Test function parameters: args=(), kwds={}
2024-02-23 20:03:40,416 LT1-thread root DEBUG testcase.py               253   start                     : Starting test function: class=<class 'autopts.ptsprojects.testcase.TestFunc'>, func=<bound method ZephyrCtl.wait_iut_ready_event of <autopts.ptsprojects.zephyr.iutctl.ZephyrCtl object at 0x000002413F79B8E0>> start_wid=None stop_wid=None post_wid=None skip_call=None call_count=1 args=(False,) kwds={}
2024-02-23 20:03:40,416 LT1-thread root DEBUG testcase.py               265   start                     : Test function parameters: args=(False,), kwds={}
2024-02-23 20:03:40,416 LT1-thread root DEBUG iutctl.py                 229   wait_iut_ready_event      : IUT ready event received OK
2024-02-23 20:03:40,416 LT1-thread root DEBUG testcase.py               253   start                     : Starting test function: class=<class 'autopts.ptsprojects.testcase.TestFunc'>, func=<function core_reg_svc_gap at 0x000002413DC25DC0> start_wid=None stop_wid=None post_wid=None skip_call=None call_count=88 args=() kwds={}
2024-02-23 20:03:40,416 LT1-thread root DEBUG testcase.py               265   start                     : Test function parameters: args=(), kwds={}
2024-02-23 20:03:40,416 LT1-thread root DEBUG btp.py                    431   core_reg_svc_gap          : core_reg_svc_gap
2024-02-23 20:03:40,416 LT1-thread root DEBUG iutctl_common.py          106   send                      : send, 0 3 255 '1'
2024-02-23 20:03:40,417 LT1-thread root DEBUG iutctl_common.py          111   send                      : sending frame '0003ff010001'
2024-02-23 20:03:40,417 LT1-thread root DEBUG btp.py                    660   core_reg_svc_rsp_succ     : core_reg_svc_rsp_succ
2024-02-23 20:03:40,417 LT1-thread root DEBUG iutctl_common.py          230   read                      : read
2024-02-23 20:03:40,436 BTPWorkerThread-2168 root DEBUG iutctl_common.py          76    read                      : Read 5 bytes
2024-02-23 20:03:40,452 BTPWorkerThread-2168 root DEBUG iutctl_common.py          83    read                      : Received: hdr: Header(svc_id=0, op=3, ctrl_index=255, data_len=0) bytearray(b'\x00\x03\xff\x00\x00')
2024-02-23 20:03:40,468 BTPWorkerThread-2168 root DEBUG iutctl_common.py          99    read                      : Received data: {''}, bytearray(b'')
2024-02-23 20:03:40,484 LT1-thread root DEBUG btp.py                    671   core_reg_svc_rsp_succ     : received Header(svc_id=0, op=3, ctrl_index=255, data_len=0) (b'',)
2024-02-23 20:03:40,484 LT1-thread root DEBUG btp.py                    672   core_reg_svc_rsp_succ     : expected ((0, 3, 255, 0), (b'',))
2024-02-23 20:03:40,484 LT1-thread root DEBUG btp.py                    677   core_reg_svc_rsp_succ     : response is valid
2024-02-23 20:03:40,484 LT1-thread root DEBUG testcase.py               253   start                     : Starting test function: class=<class 'autopts.ptsprojects.testcase.TestFunc'>, func=<bound method Stack.gap_init of <autopts.ptsprojects.stack.stack.Stack object at 0x000002413F79B9D0>> start_wid=None stop_wid=None post_wid=None skip_call=None call_count=88 args=(b'Tester_101DEE', 'ABCD', '1111', '1111', '11', '1111', b'\x17github.com/auto-pts', (8, 'PADV_Tester'), 'FF') kwds={}
2024-02-23 20:03:40,484 LT1-thread root DEBUG testcase.py               265   start                     : Test function parameters: args=(b'Tester_101DEE', 'ABCD', '1111', '1111', '11', '1111', b'\x17github.com/auto-pts', (8, 'PADV_Tester'), 'FF'), kwds={}
2024-02-23 20:03:40,484 LT1-thread root DEBUG testcase.py               253   start                     : Starting test function: class=<class 'autopts.ptsprojects.testcase.TestFunc'>, func=<function gap_read_ctrl_info at 0x000002413DC3AB80> start_wid=None stop_wid=None post_wid=None skip_call=None call_count=88 args=() kwds={}
2024-02-23 20:03:40,484 LT1-thread root DEBUG testcase.py               265   start                     : Test function parameters: args=(), kwds={}
2024-02-23 20:03:40,484 LT1-thread root DEBUG gap.py                    933   gap_read_ctrl_info        : gap_read_ctrl_info
2024-02-23 20:03:40,484 LT1-thread root DEBUG iutctl_common.py          106   send                      : send, 1 3 0 ''
2024-02-23 20:03:40,484 LT1-thread root DEBUG iutctl_common.py          111   send                      : sending frame '0103000000'
2024-02-23 20:03:40,485 LT1-thread root DEBUG iutctl_common.py          230   read                      : read
2024-02-23 20:03:40,736 BTPWorkerThread-2168 root DEBUG iutctl_common.py          76    read                      : Read 5 bytes
2024-02-23 20:03:40,752 BTPWorkerThread-2168 root DEBUG iutctl_common.py          83    read                      : Received: hdr: Header(svc_id=1, op=3, ctrl_index=0, data_len=277) bytearray(b'\x01\x03\x00\x15\x01')
2024-02-23 20:03:40,768 BTPWorkerThread-2168 root DEBUG iutctl_common.py          91    read                      : Read 277 bytes data
2024-02-23 20:03:40,784 BTPWorkerThread-2168 root DEBUG iutctl_common.py          99    read                      : Received data: {'c8 04 09 c0 ec d7 13 06 02 00 13 82 00 00 00 00 00 62 74 70 5f 74 65 73 74 65 72 00 00 00 00 00 00 00 00 00 00 00 00 00 00 00 00 00 00 00 00 00 00 00 00 00 00 00 00 00 00 00 00 00 00 00 00 00 00 00 00 00 00 00 00 00 00 00 00 00 00 00 00 00 00 00 00 00 00 00 00 00 00 00 00 00 00 00 00 00 00 00 00 00 00 00 00 00 00 00 00 00 00 00 00 00 00 00 00 00 00 00 00 00 00 00 00 00 00 00 00 00 00 00 00 00 00 00 00 00 00 00 00 00 00 00 00 00 00 00 00 00 00 00 00 00 00 00 00 00 00 00 00 00 00 00 00 00 00 00 00 00 00 00 00 00 00 00 00 00 00 00 00 00 00 00 00 00 00 00 00 00 00 00 00 00 00 00 00 00 00 00 00 00 00 00 00 00 00 00 00 00 00 00 00 00 00 00 00 00 00 00 00 00 00 00 00 00 00 00 00 00 00 00 00 00 00 00 00 00 00 00 00 00 00 00 00 00 00 00 00 00 00 00 00 00 00 00 00 00 00 00 00 00 00 00 00 00 00 00 00 00 00 00 00 00 00 00 00 00 00'}, bytearray(b'\xc8\x04\t\xc0\xec\xd7\x13\x06\x02\x00\x13\x82\x00\x00\x00\x00\x00btp_tester\x00\x00\x00\x00\x00\x00\x00\x00\x00\x00\x00\x00\x00\x00\x00\x00\x00\x00\x00\x00\x00\x00\x00\x00\x00\x00\x00\x00\x00\x00\x00\x00\x00\x00\x00\x00\x00\x00\x00\x00\x00\x00\x00\x00\x00\x00\x00\x00\x00\x00\x00\x00\x00\x00\x00\x00\x00\x00\x00\x00\x00\x00\x00\x00\x00\x00\x00\x00\x00\x00\x00\x00\x00\x00\x00\x00\x00\x00\x00\x00\x00\x00\x00\x00\x00\x00\x00\x00\x00\x00\x00\x00\x00\x00\x00\x00\x00\x00\x00\x00\x00\x00\x00\x00\x00\x00\x00\x00\x00\x00\x00\x00\x00\x00\x00\x00\x00\x00\x00\x00\x00\x00\x00\x00\x00\x00\x00\x00\x00\x00\x00\x00\x00\x00\x00\x00\x00\x00\x00\x00\x00\x00\x00\x00\x00\x00\x00\x00\x00\x00\x00\x00\x00\x00\x00\x00\x00\x00\x00\x00\x00\x00\x00\x00\x00\x00\x00\x00\x00\x00\x00\x00\x00\x00\x00\x00\x00\x00\x00\x00\x00\x00\x00\x00\x00\x00\x00\x00\x00\x00\x00\x00\x00\x00\x00\x00\x00\x00\x00\x00\x00\x00\x00\x00\x00\x00\x00\x00\x00\x00\x00\x00\x00\x00\x00\x00\x00\x00\x00\x00\x00\x00\x00\x00\x00\x00\x00\x00\x00\x00\x00\x00\x00\x00\x00\x00\x00\x00\x00\x00\x00\x00\x00\x00\x00\x00\x00\x00\x00\x00')
2024-02-23 20:03:40,831 LT1-thread root DEBUG gap.py                    940   gap_read_ctrl_info        : received Header(svc_id=1, op=3, ctrl_index=0, data_len=277) (b'\xc8\x04\t\xc0\xec\xd7\x13\x06\x02\x00\x13\x82\x00\x00\x00\x00\x00btp_tester\x00\x00\x00\x00\x00\x00\x00\x00\x00\x00\x00\x00\x00\x00\x00\x00\x00\x00\x00\x00\x00\x00\x00\x00\x00\x00\x00\x00\x00\x00\x00\x00\x00\x00\x00\x00\x00\x00\x00\x00\x00\x00\x00\x00\x00\x00\x00\x00\x00\x00\x00\x00\x00\x00\x00\x00\x00\x00\x00\x00\x00\x00\x00\x00\x00\x00\x00\x00\x00\x00\x00\x00\x00\x00\x00\x00\x00\x00\x00\x00\x00\x00\x00\x00\x00\x00\x00\x00\x00\x00\x00\x00\x00\x00\x00\x00\x00\x00\x00\x00\x00\x00\x00\x00\x00\x00\x00\x00\x00\x00\x00\x00\x00\x00\x00\x00\x00\x00\x00\x00\x00\x00\x00\x00\x00\x00\x00\x00\x00\x00\x00\x00\x00\x00\x00\x00\x00\x00\x00\x00\x00\x00\x00\x00\x00\x00\x00\x00\x00\x00\x00\x00\x00\x00\x00\x00\x00\x00\x00\x00\x00\x00\x00\x00\x00\x00\x00\x00\x00\x00\x00\x00\x00\x00\x00\x00\x00\x00\x00\x00\x00\x00\x00\x00\x00\x00\x00\x00\x00\x00\x00\x00\x00\x00\x00\x00\x00\x00\x00\x00\x00\x00\x00\x00\x00\x00\x00\x00\x00\x00\x00\x00\x00\x00\x00\x00\x00\x00\x00\x00\x00\x00\x00\x00\x00\x00\x00\x00\x00\x00\x00\x00\x00\x00\x00\x00\x00\x00\x00\x00\x00\x00\x00\x00\x00\x00\x00\x00\x00\x00',)
2024-02-23 20:03:40,831 LT1-thread root DEBUG gap.py                    961   gap_read_ctrl_info        : IUT address 'd7ecc00904c8' 'random'
2024-02-23 20:03:40,831 LT1-thread root DEBUG gap.py                    396   __gap_current_settings_update : __gap_current_settings_update 33299
2024-02-23 20:03:40,831 LT1-thread root DEBUG testcase.py               253   start                     : Starting test function: class=<class 'autopts.ptsprojects.testcase.TestFunc'>, func=<function test_cases.<locals>.<lambda> at 0x000002413F7E29D0> start_wid=None stop_wid=None post_wid=None skip_call=None call_count=88 args=() kwds={}
2024-02-23 20:03:40,831 LT1-thread root DEBUG testcase.py               265   start                     : Test function parameters: args=(), kwds={}
2024-02-23 20:03:40,841 LT1-thread root DEBUG testcase.py               253   start                     : Starting test function: class=<class 'autopts.ptsprojects.testcase.TestFunc'>, func=<function test_cases.<locals>.<lambda> at 0x000002413F7E2940> start_wid=None stop_wid=None post_wid=None skip_call=None call_count=88 args=() kwds={}
2024-02-23 20:03:40,842 LT1-thread root DEBUG testcase.py               265   start                     : Test function parameters: args=(), kwds={}
2024-02-23 20:03:40,851 LT1-thread root DEBUG testcase.py               253   start                     : Starting test function: class=<class 'autopts.ptsprojects.testcase.TestFunc'>, func=<function test_cases.<locals>.<lambda> at 0x000002413F7E28B0> start_wid=None stop_wid=None post_wid=None skip_call=None call_count=88 args=() kwds={}
2024-02-23 20:03:40,851 LT1-thread root DEBUG testcase.py               265   start                     : Test function parameters: args=(), kwds={}
2024-02-23 20:03:40,861 LT1-thread root DEBUG testcase.py               253   start                     : Starting test function: class=<class 'autopts.ptsprojects.testcase.TestFunc'>, func=<function test_cases.<locals>.<lambda> at 0x000002413F7E2700> start_wid=None stop_wid=None post_wid=None skip_call=None call_count=88 args=() kwds={}
2024-02-23 20:03:40,861 LT1-thread root DEBUG testcase.py               265   start                     : Test function parameters: args=(), kwds={}
2024-02-23 20:03:40,871 LT1-thread root DEBUG testcase.py               253   start                     : Starting test function: class=<class 'autopts.ptsprojects.testcase.TestFunc'>, func=<function test_cases.<locals>.<lambda> at 0x000002413F7E2790> start_wid=None stop_wid=None post_wid=None skip_call=None call_count=88 args=() kwds={}
2024-02-23 20:03:40,871 LT1-thread root DEBUG testcase.py               265   start                     : Test function parameters: args=(), kwds={}
2024-02-23 20:03:40,880 LT1-thread root DEBUG testcase.py               253   start                     : Starting test function: class=<class 'autopts.ptsprojects.testcase.TestFunc'>, func=<function test_cases.<locals>.<lambda> at 0x000002413F7E2670> start_wid=None stop_wid=None post_wid=None skip_call=None call_count=88 args=() kwds={}
2024-02-23 20:03:40,880 LT1-thread root DEBUG testcase.py               265   start                     : Test function parameters: args=(), kwds={}
2024-02-23 20:03:40,890 LT1-thread root DEBUG testcase.py               253   start                     : Starting test function: class=<class 'autopts.ptsprojects.testcase.TestFunc'>, func=<function test_cases.<locals>.<lambda> at 0x000002413F7E2550> start_wid=None stop_wid=None post_wid=None skip_call=None call_count=88 args=() kwds={}
2024-02-23 20:03:40,890 LT1-thread root DEBUG testcase.py               265   start                     : Test function parameters: args=(), kwds={}
2024-02-23 20:03:40,899 LT1-thread root DEBUG testcase.py               253   start                     : Starting test function: class=<class 'autopts.ptsprojects.testcase.TestFunc'>, func=<function test_cases.<locals>.<lambda> at 0x000002413F7E25E0> start_wid=None stop_wid=None post_wid=None skip_call=None call_count=88 args=() kwds={}
2024-02-23 20:03:40,899 LT1-thread root DEBUG testcase.py               265   start                     : Test function parameters: args=(), kwds={}
2024-02-23 20:03:40,909 LT1-thread root DEBUG testcase.py               253   start                     : Starting test function: class=<class 'autopts.ptsprojects.testcase.TestFunc'>, func=<function test_cases.<locals>.<lambda> at 0x000002413F7E2AF0> start_wid=None stop_wid=None post_wid=None skip_call=None call_count=88 args=() kwds={}
2024-02-23 20:03:40,909 LT1-thread root DEBUG testcase.py               265   start                     : Test function parameters: args=(), kwds={}
2024-02-23 20:03:40,918 LT1-thread root DEBUG testcase.py               253   start                     : Starting test function: class=<class 'autopts.ptsprojects.testcase.TestFunc'>, func=<function test_cases.<locals>.<lambda> at 0x000002413F7E2A60> start_wid=None stop_wid=None post_wid=None skip_call=None call_count=88 args=() kwds={}
2024-02-23 20:03:40,918 LT1-thread root DEBUG testcase.py               265   start                     : Test function parameters: args=(), kwds={}
2024-02-23 20:03:40,928 LT1-thread root DEBUG testcase.py               253   start                     : Starting test function: class=<class 'autopts.ptsprojects.testcase.TestFunc'>, func=<function test_cases.<locals>.<lambda> at 0x000002413F7E2B80> start_wid=None stop_wid=None post_wid=None skip_call=None call_count=88 args=() kwds={}
2024-02-23 20:03:40,928 LT1-thread root DEBUG testcase.py               265   start                     : Test function parameters: args=(), kwds={}
2024-02-23 20:03:40,937 LT1-thread root DEBUG testcase.py               253   start                     : Starting test function: class=<class 'autopts.ptsprojects.testcase.TestFunc'>, func=<function test_cases.<locals>.<lambda> at 0x000002413F7E2C10> start_wid=None stop_wid=None post_wid=None skip_call=None call_count=88 args=() kwds={}
2024-02-23 20:03:40,937 LT1-thread root DEBUG testcase.py               265   start                     : Test function parameters: args=(), kwds={}
2024-02-23 20:03:40,947 LT1-thread root DEBUG testcase.py               253   start                     : Starting test function: class=<class 'autopts.ptsprojects.testcase.TestFunc'>, func=<function core_reg_svc_gatt at 0x000002413DC25EE0> start_wid=None stop_wid=None post_wid=None skip_call=None call_count=88 args=() kwds={}
2024-02-23 20:03:40,947 LT1-thread root DEBUG testcase.py               265   start                     : Test function parameters: args=(), kwds={}
2024-02-23 20:03:40,947 LT1-thread root DEBUG btp.py                    449   core_reg_svc_gatt         : core_reg_svc_gatt
2024-02-23 20:03:40,947 LT1-thread root DEBUG iutctl_common.py          106   send                      : send, 0 3 255 '2'
2024-02-23 20:03:40,947 LT1-thread root DEBUG iutctl_common.py          111   send                      : sending frame '0003ff010002'
2024-02-23 20:03:40,947 LT1-thread root DEBUG btp.py                    660   core_reg_svc_rsp_succ     : core_reg_svc_rsp_succ
2024-02-23 20:03:40,947 LT1-thread root DEBUG iutctl_common.py          230   read                      : read
2024-02-23 20:03:41,019 BTPWorkerThread-2168 root DEBUG iutctl_common.py          76    read                      : Read 5 bytes
2024-02-23 20:03:41,019 BTPWorkerThread-2168 root DEBUG iutctl_common.py          83    read                      : Received: hdr: Header(svc_id=0, op=3, ctrl_index=255, data_len=0) bytearray(b'\x00\x03\xff\x00\x00')
2024-02-23 20:03:41,035 BTPWorkerThread-2168 root DEBUG iutctl_common.py          99    read                      : Received data: {''}, bytearray(b'')
2024-02-23 20:03:41,035 LT1-thread root DEBUG btp.py                    671   core_reg_svc_rsp_succ     : received Header(svc_id=0, op=3, ctrl_index=255, data_len=0) (b'',)
2024-02-23 20:03:41,035 LT1-thread root DEBUG btp.py                    672   core_reg_svc_rsp_succ     : expected ((0, 3, 255, 0), (b'',))
2024-02-23 20:03:41,035 LT1-thread root DEBUG btp.py                    677   core_reg_svc_rsp_succ     : response is valid
2024-02-23 20:03:41,035 LT1-thread root DEBUG testcase.py               253   start                     : Starting test function: class=<class 'autopts.ptsprojects.testcase.TestFunc'>, func=<bound method Stack.gatt_init of <autopts.ptsprojects.stack.stack.Stack object at 0x000002413F79B9D0>> start_wid=None stop_wid=None post_wid=None skip_call=None call_count=88 args=() kwds={}
2024-02-23 20:03:41,035 LT1-thread root DEBUG testcase.py               265   start                     : Test function parameters: args=(), kwds={}
2024-02-23 20:03:41,035 LT1-thread root DEBUG testcase.py               253   start                     : Starting test function: class=<class 'autopts.ptsprojects.testcase.TestFunc'>, func=<function gap_set_io_cap at 0x000002413DC3A1F0> start_wid=None stop_wid=None post_wid=None skip_call=None call_count=88 args=(4,) kwds={}
2024-02-23 20:03:41,035 LT1-thread root DEBUG testcase.py               265   start                     : Test function parameters: args=(4,), kwds={}
2024-02-23 20:03:41,035 LT1-thread root DEBUG gap.py                    655   gap_set_io_cap            : gap_set_io_cap 4
2024-02-23 20:03:41,036 LT1-thread root DEBUG iutctl_common.py          106   send                      : send, 1 16 0 '\x04'
2024-02-23 20:03:41,036 LT1-thread root DEBUG iutctl_common.py          111   send                      : sending frame '011000010004'
2024-02-23 20:03:41,036 LT1-thread root DEBUG gap.py                    968   gap_command_rsp_succ      : gap_command_rsp_succ
2024-02-23 20:03:41,036 LT1-thread root DEBUG iutctl_common.py          230   read                      : read
2024-02-23 20:03:41,112 BTPWorkerThread-2168 root DEBUG iutctl_common.py          76    read                      : Read 5 bytes
2024-02-23 20:03:41,112 BTPWorkerThread-2168 root DEBUG iutctl_common.py          83    read                      : Received: hdr: Header(svc_id=1, op=16, ctrl_index=0, data_len=0) bytearray(b'\x01\x10\x00\x00\x00')
2024-02-23 20:03:41,127 BTPWorkerThread-2168 root DEBUG iutctl_common.py          99    read                      : Received data: {''}, bytearray(b'')
2024-02-23 20:03:41,142 LT1-thread root DEBUG gap.py                    973   gap_command_rsp_succ      : received Header(svc_id=1, op=16, ctrl_index=0, data_len=0) (b'',)
2024-02-23 20:03:41,142 LT1-thread root DEBUG testcase.py               253   start                     : Starting test function: class=<class 'autopts.ptsprojects.testcase.TestFunc'>, func=<function set_pts_addr at 0x000002413DC25B80> start_wid=None stop_wid=None post_wid=None skip_call=None call_count=88 args=('C0:07:E8:10:1D:EE', 0) kwds={}
2024-02-23 20:03:41,142 LT1-thread root DEBUG testcase.py               265   start                     : Test function parameters: args=('C0:07:E8:10:1D:EE', 0), kwds={}
2024-02-23 20:03:41,142 LT1-thread root DEBUG testcase.py               253   start                     : Starting test function: class=<class 'autopts.ptsprojects.testcase.TestFunc'>, func=<function gatts_add_svc at 0x000002413DC3F670> start_wid=None stop_wid=None post_wid=None skip_call=None call_count=1 args=(0, 'AA51') kwds={}
2024-02-23 20:03:41,142 LT1-thread root DEBUG testcase.py               265   start                     : Test function parameters: args=(0, 'AA51'), kwds={}
2024-02-23 20:03:41,142 LT1-thread root DEBUG gatt.py                   124   gatts_add_svc             : gatts_add_svc 0 'AA51'
2024-02-23 20:03:41,142 LT1-thread root DEBUG iutctl_common.py          106   send                      : send, 2 2 0 "bytearray(b'\\x00\\x02\\xaaQ')"
2024-02-23 20:03:41,142 LT1-thread root DEBUG iutctl_common.py          111   send                      : sending frame '02020004000002aa51'
2024-02-23 20:03:41,142 LT1-thread root DEBUG gatt.py                   1141  gatt_command_rsp_succ     : gatt_command_rsp_succ
2024-02-23 20:03:41,143 LT1-thread root DEBUG iutctl_common.py          230   read                      : read
2024-02-23 20:03:41,205 BTPWorkerThread-2168 root DEBUG iutctl_common.py          76    read                      : Read 5 bytes
2024-02-23 20:03:41,205 BTPWorkerThread-2168 root DEBUG iutctl_common.py          83    read                      : Received: hdr: Header(svc_id=2, op=2, ctrl_index=0, data_len=2) bytearray(b'\x02\x02\x00\x02\x00')
2024-02-23 20:03:41,236 BTPWorkerThread-2168 root DEBUG iutctl_common.py          91    read                      : Read 2 bytes data
2024-02-23 20:03:41,252 BTPWorkerThread-2168 root DEBUG iutctl_common.py          99    read                      : Received data: {'00 00'}, bytearray(b'\x00\x00')
2024-02-23 20:03:41,267 LT1-thread root DEBUG gatt.py                   1146  gatt_command_rsp_succ     : received Header(svc_id=2, op=2, ctrl_index=0, data_len=2) (b'\x00\x00',)
2024-02-23 20:03:41,267 LT1-thread root DEBUG testcase.py               253   start                     : Starting test function: class=<class 'autopts.ptsprojects.testcase.TestFunc'>, func=<function gatts_add_char at 0x000002413DC3F790> start_wid=None stop_wid=None post_wid=None skip_call=None call_count=1 args=(0, 66, 33, 'AA54') kwds={}
2024-02-23 20:03:41,267 LT1-thread root DEBUG testcase.py               265   start                     : Test function parameters: args=(0, 66, 33, 'AA54'), kwds={}
2024-02-23 20:03:41,267 LT1-thread root DEBUG gatt.py                   158   gatts_add_char            : gatts_add_char 0 66 33 'AA54'
2024-02-23 20:03:41,267 LT1-thread root DEBUG iutctl_common.py          106   send                      : send, 2 3 0 "bytearray(b'\\x00\\x00B!\\x02\\xaaT')"
2024-02-23 20:03:41,267 LT1-thread root DEBUG iutctl_common.py          111   send                      : sending frame '02030007000000422102aa54'
2024-02-23 20:03:41,267 LT1-thread root DEBUG gatt.py                   1141  gatt_command_rsp_succ     : gatt_command_rsp_succ
2024-02-23 20:03:41,267 LT1-thread root DEBUG iutctl_common.py          230   read                      : read
2024-02-23 20:03:41,329 BTPWorkerThread-2168 root DEBUG iutctl_common.py          76    read                      : Read 5 bytes
2024-02-23 20:03:41,345 BTPWorkerThread-2168 root DEBUG iutctl_common.py          83    read                      : Received: hdr: Header(svc_id=2, op=3, ctrl_index=0, data_len=2) bytearray(b'\x02\x03\x00\x02\x00')
2024-02-23 20:03:41,377 BTPWorkerThread-2168 root DEBUG iutctl_common.py          91    read                      : Read 2 bytes data
2024-02-23 20:03:41,393 BTPWorkerThread-2168 root DEBUG iutctl_common.py          99    read                      : Received data: {'00 00'}, bytearray(b'\x00\x00')
2024-02-23 20:03:41,408 LT1-thread root DEBUG gatt.py                   1146  gatt_command_rsp_succ     : received Header(svc_id=2, op=3, ctrl_index=0, data_len=2) (b'\x00\x00',)
2024-02-23 20:03:41,408 LT1-thread root DEBUG testcase.py               253   start                     : Starting test function: class=<class 'autopts.ptsprojects.testcase.TestFunc'>, func=<function gatts_set_val at 0x000002413DC3F820> start_wid=None stop_wid=None post_wid=None skip_call=None call_count=1 args=(0, '03') kwds={}
2024-02-23 20:03:41,408 LT1-thread root DEBUG testcase.py               265   start                     : Test function parameters: args=(0, '03'), kwds={}
2024-02-23 20:03:41,408 LT1-thread root DEBUG gatt.py                   190   gatts_set_val             : gatts_set_val 0 '03' 
2024-02-23 20:03:41,408 LT1-thread root DEBUG iutctl_common.py          106   send                      : send, 2 6 0 "bytearray(b'\\x00\\x00\\x01\\x00\\x03')"
2024-02-23 20:03:41,408 LT1-thread root DEBUG iutctl_common.py          111   send                      : sending frame '02060005000000010003'
2024-02-23 20:03:41,408 LT1-thread root DEBUG gatt.py                   1141  gatt_command_rsp_succ     : gatt_command_rsp_succ
2024-02-23 20:03:41,408 LT1-thread root DEBUG iutctl_common.py          230   read                      : read
2024-02-23 20:03:41,504 BTPWorkerThread-2168 root DEBUG iutctl_common.py          76    read                      : Read 5 bytes
2024-02-23 20:03:41,536 BTPWorkerThread-2168 root DEBUG iutctl_common.py          83    read                      : Received: hdr: Header(svc_id=2, op=6, ctrl_index=0, data_len=0) bytearray(b'\x02\x06\x00\x00\x00')
2024-02-23 20:03:41,568 BTPWorkerThread-2168 root DEBUG iutctl_common.py          99    read                      : Received data: {''}, bytearray(b'')
2024-02-23 20:03:41,600 LT1-thread root DEBUG gatt.py                   1146  gatt_command_rsp_succ     : received Header(svc_id=2, op=6, ctrl_index=0, data_len=0) (b'',)
2024-02-23 20:03:41,600 LT1-thread root DEBUG testcase.py               253   start                     : Starting test function: class=<class 'autopts.ptsprojects.testcase.TestFunc'>, func=<function gatts_start_server at 0x000002413DC3FA60> start_wid=None stop_wid=None post_wid=None skip_call=None call_count=1 args=() kwds={}
2024-02-23 20:03:41,600 LT1-thread root DEBUG testcase.py               265   start                     : Test function parameters: args=(), kwds={}
2024-02-23 20:03:41,600 LT1-thread root DEBUG gatt.py                   286   gatts_start_server        : gatts_start_server
2024-02-23 20:03:41,600 LT1-thread root DEBUG iutctl_common.py          106   send                      : send, 2 7 0 ''
2024-02-23 20:03:41,600 LT1-thread root DEBUG iutctl_common.py          111   send                      : sending frame '0207000000'
2024-02-23 20:03:41,601 LT1-thread root DEBUG gatt.py                   1141  gatt_command_rsp_succ     : gatt_command_rsp_succ
2024-02-23 20:03:41,601 LT1-thread root DEBUG iutctl_common.py          230   read                      : read
2024-02-23 20:03:41,680 BTPWorkerThread-2168 root DEBUG iutctl_common.py          76    read                      : Read 5 bytes
2024-02-23 20:03:41,696 BTPWorkerThread-2168 root DEBUG iutctl_common.py          83    read                      : Received: hdr: Header(svc_id=2, op=7, ctrl_index=0, data_len=3) bytearray(b'\x02\x07\x00\x03\x00')
2024-02-23 20:03:41,728 BTPWorkerThread-2168 root DEBUG iutctl_common.py          91    read                      : Read 3 bytes data
2024-02-23 20:03:41,744 BTPWorkerThread-2168 root DEBUG iutctl_common.py          99    read                      : Received data: {'00 00 00'}, bytearray(b'\x00\x00\x00')
2024-02-23 20:03:41,760 LT1-thread root DEBUG gatt.py                   1146  gatt_command_rsp_succ     : received Header(svc_id=2, op=7, ctrl_index=0, data_len=3) (b'\x00\x00\x00',)
2024-02-23 20:03:41,761 LT1-thread root DEBUG client.py                 312   get_result                : ClientCallback.get_result run_test_case
2024-02-23 20:03:43,665 LT1-callback ClientCallback.on_implicit_send INFO client.py                 259   on_implicit_send          : 
    ********************
    BEGIN OnImplicitSend:
    project_name: GAP
    wid: 136
    test_case_name: GAP/SEC/CSIGN/BI-04-C
    description: Please prepare a characteristic that is sign writable which requires also requires authentication. (Security mode 2 level 2) Press OK to continue.
    style: MMI_Style_Ok 0x11040
2024-02-23 20:03:43,665 LT1-callback ClientCallback.on_implicit_send INFO client.py                 272   on_implicit_send          : Calling test cases on_implicit_send
2024-02-23 20:03:43,665 LT1-callback ClientCallback.on_implicit_send INFO client.py                 285   on_implicit_send          : 
    on_implicit_send returned response: WAIT
    END OnImplicitSend
    ********************
2024-02-23 20:03:43,766 LT1-thread root DEBUG testcase.py               671   run_wid                   : GAP GAP/SEC/CSIGN/BI-04-C on_implicit_send
2024-02-23 20:03:43,767 LT1-thread root DEBUG gap_wid.py                25    gap_wid_hdl               : gap_wid_hdl, 136, Please prepare a characteristic that is sign writable which requires also requires authentication. (Security mode 2 level 2) Press OK to continue., GAP/SEC/CSIGN/BI-04-C
2024-02-23 20:03:43,767 LT1-thread root DEBUG gatt.py                   124   gatts_add_svc             : gatts_add_svc 0 'AA51'
2024-02-23 20:03:43,767 LT1-thread root DEBUG iutctl_common.py          106   send                      : send, 2 2 0 "bytearray(b'\\x00\\x02\\xaaQ')"
2024-02-23 20:03:43,769 LT1-thread root DEBUG iutctl_common.py          111   send                      : sending frame '02020004000002aa51'
2024-02-23 20:03:43,770 LT1-thread root DEBUG gatt.py                   1141  gatt_command_rsp_succ     : gatt_command_rsp_succ
2024-02-23 20:03:43,770 LT1-thread root DEBUG iutctl_common.py          230   read                      : read
2024-02-23 20:03:43,814 BTPWorkerThread-2168 root DEBUG iutctl_common.py          76    read                      : Read 5 bytes
2024-02-23 20:03:43,830 BTPWorkerThread-2168 root DEBUG iutctl_common.py          83    read                      : Received: hdr: Header(svc_id=2, op=2, ctrl_index=0, data_len=2) bytearray(b'\x02\x02\x00\x02\x00')
2024-02-23 20:03:43,878 BTPWorkerThread-2168 root DEBUG iutctl_common.py          91    read                      : Read 2 bytes data
2024-02-23 20:03:43,894 BTPWorkerThread-2168 root DEBUG iutctl_common.py          99    read                      : Received data: {'00 00'}, bytearray(b'\x00\x00')
2024-02-23 20:03:43,925 LT1-thread root DEBUG gatt.py                   1146  gatt_command_rsp_succ     : received Header(svc_id=2, op=2, ctrl_index=0, data_len=2) (b'\x00\x00',)
2024-02-23 20:03:43,925 LT1-thread root DEBUG gatt.py                   158   gatts_add_char            : gatts_add_char 0 66 33 'AA52'
2024-02-23 20:03:43,925 LT1-thread root DEBUG iutctl_common.py          106   send                      : send, 2 3 0 "bytearray(b'\\x00\\x00B!\\x02\\xaaR')"
2024-02-23 20:03:43,925 LT1-thread root DEBUG iutctl_common.py          111   send                      : sending frame '02030007000000422102aa52'
2024-02-23 20:03:43,925 LT1-thread root DEBUG gatt.py                   1141  gatt_command_rsp_succ     : gatt_command_rsp_succ
2024-02-23 20:03:43,925 LT1-thread root DEBUG iutctl_common.py          230   read                      : read
2024-02-23 20:03:44,005 BTPWorkerThread-2168 root DEBUG iutctl_common.py          76    read                      : Read 5 bytes
2024-02-23 20:03:44,021 BTPWorkerThread-2168 root DEBUG iutctl_common.py          83    read                      : Received: hdr: Header(svc_id=2, op=3, ctrl_index=0, data_len=2) bytearray(b'\x02\x03\x00\x02\x00')
2024-02-23 20:03:44,037 BTPWorkerThread-2168 root DEBUG iutctl_common.py          91    read                      : Read 2 bytes data
2024-02-23 20:03:44,053 BTPWorkerThread-2168 root DEBUG iutctl_common.py          99    read                      : Received data: {'00 00'}, bytearray(b'\x00\x00')
2024-02-23 20:03:44,069 LT1-thread root DEBUG gatt.py                   1146  gatt_command_rsp_succ     : received Header(svc_id=2, op=3, ctrl_index=0, data_len=2) (b'\x00\x00',)
2024-02-23 20:03:44,069 LT1-thread root DEBUG gatt.py                   190   gatts_set_val             : gatts_set_val 0 '01' 
2024-02-23 20:03:44,069 LT1-thread root DEBUG iutctl_common.py          106   send                      : send, 2 6 0 "bytearray(b'\\x00\\x00\\x01\\x00\\x01')"
2024-02-23 20:03:44,069 LT1-thread root DEBUG iutctl_common.py          111   send                      : sending frame '02060005000000010001'
2024-02-23 20:03:44,069 LT1-thread root DEBUG gatt.py                   1141  gatt_command_rsp_succ     : gatt_command_rsp_succ
2024-02-23 20:03:44,069 LT1-thread root DEBUG iutctl_common.py          230   read                      : read
2024-02-23 20:03:44,131 BTPWorkerThread-2168 root DEBUG iutctl_common.py          76    read                      : Read 5 bytes
2024-02-23 20:03:44,131 BTPWorkerThread-2168 root DEBUG iutctl_common.py          83    read                      : Received: hdr: Header(svc_id=2, op=6, ctrl_index=0, data_len=0) bytearray(b'\x02\x06\x00\x00\x00')
2024-02-23 20:03:44,147 BTPWorkerThread-2168 root DEBUG iutctl_common.py          99    read                      : Received data: {''}, bytearray(b'')
2024-02-23 20:03:44,179 LT1-thread root DEBUG gatt.py                   1146  gatt_command_rsp_succ     : received Header(svc_id=2, op=6, ctrl_index=0, data_len=0) (b'',)
2024-02-23 20:03:44,179 LT1-thread root DEBUG gatt.py                   286   gatts_start_server        : gatts_start_server
2024-02-23 20:03:44,179 LT1-thread root DEBUG iutctl_common.py          106   send                      : send, 2 7 0 ''
2024-02-23 20:03:44,179 LT1-thread root DEBUG iutctl_common.py          111   send                      : sending frame '0207000000'
2024-02-23 20:03:44,179 LT1-thread root DEBUG gatt.py                   1141  gatt_command_rsp_succ     : gatt_command_rsp_succ
2024-02-23 20:03:44,179 LT1-thread root DEBUG iutctl_common.py          230   read                      : read
2024-02-23 20:03:44,258 BTPWorkerThread-2168 root DEBUG iutctl_common.py          76    read                      : Read 5 bytes
2024-02-23 20:03:44,274 BTPWorkerThread-2168 root DEBUG iutctl_common.py          83    read                      : Received: hdr: Header(svc_id=2, op=7, ctrl_index=0, data_len=3) bytearray(b'\x02\x07\x00\x03\x00')
2024-02-23 20:03:44,337 BTPWorkerThread-2168 root DEBUG iutctl_common.py          91    read                      : Read 3 bytes data
2024-02-23 20:03:44,352 BTPWorkerThread-2168 root DEBUG iutctl_common.py          99    read                      : Received data: {'00 00 00'}, bytearray(b'\x00\x00\x00')
2024-02-23 20:03:44,400 LT1-thread root DEBUG gatt.py                   1146  gatt_command_rsp_succ     : received Header(svc_id=2, op=7, ctrl_index=0, data_len=3) (b'\x00\x00\x00',)
2024-02-23 20:03:44,400 LT1-thread root DEBUG testcase.py               707   run_wid                   : Sending response 'Ok' to wid 136 test case GAP/SEC/CSIGN/BI-04-C
2024-02-23 20:03:44,400 LT1-thread root DEBUG client.py                 312   get_result                : ClientCallback.get_result run_test_case
2024-02-23 20:03:48,441 LT1-callback ClientCallback.on_implicit_send INFO client.py                 259   on_implicit_send          : 
    ********************
    BEGIN OnImplicitSend:
    project_name: GAP
    wid: 91
    test_case_name: GAP/SEC/CSIGN/BI-04-C
    description: Please send a connectable undirected advertising report.
    style: MMI_Style_Ok_Cancel2 0x11141
2024-02-23 20:03:48,441 LT1-callback ClientCallback.on_implicit_send INFO client.py                 272   on_implicit_send          : Calling test cases on_implicit_send
2024-02-23 20:03:48,441 LT1-callback ClientCallback.on_implicit_send INFO client.py                 285   on_implicit_send          : 
    on_implicit_send returned response: WAIT
    END OnImplicitSend
    ********************
2024-02-23 20:03:49,441 LT1-thread root DEBUG testcase.py               671   run_wid                   : GAP GAP/SEC/CSIGN/BI-04-C on_implicit_send
2024-02-23 20:03:49,442 LT1-thread root DEBUG gap_wid.py                25    gap_wid_hdl               : gap_wid_hdl, 91, Please send a connectable undirected advertising report., GAP/SEC/CSIGN/BI-04-C
2024-02-23 20:03:49,443 LT1-thread root DEBUG gap.py                    754   gap_set_conn              : gap_set_conn
2024-02-23 20:03:49,443 LT1-thread root DEBUG gap.py                    445   gap_adv_ind_on            : gap_adv_ind_on {9: b'Tester_101DEE'} None
2024-02-23 20:03:49,443 LT1-thread root DEBUG iutctl_common.py          106   send                      : send, 1 10 0 "bytearray(b'\\x0f\\x00\\t\\rTester_101DEE\\xff\\xff\\xff\\xff\\x00')"
2024-02-23 20:03:49,444 LT1-thread root DEBUG iutctl_common.py          111   send                      : sending frame '010a0016000f00090d5465737465725f313031444545ffffffff00'
2024-02-23 20:03:49,444 LT1-thread root DEBUG gap.py                    968   gap_command_rsp_succ      : gap_command_rsp_succ
2024-02-23 20:03:49,445 LT1-thread root DEBUG iutctl_common.py          230   read                      : read
2024-02-23 20:03:49,519 BTPWorkerThread-2168 root DEBUG iutctl_common.py          76    read                      : Read 5 bytes
2024-02-23 20:03:49,519 BTPWorkerThread-2168 root DEBUG iutctl_common.py          83    read                      : Received: hdr: Header(svc_id=1, op=10, ctrl_index=0, data_len=4) bytearray(b'\x01\n\x00\x04\x00')
2024-02-23 20:03:49,535 BTPWorkerThread-2168 root DEBUG iutctl_common.py          91    read                      : Read 4 bytes data
2024-02-23 20:03:49,551 BTPWorkerThread-2168 root DEBUG iutctl_common.py          99    read                      : Received data: {'13 86 00 00'}, bytearray(b'\x13\x86\x00\x00')
2024-02-23 20:03:49,567 LT1-thread root DEBUG gap.py                    973   gap_command_rsp_succ      : received Header(svc_id=1, op=10, ctrl_index=0, data_len=4) (b'\x13\x86\x00\x00',)
2024-02-23 20:03:49,567 LT1-thread root DEBUG gap.py                    396   __gap_current_settings_update : __gap_current_settings_update (b'\x13\x86\x00\x00',)
2024-02-23 20:03:49,567 LT1-thread root DEBUG testcase.py               707   run_wid                   : Sending response 'OK' to wid 91 test case GAP/SEC/CSIGN/BI-04-C
2024-02-23 20:03:49,568 LT1-thread root DEBUG client.py                 312   get_result                : ClientCallback.get_result run_test_case
2024-02-23 20:03:49,693 BTPWorkerThread-2168 root DEBUG iutctl_common.py          76    read                      : Read 5 bytes
2024-02-23 20:03:49,693 BTPWorkerThread-2168 root DEBUG iutctl_common.py          83    read                      : Received: hdr: Header(svc_id=1, op=130, ctrl_index=0, data_len=13) bytearray(b'\x01\x82\x00\r\x00')
2024-02-23 20:03:49,694 BTPWorkerThread-2168 root DEBUG iutctl_common.py          91    read                      : Read 13 bytes data
2024-02-23 20:03:49,694 BTPWorkerThread-2168 root DEBUG iutctl_common.py          99    read                      : Received data: {'00 ee 1d 10 e8 07 c0 38 00 00 00 d0 07'}, bytearray(b'\x00\xee\x1d\x10\xe8\x07\xc08\x00\x00\x00\xd0\x07')
2024-02-23 20:03:49,694 BTPWorkerThread-2168 root DEBUG btp.py                    761   event_handler             : event_handler Header(svc_id=1, op=130, ctrl_index=0, data_len=13) (b'\x00\xee\x1d\x10\xe8\x07\xc08\x00\x00\x00\xd0\x07',)
2024-02-23 20:03:49,694 BTPWorkerThread-2168 root DEBUG gap.py                    170   gap_connected_ev_         : gap_connected_ev_ b'\x00\xee\x1d\x10\xe8\x07\xc08\x00\x00\x00\xd0\x07'
2024-02-23 20:03:49,694 BTPWorkerThread-2168 root DEBUG iutctl_common.py          76    read                      : Read 5 bytes
2024-02-23 20:03:49,694 BTPWorkerThread-2168 root DEBUG iutctl_common.py          83    read                      : Received: hdr: Header(svc_id=1, op=128, ctrl_index=0, data_len=4) bytearray(b'\x01\x80\x00\x04\x00')
2024-02-23 20:03:49,694 BTPWorkerThread-2168 root DEBUG iutctl_common.py          91    read                      : Read 4 bytes data
2024-02-23 20:03:49,694 BTPWorkerThread-2168 root DEBUG iutctl_common.py          99    read                      : Received data: {'13 82 00 00'}, bytearray(b'\x13\x82\x00\x00')
2024-02-23 20:03:49,694 BTPWorkerThread-2168 root DEBUG btp.py                    761   event_handler             : event_handler Header(svc_id=1, op=128, ctrl_index=0, data_len=4) (b'\x13\x82\x00\x00',)
2024-02-23 20:03:49,694 BTPWorkerThread-2168 root DEBUG gap.py                    138   gap_new_settings_ev_      : gap_new_settings_ev_ b'\x13\x82\x00\x00'
2024-02-23 20:03:49,695 BTPWorkerThread-2168 root DEBUG gap.py                    396   __gap_current_settings_update : __gap_current_settings_update 33299
2024-02-23 20:03:51,098 BTPWorkerThread-2168 root DEBUG iutctl_common.py          76    read                      : Read 5 bytes
2024-02-23 20:03:51,098 BTPWorkerThread-2168 root DEBUG iutctl_common.py          83    read                      : Received: hdr: Header(svc_id=1, op=137, ctrl_index=0, data_len=8) bytearray(b'\x01\x89\x00\x08\x00')
2024-02-23 20:03:51,098 BTPWorkerThread-2168 root DEBUG iutctl_common.py          91    read                      : Read 8 bytes data
2024-02-23 20:03:51,098 BTPWorkerThread-2168 root DEBUG iutctl_common.py          99    read                      : Received data: {'00 ee 1d 10 e8 07 c0 02'}, bytearray(b'\x00\xee\x1d\x10\xe8\x07\xc0\x02')
2024-02-23 20:03:51,099 BTPWorkerThread-2168 root DEBUG btp.py                    761   event_handler             : event_handler Header(svc_id=1, op=137, ctrl_index=0, data_len=8) (b'\x00\xee\x1d\x10\xe8\x07\xc0\x02',)
2024-02-23 20:03:51,099 BTPWorkerThread-2168 root DEBUG gap.py                    252   gap_sec_level_changed_ev_ : gap_sec_level_changed_ev_
2024-02-23 20:03:51,099 BTPWorkerThread-2168 root DEBUG gap.py                    254   gap_sec_level_changed_ev_ : received b'\x00\xee\x1d\x10\xe8\x07\xc0\x02'
2024-02-23 20:03:51,099 BTPWorkerThread-2168 root DEBUG gap.py                    265   gap_sec_level_changed_ev_ : received (0, 'c007e8101dee', 2)
2024-02-23 20:03:51,204 LT1-callback ClientCallback.on_implicit_send INFO client.py                 259   on_implicit_send          : 
    ********************
    BEGIN OnImplicitSend:
    project_name: GAP
    wid: 77
    test_case_name: GAP/SEC/CSIGN/BI-04-C
    description: Please send a disconnect request to terminate connection.
    style: MMI_Style_Ok_Cancel2 0x11141
2024-02-23 20:03:51,205 LT1-callback ClientCallback.on_implicit_send INFO client.py                 272   on_implicit_send          : Calling test cases on_implicit_send
2024-02-23 20:03:51,205 LT1-callback ClientCallback.on_implicit_send INFO client.py                 285   on_implicit_send          : 
    on_implicit_send returned response: WAIT
    END OnImplicitSend
    ********************
2024-02-23 20:03:51,595 LT1-thread root DEBUG testcase.py               671   run_wid                   : GAP GAP/SEC/CSIGN/BI-04-C on_implicit_send
2024-02-23 20:03:51,595 LT1-thread root DEBUG gap_wid.py                25    gap_wid_hdl               : gap_wid_hdl, 77, Please send a disconnect request to terminate connection., GAP/SEC/CSIGN/BI-04-C
2024-02-23 20:03:51,595 LT1-thread root DEBUG gap.py                    629   gap_disconn               : gap_disconn None None
2024-02-23 20:03:51,595 LT1-thread root DEBUG iutctl_common.py          106   send                      : send, 1 15 0 "bytearray(b'\\x00\\xee\\x1d\\x10\\xe8\\x07\\xc0')"
2024-02-23 20:03:51,595 LT1-thread root DEBUG iutctl_common.py          111   send                      : sending frame '010f00070000ee1d10e807c0'
2024-02-23 20:03:51,596 LT1-thread root DEBUG iutctl_common.py          230   read                      : read
2024-02-23 20:03:51,674 BTPWorkerThread-2168 root DEBUG iutctl_common.py          76    read                      : Read 5 bytes
2024-02-23 20:03:51,690 BTPWorkerThread-2168 root DEBUG iutctl_common.py          83    read                      : Received: hdr: Header(svc_id=1, op=15, ctrl_index=0, data_len=0) bytearray(b'\x01\x0f\x00\x00\x00')
2024-02-23 20:03:51,690 BTPWorkerThread-2168 root DEBUG iutctl_common.py          99    read                      : Received data: {''}, bytearray(b'')
2024-02-23 20:03:51,800 BTPWorkerThread-2168 root DEBUG iutctl_common.py          76    read                      : Read 5 bytes
2024-02-23 20:03:51,831 BTPWorkerThread-2168 root DEBUG iutctl_common.py          83    read                      : Received: hdr: Header(svc_id=1, op=131, ctrl_index=0, data_len=7) bytearray(b'\x01\x83\x00\x07\x00')
2024-02-23 20:03:51,863 BTPWorkerThread-2168 root DEBUG iutctl_common.py          91    read                      : Read 7 bytes data
2024-02-23 20:03:51,879 BTPWorkerThread-2168 root DEBUG iutctl_common.py          99    read                      : Received data: {'00 ee 1d 10 e8 07 c0'}, bytearray(b'\x00\xee\x1d\x10\xe8\x07\xc0')
2024-02-23 20:03:51,909 BTPWorkerThread-2168 root DEBUG btp.py                    761   event_handler             : event_handler Header(svc_id=1, op=131, ctrl_index=0, data_len=7) (b'\x00\xee\x1d\x10\xe8\x07\xc0',)
2024-02-23 20:03:51,909 BTPWorkerThread-2168 root DEBUG gap.py                    183   gap_disconnected_ev_      : gap_disconnected_ev_ b'\x00\xee\x1d\x10\xe8\x07\xc0'
2024-02-23 20:03:51,909 LT1-thread root DEBUG testcase.py               707   run_wid                   : Sending response 'OK' to wid 77 test case GAP/SEC/CSIGN/BI-04-C
2024-02-23 20:03:51,911 LT1-thread root DEBUG client.py                 312   get_result                : ClientCallback.get_result run_test_case
2024-02-23 20:03:51,912 LT1-callback ClientCallback.on_implicit_send INFO client.py                 259   on_implicit_send          : 
    ********************
    BEGIN OnImplicitSend:
    project_name: GAP
    wid: 91
    test_case_name: GAP/SEC/CSIGN/BI-04-C
    description: Please send a connectable undirected advertising report.
    style: MMI_Style_Ok_Cancel2 0x11141
2024-02-23 20:03:51,912 LT1-callback ClientCallback.on_implicit_send INFO client.py                 272   on_implicit_send          : Calling test cases on_implicit_send
2024-02-23 20:03:51,912 LT1-callback ClientCallback.on_implicit_send INFO client.py                 285   on_implicit_send          : 
    on_implicit_send returned response: WAIT
    END OnImplicitSend
    ********************
2024-02-23 20:03:52,916 LT1-thread root DEBUG testcase.py               671   run_wid                   : GAP GAP/SEC/CSIGN/BI-04-C on_implicit_send
2024-02-23 20:03:52,916 LT1-thread root DEBUG gap_wid.py                25    gap_wid_hdl               : gap_wid_hdl, 91, Please send a connectable undirected advertising report., GAP/SEC/CSIGN/BI-04-C
2024-02-23 20:03:52,916 LT1-thread root DEBUG gap.py                    754   gap_set_conn              : gap_set_conn
2024-02-23 20:03:52,916 LT1-thread root DEBUG gap.py                    445   gap_adv_ind_on            : gap_adv_ind_on {9: b'Tester_101DEE'} None
2024-02-23 20:03:52,916 LT1-thread root DEBUG iutctl_common.py          106   send                      : send, 1 10 0 "bytearray(b'\\x0f\\x00\\t\\rTester_101DEE\\xff\\xff\\xff\\xff\\x00')"
2024-02-23 20:03:52,916 LT1-thread root DEBUG iutctl_common.py          111   send                      : sending frame '010a0016000f00090d5465737465725f313031444545ffffffff00'
2024-02-23 20:03:52,917 LT1-thread root DEBUG gap.py                    968   gap_command_rsp_succ      : gap_command_rsp_succ
2024-02-23 20:03:52,917 LT1-thread root DEBUG iutctl_common.py          230   read                      : read
2024-02-23 20:03:52,979 BTPWorkerThread-2168 root DEBUG iutctl_common.py          76    read                      : Read 5 bytes
2024-02-23 20:03:52,995 BTPWorkerThread-2168 root DEBUG iutctl_common.py          83    read                      : Received: hdr: Header(svc_id=1, op=10, ctrl_index=0, data_len=4) bytearray(b'\x01\n\x00\x04\x00')
2024-02-23 20:03:53,010 BTPWorkerThread-2168 root DEBUG iutctl_common.py          91    read                      : Read 4 bytes data
2024-02-23 20:03:53,026 BTPWorkerThread-2168 root DEBUG iutctl_common.py          99    read                      : Received data: {'13 86 00 00'}, bytearray(b'\x13\x86\x00\x00')
2024-02-23 20:03:53,042 LT1-thread root DEBUG gap.py                    973   gap_command_rsp_succ      : received Header(svc_id=1, op=10, ctrl_index=0, data_len=4) (b'\x13\x86\x00\x00',)
2024-02-23 20:03:53,042 LT1-thread root DEBUG gap.py                    396   __gap_current_settings_update : __gap_current_settings_update (b'\x13\x86\x00\x00',)
2024-02-23 20:03:53,042 LT1-thread root DEBUG testcase.py               707   run_wid                   : Sending response 'OK' to wid 91 test case GAP/SEC/CSIGN/BI-04-C
2024-02-23 20:03:53,043 LT1-thread root DEBUG client.py                 312   get_result                : ClientCallback.get_result run_test_case
2024-02-23 20:03:53,167 BTPWorkerThread-2168 root DEBUG iutctl_common.py          76    read                      : Read 5 bytes
2024-02-23 20:03:53,167 BTPWorkerThread-2168 root DEBUG iutctl_common.py          83    read                      : Received: hdr: Header(svc_id=1, op=130, ctrl_index=0, data_len=13) bytearray(b'\x01\x82\x00\r\x00')
2024-02-23 20:03:53,168 BTPWorkerThread-2168 root DEBUG iutctl_common.py          91    read                      : Read 13 bytes data
2024-02-23 20:03:53,168 BTPWorkerThread-2168 root DEBUG iutctl_common.py          99    read                      : Received data: {'00 ee 1d 10 e8 07 c0 38 00 00 00 d0 07'}, bytearray(b'\x00\xee\x1d\x10\xe8\x07\xc08\x00\x00\x00\xd0\x07')
2024-02-23 20:03:53,168 BTPWorkerThread-2168 root DEBUG btp.py                    761   event_handler             : event_handler Header(svc_id=1, op=130, ctrl_index=0, data_len=13) (b'\x00\xee\x1d\x10\xe8\x07\xc08\x00\x00\x00\xd0\x07',)
2024-02-23 20:03:53,168 BTPWorkerThread-2168 root DEBUG gap.py                    170   gap_connected_ev_         : gap_connected_ev_ b'\x00\xee\x1d\x10\xe8\x07\xc08\x00\x00\x00\xd0\x07'
2024-02-23 20:03:53,168 BTPWorkerThread-2168 root DEBUG iutctl_common.py          76    read                      : Read 5 bytes
2024-02-23 20:03:53,168 BTPWorkerThread-2168 root DEBUG iutctl_common.py          83    read                      : Received: hdr: Header(svc_id=1, op=128, ctrl_index=0, data_len=4) bytearray(b'\x01\x80\x00\x04\x00')
2024-02-23 20:03:53,168 BTPWorkerThread-2168 root DEBUG iutctl_common.py          91    read                      : Read 4 bytes data
2024-02-23 20:03:53,168 BTPWorkerThread-2168 root DEBUG iutctl_common.py          99    read                      : Received data: {'13 82 00 00'}, bytearray(b'\x13\x82\x00\x00')
2024-02-23 20:03:53,168 BTPWorkerThread-2168 root DEBUG btp.py                    761   event_handler             : event_handler Header(svc_id=1, op=128, ctrl_index=0, data_len=4) (b'\x13\x82\x00\x00',)
2024-02-23 20:03:53,168 BTPWorkerThread-2168 root DEBUG gap.py                    138   gap_new_settings_ev_      : gap_new_settings_ev_ b'\x13\x82\x00\x00'
2024-02-23 20:03:53,169 BTPWorkerThread-2168 root DEBUG gap.py                    396   __gap_current_settings_update : __gap_current_settings_update 33299
2024-02-23 20:03:55,939 LT1-callback ClientCallback.on_implicit_send INFO client.py                 259   on_implicit_send          : 
    ********************
    BEGIN OnImplicitSend:
    project_name: GAP
    wid: 161
    test_case_name: GAP/SEC/CSIGN/BI-04-C
    description: Please enter the number of bytes in integer format for the length of the signed write characteristic handle 0x0014. ex: 1, 2 or 3
    style: MMI_Style_Edit1 0x12040
2024-02-23 20:03:55,939 LT1-callback ClientCallback.on_implicit_send INFO client.py                 272   on_implicit_send          : Calling test cases on_implicit_send
2024-02-23 20:03:55,940 LT1-callback ClientCallback.on_implicit_send INFO client.py                 285   on_implicit_send          : 
    on_implicit_send returned response: WAIT
    END OnImplicitSend
    ********************
2024-02-23 20:03:56,070 LT1-thread root DEBUG testcase.py               671   run_wid                   : GAP GAP/SEC/CSIGN/BI-04-C on_implicit_send
2024-02-23 20:03:56,070 LT1-thread root DEBUG gap_wid.py                25    gap_wid_hdl               : gap_wid_hdl, 161, Please enter the number of bytes in integer format for the length of the signed write characteristic handle 0x0014. ex: 1, 2 or 3, GAP/SEC/CSIGN/BI-04-C
2024-02-23 20:03:56,070 LT1-thread root DEBUG gatt.py                   403   gatts_get_attrs           : gatts_get_attrs 20 20 None
2024-02-23 20:03:56,071 LT1-thread root DEBUG iutctl_common.py          106   send                      : send, 2 28 0 "bytearray(b'\\x14\\x00\\x14\\x00\\x00')"
2024-02-23 20:03:56,071 LT1-thread root DEBUG iutctl_common.py          111   send                      : sending frame '021c0005001400140000'
2024-02-23 20:03:56,071 LT1-thread root DEBUG iutctl_common.py          230   read                      : read
2024-02-23 20:03:56,149 BTPWorkerThread-2168 root DEBUG iutctl_common.py          76    read                      : Read 5 bytes
2024-02-23 20:03:56,165 BTPWorkerThread-2168 root DEBUG iutctl_common.py          83    read                      : Received: hdr: Header(svc_id=2, op=28, ctrl_index=0, data_len=7) bytearray(b'\x02\x1c\x00\x07\x00')
2024-02-23 20:03:56,181 BTPWorkerThread-2168 root DEBUG iutctl_common.py          91    read                      : Read 7 bytes data
2024-02-23 20:03:56,197 BTPWorkerThread-2168 root DEBUG iutctl_common.py          99    read                      : Received data: {'01 14 00 61 02 aa 54'}, bytearray(b'\x01\x14\x00a\x02\xaaT')
2024-02-23 20:03:56,228 LT1-thread root DEBUG gatt.py                   434   gatts_get_attrs           : received Header(svc_id=2, op=28, ctrl_index=0, data_len=7) (b'\x01\x14\x00a\x02\xaaT',)
2024-02-23 20:03:56,228 LT1-thread root DEBUG gatt.py                   367   dec_gatts_get_attrs_rp    : dec_gatts_get_attrs_rp b'\x01\x14\x00a\x02\xaaT' 7
2024-02-23 20:03:56,228 LT1-thread root DEBUG gatt.py                   396   dec_gatts_get_attrs_rp    : handle 20 perm 97 type_uuid '54AA'
2024-02-23 20:03:56,228 LT1-thread root DEBUG gatt.py                   443   gatts_get_attr_val        : gatts_get_attr_val 19
2024-02-23 20:03:56,228 LT1-thread root DEBUG iutctl_common.py          106   send                      : send, 2 29 0 "bytearray(b'\\x00\\xee\\x1d\\x10\\xe8\\x07\\xc0\\x13\\x00')"
2024-02-23 20:03:56,228 LT1-thread root DEBUG iutctl_common.py          111   send                      : sending frame '021d00090000ee1d10e807c01300'
2024-02-23 20:03:56,228 LT1-thread root DEBUG iutctl_common.py          230   read                      : read
2024-02-23 20:03:56,292 BTPWorkerThread-2168 root DEBUG iutctl_common.py          76    read                      : Read 5 bytes
2024-02-23 20:03:56,323 BTPWorkerThread-2168 root DEBUG iutctl_common.py          83    read                      : Received: hdr: Header(svc_id=2, op=29, ctrl_index=0, data_len=8) bytearray(b'\x02\x1d\x00\x08\x00')
2024-02-23 20:03:56,387 BTPWorkerThread-2168 root DEBUG iutctl_common.py          91    read                      : Read 8 bytes data
2024-02-23 20:03:56,402 BTPWorkerThread-2168 root DEBUG iutctl_common.py          99    read                      : Received data: {'00 05 00 42 14 00 aa 54'}, bytearray(b'\x00\x05\x00B\x14\x00\xaaT')
2024-02-23 20:03:56,402 LT1-thread root DEBUG gatt.py                   462   gatts_get_attr_val        : received Header(svc_id=2, op=29, ctrl_index=0, data_len=8) (b'\x00\x05\x00B\x14\x00\xaaT',)
2024-02-23 20:03:56,402 LT1-thread root DEBUG gatt.py                   443   gatts_get_attr_val        : gatts_get_attr_val 20
2024-02-23 20:03:56,402 LT1-thread root DEBUG iutctl_common.py          106   send                      : send, 2 29 0 "bytearray(b'\\x00\\xee\\x1d\\x10\\xe8\\x07\\xc0\\x14\\x00')"
2024-02-23 20:03:56,402 LT1-thread root DEBUG iutctl_common.py          111   send                      : sending frame '021d00090000ee1d10e807c01400'
2024-02-23 20:03:56,402 LT1-thread root DEBUG iutctl_common.py          230   read                      : read
2024-02-23 20:03:56,449 BTPWorkerThread-2168 root DEBUG iutctl_common.py          76    read                      : Read 5 bytes
2024-02-23 20:03:56,465 BTPWorkerThread-2168 root DEBUG iutctl_common.py          83    read                      : Received: hdr: Header(svc_id=2, op=29, ctrl_index=0, data_len=4) bytearray(b'\x02\x1d\x00\x04\x00')
2024-02-23 20:03:56,481 BTPWorkerThread-2168 root DEBUG iutctl_common.py          91    read                      : Read 4 bytes data
2024-02-23 20:03:56,497 BTPWorkerThread-2168 root DEBUG iutctl_common.py          99    read                      : Received data: {'00 01 00 03'}, bytearray(b'\x00\x01\x00\x03')
2024-02-23 20:03:56,512 LT1-thread root DEBUG gatt.py                   462   gatts_get_attr_val        : received Header(svc_id=2, op=29, ctrl_index=0, data_len=4) (b'\x00\x01\x00\x03',)
2024-02-23 20:03:56,512 LT1-thread root DEBUG testcase.py               707   run_wid                   : Sending response '1' to wid 161 test case GAP/SEC/CSIGN/BI-04-C
2024-02-23 20:03:56,513 LT1-thread root DEBUG client.py                 312   get_result                : ClientCallback.get_result run_test_case
2024-02-23 20:03:56,516 LT1-callback ClientCallback.on_implicit_send INFO client.py                 259   on_implicit_send          : 
    ********************
    BEGIN OnImplicitSend:
    project_name: GAP
    wid: 118
    test_case_name: GAP/SEC/CSIGN/BI-04-C
    description: Please press ok to disconnect the link.
    style: MMI_Style_Ok_Cancel1 0x11041
2024-02-23 20:03:56,516 LT1-callback ClientCallback.on_implicit_send INFO client.py                 272   on_implicit_send          : Calling test cases on_implicit_send
2024-02-23 20:03:56,516 LT1-callback ClientCallback.on_implicit_send INFO client.py                 285   on_implicit_send          : 
    on_implicit_send returned response: WAIT
    END OnImplicitSend
    ********************
2024-02-23 20:03:57,526 LT1-thread root DEBUG testcase.py               671   run_wid                   : GAP GAP/SEC/CSIGN/BI-04-C on_implicit_send
2024-02-23 20:03:57,527 LT1-thread root DEBUG gap_wid.py                25    gap_wid_hdl               : gap_wid_hdl, 118, Please press ok to disconnect the link., GAP/SEC/CSIGN/BI-04-C
2024-02-23 20:03:57,527 LT1-thread root DEBUG testcase.py               707   run_wid                   : Sending response 'OK' to wid 118 test case GAP/SEC/CSIGN/BI-04-C
2024-02-23 20:03:57,532 LT1-thread root DEBUG client.py                 312   get_result                : ClientCallback.get_result run_test_case
2024-02-23 20:03:57,758 BTPWorkerThread-2168 root DEBUG iutctl_common.py          76    read                      : Read 5 bytes
2024-02-23 20:03:57,759 BTPWorkerThread-2168 root DEBUG iutctl_common.py          83    read                      : Received: hdr: Header(svc_id=1, op=131, ctrl_index=0, data_len=7) bytearray(b'\x01\x83\x00\x07\x00')
2024-02-23 20:03:57,759 BTPWorkerThread-2168 root DEBUG iutctl_common.py          91    read                      : Read 7 bytes data
2024-02-23 20:03:57,759 BTPWorkerThread-2168 root DEBUG iutctl_common.py          99    read                      : Received data: {'00 ee 1d 10 e8 07 c0'}, bytearray(b'\x00\xee\x1d\x10\xe8\x07\xc0')
2024-02-23 20:03:57,759 BTPWorkerThread-2168 root DEBUG btp.py                    761   event_handler             : event_handler Header(svc_id=1, op=131, ctrl_index=0, data_len=7) (b'\x00\xee\x1d\x10\xe8\x07\xc0',)
2024-02-23 20:03:57,759 BTPWorkerThread-2168 root DEBUG gap.py                    183   gap_disconnected_ev_      : gap_disconnected_ev_ b'\x00\xee\x1d\x10\xe8\x07\xc0'
2024-02-23 20:03:57,965 LT1-callback ClientCallback.on_implicit_send INFO client.py                 259   on_implicit_send          : 
    ********************
    BEGIN OnImplicitSend:
    project_name: GAP
    wid: 137
    test_case_name: GAP/SEC/CSIGN/BI-04-C
    description: Please confirm that the Upper Tester does not receive the Signed Write Command due to insufficient authentication.
    style: MMI_Style_Yes_No1 0x11044
2024-02-23 20:03:57,965 LT1-callback ClientCallback.on_implicit_send INFO client.py                 272   on_implicit_send          : Calling test cases on_implicit_send
2024-02-23 20:03:57,965 LT1-callback ClientCallback.on_implicit_send INFO client.py                 285   on_implicit_send          : 
    on_implicit_send returned response: WAIT
    END OnImplicitSend
    ********************
2024-02-23 20:03:58,534 LT1-thread root DEBUG testcase.py               671   run_wid                   : GAP GAP/SEC/CSIGN/BI-04-C on_implicit_send
2024-02-23 20:03:58,534 LT1-thread root DEBUG gap_wid.py                25    gap_wid_hdl               : gap_wid_hdl, 137, Please confirm that the Upper Tester does not receive the Signed Write Command due to insufficient authentication., GAP/SEC/CSIGN/BI-04-C
2024-02-23 20:04:03,540 LT1-thread root DEBUG gatt.py                   137   wait_attr_value_changed   : timed out
2024-02-23 20:04:03,540 LT1-thread root DEBUG testcase.py               707   run_wid                   : Sending response 'Yes' to wid 137 test case GAP/SEC/CSIGN/BI-04-C
2024-02-23 20:04:03,542 LT1-thread root DEBUG client.py                 312   get_result                : ClientCallback.get_result run_test_case
2024-02-23 20:04:06,093 LT1-callback ClientCallback.log INFO client.py                 235   log                       : PTS_LOGTYPE_START_TEST Start Test Case 

+750 ms
 GAP/SEC/CSIGN/BI-04-C GAP/SEC/CSIGN/BI-04-C

2024-02-23 20:04:06,516 LT1-callback ClientCallback.log INFO client.py                 235   log                       : PTS_LOGTYPE_FINAL_VERDICT Final Verdict 

+22438 ms
 GAP/SEC/CSIGN/BI-04-C PASS

2024-02-23 20:04:06,518 LT1-callback ClientCallback.log INFO client.py                 235   log                       : PTS_LOGTYPE_FINAL_VERDICT Encrypted Verdict 

+22438 ms
 GAP/SEC/CSIGN/BI-04-C A1#ZWY4MzQ5MDg3MmQwNTIxOGQzMzQ5YjY2ODA5M2MzNjQ5ZDY4NmY0Yjc2MzIzM2VkNTUyNTFhNGU4Mjg1MjI0NA==#UJEGA70tIxqalpNXlD76cAHrBmYix7aFuCtXtEPbiaMGOi7Ax7OXsUdlyuY+cF1l

2024-02-23 20:04:06,521 LT1-callback ClientCallback.log INFO client.py                 235   log                       : PTS_LOGTYPE_END_TEST Test Case Ended 

+22438 ms
 GAP/SEC/CSIGN/BI-04-C GAP/SEC/CSIGN/BI-04-C

2024-02-23 20:04:06,734 LT1-callback root DEBUG client.py                 297   set_result                : ClientCallback, set_result, run_test_case, PASS
2024-02-23 20:04:06,734 LT1-thread root DEBUG client.py                 1021  _run_test_case            : After run_test_case error_code=0 status='PASS'
2024-02-23 20:04:06,734 LT1-thread root DEBUG testcase.py               752   post_run                  : post_run GAP GAP/SEC/CSIGN/BI-04-C 0
2024-02-23 20:04:06,734 LT1-thread root DEBUG testcase.py               253   start                     : Starting test function: class=<class 'autopts.ptsprojects.testcase.TestFuncCleanUp'>, func=<bound method Stack.cleanup of <autopts.ptsprojects.stack.stack.Stack object at 0x000002413F79B9D0>> start_wid=None stop_wid=None post_wid=None skip_call=None call_count=1 args=() kwds={}
2024-02-23 20:04:06,734 LT1-thread root DEBUG testcase.py               265   start                     : Test function parameters: args=(), kwds={}
2024-02-23 20:04:06,734 LT1-thread root DEBUG testcase.py               253   start                     : Starting test function: class=<class 'autopts.ptsprojects.testcase.TestFuncCleanUp'>, func=<bound method ZephyrCtl.stop of <autopts.ptsprojects.zephyr.iutctl.ZephyrCtl object at 0x000002413F79B8E0>> start_wid=None stop_wid=None post_wid=None skip_call=None call_count=1 args=() kwds={}
2024-02-23 20:04:06,734 LT1-thread root DEBUG testcase.py               265   start                     : Test function parameters: args=(), kwds={}
2024-02-23 20:04:06,734 LT1-thread root DEBUG iutctl.py                 247   stop                      : <class 'autopts.ptsprojects.zephyr.iutctl.ZephyrCtl'>.stop
2024-02-23 20:04:06,734 LT1-thread root DEBUG __init__.py               48    reset                     : About to reset DUT: 'nrfjprog -r -s 683511993'
2024-02-23 20:04:07,494 BTPWorkerThread-2168 root DEBUG iutctl_common.py          76    read                      : Read 5 bytes
2024-02-23 20:04:07,510 BTPWorkerThread-2168 root DEBUG iutctl_common.py          83    read                      : Received: hdr: Header(svc_id=0, op=128, ctrl_index=255, data_len=0) bytearray(b'\x00\x80\xff\x00\x00')
2024-02-23 20:04:07,525 BTPWorkerThread-2168 root DEBUG iutctl_common.py          99    read                      : Received data: {''}, bytearray(b'')
2024-02-23 20:04:07,525 BTPWorkerThread-2168 root DEBUG btp.py                    761   event_handler             : event_handler Header(svc_id=0, op=128, ctrl_index=255, data_len=0) (b'',)
2024-02-23 20:04:07,525 BTPWorkerThread-2168 root DEBUG core.py                   28    core_iut_ready_ev         : core_iut_ready_ev
2024-02-23 20:04:07,525 LT1-thread root DEBUG iutctl.py                 265   stop                      : IUT ready event received OK
2024-02-23 20:04:07,525 LT1-thread root DEBUG iutctl_common.py          307   close                     : Waiting for _rx_worker to finish ...
2024-02-23 20:04:08,540 BTPWorkerThread-2168 root DEBUG iutctl_common.py          223   _rx_task                  : BTPWorkerThread-2168 finishing...
2024-02-23 20:04:11,554 LT1-thread root DEBUG testcase.py               781   post_run                  : post_run, cleanup running post test case script
2024-02-23 20:04:11,555 LT1-thread root DEBUG testcase.py               791   post_run                  : post_run, run post test case script
2024-02-23 20:04:11,621 LT1-thread root DEBUG client.py                 1051  _run_test_case            : Done TestCase _run_test_case GAP GAP/SEC/CSIGN/BI-04-C
