*** Booting Zephyr OS build v3.7.0-4790-g6f64f7755796 ***
[00:00:00.253,326] <dbg> bttester: tester_init: Initializing tester
[00:00:06.087,371] <inf> bt_hci_core: HW Platform: Nordic Semiconductor (0x0002)
[00:00:06.087,402] <inf> bt_hci_core: HW Variant: nRF53x (0x0003)
[00:00:06.087,432] <inf> bt_hci_core: Firmware: Standard Bluetooth controller (0x00) Version 3.7 Build 99
[00:00:06.089,477] <wrn> net_buf: Timeout discarded. No blocking in syswq
[00:00:06.089,691] <inf> bt_hci_core: Identity: D7:B8:1B:0B:51:C3 (random)
[00:00:06.089,721] <inf> bt_hci_core: HCI: version 5.4 (0x0d) revision 0x0000, manufacturer 0x05f1
[00:00:06.089,752] <inf> bt_hci_core: LMP: version 5.4 (0x0d) subver 0xffff
[00:00:06.648,376] <dbg> bttester_gap: set_extended_advertising: ext adv settings: 1
[00:00:06.784,484] <dbg> bttester_bap_broadcast: btp_bap_broadcast_sink_setup: 
[00:00:14.571,655] <dbg> bttester_bap_unicast: connected: Connected: C0:07:E8:1C:28:DF (public)
[00:00:17.273,559] <wrn> net_buf: Timeout discarded. No blocking in syswq
[00:00:19.191,894] <dbg> bttester_bap_broadcast: pa_sync_req_cb: sync state 0 
[00:00:19.193,725] <dbg> bttester_bap_broadcast: recv_state_updated_cb: Receive state with ID 0 updated
[00:00:19.196,472] <dbg> bttester_bap_broadcast: bis_sync_req_cb: BIS sync request received for 0x20018e6c: 0x00000001
[00:00:19.929,290] <dbg> bttester_bap_broadcast: btp_bap_broadcast_sink_sync: 
[00:00:20.047,821] <dbg> bttester_gap: pa_sync_synced_cb: 
[00:00:20.049,194] <dbg> bttester_bap_broadcast: recv_state_updated_cb: Receive state with ID 0 updated
[00:00:20.051,910] <dbg> bttester_bap_broadcast: bap_pa_sync_synced_cb: Sync info: service_data 0x0000
[00:00:20.052,368] <dbg> bttester_bap_broadcast: recv_state_updated_cb: Receive state with ID 0 updated
[00:00:20.055,480] <dbg> bttester_bap_broadcast: base_recv_cb: 
[00:00:20.055,511] <dbg> bttester_bap_broadcast: base_recv_cb: Received BASE: broadcast sink 0x200188e8 subgroups 1
[00:00:20.058,624] <dbg> bttester_bap_broadcast: base_recv_cb: bis_index_bitfield 0x00000001
[00:00:20.058,868] <dbg> bttester_bap_broadcast: recv_state_updated_cb: Receive state with ID 0 updated
[00:00:20.061,920] <dbg> bttester_bap_broadcast: syncable_cb: Broadcaster PA found, encrypted 1, requested_bis_sync 1
[00:00:20.151,428] <dbg> bttester_bap_broadcast: broadcast_code_cb: Broadcast code received for 0x20018e6c
[00:00:20.947,906] <dbg> bttester_bap_broadcast: recv_state_updated_cb: Receive state with ID 0 updated
[00:00:20.951,019] <dbg> bttester_bap_broadcast: base_recv_cb: 
[00:00:20.951,049] <dbg> bttester_bap_broadcast: base_recv_cb: Received BASE: broadcast sink 0x200188e8 subgroups 1
[00:00:20.954,162] <dbg> bttester_bap_broadcast: base_recv_cb: bis_index_bitfield 0x00000001
[00:00:20.958,282] <dbg> bttester_bap_broadcast: stream_started: Started stream 0x20008ad0
[00:00:20.958,282] <dbg> bttester_bap_audio_stream: btp_bap_audio_stream_started: Started stream 0x20008ad0
[00:00:20.980,194] <dbg> bttester_bap_broadcast: stream_recv: Incoming audio on stream 0x20008ad0 len 0
[00:00:20.980,194] <dbg> bttester_bap_broadcast: send_bis_stream_received_ev: Stream received, len 0
[00:00:20.981,842] <dbg> bttester_bap_broadcast: recv_state_updated_cb: Receive state with ID 0 updated
[00:00:20.984,954] <dbg> bttester_bap_broadcast: stream_stopped: Stopped stream 0x20008ad0 with reason 0x3D
[00:00:21.847,412] <dbg> bttester_bap_broadcast: recv_state_updated_cb: Receive state with ID 0 updated
[00:00:21.850,555] <dbg> bttester_bap_broadcast: base_recv_cb: 
[00:00:21.850,585] <dbg> bttester_bap_broadcast: base_recv_cb: Received BASE: broadcast sink 0x200188e8 subgroups 1
[00:00:21.853,698] <dbg> bttester_bap_broadcast: base_recv_cb: bis_index_bitfield 0x00000001
[00:00:21.853,851] <dbg> bttester_bap_broadcast: syncable_cb: Broadcaster PA found, encrypted 1, requested_bis_sync 1
[00:00:22.372,680] <dbg> bttester_bap_unicast: disconnected: Disconnected: C0:07:E8:1C:28:DF (public) (reason 0x13)
