Applying system reset.
Run.
< 2021/08/13 22:03:12.391547  length=5 from=0 to=4
 00 80 ff 00 00                                   .....
--
> 2021/08/13 22:03:12.506413  length=6 from=0 to=5
 00 03 ff 01 00 01                                ......
--
< 2021/08/13 22:03:12.521710  length=5 from=5 to=9
 00 03 ff 00 00                                   .....
--
> 2021/08/13 22:03:12.624012  length=6 from=6 to=11
 00 03 ff 01 00 04                                ......
--
< 2021/08/13 22:03:12.639816  length=5 from=10 to=14
 00 03 ff 00 00                                   .....
--
> 2021/08/13 22:03:12.706086  length=5 from=12 to=16
 01 03 00 00 00                                   .....
--
< 2021/08/13 22:03:12.789009  length=171 from=15 to=185
 01 03 00 15 01 36 a7 20 ad 80 fc 13 06 00 00 13  .....6. ........
 82 00 00 00 00 00 62 74 70 5f 74 65 73 74 65 72  ......btp_tester
 00 00 00 00 00 00 00 00 00 00 00 00 00 00 00 00  ................
 00 00 00 00 00 00 00 00 00 00 00 00 00 00 00 00  ................
 00 00 00 00 00 00 00 00 00 00 00 00 00 00 00 00  ................
 00 00 00 00 00 00 00 00 00 00 00 00 00 00 00 00  ................
 00 00 00 00 00 00 00 00 00 00 00 00 00 00 00 00  ................
 00 00 00 00 00 00 00 00 00 00 00 00 00 00 00 00  ................
 00 00 00 00 00 00 00 00 00 00 00 00 00 00 00 00  ................
 00 00 00 00 00 00 00 00 00 00 00 00 00 00 00 00  ................
 00 00 00 00 00 00 00 00 00 00 00                 ...........
--
< 2021/08/13 22:03:12.790479  length=12 from=186 to=197
 00 00 00 00 00 00 00 00 00 00 00 00              ............
--
< 2021/08/13 22:03:12.790713  length=12 from=198 to=209
 00 00 00 00 00 00 00 00 00 00 00 00              ............
--
< 2021/08/13 22:03:12.807849  length=87 from=210 to=296
 00 00 00 00 00 00 00 00 00 00 00 00 00 00 00 00  ................
 00 00 00 00 00 00 00 00 00 00 00 00 00 00 00 00  ................
 00 00 00 00 00 00 00 00 00 00 00 00 00 00 00 00  ................
 00 00 00 00 00 00 00 00 00 00 00 00 00 00 00 00  ................
 00 00 00 00 00 00 00 00 00 00 00 00 00 00 00 00  ................
 00 00 00 00 00 00 00                             .......
--
> 2021/08/13 22:03:19.378140  length=43 from=17 to=59
 04 02 00 26 00 8d 30 4b 9b e4 0d 4d b6 b5 3a a3  ...&..0K...M..:.
 a0 33 47 b2 b2 00 00 00 00 00 00 00 00 00 00 00  .3G.............
 00 00 00 00 00 02 18 00 01 0c 00                 ...........
--
< 2021/08/13 22:03:19.396826  length=5 from=297 to=301
 04 02 00 00 00                                   .....
--
> 2021/08/13 22:03:19.463522  length=5 from=60 to=64
 04 04 00 00 00                                   .....
--
< 2021/08/13 22:03:19.478666  length=5 from=302 to=306
 04 04 00 00 00                                   .....
--
< 2021/08/13 22:03:19.494693  length=6 from=307 to=312
 04 84 00 01 00 00                                ......
--
< 2021/08/13 22:03:22.481639  length=5 from=313 to=317
 04 83 00 00 00                                   .....
--
< 2021/08/13 22:03:24.031148  length=6 from=318 to=323
 04 85 00 01 00 00                                ......
--
< 2021/08/13 22:03:25.181862  length=27 from=324 to=350
 04 86 00 16 00 03 00 01 00 02 00 0f 80 80 00 00  ................
 e0 a5 c3 01 4c cc de 6d d7 76 7c                 ....L..m.v|
--
< 2021/08/13 22:03:25.582993  length=19 from=351 to=369
 04 86 00 0e 00 07 01 01 00 02 00 07 00 00 04 00  ................
 00 00 07                                         ...
--
< 2021/08/13 22:03:26.717227  length=28 from=370 to=397
 04 86 00 17 00 03 00 01 00 02 00 10 80 00 08 01  ................
 ae 1e a4 78 00 52 2b c1 64 25 66 b5              ...x.R+.d%f.
--
< 2021/08/13 22:03:26.767357  length=28 from=398 to=425
 04 86 00 17 00 03 00 01 00 02 00 10 80 00 08 21  ...............!
 9d 09 dc cd 2f 7a b1 51 62 e7 ec 28              ..../z.Qb..(
--
< 2021/08/13 22:03:26.969346  length=26 from=426 to=451
 04 86 00 15 00 03 00 01 00 02 00 0e 80 00 10 00  ................
 64 d5 05 4d 41 8b c8 cf bb 26                    d..MA....&
--
< 2021/08/13 22:03:27.168949  length=26 from=452 to=477
 04 86 00 15 00 03 00 01 00 02 00 0e 80 00 14 00  ................
 f4 e8 51 f0 70 f3 41 fb 93 1b                    ..Q.p.A...
--
