> 2024/05/04 22:47:03.700366  length=6 from=0 to=5
 00 03 ff 01 00 01                                ......
--
< 2024/05/04 22:47:03.710840  length=5 from=0 to=4
 00 03 ff 00 00                                   .....
--
> 2024/05/04 22:47:03.800236  length=6 from=6 to=11
 00 03 ff 01 00 02                                ......
--
< 2024/05/04 22:47:03.816379  length=5 from=5 to=9
 00 03 ff 00 00                                   .....
--
> 2024/05/04 22:47:03.944252  length=5 from=12 to=16
 01 03 00 00 00                                   .....
--
< 2024/05/04 22:47:03.992383  length=48 from=10 to=57
 01 03 00 15 01 c8 04 09 c0 ec d7 13 06 02 00 13  ................
 82 00 00 00 00 00 62 74 70 5f 74 65 73 74 65 72  ......btp_tester
 00 00 00 00 00 00 00 00 00 00 00 00 00 00 00 00  ................
--
< 2024/05/04 22:47:03.993502  length=12 from=58 to=69
 00 00 00 00 00 00 00 00 00 00 00 00              ............
--
< 2024/05/04 22:47:03.993809  length=11 from=70 to=80
 00 00 00 00 00 00 00 00 00 00 00                 ...........
--
< 2024/05/04 22:47:04.008492  length=161 from=81 to=241
 00 00 00 00 00 00 00 00 00 00 00 00 00 00 00 00  ................
 00 00 00 00 00 00 00 00 00 00 00 00 00 00 00 00  ................
 00 00 00 00 00 00 00 00 00 00 00 00 00 00 00 00  ................
 00 00 00 00 00 00 00 00 00 00 00 00 00 00 00 00  ................
 00 00 00 00 00 00 00 00 00 00 00 00 00 00 00 00  ................
 00 00 00 00 00 00 00 00 00 00 00 00 00 00 00 00  ................
 00 00 00 00 00 00 00 00 00 00 00 00 00 00 00 00  ................
 00 00 00 00 00 00 00 00 00 00 00 00 00 00 00 00  ................
 00 00 00 00 00 00 00 00 00 00 00 00 00 00 00 00  ................
 00 00 00 00 00 00 00 00 00 00 00 00 00 00 00 00  ................
 00                                               .
--
< 2024/05/04 22:47:04.010427  length=23 from=242 to=264
 00 00 00 00 00 00 00 00 00 00 00 00 00 00 00 00  ................
 00 00 00 00 00 00 00                             .......
--
< 2024/05/04 22:47:04.010862  length=12 from=265 to=276
 00 00 00 00 00 00 00 00 00 00 00 00              ............
--
< 2024/05/04 22:47:04.024473  length=15 from=277 to=291
 00 00 00 00 00 00 00 00 00 00 00 00 00 00 00     ...............
--
> 2024/05/04 22:47:04.120233  length=6 from=17 to=22
 01 10 00 01 00 00                                ......
--
< 2024/05/04 22:47:04.136451  length=5 from=292 to=296
 01 10 00 00 00                                   .....
--
> 2024/05/04 22:47:04.232237  length=9 from=23 to=31
 02 02 00 04 00 01 02 aa 40                       ........@
--
< 2024/05/04 22:47:04.248381  length=7 from=297 to=303
 02 02 00 02 00 00 00                             .......
--
> 2024/05/04 22:47:04.312244  length=12 from=32 to=43
 02 03 00 07 00 00 00 0a                          ........
 03 02 aa 50                                      ...P
--
< 2024/05/04 22:47:04.328339  length=7 from=304 to=310
 02 03 00 02 00 00 00                             .......
--
> 2024/05/04 22:47:04.471238  length=17 from=44 to=60
 02 06 00 0c 00 00 00 08 00 01 23 45 67 89 ab cd  ..........#Eg...
 ef                                               .
--
< 2024/05/04 22:47:04.487416  length=5 from=311 to=315
 02 06 00 00 00                                   .....
--
> 2024/05/04 22:47:04.582238  length=12 from=61 to=72
 02 03 00 07 00 00 00 0a                          ........
 0c 02 aa 51                                      ...Q
--
< 2024/05/04 22:47:04.598299  length=7 from=316 to=322
 02 03 00 02 00 00 00                             .......
--
> 2024/05/04 22:47:04.710286  length=17 from=73 to=89
 02 06 00 0c 00 00 00 08 00 01 23 45 67 89 ab cd  ..........#Eg...
 ef                                               .
--
< 2024/05/04 22:47:04.726382  length=5 from=323 to=327
 02 06 00 00 00                                   .....
--
> 2024/05/04 22:47:04.838223  length=12 from=90 to=101
 02 03 00 07 00 00 00 0a                          ........
 30 02 aa 52                                      0..R
--
< 2024/05/04 22:47:04.854294  length=7 from=328 to=334
 02 03 00 02 00 00 00                             .......
--
> 2024/05/04 22:47:04.998227  length=17 from=102 to=118
 02 06 00 0c 00 00 00 08 00 01 23 45 67 89 ab cd  ..........#Eg...
 ef                                               .
--
< 2024/05/04 22:47:05.014402  length=5 from=335 to=339
 02 06 00 00 00                                   .....
--
> 2024/05/04 22:47:05.093236  length=12 from=119 to=130
 02 03 00 07 00 00 00 0a                          ........
 c0 02 aa 53                                      ...S
--
< 2024/05/04 22:47:05.109381  length=7 from=340 to=346
 02 03 00 02 00 00 00                             .......
--
> 2024/05/04 22:47:05.269266  length=17 from=131 to=147
 02 06 00 0c 00 00 00 08 00 01 23 45 67 89 ab cd  ..........#Eg...
 ef                                               .
--
< 2024/05/04 22:47:05.285370  length=5 from=347 to=351
 02 06 00 00 00                                   .....
--
> 2024/05/04 22:47:05.365245  length=12 from=148 to=159
 02 03 00 07 00 00 00 3a 03 02 aa 54              .......:...T
--
< 2024/05/04 22:47:05.381366  length=7 from=352 to=358
 02 03 00 02 00 00 00                             .......
--
> 2024/05/04 22:47:05.557249  length=17 from=160 to=176
 02 06 00 0c 00 00 00 08 00 01 23 45 67 89 ab cd  ..........#Eg...
 ef                                               .
--
< 2024/05/04 22:47:05.573349  length=5 from=359 to=363
 02 06 00 00 00                                   .....
--
> 2024/05/04 22:47:05.652234  length=11 from=177 to=187
 02 04 00 06 00 00 00 03 02 02 29                 ..........)
--
< 2024/05/04 22:47:05.668391  length=7 from=364 to=370
 02 04 00 02 00 00 00                             .......
--
> 2024/05/04 22:47:05.780237  length=12 from=188 to=199
 02 03 00 07 00 00 00 3a 03 02 aa 55              .......:...U
--
< 2024/05/04 22:47:05.796922  length=7 from=371 to=377
 02 03 00 02 00 00 00                             .......
--
> 2024/05/04 22:47:05.908238  length=17 from=200 to=216
 02 06 00 0c 00 00 00 08 00 01 23 45 67 89 ab cd  ..........#Eg...
 ef                                               .
--
< 2024/05/04 22:47:05.924426  length=5 from=378 to=382
 02 06 00 00 00                                   .....
--
> 2024/05/04 22:47:06.036239  length=11 from=217 to=227
 02 04 00 06 00 00 00 03 02 02 29                 ..........)
--
< 2024/05/04 22:47:06.052390  length=7 from=383 to=389
 02 04 00 02 00 00 00                             .......
--
> 2024/05/04 22:47:06.180238  length=12 from=228 to=239
 02 03 00 07 00 00 00 46 03 02 aa 56              .......F...V
--
< 2024/05/04 22:47:06.196430  length=7 from=390 to=396
 02 03 00 02 00 00 00                             .......
--
> 2024/05/04 22:47:06.340299  length=17 from=240 to=256
 02 06 00 0c 00 00 00 08 00 01 23 45 67 89 ab cd  ..........#Eg...
 ef                                               .
--
< 2024/05/04 22:47:06.356384  length=5 from=397 to=401
 02 06 00 00 00                                   .....
--
> 2024/05/04 22:47:06.452230  length=12 from=257 to=268
 02 03 00 07 00 00 00 46 30 02 aa 57              .......F0..W
--
< 2024/05/04 22:47:06.468387  length=7 from=402 to=408
 02 03 00 02 00 00 00                             .......
--
> 2024/05/04 22:47:06.564243  length=17 from=269 to=285
 02 06 00 0c 00 00 00 08 00 01 23 45 67 89 ab cd  ..........#Eg...
 ef                                               .
--
< 2024/05/04 22:47:06.580349  length=5 from=409 to=413
 02 06 00 00 00                                   .....
--
> 2024/05/04 22:47:06.676270  length=12 from=286 to=297
 02 03 00 07 00 00 00 8a 03 02 aa 58              ...........X
--
< 2024/05/04 22:47:06.692408  length=7 from=414 to=420
 02 03 00 02 00 00 00                             .......
--
> 2024/05/04 22:47:06.788235  length=17 from=298 to=314
 02 06 00 0c 00 00 00 08 00 01 23 45 67 89 ab cd  ..........#Eg...
 ef                                               .
--
< 2024/05/04 22:47:06.804366  length=5 from=421 to=425
 02 06 00 00 00                                   .....
--
> 2024/05/04 22:47:06.900231  length=11 from=315 to=325
 02 04 00 06 00 00 00 01 02 00 29                 ..........)
--
< 2024/05/04 22:47:06.916432  length=7 from=426 to=432
 02 04 00 02 00 00 00                             .......
--
> 2024/05/04 22:47:07.028228  length=11 from=326 to=336
 02 06 00 06 00 00 00 02 00 01 00                 ...........
--
< 2024/05/04 22:47:07.044431  length=5 from=433 to=437
 02 06 00 00 00                                   .....
--
> 2024/05/04 22:47:07.124244  length=12 from=337 to=348
 02 03 00 07 00 00 00 0a                          ........
 0c 02 aa 59                                      ...Y
--
< 2024/05/04 22:47:07.140398  length=7 from=438 to=444
 02 03 00 02 00 00 00                             .......
--
> 2024/05/04 22:47:07.252267  length=17 from=349 to=365
 02 06 00 0c 00 00 00 08 00 01 23 45 67 89 ab cd  ..........#Eg...
 ef                                               .
--
< 2024/05/04 22:47:07.268386  length=5 from=445 to=449
 02 06 00 00 00                                   .....
--
> 2024/05/04 22:47:07.412243  length=8 from=366 to=373
 02 09 00 03 00 00 00 0f                          ........
--
< 2024/05/04 22:47:07.428375  length=5 from=450 to=454
 02 09 00 00 00                                   .....
--
> 2024/05/04 22:47:07.572249  length=12 from=374 to=385
 02 03 00 07 00 00 00 0a                          ........
 0c 02 aa 5a                                      ...Z
--
< 2024/05/04 22:47:07.588372  length=7 from=455 to=461
 02 03 00 02 00 00 00                             .......
--
> 2024/05/04 22:47:07.668238  length=17 from=386 to=402
 02 06 00 0c 00 00 00 08 00 01 23 45 67 89 ab cd  ..........#Eg...
 ef                                               .
--
< 2024/05/04 22:47:07.684380  length=5 from=462 to=466
 02 06 00 00 00                                   .....
--
> 2024/05/04 22:47:07.748230  length=8 from=403 to=410
 02 09 00 03 00 00 00 0f                          ........
--
< 2024/05/04 22:47:07.764422  length=5 from=467 to=471
 02 09 00 00 00                                   .....
--
> 2024/05/04 22:47:07.843265  length=26 from=411 to=436
 02 03 00 15 00 00 00 0a                          ........
 03 10 f0 00 bb 50 04 51 40 00 b1 23 45 67 89 ab  .....P.Q@..#Eg..
 cd ef                                            ..
--
< 2024/05/04 22:47:07.859443  length=7 from=472 to=478
 02 03 00 02 00 00 00                             .......
--
> 2024/05/04 22:47:07.971246  length=17 from=437 to=453
 02 06 00 0c 00 00 00 08 00 01 23 45 67 89 ab cd  ..........#Eg...
 ef                                               .
--
< 2024/05/04 22:47:07.987356  length=5 from=479 to=483
 02 06 00 00 00                                   .....
--
> 2024/05/04 22:47:08.051233  length=9 from=454 to=462
 02 02 00 04 00 00 02 aa 41                       ........A
--
< 2024/05/04 22:47:08.067357  length=7 from=484 to=490
 02 02 00 02 00 00 00                             .......
--
> 2024/05/04 22:47:08.147236  length=7 from=463 to=469
 02 05 00 02 00 01 00                             .......
--
< 2024/05/04 22:47:08.163388  length=7 from=491 to=497
 02 05 00 02 00 00 00                             .......
--
> 2024/05/04 22:47:08.227792  length=12 from=470 to=481
 02 03 00 07 00 00 00 0a                          ........
 03 02 aa 50                                      ...P
--
< 2024/05/04 22:47:08.243385  length=7 from=498 to=504
 02 03 00 02 00 00 00                             .......
--
> 2024/05/04 22:47:08.387231  length=41 from=482 to=522
 02 06 00 24 00 00 00 20 00 01 23 45 67 89 ab cd  ...$... ..#Eg...
 ef 01 23 45 67 89 ab cd ef 01 23 45 67 89 ab cd  ..#Eg.....#Eg...
 ef 01 23 45 67 89 ab cd ef                       ..#Eg....
--
< 2024/05/04 22:47:08.403389  length=5 from=505 to=509
 02 06 00 00 00                                   .....
--
> 2024/05/04 22:47:08.499231  length=12 from=523 to=534
 02 03 00 07 00 00 00 0a                          ........
 03 02 aa 51                                      ...Q
--
< 2024/05/04 22:47:08.515386  length=7 from=510 to=516
 02 03 00 02 00 00 00                             .......
--
> 2024/05/04 22:47:08.643239  length=41 from=535 to=575
 02 06 00 24 00 00 00 20 00 fe dc ba 98 76 54 32  ...$... .....vT2
 10 fe dc ba 98 76 54 32 10 fe dc ba 98 76 54 32  .....vT2.....vT2
 10 fe dc ba 98 76 54 32 10                       .....vT2.
--
< 2024/05/04 22:47:08.659398  length=5 from=517 to=521
 02 06 00 00 00                                   .....
--
> 2024/05/04 22:47:08.755242  length=12 from=576 to=587
 02 03 00 07 00 00 00 0a                          ........
 0c 02 aa 52                                      ...R
--
< 2024/05/04 22:47:08.771397  length=7 from=522 to=528
 02 03 00 02 00 00 00                             .......
--
> 2024/05/04 22:47:08.915235  length=65 from=588 to=652
 02 06 00 3c 00 00 00 38 00 fe dc ba 98 76 54 32  ...<...8.....vT2
 10 fe dc ba 98 76 54 32 10 fe dc ba 98 76 54 32  .....vT2.....vT2
 10 fe dc ba 98 76 54 32 10 fe dc ba 98 76 54 32  .....vT2.....vT2
 10 fe dc ba 98 76 54 32 10 fe dc ba 98 76 54 32  .....vT2.....vT2
 10                                               .
--
< 2024/05/04 22:47:08.931415  length=5 from=529 to=533
 02 06 00 00 00                                   .....
--
> 2024/05/04 22:47:09.091237  length=8 from=653 to=660
 02 09 00 03 00 00 00 0f                          ........
--
< 2024/05/04 22:47:09.107397  length=5 from=534 to=538
 02 09 00 00 00                                   .....
--
> 2024/05/04 22:47:09.235234  length=12 from=661 to=672
 02 03 00 07 00 00 00 02 01 02 aa 53              ...........S
--
< 2024/05/04 22:47:09.251404  length=7 from=539 to=545
 02 03 00 02 00 00 00                             .......
--
> 2024/05/04 22:47:09.347237  length=89 from=673 to=761
 02 06 00 54 00 00 00 50 00 01 23 45 67 89 ab cd  ...T...P..#Eg...
 ef 01 23 45 67 89 ab cd ef 01 23 45 67 89 ab cd  ..#Eg.....#Eg...
 ef 01 23 45 67 89 ab cd ef 01 23 45 67 89 ab cd  ..#Eg.....#Eg...
 ef 01 23 45 67 89 ab cd ef 01 23 45 67 89 ab cd  ..#Eg.....#Eg...
 ef 01 23 45 67 89 ab cd ef 01 23 45 67 89 ab cd  ..#Eg.....#Eg...
 ef 01 23 45 67 89 ab cd ef                       ..#Eg....
--
< 2024/05/04 22:47:09.363347  length=5 from=546 to=550
 02 06 00 00 00                                   .....
--
> 2024/05/04 22:47:09.443766  length=11 from=762 to=772
 02 04 00 06 00 00 00 03 02 54 aa                 .........T.
--
< 2024/05/04 22:47:09.459365  length=7 from=551 to=557
 02 04 00 02 00 00 00                             .......
--
> 2024/05/04 22:47:09.603237  length=73 from=773 to=845
 02 06 00 44 00 00 00 40 00 01 01 01 01 01 01 01  ...D...@........
 01 01 01 01 01 01 01 01 01 01 01 01 01 01 01 01  ................
 01 01 01 01 01 01 01 01 01 01 01 01 01 01 01 01  ................
 01 01 01 01 01 01 01 01 01 01 01 01 01 01 01 01  ................
 01 01 01 01 01 01 01 01 01                       .........
--
< 2024/05/04 22:47:09.619387  length=5 from=558 to=562
 02 06 00 00 00                                   .....
--
> 2024/05/04 22:47:09.715256  length=12 from=846 to=857
 02 03 00 07 00 00 00 0a                          ........
 03 02 aa 55                                      ...U
--
< 2024/05/04 22:47:09.731399  length=7 from=563 to=569
 02 03 00 02 00 00 00                             .......
--
> 2024/05/04 22:47:09.827242  length=89 from=858 to=946
 02 06 00 54 00 00 00 50 00 01 23 45 67 89 ab cd  ...T...P..#Eg...
 ef 01 23 45 67 89 ab cd ef 01 23 45 67 89 ab cd  ..#Eg.....#Eg...
 ef 01 23 45 67 89 ab cd ef 01 23 45 67 89 ab cd  ..#Eg.....#Eg...
 ef 01 23 45 67 89 ab cd ef 01 23 45 67 89 ab cd  ..#Eg.....#Eg...
 ef 01 23 45 67 89 ab cd ef 01 23 45 67 89 ab cd  ..#Eg.....#Eg...
 ef 01 23 45 67 89 ab cd ef                       ..#Eg....
--
< 2024/05/04 22:47:09.843427  length=5 from=570 to=574
 02 06 00 00 00                                   .....
--
> 2024/05/04 22:47:09.970237  length=12 from=947 to=958
 02 03 00 07 00 00 00 0a                          ........
 03 02 aa 56                                      ...V
--
< 2024/05/04 22:47:09.986417  length=7 from=575 to=581
 02 03 00 02 00 00 00                             .......
--
> 2024/05/04 22:47:10.098257  length=521 from=959 to=1479
 02 06 00 04 02 00 00 00 02 02 02 02 02 02 02 02  ................
 02 02 02 02 02 02 02 02 02 02 02 02 02 02 02 02  ................
 02 02 02 02 02 02 02 02 02 02 02 02 02 02 02 02  ................
 02 02 02 02 02 02 02 02 02 02 02 02 02 02 02 02  ................
 02 02 02 02 02 02 02 02 02 02 02 02 02 02 02 02  ................
 02 02 02 02 02 02 02 02 02 02 02 02 02 02 02 02  ................
 02 02 02 02 02 02 02 02 02 02 02 02 02 02 02 02  ................
 02 02 02 02 02 02 02 02 02 02 02 02 02 02 02 02  ................
 02 02 02 02 02 02 02 02 02 02 02 02 02 02 02 02  ................
 02 02 02 02 02 02 02 02 02 02 02 02 02 02 02 02  ................
 02 02 02 02 02 02 02 02 02 02 02 02 02 02 02 02  ................
 02 02 02 02 02 02 02 02 02 02 02 02 02 02 02 02  ................
 02 02 02 02 02 02 02 02 02 02 02 02 02 02 02 02  ................
 02 02 02 02 02 02 02 02 02 02 02 02 02 02 02 02  ................
 02 02 02 02 02 02 02 02 02 02 02 02 02 02 02 02  ................
 02 02 02 02 02 02 02 02 02 02 02 02 02 02 02 02  ................
 02 02 02 02 02 02 02 02 02 02 02 02 02 02 02 02  ................
 02 02 02 02 02 02 02 02 02 02 02 02 02 02 02 02  ................
 02 02 02 02 02 02 02 02 02 02 02 02 02 02 02 02  ................
 02 02 02 02 02 02 02 02 02 02 02 02 02 02 02 02  ................
 02 02 02 02 02 02 02 02 02 02 02 02 02 02 02 02  ................
 02 02 02 02 02 02 02 02 02 02 02 02 02 02 02 02  ................
 02 02 02 02 02 02 02 02 02 02 02 02 02 02 02 02  ................
 02 02 02 02 02 02 02 02 02 02 02 02 02 02 02 02  ................
 02 02 02 02 02 02 02 02 02 02 02 02 02 02 02 02  ................
 02 02 02 02 02 02 02 02 02 02 02 02 02 02 02 02  ................
 02 02 02 02 02 02 02 02 02 02 02 02 02 02 02 02  ................
 02 02 02 02 02 02 02 02 02 02 02 02 02 02 02 02  ................
 02 02 02 02 02 02 02 02 02 02 02 02 02 02 02 02  ................
 02 02 02 02 02 02 02 02 02 02 02 02 02 02 02 02  ................
 02 02 02 02 02 02 02 02 02 02 02 02 02 02 02 02  ................
 02 02 02 02 02 02 02 02 02 02 02 02 02 02 02 02  ................
 02 02 02 02 02 02 02 02 02                       .........
--
< 2024/05/04 22:47:10.162366  length=5 from=582 to=586
 02 06 00 00 00                                   .....
--
> 2024/05/04 22:47:10.258235  length=5 from=1480 to=1484
 02 07 00 00 00                                   .....
--
< 2024/05/04 22:47:10.274374  length=8 from=587 to=594
 02 07 00 03 00 00 00 00                          ........
--
> 2024/05/04 22:47:18.475652  length=6 from=1485 to=1490
 01 08 00 01 00 01                                ......
--
< 2024/05/04 22:47:18.491812  length=9 from=595 to=603
 01 08 00 04 00 1b 82 00 00                       .........
--
> 2024/05/04 22:47:18.619706  length=27 from=1491 to=1517
 01 0a                                            ..
 00 16 00 0f 00 09 0d 54 65 73 74 65 72 5f 36 30  .......Tester_60
 31 35 42 39 ff ff ff ff 00                       15B9.....
--
< 2024/05/04 22:47:18.635712  length=9 from=604 to=612
 01 0a                                            ..
 00 04 00 1b 86 00 00                             .......
--
< 2024/05/04 22:47:19.467785  length=27 from=613 to=639
 01 82 00 0d 00 00 b9 15 60 e8 07 c0 32 00 00 00  ........`...2...
 d0 07 01 80 00 04 00 1b 82 00 00                 ...........
--
< 2024/05/04 22:47:24.592038  length=18 from=640 to=657
 01 88 00 0d 00 00 b9 15 60 e8 07 c0 32 00 00 00  ........`...2...
 d0 07                                            ..
--
< 2024/05/04 22:47:27.452935  length=13 from=658 to=670
 01 89 00 08 00 00 b9 15 60 e8 07 c0 02           ........`....
--
< 2024/05/04 22:47:29.897083  length=13 from=671 to=683
 01 89 00 08 00 00 b9 15 60 e8 07 c0 02           ........`....
--
< 2024/05/04 22:47:39.022085  length=17 from=684 to=700
 02 81 00 0c 00 26 00 08 00 01 23 45 67 89 ab cd  .....&....#Eg...
 ef                                               .
--
< 2024/05/04 22:47:40.714205  length=12 from=701 to=712
 01 83 00 07 00 00 b9 15 60 e8 07 c0              ........`...
--
< 2024/05/04 22:47:46.406899  length=5 from=713 to=717
 00 80 ff 00 00                                   .....
--
