Applying system reset.
Run.
< 2021/11/05 19:29:24.606645  length=5 from=0 to=4
 00 80 ff 00 00                                   .....
--
> 2021/11/05 19:29:24.668987  length=6 from=0 to=5
 00 03 ff 01 00 01                                ......
--
< 2021/11/05 19:29:24.684756  length=5 from=5 to=9
 00 03 ff 00 00                                   .....
--
> 2021/11/05 19:29:24.747127  length=5 from=6 to=10
 01 03 00 00 00                                   .....
--
< 2021/11/05 19:29:24.950368  length=116 from=10 to=125
 01 03 00 15 01 36 a7 20 ad 80 fc 13 06 00 00 13  .....6. ........
 82 00 00 00 00 00 62 74 70 5f 74 65 73 74 65 72  ......btp_tester
 00 00 00 00 00 00 00 00 00 00 00 00 00 00 00 00  ................
 00 00 00 00 00 00 00 00 00 00 00 00 00 00 00 00  ................
 00 00 00 00 00 00 00 00 00 00 00 00 00 00 00 00  ................
 00 00 00 00 00 00 00 00 00 00 00 00 00 00 00 00  ................
 00 00 00 00 00 00 00 00 00 00 00 00 00 00 00 00  ................
 00 00 00 00                                      ....
--
< 2021/11/05 19:29:24.952122  length=23 from=126 to=148
 00 00 00 00 00 00 00 00 00 00 00 00 00 00 00 00  ................
 00 00 00 00 00 00 00                             .......
--
< 2021/11/05 19:29:24.952473  length=12 from=149 to=160
 00 00 00 00 00 00 00 00 00 00 00 00              ............
--
< 2021/11/05 19:29:24.965988  length=131 from=161 to=291
 00 00 00 00 00 00 00 00 00 00 00 00 00 00 00 00  ................
 00 00 00 00 00 00 00 00 00 00 00 00 00 00 00 00  ................
 00 00 00 00 00 00 00 00 00 00 00 00 00 00 00 00  ................
 00 00 00 00 00 00 00 00 00 00 00 00 00 00 00 00  ................
 00 00 00 00 00 00 00 00 00 00 00 00 00 00 00 00  ................
 00 00 00 00 00 00 00 00 00 00 00 00 00 00 00 00  ................
 00 00 00 00 00 00 00 00 00 00 00 00 00 00 00 00  ................
 00 00 00 00 00 00 00 00 00 00 00 00 00 00 00 00  ................
 00 00 00                                         ...
--
> 2021/11/05 19:29:26.402945  length=6 from=11 to=16
 01 06 00 01 00 00                                ......
--
< 2021/11/05 19:29:26.418683  length=9 from=292 to=300
 01 06 00 04 00 11 82 00 00                       .........
--
> 2021/11/05 19:29:26.512285  length=6 from=17 to=22
 01 08 00 01 00 01                                ......
--
< 2021/11/05 19:29:26.528054  length=9 from=301 to=309
 01 08 00 04 00 19 82 00 00                       .........
--
> 2021/11/05 19:29:26.574837  length=27 from=23 to=49
 01 0a                                            ..
 00 16 00 0f 00 09 0d 54 65 73 74 65 72 5f 36 31  .......Tester_61
 36 35 44 43 ff ff ff ff 00                       65DC.....
--
< 2021/11/05 19:29:26.590493  length=9 from=310 to=318
 01 0a                                            ..
 00 04 00 19 86 00 00                             .......
--
> 2021/11/05 19:29:27.715163  length=5 from=50 to=54
 01 0b 00 00 00                                   .....
--
< 2021/11/05 19:29:27.730916  length=9 from=319 to=327
 01 0b 00 04 00 19 82 00 00                       .........
--
> 2021/11/05 19:29:27.793298  length=6 from=55 to=60
 01 06 00 01 00 01                                ......
--
< 2021/11/05 19:29:27.809027  length=9 from=328 to=336
 01 06 00 04 00 1b 82 00 00                       .........
--
> 2021/11/05 19:29:27.933865  length=6 from=61 to=66
 01 08 00 01 00 01                                ......
--
< 2021/11/05 19:29:27.949558  length=9 from=337 to=345
 01 08 00 04 00 1b 82 00 00                       .........
--
> 2021/11/05 19:29:28.105638  length=27 from=67 to=93
 01 0a                                            ..
 00 16 00 0f 00 09 0d 54 65 73 74 65 72 5f 36 31  .......Tester_61
 36 35 44 43 ff ff ff ff 00                       65DC.....
--
< 2021/11/05 19:29:28.121405  length=9 from=346 to=354
 01 0a                                            ..
 00 04 00 1b 86 00 00                             .......
--
