2025-05-11 05:34:19,524 LT1-thread root DEBUG client.py                 988   _run_test_case            : Starting TestCase _run_test_case CAP CAP/ACC/ADV/BV-01-C
2025-05-11 05:34:19,524 LT1-thread root DEBUG testcase.py               712   pre_run                   : pre_run CAP CAP/ACC/ADV/BV-01-C
2025-05-11 05:34:19,524 LT1-thread root DEBUG testcase.py               714   pre_run                   : About to run test case CAP CAP/ACC/ADV/BV-01-C with commands:
2025-05-11 05:34:19,524 LT1-thread root DEBUG testcase.py               717   pre_run                   : 0) class=<class 'autopts.ptsprojects.testcase.TestFunc'>, func=<bound method Stack.core_init of <autopts.ptsprojects.stack.stack.Stack object at 0x7f6c525d7250>> start_wid=None stop_wid=None post_wid=None skip_call=None call_count=0 args=() kwds={}
2025-05-11 05:34:19,525 LT1-thread root DEBUG testcase.py               717   pre_run                   : 1) class=<class 'autopts.ptsprojects.testcase.TestFunc'>, func=<bound method ZephyrCtl.hw_reset of <autopts.ptsprojects.zephyr.iutctl.ZephyrCtl object at 0x7f6c52593df0>> start_wid=None stop_wid=None post_wid=None skip_call=None call_count=0 args=() kwds={}
2025-05-11 05:34:19,525 LT1-thread root DEBUG testcase.py               717   pre_run                   : 2) class=<class 'autopts.ptsprojects.testcase.TestFunc'>, func=<bound method ZephyrCtl.start of <autopts.ptsprojects.zephyr.iutctl.ZephyrCtl object at 0x7f6c52593df0>> start_wid=None stop_wid=None post_wid=None skip_call=None call_count=0 args=(<autopts.ptsprojects.zephyr.ztestcase.ZTestCase object at 0x7f6c50b7d3f0>,) kwds={}
2025-05-11 05:34:19,525 LT1-thread root DEBUG testcase.py               717   pre_run                   : 3) class=<class 'autopts.ptsprojects.testcase.TestFunc'>, func=<bound method ZephyrCtl.hw_reset of <autopts.ptsprojects.zephyr.iutctl.ZephyrCtl object at 0x7f6c52593df0>> start_wid=None stop_wid=None post_wid=None skip_call=None call_count=0 args=() kwds={}
2025-05-11 05:34:19,525 LT1-thread root DEBUG testcase.py               717   pre_run                   : 4) class=<class 'autopts.ptsprojects.testcase.TestFunc'>, func=<bound method ZephyrCtl.wait_iut_ready_event of <autopts.ptsprojects.zephyr.iutctl.ZephyrCtl object at 0x7f6c52593df0>> start_wid=None stop_wid=None post_wid=None skip_call=None call_count=0 args=(False,) kwds={}
2025-05-11 05:34:19,525 LT1-thread root DEBUG testcase.py               717   pre_run                   : 5) class=<class 'autopts.ptsprojects.testcase.TestFunc'>, func=<function core_reg_svc_gap at 0x7f6c55579000> start_wid=None stop_wid=None post_wid=None skip_call=None call_count=60 args=() kwds={}
2025-05-11 05:34:19,525 LT1-thread root DEBUG testcase.py               717   pre_run                   : 6) class=<class 'autopts.ptsprojects.testcase.TestFunc'>, func=<bound method Stack.gap_init of <autopts.ptsprojects.stack.stack.Stack object at 0x7f6c525d7250>> start_wid=None stop_wid=None post_wid=None skip_call=None call_count=60 args=(b'Tester_1C28DF',) kwds={}
2025-05-11 05:34:19,525 LT1-thread root DEBUG testcase.py               717   pre_run                   : 7) class=<class 'autopts.ptsprojects.testcase.TestFunc'>, func=<function gap_read_ctrl_info at 0x7f6c555951b0> start_wid=None stop_wid=None post_wid=None skip_call=None call_count=60 args=() kwds={}
2025-05-11 05:34:19,525 LT1-thread root DEBUG testcase.py               717   pre_run                   : 8) class=<class 'autopts.ptsprojects.testcase.TestFunc'>, func=<function core_reg_svc_gatt at 0x7f6c55579120> start_wid=None stop_wid=None post_wid=None skip_call=None call_count=60 args=() kwds={}
2025-05-11 05:34:19,525 LT1-thread root DEBUG testcase.py               717   pre_run                   : 9) class=<class 'autopts.ptsprojects.testcase.TestFunc'>, func=<function set_pts_addr at 0x7f6c55578c10> start_wid=None stop_wid=None post_wid=None skip_call=None call_count=60 args=('C0:07:E8:1C:28:DF', 0) kwds={}
2025-05-11 05:34:19,525 LT1-thread root DEBUG testcase.py               717   pre_run                   : 10) class=<class 'autopts.ptsprojects.testcase.TestFunc'>, func=<bound method Stack.gatt_init of <autopts.ptsprojects.stack.stack.Stack object at 0x7f6c525d7250>> start_wid=None stop_wid=None post_wid=None skip_call=None call_count=60 args=() kwds={}
2025-05-11 05:34:19,525 LT1-thread root DEBUG testcase.py               717   pre_run                   : 11) class=<class 'autopts.ptsprojects.testcase.TestFunc'>, func=<function gap_set_conn at 0x7f6c55594b80> start_wid=None stop_wid=None post_wid=None skip_call=None call_count=60 args=() kwds={}
2025-05-11 05:34:19,525 LT1-thread root DEBUG testcase.py               717   pre_run                   : 12) class=<class 'autopts.ptsprojects.testcase.TestFunc'>, func=<function gap_set_gendiscov at 0x7f6c55594d30> start_wid=None stop_wid=None post_wid=None skip_call=None call_count=60 args=() kwds={}
2025-05-11 05:34:19,525 LT1-thread root DEBUG testcase.py               717   pre_run                   : 13) class=<class 'autopts.ptsprojects.testcase.TestFunc'>, func=<function core_reg_svc_mics at 0x7f6c55579c60> start_wid=None stop_wid=None post_wid=None skip_call=None call_count=60 args=() kwds={}
2025-05-11 05:34:19,525 LT1-thread root DEBUG testcase.py               717   pre_run                   : 14) class=<class 'autopts.ptsprojects.testcase.TestFunc'>, func=<function core_reg_svc_vcs at 0x7f6c555796c0> start_wid=None stop_wid=None post_wid=None skip_call=None call_count=60 args=() kwds={}
2025-05-11 05:34:19,525 LT1-thread root DEBUG testcase.py               717   pre_run                   : 15) class=<class 'autopts.ptsprojects.testcase.TestFunc'>, func=<bound method Stack.vcs_init of <autopts.ptsprojects.stack.stack.Stack object at 0x7f6c525d7250>> start_wid=None stop_wid=None post_wid=None skip_call=None call_count=60 args=() kwds={}
2025-05-11 05:34:19,525 LT1-thread root DEBUG testcase.py               717   pre_run                   : 16) class=<class 'autopts.ptsprojects.testcase.TestFunc'>, func=<function core_reg_svc_aics at 0x7f6c555797e0> start_wid=None stop_wid=None post_wid=None skip_call=None call_count=60 args=() kwds={}
2025-05-11 05:34:19,525 LT1-thread root DEBUG testcase.py               717   pre_run                   : 17) class=<class 'autopts.ptsprojects.testcase.TestFunc'>, func=<bound method Stack.aics_init of <autopts.ptsprojects.stack.stack.Stack object at 0x7f6c525d7250>> start_wid=None stop_wid=None post_wid=None skip_call=None call_count=60 args=() kwds={}
2025-05-11 05:34:19,525 LT1-thread root DEBUG testcase.py               717   pre_run                   : 18) class=<class 'autopts.ptsprojects.testcase.TestFunc'>, func=<function core_reg_svc_vocs at 0x7f6c55579750> start_wid=None stop_wid=None post_wid=None skip_call=None call_count=60 args=() kwds={}
2025-05-11 05:34:19,525 LT1-thread root DEBUG testcase.py               717   pre_run                   : 19) class=<class 'autopts.ptsprojects.testcase.TestFunc'>, func=<bound method Stack.vocs_init of <autopts.ptsprojects.stack.stack.Stack object at 0x7f6c525d7250>> start_wid=None stop_wid=None post_wid=None skip_call=None call_count=60 args=() kwds={}
2025-05-11 05:34:19,525 LT1-thread root DEBUG testcase.py               717   pre_run                   : 20) class=<class 'autopts.ptsprojects.testcase.TestFunc'>, func=<function core_reg_svc_gmcs at 0x7f6c55579f30> start_wid=None stop_wid=None post_wid=None skip_call=None call_count=60 args=() kwds={}
2025-05-11 05:34:19,525 LT1-thread root DEBUG testcase.py               717   pre_run                   : 21) class=<class 'autopts.ptsprojects.testcase.TestFunc'>, func=<function core_reg_svc_tbs at 0x7f6c5557a200> start_wid=None stop_wid=None post_wid=None skip_call=None call_count=60 args=() kwds={}
2025-05-11 05:34:19,525 LT1-thread root DEBUG testcase.py               717   pre_run                   : 22) class=<class 'autopts.ptsprojects.testcase.TestFunc'>, func=<bound method Stack.gmcs_init of <autopts.ptsprojects.stack.stack.Stack object at 0x7f6c525d7250>> start_wid=None stop_wid=None post_wid=None skip_call=None call_count=60 args=() kwds={}
2025-05-11 05:34:19,526 LT1-thread root DEBUG testcase.py               717   pre_run                   : 23) class=<class 'autopts.ptsprojects.testcase.TestFunc'>, func=<function core_reg_svc_csip at 0x7f6c5557a0e0> start_wid=None stop_wid=None post_wid=None skip_call=None call_count=60 args=() kwds={}
2025-05-11 05:34:19,526 LT1-thread root DEBUG testcase.py               717   pre_run                   : 24) class=<class 'autopts.ptsprojects.testcase.TestFunc'>, func=<bound method Stack.csip_init of <autopts.ptsprojects.stack.stack.Stack object at 0x7f6c525d7250>> start_wid=None stop_wid=None post_wid=None skip_call=None call_count=60 args=() kwds={}
2025-05-11 05:34:19,526 LT1-thread root DEBUG testcase.py               717   pre_run                   : 25) class=<class 'autopts.ptsprojects.testcase.TestFunc'>, func=<function core_reg_svc_pacs at 0x7f6c55579900> start_wid=None stop_wid=None post_wid=None skip_call=None call_count=60 args=() kwds={}
2025-05-11 05:34:19,526 LT1-thread root DEBUG testcase.py               717   pre_run                   : 26) class=<class 'autopts.ptsprojects.testcase.TestFunc'>, func=<function core_reg_svc_ascs at 0x7f6c55579990> start_wid=None stop_wid=None post_wid=None skip_call=None call_count=60 args=() kwds={}
2025-05-11 05:34:19,526 LT1-thread root DEBUG testcase.py               717   pre_run                   : 27) class=<class 'autopts.ptsprojects.testcase.TestFunc'>, func=<function core_reg_svc_bap at 0x7f6c55579ab0> start_wid=None stop_wid=None post_wid=None skip_call=None call_count=60 args=() kwds={}
2025-05-11 05:34:19,526 LT1-thread root DEBUG testcase.py               717   pre_run                   : 28) class=<class 'autopts.ptsprojects.testcase.TestFunc'>, func=<bound method Stack.ascs_init of <autopts.ptsprojects.stack.stack.Stack object at 0x7f6c525d7250>> start_wid=None stop_wid=None post_wid=None skip_call=None call_count=60 args=() kwds={}
2025-05-11 05:34:19,526 LT1-thread root DEBUG testcase.py               717   pre_run                   : 29) class=<class 'autopts.ptsprojects.testcase.TestFunc'>, func=<bound method Stack.bap_init of <autopts.ptsprojects.stack.stack.Stack object at 0x7f6c525d7250>> start_wid=None stop_wid=None post_wid=None skip_call=None call_count=60 args=() kwds={}
2025-05-11 05:34:19,526 LT1-thread root DEBUG testcase.py               717   pre_run                   : 30) class=<class 'autopts.ptsprojects.testcase.TestFunc'>, func=<bound method Stack.cap_init of <autopts.ptsprojects.stack.stack.Stack object at 0x7f6c525d7250>> start_wid=None stop_wid=None post_wid=None skip_call=None call_count=60 args=() kwds={}
2025-05-11 05:34:19,526 LT1-thread root DEBUG testcase.py               717   pre_run                   : 31) class=<class 'autopts.ptsprojects.testcase.TestFunc'>, func=<bound method Stack.micp_init of <autopts.ptsprojects.stack.stack.Stack object at 0x7f6c525d7250>> start_wid=None stop_wid=None post_wid=None skip_call=None call_count=60 args=() kwds={}
2025-05-11 05:34:19,526 LT1-thread root DEBUG testcase.py               717   pre_run                   : 32) class=<class 'autopts.ptsprojects.testcase.TestFunc'>, func=<bound method Stack.vcp_init of <autopts.ptsprojects.stack.stack.Stack object at 0x7f6c525d7250>> start_wid=None stop_wid=None post_wid=None skip_call=None call_count=60 args=() kwds={}
2025-05-11 05:34:19,526 LT1-thread root DEBUG testcase.py               717   pre_run                   : 33) class=<class 'autopts.ptsprojects.testcase.TestFunc'>, func=<function core_reg_svc_cap at 0x7f6c5557a050> start_wid=None stop_wid=None post_wid=None skip_call=None call_count=60 args=() kwds={}
2025-05-11 05:34:19,526 LT1-thread root DEBUG testcase.py               717   pre_run                   : 34) class=<class 'autopts.ptsprojects.testcase.TestFunc'>, func=<function core_reg_svc_cas at 0x7f6c55579d80> start_wid=None stop_wid=None post_wid=None skip_call=None call_count=60 args=() kwds={}
2025-05-11 05:34:19,526 LT1-thread root DEBUG testcase.py               717   pre_run                   : 35) class=<class 'autopts.ptsprojects.testcase.TestFunc'>, func=<function core_reg_svc_micp at 0x7f6c55579bd0> start_wid=None stop_wid=None post_wid=None skip_call=None call_count=60 args=() kwds={}
2025-05-11 05:34:19,526 LT1-thread root DEBUG testcase.py               717   pre_run                   : 36) class=<class 'autopts.ptsprojects.testcase.TestFunc'>, func=<function core_reg_svc_vcp at 0x7f6c55579e10> start_wid=None stop_wid=None post_wid=None skip_call=None call_count=60 args=() kwds={}
2025-05-11 05:34:19,526 LT1-thread root DEBUG testcase.py               717   pre_run                   : 37) class=<class 'autopts.ptsprojects.testcase.TestFunc'>, func=<function gap_set_extended_advertising_on at 0x7f6c55595a20> start_wid=None stop_wid=None post_wid=None skip_call=None call_count=60 args=() kwds={}
2025-05-11 05:34:19,526 LT1-thread root DEBUG testcase.py               717   pre_run                   : 38) class=<class 'autopts.ptsprojects.testcase.TestFunc'>, func=<function test_cases.<locals>.<lambda> at 0x7f6c524bcee0> start_wid=None stop_wid=None post_wid=None skip_call=None call_count=60 args=() kwds={}
2025-05-11 05:34:19,526 LT1-thread root DEBUG testcase.py               717   pre_run                   : 39) class=<class 'autopts.ptsprojects.testcase.TestFunc'>, func=<function test_cases.<locals>.<lambda> at 0x7f6c524bcf70> start_wid=None stop_wid=None post_wid=None skip_call=None call_count=60 args=() kwds={}
2025-05-11 05:34:19,526 LT1-thread root DEBUG testcase.py               717   pre_run                   : 40) class=<class 'autopts.ptsprojects.testcase.TestFunc'>, func=<function announcements at 0x7f6c54d15000> start_wid=None stop_wid=None post_wid=None skip_call=None call_count=0 args=({}, {}, True, <Context.RINGTONE|LIVE|MEDIA|CONVERSATIONAL: 582>, <Context.LIVE|CONVERSATIONAL: 66>) kwds={}
2025-05-11 05:34:19,527 LT1-thread root DEBUG testcase.py               717   pre_run                   : 41) class=<class 'autopts.ptsprojects.testcase.TestFunc'>, func=<function gap_adv_ind_on at 0x7f6c55594310> start_wid=None stop_wid=None post_wid=None skip_call=None call_count=0 args=() kwds={'ad': {}, 'sd': {}}
2025-05-11 05:34:19,527 LT1-thread root DEBUG testcase.py               717   pre_run                   : 42) class=<class 'autopts.ptsprojects.testcase.TestFuncCleanUp'>, func=<bound method Stack.cleanup of <autopts.ptsprojects.stack.stack.Stack object at 0x7f6c525d7250>> start_wid=None stop_wid=None post_wid=None skip_call=None call_count=0 args=() kwds={}
2025-05-11 05:34:19,527 LT1-thread root DEBUG testcase.py               717   pre_run                   : 43) class=<class 'autopts.ptsprojects.testcase.TestFuncCleanUp'>, func=<bound method ZephyrCtl.stop of <autopts.ptsprojects.zephyr.iutctl.ZephyrCtl object at 0x7f6c52593df0>> start_wid=None stop_wid=None post_wid=None skip_call=None call_count=0 args=() kwds={}
2025-05-11 05:34:19,527 LT1-thread root DEBUG testcase.py               724   pre_run                   : pre_run, run pre test case script
2025-05-11 05:34:19,527 LT1-thread root DEBUG testcase.py               253   start                     : Starting test function: class=<class 'autopts.ptsprojects.testcase.TestFunc'>, func=<bound method Stack.core_init of <autopts.ptsprojects.stack.stack.Stack object at 0x7f6c525d7250>> start_wid=None stop_wid=None post_wid=None skip_call=None call_count=1 args=() kwds={}
2025-05-11 05:34:19,527 LT1-thread root DEBUG testcase.py               265   start                     : Test function parameters: args=(), kwds={}
2025-05-11 05:34:19,527 LT1-thread root DEBUG testcase.py               253   start                     : Starting test function: class=<class 'autopts.ptsprojects.testcase.TestFunc'>, func=<bound method ZephyrCtl.hw_reset of <autopts.ptsprojects.zephyr.iutctl.ZephyrCtl object at 0x7f6c52593df0>> start_wid=None stop_wid=None post_wid=None skip_call=None call_count=1 args=() kwds={}
2025-05-11 05:34:19,527 LT1-thread root DEBUG testcase.py               265   start                     : Test function parameters: args=(), kwds={}
2025-05-11 05:34:19,527 LT1-thread root DEBUG testcase.py               253   start                     : Starting test function: class=<class 'autopts.ptsprojects.testcase.TestFunc'>, func=<bound method ZephyrCtl.start of <autopts.ptsprojects.zephyr.iutctl.ZephyrCtl object at 0x7f6c52593df0>> start_wid=None stop_wid=None post_wid=None skip_call=None call_count=1 args=(<autopts.ptsprojects.zephyr.ztestcase.ZTestCase object at 0x7f6c50b7d3f0>,) kwds={}
2025-05-11 05:34:19,527 LT1-thread root DEBUG testcase.py               265   start                     : Test function parameters: args=(<autopts.ptsprojects.zephyr.ztestcase.ZTestCase object at 0x7f6c50b7d3f0>,), kwds={}
2025-05-11 05:34:19,527 LT1-thread root DEBUG iutctl.py                 104   start                     : <class 'autopts.ptsprojects.zephyr.iutctl.ZephyrCtl'>.start
2025-05-11 05:34:19,527 LT1-thread root DEBUG iutctl.py                 170   flush_serial              : <class 'autopts.ptsprojects.zephyr.iutctl.ZephyrCtl'>.flush_serial
2025-05-11 05:34:20,564 LT1-thread root DEBUG iutctl.py                 133   start                     : Starting socat process: socat -x -v /dev/ttyACM2,rawer,b115200 UNIX-CONNECT:/tmp/bt-stack-tester1050060770
2025-05-11 05:34:20,564 LT1-thread root DEBUG iutctl_common.py          387   accept                    : accept
2025-05-11 05:34:20,566 BTPWorkerThread-31339 (_rx_task) root DEBUG iutctl_common.py          292   _rx_task                  : BTPWorkerThread-31339 (_rx_task) started
2025-05-11 05:34:20,566 LT1-thread root DEBUG testcase.py               253   start                     : Starting test function: class=<class 'autopts.ptsprojects.testcase.TestFunc'>, func=<bound method ZephyrCtl.hw_reset of <autopts.ptsprojects.zephyr.iutctl.ZephyrCtl object at 0x7f6c52593df0>> start_wid=None stop_wid=None post_wid=None skip_call=None call_count=1 args=() kwds={}
2025-05-11 05:34:20,566 LT1-thread root DEBUG testcase.py               265   start                     : Test function parameters: args=(), kwds={}
2025-05-11 05:34:20,566 LT1-thread root DEBUG testcase.py               253   start                     : Starting test function: class=<class 'autopts.ptsprojects.testcase.TestFunc'>, func=<bound method ZephyrCtl.wait_iut_ready_event of <autopts.ptsprojects.zephyr.iutctl.ZephyrCtl object at 0x7f6c52593df0>> start_wid=None stop_wid=None post_wid=None skip_call=None call_count=1 args=(False,) kwds={}
2025-05-11 05:34:20,566 LT1-thread root DEBUG testcase.py               265   start                     : Test function parameters: args=(False,), kwds={}
2025-05-11 05:34:20,567 LT1-thread root DEBUG iutctl.py                 232   wait_iut_ready_event      : IUT ready event received OK
2025-05-11 05:34:20,567 LT1-thread root DEBUG rtt.py                    238   start                     : <class 'autopts.rtt.RTTLogger'>.start
2025-05-11 05:34:20,567 LT1-thread root DEBUG rtt.py                    93    start                     : <class 'autopts.rtt.RTT'>.start
2025-05-11 05:34:21,169 LT1-thread root DEBUG testcase.py               253   start                     : Starting test function: class=<class 'autopts.ptsprojects.testcase.TestFunc'>, func=<function core_reg_svc_gap at 0x7f6c55579000> start_wid=None stop_wid=None post_wid=None skip_call=None call_count=61 args=() kwds={}
2025-05-11 05:34:21,169 LT1-thread root DEBUG testcase.py               265   start                     : Test function parameters: args=(), kwds={}
2025-05-11 05:34:21,169 LT1-thread root DEBUG btp.py                    116   core_reg_svc_univ         : core_reg_svc_univ: gap_reg (GAP)
2025-05-11 05:34:21,169 LT1-thread root DEBUG iutctl_common.py          160   send                      : send, 0 3 255 '1'
2025-05-11 05:34:21,169 LT1-thread root DEBUG iutctl_common.py          165   send                      : sending frame '0003ff010001'
2025-05-11 05:34:21,169 LT1-thread root DEBUG btp.py                    606   core_reg_svc_rsp_succ     : core_reg_svc_rsp_succ
2025-05-11 05:34:21,169 LT1-thread root DEBUG iutctl_common.py          324   read                      : read
2025-05-11 05:34:21,211 BTPWorkerThread-31339 (_rx_task) root DEBUG iutctl_common.py          122   read                      : Read 5 bytes
2025-05-11 05:34:21,217 BTPWorkerThread-31339 (_rx_task) root DEBUG iutctl_common.py          130   read                      : Received: hdr: Header(svc_id=0x00, op=0x03, ctrl_index=0xff, data_len=0x00) bytearray(b'\x00\x03\xff\x00\x00')
2025-05-11 05:34:21,217 BTPWorkerThread-31339 (_rx_task) root DEBUG iutctl_common.py          153   read                      : Received data: {''}, bytearray(b'')
2025-05-11 05:34:21,217 LT1-thread root DEBUG btp.py                    617   core_reg_svc_rsp_succ     : received Header(svc_id=0, op=3, ctrl_index=255, data_len=0) (b'',)
2025-05-11 05:34:21,217 LT1-thread root DEBUG btp.py                    618   core_reg_svc_rsp_succ     : expected ((0, 3, 255, 0), (b'',))
2025-05-11 05:34:21,217 LT1-thread root DEBUG btp.py                    623   core_reg_svc_rsp_succ     : response is valid
2025-05-11 05:34:21,218 LT1-thread root DEBUG btp.py                    626   core_reg_svc_rsp_succ     : Reading supported commands for service: GAP
2025-05-11 05:34:21,218 LT1-thread root DEBUG iutctl_common.py          160   send                      : send, 1 1 255 ''
2025-05-11 05:34:21,218 LT1-thread root DEBUG iutctl_common.py          165   send                      : sending frame '0101ff0000'
2025-05-11 05:34:21,218 LT1-thread root DEBUG iutctl_common.py          324   read                      : read
2025-05-11 05:34:21,228 BTPWorkerThread-31339 (_rx_task) root DEBUG iutctl_common.py          122   read                      : Read 5 bytes
2025-05-11 05:34:21,229 BTPWorkerThread-31339 (_rx_task) root DEBUG iutctl_common.py          130   read                      : Received: hdr: Header(svc_id=0x01, op=0x01, ctrl_index=0xff, data_len=0x06) bytearray(b'\x01\x01\xff\x06\x00')
2025-05-11 05:34:21,229 BTPWorkerThread-31339 (_rx_task) root DEBUG iutctl_common.py          138   read                      : Read 6 bytes data
2025-05-11 05:34:21,234 BTPWorkerThread-31339 (_rx_task) root DEBUG iutctl_common.py          153   read                      : Received data: {'6e ff 7f 1f 7e 04'}, bytearray(b'n\xff\x7f\x1f~\x04')
2025-05-11 05:34:21,245 LT1-thread root DEBUG testcase.py               253   start                     : Starting test function: class=<class 'autopts.ptsprojects.testcase.TestFunc'>, func=<bound method Stack.gap_init of <autopts.ptsprojects.stack.stack.Stack object at 0x7f6c525d7250>> start_wid=None stop_wid=None post_wid=None skip_call=None call_count=61 args=(b'Tester_1C28DF',) kwds={}
2025-05-11 05:34:21,245 LT1-thread root DEBUG testcase.py               265   start                     : Test function parameters: args=(b'Tester_1C28DF',), kwds={}
2025-05-11 05:34:21,245 LT1-thread root DEBUG testcase.py               253   start                     : Starting test function: class=<class 'autopts.ptsprojects.testcase.TestFunc'>, func=<function gap_read_ctrl_info at 0x7f6c555951b0> start_wid=None stop_wid=None post_wid=None skip_call=None call_count=61 args=() kwds={}
2025-05-11 05:34:21,245 LT1-thread root DEBUG testcase.py               265   start                     : Test function parameters: args=(), kwds={}
2025-05-11 05:34:21,245 LT1-thread root DEBUG gap.py                    980   gap_read_ctrl_info        : gap_read_ctrl_info
2025-05-11 05:34:21,245 LT1-thread root DEBUG iutctl_common.py          160   send                      : send, 1 3 0 ''
2025-05-11 05:34:21,245 LT1-thread root DEBUG iutctl_common.py          165   send                      : sending frame '0103000000'
2025-05-11 05:34:21,245 LT1-thread root DEBUG iutctl_common.py          324   read                      : read
2025-05-11 05:34:21,599 BTPWorkerThread-31339 (_rx_task) root DEBUG iutctl_common.py          122   read                      : Read 5 bytes
2025-05-11 05:34:21,600 BTPWorkerThread-31339 (_rx_task) root DEBUG iutctl_common.py          130   read                      : Received: hdr: Header(svc_id=0x01, op=0x03, ctrl_index=0x00, data_len=0x115) bytearray(b'\x01\x03\x00\x15\x01')
2025-05-11 05:34:21,615 BTPWorkerThread-31339 (_rx_task) root DEBUG iutctl_common.py          138   read                      : Read 277 bytes data
2025-05-11 05:34:21,620 BTPWorkerThread-31339 (_rx_task) root DEBUG iutctl_common.py          153   read                      : Received data: {'c3 51 0b 1b b8 d7 13 06 02 00 13 82 00 00 00 00 00 62 74 70 5f 74 65 73 74 65 72 00 00 00 00 00 00 00 00 00 00 00 00 00 00 00 00 00 00 00 00 00 00 00 00 00 00 00 00 00 00 00 00 00 00 00 00 00 00 00 00 00 00 00 00 00 00 00 00 00 00 00 00 00 00 00 00 00 00 00 00 00 00 00 00 00 00 00 00 00 00 00 00 00 00 00 00 00 00 00 00 00 00 00 00 00 00 00 00 00 00 00 00 00 00 00 00 00 00 00 00 00 00 00 00 00 00 00 00 00 00 00 00 00 00 00 00 00 00 00 00 00 00 00 00 00 00 00 00 00 00 00 00 00 00 00 00 00 00 00 00 00 00 00 00 00 00 00 00 00 00 00 00 00 00 00 00 00 00 00 00 00 00 00 00 00 00 00 00 00 00 00 00 00 00 00 00 00 00 00 00 00 00 00 00 00 00 00 00 00 00 00 00 00 00 00 00 00 00 00 00 00 00 00 00 00 00 00 00 00 00 00 00 00 00 00 00 00 00 00 00 00 00 00 00 00 00 00 00 00 00 00 00 00 00 00 00 00 00 00 00 00 00 00 00 00 00 00 00 00 00'}, bytearray(b'\xc3Q\x0b\x1b\xb8\xd7\x13\x06\x02\x00\x13\x82\x00\x00\x00\x00\x00btp_tester\x00\x00\x00\x00\x00\x00\x00\x00\x00\x00\x00\x00\x00\x00\x00\x00\x00\x00\x00\x00\x00\x00\x00\x00\x00\x00\x00\x00\x00\x00\x00\x00\x00\x00\x00\x00\x00\x00\x00\x00\x00\x00\x00\x00\x00\x00\x00\x00\x00\x00\x00\x00\x00\x00\x00\x00\x00\x00\x00\x00\x00\x00\x00\x00\x00\x00\x00\x00\x00\x00\x00\x00\x00\x00\x00\x00\x00\x00\x00\x00\x00\x00\x00\x00\x00\x00\x00\x00\x00\x00\x00\x00\x00\x00\x00\x00\x00\x00\x00\x00\x00\x00\x00\x00\x00\x00\x00\x00\x00\x00\x00\x00\x00\x00\x00\x00\x00\x00\x00\x00\x00\x00\x00\x00\x00\x00\x00\x00\x00\x00\x00\x00\x00\x00\x00\x00\x00\x00\x00\x00\x00\x00\x00\x00\x00\x00\x00\x00\x00\x00\x00\x00\x00\x00\x00\x00\x00\x00\x00\x00\x00\x00\x00\x00\x00\x00\x00\x00\x00\x00\x00\x00\x00\x00\x00\x00\x00\x00\x00\x00\x00\x00\x00\x00\x00\x00\x00\x00\x00\x00\x00\x00\x00\x00\x00\x00\x00\x00\x00\x00\x00\x00\x00\x00\x00\x00\x00\x00\x00\x00\x00\x00\x00\x00\x00\x00\x00\x00\x00\x00\x00\x00\x00\x00\x00\x00\x00\x00\x00\x00\x00\x00\x00\x00\x00\x00\x00\x00\x00\x00\x00\x00\x00\x00\x00\x00\x00\x00\x00\x00')
2025-05-11 05:34:21,646 LT1-thread root DEBUG gap.py                    987   gap_read_ctrl_info        : received Header(svc_id=1, op=3, ctrl_index=0, data_len=277) (b'\xc3Q\x0b\x1b\xb8\xd7\x13\x06\x02\x00\x13\x82\x00\x00\x00\x00\x00btp_tester\x00\x00\x00\x00\x00\x00\x00\x00\x00\x00\x00\x00\x00\x00\x00\x00\x00\x00\x00\x00\x00\x00\x00\x00\x00\x00\x00\x00\x00\x00\x00\x00\x00\x00\x00\x00\x00\x00\x00\x00\x00\x00\x00\x00\x00\x00\x00\x00\x00\x00\x00\x00\x00\x00\x00\x00\x00\x00\x00\x00\x00\x00\x00\x00\x00\x00\x00\x00\x00\x00\x00\x00\x00\x00\x00\x00\x00\x00\x00\x00\x00\x00\x00\x00\x00\x00\x00\x00\x00\x00\x00\x00\x00\x00\x00\x00\x00\x00\x00\x00\x00\x00\x00\x00\x00\x00\x00\x00\x00\x00\x00\x00\x00\x00\x00\x00\x00\x00\x00\x00\x00\x00\x00\x00\x00\x00\x00\x00\x00\x00\x00\x00\x00\x00\x00\x00\x00\x00\x00\x00\x00\x00\x00\x00\x00\x00\x00\x00\x00\x00\x00\x00\x00\x00\x00\x00\x00\x00\x00\x00\x00\x00\x00\x00\x00\x00\x00\x00\x00\x00\x00\x00\x00\x00\x00\x00\x00\x00\x00\x00\x00\x00\x00\x00\x00\x00\x00\x00\x00\x00\x00\x00\x00\x00\x00\x00\x00\x00\x00\x00\x00\x00\x00\x00\x00\x00\x00\x00\x00\x00\x00\x00\x00\x00\x00\x00\x00\x00\x00\x00\x00\x00\x00\x00\x00\x00\x00\x00\x00\x00\x00\x00\x00\x00\x00\x00\x00\x00\x00\x00\x00\x00\x00\x00\x00\x00\x00\x00\x00\x00',)
2025-05-11 05:34:21,647 LT1-thread root DEBUG gap.py                    1008  gap_read_ctrl_info        : IUT address 'd7b81b0b51c3' 'random'
2025-05-11 05:34:21,647 LT1-thread root DEBUG gap.py                    420   __gap_current_settings_update : __gap_current_settings_update 33299
2025-05-11 05:34:21,647 LT1-thread root DEBUG testcase.py               253   start                     : Starting test function: class=<class 'autopts.ptsprojects.testcase.TestFunc'>, func=<function core_reg_svc_gatt at 0x7f6c55579120> start_wid=None stop_wid=None post_wid=None skip_call=None call_count=61 args=() kwds={}
2025-05-11 05:34:21,647 LT1-thread root DEBUG testcase.py               265   start                     : Test function parameters: args=(), kwds={}
2025-05-11 05:34:21,647 LT1-thread root DEBUG btp.py                    116   core_reg_svc_univ         : core_reg_svc_univ: gatt_reg (GATT)
2025-05-11 05:34:21,647 LT1-thread root DEBUG iutctl_common.py          160   send                      : send, 0 3 255 '2'
2025-05-11 05:34:21,647 LT1-thread root DEBUG iutctl_common.py          165   send                      : sending frame '0003ff010002'
2025-05-11 05:34:21,647 LT1-thread root DEBUG btp.py                    606   core_reg_svc_rsp_succ     : core_reg_svc_rsp_succ
2025-05-11 05:34:21,647 LT1-thread root DEBUG iutctl_common.py          324   read                      : read
2025-05-11 05:34:21,673 BTPWorkerThread-31339 (_rx_task) root DEBUG iutctl_common.py          122   read                      : Read 5 bytes
2025-05-11 05:34:21,694 BTPWorkerThread-31339 (_rx_task) root DEBUG iutctl_common.py          130   read                      : Received: hdr: Header(svc_id=0x00, op=0x03, ctrl_index=0xff, data_len=0x00) bytearray(b'\x00\x03\xff\x00\x00')
2025-05-11 05:34:21,700 BTPWorkerThread-31339 (_rx_task) root DEBUG iutctl_common.py          153   read                      : Received data: {''}, bytearray(b'')
2025-05-11 05:34:21,705 LT1-thread root DEBUG btp.py                    617   core_reg_svc_rsp_succ     : received Header(svc_id=0, op=3, ctrl_index=255, data_len=0) (b'',)
2025-05-11 05:34:21,705 LT1-thread root DEBUG btp.py                    618   core_reg_svc_rsp_succ     : expected ((0, 3, 255, 0), (b'',))
2025-05-11 05:34:21,705 LT1-thread root DEBUG btp.py                    623   core_reg_svc_rsp_succ     : response is valid
2025-05-11 05:34:21,705 LT1-thread root DEBUG btp.py                    626   core_reg_svc_rsp_succ     : Reading supported commands for service: GATT
2025-05-11 05:34:21,705 LT1-thread root DEBUG iutctl_common.py          160   send                      : send, 2 1 255 ''
2025-05-11 05:34:21,705 LT1-thread root DEBUG iutctl_common.py          165   send                      : sending frame '0201ff0000'
2025-05-11 05:34:21,705 LT1-thread root DEBUG iutctl_common.py          324   read                      : read
2025-05-11 05:34:21,721 BTPWorkerThread-31339 (_rx_task) root DEBUG iutctl_common.py          122   read                      : Read 5 bytes
2025-05-11 05:34:21,737 BTPWorkerThread-31339 (_rx_task) root DEBUG iutctl_common.py          130   read                      : Received: hdr: Header(svc_id=0x02, op=0x01, ctrl_index=0xff, data_len=0x05) bytearray(b'\x02\x01\xff\x05\x00')
2025-05-11 05:34:21,737 BTPWorkerThread-31339 (_rx_task) root DEBUG iutctl_common.py          138   read                      : Read 5 bytes data
2025-05-11 05:34:21,737 BTPWorkerThread-31339 (_rx_task) root DEBUG iutctl_common.py          153   read                      : Received data: {'fe fe ff fd 03'}, bytearray(b'\xfe\xfe\xff\xfd\x03')
2025-05-11 05:34:21,737 LT1-thread root DEBUG testcase.py               253   start                     : Starting test function: class=<class 'autopts.ptsprojects.testcase.TestFunc'>, func=<function set_pts_addr at 0x7f6c55578c10> start_wid=None stop_wid=None post_wid=None skip_call=None call_count=61 args=('C0:07:E8:1C:28:DF', 0) kwds={}
2025-05-11 05:34:21,737 LT1-thread root DEBUG testcase.py               265   start                     : Test function parameters: args=('C0:07:E8:1C:28:DF', 0), kwds={}
2025-05-11 05:34:21,738 LT1-thread root DEBUG testcase.py               253   start                     : Starting test function: class=<class 'autopts.ptsprojects.testcase.TestFunc'>, func=<bound method Stack.gatt_init of <autopts.ptsprojects.stack.stack.Stack object at 0x7f6c525d7250>> start_wid=None stop_wid=None post_wid=None skip_call=None call_count=61 args=() kwds={}
2025-05-11 05:34:21,738 LT1-thread root DEBUG testcase.py               265   start                     : Test function parameters: args=(), kwds={}
2025-05-11 05:34:21,738 LT1-thread root DEBUG testcase.py               253   start                     : Starting test function: class=<class 'autopts.ptsprojects.testcase.TestFunc'>, func=<function gap_set_conn at 0x7f6c55594b80> start_wid=None stop_wid=None post_wid=None skip_call=None call_count=61 args=() kwds={}
2025-05-11 05:34:21,738 LT1-thread root DEBUG testcase.py               265   start                     : Test function parameters: args=(), kwds={}
2025-05-11 05:34:21,738 LT1-thread root DEBUG gap.py                    801   gap_set_conn              : gap_set_conn
2025-05-11 05:34:21,738 LT1-thread root DEBUG testcase.py               253   start                     : Starting test function: class=<class 'autopts.ptsprojects.testcase.TestFunc'>, func=<function gap_set_gendiscov at 0x7f6c55594d30> start_wid=None stop_wid=None post_wid=None skip_call=None call_count=61 args=() kwds={}
2025-05-11 05:34:21,738 LT1-thread root DEBUG testcase.py               265   start                     : Test function parameters: args=(), kwds={}
2025-05-11 05:34:21,738 LT1-thread root DEBUG gap.py                    852   gap_set_gendiscov         : gap_set_gendiscov
2025-05-11 05:34:21,738 LT1-thread root DEBUG iutctl_common.py          160   send                      : send, 1 8 0 '1'
2025-05-11 05:34:21,738 LT1-thread root DEBUG iutctl_common.py          165   send                      : sending frame '010800010001'
2025-05-11 05:34:21,738 LT1-thread root DEBUG gap.py                    1015  gap_command_rsp_succ      : gap_command_rsp_succ
2025-05-11 05:34:21,738 LT1-thread root DEBUG iutctl_common.py          324   read                      : read
2025-05-11 05:34:21,759 BTPWorkerThread-31339 (_rx_task) root DEBUG iutctl_common.py          122   read                      : Read 5 bytes
2025-05-11 05:34:21,759 BTPWorkerThread-31339 (_rx_task) root DEBUG iutctl_common.py          130   read                      : Received: hdr: Header(svc_id=0x01, op=0x08, ctrl_index=0x00, data_len=0x04) bytearray(b'\x01\x08\x00\x04\x00')
2025-05-11 05:34:21,780 BTPWorkerThread-31339 (_rx_task) root DEBUG iutctl_common.py          138   read                      : Read 4 bytes data
2025-05-11 05:34:21,790 BTPWorkerThread-31339 (_rx_task) root DEBUG iutctl_common.py          153   read                      : Received data: {'1b 82 00 00'}, bytearray(b'\x1b\x82\x00\x00')
2025-05-11 05:34:21,791 LT1-thread root DEBUG gap.py                    1020  gap_command_rsp_succ      : received Header(svc_id=1, op=8, ctrl_index=0, data_len=4) (b'\x1b\x82\x00\x00',)
2025-05-11 05:34:21,791 LT1-thread root DEBUG gap.py                    420   __gap_current_settings_update : __gap_current_settings_update (b'\x1b\x82\x00\x00',)
2025-05-11 05:34:21,791 LT1-thread root DEBUG testcase.py               253   start                     : Starting test function: class=<class 'autopts.ptsprojects.testcase.TestFunc'>, func=<function core_reg_svc_mics at 0x7f6c55579c60> start_wid=None stop_wid=None post_wid=None skip_call=None call_count=61 args=() kwds={}
2025-05-11 05:34:21,791 LT1-thread root DEBUG testcase.py               265   start                     : Test function parameters: args=(), kwds={}
2025-05-11 05:34:21,791 LT1-thread root DEBUG btp.py                    116   core_reg_svc_univ         : core_reg_svc_univ: mics_reg (MICS)
2025-05-11 05:34:21,791 LT1-thread root DEBUG iutctl_common.py          160   send                      : send, 0 3 255 '18'
2025-05-11 05:34:21,791 LT1-thread root DEBUG iutctl_common.py          165   send                      : sending frame '0003ff010012'
2025-05-11 05:34:21,791 LT1-thread root DEBUG btp.py                    606   core_reg_svc_rsp_succ     : core_reg_svc_rsp_succ
2025-05-11 05:34:21,791 LT1-thread root DEBUG iutctl_common.py          324   read                      : read
2025-05-11 05:34:21,812 BTPWorkerThread-31339 (_rx_task) root DEBUG iutctl_common.py          122   read                      : Read 5 bytes
2025-05-11 05:34:21,817 BTPWorkerThread-31339 (_rx_task) root DEBUG iutctl_common.py          130   read                      : Received: hdr: Header(svc_id=0x00, op=0x03, ctrl_index=0xff, data_len=0x00) bytearray(b'\x00\x03\xff\x00\x00')
2025-05-11 05:34:21,823 BTPWorkerThread-31339 (_rx_task) root DEBUG iutctl_common.py          153   read                      : Received data: {''}, bytearray(b'')
2025-05-11 05:34:21,823 LT1-thread root DEBUG btp.py                    617   core_reg_svc_rsp_succ     : received Header(svc_id=0, op=3, ctrl_index=255, data_len=0) (b'',)
2025-05-11 05:34:21,823 LT1-thread root DEBUG btp.py                    618   core_reg_svc_rsp_succ     : expected ((0, 3, 255, 0), (b'',))
2025-05-11 05:34:21,823 LT1-thread root DEBUG btp.py                    623   core_reg_svc_rsp_succ     : response is valid
2025-05-11 05:34:21,823 LT1-thread root DEBUG btp.py                    626   core_reg_svc_rsp_succ     : Reading supported commands for service: MICS
2025-05-11 05:34:21,823 LT1-thread root DEBUG iutctl_common.py          160   send                      : send, 18 1 255 ''
2025-05-11 05:34:21,823 LT1-thread root DEBUG iutctl_common.py          165   send                      : sending frame '1201ff0000'
2025-05-11 05:34:21,824 LT1-thread root DEBUG iutctl_common.py          324   read                      : read
2025-05-11 05:34:21,845 BTPWorkerThread-31339 (_rx_task) root DEBUG iutctl_common.py          122   read                      : Read 5 bytes
2025-05-11 05:34:21,845 BTPWorkerThread-31339 (_rx_task) root DEBUG iutctl_common.py          130   read                      : Received: hdr: Header(svc_id=0x12, op=0x01, ctrl_index=0xff, data_len=0x01) bytearray(b'\x12\x01\xff\x01\x00')
2025-05-11 05:34:21,845 BTPWorkerThread-31339 (_rx_task) root DEBUG iutctl_common.py          138   read                      : Read 1 bytes data
2025-05-11 05:34:21,845 BTPWorkerThread-31339 (_rx_task) root DEBUG iutctl_common.py          153   read                      : Received data: {'3e'}, bytearray(b'>')
2025-05-11 05:34:21,856 LT1-thread root DEBUG testcase.py               253   start                     : Starting test function: class=<class 'autopts.ptsprojects.testcase.TestFunc'>, func=<function core_reg_svc_vcs at 0x7f6c555796c0> start_wid=None stop_wid=None post_wid=None skip_call=None call_count=61 args=() kwds={}
2025-05-11 05:34:21,856 LT1-thread root DEBUG testcase.py               265   start                     : Test function parameters: args=(), kwds={}
2025-05-11 05:34:21,856 LT1-thread root DEBUG btp.py                    116   core_reg_svc_univ         : core_reg_svc_univ: vcs_reg (VCS)
2025-05-11 05:34:21,856 LT1-thread root DEBUG iutctl_common.py          160   send                      : send, 0 3 255 '8'
2025-05-11 05:34:21,856 LT1-thread root DEBUG iutctl_common.py          165   send                      : sending frame '0003ff010008'
2025-05-11 05:34:21,856 LT1-thread root DEBUG btp.py                    606   core_reg_svc_rsp_succ     : core_reg_svc_rsp_succ
2025-05-11 05:34:21,856 LT1-thread root DEBUG iutctl_common.py          324   read                      : read
2025-05-11 05:34:21,867 BTPWorkerThread-31339 (_rx_task) root DEBUG iutctl_common.py          122   read                      : Read 5 bytes
2025-05-11 05:34:21,872 BTPWorkerThread-31339 (_rx_task) root DEBUG iutctl_common.py          130   read                      : Received: hdr: Header(svc_id=0x00, op=0x03, ctrl_index=0xff, data_len=0x00) bytearray(b'\x00\x03\xff\x00\x00')
2025-05-11 05:34:21,893 BTPWorkerThread-31339 (_rx_task) root DEBUG iutctl_common.py          153   read                      : Received data: {''}, bytearray(b'')
2025-05-11 05:34:21,923 LT1-thread root DEBUG btp.py                    617   core_reg_svc_rsp_succ     : received Header(svc_id=0, op=3, ctrl_index=255, data_len=0) (b'',)
2025-05-11 05:34:21,924 LT1-thread root DEBUG btp.py                    618   core_reg_svc_rsp_succ     : expected ((0, 3, 255, 0), (b'',))
2025-05-11 05:34:21,924 LT1-thread root DEBUG btp.py                    623   core_reg_svc_rsp_succ     : response is valid
2025-05-11 05:34:21,924 LT1-thread root DEBUG btp.py                    626   core_reg_svc_rsp_succ     : Reading supported commands for service: VCS
2025-05-11 05:34:21,924 LT1-thread root DEBUG iutctl_common.py          160   send                      : send, 8 1 255 ''
2025-05-11 05:34:21,924 LT1-thread root DEBUG iutctl_common.py          165   send                      : sending frame '0801ff0000'
2025-05-11 05:34:21,924 LT1-thread root DEBUG iutctl_common.py          324   read                      : read
2025-05-11 05:34:21,955 BTPWorkerThread-31339 (_rx_task) root DEBUG iutctl_common.py          122   read                      : Read 5 bytes
2025-05-11 05:34:21,955 BTPWorkerThread-31339 (_rx_task) root DEBUG iutctl_common.py          130   read                      : Received: hdr: Header(svc_id=0x08, op=0x01, ctrl_index=0xff, data_len=0x01) bytearray(b'\x08\x01\xff\x01\x00')
2025-05-11 05:34:21,956 BTPWorkerThread-31339 (_rx_task) root DEBUG iutctl_common.py          138   read                      : Read 1 bytes data
2025-05-11 05:34:21,956 BTPWorkerThread-31339 (_rx_task) root DEBUG iutctl_common.py          153   read                      : Received data: {'7e'}, bytearray(b'~')
2025-05-11 05:34:21,956 LT1-thread root DEBUG testcase.py               253   start                     : Starting test function: class=<class 'autopts.ptsprojects.testcase.TestFunc'>, func=<bound method Stack.vcs_init of <autopts.ptsprojects.stack.stack.Stack object at 0x7f6c525d7250>> start_wid=None stop_wid=None post_wid=None skip_call=None call_count=61 args=() kwds={}
2025-05-11 05:34:21,956 LT1-thread root DEBUG testcase.py               265   start                     : Test function parameters: args=(), kwds={}
2025-05-11 05:34:21,956 LT1-thread root DEBUG testcase.py               253   start                     : Starting test function: class=<class 'autopts.ptsprojects.testcase.TestFunc'>, func=<function core_reg_svc_aics at 0x7f6c555797e0> start_wid=None stop_wid=None post_wid=None skip_call=None call_count=61 args=() kwds={}
2025-05-11 05:34:21,956 LT1-thread root DEBUG testcase.py               265   start                     : Test function parameters: args=(), kwds={}
2025-05-11 05:34:21,956 LT1-thread root DEBUG btp.py                    116   core_reg_svc_univ         : core_reg_svc_univ: aics_reg (AICS)
2025-05-11 05:34:21,956 LT1-thread root DEBUG iutctl_common.py          160   send                      : send, 0 3 255 '10'
2025-05-11 05:34:21,956 LT1-thread root DEBUG iutctl_common.py          165   send                      : sending frame '0003ff01000a'
2025-05-11 05:34:21,957 LT1-thread root DEBUG btp.py                    606   core_reg_svc_rsp_succ     : core_reg_svc_rsp_succ
2025-05-11 05:34:21,957 LT1-thread root DEBUG iutctl_common.py          324   read                      : read
2025-05-11 05:34:21,977 BTPWorkerThread-31339 (_rx_task) root DEBUG iutctl_common.py          122   read                      : Read 5 bytes
2025-05-11 05:34:21,983 BTPWorkerThread-31339 (_rx_task) root DEBUG iutctl_common.py          130   read                      : Received: hdr: Header(svc_id=0x00, op=0x03, ctrl_index=0xff, data_len=0x00) bytearray(b'\x00\x03\xff\x00\x00')
2025-05-11 05:34:22,029 BTPWorkerThread-31339 (_rx_task) root DEBUG iutctl_common.py          153   read                      : Received data: {''}, bytearray(b'')
2025-05-11 05:34:22,050 LT1-thread root DEBUG btp.py                    617   core_reg_svc_rsp_succ     : received Header(svc_id=0, op=3, ctrl_index=255, data_len=0) (b'',)
2025-05-11 05:34:22,050 LT1-thread root DEBUG btp.py                    618   core_reg_svc_rsp_succ     : expected ((0, 3, 255, 0), (b'',))
2025-05-11 05:34:22,050 LT1-thread root DEBUG btp.py                    623   core_reg_svc_rsp_succ     : response is valid
2025-05-11 05:34:22,050 LT1-thread root DEBUG btp.py                    626   core_reg_svc_rsp_succ     : Reading supported commands for service: AICS
2025-05-11 05:34:22,050 LT1-thread root DEBUG iutctl_common.py          160   send                      : send, 10 1 255 ''
2025-05-11 05:34:22,050 LT1-thread root DEBUG iutctl_common.py          165   send                      : sending frame '0a01ff0000'
2025-05-11 05:34:22,050 LT1-thread root DEBUG iutctl_common.py          324   read                      : read
2025-05-11 05:34:22,066 BTPWorkerThread-31339 (_rx_task) root DEBUG iutctl_common.py          122   read                      : Read 5 bytes
2025-05-11 05:34:22,071 BTPWorkerThread-31339 (_rx_task) root DEBUG iutctl_common.py          130   read                      : Received: hdr: Header(svc_id=0x0a, op=0x01, ctrl_index=0xff, data_len=0x02) bytearray(b'\n\x01\xff\x02\x00')
2025-05-11 05:34:22,077 BTPWorkerThread-31339 (_rx_task) root DEBUG iutctl_common.py          138   read                      : Read 2 bytes data
2025-05-11 05:34:22,077 BTPWorkerThread-31339 (_rx_task) root DEBUG iutctl_common.py          153   read                      : Received data: {'fe ff'}, bytearray(b'\xfe\xff')
2025-05-11 05:34:22,077 LT1-thread root DEBUG testcase.py               253   start                     : Starting test function: class=<class 'autopts.ptsprojects.testcase.TestFunc'>, func=<bound method Stack.aics_init of <autopts.ptsprojects.stack.stack.Stack object at 0x7f6c525d7250>> start_wid=None stop_wid=None post_wid=None skip_call=None call_count=61 args=() kwds={}
2025-05-11 05:34:22,077 LT1-thread root DEBUG testcase.py               265   start                     : Test function parameters: args=(), kwds={}
2025-05-11 05:34:22,077 LT1-thread root DEBUG testcase.py               253   start                     : Starting test function: class=<class 'autopts.ptsprojects.testcase.TestFunc'>, func=<function core_reg_svc_vocs at 0x7f6c55579750> start_wid=None stop_wid=None post_wid=None skip_call=None call_count=61 args=() kwds={}
2025-05-11 05:34:22,077 LT1-thread root DEBUG testcase.py               265   start                     : Test function parameters: args=(), kwds={}
2025-05-11 05:34:22,078 LT1-thread root DEBUG btp.py                    116   core_reg_svc_univ         : core_reg_svc_univ: vocs_reg (VOCS)
2025-05-11 05:34:22,078 LT1-thread root DEBUG iutctl_common.py          160   send                      : send, 0 3 255 '11'
2025-05-11 05:34:22,078 LT1-thread root DEBUG iutctl_common.py          165   send                      : sending frame '0003ff01000b'
2025-05-11 05:34:22,078 LT1-thread root DEBUG btp.py                    606   core_reg_svc_rsp_succ     : core_reg_svc_rsp_succ
2025-05-11 05:34:22,078 LT1-thread root DEBUG iutctl_common.py          324   read                      : read
2025-05-11 05:34:22,093 BTPWorkerThread-31339 (_rx_task) root DEBUG iutctl_common.py          122   read                      : Read 5 bytes
2025-05-11 05:34:22,114 BTPWorkerThread-31339 (_rx_task) root DEBUG iutctl_common.py          130   read                      : Received: hdr: Header(svc_id=0x00, op=0x03, ctrl_index=0xff, data_len=0x00) bytearray(b'\x00\x03\xff\x00\x00')
2025-05-11 05:34:22,135 BTPWorkerThread-31339 (_rx_task) root DEBUG iutctl_common.py          153   read                      : Received data: {''}, bytearray(b'')
2025-05-11 05:34:22,140 LT1-thread root DEBUG btp.py                    617   core_reg_svc_rsp_succ     : received Header(svc_id=0, op=3, ctrl_index=255, data_len=0) (b'',)
2025-05-11 05:34:22,140 LT1-thread root DEBUG btp.py                    618   core_reg_svc_rsp_succ     : expected ((0, 3, 255, 0), (b'',))
2025-05-11 05:34:22,140 LT1-thread root DEBUG btp.py                    623   core_reg_svc_rsp_succ     : response is valid
2025-05-11 05:34:22,140 LT1-thread root DEBUG btp.py                    626   core_reg_svc_rsp_succ     : Reading supported commands for service: VOCS
2025-05-11 05:34:22,141 LT1-thread root DEBUG iutctl_common.py          160   send                      : send, 11 1 255 ''
2025-05-11 05:34:22,141 LT1-thread root DEBUG iutctl_common.py          165   send                      : sending frame '0b01ff0000'
2025-05-11 05:34:22,141 LT1-thread root DEBUG iutctl_common.py          324   read                      : read
2025-05-11 05:34:22,168 BTPWorkerThread-31339 (_rx_task) root DEBUG iutctl_common.py          122   read                      : Read 5 bytes
2025-05-11 05:34:22,173 BTPWorkerThread-31339 (_rx_task) root DEBUG iutctl_common.py          130   read                      : Received: hdr: Header(svc_id=0x0b, op=0x01, ctrl_index=0xff, data_len=0x01) bytearray(b'\x0b\x01\xff\x01\x00')
2025-05-11 05:34:22,188 BTPWorkerThread-31339 (_rx_task) root DEBUG iutctl_common.py          138   read                      : Read 1 bytes data
2025-05-11 05:34:22,189 BTPWorkerThread-31339 (_rx_task) root DEBUG iutctl_common.py          153   read                      : Received data: {'7e'}, bytearray(b'~')
2025-05-11 05:34:22,189 LT1-thread root DEBUG testcase.py               253   start                     : Starting test function: class=<class 'autopts.ptsprojects.testcase.TestFunc'>, func=<bound method Stack.vocs_init of <autopts.ptsprojects.stack.stack.Stack object at 0x7f6c525d7250>> start_wid=None stop_wid=None post_wid=None skip_call=None call_count=61 args=() kwds={}
2025-05-11 05:34:22,189 LT1-thread root DEBUG testcase.py               265   start                     : Test function parameters: args=(), kwds={}
2025-05-11 05:34:22,189 LT1-thread root DEBUG testcase.py               253   start                     : Starting test function: class=<class 'autopts.ptsprojects.testcase.TestFunc'>, func=<function core_reg_svc_gmcs at 0x7f6c55579f30> start_wid=None stop_wid=None post_wid=None skip_call=None call_count=61 args=() kwds={}
2025-05-11 05:34:22,189 LT1-thread root DEBUG testcase.py               265   start                     : Test function parameters: args=(), kwds={}
2025-05-11 05:34:22,189 LT1-thread root DEBUG btp.py                    116   core_reg_svc_univ         : core_reg_svc_univ: gmcs_reg (GMCS)
2025-05-11 05:34:22,189 LT1-thread root DEBUG iutctl_common.py          160   send                      : send, 0 3 255 '23'
2025-05-11 05:34:22,189 LT1-thread root DEBUG iutctl_common.py          165   send                      : sending frame '0003ff010017'
2025-05-11 05:34:22,189 LT1-thread root DEBUG btp.py                    606   core_reg_svc_rsp_succ     : core_reg_svc_rsp_succ
2025-05-11 05:34:22,189 LT1-thread root DEBUG iutctl_common.py          324   read                      : read
2025-05-11 05:34:22,205 BTPWorkerThread-31339 (_rx_task) root DEBUG iutctl_common.py          122   read                      : Read 5 bytes
2025-05-11 05:34:22,221 BTPWorkerThread-31339 (_rx_task) root DEBUG iutctl_common.py          130   read                      : Received: hdr: Header(svc_id=0x00, op=0x03, ctrl_index=0xff, data_len=0x00) bytearray(b'\x00\x03\xff\x00\x00')
2025-05-11 05:34:22,226 BTPWorkerThread-31339 (_rx_task) root DEBUG iutctl_common.py          153   read                      : Received data: {''}, bytearray(b'')
2025-05-11 05:34:22,242 LT1-thread root DEBUG btp.py                    617   core_reg_svc_rsp_succ     : received Header(svc_id=0, op=3, ctrl_index=255, data_len=0) (b'',)
2025-05-11 05:34:22,242 LT1-thread root DEBUG btp.py                    618   core_reg_svc_rsp_succ     : expected ((0, 3, 255, 0), (b'',))
2025-05-11 05:34:22,243 LT1-thread root DEBUG btp.py                    623   core_reg_svc_rsp_succ     : response is valid
2025-05-11 05:34:22,243 LT1-thread root DEBUG btp.py                    626   core_reg_svc_rsp_succ     : Reading supported commands for service: GMCS
2025-05-11 05:34:22,243 LT1-thread root DEBUG iutctl_common.py          160   send                      : send, 23 1 255 ''
2025-05-11 05:34:22,243 LT1-thread root DEBUG iutctl_common.py          165   send                      : sending frame '1701ff0000'
2025-05-11 05:34:22,243 LT1-thread root DEBUG iutctl_common.py          324   read                      : read
2025-05-11 05:34:22,255 BTPWorkerThread-31339 (_rx_task) root DEBUG iutctl_common.py          122   read                      : Read 5 bytes
2025-05-11 05:34:22,265 BTPWorkerThread-31339 (_rx_task) root DEBUG iutctl_common.py          130   read                      : Received: hdr: Header(svc_id=0x17, op=0x01, ctrl_index=0xff, data_len=0x01) bytearray(b'\x17\x01\xff\x01\x00')
2025-05-11 05:34:22,291 BTPWorkerThread-31339 (_rx_task) root DEBUG iutctl_common.py          138   read                      : Read 1 bytes data
2025-05-11 05:34:22,312 BTPWorkerThread-31339 (_rx_task) root DEBUG iutctl_common.py          153   read                      : Received data: {'7e'}, bytearray(b'~')
2025-05-11 05:34:22,317 LT1-thread root DEBUG testcase.py               253   start                     : Starting test function: class=<class 'autopts.ptsprojects.testcase.TestFunc'>, func=<function core_reg_svc_tbs at 0x7f6c5557a200> start_wid=None stop_wid=None post_wid=None skip_call=None call_count=61 args=() kwds={}
2025-05-11 05:34:22,317 LT1-thread root DEBUG testcase.py               265   start                     : Test function parameters: args=(), kwds={}
2025-05-11 05:34:22,317 LT1-thread root DEBUG btp.py                    116   core_reg_svc_univ         : core_reg_svc_univ: tbs_reg (TBS)
2025-05-11 05:34:22,317 LT1-thread root DEBUG iutctl_common.py          160   send                      : send, 0 3 255 '27'
2025-05-11 05:34:22,317 LT1-thread root DEBUG iutctl_common.py          165   send                      : sending frame '0003ff01001b'
2025-05-11 05:34:22,317 LT1-thread root DEBUG btp.py                    606   core_reg_svc_rsp_succ     : core_reg_svc_rsp_succ
2025-05-11 05:34:22,318 LT1-thread root DEBUG iutctl_common.py          324   read                      : read
2025-05-11 05:34:22,349 BTPWorkerThread-31339 (_rx_task) root DEBUG iutctl_common.py          122   read                      : Read 5 bytes
2025-05-11 05:34:22,354 BTPWorkerThread-31339 (_rx_task) root DEBUG iutctl_common.py          130   read                      : Received: hdr: Header(svc_id=0x00, op=0x03, ctrl_index=0xff, data_len=0x00) bytearray(b'\x00\x03\xff\x00\x00')
2025-05-11 05:34:22,359 BTPWorkerThread-31339 (_rx_task) root DEBUG iutctl_common.py          153   read                      : Received data: {''}, bytearray(b'')
2025-05-11 05:34:22,385 LT1-thread root DEBUG btp.py                    617   core_reg_svc_rsp_succ     : received Header(svc_id=0, op=3, ctrl_index=255, data_len=0) (b'',)
2025-05-11 05:34:22,385 LT1-thread root DEBUG btp.py                    618   core_reg_svc_rsp_succ     : expected ((0, 3, 255, 0), (b'',))
2025-05-11 05:34:22,385 LT1-thread root DEBUG btp.py                    623   core_reg_svc_rsp_succ     : response is valid
2025-05-11 05:34:22,385 LT1-thread root DEBUG btp.py                    626   core_reg_svc_rsp_succ     : Reading supported commands for service: TBS
2025-05-11 05:34:22,386 LT1-thread root DEBUG iutctl_common.py          160   send                      : send, 27 1 255 ''
2025-05-11 05:34:22,386 LT1-thread root DEBUG iutctl_common.py          165   send                      : sending frame '1b01ff0000'
2025-05-11 05:34:22,386 LT1-thread root DEBUG iutctl_common.py          324   read                      : read
2025-05-11 05:34:22,417 BTPWorkerThread-31339 (_rx_task) root DEBUG iutctl_common.py          122   read                      : Read 5 bytes
2025-05-11 05:34:22,417 BTPWorkerThread-31339 (_rx_task) root DEBUG iutctl_common.py          130   read                      : Received: hdr: Header(svc_id=0x1b, op=0x01, ctrl_index=0xff, data_len=0x02) bytearray(b'\x1b\x01\xff\x02\x00')
2025-05-11 05:34:22,418 BTPWorkerThread-31339 (_rx_task) root DEBUG iutctl_common.py          138   read                      : Read 2 bytes data
2025-05-11 05:34:22,418 BTPWorkerThread-31339 (_rx_task) root DEBUG iutctl_common.py          153   read                      : Received data: {'fe 07'}, bytearray(b'\xfe\x07')
2025-05-11 05:34:22,418 LT1-thread root DEBUG testcase.py               253   start                     : Starting test function: class=<class 'autopts.ptsprojects.testcase.TestFunc'>, func=<bound method Stack.gmcs_init of <autopts.ptsprojects.stack.stack.Stack object at 0x7f6c525d7250>> start_wid=None stop_wid=None post_wid=None skip_call=None call_count=61 args=() kwds={}
2025-05-11 05:34:22,418 LT1-thread root DEBUG testcase.py               265   start                     : Test function parameters: args=(), kwds={}
2025-05-11 05:34:22,418 LT1-thread root DEBUG testcase.py               253   start                     : Starting test function: class=<class 'autopts.ptsprojects.testcase.TestFunc'>, func=<function core_reg_svc_csip at 0x7f6c5557a0e0> start_wid=None stop_wid=None post_wid=None skip_call=None call_count=61 args=() kwds={}
2025-05-11 05:34:22,419 LT1-thread root DEBUG testcase.py               265   start                     : Test function parameters: args=(), kwds={}
2025-05-11 05:34:22,419 LT1-thread root DEBUG btp.py                    116   core_reg_svc_univ         : core_reg_svc_univ: csip_reg (CSIP)
2025-05-11 05:34:22,419 LT1-thread root DEBUG iutctl_common.py          160   send                      : send, 0 3 255 '25'
2025-05-11 05:34:22,419 LT1-thread root DEBUG iutctl_common.py          165   send                      : sending frame '0003ff010019'
2025-05-11 05:34:22,419 LT1-thread root DEBUG btp.py                    606   core_reg_svc_rsp_succ     : core_reg_svc_rsp_succ
2025-05-11 05:34:22,419 LT1-thread root DEBUG iutctl_common.py          324   read                      : read
2025-05-11 05:34:22,491 BTPWorkerThread-31339 (_rx_task) root DEBUG iutctl_common.py          122   read                      : Read 5 bytes
2025-05-11 05:34:22,497 BTPWorkerThread-31339 (_rx_task) root DEBUG iutctl_common.py          130   read                      : Received: hdr: Header(svc_id=0x00, op=0x03, ctrl_index=0xff, data_len=0x00) bytearray(b'\x00\x03\xff\x00\x00')
2025-05-11 05:34:22,517 BTPWorkerThread-31339 (_rx_task) root DEBUG iutctl_common.py          153   read                      : Received data: {''}, bytearray(b'')
2025-05-11 05:34:22,523 LT1-thread root DEBUG btp.py                    617   core_reg_svc_rsp_succ     : received Header(svc_id=0, op=3, ctrl_index=255, data_len=0) (b'',)
2025-05-11 05:34:22,523 LT1-thread root DEBUG btp.py                    618   core_reg_svc_rsp_succ     : expected ((0, 3, 255, 0), (b'',))
2025-05-11 05:34:22,523 LT1-thread root DEBUG btp.py                    623   core_reg_svc_rsp_succ     : response is valid
2025-05-11 05:34:22,523 LT1-thread root DEBUG btp.py                    626   core_reg_svc_rsp_succ     : Reading supported commands for service: CSIP
2025-05-11 05:34:22,523 LT1-thread root DEBUG iutctl_common.py          160   send                      : send, 25 1 255 ''
2025-05-11 05:34:22,523 LT1-thread root DEBUG iutctl_common.py          165   send                      : sending frame '1901ff0000'
2025-05-11 05:34:22,523 LT1-thread root DEBUG iutctl_common.py          324   read                      : read
2025-05-11 05:34:22,534 BTPWorkerThread-31339 (_rx_task) root DEBUG iutctl_common.py          122   read                      : Read 5 bytes
2025-05-11 05:34:22,534 BTPWorkerThread-31339 (_rx_task) root DEBUG iutctl_common.py          130   read                      : Received: hdr: Header(svc_id=0x19, op=0x01, ctrl_index=0xff, data_len=0x01) bytearray(b'\x19\x01\xff\x01\x00')
2025-05-11 05:34:22,534 BTPWorkerThread-31339 (_rx_task) root DEBUG iutctl_common.py          138   read                      : Read 1 bytes data
2025-05-11 05:34:22,535 BTPWorkerThread-31339 (_rx_task) root DEBUG iutctl_common.py          153   read                      : Received data: {'3e'}, bytearray(b'>')
2025-05-11 05:34:22,545 LT1-thread root DEBUG testcase.py               253   start                     : Starting test function: class=<class 'autopts.ptsprojects.testcase.TestFunc'>, func=<bound method Stack.csip_init of <autopts.ptsprojects.stack.stack.Stack object at 0x7f6c525d7250>> start_wid=None stop_wid=None post_wid=None skip_call=None call_count=61 args=() kwds={}
2025-05-11 05:34:22,546 LT1-thread root DEBUG testcase.py               265   start                     : Test function parameters: args=(), kwds={}
2025-05-11 05:34:22,546 LT1-thread root DEBUG testcase.py               253   start                     : Starting test function: class=<class 'autopts.ptsprojects.testcase.TestFunc'>, func=<function core_reg_svc_pacs at 0x7f6c55579900> start_wid=None stop_wid=None post_wid=None skip_call=None call_count=61 args=() kwds={}
2025-05-11 05:34:22,546 LT1-thread root DEBUG testcase.py               265   start                     : Test function parameters: args=(), kwds={}
2025-05-11 05:34:22,546 LT1-thread root DEBUG btp.py                    116   core_reg_svc_univ         : core_reg_svc_univ: pacs_reg (PACS)
2025-05-11 05:34:22,546 LT1-thread root DEBUG iutctl_common.py          160   send                      : send, 0 3 255 '12'
2025-05-11 05:34:22,546 LT1-thread root DEBUG iutctl_common.py          165   send                      : sending frame '0003ff01000c'
2025-05-11 05:34:22,546 LT1-thread root DEBUG btp.py                    606   core_reg_svc_rsp_succ     : core_reg_svc_rsp_succ
2025-05-11 05:34:22,546 LT1-thread root DEBUG iutctl_common.py          324   read                      : read
2025-05-11 05:34:22,572 BTPWorkerThread-31339 (_rx_task) root DEBUG iutctl_common.py          122   read                      : Read 5 bytes
2025-05-11 05:34:22,578 BTPWorkerThread-31339 (_rx_task) root DEBUG iutctl_common.py          130   read                      : Received: hdr: Header(svc_id=0x00, op=0x03, ctrl_index=0xff, data_len=0x00) bytearray(b'\x00\x03\xff\x00\x00')
2025-05-11 05:34:22,578 BTPWorkerThread-31339 (_rx_task) root DEBUG iutctl_common.py          153   read                      : Received data: {''}, bytearray(b'')
2025-05-11 05:34:22,578 LT1-thread root DEBUG btp.py                    617   core_reg_svc_rsp_succ     : received Header(svc_id=0, op=3, ctrl_index=255, data_len=0) (b'',)
2025-05-11 05:34:22,578 LT1-thread root DEBUG btp.py                    618   core_reg_svc_rsp_succ     : expected ((0, 3, 255, 0), (b'',))
2025-05-11 05:34:22,578 LT1-thread root DEBUG btp.py                    623   core_reg_svc_rsp_succ     : response is valid
2025-05-11 05:34:22,578 LT1-thread root DEBUG btp.py                    626   core_reg_svc_rsp_succ     : Reading supported commands for service: PACS
2025-05-11 05:34:22,578 LT1-thread root DEBUG iutctl_common.py          160   send                      : send, 12 1 255 ''
2025-05-11 05:34:22,578 LT1-thread root DEBUG iutctl_common.py          165   send                      : sending frame '0c01ff0000'
2025-05-11 05:34:22,579 LT1-thread root DEBUG iutctl_common.py          324   read                      : read
2025-05-11 05:34:22,594 BTPWorkerThread-31339 (_rx_task) root DEBUG iutctl_common.py          122   read                      : Read 5 bytes
2025-05-11 05:34:22,594 BTPWorkerThread-31339 (_rx_task) root DEBUG iutctl_common.py          130   read                      : Received: hdr: Header(svc_id=0x0c, op=0x01, ctrl_index=0xff, data_len=0x01) bytearray(b'\x0c\x01\xff\x01\x00')
2025-05-11 05:34:22,620 BTPWorkerThread-31339 (_rx_task) root DEBUG iutctl_common.py          138   read                      : Read 1 bytes data
2025-05-11 05:34:22,636 BTPWorkerThread-31339 (_rx_task) root DEBUG iutctl_common.py          153   read                      : Received data: {'3e'}, bytearray(b'>')
2025-05-11 05:34:22,646 LT1-thread root DEBUG testcase.py               253   start                     : Starting test function: class=<class 'autopts.ptsprojects.testcase.TestFunc'>, func=<function core_reg_svc_ascs at 0x7f6c55579990> start_wid=None stop_wid=None post_wid=None skip_call=None call_count=61 args=() kwds={}
2025-05-11 05:34:22,646 LT1-thread root DEBUG testcase.py               265   start                     : Test function parameters: args=(), kwds={}
2025-05-11 05:34:22,646 LT1-thread root DEBUG btp.py                    116   core_reg_svc_univ         : core_reg_svc_univ: ascs_reg (ASCS)
2025-05-11 05:34:22,646 LT1-thread root DEBUG iutctl_common.py          160   send                      : send, 0 3 255 '13'
2025-05-11 05:34:22,647 LT1-thread root DEBUG iutctl_common.py          165   send                      : sending frame '0003ff01000d'
2025-05-11 05:34:22,647 LT1-thread root DEBUG btp.py                    606   core_reg_svc_rsp_succ     : core_reg_svc_rsp_succ
2025-05-11 05:34:22,647 LT1-thread root DEBUG iutctl_common.py          324   read                      : read
2025-05-11 05:34:22,678 BTPWorkerThread-31339 (_rx_task) root DEBUG iutctl_common.py          122   read                      : Read 5 bytes
2025-05-11 05:34:22,704 BTPWorkerThread-31339 (_rx_task) root DEBUG iutctl_common.py          130   read                      : Received: hdr: Header(svc_id=0x00, op=0x03, ctrl_index=0xff, data_len=0x00) bytearray(b'\x00\x03\xff\x00\x00')
2025-05-11 05:34:22,709 BTPWorkerThread-31339 (_rx_task) root DEBUG iutctl_common.py          153   read                      : Received data: {''}, bytearray(b'')
2025-05-11 05:34:22,714 LT1-thread root DEBUG btp.py                    617   core_reg_svc_rsp_succ     : received Header(svc_id=0, op=3, ctrl_index=255, data_len=0) (b'',)
2025-05-11 05:34:22,714 LT1-thread root DEBUG btp.py                    618   core_reg_svc_rsp_succ     : expected ((0, 3, 255, 0), (b'',))
2025-05-11 05:34:22,714 LT1-thread root DEBUG btp.py                    623   core_reg_svc_rsp_succ     : response is valid
2025-05-11 05:34:22,715 LT1-thread root DEBUG btp.py                    626   core_reg_svc_rsp_succ     : Reading supported commands for service: ASCS
2025-05-11 05:34:22,715 LT1-thread root DEBUG iutctl_common.py          160   send                      : send, 13 1 255 ''
2025-05-11 05:34:22,715 LT1-thread root DEBUG iutctl_common.py          165   send                      : sending frame '0d01ff0000'
2025-05-11 05:34:22,715 LT1-thread root DEBUG iutctl_common.py          324   read                      : read
2025-05-11 05:34:22,731 BTPWorkerThread-31339 (_rx_task) root DEBUG iutctl_common.py          122   read                      : Read 5 bytes
2025-05-11 05:34:22,731 BTPWorkerThread-31339 (_rx_task) root DEBUG iutctl_common.py          130   read                      : Received: hdr: Header(svc_id=0x0d, op=0x01, ctrl_index=0xff, data_len=0x02) bytearray(b'\r\x01\xff\x02\x00')
2025-05-11 05:34:22,757 BTPWorkerThread-31339 (_rx_task) root DEBUG iutctl_common.py          138   read                      : Read 2 bytes data
2025-05-11 05:34:22,757 BTPWorkerThread-31339 (_rx_task) root DEBUG iutctl_common.py          153   read                      : Received data: {'fe 0f'}, bytearray(b'\xfe\x0f')
2025-05-11 05:34:22,757 LT1-thread root DEBUG testcase.py               253   start                     : Starting test function: class=<class 'autopts.ptsprojects.testcase.TestFunc'>, func=<function core_reg_svc_bap at 0x7f6c55579ab0> start_wid=None stop_wid=None post_wid=None skip_call=None call_count=61 args=() kwds={}
2025-05-11 05:34:22,757 LT1-thread root DEBUG testcase.py               265   start                     : Test function parameters: args=(), kwds={}
2025-05-11 05:34:22,757 LT1-thread root DEBUG btp.py                    116   core_reg_svc_univ         : core_reg_svc_univ: bap_reg (BAP)
2025-05-11 05:34:22,758 LT1-thread root DEBUG iutctl_common.py          160   send                      : send, 0 3 255 '14'
2025-05-11 05:34:22,758 LT1-thread root DEBUG iutctl_common.py          165   send                      : sending frame '0003ff01000e'
2025-05-11 05:34:22,758 LT1-thread root DEBUG btp.py                    606   core_reg_svc_rsp_succ     : core_reg_svc_rsp_succ
2025-05-11 05:34:22,758 LT1-thread root DEBUG iutctl_common.py          324   read                      : read
2025-05-11 05:34:22,768 BTPWorkerThread-31339 (_rx_task) root DEBUG iutctl_common.py          122   read                      : Read 5 bytes
2025-05-11 05:34:22,774 BTPWorkerThread-31339 (_rx_task) root DEBUG iutctl_common.py          130   read                      : Received: hdr: Header(svc_id=0x00, op=0x03, ctrl_index=0xff, data_len=0x00) bytearray(b'\x00\x03\xff\x00\x00')
2025-05-11 05:34:22,779 BTPWorkerThread-31339 (_rx_task) root DEBUG iutctl_common.py          153   read                      : Received data: {''}, bytearray(b'')
2025-05-11 05:34:22,826 LT1-thread root DEBUG btp.py                    617   core_reg_svc_rsp_succ     : received Header(svc_id=0, op=3, ctrl_index=255, data_len=0) (b'',)
2025-05-11 05:34:22,826 LT1-thread root DEBUG btp.py                    618   core_reg_svc_rsp_succ     : expected ((0, 3, 255, 0), (b'',))
2025-05-11 05:34:22,826 LT1-thread root DEBUG btp.py                    623   core_reg_svc_rsp_succ     : response is valid
2025-05-11 05:34:22,826 LT1-thread root DEBUG btp.py                    626   core_reg_svc_rsp_succ     : Reading supported commands for service: BAP
2025-05-11 05:34:22,826 LT1-thread root DEBUG iutctl_common.py          160   send                      : send, 14 1 255 ''
2025-05-11 05:34:22,826 LT1-thread root DEBUG iutctl_common.py          165   send                      : sending frame '0e01ff0000'
2025-05-11 05:34:22,826 LT1-thread root DEBUG iutctl_common.py          324   read                      : read
2025-05-11 05:34:22,838 BTPWorkerThread-31339 (_rx_task) root DEBUG iutctl_common.py          122   read                      : Read 2 bytes
2025-05-11 05:34:22,865 BTPWorkerThread-31339 (_rx_task) root DEBUG iutctl_common.py          122   read                      : Read 3 bytes
2025-05-11 05:34:22,865 BTPWorkerThread-31339 (_rx_task) root DEBUG iutctl_common.py          130   read                      : Received: hdr: Header(svc_id=0x0e, op=0x01, ctrl_index=0xff, data_len=0x04) bytearray(b'\x0e\x01\xff\x04\x00')
2025-05-11 05:34:22,865 BTPWorkerThread-31339 (_rx_task) root DEBUG iutctl_common.py          138   read                      : Read 4 bytes data
2025-05-11 05:34:22,865 BTPWorkerThread-31339 (_rx_task) root DEBUG iutctl_common.py          153   read                      : Received data: {'fe ff ff 03'}, bytearray(b'\xfe\xff\xff\x03')
2025-05-11 05:34:22,866 LT1-thread root DEBUG testcase.py               253   start                     : Starting test function: class=<class 'autopts.ptsprojects.testcase.TestFunc'>, func=<bound method Stack.ascs_init of <autopts.ptsprojects.stack.stack.Stack object at 0x7f6c525d7250>> start_wid=None stop_wid=None post_wid=None skip_call=None call_count=61 args=() kwds={}
2025-05-11 05:34:22,866 LT1-thread root DEBUG testcase.py               265   start                     : Test function parameters: args=(), kwds={}
2025-05-11 05:34:22,866 LT1-thread root DEBUG testcase.py               253   start                     : Starting test function: class=<class 'autopts.ptsprojects.testcase.TestFunc'>, func=<bound method Stack.bap_init of <autopts.ptsprojects.stack.stack.Stack object at 0x7f6c525d7250>> start_wid=None stop_wid=None post_wid=None skip_call=None call_count=61 args=() kwds={}
2025-05-11 05:34:22,866 LT1-thread root DEBUG testcase.py               265   start                     : Test function parameters: args=(), kwds={}
2025-05-11 05:34:22,866 LT1-thread root DEBUG testcase.py               253   start                     : Starting test function: class=<class 'autopts.ptsprojects.testcase.TestFunc'>, func=<bound method Stack.cap_init of <autopts.ptsprojects.stack.stack.Stack object at 0x7f6c525d7250>> start_wid=None stop_wid=None post_wid=None skip_call=None call_count=61 args=() kwds={}
2025-05-11 05:34:22,866 LT1-thread root DEBUG testcase.py               265   start                     : Test function parameters: args=(), kwds={}
2025-05-11 05:34:22,866 LT1-thread root DEBUG testcase.py               253   start                     : Starting test function: class=<class 'autopts.ptsprojects.testcase.TestFunc'>, func=<bound method Stack.micp_init of <autopts.ptsprojects.stack.stack.Stack object at 0x7f6c525d7250>> start_wid=None stop_wid=None post_wid=None skip_call=None call_count=61 args=() kwds={}
2025-05-11 05:34:22,866 LT1-thread root DEBUG testcase.py               265   start                     : Test function parameters: args=(), kwds={}
2025-05-11 05:34:22,866 LT1-thread root DEBUG testcase.py               253   start                     : Starting test function: class=<class 'autopts.ptsprojects.testcase.TestFunc'>, func=<bound method Stack.vcp_init of <autopts.ptsprojects.stack.stack.Stack object at 0x7f6c525d7250>> start_wid=None stop_wid=None post_wid=None skip_call=None call_count=61 args=() kwds={}
2025-05-11 05:34:22,866 LT1-thread root DEBUG testcase.py               265   start                     : Test function parameters: args=(), kwds={}
2025-05-11 05:34:22,866 LT1-thread root DEBUG testcase.py               253   start                     : Starting test function: class=<class 'autopts.ptsprojects.testcase.TestFunc'>, func=<function core_reg_svc_cap at 0x7f6c5557a050> start_wid=None stop_wid=None post_wid=None skip_call=None call_count=61 args=() kwds={}
2025-05-11 05:34:22,867 LT1-thread root DEBUG testcase.py               265   start                     : Test function parameters: args=(), kwds={}
2025-05-11 05:34:22,867 LT1-thread root DEBUG btp.py                    116   core_reg_svc_univ         : core_reg_svc_univ: cap_reg (CAP)
2025-05-11 05:34:22,867 LT1-thread root DEBUG iutctl_common.py          160   send                      : send, 0 3 255 '26'
2025-05-11 05:34:22,867 LT1-thread root DEBUG iutctl_common.py          165   send                      : sending frame '0003ff01001a'
2025-05-11 05:34:22,867 LT1-thread root DEBUG btp.py                    606   core_reg_svc_rsp_succ     : core_reg_svc_rsp_succ
2025-05-11 05:34:22,867 LT1-thread root DEBUG iutctl_common.py          324   read                      : read
2025-05-11 05:34:22,877 BTPWorkerThread-31339 (_rx_task) root DEBUG iutctl_common.py          122   read                      : Read 5 bytes
2025-05-11 05:34:22,888 BTPWorkerThread-31339 (_rx_task) root DEBUG iutctl_common.py          130   read                      : Received: hdr: Header(svc_id=0x00, op=0x03, ctrl_index=0xff, data_len=0x00) bytearray(b'\x00\x03\xff\x00\x00')
2025-05-11 05:34:22,893 BTPWorkerThread-31339 (_rx_task) root DEBUG iutctl_common.py          153   read                      : Received data: {''}, bytearray(b'')
2025-05-11 05:34:22,898 LT1-thread root DEBUG btp.py                    617   core_reg_svc_rsp_succ     : received Header(svc_id=0, op=3, ctrl_index=255, data_len=0) (b'',)
2025-05-11 05:34:22,898 LT1-thread root DEBUG btp.py                    618   core_reg_svc_rsp_succ     : expected ((0, 3, 255, 0), (b'',))
2025-05-11 05:34:22,898 LT1-thread root DEBUG btp.py                    623   core_reg_svc_rsp_succ     : response is valid
2025-05-11 05:34:22,898 LT1-thread root DEBUG btp.py                    626   core_reg_svc_rsp_succ     : Reading supported commands for service: CAP
2025-05-11 05:34:22,899 LT1-thread root DEBUG iutctl_common.py          160   send                      : send, 26 1 255 ''
2025-05-11 05:34:22,899 LT1-thread root DEBUG iutctl_common.py          165   send                      : sending frame '1a01ff0000'
2025-05-11 05:34:22,899 LT1-thread root DEBUG iutctl_common.py          324   read                      : read
2025-05-11 05:34:22,920 BTPWorkerThread-31339 (_rx_task) root DEBUG iutctl_common.py          122   read                      : Read 5 bytes
2025-05-11 05:34:22,925 BTPWorkerThread-31339 (_rx_task) root DEBUG iutctl_common.py          130   read                      : Received: hdr: Header(svc_id=0x1a, op=0x01, ctrl_index=0xff, data_len=0x02) bytearray(b'\x1a\x01\xff\x02\x00')
2025-05-11 05:34:22,925 BTPWorkerThread-31339 (_rx_task) root DEBUG iutctl_common.py          138   read                      : Read 2 bytes data
2025-05-11 05:34:22,925 BTPWorkerThread-31339 (_rx_task) root DEBUG iutctl_common.py          153   read                      : Received data: {'fe ff'}, bytearray(b'\xfe\xff')
2025-05-11 05:34:22,926 LT1-thread root DEBUG testcase.py               253   start                     : Starting test function: class=<class 'autopts.ptsprojects.testcase.TestFunc'>, func=<function core_reg_svc_cas at 0x7f6c55579d80> start_wid=None stop_wid=None post_wid=None skip_call=None call_count=61 args=() kwds={}
2025-05-11 05:34:22,926 LT1-thread root DEBUG testcase.py               265   start                     : Test function parameters: args=(), kwds={}
2025-05-11 05:34:22,926 LT1-thread root DEBUG btp.py                    116   core_reg_svc_univ         : core_reg_svc_univ: cas_reg (CAS)
2025-05-11 05:34:22,926 LT1-thread root DEBUG iutctl_common.py          160   send                      : send, 0 3 255 '21'
2025-05-11 05:34:22,926 LT1-thread root DEBUG iutctl_common.py          165   send                      : sending frame '0003ff010015'
2025-05-11 05:34:22,926 LT1-thread root DEBUG btp.py                    606   core_reg_svc_rsp_succ     : core_reg_svc_rsp_succ
2025-05-11 05:34:22,926 LT1-thread root DEBUG iutctl_common.py          324   read                      : read
2025-05-11 05:34:22,942 BTPWorkerThread-31339 (_rx_task) root DEBUG iutctl_common.py          122   read                      : Read 5 bytes
2025-05-11 05:34:22,947 BTPWorkerThread-31339 (_rx_task) root DEBUG iutctl_common.py          130   read                      : Received: hdr: Header(svc_id=0x00, op=0x03, ctrl_index=0xff, data_len=0x00) bytearray(b'\x00\x03\xff\x00\x00')
2025-05-11 05:34:22,952 BTPWorkerThread-31339 (_rx_task) root DEBUG iutctl_common.py          153   read                      : Received data: {''}, bytearray(b'')
2025-05-11 05:34:22,952 LT1-thread root DEBUG btp.py                    617   core_reg_svc_rsp_succ     : received Header(svc_id=0, op=3, ctrl_index=255, data_len=0) (b'',)
2025-05-11 05:34:22,952 LT1-thread root DEBUG btp.py                    618   core_reg_svc_rsp_succ     : expected ((0, 3, 255, 0), (b'',))
2025-05-11 05:34:22,953 LT1-thread root DEBUG btp.py                    623   core_reg_svc_rsp_succ     : response is valid
2025-05-11 05:34:22,953 LT1-thread root DEBUG btp.py                    626   core_reg_svc_rsp_succ     : Reading supported commands for service: CAS
2025-05-11 05:34:22,953 LT1-thread root WARNING btp.py                    83    read_supported_commands   : No service bitmask for CAS
2025-05-11 05:34:22,953 LT1-thread root DEBUG testcase.py               253   start                     : Starting test function: class=<class 'autopts.ptsprojects.testcase.TestFunc'>, func=<function core_reg_svc_micp at 0x7f6c55579bd0> start_wid=None stop_wid=None post_wid=None skip_call=None call_count=61 args=() kwds={}
2025-05-11 05:34:22,953 LT1-thread root DEBUG testcase.py               265   start                     : Test function parameters: args=(), kwds={}
2025-05-11 05:34:22,953 LT1-thread root DEBUG btp.py                    116   core_reg_svc_univ         : core_reg_svc_univ: micp_reg (MICP)
2025-05-11 05:34:22,953 LT1-thread root DEBUG iutctl_common.py          160   send                      : send, 0 3 255 '16'
2025-05-11 05:34:22,953 LT1-thread root DEBUG iutctl_common.py          165   send                      : sending frame '0003ff010010'
2025-05-11 05:34:22,953 LT1-thread root DEBUG btp.py                    606   core_reg_svc_rsp_succ     : core_reg_svc_rsp_succ
2025-05-11 05:34:22,953 LT1-thread root DEBUG iutctl_common.py          324   read                      : read
2025-05-11 05:34:22,974 BTPWorkerThread-31339 (_rx_task) root DEBUG iutctl_common.py          122   read                      : Read 5 bytes
2025-05-11 05:34:23,005 BTPWorkerThread-31339 (_rx_task) root DEBUG iutctl_common.py          130   read                      : Received: hdr: Header(svc_id=0x00, op=0x03, ctrl_index=0xff, data_len=0x00) bytearray(b'\x00\x03\xff\x00\x00')
2025-05-11 05:34:23,010 BTPWorkerThread-31339 (_rx_task) root DEBUG iutctl_common.py          153   read                      : Received data: {''}, bytearray(b'')
2025-05-11 05:34:23,011 LT1-thread root DEBUG btp.py                    617   core_reg_svc_rsp_succ     : received Header(svc_id=0, op=3, ctrl_index=255, data_len=0) (b'',)
2025-05-11 05:34:23,011 LT1-thread root DEBUG btp.py                    618   core_reg_svc_rsp_succ     : expected ((0, 3, 255, 0), (b'',))
2025-05-11 05:34:23,011 LT1-thread root DEBUG btp.py                    623   core_reg_svc_rsp_succ     : response is valid
2025-05-11 05:34:23,011 LT1-thread root DEBUG btp.py                    626   core_reg_svc_rsp_succ     : Reading supported commands for service: MICP
2025-05-11 05:34:23,011 LT1-thread root DEBUG iutctl_common.py          160   send                      : send, 16 1 255 ''
2025-05-11 05:34:23,011 LT1-thread root DEBUG iutctl_common.py          165   send                      : sending frame '1001ff0000'
2025-05-11 05:34:23,011 LT1-thread root DEBUG iutctl_common.py          324   read                      : read
2025-05-11 05:34:23,032 BTPWorkerThread-31339 (_rx_task) root DEBUG iutctl_common.py          122   read                      : Read 5 bytes
2025-05-11 05:34:23,053 BTPWorkerThread-31339 (_rx_task) root DEBUG iutctl_common.py          130   read                      : Received: hdr: Header(svc_id=0x10, op=0x01, ctrl_index=0xff, data_len=0x01) bytearray(b'\x10\x01\xff\x01\x00')
2025-05-11 05:34:23,053 BTPWorkerThread-31339 (_rx_task) root DEBUG iutctl_common.py          138   read                      : Read 1 bytes data
2025-05-11 05:34:23,053 BTPWorkerThread-31339 (_rx_task) root DEBUG iutctl_common.py          153   read                      : Received data: {'1e'}, bytearray(b'\x1e')
2025-05-11 05:34:23,053 LT1-thread root DEBUG testcase.py               253   start                     : Starting test function: class=<class 'autopts.ptsprojects.testcase.TestFunc'>, func=<function core_reg_svc_vcp at 0x7f6c55579e10> start_wid=None stop_wid=None post_wid=None skip_call=None call_count=61 args=() kwds={}
2025-05-11 05:34:23,054 LT1-thread root DEBUG testcase.py               265   start                     : Test function parameters: args=(), kwds={}
2025-05-11 05:34:23,054 LT1-thread root DEBUG btp.py                    116   core_reg_svc_univ         : core_reg_svc_univ: vcp_reg (VCP)
2025-05-11 05:34:23,054 LT1-thread root DEBUG iutctl_common.py          160   send                      : send, 0 3 255 '20'
2025-05-11 05:34:23,054 LT1-thread root DEBUG iutctl_common.py          165   send                      : sending frame '0003ff010014'
2025-05-11 05:34:23,054 LT1-thread root DEBUG btp.py                    606   core_reg_svc_rsp_succ     : core_reg_svc_rsp_succ
2025-05-11 05:34:23,054 LT1-thread root DEBUG iutctl_common.py          324   read                      : read
2025-05-11 05:34:23,075 BTPWorkerThread-31339 (_rx_task) root DEBUG iutctl_common.py          122   read                      : Read 5 bytes
2025-05-11 05:34:23,080 BTPWorkerThread-31339 (_rx_task) root DEBUG iutctl_common.py          130   read                      : Received: hdr: Header(svc_id=0x00, op=0x03, ctrl_index=0xff, data_len=0x00) bytearray(b'\x00\x03\xff\x00\x00')
2025-05-11 05:34:23,091 BTPWorkerThread-31339 (_rx_task) root DEBUG iutctl_common.py          153   read                      : Received data: {''}, bytearray(b'')
2025-05-11 05:34:23,096 LT1-thread root DEBUG btp.py                    617   core_reg_svc_rsp_succ     : received Header(svc_id=0, op=3, ctrl_index=255, data_len=0) (b'',)
2025-05-11 05:34:23,096 LT1-thread root DEBUG btp.py                    618   core_reg_svc_rsp_succ     : expected ((0, 3, 255, 0), (b'',))
2025-05-11 05:34:23,096 LT1-thread root DEBUG btp.py                    623   core_reg_svc_rsp_succ     : response is valid
2025-05-11 05:34:23,096 LT1-thread root DEBUG btp.py                    626   core_reg_svc_rsp_succ     : Reading supported commands for service: VCP
2025-05-11 05:34:23,096 LT1-thread root DEBUG iutctl_common.py          160   send                      : send, 20 1 255 ''
2025-05-11 05:34:23,096 LT1-thread root DEBUG iutctl_common.py          165   send                      : sending frame '1401ff0000'
2025-05-11 05:34:23,097 LT1-thread root DEBUG iutctl_common.py          324   read                      : read
2025-05-11 05:34:23,117 BTPWorkerThread-31339 (_rx_task) root DEBUG iutctl_common.py          122   read                      : Read 5 bytes
2025-05-11 05:34:23,118 BTPWorkerThread-31339 (_rx_task) root DEBUG iutctl_common.py          130   read                      : Received: hdr: Header(svc_id=0x14, op=0x01, ctrl_index=0xff, data_len=0x02) bytearray(b'\x14\x01\xff\x02\x00')
2025-05-11 05:34:23,128 BTPWorkerThread-31339 (_rx_task) root DEBUG iutctl_common.py          138   read                      : Read 2 bytes data
2025-05-11 05:34:23,149 BTPWorkerThread-31339 (_rx_task) root DEBUG iutctl_common.py          153   read                      : Received data: {'fe 0f'}, bytearray(b'\xfe\x0f')
2025-05-11 05:34:23,154 LT1-thread root DEBUG testcase.py               253   start                     : Starting test function: class=<class 'autopts.ptsprojects.testcase.TestFunc'>, func=<function gap_set_extended_advertising_on at 0x7f6c55595a20> start_wid=None stop_wid=None post_wid=None skip_call=None call_count=61 args=() kwds={}
2025-05-11 05:34:23,154 LT1-thread root DEBUG testcase.py               265   start                     : Test function parameters: args=(), kwds={}
2025-05-11 05:34:23,154 LT1-thread root DEBUG gap.py                    1243  gap_set_extended_advertising_on : gap_set_extended_advertising_on
2025-05-11 05:34:23,154 LT1-thread root DEBUG iutctl_common.py          160   send                      : send, 1 33 0 '1'
2025-05-11 05:34:23,155 LT1-thread root DEBUG iutctl_common.py          165   send                      : sending frame '012100010001'
2025-05-11 05:34:23,155 LT1-thread root DEBUG gap.py                    1015  gap_command_rsp_succ      : gap_command_rsp_succ
2025-05-11 05:34:23,155 LT1-thread root DEBUG iutctl_common.py          324   read                      : read
2025-05-11 05:34:23,175 BTPWorkerThread-31339 (_rx_task) root DEBUG iutctl_common.py          122   read                      : Read 5 bytes
2025-05-11 05:34:23,207 BTPWorkerThread-31339 (_rx_task) root DEBUG iutctl_common.py          130   read                      : Received: hdr: Header(svc_id=0x01, op=0x21, ctrl_index=0x00, data_len=0x04) bytearray(b'\x01!\x00\x04\x00')
2025-05-11 05:34:23,217 BTPWorkerThread-31339 (_rx_task) root DEBUG iutctl_common.py          138   read                      : Read 4 bytes data
2025-05-11 05:34:23,217 BTPWorkerThread-31339 (_rx_task) root DEBUG iutctl_common.py          153   read                      : Received data: {'1b 82 02 00'}, bytearray(b'\x1b\x82\x02\x00')
2025-05-11 05:34:23,217 LT1-thread root DEBUG gap.py                    1020  gap_command_rsp_succ      : received Header(svc_id=1, op=33, ctrl_index=0, data_len=4) (b'\x1b\x82\x02\x00',)
2025-05-11 05:34:23,217 LT1-thread root DEBUG gap.py                    420   __gap_current_settings_update : __gap_current_settings_update (b'\x1b\x82\x02\x00',)
2025-05-11 05:34:23,217 LT1-thread root DEBUG testcase.py               253   start                     : Starting test function: class=<class 'autopts.ptsprojects.testcase.TestFunc'>, func=<function test_cases.<locals>.<lambda> at 0x7f6c524bcee0> start_wid=None stop_wid=None post_wid=None skip_call=None call_count=61 args=() kwds={}
2025-05-11 05:34:23,218 LT1-thread root DEBUG testcase.py               265   start                     : Test function parameters: args=(), kwds={}
2025-05-11 05:34:23,218 LT1-thread root DEBUG testcase.py               253   start                     : Starting test function: class=<class 'autopts.ptsprojects.testcase.TestFunc'>, func=<function test_cases.<locals>.<lambda> at 0x7f6c524bcf70> start_wid=None stop_wid=None post_wid=None skip_call=None call_count=61 args=() kwds={}
2025-05-11 05:34:23,218 LT1-thread root DEBUG testcase.py               265   start                     : Test function parameters: args=(), kwds={}
2025-05-11 05:34:23,223 LT1-thread root DEBUG testcase.py               253   start                     : Starting test function: class=<class 'autopts.ptsprojects.testcase.TestFunc'>, func=<function announcements at 0x7f6c54d15000> start_wid=None stop_wid=None post_wid=None skip_call=None call_count=1 args=({}, {}, True, <Context.RINGTONE|LIVE|MEDIA|CONVERSATIONAL: 582>, <Context.LIVE|CONVERSATIONAL: 66>) kwds={}
2025-05-11 05:34:23,223 LT1-thread root DEBUG testcase.py               265   start                     : Test function parameters: args=({}, {}, True, <Context.RINGTONE|LIVE|MEDIA|CONVERSATIONAL: 582>, <Context.LIVE|CONVERSATIONAL: 66>), kwds={}
2025-05-11 05:34:23,223 LT1-thread root DEBUG cas.py                    74    cas_get_member_rsi        : cas_get_member_rsi
2025-05-11 05:34:23,223 LT1-thread root DEBUG iutctl_common.py          160   send                      : send, 21 3 0 "bytearray(b'\\x00\\xdf(\\x1c\\xe8\\x07\\xc0')"
2025-05-11 05:34:23,223 LT1-thread root DEBUG iutctl_common.py          165   send                      : sending frame '150300070000df281ce807c0'
2025-05-11 05:34:23,223 LT1-thread root DEBUG iutctl_common.py          324   read                      : read
2025-05-11 05:34:23,239 BTPWorkerThread-31339 (_rx_task) root DEBUG iutctl_common.py          122   read                      : Read 5 bytes
2025-05-11 05:34:23,244 BTPWorkerThread-31339 (_rx_task) root DEBUG iutctl_common.py          130   read                      : Received: hdr: Header(svc_id=0x15, op=0x03, ctrl_index=0x00, data_len=0x06) bytearray(b'\x15\x03\x00\x06\x00')
2025-05-11 05:34:23,250 BTPWorkerThread-31339 (_rx_task) root DEBUG iutctl_common.py          138   read                      : Read 6 bytes data
2025-05-11 05:34:23,250 BTPWorkerThread-31339 (_rx_task) root DEBUG iutctl_common.py          153   read                      : Received data: {'1e 83 a0 7b 73 5b'}, bytearray(b'\x1e\x83\xa0{s[')
2025-05-11 05:34:23,250 LT1-thread root DEBUG testcase.py               253   start                     : Starting test function: class=<class 'autopts.ptsprojects.testcase.TestFunc'>, func=<function gap_adv_ind_on at 0x7f6c55594310> start_wid=None stop_wid=None post_wid=None skip_call=None call_count=1 args=() kwds={'ad': {22: [b'S\x18\x01', b'N\x18\x01F\x02B\x00\x00'], 46: b'\x1e\x83\xa0{s['}, 'sd': {}}
2025-05-11 05:34:23,250 LT1-thread root DEBUG testcase.py               265   start                     : Test function parameters: args=(), kwds={'ad': {22: [b'S\x18\x01', b'N\x18\x01F\x02B\x00\x00'], 46: b'\x1e\x83\xa0{s['}, 'sd': {}}
2025-05-11 05:34:23,250 LT1-thread root DEBUG gap.py                    469   gap_adv_ind_on            : gap_adv_ind_on {22: [b'S\x18\x01', b'N\x18\x01F\x02B\x00\x00'], 46: b'\x1e\x83\xa0{s['} {}
2025-05-11 05:34:23,250 LT1-thread root DEBUG iutctl_common.py          160   send                      : send, 1 10 0 "bytearray(b'\\x17\\x00\\x16\\x03S\\x18\\x01\\x16\\x08N\\x18\\x01F\\x02B\\x00\\x00.\\x06\\x1e\\x83\\xa0{s[\\xff\\xff\\xff\\xff\\x00')"
2025-05-11 05:34:23,251 LT1-thread root DEBUG iutctl_common.py          165   send                      : sending frame '010a001e001700160353180116084e180146024200002e061e83a07b735bffffffff00'
2025-05-11 05:34:23,251 LT1-thread root DEBUG gap.py                    1015  gap_command_rsp_succ      : gap_command_rsp_succ
2025-05-11 05:34:23,251 LT1-thread root DEBUG iutctl_common.py          324   read                      : read
2025-05-11 05:34:23,266 BTPWorkerThread-31339 (_rx_task) root DEBUG iutctl_common.py          122   read                      : Read 5 bytes
2025-05-11 05:34:23,272 BTPWorkerThread-31339 (_rx_task) root DEBUG iutctl_common.py          130   read                      : Received: hdr: Header(svc_id=0x01, op=0x0a, ctrl_index=0x00, data_len=0x04) bytearray(b'\x01\n\x00\x04\x00')
2025-05-11 05:34:23,289 BTPWorkerThread-31339 (_rx_task) root DEBUG iutctl_common.py          138   read                      : Read 4 bytes data
2025-05-11 05:34:23,289 BTPWorkerThread-31339 (_rx_task) root DEBUG iutctl_common.py          153   read                      : Received data: {'1b 86 02 00'}, bytearray(b'\x1b\x86\x02\x00')
2025-05-11 05:34:23,299 LT1-thread root DEBUG gap.py                    1020  gap_command_rsp_succ      : received Header(svc_id=1, op=10, ctrl_index=0, data_len=4) (b'\x1b\x86\x02\x00',)
2025-05-11 05:34:23,299 LT1-thread root DEBUG gap.py                    420   __gap_current_settings_update : __gap_current_settings_update (b'\x1b\x86\x02\x00',)
2025-05-11 05:34:23,315 LT1-thread root DEBUG client.py                 309   get_result                : ClientCallback.get_result run_test_case
2025-05-11 05:34:33,470 LT1-callback ClientCallback.log INFO client.py                 232   log                       : PTS_LOGTYPE_START_TEST Start Test Case 

+922 ms
 CAP/ACC/ADV/BV-01-C CAP/ACC/ADV/BV-01-C

2025-05-11 05:34:33,713 LT1-callback ClientCallback.log INFO client.py                 232   log                       : PTS_LOGTYPE_FINAL_VERDICT Final Verdict 

+9766 ms
 CAP/ACC/ADV/BV-01-C PASS

2025-05-11 05:34:33,778 LT1-callback ClientCallback.log INFO client.py                 232   log                       : PTS_LOGTYPE_FINAL_VERDICT Encrypted Verdict 

+9766 ms
 CAP/ACC/ADV/BV-01-C A1#ZWY4MzQ5MDg3MmQwNTIxOGQzMzQ5YjY2ODA5M2MzNjQ5ZDY4NmY0Yjc2MzIzM2VkNTUyNTFhNGU4Mjg1MjI0NA==#zV8LhgssWRPvD33rsAGI3avEFtwJW2sCbF0y6dIjVGt0HDR5a4jK0qsNYMr/YCMX

2025-05-11 05:34:33,783 LT1-callback ClientCallback.log INFO client.py                 232   log                       : PTS_LOGTYPE_END_TEST Test Case Ended 

+9766 ms
 CAP/ACC/ADV/BV-01-C CAP/ACC/ADV/BV-01-C

2025-05-11 05:34:33,848 LT1-callback root DEBUG client.py                 294   set_result                : ClientCallback, set_result, run_test_case, PASS
2025-05-11 05:34:33,848 LT1-thread root DEBUG client.py                 1066  _run_test_case            : After run_test_case error_code=0 status='PASS'
2025-05-11 05:34:33,848 LT1-thread root DEBUG testcase.py               752   post_run                  : post_run CAP CAP/ACC/ADV/BV-01-C 0
2025-05-11 05:34:33,848 LT1-thread root DEBUG testcase.py               253   start                     : Starting test function: class=<class 'autopts.ptsprojects.testcase.TestFuncCleanUp'>, func=<bound method Stack.cleanup of <autopts.ptsprojects.stack.stack.Stack object at 0x7f6c525d7250>> start_wid=None stop_wid=None post_wid=None skip_call=None call_count=1 args=() kwds={}
2025-05-11 05:34:33,848 LT1-thread root DEBUG testcase.py               265   start                     : Test function parameters: args=(), kwds={}
2025-05-11 05:34:33,849 LT1-thread root DEBUG testcase.py               253   start                     : Starting test function: class=<class 'autopts.ptsprojects.testcase.TestFuncCleanUp'>, func=<bound method ZephyrCtl.stop of <autopts.ptsprojects.zephyr.iutctl.ZephyrCtl object at 0x7f6c52593df0>> start_wid=None stop_wid=None post_wid=None skip_call=None call_count=1 args=() kwds={}
2025-05-11 05:34:33,849 LT1-thread root DEBUG testcase.py               265   start                     : Test function parameters: args=(), kwds={}
2025-05-11 05:34:33,849 LT1-thread root DEBUG iutctl.py                 250   stop                      : <class 'autopts.ptsprojects.zephyr.iutctl.ZephyrCtl'>.stop
2025-05-11 05:34:33,949 LT1-thread root DEBUG rtt.py                    243   stop                      : <class 'autopts.rtt.RTTLogger'>.stop
2025-05-11 05:34:33,949 LT1-thread root DEBUG rtt.py                    107   stop                      : <class 'autopts.rtt.RTT'>.stop
2025-05-11 05:34:33,974 LT1-thread root DEBUG __init__.py               49    reset                     : About to reset DUT: nrfjprog -r -s 1050060770
2025-05-11 05:34:36,301 BTPWorkerThread-31339 (_rx_task) root DEBUG iutctl_common.py          122   read                      : Read 5 bytes
2025-05-11 05:34:36,301 BTPWorkerThread-31339 (_rx_task) root DEBUG iutctl_common.py          130   read                      : Received: hdr: Header(svc_id=0x00, op=0x80, ctrl_index=0xff, data_len=0x00) bytearray(b'\x00\x80\xff\x00\x00')
2025-05-11 05:34:36,301 BTPWorkerThread-31339 (_rx_task) root DEBUG iutctl_common.py          153   read                      : Received data: {''}, bytearray(b'')
2025-05-11 05:34:36,301 BTPWorkerThread-31339 (_rx_task) root DEBUG btp.py                    718   event_handler             : event_handler Header(svc_id=0, op=128, ctrl_index=255, data_len=0) (b'',)
2025-05-11 05:34:36,301 BTPWorkerThread-31339 (_rx_task) root DEBUG core.py                   28    core_iut_ready_ev         : core_iut_ready_ev
2025-05-11 05:34:36,301 LT1-thread root DEBUG iutctl.py                 268   stop                      : IUT ready event received OK
2025-05-11 05:34:36,301 LT1-thread root DEBUG iutctl_common.py          401   close                     : Waiting for _rx_worker to finish ...
2025-05-11 05:34:37,302 LT1-thread root DEBUG iutctl_common.py          401   close                     : Waiting for _rx_worker to finish ...
2025-05-11 05:34:37,302 BTPWorkerThread-31339 (_rx_task) root DEBUG iutctl_common.py          317   _rx_task                  : BTPWorkerThread-31339 (_rx_task) finishing...
2025-05-11 05:34:40,339 LT1-thread root DEBUG testcase.py               781   post_run                  : post_run, cleanup running post test case script
2025-05-11 05:34:40,340 LT1-thread root DEBUG testcase.py               791   post_run                  : post_run, run post test case script
2025-05-11 05:34:40,362 LT1-thread root DEBUG client.py                 1096  _run_test_case            : Done TestCase _run_test_case CAP CAP/ACC/ADV/BV-01-C
