*** Booting Zephyr OS build zephyr-v3.4.0-3442-g8ea58fc43b77 ***
[00:00:00.253,326] <dbg> bttester: tester_init: Initializing tester
[00:00:06.846,130] <inf> bt_hci_core: HW Platform: Nordic Semiconductor (0x0002)
[00:00:06.846,191] <inf> bt_hci_core: HW Variant: nRF53x (0x0003)
[00:00:06.846,221] <inf> bt_hci_core: Firmware: Standard Bluetooth controller (0x00) Version 3.4 Build 99
[00:00:06.848,175] <inf> bt_hci_core: Identity: D7:B8:1B:0B:51:C3 (random)
[00:00:06.848,205] <inf> bt_hci_core: HCI: version 5.4 (0x0d) revision 0x0000, manufacturer 0x05f1
[00:00:06.848,236] <inf> bt_hci_core: LMP: version 5.4 (0x0d) subver 0xffff
[00:00:07.705,627] <dbg> bttester_gap: set_extended_advertising: ext adv settings: 1
[00:00:16.627,746] <dbg> bttester_bap: connected: Connected: C0:07:E8:79:0D:90 (public)
[00:00:35.622,467] <dbg> bttester_bap: print_codec_cfg: codec_cfg 0x06 cid 0x0000 vid 0x0000 count 19
[00:00:35.622,528] <dbg> bttester_bap: print_cb: data: type 0x01 value_len 1
[00:00:35.622,558] <dbg> bttester_bap: print_cb: 
                                       03                                               |.                
[00:00:35.622,558] <dbg> bttester_bap: print_cb: data: type 0x02 value_len 1
[00:00:35.622,589] <dbg> bttester_bap: print_cb: 
                                       01                                               |.                
[00:00:35.622,619] <dbg> bttester_bap: print_cb: data: type 0x03 value_len 4
[00:00:35.622,650] <dbg> bttester_bap: print_cb: 
                                       01 00 00 00                                      |....             
[00:00:35.622,650] <dbg> bttester_bap: print_cb: data: type 0x04 value_len 2
[00:00:35.622,680] <dbg> bttester_bap: print_cb: 
                                       28 00                                            |(.               
[00:00:35.622,711] <dbg> bttester_bap: print_cb: data: type 0x05 value_len 1
[00:00:35.622,741] <dbg> bttester_bap: print_cb: 
                                       01                                               |.                
[00:00:35.622,772] <dbg> bttester_bap: print_codec_cfg:   Frequency: 16000 Hz
[00:00:35.622,772] <dbg> bttester_bap: print_codec_cfg:   Frame Duration: 10000 us
[00:00:35.622,802] <dbg> bttester_bap: print_codec_cfg:   Channel allocation: 0x1
[00:00:35.622,833] <dbg> bttester_bap: print_codec_cfg:   Octets per frame: 40 (negative means value not pressent)
[00:00:35.622,833] <dbg> bttester_bap: print_codec_cfg:   Frames per SDU: 1
[00:00:35.622,863] <dbg> bttester_bap: server_stream_config: ASE Codec Config: ase_id 1 dir 1
[00:00:35.622,863] <dbg> bttester_bap: server_stream_config: ASE Codec Config stream 0x20002d10
[00:00:35.623,626] <dbg> bttester_bap: stream_configured: Configured stream 0x20002d10, ep 1, dir 1
[00:00:37.069,854] <dbg> bttester_bap: disconnected: Disconnected: C0:07:E8:79:0D:90 (public) (reason 0x13)
[00:00:37.070,861] <dbg> bttester_bap: lc3_release: Release: stream 0x20002d10
[00:00:37.070,922] <dbg> bttester_bap: stream_released: Released stream 0x20002d10
