< 2024/08/02 22:48:37.667227  length=6 from=0 to=5
 00 03 ff 01 00 01                                ......
--
> 2024/08/02 22:48:37.676772  length=5 from=0 to=4
 00 03 ff 00 00                                   .....
--
< 2024/08/02 22:48:37.718436  length=6 from=6 to=11
 00 03 ff 01 00 02                                ......
--
> 2024/08/02 22:48:37.719785  length=5 from=5 to=9
 00 03 ff 00 00                                   .....
--
< 2024/08/02 22:48:37.761373  length=5 from=12 to=16
 01 03 00 00 00                                   .....
--
> 2024/08/02 22:48:37.939782  length=6 from=10 to=15
 01 03 00 15 01 70                                .....p
--
> 2024/08/02 22:48:37.940793  length=12 from=16 to=27
 1f c4 76 e7 dc 13 06 02 00 13 82 00              ..v.........
--
> 2024/08/02 22:48:37.941798  length=11 from=28 to=38
 00 00 00 00 62 74 70 5f 74 65 73                 ....btp_tes
--
> 2024/08/02 22:48:37.941866  length=1 from=39 to=39
 74                                               t
--
> 2024/08/02 22:48:37.942806  length=11 from=40 to=50
 65 72 00 00 00 00 00 00 00 00 00                 er.........
--
> 2024/08/02 22:48:37.943839  length=12 from=51 to=62
 00 00 00 00 00 00 00 00 00 00 00 00              ............
--
> 2024/08/02 22:48:37.943908  length=1 from=63 to=63
 00                                               .
--
> 2024/08/02 22:48:37.944835  length=11 from=64 to=74
 00 00 00 00 00 00 00 00 00 00 00                 ...........
--
> 2024/08/02 22:48:37.945800  length=11 from=75 to=85
 00 00 00 00 00 00 00 00 00 00 00                 ...........
--
> 2024/08/02 22:48:37.946837  length=12 from=86 to=97
 00 00 00 00 00 00 00 00 00 00 00 00              ............
--
> 2024/08/02 22:48:37.946953  length=1 from=98 to=98
 00                                               .
--
> 2024/08/02 22:48:37.947838  length=11 from=99 to=109
 00 00 00 00 00 00 00 00 00 00 00                 ...........
--
> 2024/08/02 22:48:37.948803  length=11 from=110 to=120
 00 00 00 00 00 00 00 00 00 00 00                 ...........
--
> 2024/08/02 22:48:37.948870  length=1 from=121 to=121
 00                                               .
--
> 2024/08/02 22:48:37.949805  length=10 from=122 to=131
 00 00 00 00 00 00 00 00 00 00                    ..........
--
> 2024/08/02 22:48:37.949871  length=1 from=132 to=132
 00                                               .
--
> 2024/08/02 22:48:37.950798  length=11 from=133 to=143
 00 00 00 00 00 00 00 00 00 00 00                 ...........
--
> 2024/08/02 22:48:37.951837  length=12 from=144 to=155
 00 00 00 00 00 00 00 00 00 00 00 00              ............
--
> 2024/08/02 22:48:37.951908  length=1 from=156 to=156
 00                                               .
--
> 2024/08/02 22:48:37.952804  length=10 from=157 to=166
 00 00 00 00 00 00 00 00 00 00                    ..........
--
> 2024/08/02 22:48:37.952870  length=1 from=167 to=167
 00                                               .
--
> 2024/08/02 22:48:37.952986  length=1 from=168 to=168
 00                                               .
--
> 2024/08/02 22:48:37.953031  length=1 from=169 to=169
 00                                               .
--
> 2024/08/02 22:48:37.953769  length=9 from=170 to=178
 00 00 00 00 00 00 00 00 00                       .........
--
> 2024/08/02 22:48:37.954764  length=11 from=179 to=189
 00 00 00 00 00 00 00 00 00 00 00                 ...........
--
> 2024/08/02 22:48:37.954831  length=1 from=190 to=190
 00                                               .
--
> 2024/08/02 22:48:37.955799  length=12 from=191 to=202
 00 00 00 00 00 00 00 00 00 00 00 00              ............
--
> 2024/08/02 22:48:37.956839  length=12 from=203 to=214
 00 00 00 00 00 00 00 00 00 00 00 00              ............
--
> 2024/08/02 22:48:37.957802  length=11 from=215 to=225
 00 00 00 00 00 00 00 00 00 00 00                 ...........
--
> 2024/08/02 22:48:37.958839  length=12 from=226 to=237
 00 00 00 00 00 00 00 00 00 00 00 00              ............
--
> 2024/08/02 22:48:37.959857  length=11 from=238 to=248
 00 00 00 00 00 00 00 00 00 00 00                 ...........
--
> 2024/08/02 22:48:37.959931  length=1 from=249 to=249
 00                                               .
--
> 2024/08/02 22:48:37.960800  length=11 from=250 to=260
 00 00 00 00 00 00 00 00 00 00 00                 ...........
--
> 2024/08/02 22:48:37.961808  length=11 from=261 to=271
 00 00 00 00 00 00 00 00 00 00 00                 ...........
--
> 2024/08/02 22:48:37.961877  length=1 from=272 to=272
 00                                               .
--
> 2024/08/02 22:48:37.962802  length=11 from=273 to=283
 00 00 00 00 00 00 00 00 00 00 00                 ...........
--
> 2024/08/02 22:48:37.963811  length=8 from=284 to=291
 00 00 00 00 00 00 00 00                          ........
--
< 2024/08/02 22:48:38.003994  length=6 from=17 to=22
 01 10 00 01 00 00                                ......
--
> 2024/08/02 22:48:38.005798  length=5 from=292 to=296
 01 10 00 00 00                                   .....
--
< 2024/08/02 22:48:38.017040  length=9 from=23 to=31
 02 02 00 04 00 01 02 aa 40                       ........@
--
> 2024/08/02 22:48:38.018798  length=7 from=297 to=303
 02 02 00 02 00 00 00                             .......
--
< 2024/08/02 22:48:38.065509  length=12 from=32 to=43
 02 03 00 07 00 00 00 0a                          ........
 03 02 aa 50                                      ...P
--
> 2024/08/02 22:48:38.067739  length=7 from=304 to=310
 02 03 00 02 00 00 00                             .......
--
< 2024/08/02 22:48:38.124654  length=17 from=44 to=60
 02 06 00 0c 00 00 00 08 00 01 23 45 67 89 ab cd  ..........#Eg...
 ef                                               .
--
> 2024/08/02 22:48:38.126814  length=2 from=311 to=312
 02 06                                            ..
--
> 2024/08/02 22:48:38.126888  length=1 from=313 to=313
 00                                               .
--
> 2024/08/02 22:48:38.126932  length=1 from=314 to=314
 00                                               .
--
> 2024/08/02 22:48:38.127838  length=1 from=315 to=315
 00                                               .
--
< 2024/08/02 22:48:38.168493  length=12 from=61 to=72
 02 03 00 07 00 00 00 0a                          ........
 0c 02 aa 51                                      ...Q
--
> 2024/08/02 22:48:38.170802  length=7 from=316 to=322
 02 03 00 02 00 00 00                             .......
--
< 2024/08/02 22:48:38.227771  length=17 from=73 to=89
 02 06 00 0c 00 00 00 08 00 01 23 45 67 89 ab cd  ..........#Eg...
 ef                                               .
--
> 2024/08/02 22:48:38.229855  length=1 from=323 to=323
 02                                               .
--
> 2024/08/02 22:48:38.229908  length=1 from=324 to=324
 06                                               .
--
> 2024/08/02 22:48:38.230801  length=3 from=325 to=327
 00 00 00                                         ...
--
< 2024/08/02 22:48:38.271400  length=12 from=90 to=101
 02 03 00 07 00 00 00 0a                          ........
 30 02 aa 52                                      0..R
--
> 2024/08/02 22:48:38.273805  length=7 from=328 to=334
 02 03 00 02 00 00 00                             .......
--
< 2024/08/02 22:48:38.330732  length=17 from=102 to=118
 02 06 00 0c 00 00 00 08 00 01 23 45 67 89 ab cd  ..........#Eg...
 ef                                               .
--
> 2024/08/02 22:48:38.332805  length=2 from=335 to=336
 02 06                                            ..
--
> 2024/08/02 22:48:38.333807  length=3 from=337 to=339
 00 00 00                                         ...
--
< 2024/08/02 22:48:38.374256  length=12 from=119 to=130
 02 03 00 07 00 00 00 0a                          ........
 c0 02 aa 53                                      ...S
--
> 2024/08/02 22:48:38.376799  length=7 from=340 to=346
 02 03 00 02 00 00 00                             .......
--
< 2024/08/02 22:48:38.438744  length=17 from=131 to=147
 02 06 00 0c 00 00 00 08 00 01 23 45 67 89 ab cd  ..........#Eg...
 ef                                               .
--
> 2024/08/02 22:48:38.440803  length=1 from=347 to=347
 02                                               .
--
> 2024/08/02 22:48:38.441842  length=4 from=348 to=351
 06 00 00 00                                      ....
--
< 2024/08/02 22:48:38.478228  length=12 from=148 to=159
 02 03 00 07 00 00 00 3a 03 02 aa 54              .......:...T
--
> 2024/08/02 22:48:38.479781  length=1 from=352 to=352
 02                                               .
--
> 2024/08/02 22:48:38.480778  length=6 from=353 to=358
 03 00 02 00 00 00                                ......
--
< 2024/08/02 22:48:38.536750  length=17 from=160 to=176
 02 06 00 0c 00 00 00 08 00 01 23 45 67 89 ab cd  ..........#Eg...
 ef                                               .
--
> 2024/08/02 22:48:38.539782  length=5 from=359 to=363
 02 06 00 00 00                                   .....
--
< 2024/08/02 22:48:38.581326  length=11 from=177 to=187
 02 04 00 06 00 00 00 03 02 02 29                 ..........)
--
> 2024/08/02 22:48:38.582792  length=1 from=364 to=364
 02                                               .
--
> 2024/08/02 22:48:38.582845  length=1 from=365 to=365
 04                                               .
--
> 2024/08/02 22:48:38.583780  length=5 from=366 to=370
 00 02 00 00 00                                   .....
--
< 2024/08/02 22:48:38.639770  length=12 from=188 to=199
 02 03 00 07 00 00 00 3a 03 02 aa 55              .......:...U
--
> 2024/08/02 22:48:38.641784  length=6 from=371 to=376
 02 03 00 02 00 00                                ......
--
> 2024/08/02 22:48:38.641845  length=1 from=377 to=377
 00                                               .
--
< 2024/08/02 22:48:38.703845  length=17 from=200 to=216
 02 06 00 0c 00 00 00 08 00 01 23 45 67 89 ab cd  ..........#Eg...
 ef                                               .
--
> 2024/08/02 22:48:38.706779  length=5 from=378 to=382
 02 06 00 00 00                                   .....
--
< 2024/08/02 22:48:38.748461  length=11 from=217 to=227
 02 04 00 06 00 00 00 03 02 02 29                 ..........)
--
> 2024/08/02 22:48:38.750794  length=7 from=383 to=389
 02 04 00 02 00 00 00                             .......
--
< 2024/08/02 22:48:38.807759  length=12 from=228 to=239
 02 03 00 07 00 00 00 46 03 02 aa 56              .......F...V
--
> 2024/08/02 22:48:38.809788  length=7 from=390 to=396
 02 03 00 02 00 00 00                             .......
--
< 2024/08/02 22:48:38.866850  length=17 from=240 to=256
 02 06 00 0c 00 00 00 08 00 01 23 45 67 89 ab cd  ..........#Eg...
 ef                                               .
--
> 2024/08/02 22:48:38.869831  length=5 from=397 to=401
 02 06 00 00 00                                   .....
--
< 2024/08/02 22:48:38.911433  length=12 from=257 to=268
 02 03 00 07 00 00 00 46 30 02 aa 57              .......F0..W
--
> 2024/08/02 22:48:38.913820  length=7 from=402 to=408
 02 03 00 02 00 00 00                             .......
--
< 2024/08/02 22:48:38.970730  length=17 from=269 to=285
 02 06 00 0c 00 00 00 08 00 01 23 45 67 89 ab cd  ..........#Eg...
 ef                                               .
--
> 2024/08/02 22:48:38.972783  length=1 from=409 to=409
 02                                               .
--
> 2024/08/02 22:48:38.973821  length=4 from=410 to=413
 06 00 00 00                                      ....
--
< 2024/08/02 22:48:39.014308  length=12 from=286 to=297
 02 03 00 07 00 00 00 8a 03 02 aa 58              ...........X
--
> 2024/08/02 22:48:39.016780  length=7 from=414 to=420
 02 03 00 02 00 00 00                             .......
--
< 2024/08/02 22:48:39.073682  length=17 from=298 to=314
 02 06 00 0c 00 00 00 08 00 01 23 45 67 89 ab cd  ..........#Eg...
 ef                                               .
--
> 2024/08/02 22:48:39.075785  length=1 from=421 to=421
 02                                               .
--
> 2024/08/02 22:48:39.075839  length=1 from=422 to=422
 06                                               .
--
> 2024/08/02 22:48:39.075930  length=1 from=423 to=423
 00                                               .
--
> 2024/08/02 22:48:39.076785  length=2 from=424 to=425
 00 00                                            ..
--
< 2024/08/02 22:48:39.117304  length=11 from=315 to=325
 02 04 00 06 00 00 00 01 02 00 29                 ..........)
--
> 2024/08/02 22:48:39.118786  length=2 from=426 to=427
 02 04                                            ..
--
> 2024/08/02 22:48:39.119796  length=5 from=428 to=432
 00 02 00 00 00                                   .....
--
< 2024/08/02 22:48:39.175668  length=11 from=326 to=336
 02 06 00 06 00 00 00 02 00 01 00                 ...........
--
> 2024/08/02 22:48:39.177818  length=5 from=433 to=437
 02 06 00 00 00                                   .....
--
< 2024/08/02 22:48:39.219411  length=12 from=337 to=348
 02 03 00 07 00 00 00 0a                          ........
 0c 02 aa 59                                      ...Y
--
> 2024/08/02 22:48:39.221786  length=7 from=438 to=444
 02 03 00 02 00 00 00                             .......
--
< 2024/08/02 22:48:39.263445  length=17 from=349 to=365
 02 06 00 0c 00 00 00 08 00 01 23 45 67 89 ab cd  ..........#Eg...
 ef                                               .
--
> 2024/08/02 22:48:39.265785  length=5 from=445 to=449
 02 06 00 00 00                                   .....
--
< 2024/08/02 22:48:39.307334  length=8 from=366 to=373
 02 09 00 03 00 00 00 0f                          ........
--
> 2024/08/02 22:48:39.308815  length=5 from=450 to=454
 02 09 00 00 00                                   .....
--
< 2024/08/02 22:48:39.350310  length=12 from=374 to=385
 02 03 00 07 00 00 00 0a                          ........
 0c 02 aa 5a                                      ...Z
--
> 2024/08/02 22:48:39.352815  length=7 from=455 to=461
 02 03 00 02 00 00 00                             .......
--
< 2024/08/02 22:48:39.409709  length=17 from=386 to=402
 02 06 00 0c 00 00 00 08 00 01 23 45 67 89 ab cd  ..........#Eg...
 ef                                               .
--
> 2024/08/02 22:48:39.411797  length=2 from=462 to=463
 02 06                                            ..
--
> 2024/08/02 22:48:39.412824  length=3 from=464 to=466
 00 00 00                                         ...
--
< 2024/08/02 22:48:39.453463  length=8 from=403 to=410
 02 09 00 03 00 00 00 0f                          ........
--
> 2024/08/02 22:48:39.454827  length=4 from=467 to=470
 02 09 00 00                                      ....
--
> 2024/08/02 22:48:39.455854  length=1 from=471 to=471
 00                                               .
--
< 2024/08/02 22:48:39.501492  length=26 from=411 to=436
 02 03 00 15 00 00 00 0a                          ........
 03 10 f0 00 bb 50 04 51 40 00 b1 23 45 67 89 ab  .....P.Q@..#Eg..
 cd ef                                            ..
--
> 2024/08/02 22:48:39.504821  length=4 from=472 to=475
 02 03 00 02                                      ....
--
> 2024/08/02 22:48:39.504881  length=1 from=476 to=476
 00                                               .
--
> 2024/08/02 22:48:39.505850  length=2 from=477 to=478
 00 00                                            ..
--
< 2024/08/02 22:48:39.561756  length=17 from=437 to=453
 02 06 00 0c 00 00 00 08 00 01 23 45 67 89 ab cd  ..........#Eg...
 ef                                               .
--
> 2024/08/02 22:48:39.563808  length=1 from=479 to=479
 02                                               .
--
> 2024/08/02 22:48:39.564851  length=4 from=480 to=483
 06 00 00 00                                      ....
--
< 2024/08/02 22:48:39.605314  length=9 from=454 to=462
 02 02 00 04 00 00 02 aa 41                       ........A
--
> 2024/08/02 22:48:39.606819  length=3 from=484 to=486
 02 02 00                                         ...
--
> 2024/08/02 22:48:39.607853  length=4 from=487 to=490
 02 00 00 00                                      ....
--
< 2024/08/02 22:48:39.663724  length=7 from=463 to=469
 02 05 00 02 00 01 00                             .......
--
> 2024/08/02 22:48:39.664852  length=2 from=491 to=492
 02 05                                            ..
--
> 2024/08/02 22:48:39.665815  length=5 from=493 to=497
 00 02 00 00 00                                   .....
--
< 2024/08/02 22:48:39.726839  length=12 from=470 to=481
 02 03 00 07 00 00 00 0a                          ........
 03 02 aa 50                                      ...P
--
> 2024/08/02 22:48:39.728820  length=6 from=498 to=503
 02 03 00 02 00 00                                ......
--
> 2024/08/02 22:48:39.729821  length=1 from=504 to=504
 00                                               .
--
< 2024/08/02 22:48:39.785699  length=41 from=482 to=522
 02 06 00 24 00 00 00 20 00 01 23 45 67 89 ab cd  ...$... ..#Eg...
 ef 01 23 45 67 89 ab cd ef 01 23 45 67 89 ab cd  ..#Eg.....#Eg...
 ef 01 23 45 67 89 ab cd ef                       ..#Eg....
--
> 2024/08/02 22:48:39.790824  length=5 from=505 to=509
 02 06 00 00 00                                   .....
--
< 2024/08/02 22:48:39.832359  length=12 from=523 to=534
 02 03 00 07 00 00 00 0a                          ........
 03 02 aa 51                                      ...Q
--
> 2024/08/02 22:48:39.834819  length=7 from=510 to=516
 02 03 00 02 00 00 00                             .......
--
< 2024/08/02 22:48:39.896795  length=41 from=535 to=575
 02 06 00 24 00 00 00 20 00 fe dc ba 98 76 54 32  ...$... .....vT2
 10 fe dc ba 98 76 54 32 10 fe dc ba 98 76 54 32  .....vT2.....vT2
 10 fe dc ba 98 76 54 32 10                       .....vT2.
--
> 2024/08/02 22:48:39.901855  length=5 from=517 to=521
 02 06 00 00 00                                   .....
--
< 2024/08/02 22:48:39.943379  length=12 from=576 to=587
 02 03 00 07 00 00 00 0a                          ........
 0c 02 aa 52                                      ...R
--
> 2024/08/02 22:48:39.945821  length=7 from=522 to=528
 02 03 00 02 00 00 00                             .......
--
< 2024/08/02 22:48:40.002860  length=65 from=588 to=652
 02 06 00 3c 00 00 00 38 00 fe dc ba 98 76 54 32  ...<...8.....vT2
 10 fe dc ba 98 76 54 32 10 fe dc ba 98 76 54 32  .....vT2.....vT2
 10 fe dc ba 98 76 54 32 10 fe dc ba 98 76 54 32  .....vT2.....vT2
 10 fe dc ba 98 76 54 32 10 fe dc ba 98 76 54 32  .....vT2.....vT2
 10                                               .
--
> 2024/08/02 22:48:40.009855  length=4 from=529 to=532
 02 06 00 00                                      ....
--
> 2024/08/02 22:48:40.010816  length=1 from=533 to=533
 00                                               .
--
< 2024/08/02 22:48:40.051421  length=8 from=653 to=660
 02 09 00 03 00 00 00 0f                          ........
--
> 2024/08/02 22:48:40.052863  length=4 from=534 to=537
 02 09 00 00                                      ....
--
> 2024/08/02 22:48:40.052921  length=1 from=538 to=538
 00                                               .
--
< 2024/08/02 22:48:40.094382  length=12 from=661 to=672
 02 03 00 07 00 00 00 02 01 02 aa 53              ...........S
--
> 2024/08/02 22:48:40.096818  length=7 from=539 to=545
 02 03 00 02 00 00 00                             .......
--
< 2024/08/02 22:48:40.153705  length=89 from=673 to=761
 02 06 00 54 00 00 00 50 00 01 23 45 67 89 ab cd  ...T...P..#Eg...
 ef 01 23 45 67 89 ab cd ef 01 23 45 67 89 ab cd  ..#Eg.....#Eg...
 ef 01 23 45 67 89 ab cd ef 01 23 45 67 89 ab cd  ..#Eg.....#Eg...
 ef 01 23 45 67 89 ab cd ef 01 23 45 67 89 ab cd  ..#Eg.....#Eg...
 ef 01 23 45 67 89 ab cd ef 01 23 45 67 89 ab cd  ..#Eg.....#Eg...
 ef 01 23 45 67 89 ab cd ef                       ..#Eg....
--
> 2024/08/02 22:48:40.163823  length=5 from=546 to=550
 02 06 00 00 00                                   .....
--
< 2024/08/02 22:48:40.205357  length=11 from=762 to=772
 02 04 00 06 00 00 00 03 02 54 aa                 .........T.
--
> 2024/08/02 22:48:40.206819  length=1 from=551 to=551
 02                                               .
--
> 2024/08/02 22:48:40.207849  length=6 from=552 to=557
 04 00 02 00 00 00                                ......
--
< 2024/08/02 22:48:40.263769  length=73 from=773 to=845
 02 06 00 44 00 00 00 40 00 01 01 01 01 01 01 01  ...D...@........
 01 01 01 01 01 01 01 01 01 01 01 01 01 01 01 01  ................
 01 01 01 01 01 01 01 01 01 01 01 01 01 01 01 01  ................
 01 01 01 01 01 01 01 01 01 01 01 01 01 01 01 01  ................
 01 01 01 01 01 01 01 01 01                       .........
--
> 2024/08/02 22:48:40.271843  length=5 from=558 to=562
 02 06 00 00 00                                   .....
--
< 2024/08/02 22:48:40.313395  length=12 from=846 to=857
 02 03 00 07 00 00 00 0a                          ........
 03 02 aa 55                                      ...U
--
> 2024/08/02 22:48:40.315823  length=7 from=563 to=569
 02 03 00 02 00 00 00                             .......
--
< 2024/08/02 22:48:40.372738  length=89 from=858 to=946
 02 06 00 54 00 00 00 50 00 01 23 45 67 89 ab cd  ...T...P..#Eg...
 ef 01 23 45 67 89 ab cd ef 01 23 45 67 89 ab cd  ..#Eg.....#Eg...
 ef 01 23 45 67 89 ab cd ef 01 23 45 67 89 ab cd  ..#Eg.....#Eg...
 ef 01 23 45 67 89 ab cd ef 01 23 45 67 89 ab cd  ..#Eg.....#Eg...
 ef 01 23 45 67 89 ab cd ef 01 23 45 67 89 ab cd  ..#Eg.....#Eg...
 ef 01 23 45 67 89 ab cd ef                       ..#Eg....
--
> 2024/08/02 22:48:40.382825  length=5 from=570 to=574
 02 06 00 00 00                                   .....
--
< 2024/08/02 22:48:40.424358  length=12 from=947 to=958
 02 03 00 07 00 00 00 0a                          ........
 03 02 aa 56                                      ...V
--
> 2024/08/02 22:48:40.426820  length=7 from=575 to=581
 02 03 00 02 00 00 00                             .......
--
< 2024/08/02 22:48:40.494050  length=521 from=959 to=1479
 02 06 00 04 02 00 00 00 02 02 02 02 02 02 02 02  ................
 02 02 02 02 02 02 02 02 02 02 02 02 02 02 02 02  ................
 02 02 02 02 02 02 02 02 02 02 02 02 02 02 02 02  ................
 02 02 02 02 02 02 02 02 02 02 02 02 02 02 02 02  ................
 02 02 02 02 02 02 02 02 02 02 02 02 02 02 02 02  ................
 02 02 02 02 02 02 02 02 02 02 02 02 02 02 02 02  ................
 02 02 02 02 02 02 02 02 02 02 02 02 02 02 02 02  ................
 02 02 02 02 02 02 02 02 02 02 02 02 02 02 02 02  ................
 02 02 02 02 02 02 02 02 02 02 02 02 02 02 02 02  ................
 02 02 02 02 02 02 02 02 02 02 02 02 02 02 02 02  ................
 02 02 02 02 02 02 02 02 02 02 02 02 02 02 02 02  ................
 02 02 02 02 02 02 02 02 02 02 02 02 02 02 02 02  ................
 02 02 02 02 02 02 02 02 02 02 02 02 02 02 02 02  ................
 02 02 02 02 02 02 02 02 02 02 02 02 02 02 02 02  ................
 02 02 02 02 02 02 02 02 02 02 02 02 02 02 02 02  ................
 02 02 02 02 02 02 02 02 02 02 02 02 02 02 02 02  ................
 02 02 02 02 02 02 02 02 02 02 02 02 02 02 02 02  ................
 02 02 02 02 02 02 02 02 02 02 02 02 02 02 02 02  ................
 02 02 02 02 02 02 02 02 02 02 02 02 02 02 02 02  ................
 02 02 02 02 02 02 02 02 02 02 02 02 02 02 02 02  ................
 02 02 02 02 02 02 02 02 02 02 02 02 02 02 02 02  ................
 02 02 02 02 02 02 02 02 02 02 02 02 02 02 02 02  ................
 02 02 02 02 02 02 02 02 02 02 02 02 02 02 02 02  ................
 02 02 02 02 02 02 02 02 02 02 02 02 02 02 02 02  ................
 02 02 02 02 02 02 02 02 02 02 02 02 02 02 02 02  ................
 02 02 02 02 02 02 02 02 02 02 02 02 02 02 02 02  ................
 02 02 02 02 02 02 02 02 02 02 02 02 02 02 02 02  ................
 02 02 02 02 02 02 02 02 02 02 02 02 02 02 02 02  ................
 02 02 02 02 02 02 02 02 02 02 02 02 02 02 02 02  ................
 02 02 02 02 02 02 02 02 02 02 02 02 02 02 02 02  ................
 02 02 02 02 02 02 02 02 02 02 02 02 02 02 02 02  ................
 02 02 02 02 02 02 02 02 02 02 02 02 02 02 02 02  ................
 02 02 02 02 02 02 02 02 02                       .........
--
> 2024/08/02 22:48:40.546830  length=5 from=582 to=586
 02 06 00 00 00                                   .....
--
< 2024/08/02 22:48:40.588434  length=5 from=1480 to=1484
 02 07 00 00 00                                   .....
--
> 2024/08/02 22:48:40.589886  length=7 from=587 to=593
 02 07 00 03 00 00 00                             .......
--
> 2024/08/02 22:48:40.589962  length=1 from=594 to=594
 00                                               .
--
< 2024/08/02 22:48:46.649372  length=6 from=1485 to=1490
 01 10 00 01 00 03                                ......
--
> 2024/08/02 22:48:46.650910  length=5 from=595 to=599
 01 10 00 00 00                                   .....
--
< 2024/08/02 22:48:47.663795  length=6 from=1491 to=1496
 01 08 00 01 00 01                                ......
--
> 2024/08/02 22:48:47.664944  length=3 from=600 to=602
 01 08 00                                         ...
--
> 2024/08/02 22:48:47.665889  length=6 from=603 to=608
 04 00 1b 82 00 00                                ......
--
< 2024/08/02 22:48:47.697144  length=27 from=1497 to=1523
 01 0a                                            ..
 00 16 00 0f 00 09 0d 54 65 73 74 65 72 5f 36 30  .......Tester_60
 31 35 42 39 ff ff ff ff 00                       15B9.....
--
> 2024/08/02 22:48:47.701936  length=7 from=609 to=615
 01 0a                                            ..
 00 04 00 1b 86                                   .....
--
> 2024/08/02 22:48:47.702912  length=2 from=616 to=617
 00 00                                            ..
--
> 2024/08/02 22:48:48.227925  length=8 from=618 to=625
 01 82 00 0d 00 00 b9 15                          ........
--
> 2024/08/02 22:48:48.228892  length=11 from=626 to=636
 60 e8 07 c0 32 00 00 00 d0 07 01                 `...2......
--
> 2024/08/02 22:48:48.229906  length=8 from=637 to=644
 80 00 04 00 1b 82 00 00                          ........
--
< 2024/08/02 22:48:51.256924  length=12 from=1524 to=1535
 02 1c 00 07 00 01 00 ff ff 02 03 28              ...........(
--
> 2024/08/02 22:48:51.258937  length=1 from=645 to=645
 02                                               .
--
> 2024/08/02 22:48:51.258995  length=1 from=646 to=646
 1c                                               .
--
> 2024/08/02 22:48:51.259934  length=11 from=647 to=657
 00 c1 00 20 02 00 01 02 03 28 05                 ... .....(.
--
> 2024/08/02 22:48:51.260943  length=11 from=658 to=668
 00 01 02 03 28 07 00 01 02 03 28                 ....(.....(
--
> 2024/08/02 22:48:51.261011  length=2 from=669 to=670
 09 00                                            ..
--
> 2024/08/02 22:48:51.261946  length=10 from=671 to=680
 01 02 03 28 0c 00 01 02 03 28                    ...(.....(
--
> 2024/08/02 22:48:51.262013  length=2 from=681 to=682
 0e 00                                            ..
--
> 2024/08/02 22:48:51.262944  length=9 from=683 to=691
 01 02 03 28 10 00 01 02 03                       ...(.....
--
> 2024/08/02 22:48:51.263008  length=2 from=692 to=693
 28 13                                            (.
--
> 2024/08/02 22:48:51.263946  length=11 from=694 to=704
 00 01 02 03 28 15 00 01 02 03 28                 ....(.....(
--
> 2024/08/02 22:48:51.264028  length=1 from=705 to=705
 17                                               .
--
> 2024/08/02 22:48:51.264945  length=10 from=706 to=715
 00 01 02 03 28 19 00 01 02 03                    ....(.....
--
> 2024/08/02 22:48:51.265011  length=1 from=716 to=716
 28                                               (
--
> 2024/08/02 22:48:51.265947  length=11 from=717 to=727
 1b 00 01 02 03 28 1d 00 01 02 03                 .....(.....
--
> 2024/08/02 22:48:51.266934  length=12 from=728 to=739
 28 1f 00 01 02 03 28 22 00 01 02 03              (.....("....
--
> 2024/08/02 22:48:51.267962  length=11 from=740 to=750
 28 24 00 01 02 03 28 26 00 01 02                 ($....(&...
--
> 2024/08/02 22:48:51.268974  length=11 from=751 to=761
 03 28 28 00 01 02 03 28 2a 00 01                 .((....(*..
--
> 2024/08/02 22:48:51.269042  length=2 from=762 to=763
 02 03                                            ..
--
> 2024/08/02 22:48:51.269983  length=10 from=764 to=773
 28 2d 00 01 02 03 28 30 00 01                    (-....(0..
--
> 2024/08/02 22:48:51.270049  length=2 from=774 to=775
 02 03                                            ..
--
> 2024/08/02 22:48:51.270965  length=10 from=776 to=785
 28 32 00 01 02 03 28 34 00 01                    (2....(4..
--
> 2024/08/02 22:48:51.271031  length=1 from=786 to=786
 02                                               .
--
> 2024/08/02 22:48:51.271080  length=1 from=787 to=787
 03                                               .
--
> 2024/08/02 22:48:51.271959  length=10 from=788 to=797
 28 37 00 01 02 03 28 39 00 01                    (7....(9..
--
> 2024/08/02 22:48:51.272959  length=11 from=798 to=808
 02 03 28 3b 00 01 02 03 28 3f 00                 ..(;....(?.
--
> 2024/08/02 22:48:51.273026  length=1 from=809 to=809
 01                                               .
--
> 2024/08/02 22:48:51.273069  length=1 from=810 to=810
 02                                               .
--
> 2024/08/02 22:48:51.273938  length=10 from=811 to=820
 03 28 41 00 01 02 03 28 43 00                    .(A....(C.
--
> 2024/08/02 22:48:51.274927  length=11 from=821 to=831
 01 02 03 28 45 00 01 02 03 28 48                 ...(E....(H
--
> 2024/08/02 22:48:51.274995  length=2 from=832 to=833
 00 01                                            ..
--
> 2024/08/02 22:48:51.275936  length=9 from=834 to=842
 02 03 28 4a 00 01 02 03 28                       ..(J....(
--
< 2024/08/02 22:48:51.316619  length=14 from=1536 to=1549
 02 1d 00 09 00 00 b9 15 60 e8 07 c0 02 00        ........`.....
--
> 2024/08/02 22:48:51.318933  length=7 from=843 to=849
 02 1d 00 08 00 00 05                             .......
--
> 2024/08/02 22:48:51.319940  length=6 from=850 to=855
 00 20 03 00 05 2a                                . ...*
--
< 2024/08/02 22:48:51.375785  length=10 from=1550 to=1559
 02 1c 00 05 00 03 00 03 00 00                    ..........
--
> 2024/08/02 22:48:51.377949  length=10 from=856 to=865
 02 1c 00 07 00 01 03 00 00 02                    ..........
--
> 2024/08/02 22:48:51.378943  length=2 from=866 to=867
 05 2a                                            .*
--
< 2024/08/02 22:48:51.434850  length=14 from=1560 to=1573
 02 1d 00 09 00 00 b9 15 60 e8 07 c0 03 00        ........`.....
--
> 2024/08/02 22:48:51.436943  length=4 from=868 to=871
 02 1d 00 03                                      ....
--
> 2024/08/02 22:48:51.437946  length=4 from=872 to=875
 00 02 00 00                                      ....
--
< 2024/08/02 22:48:51.499145  length=14 from=1574 to=1587
 02 1d 00 09 00 00 b9 15 60 e8 07 c0 05 00        ........`.....
--
> 2024/08/02 22:48:51.501989  length=13 from=876 to=888
 02 1d 00 08 00 00 05 00 0a                       .........
 06 00 29 2b                                      ..)+
--
< 2024/08/02 22:48:51.558949  length=10 from=1588 to=1597
 02 1c 00 05 00 06 00 06 00 00                    ..........
--
> 2024/08/02 22:48:51.560982  length=7 from=889 to=895
 02 1c 00 07 00 01 06                             .......
--
> 2024/08/02 22:48:51.561045  length=1 from=896 to=896
 00                                               .
--
> 2024/08/02 22:48:51.561124  length=1 from=897 to=897
 03                                               .
--
> 2024/08/02 22:48:51.561966  length=3 from=898 to=900
 02 29 2b                                         .)+
--
< 2024/08/02 22:48:51.617954  length=14 from=1598 to=1611
 02 1d 00 09 00 00 b9 15 60 e8 07 c0 06 00        ........`.....
--
> 2024/08/02 22:48:51.619974  length=3 from=901 to=903
 02 1d 00                                         ...
--
> 2024/08/02 22:48:51.620969  length=6 from=904 to=909
 04 00 00 01 00 00                                ......
--
< 2024/08/02 22:48:51.681916  length=14 from=1612 to=1625
 02 1d 00 09 00 00 b9 15 60 e8 07 c0 07 00        ........`.....
--
> 2024/08/02 22:48:51.683976  length=3 from=910 to=912
 02 1d 00                                         ...
--
> 2024/08/02 22:48:51.684032  length=1 from=913 to=913
 08                                               .
--
> 2024/08/02 22:48:51.684094  length=1 from=914 to=914
 00                                               .
--
> 2024/08/02 22:48:51.684963  length=8 from=915 to=922
 00 05 00 02 08 00 2a 2b                          ......*+
--
< 2024/08/02 22:48:51.741305  length=10 from=1626 to=1635
 02 1c 00 05 00 08 00 08 00 00                    ..........
--
> 2024/08/02 22:48:51.742968  length=3 from=923 to=925
 02 1c 00                                         ...
--
> 2024/08/02 22:48:51.743963  length=9 from=926 to=934
 07 00 01 08 00 01 02 2a 2b                       .......*+
--
< 2024/08/02 22:48:51.805024  length=14 from=1636 to=1649
 02 1d 00 09 00 00 b9 15 60 e8 07 c0 08 00        ........`.....
--
> 2024/08/02 22:48:51.806952  length=2 from=935 to=936
 02 1d                                            ..
--
> 2024/08/02 22:48:51.807965  length=12 from=937 to=948
 00 13 00 00 10 00 48 28 4e 08 d6 18              ......H(N...
--
> 2024/08/02 22:48:51.808973  length=10 from=949 to=958
 fa 5e 5d 01 d5 f7 b2 31 fd 1c                    .^]....1..
--
< 2024/08/02 22:48:51.863914  length=14 from=1650 to=1663
 02 1d 00 09 00 00 b9 15 60 e8 07 c0 09 00        ........`.....
--
> 2024/08/02 22:48:51.865973  length=3 from=959 to=961
 02 1d 00                                         ...
--
> 2024/08/02 22:48:51.866029  length=2 from=962 to=963
 08 00                                            ..
--
> 2024/08/02 22:48:51.866975  length=8 from=964 to=971
 00 05 00 02 0a                                   .....
 00 3a 2b                                         .:+
--
< 2024/08/02 22:48:51.922813  length=10 from=1664 to=1673
 02 1c 00 05 00 0a                                ......
 00 0a                                            ..
 00 00                                            ..
--
> 2024/08/02 22:48:51.924954  length=8 from=972 to=979
 02 1c 00 07 00 01 0a                             .......
 00                                               .
--
> 2024/08/02 22:48:51.925073  length=1 from=980 to=980
 01                                               .
--
> 2024/08/02 22:48:51.925980  length=3 from=981 to=983
 02 3a 2b                                         .:+
--
< 2024/08/02 22:48:51.987054  length=14 from=1674 to=1687
 02 1d 00 09 00 00 b9 15 60 e8 07 c0 0a           ........`....
 00                                               .
--
> 2024/08/02 22:48:51.988978  length=1 from=984 to=984
 02                                               .
--
> 2024/08/02 22:48:51.989031  length=2 from=985 to=986
 1d 00                                            ..
--
> 2024/08/02 22:48:51.989976  length=6 from=987 to=992
 04 00 00 01 00 01                                ......
--
< 2024/08/02 22:48:52.045849  length=14 from=1688 to=1701
 02 1d 00 09 00 00 b9 15 60 e8 07 c0 0c 00        ........`.....
--
> 2024/08/02 22:48:52.047974  length=4 from=993 to=996
 02 1d 00 08                                      ....
--
> 2024/08/02 22:48:52.048032  length=1 from=997 to=997
 00                                               .
--
> 2024/08/02 22:48:52.048109  length=1 from=998 to=998
 00                                               .
--
> 2024/08/02 22:48:52.048969  length=7 from=999 to=1005
 05 00 0a                                         ...
 0d 00 00 2a                                      ...*
--
< 2024/08/02 22:48:52.104851  length=10 from=1702 to=1711
 02 1c 00 05 00 0d 00 0d 00 00                    ..........
--
> 2024/08/02 22:48:52.106958  length=9 from=1006 to=1014
 02 1c 00 07 00 01 0d 00 09                       .........
--
> 2024/08/02 22:48:52.107978  length=3 from=1015 to=1017
 02 00 2a                                         ..*
--
< 2024/08/02 22:48:52.163943  length=14 from=1712 to=1725
 02 1d 00 09 00 00 b9 15 60 e8 07 c0 0d 00        ........`.....
--
> 2024/08/02 22:48:52.165978  length=2 from=1018 to=1019
 02 1d                                            ..
--
> 2024/08/02 22:48:52.166979  length=12 from=1020 to=1031
 00 09 00 00 06 00 54 65 73 74 65 72              ......Tester
--
< 2024/08/02 22:48:52.222791  length=14 from=1726 to=1739
 02 1d 00 09 00 00 b9 15 60 e8 07 c0 0e 00        ........`.....
--
> 2024/08/02 22:48:52.224981  length=5 from=1032 to=1036
 02 1d 00 08 00                                   .....
--
> 2024/08/02 22:48:52.225976  length=8 from=1037 to=1044
 00 05 00 02 0f 00 01 2a                          .......*
--
< 2024/08/02 22:48:52.281855  length=10 from=1740 to=1749
 02 1c 00 05 00 0f 00 0f 00 00                    ..........
--
> 2024/08/02 22:48:52.283939  length=8 from=1045 to=1052
 02 1c 00 07 00 01 0f 00                          ........
--
> 2024/08/02 22:48:52.284963  length=4 from=1053 to=1056
 01 02 01 2a                                      ...*
--
< 2024/08/02 22:48:52.346049  length=14 from=1750 to=1763
 02 1d 00 09 00 00 b9 15 60 e8 07 c0 0f 00        ........`.....
--
> 2024/08/02 22:48:52.347972  length=2 from=1057 to=1058
 02 1d                                            ..
--
> 2024/08/02 22:48:52.348988  length=4 from=1059 to=1062
 00 05 00 00                                      ....
--
> 2024/08/02 22:48:52.349045  length=4 from=1063 to=1066
 02 00 00 00                                      ....
--
< 2024/08/02 22:48:52.404848  length=14 from=1764 to=1777
 02 1d 00 09 00 00 b9 15 60 e8 07 c0 10 00        ........`.....
--
> 2024/08/02 22:48:52.406980  length=4 from=1067 to=1070
 02 1d 00 08                                      ....
--
> 2024/08/02 22:48:52.407973  length=9 from=1071 to=1079
 00 00 05 00 02 11 00 04 2a                       ........*
--
< 2024/08/02 22:48:52.463850  length=10 from=1778 to=1787
 02 1c 00 05 00 11 00 11 00 00                    ..........
--
> 2024/08/02 22:48:52.465948  length=8 from=1080 to=1087
 02 1c 00 07 00 01 11 00                          ........
--
> 2024/08/02 22:48:52.466030  length=2 from=1088 to=1089
 01 02                                            ..
--
> 2024/08/02 22:48:52.466950  length=2 from=1090 to=1091
 04 2a                                            .*
--
< 2024/08/02 22:48:52.517892  length=14 from=1788 to=1801
 02 1d 00 09 00 00 b9 15 60 e8 07 c0 11 00        ........`.....
--
> 2024/08/02 22:48:52.519988  length=4 from=1092 to=1095
 02 1d 00 0b                                      ....
--
> 2024/08/02 22:48:52.520974  length=11 from=1096 to=1106
 00 00 08 00 18 00 28 00 00 00 2a                 ......(...*
--
> 2024/08/02 22:48:52.521980  length=1 from=1107 to=1107
 00                                               .
--
< 2024/08/02 22:48:52.581995  length=14 from=1802 to=1815
 02 1d 00 09 00 00 b9 15 60 e8 07 c0 13 00        ........`.....
--
> 2024/08/02 22:48:52.583981  length=3 from=1108 to=1110
 02 1d 00                                         ...
--
> 2024/08/02 22:48:52.584972  length=10 from=1111 to=1120
 08 00 00 05 00 02 14 00 24 2a                    ........$*
--
< 2024/08/02 22:48:52.640879  length=10 from=1816 to=1825
 02 1c 00 05 00 14 00 14 00 00                    ..........
--
> 2024/08/02 22:48:52.642976  length=9 from=1121 to=1129
 02 1c 00 07 00 01 14 00 01                       .........
--
> 2024/08/02 22:48:52.643981  length=3 from=1130 to=1132
 02 24 2a                                         .$*
--
< 2024/08/02 22:48:52.689798  length=14 from=1826 to=1839
 02 1d 00 09 00 00 b9 15 60 e8 07 c0 14 00        ........`.....
--
> 2024/08/02 22:48:52.691983  length=5 from=1133 to=1137
 02 1d 00 0b 00                                   .....
--
> 2024/08/02 22:48:52.692984  length=11 from=1138 to=1148
 00 08 00 6e 72 66 35 32 38 34 30                 ...nrf52840
--
< 2024/08/02 22:48:52.754010  length=14 from=1840 to=1853
 02 1d 00 09 00 00 b9 15 60 e8 07 c0 15 00        ........`.....
--
> 2024/08/02 22:48:52.755985  length=2 from=1149 to=1150
 02 1d                                            ..
--
> 2024/08/02 22:48:52.756040  length=1 from=1151 to=1151
 00                                               .
--
> 2024/08/02 22:48:52.756104  length=1 from=1152 to=1152
 08                                               .
--
> 2024/08/02 22:48:52.756979  length=9 from=1153 to=1161
 00 00 05 00 02 16 00 29 2a                       .......)*
--
< 2024/08/02 22:48:52.812889  length=10 from=1854 to=1863
 02 1c 00 05 00 16 00 16 00 00                    ..........
--
> 2024/08/02 22:48:52.814985  length=8 from=1162 to=1169
 02 1c 00 07 00 01 16 00                          ........
--
> 2024/08/02 22:48:52.815979  length=4 from=1170 to=1173
 01 02 29 2a                                      ..)*
--
< 2024/08/02 22:48:52.871960  length=14 from=1864 to=1877
 02 1d 00 09 00 00 b9 15 60 e8 07 c0 16 00        ........`.....
--
> 2024/08/02 22:48:52.873997  length=3 from=1174 to=1176
 02 1d 00                                         ...
--
> 2024/08/02 22:48:52.874993  length=11 from=1177 to=1187
 0f 00 00 0c 00 4d 61 6e 75 66 61                 .....Manufa
--
> 2024/08/02 22:48:52.875061  length=1 from=1188 to=1188
 63                                               c
--
> 2024/08/02 22:48:52.875955  length=3 from=1189 to=1191
 74 75 72                                         tur
--
> 2024/08/02 22:48:52.876021  length=2 from=1192 to=1193
 65 72                                            er
--
< 2024/08/02 22:48:52.930841  length=14 from=1878 to=1891
 02 1d 00 09 00 00 b9 15 60 e8 07 c0 17 00        ........`.....
--
> 2024/08/02 22:48:52.932991  length=4 from=1194 to=1197
 02 1d 00 08                                      ....
--
> 2024/08/02 22:48:52.933049  length=1 from=1198 to=1198
 00                                               .
--
> 2024/08/02 22:48:52.933984  length=8 from=1199 to=1206
 00 05 00 02 18 00 50 2a                          ......P*
--
< 2024/08/02 22:48:52.989848  length=10 from=1892 to=1901
 02 1c 00 05 00 18 00 18 00 00                    ..........
--
> 2024/08/02 22:48:52.992019  length=8 from=1207 to=1214
 02 1c 00 07 00 01 18 00                          ........
--
> 2024/08/02 22:48:52.992096  length=2 from=1215 to=1216
 01 02                                            ..
--
> 2024/08/02 22:48:52.992985  length=2 from=1217 to=1218
 50 2a                                            P*
--
< 2024/08/02 22:48:53.048989  length=14 from=1902 to=1915
 02 1d 00 09 00 00 b9 15 60 e8 07 c0 18 00        ........`.....
--
> 2024/08/02 22:48:53.050986  length=3 from=1219 to=1221
 02 1d 00                                         ...
--
> 2024/08/02 22:48:53.052002  length=12 from=1222 to=1233
 0a                                               .
 00 00 07 00 01 00 00 00 00 01 00                 ...........
--
< 2024/08/02 22:48:53.107953  length=14 from=1916 to=1929
 02 1d 00 09 00 00 b9 15 60 e8 07 c0 19 00        ........`.....
--
> 2024/08/02 22:48:53.109957  length=3 from=1234 to=1236
 02 1d 00                                         ...
--
> 2024/08/02 22:48:53.110946  length=10 from=1237 to=1246
 08 00 00 05 00 02 1a 00 25 2a                    ........%*
--
< 2024/08/02 22:48:53.166965  length=10 from=1930 to=1939
 02 1c 00 05 00 1a 00 1a 00 00                    ..........
--
> 2024/08/02 22:48:53.168962  length=7 from=1247 to=1253
 02 1c 00 07 00 01 1a                             .......
--
> 2024/08/02 22:48:53.169987  length=5 from=1254 to=1258
 00 01 02 25 2a                                   ...%*
--
< 2024/08/02 22:48:53.225957  length=14 from=1940 to=1953
 02 1d 00 09 00 00 b9 15 60 e8 07 c0 1a 00        ........`.....
--
> 2024/08/02 22:48:53.227962  length=3 from=1259 to=1261
 02 1d 00                                         ...
--
> 2024/08/02 22:48:53.228982  length=5 from=1262 to=1266
 03 00 00 00 00                                   .....
--
< 2024/08/02 22:48:53.284814  length=14 from=1954 to=1967
 02 1d 00 09 00 00 b9 15 60 e8 07 c0 1b 00        ........`.....
--
> 2024/08/02 22:48:53.286979  length=5 from=1267 to=1271
 02 1d 00 08 00                                   .....
--
> 2024/08/02 22:48:53.288007  length=8 from=1272 to=1279
 00 05 00 02 1c 00 26 2a                          ......&*
--
< 2024/08/02 22:48:53.343854  length=10 from=1968 to=1977
 02 1c 00 05 00 1c 00 1c 00 00                    ..........
--
> 2024/08/02 22:48:53.346003  length=9 from=1280 to=1288
 02 1c 00 07 00 01 1c 00 01                       .........
--
> 2024/08/02 22:48:53.346990  length=3 from=1289 to=1291
 02 26 2a                                         .&*
--
> 2024/08/02 22:48:53.353991  length=9 from=1292 to=1300
 01 88 00 0d 00 00 b9 15 60                       ........`
--
> 2024/08/02 22:48:53.354056  length=2 from=1301 to=1302
 e8 07                                            ..
--
> 2024/08/02 22:48:53.354979  length=7 from=1303 to=1309
 c0 32 00 00 00 d0 07                             .2.....
--
< 2024/08/02 22:48:53.408612  length=14 from=1978 to=1991
 02 1d 00 09 00 00 b9 15 60 e8 07 c0 1c 00        ........`.....
--
> 2024/08/02 22:48:53.410983  length=7 from=1310 to=1316
 02 1d 00 0a                                      ....
 00 00 07                                         ...
--
> 2024/08/02 22:48:53.411989  length=8 from=1317 to=1324
 00 30 2e 30 2e 30 2b 30                          .0.0.0+0
--
< 2024/08/02 22:48:53.457676  length=14 from=1992 to=2005
 02 1d 00 09 00 00 b9 15 60 e8 07 c0 1d 00        ........`.....
--
> 2024/08/02 22:48:53.460002  length=6 from=1325 to=1330
 02 1d 00 08 00 00                                ......
--
> 2024/08/02 22:48:53.460064  length=1 from=1331 to=1331
 05                                               .
--
> 2024/08/02 22:48:53.460991  length=6 from=1332 to=1337
 00 02 1e 00 27 2a                                ....'*
--
< 2024/08/02 22:48:53.522036  length=10 from=2006 to=2015
 02 1c 00 05 00 1e 00 1e 00 00                    ..........
--
> 2024/08/02 22:48:53.523967  length=6 from=1338 to=1343
 02 1c 00 07 00 01                                ......
--
> 2024/08/02 22:48:53.524028  length=1 from=1344 to=1344
 1e                                               .
--
> 2024/08/02 22:48:53.524959  length=5 from=1345 to=1349
 00 01 02 27 2a                                   ...'*
--
< 2024/08/02 22:48:53.580935  length=14 from=2016 to=2029
 02 1d 00 09 00 00 b9 15 60 e8 07 c0 1e 00        ........`.....
--
> 2024/08/02 22:48:53.582993  length=3 from=1350 to=1352
 02 1d 00                                         ...
--
> 2024/08/02 22:48:53.583049  length=1 from=1353 to=1353
 03                                               .
--
> 2024/08/02 22:48:53.584007  length=4 from=1354 to=1357
 00 00 00 00                                      ....
--
< 2024/08/02 22:48:53.639949  length=14 from=2030 to=2043
 02 1d 00 09 00 00 b9 15 60 e8 07 c0 1f 00        ........`.....
--
> 2024/08/02 22:48:53.642005  length=4 from=1358 to=1361
 02 1d 00 08                                      ....
--
> 2024/08/02 22:48:53.642992  length=9 from=1362 to=1370
 00 00 05 00 02 20 00 28 2a                       ..... .(*
--
< 2024/08/02 22:48:53.704040  length=10 from=2044 to=2053
 02 1c 00 05 00 20 00 20 00 00                    ..... . ..
--
> 2024/08/02 22:48:53.706008  length=7 from=1371 to=1377
 02 1c 00 07 00 01 20                             ...... 
--
> 2024/08/02 22:48:53.706997  length=5 from=1378 to=1382
 00 01 02 28 2a                                   ...(*
--
< 2024/08/02 22:48:53.767993  length=14 from=2054 to=2067
 02 1d 00 09 00 00 b9 15 60 e8 07 c0 20 00        ........`... .
--
> 2024/08/02 22:48:53.769996  length=3 from=1383 to=1385
 02 1d 00                                         ...
--
> 2024/08/02 22:48:53.770985  length=5 from=1386 to=1390
 03 00 00 00 00                                   .....
--
< 2024/08/02 22:48:53.826832  length=14 from=2068 to=2081
 02 1d 00 09 00 00 b9 15 60 e8 07 c0 22 00        ........`...".
--
> 2024/08/02 22:48:53.828986  length=5 from=1391 to=1395
 02 1d 00 08 00                                   .....
--
> 2024/08/02 22:48:53.829993  length=8 from=1396 to=1403
 00 05 00 0a                                      ....
 23 00 aa 50                                      #..P
--
< 2024/08/02 22:48:53.885837  length=10 from=2082 to=2091
 02 1c 00 05 00 23 00 23 00 00                    .....#.#..
--
> 2024/08/02 22:48:53.888000  length=9 from=1404 to=1412
 02 1c 00 07 00 01 23 00 43                       ......#.C
--
> 2024/08/02 22:48:53.888992  length=3 from=1413 to=1415
 02 aa 50                                         ..P
--
< 2024/08/02 22:48:53.944962  length=14 from=2092 to=2105
 02 1d 00 09 00 00 b9 15 60 e8 07 c0 23 00        ........`...#.
--
> 2024/08/02 22:48:53.946995  length=3 from=1416 to=1418
 02 1d 00                                         ...
--
> 2024/08/02 22:48:53.948010  length=12 from=1419 to=1430
 0b 00 00 08 00 01 23 45 67 89 ab cd              ......#Eg...
--
> 2024/08/02 22:48:53.948092  length=1 from=1431 to=1431
 ef                                               .
--
< 2024/08/02 22:48:54.003911  length=14 from=2106 to=2119
 02 1d 00 09 00 00 b9 15 60 e8 07 c0 24 00        ........`...$.
--
> 2024/08/02 22:48:54.005995  length=4 from=1432 to=1435
 02 1d 00 08                                      ....
--
> 2024/08/02 22:48:54.006995  length=9 from=1436 to=1444
 00 00 05 00 0a                                   .....
 25 00 aa 51                                      %..Q
--
< 2024/08/02 22:48:54.062827  length=10 from=2120 to=2129
 02 1c 00 05 00 25 00 25 00 00                    .....%.%..
--
> 2024/08/02 22:48:54.064992  length=9 from=1445 to=1453
 02 1c 00 07 00 01 25 00 4c                       ......%.L
--
> 2024/08/02 22:48:54.065057  length=1 from=1454 to=1454
 02                                               .
--
> 2024/08/02 22:48:54.066013  length=2 from=1455 to=1456
 aa 51                                            .Q
--
< 2024/08/02 22:48:54.121916  length=14 from=2130 to=2143
 02 1d 00 09 00 00 b9 15 60 e8 07 c0 25 00        ........`...%.
--
> 2024/08/02 22:48:54.123997  length=4 from=1457 to=1460
 02 1d 00 0b                                      ....
--
> 2024/08/02 22:48:54.124988  length=11 from=1461 to=1471
 00 00 08 00 01 23 45 67 89 ab cd                 .....#Eg...
--
> 2024/08/02 22:48:54.125997  length=1 from=1472 to=1472
 ef                                               .
--
< 2024/08/02 22:48:54.180873  length=14 from=2144 to=2157
 02 1d 00 09 00 00 b9 15 60 e8 07 c0 26 00        ........`...&.
--
> 2024/08/02 22:48:54.183008  length=4 from=1473 to=1476
 02 1d 00 08                                      ....
--
> 2024/08/02 22:48:54.184002  length=9 from=1477 to=1485
 00 00 05 00 0a                                   .....
 27 00 aa 52                                      '..R
--
< 2024/08/02 22:48:54.245057  length=10 from=2158 to=2167
 02 1c 00 05 00 27 00 27 00 00                    .....'.'..
--
> 2024/08/02 22:48:54.246988  length=7 from=1486 to=1492
 02 1c 00 07 00 01 27                             ......'
--
> 2024/08/02 22:48:54.248011  length=5 from=1493 to=1497
 00 70 02 aa 52                                   .p..R
--
< 2024/08/02 22:48:54.303964  length=14 from=2168 to=2181
 02 1d 00 09 00 00 b9 15 60 e8 07 c0 27 00        ........`...'.
--
> 2024/08/02 22:48:54.306012  length=3 from=1498 to=1500
 02 1d 00                                         ...
--
> 2024/08/02 22:48:54.307007  length=11 from=1501 to=1511
 0b 00 00 08 00 01 23 45 67 89 ab                 ......#Eg..
--
> 2024/08/02 22:48:54.307075  length=1 from=1512 to=1512
 cd                                               .
--
> 2024/08/02 22:48:54.307997  length=1 from=1513 to=1513
 ef                                               .
--
< 2024/08/02 22:48:54.367954  length=14 from=2182 to=2195
 02 1d 00 09 00 00 b9 15 60 e8 07 c0 28 00        ........`...(.
--
> 2024/08/02 22:48:54.369973  length=3 from=1514 to=1516
 02 1d 00                                         ...
--
> 2024/08/02 22:48:54.370028  length=1 from=1517 to=1517
 08                                               .
--
> 2024/08/02 22:48:54.370094  length=1 from=1518 to=1518
 00                                               .
--
> 2024/08/02 22:48:54.370968  length=8 from=1519 to=1526
 00 05 00 0a                                      ....
 29 00 aa 53                                      )..S
--
< 2024/08/02 22:48:54.431927  length=10 from=2196 to=2205
 02 1c 00 05 00 29 00 29 00 00                    .....).)..
--
> 2024/08/02 22:48:54.433973  length=8 from=1527 to=1534
 02 1c 00 07 00 01 29 00                          ......).
--
> 2024/08/02 22:48:54.434967  length=4 from=1535 to=1538
 43 02 aa 53                                      C..S
--
< 2024/08/02 22:48:54.490886  length=14 from=2206 to=2219
 02 1d 00 09 00 00 b9 15 60 e8 07 c0 29 00        ........`...).
--
> 2024/08/02 22:48:54.492964  length=4 from=1539 to=1542
 02 1d 00 03                                      ....
--
> 2024/08/02 22:48:54.493975  length=4 from=1543 to=1546
 00 08 00 00                                      ....
--
< 2024/08/02 22:48:55.552188  length=12 from=2220 to=2231
 02 1c 00 07 00 01 00 ff ff 02 03 28              ...........(
--
> 2024/08/02 22:48:55.554974  length=11 from=1547 to=1557
 02 1c 00 c1 00 20 02 00 01 02 03                 ..... .....
--
> 2024/08/02 22:48:55.556026  length=11 from=1558 to=1568
 28 05 00 01 02 03 28 07 00 01 02                 (.....(....
--
> 2024/08/02 22:48:55.556094  length=2 from=1569 to=1570
 03 28                                            .(
--
> 2024/08/02 22:48:55.557009  length=10 from=1571 to=1580
 09 00 01 02 03 28 0c 00 01 02                    .....(....
--
> 2024/08/02 22:48:55.557075  length=1 from=1581 to=1581
 03                                               .
--
> 2024/08/02 22:48:55.558027  length=10 from=1582 to=1591
 28 0e 00 01 02 03 28 10 00 01                    (.....(...
--
> 2024/08/02 22:48:55.558093  length=2 from=1592 to=1593
 02 03                                            ..
--
> 2024/08/02 22:48:55.559009  length=10 from=1594 to=1603
 28 13 00 01 02 03 28 15 00 01                    (.....(...
--
> 2024/08/02 22:48:55.559074  length=1 from=1604 to=1604
 02                                               .
--
> 2024/08/02 22:48:55.560011  length=11 from=1605 to=1615
 03 28 17 00 01 02 03 28 19 00 01                 .(.....(...
--
> 2024/08/02 22:48:55.561006  length=12 from=1616 to=1627
 02 03 28 1b 00 01 02 03 28 1d 00 01              ..(.....(...
--
> 2024/08/02 22:48:55.562025  length=12 from=1628 to=1639
 02 03 28 1f 00 01 02 03 28 22 00 01              ..(.....("..
--
> 2024/08/02 22:48:55.563009  length=11 from=1640 to=1650
 02 03 28 24 00 01 02 03 28 26 00                 ..($....(&.
--
> 2024/08/02 22:48:55.564035  length=11 from=1651 to=1661
 01 02 03 28 28 00 01 02 03 28 2a                 ...((....(*
--
> 2024/08/02 22:48:55.564103  length=2 from=1662 to=1663
 00 01                                            ..
--
> 2024/08/02 22:48:55.565011  length=10 from=1664 to=1673
 02 03 28 2d 00 01 02 03 28 30                    ..(-....(0
--
> 2024/08/02 22:48:55.565077  length=2 from=1674 to=1675
 00 01                                            ..
--
> 2024/08/02 22:48:55.566013  length=10 from=1676 to=1685
 02 03 28 32 00 01 02 03 28 34                    ..(2....(4
--
> 2024/08/02 22:48:55.567005  length=12 from=1686 to=1697
 00 01 02 03 28 37 00 01 02 03 28 39              ....(7....(9
--
> 2024/08/02 22:48:55.568019  length=10 from=1698 to=1707
 00 01 02 03 28 3b 00 01 02 03                    ....(;....
--
> 2024/08/02 22:48:55.568085  length=3 from=1708 to=1710
 28 3f 00                                         (?.
--
> 2024/08/02 22:48:55.569003  length=10 from=1711 to=1720
 01 02 03 28 41 00 01 02 03 28                    ...(A....(
--
> 2024/08/02 22:48:55.570028  length=12 from=1721 to=1732
 43 00 01 02 03 28 45 00 01 02 03 28              C....(E....(
--
> 2024/08/02 22:48:55.570097  length=1 from=1733 to=1733
 48                                               H
--
> 2024/08/02 22:48:55.571004  length=11 from=1734 to=1744
 00 01 02 03 28 4a 00 01 02 03 28                 ....(J....(
--
< 2024/08/02 22:48:55.613292  length=14 from=2232 to=2245
 02 1d 00 09 00 00 b9 15 60 e8 07 c0 02 00        ........`.....
--
> 2024/08/02 22:48:55.616016  length=11 from=1745 to=1755
 02 1d 00 08 00 00 05 00 20 03 00                 ........ ..
--
> 2024/08/02 22:48:55.616101  length=2 from=1756 to=1757
 05 2a                                            .*
--
< 2024/08/02 22:48:55.677954  length=10 from=2246 to=2255
 02 1c 00 05 00 03 00 03 00 00                    ..........
--
> 2024/08/02 22:48:55.680025  length=8 from=1758 to=1765
 02 1c 00 07 00 01 03 00                          ........
--
> 2024/08/02 22:48:55.681028  length=4 from=1766 to=1769
 00 02 05 2a                                      ...*
--
< 2024/08/02 22:48:55.732103  length=14 from=2256 to=2269
 02 1d 00 09 00 00 b9 15 60 e8 07 c0 03 00        ........`.....
--
> 2024/08/02 22:48:55.734018  length=1 from=1770 to=1770
 02                                               .
--
> 2024/08/02 22:48:55.734071  length=1 from=1771 to=1771
 1d                                               .
--
> 2024/08/02 22:48:55.734137  length=1 from=1772 to=1772
 00                                               .
--
> 2024/08/02 22:48:55.734982  length=5 from=1773 to=1777
 03 00 02 00 00                                   .....
--
< 2024/08/02 22:48:55.790868  length=14 from=2270 to=2283
 02 1d 00 09 00 00 b9 15 60 e8 07 c0 05 00        ........`.....
--
> 2024/08/02 22:48:55.793021  length=4 from=1778 to=1781
 02 1d 00 08                                      ....
--
> 2024/08/02 22:48:55.793079  length=1 from=1782 to=1782
 00                                               .
--
> 2024/08/02 22:48:55.794020  length=8 from=1783 to=1790
 00 05 00 0a                                      ....
 06 00 29 2b                                      ..)+
--
< 2024/08/02 22:48:55.849863  length=10 from=2284 to=2293
 02 1c 00 05 00 06 00 06 00 00                    ..........
--
> 2024/08/02 22:48:55.852026  length=8 from=1791 to=1798
 02 1c 00 07 00 01 06 00                          ........
--
> 2024/08/02 22:48:55.852090  length=2 from=1799 to=1800
 03 02                                            ..
--
> 2024/08/02 22:48:55.853021  length=2 from=1801 to=1802
 29 2b                                            )+
--
< 2024/08/02 22:48:55.914057  length=14 from=2294 to=2307
 02 1d 00 09 00 00 b9 15 60 e8 07 c0 06 00        ........`.....
--
> 2024/08/02 22:48:55.916023  length=2 from=1803 to=1804
 02 1d                                            ..
--
> 2024/08/02 22:48:55.917011  length=7 from=1805 to=1811
 00 04 00 00 01 00 00                             .......
--
< 2024/08/02 22:48:55.977961  length=14 from=2308 to=2321
 02 1d 00 09 00 00 b9 15 60 e8 07 c0 07 00        ........`.....
--
> 2024/08/02 22:48:55.979989  length=3 from=1812 to=1814
 02 1d 00                                         ...
--
> 2024/08/02 22:48:55.980046  length=1 from=1815 to=1815
 08                                               .
--
> 2024/08/02 22:48:55.980100  length=1 from=1816 to=1816
 00                                               .
--
> 2024/08/02 22:48:55.980991  length=8 from=1817 to=1824
 00 05 00 02 08 00 2a 2b                          ......*+
--
< 2024/08/02 22:48:56.041955  length=10 from=2322 to=2331
 02 1c 00 05 00 08 00 08 00 00                    ..........
--
> 2024/08/02 22:48:56.044010  length=8 from=1825 to=1832
 02 1c 00 07 00 01 08 00                          ........
--
> 2024/08/02 22:48:56.044979  length=4 from=1833 to=1836
 01 02 2a 2b                                      ..*+
--
< 2024/08/02 22:48:56.100945  length=14 from=2332 to=2345
 02 1d 00 09 00 00 b9 15 60 e8 07 c0 08 00        ........`.....
--
> 2024/08/02 22:48:56.102986  length=3 from=1837 to=1839
 02 1d 00                                         ...
--
> 2024/08/02 22:48:56.103050  length=2 from=1840 to=1841
 13 00                                            ..
--
> 2024/08/02 22:48:56.103989  length=9 from=1842 to=1850
 00 10 00 48 28 4e 08 d6 18                       ...H(N...
--
> 2024/08/02 22:48:56.104054  length=1 from=1851 to=1851
 fa                                               .
--
> 2024/08/02 22:48:56.104990  length=9 from=1852 to=1860
 5e 5d 01 d5 f7 b2 31 fd 1c                       ^]....1..
--
< 2024/08/02 22:48:56.159889  length=14 from=2346 to=2359
 02 1d 00 09 00 00 b9 15 60 e8 07 c0 09 00        ........`.....
--
> 2024/08/02 22:48:56.162009  length=5 from=1861 to=1865
 02 1d 00 08 00                                   .....
--
> 2024/08/02 22:48:56.162993  length=8 from=1866 to=1873
 00 05 00 02 0a                                   .....
 00 3a 2b                                         .:+
--
< 2024/08/02 22:48:56.223914  length=10 from=2360 to=2369
 02 1c 00 05 00 0a                                ......
 00 0a                                            ..
 00 00                                            ..
--
> 2024/08/02 22:48:56.225996  length=7 from=1874 to=1880
 02 1c 00 07 00 01 0a                             .......
--
> 2024/08/02 22:48:56.226985  length=5 from=1881 to=1885
 00 01 02 3a 2b                                   ...:+
--
< 2024/08/02 22:48:56.287981  length=14 from=2370 to=2383
 02 1d 00 09 00 00 b9 15 60 e8 07 c0 0a           ........`....
 00                                               .
--
> 2024/08/02 22:48:56.289994  length=2 from=1886 to=1887
 02 1d                                            ..
--
> 2024/08/02 22:48:56.290048  length=1 from=1888 to=1888
 00                                               .
--
> 2024/08/02 22:48:56.290091  length=1 from=1889 to=1889
 04                                               .
--
> 2024/08/02 22:48:56.291004  length=5 from=1890 to=1894
 00 00 01 00 01                                   .....
--
< 2024/08/02 22:48:56.341701  length=14 from=2384 to=2397
 02 1d 00 09 00 00 b9 15 60 e8 07 c0 0c 00        ........`.....
--
> 2024/08/02 22:48:56.344004  length=7 from=1895 to=1901
 02 1d 00 08 00 00 05                             .......
--
> 2024/08/02 22:48:56.344076  length=1 from=1902 to=1902
 00                                               .
--
> 2024/08/02 22:48:56.344990  length=5 from=1903 to=1907
 0a                                               .
 0d 00 00 2a                                      ...*
--
< 2024/08/02 22:48:56.400857  length=10 from=2398 to=2407
 02 1c 00 05 00 0d 00 0d 00 00                    ..........
--
> 2024/08/02 22:48:56.402988  length=9 from=1908 to=1916
 02 1c 00 07 00 01 0d 00 09                       .........
--
> 2024/08/02 22:48:56.404005  length=3 from=1917 to=1919
 02 00 2a                                         ..*
--
< 2024/08/02 22:48:56.460074  length=14 from=2408 to=2421
 02 1d 00 09 00 00 b9 15 60 e8 07 c0 0d 00        ........`.....
--
> 2024/08/02 22:48:56.462016  length=2 from=1920 to=1921
 02 1d                                            ..
--
> 2024/08/02 22:48:56.463002  length=12 from=1922 to=1933
 00 09 00 00 06 00 54 65 73 74 65 72              ......Tester
--
< 2024/08/02 22:48:56.518901  length=14 from=2422 to=2435
 02 1d 00 09 00 00 b9 15 60 e8 07 c0 0e 00        ........`.....
--
> 2024/08/02 22:48:56.521017  length=4 from=1934 to=1937
 02 1d 00 08                                      ....
--
> 2024/08/02 22:48:56.522034  length=9 from=1938 to=1946
 00 00 05 00 02 0f 00 01 2a                       ........*
--
< 2024/08/02 22:48:56.583165  length=10 from=2436 to=2445
 02 1c 00 05 00 0f 00 0f 00 00                    ..........
--
> 2024/08/02 22:48:56.585022  length=5 from=1947 to=1951
 02 1c 00 07 00                                   .....
--
> 2024/08/02 22:48:56.586035  length=7 from=1952 to=1958
 01 0f 00 01 02 01 2a                             ......*
--
< 2024/08/02 22:48:56.641973  length=14 from=2446 to=2459
 02 1d 00 09 00 00 b9 15 60 e8 07 c0 0f 00        ........`.....
--
> 2024/08/02 22:48:56.644038  length=3 from=1959 to=1961
 02 1d 00                                         ...
--
> 2024/08/02 22:48:56.644094  length=2 from=1962 to=1963
 05 00                                            ..
--
> 2024/08/02 22:48:56.645013  length=5 from=1964 to=1968
 00 02 00 00 00                                   .....
--
< 2024/08/02 22:48:56.700910  length=14 from=2460 to=2473
 02 1d 00 09 00 00 b9 15 60 e8 07 c0 10 00        ........`.....
--
> 2024/08/02 22:48:56.703040  length=4 from=1969 to=1972
 02 1d 00 08                                      ....
--
> 2024/08/02 22:48:56.704043  length=9 from=1973 to=1981
 00 00 05 00 02 11 00 04 2a                       ........*
--
< 2024/08/02 22:48:56.759976  length=10 from=2474 to=2483
 02 1c 00 05 00 11 00 11 00 00                    ..........
--
> 2024/08/02 22:48:56.762052  length=7 from=1982 to=1988
 02 1c 00 07 00 01 11                             .......
--
> 2024/08/02 22:48:56.762114  length=2 from=1989 to=1990
 00 01                                            ..
--
> 2024/08/02 22:48:56.763026  length=3 from=1991 to=1993
 02 04 2a                                         ..*
--
< 2024/08/02 22:48:56.818962  length=14 from=2484 to=2497
 02 1d 00 09 00 00 b9 15 60 e8 07 c0 11 00        ........`.....
--
> 2024/08/02 22:48:56.821030  length=3 from=1994 to=1996
 02 1d 00                                         ...
--
> 2024/08/02 22:48:56.821087  length=1 from=1997 to=1997
 0b                                               .
--
> 2024/08/02 22:48:56.822049  length=11 from=1998 to=2008
 00 00 08 00 18 00 28 00 00 00 2a                 ......(...*
--
> 2024/08/02 22:48:56.822117  length=1 from=2009 to=2009
 00                                               .
--
< 2024/08/02 22:48:56.877993  length=14 from=2498 to=2511
 02 1d 00 09 00 00 b9 15 60 e8 07 c0 13 00        ........`.....
--
> 2024/08/02 22:48:56.880053  length=3 from=2010 to=2012
 02 1d 00                                         ...
--
> 2024/08/02 22:48:56.880109  length=1 from=2013 to=2013
 08                                               .
--
> 2024/08/02 22:48:56.881035  length=9 from=2014 to=2022
 00 00 05 00 02 14 00 24 2a                       .......$*
--
< 2024/08/02 22:48:56.936919  length=10 from=2512 to=2521
 02 1c 00 05 00 14 00 14 00 00                    ..........
--
> 2024/08/02 22:48:56.939026  length=9 from=2023 to=2031
 02 1c 00 07 00 01 14 00 01                       .........
--
> 2024/08/02 22:48:56.940036  length=3 from=2032 to=2034
 02 24 2a                                         .$*
--
< 2024/08/02 22:48:56.996012  length=14 from=2522 to=2535
 02 1d 00 09 00 00 b9 15 60 e8 07 c0 14 00        ........`.....
--
> 2024/08/02 22:48:56.998056  length=3 from=2035 to=2037
 02 1d 00                                         ...
--
> 2024/08/02 22:48:56.998157  length=1 from=2038 to=2038
 0b                                               .
--
> 2024/08/02 22:48:56.999025  length=10 from=2039 to=2048
 00 00 08 00 6e 72 66 35 32 38                    ....nrf528
--
> 2024/08/02 22:48:56.999164  length=2 from=2049 to=2050
 34 30                                            40
--
< 2024/08/02 22:48:57.054938  length=14 from=2536 to=2549
 02 1d 00 09 00 00 b9 15 60 e8 07 c0 15 00        ........`.....
--
> 2024/08/02 22:48:57.057031  length=4 from=2051 to=2054
 02 1d 00 08                                      ....
--
> 2024/08/02 22:48:57.058037  length=9 from=2055 to=2063
 00 00 05 00 02 16 00 29 2a                       .......)*
--
< 2024/08/02 22:48:57.113865  length=10 from=2550 to=2559
 02 1c 00 05 00 16 00 16 00 00                    ..........
--
> 2024/08/02 22:48:57.116016  length=9 from=2064 to=2072
 02 1c 00 07 00 01 16 00 01                       .........
--
> 2024/08/02 22:48:57.116126  length=1 from=2073 to=2073
 02                                               .
--
> 2024/08/02 22:48:57.117018  length=2 from=2074 to=2075
 29 2a                                            )*
--
< 2024/08/02 22:48:57.172989  length=14 from=2560 to=2573
 02 1d 00 09 00 00 b9 15 60 e8 07 c0 16 00        ........`.....
--
> 2024/08/02 22:48:57.175028  length=3 from=2076 to=2078
 02 1d 00                                         ...
--
> 2024/08/02 22:48:57.176039  length=12 from=2079 to=2090
 0f 00 00 0c 00 4d 61 6e 75 66 61 63              .....Manufac
--
> 2024/08/02 22:48:57.176109  length=1 from=2091 to=2091
 74                                               t
--
> 2024/08/02 22:48:57.177031  length=3 from=2092 to=2094
 75 72 65                                         ure
--
> 2024/08/02 22:48:57.177086  length=1 from=2095 to=2095
 72                                               r
--
< 2024/08/02 22:48:57.231927  length=14 from=2574 to=2587
 02 1d 00 09 00 00 b9 15 60 e8 07 c0 17 00        ........`.....
--
> 2024/08/02 22:48:57.234055  length=4 from=2096 to=2099
 02 1d 00 08                                      ....
--
> 2024/08/02 22:48:57.235040  length=9 from=2100 to=2108
 00 00 05 00 02 18 00 50 2a                       .......P*
--
< 2024/08/02 22:48:57.290869  length=10 from=2588 to=2597
 02 1c 00 05 00 18 00 18 00 00                    ..........
--
> 2024/08/02 22:48:57.293025  length=9 from=2109 to=2117
 02 1c 00 07 00 01 18 00 01                       .........
--
> 2024/08/02 22:48:57.294049  length=3 from=2118 to=2120
 02 50 2a                                         .P*
--
< 2024/08/02 22:48:57.355185  length=14 from=2598 to=2611
 02 1d 00 09 00 00 b9 15 60 e8 07 c0 18 00        ........`.....
--
> 2024/08/02 22:48:57.358057  length=12 from=2121 to=2132
 02 1d 00 0a                                      ....
 00 00 07 00 01 00 00 00                          ........
--
> 2024/08/02 22:48:57.358156  length=1 from=2133 to=2133
 00                                               .
--
> 2024/08/02 22:48:57.359050  length=2 from=2134 to=2135
 01 00                                            ..
--
< 2024/08/02 22:48:57.414961  length=14 from=2612 to=2625
 02 1d 00 09 00 00 b9 15 60 e8 07 c0 19 00        ........`.....
--
> 2024/08/02 22:48:57.417046  length=4 from=2136 to=2139
 02 1d 00 08                                      ....
--
> 2024/08/02 22:48:57.417139  length=1 from=2140 to=2140
 00                                               .
--
> 2024/08/02 22:48:57.418050  length=8 from=2141 to=2148
 00 05 00 02 1a 00 25 2a                          ......%*
--
< 2024/08/02 22:48:57.473922  length=10 from=2626 to=2635
 02 1c 00 05 00 1a 00 1a 00 00                    ..........
--
> 2024/08/02 22:48:57.476041  length=8 from=2149 to=2156
 02 1c 00 07 00 01 1a 00                          ........
--
> 2024/08/02 22:48:57.477029  length=4 from=2157 to=2160
 01 02 25 2a                                      ..%*
--
< 2024/08/02 22:48:57.543185  length=14 from=2636 to=2649
 02 1d 00 09 00 00 b9 15 60 e8 07 c0 1a 00        ........`.....
--
> 2024/08/02 22:48:57.545027  length=1 from=2161 to=2161
 02                                               .
--
> 2024/08/02 22:48:57.546044  length=7 from=2162 to=2168
 1d 00 03 00 00 00 00                             .......
--
< 2024/08/02 22:48:57.606975  length=14 from=2650 to=2663
 02 1d 00 09 00 00 b9 15 60 e8 07 c0 1b 00        ........`.....
--
> 2024/08/02 22:48:57.609028  length=3 from=2169 to=2171
 02 1d 00                                         ...
--
> 2024/08/02 22:48:57.609085  length=1 from=2172 to=2172
 08                                               .
--
> 2024/08/02 22:48:57.610048  length=9 from=2173 to=2181
 00 00 05 00 02 1c 00 26 2a                       .......&*
--
< 2024/08/02 22:48:57.665862  length=10 from=2664 to=2673
 02 1c 00 05 00 1c 00 1c 00 00                    ..........
--
> 2024/08/02 22:48:57.668042  length=9 from=2182 to=2190
 02 1c 00 07 00 01 1c 00 01                       .........
--
> 2024/08/02 22:48:57.669030  length=3 from=2191 to=2193
 02 26 2a                                         .&*
--
< 2024/08/02 22:48:57.725002  length=14 from=2674 to=2687
 02 1d 00 09 00 00 b9 15 60 e8 07 c0 1c 00        ........`.....
--
> 2024/08/02 22:48:57.727036  length=3 from=2194 to=2196
 02 1d 00                                         ...
--
> 2024/08/02 22:48:57.728046  length=12 from=2197 to=2208
 0a                                               .
 00 00 07 00 30 2e 30 2e 30 2b 30                 ....0.0.0+0
--
< 2024/08/02 22:48:57.783943  length=14 from=2688 to=2701
 02 1d 00 09 00 00 b9 15 60 e8 07 c0 1d 00        ........`.....
--
> 2024/08/02 22:48:57.786060  length=4 from=2209 to=2212
 02 1d 00 08                                      ....
--
> 2024/08/02 22:48:57.787039  length=9 from=2213 to=2221
 00 00 05 00 02 1e 00 27 2a                       .......'*
--
< 2024/08/02 22:48:57.847951  length=10 from=2702 to=2711
 02 1c 00 05 00 1e 00 1e 00 00                    ..........
--
> 2024/08/02 22:48:57.850045  length=8 from=2222 to=2229
 02 1c 00 07 00 01 1e 00                          ........
--
> 2024/08/02 22:48:57.850108  length=1 from=2230 to=2230
 01                                               .
--
> 2024/08/02 22:48:57.851056  length=3 from=2231 to=2233
 02 27 2a                                         .'*
--
< 2024/08/02 22:48:57.906978  length=14 from=2712 to=2725
 02 1d 00 09 00 00 b9 15 60 e8 07 c0 1e 00        ........`.....
--
> 2024/08/02 22:48:57.909036  length=3 from=2234 to=2236
 02 1d 00                                         ...
--
> 2024/08/02 22:48:57.909097  length=1 from=2237 to=2237
 03                                               .
--
> 2024/08/02 22:48:57.910061  length=4 from=2238 to=2241
 00 00 00 00                                      ....
--
< 2024/08/02 22:48:57.971015  length=14 from=2726 to=2739
 02 1d 00 09 00 00 b9 15 60 e8 07 c0 1f 00        ........`.....
--
> 2024/08/02 22:48:57.973032  length=3 from=2242 to=2244
 02 1d 00                                         ...
--
> 2024/08/02 22:48:57.974056  length=10 from=2245 to=2254
 08 00 00 05 00 02 20 00 28 2a                    ...... .(*
--
< 2024/08/02 22:48:58.029904  length=10 from=2740 to=2749
 02 1c 00 05 00 20 00 20 00 00                    ..... . ..
--
> 2024/08/02 22:48:58.032050  length=8 from=2255 to=2262
 02 1c 00 07 00 01 20 00                          ...... .
--
> 2024/08/02 22:48:58.032114  length=2 from=2263 to=2264
 01 02                                            ..
--
> 2024/08/02 22:48:58.033047  length=2 from=2265 to=2266
 28 2a                                            (*
--
< 2024/08/02 22:48:58.088995  length=14 from=2750 to=2763
 02 1d 00 09 00 00 b9 15 60 e8 07 c0 20 00        ........`... .
--
> 2024/08/02 22:48:58.091035  length=3 from=2267 to=2269
 02 1d 00                                         ...
--
> 2024/08/02 22:48:58.091091  length=1 from=2270 to=2270
 03                                               .
--
> 2024/08/02 22:48:58.092046  length=4 from=2271 to=2274
 00 00 00 00                                      ....
--
< 2024/08/02 22:48:58.147946  length=14 from=2764 to=2777
 02 1d 00 09 00 00 b9 15 60 e8 07 c0 22 00        ........`...".
--
> 2024/08/02 22:48:58.150066  length=4 from=2275 to=2278
 02 1d 00 08                                      ....
--
> 2024/08/02 22:48:58.151035  length=9 from=2279 to=2287
 00 00 05 00 0a                                   .....
 23 00 aa 50                                      #..P
--
< 2024/08/02 22:48:58.212045  length=10 from=2778 to=2787
 02 1c 00 05 00 23 00 23 00 00                    .....#.#..
--
> 2024/08/02 22:48:58.214069  length=8 from=2288 to=2295
 02 1c 00 07 00 01 23 00                          ......#.
--
> 2024/08/02 22:48:58.215035  length=4 from=2296 to=2299
 43 02 aa 50                                      C..P
--
< 2024/08/02 22:48:58.271019  length=14 from=2788 to=2801
 02 1d 00 09 00 00 b9 15 60 e8 07 c0 23 00        ........`...#.
--
> 2024/08/02 22:48:58.273036  length=3 from=2300 to=2302
 02 1d 00                                         ...
--
> 2024/08/02 22:48:58.274050  length=12 from=2303 to=2314
 0b 00 00 08 00 01 23 45 67 89 ab cd              ......#Eg...
--
> 2024/08/02 22:48:58.275036  length=1 from=2315 to=2315
 ef                                               .
--
< 2024/08/02 22:48:58.330010  length=14 from=2802 to=2815
 02 1d 00 09 00 00 b9 15 60 e8 07 c0 24 00        ........`...$.
--
> 2024/08/02 22:48:58.332064  length=3 from=2316 to=2318
 02 1d 00                                         ...
--
> 2024/08/02 22:48:58.333051  length=10 from=2319 to=2328
 08 00 00 05 00 0a                                ......
 25 00 aa 51                                      %..Q
--
< 2024/08/02 22:48:58.388910  length=10 from=2816 to=2825
 02 1c 00 05 00 25 00 25 00 00                    .....%.%..
--
> 2024/08/02 22:48:58.391054  length=8 from=2329 to=2336
 02 1c 00 07 00 01 25 00                          ......%.
--
> 2024/08/02 22:48:58.391118  length=1 from=2337 to=2337
 4c                                               L
--
> 2024/08/02 22:48:58.392066  length=3 from=2338 to=2340
 02 aa 51                                         ..Q
--
< 2024/08/02 22:48:58.448023  length=14 from=2826 to=2839
 02 1d 00 09 00 00 b9 15 60 e8 07 c0 25 00        ........`...%.
--
> 2024/08/02 22:48:58.450063  length=2 from=2341 to=2342
 02 1d                                            ..
--
> 2024/08/02 22:48:58.450118  length=2 from=2343 to=2344
 00 0b                                            ..
--
> 2024/08/02 22:48:58.451051  length=10 from=2345 to=2354
 00 00 08 00 01 23 45 67 89 ab                    .....#Eg..
--
> 2024/08/02 22:48:58.451116  length=1 from=2355 to=2355
 cd                                               .
--
> 2024/08/02 22:48:58.452055  length=1 from=2356 to=2356
 ef                                               .
--
< 2024/08/02 22:48:58.512301  length=14 from=2840 to=2853
 02 1d 00 09 00 00 b9 15 60 e8 07 c0 26 00        ........`...&.
--
> 2024/08/02 22:48:58.515040  length=11 from=2357 to=2367
 02 1d 00 08 00 00 05 00 0a                       .........
 27 00                                            '.
--
> 2024/08/02 22:48:58.515135  length=1 from=2368 to=2368
 aa                                               .
--
> 2024/08/02 22:48:58.516057  length=1 from=2369 to=2369
 52                                               R
--
< 2024/08/02 22:48:58.582456  length=10 from=2854 to=2863
 02 1c 00 05 00 27 00 27 00 00                    .....'.'..
--
> 2024/08/02 22:48:58.584084  length=2 from=2370 to=2371
 02 1c                                            ..
--
> 2024/08/02 22:48:58.584151  length=1 from=2372 to=2372
 00                                               .
--
> 2024/08/02 22:48:58.585039  length=9 from=2373 to=2381
 07 00 01 27 00 70 02 aa 52                       ...'.p..R
--
< 2024/08/02 22:48:58.641042  length=14 from=2864 to=2877
 02 1d 00 09 00 00 b9 15 60 e8 07 c0 27 00        ........`...'.
--
> 2024/08/02 22:48:58.643038  length=3 from=2382 to=2384
 02 1d 00                                         ...
--
> 2024/08/02 22:48:58.644024  length=11 from=2385 to=2395
 0b 00 00 08 00 01 23 45 67 89 ab                 ......#Eg..
--
> 2024/08/02 22:48:58.644092  length=1 from=2396 to=2396
 cd                                               .
--
> 2024/08/02 22:48:58.645039  length=1 from=2397 to=2397
 ef                                               .
--
< 2024/08/02 22:48:58.699971  length=14 from=2878 to=2891
 02 1d 00 09 00 00 b9 15 60 e8 07 c0 28 00        ........`...(.
--
> 2024/08/02 22:48:58.702055  length=4 from=2398 to=2401
 02 1d 00 08                                      ....
--
> 2024/08/02 22:48:58.702112  length=1 from=2402 to=2402
 00                                               .
--
> 2024/08/02 22:48:58.703054  length=8 from=2403 to=2410
 00 05 00 0a                                      ....
 29 00 aa 53                                      )..S
--
< 2024/08/02 22:48:58.758994  length=10 from=2892 to=2901
 02 1c 00 05 00 29 00 29 00 00                    .....).)..
--
> 2024/08/02 22:48:58.761069  length=7 from=2411 to=2417
 02 1c 00 07 00 01 29                             ......)
--
> 2024/08/02 22:48:58.761131  length=1 from=2418 to=2418
 00                                               .
--
> 2024/08/02 22:48:58.762066  length=4 from=2419 to=2422
 43 02 aa 53                                      C..S
--
< 2024/08/02 22:48:58.817991  length=14 from=2902 to=2915
 02 1d 00 09 00 00 b9 15 60 e8 07 c0 29 00        ........`...).
--
> 2024/08/02 22:48:58.820079  length=3 from=2423 to=2425
 02 1d 00                                         ...
--
> 2024/08/02 22:48:58.820136  length=1 from=2426 to=2426
 03                                               .
--
> 2024/08/02 22:48:58.821055  length=4 from=2427 to=2430
 00 08 00 00                                      ....
--
> 2024/08/02 22:49:00.417092  length=9 from=2431 to=2439
 01 83 00 07 00 00 b9 15 60                       ........`
--
> 2024/08/02 22:49:00.418097  length=3 from=2440 to=2442
 e8 07 c0                                         ...
--
> 2024/08/02 22:49:06.585138  length=5 from=2443 to=2447
 00 80 ff 00 00                                   .....
--
