< 2024/10/13 07:18:11.102999  length=6 from=0 to=5
 00 03 ff 01 00 01                                ......
--
> 2024/10/13 07:18:11.144524  length=5 from=0 to=4
 00 03 ff 00 00                                   .....
--
< 2024/10/13 07:18:11.165621  length=5 from=6 to=10
 01 03 00 00 00                                   .....
--
> 2024/10/13 07:18:11.374523  length=1 from=5 to=5
 01                                               .
--
> 2024/10/13 07:18:11.375185  length=2 from=6 to=7
 03 00                                            ..
--
> 2024/10/13 07:18:11.375935  length=15 from=8 to=22
 15 01 c3 51 0b 1b b8 d7 13 06 02 00 13 82 00     ...Q...........
--
> 2024/10/13 07:18:11.376672  length=8 from=23 to=30
 00 00 00 00 62 74 70 5f                          ....btp_
--
> 2024/10/13 07:18:11.377436  length=9 from=31 to=39
 74 65 73 74 65 72 00 00 00                       tester...
--
> 2024/10/13 07:18:11.378268  length=8 from=40 to=47
 00 00 00 00 00 00 00 00                          ........
--
> 2024/10/13 07:18:11.378909  length=9 from=48 to=56
 00 00 00 00 00 00 00 00 00                       .........
--
> 2024/10/13 07:18:11.379590  length=8 from=57 to=64
 00 00 00 00 00 00 00 00                          ........
--
> 2024/10/13 07:18:11.380400  length=9 from=65 to=73
 00 00 00 00 00 00 00 00 00                       .........
--
> 2024/10/13 07:18:11.381299  length=10 from=74 to=83
 00 00 00 00 00 00 00 00 00 00                    ..........
--
> 2024/10/13 07:18:11.381980  length=9 from=84 to=92
 00 00 00 00 00 00 00 00 00                       .........
--
> 2024/10/13 07:18:11.382776  length=8 from=93 to=100
 00 00 00 00 00 00 00 00                          ........
--
> 2024/10/13 07:18:11.383503  length=9 from=101 to=109
 00 00 00 00 00 00 00 00 00                       .........
--
> 2024/10/13 07:18:11.384288  length=8 from=110 to=117
 00 00 00 00 00 00 00 00                          ........
--
> 2024/10/13 07:18:11.384994  length=9 from=118 to=126
 00 00 00 00 00 00 00 00 00                       .........
--
> 2024/10/13 07:18:11.385709  length=8 from=127 to=134
 00 00 00 00 00 00 00 00                          ........
--
> 2024/10/13 07:18:11.386392  length=2 from=135 to=136
 00 00                                            ..
--
> 2024/10/13 07:18:11.387099  length=15 from=137 to=151
 00 00 00 00 00 00 00 00 00 00 00 00 00 00 00     ...............
--
> 2024/10/13 07:18:11.387898  length=9 from=152 to=160
 00 00 00 00 00 00 00 00 00                       .........
--
> 2024/10/13 07:18:11.388596  length=8 from=161 to=168
 00 00 00 00 00 00 00 00                          ........
--
> 2024/10/13 07:18:11.389375  length=8 from=169 to=176
 00 00 00 00 00 00 00 00                          ........
--
> 2024/10/13 07:18:11.390198  length=9 from=177 to=185
 00 00 00 00 00 00 00 00 00                       .........
--
> 2024/10/13 07:18:11.390957  length=8 from=186 to=193
 00 00 00 00 00 00 00 00                          ........
--
> 2024/10/13 07:18:11.391618  length=9 from=194 to=202
 00 00 00 00 00 00 00 00 00                       .........
--
> 2024/10/13 07:18:11.392295  length=8 from=203 to=210
 00 00 00 00 00 00 00 00                          ........
--
> 2024/10/13 07:18:11.401957  length=76 from=211 to=286
 00 00 00 00 00 00 00 00 00 00 00 00 00 00 00 00  ................
 00 00 00 00 00 00 00 00 00 00 00 00 00 00 00 00  ................
 00 00 00 00 00 00 00 00 00 00 00 00 00 00 00 00  ................
 00 00 00 00 00 00 00 00 00 00 00 00 00 00 00 00  ................
 00 00 00 00 00 00 00 00 00 00 00 00              ............
--
< 2024/10/13 07:18:15.388283  length=6 from=11 to=16
 00 03 ff 01 00 02                                ......
--
> 2024/10/13 07:18:15.389496  length=1 from=287 to=287
 00                                               .
--
> 2024/10/13 07:18:15.390243  length=4 from=288 to=291
 03 ff 00 00                                      ....
--
< 2024/10/13 07:18:15.420916  length=6 from=17 to=22
 01 08 00 01 00 01                                ......
--
> 2024/10/13 07:18:15.422759  length=1 from=292 to=292
 01                                               .
--
> 2024/10/13 07:18:15.423490  length=8 from=293 to=300
 08 00 04 00 1b 82 00 00                          ........
--
< 2024/10/13 07:18:15.473734  length=6 from=23 to=28
 00 03 ff 01 00 0c                                ......
--
> 2024/10/13 07:18:15.476125  length=5 from=301 to=305
 00 03 ff 00 00                                   .....
--
< 2024/10/13 07:18:15.553003  length=6 from=29 to=34
 00 03 ff 01 00 0d                                ......
--
> 2024/10/13 07:18:15.554327  length=3 from=306 to=308
 00 03 ff                                         ...
--
> 2024/10/13 07:18:15.554937  length=2 from=309 to=310
 00 00                                            ..
--
< 2024/10/13 07:18:15.621252  length=6 from=35 to=40
 00 03 ff 01 00 0e                                ......
--
> 2024/10/13 07:18:15.622528  length=2 from=311 to=312
 00 03                                            ..
--
> 2024/10/13 07:18:15.623267  length=3 from=313 to=315
 ff 00 00                                         ...
--
< 2024/10/13 07:18:25.682565  length=44 from=41 to=84
 0e 04 00 27 00 01 01 10 27 00 00 3c 00 02 0a     ...'....'..<...
 00 40 9c 00 06 00 00 00 00 13 02 01 05 02 02 01  .@..............
 05 03 01 00 00 00 03 04 3c 00 02 05 01           ........<....
--
> 2024/10/13 07:18:25.692046  length=7 from=316 to=322
 0e 04 00 08 00 08 00                             .......
--
> 2024/10/13 07:18:25.692833  length=6 from=323 to=328
 02 00 86 75 13 00                                ...u..
--
< 2024/10/13 07:18:25.776470  length=8 from=85 to=92
 0e 06 00 03 00 86 75 13                          ......u.
--
> 2024/10/13 07:18:25.779476  length=1 from=329 to=329
 0e                                               .
--
> 2024/10/13 07:18:25.780200  length=4 from=330 to=333
 06 00 00 00                                      ....
--
< 2024/10/13 07:18:25.829011  length=8 from=93 to=100
 0e 08 00 03 00 86 75 13                          ......u.
--
> 2024/10/13 07:18:25.831679  length=5 from=334 to=338
 0e 08 00 00 00                                   .....
--
< 2024/10/13 07:18:25.845770  length=55 from=101 to=155
 0e 03 00 32 00 00 df 28 1c e8 07 c0 00 29 00 01  ...2...(.....)..
 02 03 04 05 06 07 08 09 0a                       .........
 0b 0c 0d 0e 0f 10 11 12 13 14 15 16 17 18 19 1a  ................
 1b 1c 1d 1e 1f 20 21 22 23 24 25 26 27 28        ..... !"#$%&'(
--
> 2024/10/13 07:18:25.851641  length=3 from=339 to=341
 0e 03 00                                         ...
--
> 2024/10/13 07:18:25.852327  length=4 from=342 to=345
 02 00 29 00                                      ..).
--
> 2024/10/13 07:18:25.898068  length=5 from=346 to=350
 0e 86 00 0b 00                                   .....
--
> 2024/10/13 07:18:25.898854  length=8 from=351 to=358
 00 00 00 00 00 00 00 00                          ........
--
> 2024/10/13 07:18:25.899453  length=3 from=359 to=361
 00 00 00                                         ...
--
< 2024/10/13 07:18:25.950149  length=55 from=156 to=210
 0e 03 00 32 00 00 df 28 1c e8 07 c0 00 29 00 01  ...2...(.....)..
 02 03 04 05 06 07 08 09 0a                       .........
 0b 0c 0d 0e 0f 10 11 12 13 14 15 16 17 18 19 1a  ................
 1b 1c 1d 1e 1f 20 21 22 23 24 25 26 27 28        ..... !"#$%&'(
--
> 2024/10/13 07:18:25.956475  length=4 from=362 to=365
 0e 03 00 02                                      ....
--
> 2024/10/13 07:18:25.957139  length=3 from=366 to=368
 00 29 00                                         .).
--
< 2024/10/13 07:18:26.044380  length=55 from=211 to=265
 0e 03 00 32 00 00 df 28 1c e8 07 c0 00 29 00 01  ...2...(.....)..
 02 03 04 05 06 07 08 09 0a                       .........
 0b 0c 0d 0e 0f 10 11 12 13 14 15 16 17 18 19 1a  ................
 1b 1c 1d 1e 1f 20 21 22 23 24 25 26 27 28        ..... !"#$%&'(
--
> 2024/10/13 07:18:26.050471  length=1 from=369 to=369
 0e                                               .
--
> 2024/10/13 07:18:26.051166  length=6 from=370 to=375
 03 00 02 00 29 00                                ....).
--
< 2024/10/13 07:18:26.148529  length=55 from=266 to=320
 0e 03 00 32 00 00 df 28 1c e8 07 c0 00 29 00 01  ...2...(.....)..
 02 03 04 05 06 07 08 09 0a                       .........
 0b 0c 0d 0e 0f 10 11 12 13 14 15 16 17 18 19 1a  ................
 1b 1c 1d 1e 1f 20 21 22 23 24 25 26 27 28        ..... !"#$%&'(
--
> 2024/10/13 07:18:26.154350  length=1 from=376 to=376
 0e                                               .
--
> 2024/10/13 07:18:26.155072  length=6 from=377 to=382
 03 00 02 00 29 00                                ....).
--
< 2024/10/13 07:18:26.253130  length=55 from=321 to=375
 0e 03 00 32 00 00 df 28 1c e8 07 c0 00 29 00 01  ...2...(.....)..
 02 03 04 05 06 07 08 09 0a                       .........
 0b 0c 0d 0e 0f 10 11 12 13 14 15 16 17 18 19 1a  ................
 1b 1c 1d 1e 1f 20 21 22 23 24 25 26 27 28        ..... !"#$%&'(
--
> 2024/10/13 07:18:26.259199  length=5 from=383 to=387
 0e 03 00 02 00                                   .....
--
> 2024/10/13 07:18:26.259997  length=2 from=388 to=389
 29 00                                            ).
--
< 2024/10/13 07:18:26.326446  length=55 from=376 to=430
 0e 03 00 32 00 00 df 28 1c e8 07 c0 00 29 00 01  ...2...(.....)..
 02 03 04 05 06 07 08 09 0a                       .........
 0b 0c 0d 0e 0f 10 11 12 13 14 15 16 17 18 19 1a  ................
 1b 1c 1d 1e 1f 20 21 22 23 24 25 26 27 28        ..... !"#$%&'(
--
> 2024/10/13 07:18:26.332584  length=3 from=390 to=392
 0e 03 00                                         ...
--
> 2024/10/13 07:18:26.333356  length=2 from=393 to=394
 02 00                                            ..
--
> 2024/10/13 07:18:26.334049  length=2 from=395 to=396
 29 00                                            ).
--
< 2024/10/13 07:18:26.353317  length=55 from=431 to=485
 0e 03 00 32 00 00 df 28 1c e8 07 c0 00 29 00 01  ...2...(.....)..
 02 03 04 05 06 07 08 09 0a                       .........
 0b 0c 0d 0e 0f 10 11 12 13 14 15 16 17 18 19 1a  ................
 1b 1c 1d 1e 1f 20 21 22 23 24 25 26 27 28        ..... !"#$%&'(
--
> 2024/10/13 07:18:26.358828  length=1 from=397 to=397
 0e                                               .
--
> 2024/10/13 07:18:26.359504  length=6 from=398 to=403
 03 00 02 00 29 00                                ....).
--
< 2024/10/13 07:18:26.416371  length=55 from=486 to=540
 0e 03 00 32 00 00 df 28 1c e8 07 c0 00 29 00 01  ...2...(.....)..
 02 03 04 05 06 07 08 09 0a                       .........
 0b 0c 0d 0e 0f 10 11 12 13 14 15 16 17 18 19 1a  ................
 1b 1c 1d 1e 1f 20 21 22 23 24 25 26 27 28        ..... !"#$%&'(
--
> 2024/10/13 07:18:26.422180  length=4 from=404 to=407
 0e 03 00 02                                      ....
--
> 2024/10/13 07:18:26.423027  length=3 from=408 to=410
 00 29 00                                         .).
--
< 2024/10/13 07:18:26.515501  length=55 from=541 to=595
 0e 03 00 32 00 00 df 28 1c e8 07 c0 00 29 00 01  ...2...(.....)..
 02 03 04 05 06 07 08 09 0a                       .........
 0b 0c 0d 0e 0f 10 11 12 13 14 15 16 17 18 19 1a  ................
 1b 1c 1d 1e 1f 20 21 22 23 24 25 26 27 28        ..... !"#$%&'(
--
> 2024/10/13 07:18:26.521390  length=1 from=411 to=411
 0e                                               .
--
> 2024/10/13 07:18:26.522135  length=6 from=412 to=417
 03 00 02 00 29 00                                ....).
--
< 2024/10/13 07:18:26.598707  length=55 from=596 to=650
 0e 03 00 32 00 00 df 28 1c e8 07 c0 00 29 00 01  ...2...(.....)..
 02 03 04 05 06 07 08 09 0a                       .........
 0b 0c 0d 0e 0f 10 11 12 13 14 15 16 17 18 19 1a  ................
 1b 1c 1d 1e 1f 20 21 22 23 24 25 26 27 28        ..... !"#$%&'(
--
> 2024/10/13 07:18:26.604868  length=2 from=418 to=419
 0e 03                                            ..
--
> 2024/10/13 07:18:26.605609  length=5 from=420 to=424
 00 02 00 29 00                                   ...).
--
< 2024/10/13 07:18:26.697710  length=55 from=651 to=705
 0e 03 00 32 00 00 df 28 1c e8 07 c0 00 29 00 01  ...2...(.....)..
 02 03 04 05 06 07 08 09 0a                       .........
 0b 0c 0d 0e 0f 10 11 12 13 14 15 16 17 18 19 1a  ................
 1b 1c 1d 1e 1f 20 21 22 23 24 25 26 27 28        ..... !"#$%&'(
--
> 2024/10/13 07:18:26.703479  length=1 from=425 to=425
 0e                                               .
--
> 2024/10/13 07:18:26.704142  length=6 from=426 to=431
 03 00 02 00 29 00                                ....).
--
< 2024/10/13 07:18:26.801550  length=55 from=706 to=760
 0e 03 00 32 00 00 df 28 1c e8 07 c0 00 29 00 01  ...2...(.....)..
 02 03 04 05 06 07 08 09 0a                       .........
 0b 0c 0d 0e 0f 10 11 12 13 14 15 16 17 18 19 1a  ................
 1b 1c 1d 1e 1f 20 21 22 23 24 25 26 27 28        ..... !"#$%&'(
--
> 2024/10/13 07:18:26.807699  length=3 from=432 to=434
 0e 03 00                                         ...
--
> 2024/10/13 07:18:26.808567  length=4 from=435 to=438
 02 00 29 00                                      ..).
--
< 2024/10/13 07:18:26.838734  length=55 from=761 to=815
 0e 03 00 32 00 00 df 28 1c e8 07 c0 00 29 00 01  ...2...(.....)..
 02 03 04 05 06 07 08 09 0a                       .........
 0b 0c 0d 0e 0f 10 11 12 13 14 15 16 17 18 19 1a  ................
 1b 1c 1d 1e 1f 20 21 22 23 24 25 26 27 28        ..... !"#$%&'(
--
> 2024/10/13 07:18:26.844532  length=1 from=439 to=439
 0e                                               .
--
> 2024/10/13 07:18:26.845285  length=6 from=440 to=445
 03 00 02 00 29 00                                ....).
--
< 2024/10/13 07:18:26.963771  length=55 from=816 to=870
 0e 03 00 32 00 00 df 28 1c e8 07 c0 00 29 00 01  ...2...(.....)..
 02 03 04 05 06 07 08 09 0a                       .........
 0b 0c 0d 0e 0f 10 11 12 13 14 15 16 17 18 19 1a  ................
 1b 1c 1d 1e 1f 20 21 22 23 24 25 26 27 28        ..... !"#$%&'(
--
> 2024/10/13 07:18:26.969440  length=2 from=446 to=447
 0e 03                                            ..
--
> 2024/10/13 07:18:26.970194  length=5 from=448 to=452
 00 02 00 29 00                                   ...).
--
< 2024/10/13 07:18:27.057492  length=55 from=871 to=925
 0e 03 00 32 00 00 df 28 1c e8 07 c0 00 29 00 01  ...2...(.....)..
 02 03 04 05 06 07 08 09 0a                       .........
 0b 0c 0d 0e 0f 10 11 12 13 14 15 16 17 18 19 1a  ................
 1b 1c 1d 1e 1f 20 21 22 23 24 25 26 27 28        ..... !"#$%&'(
--
> 2024/10/13 07:18:27.063778  length=3 from=453 to=455
 0e 03 00                                         ...
--
> 2024/10/13 07:18:27.064570  length=4 from=456 to=459
 02 00 29 00                                      ..).
--
< 2024/10/13 07:18:27.145916  length=55 from=926 to=980
 0e 03 00 32 00 00 df 28 1c e8 07 c0 00 29 00 01  ...2...(.....)..
 02 03 04 05 06 07 08 09 0a                       .........
 0b 0c 0d 0e 0f 10 11 12 13 14 15 16 17 18 19 1a  ................
 1b 1c 1d 1e 1f 20 21 22 23 24 25 26 27 28        ..... !"#$%&'(
--
> 2024/10/13 07:18:27.152222  length=3 from=460 to=462
 0e 03 00                                         ...
--
> 2024/10/13 07:18:27.153009  length=4 from=463 to=466
 02 00 29 00                                      ..).
--
< 2024/10/13 07:18:27.203784  length=55 from=981 to=1035
 0e 03 00 32 00 00 df 28 1c e8 07 c0 00 29 00 01  ...2...(.....)..
 02 03 04 05 06 07 08 09 0a                       .........
 0b 0c 0d 0e 0f 10 11 12 13 14 15 16 17 18 19 1a  ................
 1b 1c 1d 1e 1f 20 21 22 23 24 25 26 27 28        ..... !"#$%&'(
--
> 2024/10/13 07:18:27.209987  length=4 from=467 to=470
 0e 03 00 02                                      ....
--
> 2024/10/13 07:18:27.210707  length=3 from=471 to=473
 00 29 00                                         .).
--
< 2024/10/13 07:18:27.328673  length=55 from=1036 to=1090
 0e 03 00 32 00 00 df 28 1c e8 07 c0 00 29 00 01  ...2...(.....)..
 02 03 04 05 06 07 08 09 0a                       .........
 0b 0c 0d 0e 0f 10 11 12 13 14 15 16 17 18 19 1a  ................
 1b 1c 1d 1e 1f 20 21 22 23 24 25 26 27 28        ..... !"#$%&'(
--
> 2024/10/13 07:18:27.334709  length=3 from=474 to=476
 0e 03 00                                         ...
--
> 2024/10/13 07:18:27.335401  length=4 from=477 to=480
 02 00 29 00                                      ..).
--
< 2024/10/13 07:18:27.391737  length=55 from=1091 to=1145
 0e 03 00 32 00 00 df 28 1c e8 07 c0 00 29 00 01  ...2...(.....)..
 02 03 04 05 06 07 08 09 0a                       .........
 0b 0c 0d 0e 0f 10 11 12 13 14 15 16 17 18 19 1a  ................
 1b 1c 1d 1e 1f 20 21 22 23 24 25 26 27 28        ..... !"#$%&'(
--
> 2024/10/13 07:18:27.397493  length=2 from=481 to=482
 0e 03                                            ..
--
> 2024/10/13 07:18:27.398338  length=5 from=483 to=487
 00 02 00 29 00                                   ...).
--
< 2024/10/13 07:18:27.444809  length=55 from=1146 to=1200
 0e 03 00 32 00 00 df 28 1c e8 07 c0 00 29 00 01  ...2...(.....)..
 02 03 04 05 06 07 08 09 0a                       .........
 0b 0c 0d 0e 0f 10 11 12 13 14 15 16 17 18 19 1a  ................
 1b 1c 1d 1e 1f 20 21 22 23 24 25 26 27 28        ..... !"#$%&'(
--
> 2024/10/13 07:18:27.450623  length=4 from=488 to=491
 0e 03 00 02                                      ....
--
> 2024/10/13 07:18:27.451238  length=3 from=492 to=494
 00 29 00                                         .).
--
< 2024/10/13 07:18:27.497991  length=55 from=1201 to=1255
 0e 03 00 32 00 00 df 28 1c e8 07 c0 00 29 00 01  ...2...(.....)..
 02 03 04 05 06 07 08 09 0a                       .........
 0b 0c 0d 0e 0f 10 11 12 13 14 15 16 17 18 19 1a  ................
 1b 1c 1d 1e 1f 20 21 22 23 24 25 26 27 28        ..... !"#$%&'(
--
> 2024/10/13 07:18:27.503767  length=4 from=495 to=498
 0e 03 00 02                                      ....
--
> 2024/10/13 07:18:27.504451  length=3 from=499 to=501
 00 29 00                                         .).
--
< 2024/10/13 07:18:27.617512  length=55 from=1256 to=1310
 0e 03 00 32 00 00 df 28 1c e8 07 c0 00 29 00 01  ...2...(.....)..
 02 03 04 05 06 07 08 09 0a                       .........
 0b 0c 0d 0e 0f 10 11 12 13 14 15 16 17 18 19 1a  ................
 1b 1c 1d 1e 1f 20 21 22 23 24 25 26 27 28        ..... !"#$%&'(
--
> 2024/10/13 07:18:27.623140  length=1 from=502 to=502
 0e                                               .
--
> 2024/10/13 07:18:27.623883  length=6 from=503 to=508
 03 00 02 00 29 00                                ....).
--
< 2024/10/13 07:18:27.659803  length=55 from=1311 to=1365
 0e 03 00 32 00 00 df 28 1c e8 07 c0 00 29 00 01  ...2...(.....)..
 02 03 04 05 06 07 08 09 0a                       .........
 0b 0c 0d 0e 0f 10 11 12 13 14 15 16 17 18 19 1a  ................
 1b 1c 1d 1e 1f 20 21 22 23 24 25 26 27 28        ..... !"#$%&'(
--
> 2024/10/13 07:18:27.665483  length=1 from=509 to=509
 0e                                               .
--
> 2024/10/13 07:18:27.666205  length=6 from=510 to=515
 03 00 02 00 29 00                                ....).
--
< 2024/10/13 07:18:27.697516  length=55 from=1366 to=1420
 0e 03 00 32 00 00 df 28 1c e8 07 c0 00 29 00 01  ...2...(.....)..
 02 03 04 05 06 07 08 09 0a                       .........
 0b 0c 0d 0e 0f 10 11 12 13 14 15 16 17 18 19 1a  ................
 1b 1c 1d 1e 1f 20 21 22 23 24 25 26 27 28        ..... !"#$%&'(
--
> 2024/10/13 07:18:27.703126  length=4 from=516 to=519
 0e 03 00 02                                      ....
--
> 2024/10/13 07:18:27.704029  length=3 from=520 to=522
 00 29 00                                         .).
--
< 2024/10/13 07:18:27.800741  length=55 from=1421 to=1475
 0e 03 00 32 00 00 df 28 1c e8 07 c0 00 29 00 01  ...2...(.....)..
 02 03 04 05 06 07 08 09 0a                       .........
 0b 0c 0d 0e 0f 10 11 12 13 14 15 16 17 18 19 1a  ................
 1b 1c 1d 1e 1f 20 21 22 23 24 25 26 27 28        ..... !"#$%&'(
--
> 2024/10/13 07:18:27.806628  length=1 from=523 to=523
 0e                                               .
--
> 2024/10/13 07:18:27.807325  length=6 from=524 to=529
 03 00 02 00 29 00                                ....).
--
< 2024/10/13 07:18:27.894981  length=55 from=1476 to=1530
 0e 03 00 32 00 00 df 28 1c e8 07 c0 00 29 00 01  ...2...(.....)..
 02 03 04 05 06 07 08 09 0a                       .........
 0b 0c 0d 0e 0f 10 11 12 13 14 15 16 17 18 19 1a  ................
 1b 1c 1d 1e 1f 20 21 22 23 24 25 26 27 28        ..... !"#$%&'(
--
> 2024/10/13 07:18:27.900905  length=4 from=530 to=533
 0e 03 00 02                                      ....
--
> 2024/10/13 07:18:27.901699  length=3 from=534 to=536
 00 29 00                                         .).
--
< 2024/10/13 07:18:27.947486  length=55 from=1531 to=1585
 0e 03 00 32 00 00 df 28 1c e8 07 c0 00 29 00 01  ...2...(.....)..
 02 03 04 05 06 07 08 09 0a                       .........
 0b 0c 0d 0e 0f 10 11 12 13 14 15 16 17 18 19 1a  ................
 1b 1c 1d 1e 1f 20 21 22 23 24 25 26 27 28        ..... !"#$%&'(
--
> 2024/10/13 07:18:27.955980  length=7 from=537 to=543
 0e 03 00 02 00 29 00                             .....).
--
< 2024/10/13 07:18:28.044237  length=55 from=1586 to=1640
 0e 03 00 32 00 00 df 28 1c e8 07 c0 00 29 00 01  ...2...(.....)..
 02 03 04 05 06 07 08 09 0a                       .........
 0b 0c 0d 0e 0f 10 11 12 13 14 15 16 17 18 19 1a  ................
 1b 1c 1d 1e 1f 20 21 22 23 24 25 26 27 28        ..... !"#$%&'(
--
> 2024/10/13 07:18:28.050524  length=5 from=544 to=548
 0e 03 00 02 00                                   .....
--
> 2024/10/13 07:18:28.051177  length=2 from=549 to=550
 29 00                                            ).
--
< 2024/10/13 07:18:28.086506  length=55 from=1641 to=1695
 0e 03 00 32 00 00 df 28 1c e8 07 c0 00 29 00 01  ...2...(.....)..
 02 03 04 05 06 07 08 09 0a                       .........
 0b 0c 0d 0e 0f 10 11 12 13 14 15 16 17 18 19 1a  ................
 1b 1c 1d 1e 1f 20 21 22 23 24 25 26 27 28        ..... !"#$%&'(
--
> 2024/10/13 07:18:28.092694  length=6 from=551 to=556
 0e 03 00 02 00 29                                .....)
--
> 2024/10/13 07:18:28.093445  length=1 from=557 to=557
 00                                               .
--
< 2024/10/13 07:18:28.154398  length=55 from=1696 to=1750
 0e 03 00 32 00 00 df 28 1c e8 07 c0 00 29 00 01  ...2...(.....)..
 02 03 04 05 06 07 08 09 0a                       .........
 0b 0c 0d 0e 0f 10 11 12 13 14 15 16 17 18 19 1a  ................
 1b 1c 1d 1e 1f 20 21 22 23 24 25 26 27 28        ..... !"#$%&'(
--
> 2024/10/13 07:18:28.160115  length=1 from=558 to=558
 0e                                               .
--
> 2024/10/13 07:18:28.160835  length=6 from=559 to=564
 03 00 02 00 29 00                                ....).
--
< 2024/10/13 07:18:28.295516  length=55 from=1751 to=1805
 0e 03 00 32 00 00 df 28 1c e8 07 c0 00 29 00 01  ...2...(.....)..
 02 03 04 05 06 07 08 09 0a                       .........
 0b 0c 0d 0e 0f 10 11 12 13 14 15 16 17 18 19 1a  ................
 1b 1c 1d 1e 1f 20 21 22 23 24 25 26 27 28        ..... !"#$%&'(
--
> 2024/10/13 07:18:28.301134  length=1 from=565 to=565
 0e                                               .
--
> 2024/10/13 07:18:28.301924  length=6 from=566 to=571
 03 00 02 00 29 00                                ....).
--
< 2024/10/13 07:18:28.363713  length=55 from=1806 to=1860
 0e 03 00 32 00 00 df 28 1c e8 07 c0 00 29 00 01  ...2...(.....)..
 02 03 04 05 06 07 08 09 0a                       .........
 0b 0c 0d 0e 0f 10 11 12 13 14 15 16 17 18 19 1a  ................
 1b 1c 1d 1e 1f 20 21 22 23 24 25 26 27 28        ..... !"#$%&'(
--
> 2024/10/13 07:18:28.369277  length=1 from=572 to=572
 0e                                               .
--
> 2024/10/13 07:18:28.370030  length=6 from=573 to=578
 03 00 02 00 29 00                                ....).
--
< 2024/10/13 07:18:28.442219  length=55 from=1861 to=1915
 0e 03 00 32 00 00 df 28 1c e8 07 c0 00 29 00 01  ...2...(.....)..
 02 03 04 05 06 07 08 09 0a                       .........
 0b 0c 0d 0e 0f 10 11 12 13 14 15 16 17 18 19 1a  ................
 1b 1c 1d 1e 1f 20 21 22 23 24 25 26 27 28        ..... !"#$%&'(
--
> 2024/10/13 07:18:28.448016  length=2 from=579 to=580
 0e 03                                            ..
--
> 2024/10/13 07:18:28.449032  length=5 from=581 to=585
 00 02 00 29 00                                   ...).
--
< 2024/10/13 07:18:28.474676  length=55 from=1916 to=1970
 0e 03 00 32 00 00 df 28 1c e8 07 c0 00 29 00 01  ...2...(.....)..
 02 03 04 05 06 07 08 09 0a                       .........
 0b 0c 0d 0e 0f 10 11 12 13 14 15 16 17 18 19 1a  ................
 1b 1c 1d 1e 1f 20 21 22 23 24 25 26 27 28        ..... !"#$%&'(
--
> 2024/10/13 07:18:28.480748  length=3 from=586 to=588
 0e 03 00                                         ...
--
> 2024/10/13 07:18:28.481521  length=4 from=589 to=592
 02 00 29 00                                      ..).
--
< 2024/10/13 07:18:28.640141  length=55 from=1971 to=2025
 0e 03 00 32 00 00 df 28 1c e8 07 c0 00 29 00 01  ...2...(.....)..
 02 03 04 05 06 07 08 09 0a                       .........
 0b 0c 0d 0e 0f 10 11 12 13 14 15 16 17 18 19 1a  ................
 1b 1c 1d 1e 1f 20 21 22 23 24 25 26 27 28        ..... !"#$%&'(
--
> 2024/10/13 07:18:28.646017  length=1 from=593 to=593
 0e                                               .
--
> 2024/10/13 07:18:28.646830  length=6 from=594 to=599
 03 00 02 00 29 00                                ....).
--
< 2024/10/13 07:18:28.697743  length=55 from=2026 to=2080
 0e 03 00 32 00 00 df 28 1c e8 07 c0 00 29 00 01  ...2...(.....)..
 02 03 04 05 06 07 08 09 0a                       .........
 0b 0c 0d 0e 0f 10 11 12 13 14 15 16 17 18 19 1a  ................
 1b 1c 1d 1e 1f 20 21 22 23 24 25 26 27 28        ..... !"#$%&'(
--
> 2024/10/13 07:18:28.703653  length=4 from=600 to=603
 0e 03 00 02                                      ....
--
> 2024/10/13 07:18:28.704423  length=3 from=604 to=606
 00 29 00                                         .).
--
< 2024/10/13 07:18:28.780905  length=55 from=2081 to=2135
 0e 03 00 32 00 00 df 28 1c e8 07 c0 00 29 00 01  ...2...(.....)..
 02 03 04 05 06 07 08 09 0a                       .........
 0b 0c 0d 0e 0f 10 11 12 13 14 15 16 17 18 19 1a  ................
 1b 1c 1d 1e 1f 20 21 22 23 24 25 26 27 28        ..... !"#$%&'(
--
> 2024/10/13 07:18:28.787204  length=3 from=607 to=609
 0e 03 00                                         ...
--
> 2024/10/13 07:18:28.788025  length=4 from=610 to=613
 02 00 29 00                                      ..).
--
< 2024/10/13 07:18:28.864793  length=55 from=2136 to=2190
 0e 03 00 32 00 00 df 28 1c e8 07 c0 00 29 00 01  ...2...(.....)..
 02 03 04 05 06 07 08 09 0a                       .........
 0b 0c 0d 0e 0f 10 11 12 13 14 15 16 17 18 19 1a  ................
 1b 1c 1d 1e 1f 20 21 22 23 24 25 26 27 28        ..... !"#$%&'(
--
> 2024/10/13 07:18:28.870888  length=6 from=614 to=619
 0e 03 00 02 00 29                                .....)
--
> 2024/10/13 07:18:28.871625  length=1 from=620 to=620
 00                                               .
--
< 2024/10/13 07:18:28.891305  length=55 from=2191 to=2245
 0e 03 00 32 00 00 df 28 1c e8 07 c0 00 29 00 01  ...2...(.....)..
 02 03 04 05 06 07 08 09 0a                       .........
 0b 0c 0d 0e 0f 10 11 12 13 14 15 16 17 18 19 1a  ................
 1b 1c 1d 1e 1f 20 21 22 23 24 25 26 27 28        ..... !"#$%&'(
--
> 2024/10/13 07:18:28.897176  length=1 from=621 to=621
 0e                                               .
--
> 2024/10/13 07:18:28.897965  length=6 from=622 to=627
 03 00 02 00 29 00                                ....).
--
< 2024/10/13 07:18:28.938580  length=55 from=2246 to=2300
 0e 03 00 32 00 00 df 28 1c e8 07 c0 00 29 00 01  ...2...(.....)..
 02 03 04 05 06 07 08 09 0a                       .........
 0b 0c 0d 0e 0f 10 11 12 13 14 15 16 17 18 19 1a  ................
 1b 1c 1d 1e 1f 20 21 22 23 24 25 26 27 28        ..... !"#$%&'(
--
> 2024/10/13 07:18:28.944129  length=2 from=628 to=629
 0e 03                                            ..
--
> 2024/10/13 07:18:28.944846  length=5 from=630 to=634
 00 02 00 29 00                                   ...).
--
< 2024/10/13 07:18:28.975691  length=55 from=2301 to=2355
 0e 03 00 32 00 00 df 28 1c e8 07 c0 00 29 00 01  ...2...(.....)..
 02 03 04 05 06 07 08 09 0a                       .........
 0b 0c 0d 0e 0f 10 11 12 13 14 15 16 17 18 19 1a  ................
 1b 1c 1d 1e 1f 20 21 22 23 24 25 26 27 28        ..... !"#$%&'(
--
> 2024/10/13 07:18:28.982046  length=6 from=635 to=640
 0e 03 00 02 00 29                                .....)
--
> 2024/10/13 07:18:28.982717  length=1 from=641 to=641
 00                                               .
--
< 2024/10/13 07:18:29.002572  length=55 from=2356 to=2410
 0e 03 00 32 00 00 df 28 1c e8 07 c0 00 29 00 01  ...2...(.....)..
 02 03 04 05 06 07 08 09 0a                       .........
 0b 0c 0d 0e 0f 10 11 12 13 14 15 16 17 18 19 1a  ................
 1b 1c 1d 1e 1f 20 21 22 23 24 25 26 27 28        ..... !"#$%&'(
--
> 2024/10/13 07:18:29.008173  length=2 from=642 to=643
 0e 03                                            ..
--
> 2024/10/13 07:18:29.009035  length=5 from=644 to=648
 00 02 00 29 00                                   ...).
--
< 2024/10/13 07:18:29.070615  length=55 from=2411 to=2465
 0e 03 00 32 00 00 df 28 1c e8 07 c0 00 29 00 01  ...2...(.....)..
 02 03 04 05 06 07 08 09 0a                       .........
 0b 0c 0d 0e 0f 10 11 12 13 14 15 16 17 18 19 1a  ................
 1b 1c 1d 1e 1f 20 21 22 23 24 25 26 27 28        ..... !"#$%&'(
--
> 2024/10/13 07:18:29.076730  length=1 from=649 to=649
 0e                                               .
--
> 2024/10/13 07:18:29.077418  length=3 from=650 to=652
 03 00 02                                         ...
--
> 2024/10/13 07:18:29.078126  length=3 from=653 to=655
 00 29 00                                         .).
--
< 2024/10/13 07:18:29.138235  length=55 from=2466 to=2520
 0e 03 00 32 00 00 df 28 1c e8 07 c0 00 29 00 01  ...2...(.....)..
 02 03 04 05 06 07 08 09 0a                       .........
 0b 0c 0d 0e 0f 10 11 12 13 14 15 16 17 18 19 1a  ................
 1b 1c 1d 1e 1f 20 21 22 23 24 25 26 27 28        ..... !"#$%&'(
--
> 2024/10/13 07:18:29.144563  length=4 from=656 to=659
 0e 03 00 02                                      ....
--
> 2024/10/13 07:18:29.145257  length=3 from=660 to=662
 00 29 00                                         .).
--
< 2024/10/13 07:18:29.237342  length=55 from=2521 to=2575
 0e 03 00 32 00 00 df 28 1c e8 07 c0 00 29 00 01  ...2...(.....)..
 02 03 04 05 06 07 08 09 0a                       .........
 0b 0c 0d 0e 0f 10 11 12 13 14 15 16 17 18 19 1a  ................
 1b 1c 1d 1e 1f 20 21 22 23 24 25 26 27 28        ..... !"#$%&'(
--
> 2024/10/13 07:18:29.243102  length=1 from=663 to=663
 0e                                               .
--
> 2024/10/13 07:18:29.243842  length=6 from=664 to=669
 03 00 02 00 29 00                                ....).
--
< 2024/10/13 07:18:29.341123  length=55 from=2576 to=2630
 0e 03 00 32 00 00 df 28 1c e8 07 c0 00 29 00 01  ...2...(.....)..
 02 03 04 05 06 07 08 09 0a                       .........
 0b 0c 0d 0e 0f 10 11 12 13 14 15 16 17 18 19 1a  ................
 1b 1c 1d 1e 1f 20 21 22 23 24 25 26 27 28        ..... !"#$%&'(
--
> 2024/10/13 07:18:29.347231  length=5 from=670 to=674
 0e 03 00 02 00                                   .....
--
> 2024/10/13 07:18:29.347949  length=2 from=675 to=676
 29 00                                            ).
--
< 2024/10/13 07:18:29.409433  length=55 from=2631 to=2685
 0e 03 00 32 00 00 df 28 1c e8 07 c0 00 29 00 01  ...2...(.....)..
 02 03 04 05 06 07 08 09 0a                       .........
 0b 0c 0d 0e 0f 10 11 12 13 14 15 16 17 18 19 1a  ................
 1b 1c 1d 1e 1f 20 21 22 23 24 25 26 27 28        ..... !"#$%&'(
--
> 2024/10/13 07:18:29.415062  length=1 from=677 to=677
 0e                                               .
--
> 2024/10/13 07:18:29.415796  length=6 from=678 to=683
 03 00 02 00 29 00                                ....).
--
< 2024/10/13 07:18:29.534074  length=55 from=2686 to=2740
 0e 03 00 32 00 00 df 28 1c e8 07 c0 00 29 00 01  ...2...(.....)..
 02 03 04 05 06 07 08 09 0a                       .........
 0b 0c 0d 0e 0f 10 11 12 13 14 15 16 17 18 19 1a  ................
 1b 1c 1d 1e 1f 20 21 22 23 24 25 26 27 28        ..... !"#$%&'(
--
> 2024/10/13 07:18:29.540288  length=1 from=684 to=684
 0e                                               .
--
> 2024/10/13 07:18:29.541101  length=6 from=685 to=690
 03 00 02 00 29 00                                ....).
--
< 2024/10/13 07:18:29.555674  length=55 from=2741 to=2795
 0e 03 00 32 00 00 df 28 1c e8 07 c0 00 29 00 01  ...2...(.....)..
 02 03 04 05 06 07 08 09 0a                       .........
 0b 0c 0d 0e 0f 10 11 12 13 14 15 16 17 18 19 1a  ................
 1b 1c 1d 1e 1f 20 21 22 23 24 25 26 27 28        ..... !"#$%&'(
--
> 2024/10/13 07:18:29.561671  length=1 from=691 to=691
 0e                                               .
--
> 2024/10/13 07:18:29.562423  length=6 from=692 to=697
 03 00 02 00 29 00                                ....).
--
< 2024/10/13 07:18:29.644035  length=55 from=2796 to=2850
 0e 03 00 32 00 00 df 28 1c e8 07 c0 00 29 00 01  ...2...(.....)..
 02 03 04 05 06 07 08 09 0a                       .........
 0b 0c 0d 0e 0f 10 11 12 13 14 15 16 17 18 19 1a  ................
 1b 1c 1d 1e 1f 20 21 22 23 24 25 26 27 28        ..... !"#$%&'(
--
> 2024/10/13 07:18:29.650265  length=3 from=698 to=700
 0e 03 00                                         ...
--
> 2024/10/13 07:18:29.651058  length=4 from=701 to=704
 02 00 29 00                                      ..).
--
< 2024/10/13 07:18:29.717587  length=55 from=2851 to=2905
 0e 03 00 32 00 00 df 28 1c e8 07 c0 00 29 00 01  ...2...(.....)..
 02 03 04 05 06 07 08 09 0a                       .........
 0b 0c 0d 0e 0f 10 11 12 13 14 15 16 17 18 19 1a  ................
 1b 1c 1d 1e 1f 20 21 22 23 24 25 26 27 28        ..... !"#$%&'(
--
> 2024/10/13 07:18:29.723917  length=4 from=705 to=708
 0e 03 00 02                                      ....
--
> 2024/10/13 07:18:29.724606  length=3 from=709 to=711
 00 29 00                                         .).
--
< 2024/10/13 07:18:29.744395  length=55 from=2906 to=2960
 0e 03 00 32 00 00 df 28 1c e8 07 c0 00 29 00 01  ...2...(.....)..
 02 03 04 05 06 07 08 09 0a                       .........
 0b 0c 0d 0e 0f 10 11 12 13 14 15 16 17 18 19 1a  ................
 1b 1c 1d 1e 1f 20 21 22 23 24 25 26 27 28        ..... !"#$%&'(
--
> 2024/10/13 07:18:29.750062  length=2 from=712 to=713
 0e 03                                            ..
--
> 2024/10/13 07:18:29.750810  length=5 from=714 to=718
 00 02 00 29 00                                   ...).
--
< 2024/10/13 07:18:29.786482  length=55 from=2961 to=3015
 0e 03 00 32 00 00 df 28 1c e8 07 c0 00 29 00 01  ...2...(.....)..
 02 03 04 05 06 07 08 09 0a                       .........
 0b 0c 0d 0e 0f 10 11 12 13 14 15 16 17 18 19 1a  ................
 1b 1c 1d 1e 1f 20 21 22 23 24 25 26 27 28        ..... !"#$%&'(
--
> 2024/10/13 07:18:29.792571  length=4 from=719 to=722
 0e 03 00 02                                      ....
--
> 2024/10/13 07:18:29.793194  length=3 from=723 to=725
 00 29 00                                         .).
--
< 2024/10/13 07:18:29.854782  length=55 from=3016 to=3070
 0e 03 00 32 00 00 df 28 1c e8 07 c0 00 29 00 01  ...2...(.....)..
 02 03 04 05 06 07 08 09 0a                       .........
 0b 0c 0d 0e 0f 10 11 12 13 14 15 16 17 18 19 1a  ................
 1b 1c 1d 1e 1f 20 21 22 23 24 25 26 27 28        ..... !"#$%&'(
--
> 2024/10/13 07:18:29.860970  length=1 from=726 to=726
 0e                                               .
--
> 2024/10/13 07:18:29.861699  length=6 from=727 to=732
 03 00 02 00 29 00                                ....).
--
< 2024/10/13 07:18:29.881555  length=55 from=3071 to=3125
 0e 03 00 32 00 00 df 28 1c e8 07 c0 00 29 00 01  ...2...(.....)..
 02 03 04 05 06 07 08 09 0a                       .........
 0b 0c 0d 0e 0f 10 11 12 13 14 15 16 17 18 19 1a  ................
 1b 1c 1d 1e 1f 20 21 22 23 24 25 26 27 28        ..... !"#$%&'(
--
> 2024/10/13 07:18:29.887117  length=1 from=733 to=733
 0e                                               .
--
> 2024/10/13 07:18:29.888060  length=6 from=734 to=739
 03 00 02 00 29 00                                ....).
--
< 2024/10/13 07:18:29.934532  length=55 from=3126 to=3180
 0e 03 00 32 00 00 df 28 1c e8 07 c0 00 29 00 01  ...2...(.....)..
 02 03 04 05 06 07 08 09 0a                       .........
 0b 0c 0d 0e 0f 10 11 12 13 14 15 16 17 18 19 1a  ................
 1b 1c 1d 1e 1f 20 21 22 23 24 25 26 27 28        ..... !"#$%&'(
--
> 2024/10/13 07:18:29.940870  length=4 from=740 to=743
 0e 03 00 02                                      ....
--
> 2024/10/13 07:18:29.941717  length=3 from=744 to=746
 00 29 00                                         .).
--
< 2024/10/13 07:18:30.028438  length=55 from=3181 to=3235
 0e 03 00 32 00 00 df 28 1c e8 07 c0 00 29 00 01  ...2...(.....)..
 02 03 04 05 06 07 08 09 0a                       .........
 0b 0c 0d 0e 0f 10 11 12 13 14 15 16 17 18 19 1a  ................
 1b 1c 1d 1e 1f 20 21 22 23 24 25 26 27 28        ..... !"#$%&'(
--
> 2024/10/13 07:18:30.034562  length=4 from=747 to=750
 0e 03 00 02                                      ....
--
> 2024/10/13 07:18:30.035196  length=3 from=751 to=753
 00 29 00                                         .).
--
< 2024/10/13 07:18:30.080844  length=55 from=3236 to=3290
 0e 03 00 32 00 00 df 28 1c e8 07 c0 00 29 00 01  ...2...(.....)..
 02 03 04 05 06 07 08 09 0a                       .........
 0b 0c 0d 0e 0f 10 11 12 13 14 15 16 17 18 19 1a  ................
 1b 1c 1d 1e 1f 20 21 22 23 24 25 26 27 28        ..... !"#$%&'(
--
> 2024/10/13 07:18:30.087081  length=4 from=754 to=757
 0e 03 00 02                                      ....
--
> 2024/10/13 07:18:30.087760  length=3 from=758 to=760
 00 29 00                                         .).
--
< 2024/10/13 07:18:30.236181  length=55 from=3291 to=3345
 0e 03 00 32 00 00 df 28 1c e8 07 c0 00 29 00 01  ...2...(.....)..
 02 03 04 05 06 07 08 09 0a                       .........
 0b 0c 0d 0e 0f 10 11 12 13 14 15 16 17 18 19 1a  ................
 1b 1c 1d 1e 1f 20 21 22 23 24 25 26 27 28        ..... !"#$%&'(
--
> 2024/10/13 07:18:30.242309  length=1 from=761 to=761
 0e                                               .
--
> 2024/10/13 07:18:30.242992  length=6 from=762 to=767
 03 00 02 00 29 00                                ....).
--
< 2024/10/13 07:18:30.329698  length=55 from=3346 to=3400
 0e 03 00 32 00 00 df 28 1c e8 07 c0 00 29 00 01  ...2...(.....)..
 02 03 04 05 06 07 08 09 0a                       .........
 0b 0c 0d 0e 0f 10 11 12 13 14 15 16 17 18 19 1a  ................
 1b 1c 1d 1e 1f 20 21 22 23 24 25 26 27 28        ..... !"#$%&'(
--
> 2024/10/13 07:18:30.336065  length=4 from=768 to=771
 0e 03 00 02                                      ....
--
> 2024/10/13 07:18:30.336874  length=3 from=772 to=774
 00 29 00                                         .).
--
< 2024/10/13 07:18:30.408202  length=55 from=3401 to=3455
 0e 03 00 32 00 00 df 28 1c e8 07 c0 00 29 00 01  ...2...(.....)..
 02 03 04 05 06 07 08 09 0a                       .........
 0b 0c 0d 0e 0f 10 11 12 13 14 15 16 17 18 19 1a  ................
 1b 1c 1d 1e 1f 20 21 22 23 24 25 26 27 28        ..... !"#$%&'(
--
> 2024/10/13 07:18:30.414419  length=1 from=775 to=775
 0e                                               .
--
> 2024/10/13 07:18:30.415034  length=6 from=776 to=781
 03 00 02 00 29 00                                ....).
--
< 2024/10/13 07:18:30.625443  length=55 from=3456 to=3510
 0e 03 00 32 00 00 df 28 1c e8 07 c0 00 29 00 01  ...2...(.....)..
 02 03 04 05 06 07 08 09 0a                       .........
 0b 0c 0d 0e 0f 10 11 12 13 14 15 16 17 18 19 1a  ................
 1b 1c 1d 1e 1f 20 21 22 23 24 25 26 27 28        ..... !"#$%&'(
--
> 2024/10/13 07:18:30.631334  length=1 from=782 to=782
 0e                                               .
--
> 2024/10/13 07:18:30.632038  length=6 from=783 to=788
 03 00 02 00 29 00                                ....).
--
< 2024/10/13 07:18:30.698609  length=55 from=3511 to=3565
 0e 03 00 32 00 00 df 28 1c e8 07 c0 00 29 00 01  ...2...(.....)..
 02 03 04 05 06 07 08 09 0a                       .........
 0b 0c 0d 0e 0f 10 11 12 13 14 15 16 17 18 19 1a  ................
 1b 1c 1d 1e 1f 20 21 22 23 24 25 26 27 28        ..... !"#$%&'(
--
> 2024/10/13 07:18:30.704198  length=1 from=789 to=789
 0e                                               .
--
> 2024/10/13 07:18:30.704934  length=6 from=790 to=795
 03 00 02 00 29 00                                ....).
--
< 2024/10/13 07:18:30.781672  length=55 from=3566 to=3620
 0e 03 00 32 00 00 df 28 1c e8 07 c0 00 29 00 01  ...2...(.....)..
 02 03 04 05 06 07 08 09 0a                       .........
 0b 0c 0d 0e 0f 10 11 12 13 14 15 16 17 18 19 1a  ................
 1b 1c 1d 1e 1f 20 21 22 23 24 25 26 27 28        ..... !"#$%&'(
--
> 2024/10/13 07:18:30.787607  length=1 from=796 to=796
 0e                                               .
--
> 2024/10/13 07:18:30.788385  length=6 from=797 to=802
 03 00 02 00 29 00                                ....).
--
< 2024/10/13 07:18:30.813735  length=55 from=3621 to=3675
 0e 03 00 32 00 00 df 28 1c e8 07 c0 00 29 00 01  ...2...(.....)..
 02 03 04 05 06 07 08 09 0a                       .........
 0b 0c 0d 0e 0f 10 11 12 13 14 15 16 17 18 19 1a  ................
 1b 1c 1d 1e 1f 20 21 22 23 24 25 26 27 28        ..... !"#$%&'(
--
> 2024/10/13 07:18:30.819473  length=1 from=803 to=803
 0e                                               .
--
> 2024/10/13 07:18:30.820273  length=6 from=804 to=809
 03 00 02 00 29 00                                ....).
--
< 2024/10/13 07:18:30.846003  length=55 from=3676 to=3730
 0e 03 00 32 00 00 df 28 1c e8 07 c0 00 29 00 01  ...2...(.....)..
 02 03 04 05 06 07 08 09 0a                       .........
 0b 0c 0d 0e 0f 10 11 12 13 14 15 16 17 18 19 1a  ................
 1b 1c 1d 1e 1f 20 21 22 23 24 25 26 27 28        ..... !"#$%&'(
--
> 2024/10/13 07:18:30.851524  length=1 from=810 to=810
 0e                                               .
--
> 2024/10/13 07:18:30.852176  length=6 from=811 to=816
 03 00 02 00 29 00                                ....).
--
< 2024/10/13 07:18:30.939674  length=55 from=3731 to=3785
 0e 03 00 32 00 00 df 28 1c e8 07 c0 00 29 00 01  ...2...(.....)..
 02 03 04 05 06 07 08 09 0a                       .........
 0b 0c 0d 0e 0f 10 11 12 13 14 15 16 17 18 19 1a  ................
 1b 1c 1d 1e 1f 20 21 22 23 24 25 26 27 28        ..... !"#$%&'(
--
> 2024/10/13 07:18:30.945782  length=1 from=817 to=817
 0e                                               .
--
> 2024/10/13 07:18:30.946456  length=6 from=818 to=823
 03 00 02 00 29 00                                ....).
--
< 2024/10/13 07:18:31.023858  length=55 from=3786 to=3840
 0e 03 00 32 00 00 df 28 1c e8 07 c0 00 29 00 01  ...2...(.....)..
 02 03 04 05 06 07 08 09 0a                       .........
 0b 0c 0d 0e 0f 10 11 12 13 14 15 16 17 18 19 1a  ................
 1b 1c 1d 1e 1f 20 21 22 23 24 25 26 27 28        ..... !"#$%&'(
--
> 2024/10/13 07:18:31.029725  length=4 from=824 to=827
 0e 03 00 02                                      ....
--
> 2024/10/13 07:18:31.030436  length=3 from=828 to=830
 00 29 00                                         .).
--
< 2024/10/13 07:18:31.081534  length=55 from=3841 to=3895
 0e 03 00 32 00 00 df 28 1c e8 07 c0 00 29 00 01  ...2...(.....)..
 02 03 04 05 06 07 08 09 0a                       .........
 0b 0c 0d 0e 0f 10 11 12 13 14 15 16 17 18 19 1a  ................
 1b 1c 1d 1e 1f 20 21 22 23 24 25 26 27 28        ..... !"#$%&'(
--
> 2024/10/13 07:18:31.087366  length=1 from=831 to=831
 0e                                               .
--
> 2024/10/13 07:18:31.088115  length=6 from=832 to=837
 03 00 02 00 29 00                                ....).
--
< 2024/10/13 07:18:31.123873  length=55 from=3896 to=3950
 0e 03 00 32 00 00 df 28 1c e8 07 c0 00 29 00 01  ...2...(.....)..
 02 03 04 05 06 07 08 09 0a                       .........
 0b 0c 0d 0e 0f 10 11 12 13 14 15 16 17 18 19 1a  ................
 1b 1c 1d 1e 1f 20 21 22 23 24 25 26 27 28        ..... !"#$%&'(
--
> 2024/10/13 07:18:31.130058  length=3 from=838 to=840
 0e 03 00                                         ...
--
> 2024/10/13 07:18:31.130863  length=4 from=841 to=844
 02 00 29 00                                      ..).
--
< 2024/10/13 07:18:31.207606  length=55 from=3951 to=4005
 0e 03 00 32 00 00 df 28 1c e8 07 c0 00 29 00 01  ...2...(.....)..
 02 03 04 05 06 07 08 09 0a                       .........
 0b 0c 0d 0e 0f 10 11 12 13 14 15 16 17 18 19 1a  ................
 1b 1c 1d 1e 1f 20 21 22 23 24 25 26 27 28        ..... !"#$%&'(
--
> 2024/10/13 07:18:31.213958  length=4 from=845 to=848
 0e 03 00 02                                      ....
--
> 2024/10/13 07:18:31.214660  length=3 from=849 to=851
 00 29 00                                         .).
--
< 2024/10/13 07:18:31.234951  length=55 from=4006 to=4060
 0e 03 00 32 00 00 df 28 1c e8 07 c0 00 29 00 01  ...2...(.....)..
 02 03 04 05 06 07 08 09 0a                       .........
 0b 0c 0d 0e 0f 10 11 12 13 14 15 16 17 18 19 1a  ................
 1b 1c 1d 1e 1f 20 21 22 23 24 25 26 27 28        ..... !"#$%&'(
--
> 2024/10/13 07:18:31.240816  length=1 from=852 to=852
 0e                                               .
--
> 2024/10/13 07:18:31.241565  length=6 from=853 to=858
 03 00 02 00 29 00                                ....).
--
< 2024/10/13 07:18:31.350008  length=55 from=4061 to=4115
 0e 03 00 32 00 00 df 28 1c e8 07 c0 00 29 00 01  ...2...(.....)..
 02 03 04 05 06 07 08 09 0a                       .........
 0b 0c 0d 0e 0f 10 11 12 13 14 15 16 17 18 19 1a  ................
 1b 1c 1d 1e 1f 20 21 22 23 24 25 26 27 28        ..... !"#$%&'(
--
> 2024/10/13 07:18:31.356092  length=5 from=859 to=863
 0e 03 00 02 00                                   .....
--
> 2024/10/13 07:18:31.356817  length=2 from=864 to=865
 29 00                                            ).
--
< 2024/10/13 07:18:31.443282  length=55 from=4116 to=4170
 0e 03 00 32 00 00 df 28 1c e8 07 c0 00 29 00 01  ...2...(.....)..
 02 03 04 05 06 07 08 09 0a                       .........
 0b 0c 0d 0e 0f 10 11 12 13 14 15 16 17 18 19 1a  ................
 1b 1c 1d 1e 1f 20 21 22 23 24 25 26 27 28        ..... !"#$%&'(
--
> 2024/10/13 07:18:31.449355  length=1 from=866 to=866
 0e                                               .
--
> 2024/10/13 07:18:31.450093  length=6 from=867 to=872
 03 00 02 00 29 00                                ....).
--
< 2024/10/13 07:18:31.495848  length=55 from=4171 to=4225
 0e 03 00 32 00 00 df 28 1c e8 07 c0 00 29 00 01  ...2...(.....)..
 02 03 04 05 06 07 08 09 0a                       .........
 0b 0c 0d 0e 0f 10 11 12 13 14 15 16 17 18 19 1a  ................
 1b 1c 1d 1e 1f 20 21 22 23 24 25 26 27 28        ..... !"#$%&'(
--
> 2024/10/13 07:18:31.501927  length=1 from=873 to=873
 0e                                               .
--
> 2024/10/13 07:18:31.502614  length=6 from=874 to=879
 03 00 02 00 29 00                                ....).
--
< 2024/10/13 07:18:31.549168  length=55 from=4226 to=4280
 0e 03 00 32 00 00 df 28 1c e8 07 c0 00 29 00 01  ...2...(.....)..
 02 03 04 05 06 07 08 09 0a                       .........
 0b 0c 0d 0e 0f 10 11 12 13 14 15 16 17 18 19 1a  ................
 1b 1c 1d 1e 1f 20 21 22 23 24 25 26 27 28        ..... !"#$%&'(
--
> 2024/10/13 07:18:31.554744  length=1 from=880 to=880
 0e                                               .
--
> 2024/10/13 07:18:31.555460  length=6 from=881 to=886
 03 00 02 00 29 00                                ....).
--
< 2024/10/13 07:18:31.622097  length=55 from=4281 to=4335
 0e 03 00 32 00 00 df 28 1c e8 07 c0 00 29 00 01  ...2...(.....)..
 02 03 04 05 06 07 08 09 0a                       .........
 0b 0c 0d 0e 0f 10 11 12 13 14 15 16 17 18 19 1a  ................
 1b 1c 1d 1e 1f 20 21 22 23 24 25 26 27 28        ..... !"#$%&'(
--
> 2024/10/13 07:18:31.628209  length=5 from=887 to=891
 0e 03 00 02 00                                   .....
--
> 2024/10/13 07:18:31.628953  length=2 from=892 to=893
 29 00                                            ).
--
< 2024/10/13 07:18:31.726058  length=55 from=4336 to=4390
 0e 03 00 32 00 00 df 28 1c e8 07 c0 00 29 00 01  ...2...(.....)..
 02 03 04 05 06 07 08 09 0a                       .........
 0b 0c 0d 0e 0f 10 11 12 13 14 15 16 17 18 19 1a  ................
 1b 1c 1d 1e 1f 20 21 22 23 24 25 26 27 28        ..... !"#$%&'(
--
> 2024/10/13 07:18:31.732100  length=2 from=894 to=895
 0e 03                                            ..
--
> 2024/10/13 07:18:31.732949  length=5 from=896 to=900
 00 02 00 29 00                                   ...).
--
< 2024/10/13 07:18:31.774054  length=55 from=4391 to=4445
 0e 03 00 32 00 00 df 28 1c e8 07 c0 00 29 00 01  ...2...(.....)..
 02 03 04 05 06 07 08 09 0a                       .........
 0b 0c 0d 0e 0f 10 11 12 13 14 15 16 17 18 19 1a  ................
 1b 1c 1d 1e 1f 20 21 22 23 24 25 26 27 28        ..... !"#$%&'(
--
> 2024/10/13 07:18:31.779807  length=1 from=901 to=901
 0e                                               .
--
> 2024/10/13 07:18:31.780620  length=6 from=902 to=907
 03 00 02 00 29 00                                ....).
--
< 2024/10/13 07:18:31.894131  length=55 from=4446 to=4500
 0e 03 00 32 00 00 df 28 1c e8 07 c0 00 29 00 01  ...2...(.....)..
 02 03 04 05 06 07 08 09 0a                       .........
 0b 0c 0d 0e 0f 10 11 12 13 14 15 16 17 18 19 1a  ................
 1b 1c 1d 1e 1f 20 21 22 23 24 25 26 27 28        ..... !"#$%&'(
--
> 2024/10/13 07:18:31.899814  length=1 from=908 to=908
 0e                                               .
--
> 2024/10/13 07:18:31.900531  length=2 from=909 to=910
 03 00                                            ..
--
> 2024/10/13 07:18:31.901211  length=4 from=911 to=914
 02 00 29 00                                      ..).
--
< 2024/10/13 07:18:31.957116  length=55 from=4501 to=4555
 0e 03 00 32 00 00 df 28 1c e8 07 c0 00 29 00 01  ...2...(.....)..
 02 03 04 05 06 07 08 09 0a                       .........
 0b 0c 0d 0e 0f 10 11 12 13 14 15 16 17 18 19 1a  ................
 1b 1c 1d 1e 1f 20 21 22 23 24 25 26 27 28        ..... !"#$%&'(
--
> 2024/10/13 07:18:31.962818  length=1 from=915 to=915
 0e                                               .
--
> 2024/10/13 07:18:31.963631  length=6 from=916 to=921
 03 00 02 00 29 00                                ....).
--
< 2024/10/13 07:18:32.020132  length=55 from=4556 to=4610
 0e 03 00 32 00 00 df 28 1c e8 07 c0 00 29 00 01  ...2...(.....)..
 02 03 04 05 06 07 08 09 0a                       .........
 0b 0c 0d 0e 0f 10 11 12 13 14 15 16 17 18 19 1a  ................
 1b 1c 1d 1e 1f 20 21 22 23 24 25 26 27 28        ..... !"#$%&'(
--
> 2024/10/13 07:18:32.025827  length=1 from=922 to=922
 0e                                               .
--
> 2024/10/13 07:18:32.026623  length=6 from=923 to=928
 03 00 02 00 29 00                                ....).
--
< 2024/10/13 07:18:32.134309  length=55 from=4611 to=4665
 0e 03 00 32 00 00 df 28 1c e8 07 c0 00 29 00 01  ...2...(.....)..
 02 03 04 05 06 07 08 09 0a                       .........
 0b 0c 0d 0e 0f 10 11 12 13 14 15 16 17 18 19 1a  ................
 1b 1c 1d 1e 1f 20 21 22 23 24 25 26 27 28        ..... !"#$%&'(
--
> 2024/10/13 07:18:32.140106  length=1 from=929 to=929
 0e                                               .
--
> 2024/10/13 07:18:32.140810  length=6 from=930 to=935
 03 00 02 00 29 00                                ....).
--
< 2024/10/13 07:18:32.264154  length=55 from=4666 to=4720
 0e 03 00 32 00 00 df 28 1c e8 07 c0 00 29 00 01  ...2...(.....)..
 02 03 04 05 06 07 08 09 0a                       .........
 0b 0c 0d 0e 0f 10 11 12 13 14 15 16 17 18 19 1a  ................
 1b 1c 1d 1e 1f 20 21 22 23 24 25 26 27 28        ..... !"#$%&'(
--
> 2024/10/13 07:18:32.270273  length=3 from=936 to=938
 0e 03 00                                         ...
--
> 2024/10/13 07:18:32.271143  length=4 from=939 to=942
 02 00 29 00                                      ..).
--
< 2024/10/13 07:18:32.362994  length=55 from=4721 to=4775
 0e 03 00 32 00 00 df 28 1c e8 07 c0 00 29 00 01  ...2...(.....)..
 02 03 04 05 06 07 08 09 0a                       .........
 0b 0c 0d 0e 0f 10 11 12 13 14 15 16 17 18 19 1a  ................
 1b 1c 1d 1e 1f 20 21 22 23 24 25 26 27 28        ..... !"#$%&'(
--
> 2024/10/13 07:18:32.368810  length=4 from=943 to=946
 0e 03 00 02                                      ....
--
> 2024/10/13 07:18:32.369487  length=3 from=947 to=949
 00 29 00                                         .).
--
< 2024/10/13 07:18:32.389996  length=55 from=4776 to=4830
 0e 03 00 32 00 00 df 28 1c e8 07 c0 00 29 00 01  ...2...(.....)..
 02 03 04 05 06 07 08 09 0a                       .........
 0b 0c 0d 0e 0f 10 11 12 13 14 15 16 17 18 19 1a  ................
 1b 1c 1d 1e 1f 20 21 22 23 24 25 26 27 28        ..... !"#$%&'(
--
> 2024/10/13 07:18:32.395653  length=1 from=950 to=950
 0e                                               .
--
> 2024/10/13 07:18:32.396367  length=6 from=951 to=956
 03 00 02 00 29 00                                ....).
--
< 2024/10/13 07:18:32.483723  length=55 from=4831 to=4885
 0e 03 00 32 00 00 df 28 1c e8 07 c0 00 29 00 01  ...2...(.....)..
 02 03 04 05 06 07 08 09 0a                       .........
 0b 0c 0d 0e 0f 10 11 12 13 14 15 16 17 18 19 1a  ................
 1b 1c 1d 1e 1f 20 21 22 23 24 25 26 27 28        ..... !"#$%&'(
--
> 2024/10/13 07:18:32.489753  length=1 from=957 to=957
 0e                                               .
--
> 2024/10/13 07:18:32.490489  length=6 from=958 to=963
 03 00 02 00 29 00                                ....).
--
< 2024/10/13 07:18:32.516170  length=55 from=4886 to=4940
 0e 03 00 32 00 00 df 28 1c e8 07 c0 00 29 00 01  ...2...(.....)..
 02 03 04 05 06 07 08 09 0a                       .........
 0b 0c 0d 0e 0f 10 11 12 13 14 15 16 17 18 19 1a  ................
 1b 1c 1d 1e 1f 20 21 22 23 24 25 26 27 28        ..... !"#$%&'(
--
> 2024/10/13 07:18:32.521934  length=1 from=964 to=964
 0e                                               .
--
> 2024/10/13 07:18:32.522669  length=6 from=965 to=970
 03 00 02 00 29 00                                ....).
--
< 2024/10/13 07:18:32.553469  length=55 from=4941 to=4995
 0e 03 00 32 00 00 df 28 1c e8 07 c0 00 29 00 01  ...2...(.....)..
 02 03 04 05 06 07 08 09 0a                       .........
 0b 0c 0d 0e 0f 10 11 12 13 14 15 16 17 18 19 1a  ................
 1b 1c 1d 1e 1f 20 21 22 23 24 25 26 27 28        ..... !"#$%&'(
--
> 2024/10/13 07:18:32.559216  length=4 from=971 to=974
 0e 03 00 02                                      ....
--
> 2024/10/13 07:18:32.559847  length=3 from=975 to=977
 00 29 00                                         .).
--
< 2024/10/13 07:18:32.647514  length=55 from=4996 to=5050
 0e 03 00 32 00 00 df 28 1c e8 07 c0 00 29 00 01  ...2...(.....)..
 02 03 04 05 06 07 08 09 0a                       .........
 0b 0c 0d 0e 0f 10 11 12 13 14 15 16 17 18 19 1a  ................
 1b 1c 1d 1e 1f 20 21 22 23 24 25 26 27 28        ..... !"#$%&'(
--
> 2024/10/13 07:18:32.653555  length=6 from=978 to=983
 0e 03 00 02 00 29                                .....)
--
> 2024/10/13 07:18:32.654254  length=1 from=984 to=984
 00                                               .
--
< 2024/10/13 07:18:32.720569  length=55 from=5051 to=5105
 0e 03 00 32 00 00 df 28 1c e8 07 c0 00 29 00 01  ...2...(.....)..
 02 03 04 05 06 07 08 09 0a                       .........
 0b 0c 0d 0e 0f 10 11 12 13 14 15 16 17 18 19 1a  ................
 1b 1c 1d 1e 1f 20 21 22 23 24 25 26 27 28        ..... !"#$%&'(
--
> 2024/10/13 07:18:32.726693  length=4 from=985 to=988
 0e 03 00 02                                      ....
--
> 2024/10/13 07:18:32.727408  length=3 from=989 to=991
 00 29 00                                         .).
--
< 2024/10/13 07:18:32.783479  length=55 from=5106 to=5160
 0e 03 00 32 00 00 df 28 1c e8 07 c0 00 29 00 01  ...2...(.....)..
 02 03 04 05 06 07 08 09 0a                       .........
 0b 0c 0d 0e 0f 10 11 12 13 14 15 16 17 18 19 1a  ................
 1b 1c 1d 1e 1f 20 21 22 23 24 25 26 27 28        ..... !"#$%&'(
--
> 2024/10/13 07:18:32.789296  length=1 from=992 to=992
 0e                                               .
--
> 2024/10/13 07:18:32.790099  length=6 from=993 to=998
 03 00 02 00 29 00                                ....).
--
< 2024/10/13 07:18:32.825827  length=55 from=5161 to=5215
 0e 03 00 32 00 00 df 28 1c e8 07 c0 00 29 00 01  ...2...(.....)..
 02 03 04 05 06 07 08 09 0a                       .........
 0b 0c 0d 0e 0f 10 11 12 13 14 15 16 17 18 19 1a  ................
 1b 1c 1d 1e 1f 20 21 22 23 24 25 26 27 28        ..... !"#$%&'(
--
> 2024/10/13 07:18:32.831700  length=1 from=999 to=999
 0e                                               .
--
> 2024/10/13 07:18:32.832378  length=6 from=1000 to=1005
 03 00 02 00 29 00                                ....).
--
< 2024/10/13 07:18:32.945243  length=55 from=5216 to=5270
 0e 03 00 32 00 00 df 28 1c e8 07 c0 00 29 00 01  ...2...(.....)..
 02 03 04 05 06 07 08 09 0a                       .........
 0b 0c 0d 0e 0f 10 11 12 13 14 15 16 17 18 19 1a  ................
 1b 1c 1d 1e 1f 20 21 22 23 24 25 26 27 28        ..... !"#$%&'(
--
> 2024/10/13 07:18:32.950734  length=1 from=1006 to=1006
 0e                                               .
--
> 2024/10/13 07:18:32.951538  length=6 from=1007 to=1012
 03 00 02 00 29 00                                ....).
--
< 2024/10/13 07:18:33.008178  length=55 from=5271 to=5325
 0e 03 00 32 00 00 df 28 1c e8 07 c0 00 29 00 01  ...2...(.....)..
 02 03 04 05 06 07 08 09 0a                       .........
 0b 0c 0d 0e 0f 10 11 12 13 14 15 16 17 18 19 1a  ................
 1b 1c 1d 1e 1f 20 21 22 23 24 25 26 27 28        ..... !"#$%&'(
--
> 2024/10/13 07:18:33.013688  length=1 from=1013 to=1013
 0e                                               .
--
> 2024/10/13 07:18:33.014395  length=6 from=1014 to=1019
 03 00 02 00 29 00                                ....).
--
< 2024/10/13 07:18:33.086208  length=55 from=5326 to=5380
 0e 03 00 32 00 00 df 28 1c e8 07 c0 00 29 00 01  ...2...(.....)..
 02 03 04 05 06 07 08 09 0a                       .........
 0b 0c 0d 0e 0f 10 11 12 13 14 15 16 17 18 19 1a  ................
 1b 1c 1d 1e 1f 20 21 22 23 24 25 26 27 28        ..... !"#$%&'(
--
> 2024/10/13 07:18:33.091785  length=2 from=1020 to=1021
 0e 03                                            ..
--
> 2024/10/13 07:18:33.092533  length=5 from=1022 to=1026
 00 02 00 29 00                                   ...).
--
< 2024/10/13 07:18:33.154315  length=55 from=5381 to=5435
 0e 03 00 32 00 00 df 28 1c e8 07 c0 00 29 00 01  ...2...(.....)..
 02 03 04 05 06 07 08 09 0a                       .........
 0b 0c 0d 0e 0f 10 11 12 13 14 15 16 17 18 19 1a  ................
 1b 1c 1d 1e 1f 20 21 22 23 24 25 26 27 28        ..... !"#$%&'(
--
> 2024/10/13 07:18:33.160483  length=1 from=1027 to=1027
 0e                                               .
--
> 2024/10/13 07:18:33.161168  length=6 from=1028 to=1033
 03 00 02 00 29 00                                ....).
--
< 2024/10/13 07:18:33.237409  length=55 from=5436 to=5490
 0e 03 00 32 00 00 df 28 1c e8 07 c0 00 29 00 01  ...2...(.....)..
 02 03 04 05 06 07 08 09 0a                       .........
 0b 0c 0d 0e 0f 10 11 12 13 14 15 16 17 18 19 1a  ................
 1b 1c 1d 1e 1f 20 21 22 23 24 25 26 27 28        ..... !"#$%&'(
--
> 2024/10/13 07:18:33.242953  length=1 from=1034 to=1034
 0e                                               .
--
> 2024/10/13 07:18:33.243706  length=5 from=1035 to=1039
 03 00 02 00 29                                   ....)
--
> 2024/10/13 07:18:33.244425  length=1 from=1040 to=1040
 00                                               .
--
< 2024/10/13 07:18:33.429322  length=55 from=5491 to=5545
 0e 03 00 32 00 00 df 28 1c e8 07 c0 00 29 00 01  ...2...(.....)..
 02 03 04 05 06 07 08 09 0a                       .........
 0b 0c 0d 0e 0f 10 11 12 13 14 15 16 17 18 19 1a  ................
 1b 1c 1d 1e 1f 20 21 22 23 24 25 26 27 28        ..... !"#$%&'(
--
> 2024/10/13 07:18:33.435137  length=1 from=1041 to=1041
 0e                                               .
--
> 2024/10/13 07:18:33.435849  length=6 from=1042 to=1047
 03 00 02 00 29 00                                ....).
--
> 2024/10/13 07:18:46.232056  length=1 from=1048 to=1048
 00                                               .
--
> 2024/10/13 07:18:46.232163  length=1 from=1049 to=1049
 80                                               .
--
> 2024/10/13 07:18:46.232224  length=1 from=1050 to=1050
 ff                                               .
--
> 2024/10/13 07:18:46.232266  length=1 from=1051 to=1051
 00                                               .
--
> 2024/10/13 07:18:46.232416  length=1 from=1052 to=1052
 00                                               .
--
