*** Booting Zephyr OS build zephyr-v3.5.0-3460-g547ffdab6e16 ***
[00:00:00.253,326] <dbg> bttester: tester_init: Initializing tester
[00:00:07.251,129] <inf> bt_hci_core: HW Platform: Nordic Semiconductor (0x0002)
[00:00:07.251,190] <inf> bt_hci_core: HW Variant: nRF53x (0x0003)
[00:00:07.251,220] <inf> bt_hci_core: Firmware: Standard Bluetooth controller (0x00) Version 3.5 Build 99
[00:00:07.253,204] <inf> bt_hci_core: Identity: D7:B8:1B:0B:51:C3 (random)
[00:00:07.253,234] <inf> bt_hci_core: HCI: version 5.4 (0x0d) revision 0x0000, manufacturer 0x05f1
[00:00:07.253,265] <inf> bt_hci_core: LMP: version 5.4 (0x0d) subver 0xffff
[00:00:22.034,332] <dbg> bttester_bap: connected: Connected: C0:07:E8:79:0D:90 (public)
[00:00:26.486,602] <dbg> bttester_bap: pac_record_cb: 
[00:00:26.486,633] <dbg> bttester_bap: pac_record_cb: Discovered codec capabilities 0x20014d48
[00:00:26.486,663] <dbg> bttester_bap: print_codec_cap: codec_cap 0x06 cid 0x0000 vid 0x0000 count 16
[00:00:26.486,663] <dbg> bttester_bap: print_cb: data: type 0x01 value_len 2
[00:00:26.486,694] <dbg> bttester_bap: print_cb: 
                                       3f 00                                            |?.               
[00:00:26.486,724] <dbg> bttester_bap: print_cb: data: type 0x02 value_len 1
[00:00:26.486,755] <dbg> bttester_bap: print_cb: 
                                       0f                                               |.                
[00:00:26.486,755] <dbg> bttester_bap: print_cb: data: type 0x03 value_len 1
[00:00:26.486,785] <dbg> bttester_bap: print_cb: 
                                       01                                               |.                
[00:00:26.486,816] <dbg> bttester_bap: print_cb: data: type 0x04 value_len 4
[00:00:26.486,846] <dbg> bttester_bap: print_cb: 
                                       1a 00 c8 00                                      |....             
[00:00:27.536,071] <dbg> bttester_bap: unicast_client_location_cb: dir 1 loc 3
[00:00:28.286,071] <dbg> bttester_bap: available_contexts_cb: snk ctx 1 src ctx 1
[00:00:28.886,138] <dbg> bttester_bap: endpoint_cb: 
[00:00:28.886,169] <dbg> bttester_bap: endpoint_cb: Discovered ASE 0x2000b6e0, id 1, dir 0x01
[00:00:29.286,132] <dbg> bttester_bap: endpoint_cb: 
[00:00:29.286,132] <dbg> bttester_bap: endpoint_cb: Discovered ASE 0x2000b7e0, id 2, dir 0x01
[00:00:30.286,010] <dbg> bttester_bap: discover_cb: 
[00:00:30.286,041] <dbg> bttester_bap: discover_cb: Discover complete
[00:00:30.286,041] <dbg> bttester_bap: discover_cb: Discover remote ASEs complete: err 0
[00:00:30.686,584] <dbg> bttester_bap: pac_record_cb: 
[00:00:30.686,614] <dbg> bttester_bap: pac_record_cb: Discovered codec capabilities 0x20014d48
[00:00:30.686,614] <dbg> bttester_bap: print_codec_cap: codec_cap 0x06 cid 0x0000 vid 0x0000 count 16
[00:00:30.686,645] <dbg> bttester_bap: print_cb: data: type 0x01 value_len 2
[00:00:30.686,676] <dbg> bttester_bap: print_cb: 
                                       3f 00                                            |?.               
[00:00:30.686,706] <dbg> bttester_bap: print_cb: data: type 0x02 value_len 1
[00:00:30.686,706] <dbg> bttester_bap: print_cb: 
                                       0f                                               |.                
[00:00:30.686,767] <dbg> bttester_bap: print_cb: data: type 0x03 value_len 1
[00:00:30.686,798] <dbg> bttester_bap: print_cb: 
                                       01                                               |.                
[00:00:30.686,798] <dbg> bttester_bap: print_cb: data: type 0x04 value_len 4
[00:00:30.686,828] <dbg> bttester_bap: print_cb: 
                                       1a 00 c8 00                                      |....             
[00:00:31.686,065] <dbg> bttester_bap: unicast_client_location_cb: dir 2 loc 3
[00:00:32.336,029] <dbg> bttester_bap: available_contexts_cb: snk ctx 1 src ctx 1
[00:00:32.836,120] <dbg> bttester_bap: endpoint_cb: 
[00:00:32.836,181] <dbg> bttester_bap: endpoint_cb: Discovered ASE 0x2000b8e0, id 10, dir 0x02
[00:00:33.336,120] <dbg> bttester_bap: endpoint_cb: 
[00:00:33.336,151] <dbg> bttester_bap: endpoint_cb: Discovered ASE 0x2000b9e0, id 11, dir 0x02
[00:00:34.137,176] <dbg> bttester_bap: discover_cb: 
[00:00:34.137,207] <dbg> bttester_bap: discover_cb: Discover complete
[00:00:34.137,237] <dbg> bttester_bap: discover_cb: Discover remote ASEs complete: err 0
[00:00:37.536,346] <wrn> bt_att: Not connected
[00:00:37.536,376] <wrn> bt_att: Not connected
[00:00:37.536,376] <wrn> bt_att: Not connected
[00:00:37.536,407] <wrn> bt_att: Not connected
[00:00:37.536,590] <dbg> bttester_bap: disconnected: Disconnected: C0:07:E8:79:0D:90 (public) (reason 0x13)
