WARNING: Using a test - not safe - entropy source
uart connected to pseudotty: /dev/pts/11
*** Booting Zephyr OS build v4.2.0-1030-g2b42a1d81d98 ***
> 2025/08/03 17:45:44.866722  length=5 from=0 to=4
 00 80 ff 00 00                                   .....
--
< 2025/08/03 17:45:44.878307  length=6 from=0 to=5
 00 03 ff 01 00 01                                ......
--
[00:00:00.240,000] [1;33m<wrn> bt_hci_core: Num of Controller's ACL packets != ACL bt_conn_tx contexts (7 != 3)[0m
[00:00:00.240,000] [1;33m<wrn> bt_hci_core: Num of Controller's ISO packets != ISO bt_conn_tx contexts(8 != 4)[0m
[00:00:00.420,000] [0m<inf> bt_hci_core: HCI transport: HCI User Channel[0m
[00:00:00.420,000] [0m<inf> bt_hci_core: Identity: D5:B6:CC:31:DB:3B (random)[0m
[00:00:00.420,000] [0m<inf> bt_hci_core: HCI: version 5.4 (0x0d) revision 0x0000, manufacturer 0x05f1[0m
[00:00:00.420,000] [0m<inf> bt_hci_core: LMP: version 5.4 (0x0d) subver 0xffff[0m
> 2025/08/03 17:45:45.284577  length=5 from=5 to=9
 00 03 ff 00 00                                   .....
--
< 2025/08/03 17:45:45.321355  length=5 from=6 to=10
 01 01 ff 00 00                                   .....
--
> 2025/08/03 17:45:45.324542  length=11 from=10 to=20
 01 01 ff 06 00 6e ff 7f 1f fe 07                 .....n.....
--
< 2025/08/03 17:45:45.386701  length=6 from=11 to=16
 00 03 ff 01 00 02                                ......
--
> 2025/08/03 17:45:45.394504  length=5 from=21 to=25
 00 03 ff 00 00                                   .....
--
< 2025/08/03 17:45:45.436148  length=5 from=17 to=21
 02 01 ff 00 00                                   .....
--
> 2025/08/03 17:45:45.444540  length=10 from=26 to=35
 02 01 ff 05 00 fe fe ff fd 03                    ..........
--
< 2025/08/03 17:45:45.501472  length=5 from=22 to=26
 01 03 00 00 00                                   .....
--
> 2025/08/03 17:45:45.504555  length=80 from=36 to=115
 01 03 00 15 01 3b db 31 cc b6 d5 13 06 02 00 13  .....;.1........
 82 00 00 00 00 00 62 74 70 5f 74 65 73 74 65 72  ......btp_tester
 00 00 00 00 00 00 00 00 00 00 00 00 00 00 00 00  ................
 00 00 00 00 00 00 00 00 00 00 00 00 00 00 00 00  ................
 00 00 00 00 00 00 00 00 00 00 00 00 00 00 00 00  ................
--
> 2025/08/03 17:45:45.504949  length=202 from=116 to=317
 00 00 00 00 00 00 00 00 00 00 00 00 00 00 00 00  ................
 00 00 00 00 00 00 00 00 00 00 00 00 00 00 00 00  ................
 00 00 00 00 00 00 00 00 00 00 00 00 00 00 00 00  ................
 00 00 00 00 00 00 00 00 00 00 00 00 00 00 00 00  ................
 00 00 00 00 00 00 00 00 00 00 00 00 00 00 00 00  ................
 00 00 00 00 00 00 00 00 00 00 00 00 00 00 00 00  ................
 00 00 00 00 00 00 00 00 00 00 00 00 00 00 00 00  ................
 00 00 00 00 00 00 00 00 00 00 00 00 00 00 00 00  ................
 00 00 00 00 00 00 00 00 00 00 00 00 00 00 00 00  ................
 00 00 00 00 00 00 00 00 00 00 00 00 00 00 00 00  ................
 00 00 00 00 00 00 00 00 00 00 00 00 00 00 00 00  ................
 00 00 00 00 00 00 00 00 00 00 00 00 00 00 00 00  ................
 00 00 00 00 00 00 00 00 00 00                    ..........
--
< 2025/08/03 17:45:45.570542  length=6 from=27 to=32
 01 10 00 01 00 00                                ......
--
> 2025/08/03 17:45:45.574521  length=5 from=318 to=322
 01 10 00 00 00                                   .....
--
< 2025/08/03 17:45:45.586006  length=6 from=33 to=38
 01 08 00 01 00 01                                ......
--
> 2025/08/03 17:45:45.594506  length=9 from=323 to=331
 01 08 00 04 00 1b 82 00 00                       .........
--
< 2025/08/03 17:45:45.651580  length=6 from=39 to=44
 00 03 ff 01 00 10                                ......
--
> 2025/08/03 17:45:45.654534  length=5 from=332 to=336
 00 03 ff 00 00                                   .....
--
< 2025/08/03 17:45:45.696300  length=5 from=45 to=49
 10 01 ff 00 00                                   .....
--
> 2025/08/03 17:45:45.704542  length=6 from=337 to=342
 10 01 ff 01 00 1e                                ......
--
< 2025/08/03 17:45:45.774677  length=6 from=50 to=55
 00 03 ff 01 00 0a                                ......
--
> 2025/08/03 17:45:45.784509  length=5 from=343 to=347
 00 03 ff 00 00                                   .....
--
< 2025/08/03 17:45:45.795702  length=5 from=56 to=60
 0a                                               .
 01 ff 00 00                                      ....
--
> 2025/08/03 17:45:45.804490  length=7 from=348 to=354
 0a                                               .
 01 ff 02 00 fe ff                                ......
--
< 2025/08/03 17:45:47.874117  length=13 from=61 to=73
 01 0e 00 08 00 00 df 28 1c e8 07 c0 00           .......(.....
--
> 2025/08/03 17:45:47.944573  length=5 from=355 to=359
 01 0e 00 00 00                                   .....
--
> 2025/08/03 17:45:48.044615  length=18 from=360 to=377
 01 82 00 0d 00 00 df 28 1c e8 07 c0 38 00 00 00  .......(....8...
 90 01                                            ..
--
> 2025/08/03 17:45:49.944614  length=27 from=378 to=404
 01 91 00 09 00 00 df 28 1c e8 07 c0 01 10 01 89  .......(........
 00 08 00 00 df 28 1c e8 07 c0 02                 .....(.....
--
< 2025/08/03 17:45:50.111469  length=12 from=74 to=85
 10 02 00 07 00 00 df 28 1c e8 07 c0              .......(....
--
> 2025/08/03 17:45:50.114575  length=5 from=405 to=409
 10 02 00 00 00                                   .....
--
> 2025/08/03 17:45:51.904712  length=27 from=410 to=436
 10 80 00 16 00 00 df 28 1c e8 07 c0 00 d3 00 f2  .......(........
 00 f5 00 f7 00 f9 00 fc 00 fe 00                 ...........
--
< 2025/08/03 17:45:53.000151  length=12 from=86 to=97
 0a                                               .
 0e 00 07 00 00 df 28 1c e8 07 c0                 ......(....
--
> 2025/08/03 17:45:53.004662  length=5 from=437 to=441
 0a                                               .
 0e 00 00 00                                      ....
--
> 2025/08/03 17:45:53.164739  length=16 from=442 to=457
 0a                                               .
 80 00 0b 00 00 df 28 1c e8 07 c0 00 00 02 02     ......(........
--
< 2025/08/03 17:45:55.256792  length=12 from=98 to=109
 0a                                               .
 06 00 07 00 00 df 28 1c e8 07 c0                 ......(....
--
> 2025/08/03 17:45:55.264693  length=5 from=458 to=462
 0a                                               .
 06 00 00 00                                      ....
--
> 2025/08/03 17:45:55.404806  length=14 from=463 to=476
 0a                                               .
 85 00 09 00 00 df 28 1c e8 07 c0 84 06           ......(......
--
< 2025/08/03 17:45:56.479837  length=12 from=110 to=121
 0a                                               .
 0e 00 07 00 00 df 28 1c e8 07 c0                 ......(....
--
> 2025/08/03 17:45:56.484650  length=5 from=477 to=481
 0a                                               .
 0e 00 00 00                                      ....
--
> 2025/08/03 17:45:56.584809  length=16 from=482 to=497
 0a                                               .
 80 00 0b 00 00 df 28 1c e8 07 c0 00 00 02 02     ......(........
--
> 2025/08/03 17:45:57.924907  length=12 from=498 to=509
 01 83 00 07 00 00 df 28 1c e8 07 c0              .......(....
--

Stopped at 17.070s
