2024-08-18 10:56:55,820 LT1-thread root DEBUG client.py                 949   _run_test_case            : Starting TestCase _run_test_case BAP BAP/UCL/SCC/BV-112-C
2024-08-18 10:56:55,820 LT1-thread root DEBUG testcase.py               712   pre_run                   : pre_run BAP BAP/UCL/SCC/BV-112-C
2024-08-18 10:56:55,820 LT1-thread root DEBUG testcase.py               714   pre_run                   : About to run test case BAP BAP/UCL/SCC/BV-112-C with commands:
2024-08-18 10:56:55,820 LT1-thread root DEBUG testcase.py               717   pre_run                   : 0) class=<class 'autopts.ptsprojects.testcase.TestFunc'>, func=<bound method Stack.core_init of <autopts.ptsprojects.stack.stack.Stack object at 0x7f813a93f0a0>> start_wid=None stop_wid=None post_wid=None skip_call=None call_count=0 args=() kwds={}
2024-08-18 10:56:55,820 LT1-thread root DEBUG testcase.py               717   pre_run                   : 1) class=<class 'autopts.ptsprojects.testcase.TestFunc'>, func=<bound method ZephyrCtl.hw_reset of <autopts.ptsprojects.zephyr.iutctl.ZephyrCtl object at 0x7f813a93d3f0>> start_wid=None stop_wid=None post_wid=None skip_call=None call_count=0 args=() kwds={}
2024-08-18 10:56:55,820 LT1-thread root DEBUG testcase.py               717   pre_run                   : 2) class=<class 'autopts.ptsprojects.testcase.TestFunc'>, func=<bound method ZephyrCtl.start of <autopts.ptsprojects.zephyr.iutctl.ZephyrCtl object at 0x7f813a93d3f0>> start_wid=None stop_wid=None post_wid=None skip_call=None call_count=0 args=(<autopts.ptsprojects.zephyr.ztestcase.ZTestCase object at 0x7f8138b5e350>,) kwds={}
2024-08-18 10:56:55,821 LT1-thread root DEBUG testcase.py               717   pre_run                   : 3) class=<class 'autopts.ptsprojects.testcase.TestFunc'>, func=<bound method ZephyrCtl.hw_reset of <autopts.ptsprojects.zephyr.iutctl.ZephyrCtl object at 0x7f813a93d3f0>> start_wid=None stop_wid=None post_wid=None skip_call=None call_count=0 args=() kwds={}
2024-08-18 10:56:55,821 LT1-thread root DEBUG testcase.py               717   pre_run                   : 4) class=<class 'autopts.ptsprojects.testcase.TestFunc'>, func=<bound method ZephyrCtl.wait_iut_ready_event of <autopts.ptsprojects.zephyr.iutctl.ZephyrCtl object at 0x7f813a93d3f0>> start_wid=None stop_wid=None post_wid=None skip_call=None call_count=0 args=(False,) kwds={}
2024-08-18 10:56:55,821 LT1-thread root DEBUG testcase.py               717   pre_run                   : 5) class=<class 'autopts.ptsprojects.testcase.TestFunc'>, func=<function core_reg_svc_gap at 0x7f813d3429e0> start_wid=None stop_wid=None post_wid=None skip_call=None call_count=129 args=() kwds={}
2024-08-18 10:56:55,821 LT1-thread root DEBUG testcase.py               717   pre_run                   : 6) class=<class 'autopts.ptsprojects.testcase.TestFunc'>, func=<bound method Stack.gap_init of <autopts.ptsprojects.stack.stack.Stack object at 0x7f813a93f0a0>> start_wid=None stop_wid=None post_wid=None skip_call=None call_count=129 args=(b'Tester_1C28DF',) kwds={}
2024-08-18 10:56:55,821 LT1-thread root DEBUG testcase.py               717   pre_run                   : 7) class=<class 'autopts.ptsprojects.testcase.TestFunc'>, func=<function gap_read_ctrl_info at 0x7f813d34a950> start_wid=None stop_wid=None post_wid=None skip_call=None call_count=129 args=() kwds={}
2024-08-18 10:56:55,821 LT1-thread root DEBUG testcase.py               717   pre_run                   : 8) class=<class 'autopts.ptsprojects.testcase.TestFunc'>, func=<function test_cases.<locals>.<lambda> at 0x7f8139033f40> start_wid=None stop_wid=None post_wid=None skip_call=None call_count=129 args=() kwds={}
2024-08-18 10:56:55,821 LT1-thread root DEBUG testcase.py               717   pre_run                   : 9) class=<class 'autopts.ptsprojects.testcase.TestFunc'>, func=<function core_reg_svc_gatt at 0x7f813d342b00> start_wid=None stop_wid=None post_wid=None skip_call=None call_count=129 args=() kwds={}
2024-08-18 10:56:55,821 LT1-thread root DEBUG testcase.py               717   pre_run                   : 10) class=<class 'autopts.ptsprojects.testcase.TestFunc'>, func=<function set_pts_addr at 0x7f813d3425f0> start_wid=None stop_wid=None post_wid=None skip_call=None call_count=129 args=('C0:07:E8:1C:28:DF', 0) kwds={}
2024-08-18 10:56:55,821 LT1-thread root DEBUG testcase.py               717   pre_run                   : 11) class=<class 'autopts.ptsprojects.testcase.TestFunc'>, func=<bound method Stack.gatt_init of <autopts.ptsprojects.stack.stack.Stack object at 0x7f813a93f0a0>> start_wid=None stop_wid=None post_wid=None skip_call=None call_count=129 args=() kwds={}
2024-08-18 10:56:55,821 LT1-thread root DEBUG testcase.py               717   pre_run                   : 12) class=<class 'autopts.ptsprojects.testcase.TestFunc'>, func=<function gap_set_conn at 0x7f813d34a320> start_wid=None stop_wid=None post_wid=None skip_call=None call_count=129 args=() kwds={}
2024-08-18 10:56:55,821 LT1-thread root DEBUG testcase.py               717   pre_run                   : 13) class=<class 'autopts.ptsprojects.testcase.TestFunc'>, func=<function gap_set_gendiscov at 0x7f813d34a4d0> start_wid=None stop_wid=None post_wid=None skip_call=None call_count=129 args=() kwds={}
2024-08-18 10:56:55,821 LT1-thread root DEBUG testcase.py               717   pre_run                   : 14) class=<class 'autopts.ptsprojects.testcase.TestFunc'>, func=<function core_reg_svc_pacs at 0x7f813d3432e0> start_wid=None stop_wid=None post_wid=None skip_call=None call_count=129 args=() kwds={}
2024-08-18 10:56:55,821 LT1-thread root DEBUG testcase.py               717   pre_run                   : 15) class=<class 'autopts.ptsprojects.testcase.TestFunc'>, func=<function core_reg_svc_ascs at 0x7f813d343370> start_wid=None stop_wid=None post_wid=None skip_call=None call_count=129 args=() kwds={}
2024-08-18 10:56:55,821 LT1-thread root DEBUG testcase.py               717   pre_run                   : 16) class=<class 'autopts.ptsprojects.testcase.TestFunc'>, func=<function core_reg_svc_bap at 0x7f813d343490> start_wid=None stop_wid=None post_wid=None skip_call=None call_count=129 args=() kwds={}
2024-08-18 10:56:55,821 LT1-thread root DEBUG testcase.py               717   pre_run                   : 17) class=<class 'autopts.ptsprojects.testcase.TestFunc'>, func=<bound method Stack.ascs_init of <autopts.ptsprojects.stack.stack.Stack object at 0x7f813a93f0a0>> start_wid=None stop_wid=None post_wid=None skip_call=None call_count=129 args=() kwds={}
2024-08-18 10:56:55,821 LT1-thread root DEBUG testcase.py               717   pre_run                   : 18) class=<class 'autopts.ptsprojects.testcase.TestFunc'>, func=<bound method Stack.bap_init of <autopts.ptsprojects.stack.stack.Stack object at 0x7f813a93f0a0>> start_wid=None stop_wid=None post_wid=None skip_call=None call_count=129 args=() kwds={}
2024-08-18 10:56:55,821 LT1-thread root DEBUG testcase.py               717   pre_run                   : 19) class=<class 'autopts.ptsprojects.testcase.TestFunc'>, func=<function test_cases.<locals>.<lambda> at 0x7f8138d30040> start_wid=None stop_wid=None post_wid=None skip_call=None call_count=129 args=() kwds={}
2024-08-18 10:56:55,821 LT1-thread root DEBUG testcase.py               717   pre_run                   : 20) class=<class 'autopts.ptsprojects.testcase.TestFunc'>, func=<function test_cases.<locals>.<lambda> at 0x7f8138d305e0> start_wid=None stop_wid=None post_wid=None skip_call=None call_count=129 args=() kwds={}
2024-08-18 10:56:55,821 LT1-thread root DEBUG testcase.py               717   pre_run                   : 21) class=<class 'autopts.ptsprojects.testcase.TestFuncCleanUp'>, func=<bound method Stack.cleanup of <autopts.ptsprojects.stack.stack.Stack object at 0x7f813a93f0a0>> start_wid=None stop_wid=None post_wid=None skip_call=None call_count=0 args=() kwds={}
2024-08-18 10:56:55,821 LT1-thread root DEBUG testcase.py               717   pre_run                   : 22) class=<class 'autopts.ptsprojects.testcase.TestFuncCleanUp'>, func=<bound method ZephyrCtl.stop of <autopts.ptsprojects.zephyr.iutctl.ZephyrCtl object at 0x7f813a93d3f0>> start_wid=None stop_wid=None post_wid=None skip_call=None call_count=0 args=() kwds={}
2024-08-18 10:56:55,821 LT1-thread root DEBUG testcase.py               724   pre_run                   : pre_run, run pre test case script
2024-08-18 10:56:55,822 LT1-thread root DEBUG testcase.py               253   start                     : Starting test function: class=<class 'autopts.ptsprojects.testcase.TestFunc'>, func=<bound method Stack.core_init of <autopts.ptsprojects.stack.stack.Stack object at 0x7f813a93f0a0>> start_wid=None stop_wid=None post_wid=None skip_call=None call_count=1 args=() kwds={}
2024-08-18 10:56:55,822 LT1-thread root DEBUG testcase.py               265   start                     : Test function parameters: args=(), kwds={}
2024-08-18 10:56:55,822 LT1-thread root DEBUG testcase.py               253   start                     : Starting test function: class=<class 'autopts.ptsprojects.testcase.TestFunc'>, func=<bound method ZephyrCtl.hw_reset of <autopts.ptsprojects.zephyr.iutctl.ZephyrCtl object at 0x7f813a93d3f0>> start_wid=None stop_wid=None post_wid=None skip_call=None call_count=1 args=() kwds={}
2024-08-18 10:56:55,822 LT1-thread root DEBUG testcase.py               265   start                     : Test function parameters: args=(), kwds={}
2024-08-18 10:56:55,822 LT1-thread root DEBUG testcase.py               253   start                     : Starting test function: class=<class 'autopts.ptsprojects.testcase.TestFunc'>, func=<bound method ZephyrCtl.start of <autopts.ptsprojects.zephyr.iutctl.ZephyrCtl object at 0x7f813a93d3f0>> start_wid=None stop_wid=None post_wid=None skip_call=None call_count=1 args=(<autopts.ptsprojects.zephyr.ztestcase.ZTestCase object at 0x7f8138b5e350>,) kwds={}
2024-08-18 10:56:55,822 LT1-thread root DEBUG testcase.py               265   start                     : Test function parameters: args=(<autopts.ptsprojects.zephyr.ztestcase.ZTestCase object at 0x7f8138b5e350>,), kwds={}
2024-08-18 10:56:55,822 LT1-thread root DEBUG iutctl.py                 104   start                     : <class 'autopts.ptsprojects.zephyr.iutctl.ZephyrCtl'>.start
2024-08-18 10:56:55,822 LT1-thread root DEBUG iutctl.py                 169   flush_serial              : <class 'autopts.ptsprojects.zephyr.iutctl.ZephyrCtl'>.flush_serial
2024-08-18 10:56:56,859 LT1-thread root DEBUG iutctl.py                 134   start                     : Starting socat process: socat -x -v /dev/ttyACM1,rawer,b115200 UNIX-CONNECT:/tmp/bt-stack-tester1050060770
2024-08-18 10:56:56,859 LT1-thread root DEBUG iutctl_common.py          293   accept                    : accept
2024-08-18 10:56:56,861 BTPWorkerThread-5131 (_rx_task) root DEBUG iutctl_common.py          198   _rx_task                  : BTPWorkerThread-5131 (_rx_task) started
2024-08-18 10:56:56,861 LT1-thread root DEBUG testcase.py               253   start                     : Starting test function: class=<class 'autopts.ptsprojects.testcase.TestFunc'>, func=<bound method ZephyrCtl.hw_reset of <autopts.ptsprojects.zephyr.iutctl.ZephyrCtl object at 0x7f813a93d3f0>> start_wid=None stop_wid=None post_wid=None skip_call=None call_count=1 args=() kwds={}
2024-08-18 10:56:56,861 LT1-thread root DEBUG testcase.py               265   start                     : Test function parameters: args=(), kwds={}
2024-08-18 10:56:56,861 LT1-thread root DEBUG testcase.py               253   start                     : Starting test function: class=<class 'autopts.ptsprojects.testcase.TestFunc'>, func=<bound method ZephyrCtl.wait_iut_ready_event of <autopts.ptsprojects.zephyr.iutctl.ZephyrCtl object at 0x7f813a93d3f0>> start_wid=None stop_wid=None post_wid=None skip_call=None call_count=1 args=(False,) kwds={}
2024-08-18 10:56:56,861 LT1-thread root DEBUG testcase.py               265   start                     : Test function parameters: args=(False,), kwds={}
2024-08-18 10:56:56,862 LT1-thread root DEBUG iutctl.py                 230   wait_iut_ready_event      : IUT ready event received OK
2024-08-18 10:56:56,862 LT1-thread root DEBUG testcase.py               253   start                     : Starting test function: class=<class 'autopts.ptsprojects.testcase.TestFunc'>, func=<function core_reg_svc_gap at 0x7f813d3429e0> start_wid=None stop_wid=None post_wid=None skip_call=None call_count=130 args=() kwds={}
2024-08-18 10:56:56,862 LT1-thread root DEBUG testcase.py               265   start                     : Test function parameters: args=(), kwds={}
2024-08-18 10:56:56,862 LT1-thread root DEBUG btp.py                    461   core_reg_svc_gap          : core_reg_svc_gap
2024-08-18 10:56:56,862 LT1-thread root DEBUG iutctl_common.py          106   send                      : send, 0 3 255 '1'
2024-08-18 10:56:56,862 LT1-thread root DEBUG iutctl_common.py          111   send                      : sending frame '0003ff010001'
2024-08-18 10:56:56,862 LT1-thread root DEBUG btp.py                    710   core_reg_svc_rsp_succ     : core_reg_svc_rsp_succ
2024-08-18 10:56:56,862 LT1-thread root DEBUG iutctl_common.py          230   read                      : read
2024-08-18 10:56:56,914 BTPWorkerThread-5131 (_rx_task) root DEBUG iutctl_common.py          76    read                      : Read 5 bytes
2024-08-18 10:56:56,924 BTPWorkerThread-5131 (_rx_task) root DEBUG iutctl_common.py          83    read                      : Received: hdr: Header(svc_id=0, op=3, ctrl_index=255, data_len=0) bytearray(b'\x00\x03\xff\x00\x00')
2024-08-18 10:56:56,934 BTPWorkerThread-5131 (_rx_task) root DEBUG iutctl_common.py          99    read                      : Received data: {''}, bytearray(b'')
2024-08-18 10:56:56,945 LT1-thread root DEBUG btp.py                    721   core_reg_svc_rsp_succ     : received Header(svc_id=0, op=3, ctrl_index=255, data_len=0) (b'',)
2024-08-18 10:56:56,945 LT1-thread root DEBUG btp.py                    722   core_reg_svc_rsp_succ     : expected ((0, 3, 255, 0), (b'',))
2024-08-18 10:56:56,945 LT1-thread root DEBUG btp.py                    727   core_reg_svc_rsp_succ     : response is valid
2024-08-18 10:56:56,945 LT1-thread root DEBUG testcase.py               253   start                     : Starting test function: class=<class 'autopts.ptsprojects.testcase.TestFunc'>, func=<bound method Stack.gap_init of <autopts.ptsprojects.stack.stack.Stack object at 0x7f813a93f0a0>> start_wid=None stop_wid=None post_wid=None skip_call=None call_count=130 args=(b'Tester_1C28DF',) kwds={}
2024-08-18 10:56:56,945 LT1-thread root DEBUG testcase.py               265   start                     : Test function parameters: args=(b'Tester_1C28DF',), kwds={}
2024-08-18 10:56:56,945 LT1-thread root DEBUG testcase.py               253   start                     : Starting test function: class=<class 'autopts.ptsprojects.testcase.TestFunc'>, func=<function gap_read_ctrl_info at 0x7f813d34a950> start_wid=None stop_wid=None post_wid=None skip_call=None call_count=130 args=() kwds={}
2024-08-18 10:56:56,945 LT1-thread root DEBUG testcase.py               265   start                     : Test function parameters: args=(), kwds={}
2024-08-18 10:56:56,945 LT1-thread root DEBUG gap.py                    937   gap_read_ctrl_info        : gap_read_ctrl_info
2024-08-18 10:56:56,945 LT1-thread root DEBUG iutctl_common.py          106   send                      : send, 1 3 0 ''
2024-08-18 10:56:56,945 LT1-thread root DEBUG iutctl_common.py          111   send                      : sending frame '0103000000'
2024-08-18 10:56:56,945 LT1-thread root DEBUG iutctl_common.py          230   read                      : read
2024-08-18 10:56:57,148 BTPWorkerThread-5131 (_rx_task) root DEBUG iutctl_common.py          76    read                      : Read 5 bytes
2024-08-18 10:56:57,158 BTPWorkerThread-5131 (_rx_task) root DEBUG iutctl_common.py          83    read                      : Received: hdr: Header(svc_id=1, op=3, ctrl_index=0, data_len=277) bytearray(b'\x01\x03\x00\x15\x01')
2024-08-18 10:56:57,173 BTPWorkerThread-5131 (_rx_task) root DEBUG iutctl_common.py          91    read                      : Read 277 bytes data
2024-08-18 10:56:57,184 BTPWorkerThread-5131 (_rx_task) root DEBUG iutctl_common.py          99    read                      : Received data: {'c3 51 0b 1b b8 d7 13 06 02 00 13 82 00 00 00 00 00 62 74 70 5f 74 65 73 74 65 72 00 00 00 00 00 00 00 00 00 00 00 00 00 00 00 00 00 00 00 00 00 00 00 00 00 00 00 00 00 00 00 00 00 00 00 00 00 00 00 00 00 00 00 00 00 00 00 00 00 00 00 00 00 00 00 00 00 00 00 00 00 00 00 00 00 00 00 00 00 00 00 00 00 00 00 00 00 00 00 00 00 00 00 00 00 00 00 00 00 00 00 00 00 00 00 00 00 00 00 00 00 00 00 00 00 00 00 00 00 00 00 00 00 00 00 00 00 00 00 00 00 00 00 00 00 00 00 00 00 00 00 00 00 00 00 00 00 00 00 00 00 00 00 00 00 00 00 00 00 00 00 00 00 00 00 00 00 00 00 00 00 00 00 00 00 00 00 00 00 00 00 00 00 00 00 00 00 00 00 00 00 00 00 00 00 00 00 00 00 00 00 00 00 00 00 00 00 00 00 00 00 00 00 00 00 00 00 00 00 00 00 00 00 00 00 00 00 00 00 00 00 00 00 00 00 00 00 00 00 00 00 00 00 00 00 00 00 00 00 00 00 00 00 00 00 00 00 00 00 00'}, bytearray(b'\xc3Q\x0b\x1b\xb8\xd7\x13\x06\x02\x00\x13\x82\x00\x00\x00\x00\x00btp_tester\x00\x00\x00\x00\x00\x00\x00\x00\x00\x00\x00\x00\x00\x00\x00\x00\x00\x00\x00\x00\x00\x00\x00\x00\x00\x00\x00\x00\x00\x00\x00\x00\x00\x00\x00\x00\x00\x00\x00\x00\x00\x00\x00\x00\x00\x00\x00\x00\x00\x00\x00\x00\x00\x00\x00\x00\x00\x00\x00\x00\x00\x00\x00\x00\x00\x00\x00\x00\x00\x00\x00\x00\x00\x00\x00\x00\x00\x00\x00\x00\x00\x00\x00\x00\x00\x00\x00\x00\x00\x00\x00\x00\x00\x00\x00\x00\x00\x00\x00\x00\x00\x00\x00\x00\x00\x00\x00\x00\x00\x00\x00\x00\x00\x00\x00\x00\x00\x00\x00\x00\x00\x00\x00\x00\x00\x00\x00\x00\x00\x00\x00\x00\x00\x00\x00\x00\x00\x00\x00\x00\x00\x00\x00\x00\x00\x00\x00\x00\x00\x00\x00\x00\x00\x00\x00\x00\x00\x00\x00\x00\x00\x00\x00\x00\x00\x00\x00\x00\x00\x00\x00\x00\x00\x00\x00\x00\x00\x00\x00\x00\x00\x00\x00\x00\x00\x00\x00\x00\x00\x00\x00\x00\x00\x00\x00\x00\x00\x00\x00\x00\x00\x00\x00\x00\x00\x00\x00\x00\x00\x00\x00\x00\x00\x00\x00\x00\x00\x00\x00\x00\x00\x00\x00\x00\x00\x00\x00\x00\x00\x00\x00\x00\x00\x00\x00\x00\x00\x00\x00\x00\x00\x00\x00\x00\x00\x00\x00\x00\x00\x00')
2024-08-18 10:56:57,194 LT1-thread root DEBUG gap.py                    944   gap_read_ctrl_info        : received Header(svc_id=1, op=3, ctrl_index=0, data_len=277) (b'\xc3Q\x0b\x1b\xb8\xd7\x13\x06\x02\x00\x13\x82\x00\x00\x00\x00\x00btp_tester\x00\x00\x00\x00\x00\x00\x00\x00\x00\x00\x00\x00\x00\x00\x00\x00\x00\x00\x00\x00\x00\x00\x00\x00\x00\x00\x00\x00\x00\x00\x00\x00\x00\x00\x00\x00\x00\x00\x00\x00\x00\x00\x00\x00\x00\x00\x00\x00\x00\x00\x00\x00\x00\x00\x00\x00\x00\x00\x00\x00\x00\x00\x00\x00\x00\x00\x00\x00\x00\x00\x00\x00\x00\x00\x00\x00\x00\x00\x00\x00\x00\x00\x00\x00\x00\x00\x00\x00\x00\x00\x00\x00\x00\x00\x00\x00\x00\x00\x00\x00\x00\x00\x00\x00\x00\x00\x00\x00\x00\x00\x00\x00\x00\x00\x00\x00\x00\x00\x00\x00\x00\x00\x00\x00\x00\x00\x00\x00\x00\x00\x00\x00\x00\x00\x00\x00\x00\x00\x00\x00\x00\x00\x00\x00\x00\x00\x00\x00\x00\x00\x00\x00\x00\x00\x00\x00\x00\x00\x00\x00\x00\x00\x00\x00\x00\x00\x00\x00\x00\x00\x00\x00\x00\x00\x00\x00\x00\x00\x00\x00\x00\x00\x00\x00\x00\x00\x00\x00\x00\x00\x00\x00\x00\x00\x00\x00\x00\x00\x00\x00\x00\x00\x00\x00\x00\x00\x00\x00\x00\x00\x00\x00\x00\x00\x00\x00\x00\x00\x00\x00\x00\x00\x00\x00\x00\x00\x00\x00\x00\x00\x00\x00\x00\x00\x00\x00\x00\x00\x00\x00\x00\x00\x00\x00\x00\x00\x00\x00\x00\x00',)
2024-08-18 10:56:57,194 LT1-thread root DEBUG gap.py                    965   gap_read_ctrl_info        : IUT address 'd7b81b0b51c3' 'random'
2024-08-18 10:56:57,194 LT1-thread root DEBUG gap.py                    400   __gap_current_settings_update : __gap_current_settings_update 33299
2024-08-18 10:56:57,194 LT1-thread root DEBUG testcase.py               253   start                     : Starting test function: class=<class 'autopts.ptsprojects.testcase.TestFunc'>, func=<function test_cases.<locals>.<lambda> at 0x7f8139033f40> start_wid=None stop_wid=None post_wid=None skip_call=None call_count=130 args=() kwds={}
2024-08-18 10:56:57,194 LT1-thread root DEBUG testcase.py               265   start                     : Test function parameters: args=(), kwds={}
2024-08-18 10:56:57,205 LT1-thread root DEBUG testcase.py               253   start                     : Starting test function: class=<class 'autopts.ptsprojects.testcase.TestFunc'>, func=<function core_reg_svc_gatt at 0x7f813d342b00> start_wid=None stop_wid=None post_wid=None skip_call=None call_count=130 args=() kwds={}
2024-08-18 10:56:57,206 LT1-thread root DEBUG testcase.py               265   start                     : Test function parameters: args=(), kwds={}
2024-08-18 10:56:57,206 LT1-thread root DEBUG btp.py                    479   core_reg_svc_gatt         : core_reg_svc_gatt
2024-08-18 10:56:57,206 LT1-thread root DEBUG iutctl_common.py          106   send                      : send, 0 3 255 '2'
2024-08-18 10:56:57,206 LT1-thread root DEBUG iutctl_common.py          111   send                      : sending frame '0003ff010002'
2024-08-18 10:56:57,206 LT1-thread root DEBUG btp.py                    710   core_reg_svc_rsp_succ     : core_reg_svc_rsp_succ
2024-08-18 10:56:57,206 LT1-thread root DEBUG iutctl_common.py          230   read                      : read
2024-08-18 10:56:57,218 BTPWorkerThread-5131 (_rx_task) root DEBUG iutctl_common.py          76    read                      : Read 5 bytes
2024-08-18 10:56:57,218 BTPWorkerThread-5131 (_rx_task) root DEBUG iutctl_common.py          83    read                      : Received: hdr: Header(svc_id=0, op=3, ctrl_index=255, data_len=0) bytearray(b'\x00\x03\xff\x00\x00')
2024-08-18 10:56:57,218 BTPWorkerThread-5131 (_rx_task) root DEBUG iutctl_common.py          99    read                      : Received data: {''}, bytearray(b'')
2024-08-18 10:56:57,218 LT1-thread root DEBUG btp.py                    721   core_reg_svc_rsp_succ     : received Header(svc_id=0, op=3, ctrl_index=255, data_len=0) (b'',)
2024-08-18 10:56:57,218 LT1-thread root DEBUG btp.py                    722   core_reg_svc_rsp_succ     : expected ((0, 3, 255, 0), (b'',))
2024-08-18 10:56:57,218 LT1-thread root DEBUG btp.py                    727   core_reg_svc_rsp_succ     : response is valid
2024-08-18 10:56:57,218 LT1-thread root DEBUG testcase.py               253   start                     : Starting test function: class=<class 'autopts.ptsprojects.testcase.TestFunc'>, func=<function set_pts_addr at 0x7f813d3425f0> start_wid=None stop_wid=None post_wid=None skip_call=None call_count=130 args=('C0:07:E8:1C:28:DF', 0) kwds={}
2024-08-18 10:56:57,218 LT1-thread root DEBUG testcase.py               265   start                     : Test function parameters: args=('C0:07:E8:1C:28:DF', 0), kwds={}
2024-08-18 10:56:57,218 LT1-thread root DEBUG testcase.py               253   start                     : Starting test function: class=<class 'autopts.ptsprojects.testcase.TestFunc'>, func=<bound method Stack.gatt_init of <autopts.ptsprojects.stack.stack.Stack object at 0x7f813a93f0a0>> start_wid=None stop_wid=None post_wid=None skip_call=None call_count=130 args=() kwds={}
2024-08-18 10:56:57,218 LT1-thread root DEBUG testcase.py               265   start                     : Test function parameters: args=(), kwds={}
2024-08-18 10:56:57,219 LT1-thread root DEBUG testcase.py               253   start                     : Starting test function: class=<class 'autopts.ptsprojects.testcase.TestFunc'>, func=<function gap_set_conn at 0x7f813d34a320> start_wid=None stop_wid=None post_wid=None skip_call=None call_count=130 args=() kwds={}
2024-08-18 10:56:57,219 LT1-thread root DEBUG testcase.py               265   start                     : Test function parameters: args=(), kwds={}
2024-08-18 10:56:57,219 LT1-thread root DEBUG gap.py                    758   gap_set_conn              : gap_set_conn
2024-08-18 10:56:57,219 LT1-thread root DEBUG testcase.py               253   start                     : Starting test function: class=<class 'autopts.ptsprojects.testcase.TestFunc'>, func=<function gap_set_gendiscov at 0x7f813d34a4d0> start_wid=None stop_wid=None post_wid=None skip_call=None call_count=130 args=() kwds={}
2024-08-18 10:56:57,219 LT1-thread root DEBUG testcase.py               265   start                     : Test function parameters: args=(), kwds={}
2024-08-18 10:56:57,219 LT1-thread root DEBUG gap.py                    809   gap_set_gendiscov         : gap_set_gendiscov
2024-08-18 10:56:57,219 LT1-thread root DEBUG iutctl_common.py          106   send                      : send, 1 8 0 '1'
2024-08-18 10:56:57,219 LT1-thread root DEBUG iutctl_common.py          111   send                      : sending frame '010800010001'
2024-08-18 10:56:57,219 LT1-thread root DEBUG gap.py                    972   gap_command_rsp_succ      : gap_command_rsp_succ
2024-08-18 10:56:57,219 LT1-thread root DEBUG iutctl_common.py          230   read                      : read
2024-08-18 10:56:57,231 BTPWorkerThread-5131 (_rx_task) root DEBUG iutctl_common.py          76    read                      : Read 5 bytes
2024-08-18 10:56:57,241 BTPWorkerThread-5131 (_rx_task) root DEBUG iutctl_common.py          83    read                      : Received: hdr: Header(svc_id=1, op=8, ctrl_index=0, data_len=4) bytearray(b'\x01\x08\x00\x04\x00')
2024-08-18 10:56:57,256 BTPWorkerThread-5131 (_rx_task) root DEBUG iutctl_common.py          91    read                      : Read 4 bytes data
2024-08-18 10:56:57,267 BTPWorkerThread-5131 (_rx_task) root DEBUG iutctl_common.py          99    read                      : Received data: {'1b 82 00 00'}, bytearray(b'\x1b\x82\x00\x00')
2024-08-18 10:56:57,277 LT1-thread root DEBUG gap.py                    977   gap_command_rsp_succ      : received Header(svc_id=1, op=8, ctrl_index=0, data_len=4) (b'\x1b\x82\x00\x00',)
2024-08-18 10:56:57,277 LT1-thread root DEBUG gap.py                    400   __gap_current_settings_update : __gap_current_settings_update (b'\x1b\x82\x00\x00',)
2024-08-18 10:56:57,277 LT1-thread root DEBUG testcase.py               253   start                     : Starting test function: class=<class 'autopts.ptsprojects.testcase.TestFunc'>, func=<function core_reg_svc_pacs at 0x7f813d3432e0> start_wid=None stop_wid=None post_wid=None skip_call=None call_count=130 args=() kwds={}
2024-08-18 10:56:57,277 LT1-thread root DEBUG testcase.py               265   start                     : Test function parameters: args=(), kwds={}
2024-08-18 10:56:57,277 LT1-thread root DEBUG btp.py                    584   core_reg_svc_pacs         : core_reg_svc_pacs
2024-08-18 10:56:57,277 LT1-thread root DEBUG iutctl_common.py          106   send                      : send, 0 3 255 '12'
2024-08-18 10:56:57,277 LT1-thread root DEBUG iutctl_common.py          111   send                      : sending frame '0003ff01000c'
2024-08-18 10:56:57,277 LT1-thread root DEBUG iutctl_common.py          230   read                      : read
2024-08-18 10:56:57,290 BTPWorkerThread-5131 (_rx_task) root DEBUG iutctl_common.py          76    read                      : Read 5 bytes
2024-08-18 10:56:57,305 BTPWorkerThread-5131 (_rx_task) root DEBUG iutctl_common.py          83    read                      : Received: hdr: Header(svc_id=0, op=3, ctrl_index=255, data_len=0) bytearray(b'\x00\x03\xff\x00\x00')
2024-08-18 10:56:57,315 BTPWorkerThread-5131 (_rx_task) root DEBUG iutctl_common.py          99    read                      : Received data: {''}, bytearray(b'')
2024-08-18 10:56:57,326 LT1-thread root DEBUG testcase.py               253   start                     : Starting test function: class=<class 'autopts.ptsprojects.testcase.TestFunc'>, func=<function core_reg_svc_ascs at 0x7f813d343370> start_wid=None stop_wid=None post_wid=None skip_call=None call_count=130 args=() kwds={}
2024-08-18 10:56:57,326 LT1-thread root DEBUG testcase.py               265   start                     : Test function parameters: args=(), kwds={}
2024-08-18 10:56:57,326 LT1-thread root DEBUG btp.py                    591   core_reg_svc_ascs         : core_reg_svc_ascs
2024-08-18 10:56:57,326 LT1-thread root DEBUG iutctl_common.py          106   send                      : send, 0 3 255 '13'
2024-08-18 10:56:57,326 LT1-thread root DEBUG iutctl_common.py          111   send                      : sending frame '0003ff01000d'
2024-08-18 10:56:57,326 LT1-thread root DEBUG iutctl_common.py          230   read                      : read
2024-08-18 10:56:57,338 BTPWorkerThread-5131 (_rx_task) root DEBUG iutctl_common.py          76    read                      : Read 5 bytes
2024-08-18 10:56:57,348 BTPWorkerThread-5131 (_rx_task) root DEBUG iutctl_common.py          83    read                      : Received: hdr: Header(svc_id=0, op=3, ctrl_index=255, data_len=0) bytearray(b'\x00\x03\xff\x00\x00')
2024-08-18 10:56:57,358 BTPWorkerThread-5131 (_rx_task) root DEBUG iutctl_common.py          99    read                      : Received data: {''}, bytearray(b'')
2024-08-18 10:56:57,369 LT1-thread root DEBUG testcase.py               253   start                     : Starting test function: class=<class 'autopts.ptsprojects.testcase.TestFunc'>, func=<function core_reg_svc_bap at 0x7f813d343490> start_wid=None stop_wid=None post_wid=None skip_call=None call_count=130 args=() kwds={}
2024-08-18 10:56:57,369 LT1-thread root DEBUG testcase.py               265   start                     : Test function parameters: args=(), kwds={}
2024-08-18 10:56:57,369 LT1-thread root DEBUG btp.py                    605   core_reg_svc_bap          : core_reg_svc_bap
2024-08-18 10:56:57,369 LT1-thread root DEBUG iutctl_common.py          106   send                      : send, 0 3 255 '14'
2024-08-18 10:56:57,369 LT1-thread root DEBUG iutctl_common.py          111   send                      : sending frame '0003ff01000e'
2024-08-18 10:56:57,369 LT1-thread root DEBUG iutctl_common.py          230   read                      : read
2024-08-18 10:56:57,381 BTPWorkerThread-5131 (_rx_task) root DEBUG iutctl_common.py          76    read                      : Read 5 bytes
2024-08-18 10:56:57,391 BTPWorkerThread-5131 (_rx_task) root DEBUG iutctl_common.py          83    read                      : Received: hdr: Header(svc_id=0, op=3, ctrl_index=255, data_len=0) bytearray(b'\x00\x03\xff\x00\x00')
2024-08-18 10:56:57,401 BTPWorkerThread-5131 (_rx_task) root DEBUG iutctl_common.py          99    read                      : Received data: {''}, bytearray(b'')
2024-08-18 10:56:57,412 LT1-thread root DEBUG testcase.py               253   start                     : Starting test function: class=<class 'autopts.ptsprojects.testcase.TestFunc'>, func=<bound method Stack.ascs_init of <autopts.ptsprojects.stack.stack.Stack object at 0x7f813a93f0a0>> start_wid=None stop_wid=None post_wid=None skip_call=None call_count=130 args=() kwds={}
2024-08-18 10:56:57,412 LT1-thread root DEBUG testcase.py               265   start                     : Test function parameters: args=(), kwds={}
2024-08-18 10:56:57,412 LT1-thread root DEBUG testcase.py               253   start                     : Starting test function: class=<class 'autopts.ptsprojects.testcase.TestFunc'>, func=<bound method Stack.bap_init of <autopts.ptsprojects.stack.stack.Stack object at 0x7f813a93f0a0>> start_wid=None stop_wid=None post_wid=None skip_call=None call_count=130 args=() kwds={}
2024-08-18 10:56:57,412 LT1-thread root DEBUG testcase.py               265   start                     : Test function parameters: args=(), kwds={}
2024-08-18 10:56:57,412 LT1-thread root DEBUG testcase.py               253   start                     : Starting test function: class=<class 'autopts.ptsprojects.testcase.TestFunc'>, func=<function test_cases.<locals>.<lambda> at 0x7f8138d30040> start_wid=None stop_wid=None post_wid=None skip_call=None call_count=130 args=() kwds={}
2024-08-18 10:56:57,412 LT1-thread root DEBUG testcase.py               265   start                     : Test function parameters: args=(), kwds={}
2024-08-18 10:56:57,412 LT1-thread root DEBUG testcase.py               253   start                     : Starting test function: class=<class 'autopts.ptsprojects.testcase.TestFunc'>, func=<function test_cases.<locals>.<lambda> at 0x7f8138d305e0> start_wid=None stop_wid=None post_wid=None skip_call=None call_count=130 args=() kwds={}
2024-08-18 10:56:57,412 LT1-thread root DEBUG testcase.py               265   start                     : Test function parameters: args=(), kwds={}
2024-08-18 10:56:57,413 LT1-thread root DEBUG client.py                 309   get_result                : ClientCallback.get_result run_test_case
2024-08-18 10:57:03,759 LT1-callback ClientCallback.on_implicit_send INFO client.py                 256   on_implicit_send          : 
    ********************
    BEGIN OnImplicitSend:
    project_name: BAP
    wid: 20100
    test_case_name: BAP/UCL/SCC/BV-112-C
    description: Please initiate a GATT connection to the PTS.

Description: Verify that the Implementation Under Test (IUT) can initiate a GATT connect request to the PTS.
    style: MMI_Style_Ok_Cancel2 0x11141
2024-08-18 10:57:03,759 LT1-callback ClientCallback.on_implicit_send INFO client.py                 269   on_implicit_send          : Calling test cases on_implicit_send
2024-08-18 10:57:03,760 LT1-callback ClientCallback.on_implicit_send INFO client.py                 282   on_implicit_send          : 
    on_implicit_send returned response: WAIT
    END OnImplicitSend
    ********************
2024-08-18 10:57:04,414 LT1-thread root DEBUG testcase.py               671   run_wid                   : BAP BAP/UCL/SCC/BV-112-C on_implicit_send
2024-08-18 10:57:04,414 LT1-thread root DEBUG bap_wid.py                25    bap_wid_hdl               : bap_wid_hdl, 20100, Please initiate a GATT connection to the PTS.

Description: Verify that the Implementation Under Test (IUT) can initiate a GATT connect request to the PTS., BAP/UCL/SCC/BV-112-C
2024-08-18 10:57:04,414 LT1-thread root DEBUG gap.py                    561   gap_conn                  : gap_conn 'c007e81c28df' 0
2024-08-18 10:57:04,414 LT1-thread root DEBUG iutctl_common.py          106   send                      : send, 1 14 0 "bytearray(b'\\x00\\xdf(\\x1c\\xe8\\x07\\xc0\\x00')"
2024-08-18 10:57:04,414 LT1-thread root DEBUG iutctl_common.py          111   send                      : sending frame '010e00080000df281ce807c000'
2024-08-18 10:57:04,415 LT1-thread root DEBUG iutctl_common.py          230   read                      : read
2024-08-18 10:57:04,423 BTPWorkerThread-5131 (_rx_task) root DEBUG iutctl_common.py          76    read                      : Read 5 bytes
2024-08-18 10:57:04,423 BTPWorkerThread-5131 (_rx_task) root DEBUG iutctl_common.py          83    read                      : Received: hdr: Header(svc_id=1, op=14, ctrl_index=0, data_len=0) bytearray(b'\x01\x0e\x00\x00\x00')
2024-08-18 10:57:04,423 BTPWorkerThread-5131 (_rx_task) root DEBUG iutctl_common.py          99    read                      : Received data: {''}, bytearray(b'')
2024-08-18 10:57:04,489 BTPWorkerThread-5131 (_rx_task) root DEBUG iutctl_common.py          76    read                      : Read 5 bytes
2024-08-18 10:57:04,499 BTPWorkerThread-5131 (_rx_task) root DEBUG iutctl_common.py          83    read                      : Received: hdr: Header(svc_id=1, op=130, ctrl_index=0, data_len=13) bytearray(b'\x01\x82\x00\r\x00')
2024-08-18 10:57:04,520 BTPWorkerThread-5131 (_rx_task) root DEBUG iutctl_common.py          91    read                      : Read 13 bytes data
2024-08-18 10:57:04,530 BTPWorkerThread-5131 (_rx_task) root DEBUG iutctl_common.py          99    read                      : Received data: {'00 df 28 1c e8 07 c0 28 00 00 00 90 01'}, bytearray(b'\x00\xdf(\x1c\xe8\x07\xc0(\x00\x00\x00\x90\x01')
2024-08-18 10:57:04,540 BTPWorkerThread-5131 (_rx_task) root DEBUG btp.py                    814   event_handler             : event_handler Header(svc_id=1, op=130, ctrl_index=0, data_len=13) (b'\x00\xdf(\x1c\xe8\x07\xc0(\x00\x00\x00\x90\x01',)
2024-08-18 10:57:04,551 BTPWorkerThread-5131 (_rx_task) root DEBUG gap.py                    171   gap_connected_ev_         : gap_connected_ev_ b'\x00\xdf(\x1c\xe8\x07\xc0(\x00\x00\x00\x90\x01'
2024-08-18 10:57:06,291 BTPWorkerThread-5131 (_rx_task) root DEBUG iutctl_common.py          76    read                      : Read 5 bytes
2024-08-18 10:57:06,301 BTPWorkerThread-5131 (_rx_task) root DEBUG iutctl_common.py          83    read                      : Received: hdr: Header(svc_id=1, op=137, ctrl_index=0, data_len=8) bytearray(b'\x01\x89\x00\x08\x00')
2024-08-18 10:57:06,327 BTPWorkerThread-5131 (_rx_task) root DEBUG iutctl_common.py          91    read                      : Read 8 bytes data
2024-08-18 10:57:06,337 BTPWorkerThread-5131 (_rx_task) root DEBUG iutctl_common.py          99    read                      : Received data: {'00 df 28 1c e8 07 c0 02'}, bytearray(b'\x00\xdf(\x1c\xe8\x07\xc0\x02')
2024-08-18 10:57:06,348 BTPWorkerThread-5131 (_rx_task) root DEBUG btp.py                    814   event_handler             : event_handler Header(svc_id=1, op=137, ctrl_index=0, data_len=8) (b'\x00\xdf(\x1c\xe8\x07\xc0\x02',)
2024-08-18 10:57:06,358 BTPWorkerThread-5131 (_rx_task) root DEBUG gap.py                    256   gap_sec_level_changed_ev_ : gap_sec_level_changed_ev_
2024-08-18 10:57:06,368 BTPWorkerThread-5131 (_rx_task) root DEBUG gap.py                    258   gap_sec_level_changed_ev_ : received b'\x00\xdf(\x1c\xe8\x07\xc0\x02'
2024-08-18 10:57:06,378 BTPWorkerThread-5131 (_rx_task) root DEBUG gap.py                    269   gap_sec_level_changed_ev_ : received (0, 'c007e81c28df', 2)
2024-08-18 10:57:06,379 LT1-thread root DEBUG bap.py                    103   bap_discover              : bap_discover
2024-08-18 10:57:06,379 LT1-thread root DEBUG iutctl_common.py          106   send                      : send, 14 2 0 "bytearray(b'\\x00\\xdf(\\x1c\\xe8\\x07\\xc0')"
2024-08-18 10:57:06,379 LT1-thread root DEBUG iutctl_common.py          111   send                      : sending frame '0e0200070000df281ce807c0'
2024-08-18 10:57:06,379 LT1-thread root DEBUG bap.py                    81    bap_command_rsp_succ      : bap_command_rsp_succ
2024-08-18 10:57:06,379 LT1-thread root DEBUG iutctl_common.py          230   read                      : read
2024-08-18 10:57:06,392 BTPWorkerThread-5131 (_rx_task) root DEBUG iutctl_common.py          76    read                      : Read 5 bytes
2024-08-18 10:57:06,402 BTPWorkerThread-5131 (_rx_task) root DEBUG iutctl_common.py          83    read                      : Received: hdr: Header(svc_id=14, op=2, ctrl_index=0, data_len=0) bytearray(b'\x0e\x02\x00\x00\x00')
2024-08-18 10:57:06,412 BTPWorkerThread-5131 (_rx_task) root DEBUG iutctl_common.py          99    read                      : Received data: {''}, bytearray(b'')
2024-08-18 10:57:06,423 LT1-thread root DEBUG bap.py                    86    bap_command_rsp_succ      : received Header(svc_id=14, op=2, ctrl_index=0, data_len=0) (b'',)
2024-08-18 10:57:07,291 BTPWorkerThread-5131 (_rx_task) root DEBUG iutctl_common.py          76    read                      : Read 5 bytes
2024-08-18 10:57:07,301 BTPWorkerThread-5131 (_rx_task) root DEBUG iutctl_common.py          83    read                      : Received: hdr: Header(svc_id=14, op=129, ctrl_index=0, data_len=17) bytearray(b'\x0e\x81\x00\x11\x00')
2024-08-18 10:57:07,317 BTPWorkerThread-5131 (_rx_task) root DEBUG iutctl_common.py          91    read                      : Read 17 bytes data
2024-08-18 10:57:07,332 BTPWorkerThread-5131 (_rx_task) root DEBUG iutctl_common.py          99    read                      : Received data: {'00 df 28 1c e8 07 c0 02 06 04 00 02 28 00 28 00 01'}, bytearray(b'\x00\xdf(\x1c\xe8\x07\xc0\x02\x06\x04\x00\x02(\x00(\x00\x01')
2024-08-18 10:57:07,342 BTPWorkerThread-5131 (_rx_task) root DEBUG btp.py                    814   event_handler             : event_handler Header(svc_id=14, op=129, ctrl_index=0, data_len=17) (b'\x00\xdf(\x1c\xe8\x07\xc0\x02\x06\x04\x00\x02(\x00(\x00\x01',)
2024-08-18 10:57:07,353 BTPWorkerThread-5131 (_rx_task) root DEBUG bap.py                    452   bap_ev_codec_cap_found_   : bap_ev_codec_cap_found_ b'\x00\xdf(\x1c\xe8\x07\xc0\x02\x06\x04\x00\x02(\x00(\x00\x01'
2024-08-18 10:57:07,363 BTPWorkerThread-5131 (_rx_task) root DEBUG bap.py                    463   bap_ev_codec_cap_found_   : Found codec capabilities: addr c007e81c28df addr_type 0 pac_dir 2 coding 0x6 freq 0b100 duration 0b10 frame_len 0x280028 channel_counts 0b1
2024-08-18 10:57:09,390 BTPWorkerThread-5131 (_rx_task) root DEBUG iutctl_common.py          76    read                      : Read 5 bytes
2024-08-18 10:57:09,400 BTPWorkerThread-5131 (_rx_task) root DEBUG iutctl_common.py          83    read                      : Received: hdr: Header(svc_id=14, op=130, ctrl_index=0, data_len=9) bytearray(b'\x0e\x82\x00\t\x00')
2024-08-18 10:57:09,416 BTPWorkerThread-5131 (_rx_task) root DEBUG iutctl_common.py          91    read                      : Read 9 bytes data
2024-08-18 10:57:09,426 BTPWorkerThread-5131 (_rx_task) root DEBUG iutctl_common.py          99    read                      : Received data: {'00 df 28 1c e8 07 c0 02 0a'}, bytearray(b'\x00\xdf(\x1c\xe8\x07\xc0\x02\n')
2024-08-18 10:57:09,436 BTPWorkerThread-5131 (_rx_task) root DEBUG btp.py                    814   event_handler             : event_handler Header(svc_id=14, op=130, ctrl_index=0, data_len=9) (b'\x00\xdf(\x1c\xe8\x07\xc0\x02\n',)
2024-08-18 10:57:09,446 BTPWorkerThread-5131 (_rx_task) root DEBUG bap.py                    474   bap_ev_ase_found_         : bap_ev_ase_found_ b'\x00\xdf(\x1c\xe8\x07\xc0\x02\n'
2024-08-18 10:57:09,457 BTPWorkerThread-5131 (_rx_task) root DEBUG bap.py                    484   bap_ev_ase_found_         : Found ASE: addr c007e81c28df addr_type 0 dir 2 ID 10
2024-08-18 10:57:10,390 BTPWorkerThread-5131 (_rx_task) root DEBUG iutctl_common.py          76    read                      : Read 5 bytes
2024-08-18 10:57:10,400 BTPWorkerThread-5131 (_rx_task) root DEBUG iutctl_common.py          83    read                      : Received: hdr: Header(svc_id=14, op=128, ctrl_index=0, data_len=8) bytearray(b'\x0e\x80\x00\x08\x00')
2024-08-18 10:57:10,421 BTPWorkerThread-5131 (_rx_task) root DEBUG iutctl_common.py          91    read                      : Read 8 bytes data
2024-08-18 10:57:10,431 BTPWorkerThread-5131 (_rx_task) root DEBUG iutctl_common.py          99    read                      : Received data: {'00 df 28 1c e8 07 c0 00'}, bytearray(b'\x00\xdf(\x1c\xe8\x07\xc0\x00')
2024-08-18 10:57:10,441 BTPWorkerThread-5131 (_rx_task) root DEBUG btp.py                    814   event_handler             : event_handler Header(svc_id=14, op=128, ctrl_index=0, data_len=8) (b'\x00\xdf(\x1c\xe8\x07\xc0\x00',)
2024-08-18 10:57:10,452 BTPWorkerThread-5131 (_rx_task) root DEBUG bap.py                    435   bap_ev_discovery_completed_ : bap_ev_discovery_completed_ b'\x00\xdf(\x1c\xe8\x07\xc0\x00'
2024-08-18 10:57:10,462 BTPWorkerThread-5131 (_rx_task) root DEBUG bap.py                    445   bap_ev_discovery_completed_ : BAP Discovery completed: addr c007e81c28df addr_type 0 status 0
2024-08-18 10:57:10,472 LT1-thread root DEBUG testcase.py               707   run_wid                   : Sending response 'OK' to wid 20100 test case BAP/UCL/SCC/BV-112-C
2024-08-18 10:57:10,474 LT1-thread root DEBUG client.py                 309   get_result                : ClientCallback.get_result run_test_case
2024-08-18 10:57:10,489 LT1-callback ClientCallback.on_implicit_send INFO client.py                 256   on_implicit_send          : 
    ********************
    BEGIN OnImplicitSend:
    project_name: BAP
    wid: 20106
    test_case_name: BAP/UCL/SCC/BV-112-C
    description: Please write to Client Characteristic Configuration Descriptor of ASE Control Point characteristic to enable notification.
    style: MMI_Style_Ok_Cancel2 0x11141
2024-08-18 10:57:10,489 LT1-callback ClientCallback.on_implicit_send INFO client.py                 269   on_implicit_send          : Calling test cases on_implicit_send
2024-08-18 10:57:10,489 LT1-callback ClientCallback.on_implicit_send INFO client.py                 282   on_implicit_send          : 
    on_implicit_send returned response: WAIT
    END OnImplicitSend
    ********************
2024-08-18 10:57:11,474 LT1-thread root DEBUG testcase.py               671   run_wid                   : BAP BAP/UCL/SCC/BV-112-C on_implicit_send
2024-08-18 10:57:11,474 LT1-thread root DEBUG bap_wid.py                25    bap_wid_hdl               : bap_wid_hdl, 20106, Please write to Client Characteristic Configuration Descriptor of ASE Control Point characteristic to enable notification., BAP/UCL/SCC/BV-112-C
2024-08-18 10:57:11,474 LT1-thread root DEBUG testcase.py               707   run_wid                   : Sending response 'OK' to wid 20106 test case BAP/UCL/SCC/BV-112-C
2024-08-18 10:57:11,476 LT1-thread root DEBUG client.py                 309   get_result                : ClientCallback.get_result run_test_case
2024-08-18 10:57:11,478 LT1-callback ClientCallback.on_implicit_send INFO client.py                 256   on_implicit_send          : 
    ********************
    BEGIN OnImplicitSend:
    project_name: BAP
    wid: 20106
    test_case_name: BAP/UCL/SCC/BV-112-C
    description: Please write to Client Characteristic Configuration Descriptor of ASE Control Point characteristic to enable notification.
    style: MMI_Style_Ok_Cancel2 0x11141
2024-08-18 10:57:11,478 LT1-callback ClientCallback.on_implicit_send INFO client.py                 269   on_implicit_send          : Calling test cases on_implicit_send
2024-08-18 10:57:11,478 LT1-callback ClientCallback.on_implicit_send INFO client.py                 282   on_implicit_send          : 
    on_implicit_send returned response: WAIT
    END OnImplicitSend
    ********************
2024-08-18 10:57:12,476 LT1-thread root DEBUG testcase.py               671   run_wid                   : BAP BAP/UCL/SCC/BV-112-C on_implicit_send
2024-08-18 10:57:12,476 LT1-thread root DEBUG bap_wid.py                25    bap_wid_hdl               : bap_wid_hdl, 20106, Please write to Client Characteristic Configuration Descriptor of ASE Control Point characteristic to enable notification., BAP/UCL/SCC/BV-112-C
2024-08-18 10:57:12,477 LT1-thread root DEBUG testcase.py               707   run_wid                   : Sending response 'OK' to wid 20106 test case BAP/UCL/SCC/BV-112-C
2024-08-18 10:57:12,478 LT1-thread root DEBUG client.py                 309   get_result                : ClientCallback.get_result run_test_case
2024-08-18 10:57:12,480 LT1-callback ClientCallback.on_implicit_send INFO client.py                 256   on_implicit_send          : 
    ********************
    BEGIN OnImplicitSend:
    project_name: BAP
    wid: 20106
    test_case_name: BAP/UCL/SCC/BV-112-C
    description: Please write to Client Characteristic Configuration Descriptor of ASE Control Point characteristic to enable notification.
    style: MMI_Style_Ok_Cancel2 0x11141
2024-08-18 10:57:12,480 LT1-callback ClientCallback.on_implicit_send INFO client.py                 269   on_implicit_send          : Calling test cases on_implicit_send
2024-08-18 10:57:12,480 LT1-callback ClientCallback.on_implicit_send INFO client.py                 282   on_implicit_send          : 
    on_implicit_send returned response: WAIT
    END OnImplicitSend
    ********************
2024-08-18 10:57:13,479 LT1-thread root DEBUG testcase.py               671   run_wid                   : BAP BAP/UCL/SCC/BV-112-C on_implicit_send
2024-08-18 10:57:13,479 LT1-thread root DEBUG bap_wid.py                25    bap_wid_hdl               : bap_wid_hdl, 20106, Please write to Client Characteristic Configuration Descriptor of ASE Control Point characteristic to enable notification., BAP/UCL/SCC/BV-112-C
2024-08-18 10:57:13,479 LT1-thread root DEBUG testcase.py               707   run_wid                   : Sending response 'OK' to wid 20106 test case BAP/UCL/SCC/BV-112-C
2024-08-18 10:57:13,481 LT1-thread root DEBUG client.py                 309   get_result                : ClientCallback.get_result run_test_case
2024-08-18 10:57:13,482 LT1-callback ClientCallback.on_implicit_send INFO client.py                 256   on_implicit_send          : 
    ********************
    BEGIN OnImplicitSend:
    project_name: BAP
    wid: 20106
    test_case_name: BAP/UCL/SCC/BV-112-C
    description: Please write to Client Characteristic Configuration Descriptor of ASE Control Point characteristic to enable notification.
    style: MMI_Style_Ok_Cancel2 0x11141
2024-08-18 10:57:13,482 LT1-callback ClientCallback.on_implicit_send INFO client.py                 269   on_implicit_send          : Calling test cases on_implicit_send
2024-08-18 10:57:13,482 LT1-callback ClientCallback.on_implicit_send INFO client.py                 282   on_implicit_send          : 
    on_implicit_send returned response: WAIT
    END OnImplicitSend
    ********************
2024-08-18 10:57:14,481 LT1-thread root DEBUG testcase.py               671   run_wid                   : BAP BAP/UCL/SCC/BV-112-C on_implicit_send
2024-08-18 10:57:14,481 LT1-thread root DEBUG bap_wid.py                25    bap_wid_hdl               : bap_wid_hdl, 20106, Please write to Client Characteristic Configuration Descriptor of ASE Control Point characteristic to enable notification., BAP/UCL/SCC/BV-112-C
2024-08-18 10:57:14,481 LT1-thread root DEBUG testcase.py               707   run_wid                   : Sending response 'OK' to wid 20106 test case BAP/UCL/SCC/BV-112-C
2024-08-18 10:57:17,453 LT1-thread root DEBUG client.py                 309   get_result                : ClientCallback.get_result run_test_case
2024-08-18 10:57:17,854 LT1-callback ClientCallback.on_implicit_send INFO client.py                 256   on_implicit_send          : 
    ********************
    BEGIN OnImplicitSend:
    project_name: BAP
    wid: 306
    test_case_name: BAP/UCL/SCC/BV-112-C
    description: Please configure ASE state to Streaming for SOURCE ASE, Freq: 16KHz and Frame Duration: 10ms
    style: MMI_Style_Ok 0x11040
2024-08-18 10:57:17,854 LT1-callback ClientCallback.on_implicit_send INFO client.py                 269   on_implicit_send          : Calling test cases on_implicit_send
2024-08-18 10:57:17,854 LT1-callback ClientCallback.on_implicit_send INFO client.py                 282   on_implicit_send          : 
    on_implicit_send returned response: WAIT
    END OnImplicitSend
    ********************
2024-08-18 10:57:18,453 LT1-thread root DEBUG testcase.py               671   run_wid                   : BAP BAP/UCL/SCC/BV-112-C on_implicit_send
2024-08-18 10:57:18,454 LT1-thread root DEBUG bap_wid.py                25    bap_wid_hdl               : bap_wid_hdl, 306, Please configure ASE state to Streaming for SOURCE ASE, Freq: 16KHz and Frame Duration: 10ms, BAP/UCL/SCC/BV-112-C
2024-08-18 10:57:18,454 LT1-thread root DEBUG ascs.py                   77    ascs_config_codec         : ascs_config_codec
2024-08-18 10:57:18,454 LT1-thread root DEBUG iutctl_common.py          106   send                      : send, 13 2 0 "bytearray(b'\\x00\\xdf(\\x1c\\xe8\\x07\\xc0\\n\\x06\\x00\\x00\\x00\\x00\\x13\\x02\\x01\\x03\\x02\\x02\\x01\\x05\\x03\\x01\\x00\\x00\\x00\\x03\\x04(\\x00\\x02\\x05\\x01')"
2024-08-18 10:57:18,454 LT1-thread root DEBUG iutctl_common.py          111   send                      : sending frame '0d0200210000df281ce807c00a06000000001302010302020105030100000003042800020501'
2024-08-18 10:57:18,454 LT1-thread root DEBUG ascs.py                   54    ascs_command_rsp_succ     : ascs_command_rsp_succ
2024-08-18 10:57:18,455 LT1-thread root DEBUG iutctl_common.py          230   read                      : read
2024-08-18 10:57:18,470 BTPWorkerThread-5131 (_rx_task) root DEBUG iutctl_common.py          76    read                      : Read 5 bytes
2024-08-18 10:57:18,470 BTPWorkerThread-5131 (_rx_task) root DEBUG iutctl_common.py          83    read                      : Received: hdr: Header(svc_id=13, op=2, ctrl_index=0, data_len=0) bytearray(b'\r\x02\x00\x00\x00')
2024-08-18 10:57:18,480 BTPWorkerThread-5131 (_rx_task) root DEBUG iutctl_common.py          99    read                      : Received data: {''}, bytearray(b'')
2024-08-18 10:57:18,490 LT1-thread root DEBUG ascs.py                   59    ascs_command_rsp_succ     : received Header(svc_id=13, op=2, ctrl_index=0, data_len=0) (b'',)
2024-08-18 10:57:34,441 BTPWorkerThread-5131 (_rx_task) root DEBUG iutctl_common.py          76    read                      : Read 5 bytes
2024-08-18 10:57:34,451 BTPWorkerThread-5131 (_rx_task) root DEBUG iutctl_common.py          83    read                      : Received: hdr: Header(svc_id=13, op=128, ctrl_index=0, data_len=11) bytearray(b'\r\x80\x00\x0b\x00')
2024-08-18 10:57:34,472 BTPWorkerThread-5131 (_rx_task) root DEBUG iutctl_common.py          91    read                      : Read 11 bytes data
2024-08-18 10:57:34,477 BTPWorkerThread-5131 (_rx_task) root DEBUG iutctl_common.py          99    read                      : Received data: {'00 df 28 1c e8 07 c0 0a 01 00 00'}, bytearray(b'\x00\xdf(\x1c\xe8\x07\xc0\n\x01\x00\x00')
2024-08-18 10:57:34,483 BTPWorkerThread-5131 (_rx_task) root DEBUG btp.py                    814   event_handler             : event_handler Header(svc_id=13, op=128, ctrl_index=0, data_len=11) (b'\x00\xdf(\x1c\xe8\x07\xc0\n\x01\x00\x00',)
2024-08-18 10:57:34,493 BTPWorkerThread-5131 (_rx_task) root DEBUG ascs.py                   216   ascs_ev_operation_completed_ : ascs_ev_operation_completed_ b'\x00\xdf(\x1c\xe8\x07\xc0\n\x01\x00\x00'
2024-08-18 10:57:34,498 BTPWorkerThread-5131 (_rx_task) root DEBUG ascs.py                   228   ascs_ev_operation_completed_ : ASE operation completed event: addr c007e81c28df addr_type 0 ase_id 10 opcode 1 status 0 flags 0
2024-08-18 10:57:34,508 LT1-thread root DEBUG ascs.py                   98    ascs_add_ase_to_cis       : ascs_add_ase_to_cis
2024-08-18 10:57:34,509 LT1-thread root DEBUG iutctl_common.py          106   send                      : send, 13 10 0 "bytearray(b'\\x00\\xdf(\\x1c\\xe8\\x07\\xc0\\n\\x00\\x00')"
2024-08-18 10:57:34,509 LT1-thread root DEBUG iutctl_common.py          111   send                      : sending frame '0d0a000a0000df281ce807c00a0000'
2024-08-18 10:57:34,509 LT1-thread root DEBUG ascs.py                   54    ascs_command_rsp_succ     : ascs_command_rsp_succ
2024-08-18 10:57:34,509 LT1-thread root DEBUG iutctl_common.py          230   read                      : read
2024-08-18 10:57:34,522 BTPWorkerThread-5131 (_rx_task) root DEBUG iutctl_common.py          76    read                      : Read 5 bytes
2024-08-18 10:57:34,532 BTPWorkerThread-5131 (_rx_task) root DEBUG iutctl_common.py          83    read                      : Received: hdr: Header(svc_id=13, op=10, ctrl_index=0, data_len=0) bytearray(b'\r\n\x00\x00\x00')
2024-08-18 10:57:34,543 BTPWorkerThread-5131 (_rx_task) root DEBUG iutctl_common.py          99    read                      : Received data: {''}, bytearray(b'')
2024-08-18 10:57:34,553 LT1-thread root DEBUG ascs.py                   59    ascs_command_rsp_succ     : received Header(svc_id=13, op=10, ctrl_index=0, data_len=0) (b'',)
2024-08-18 10:57:34,553 LT1-thread root DEBUG ascs.py                   197   ascs_preconfig_qos        : ascs_config_qos
2024-08-18 10:57:34,553 LT1-thread root DEBUG iutctl_common.py          106   send                      : send, 13 11 0 "bytearray(b'\\x00\\x00L\\x1d\\x00\\x00\\x1e\\x00\\x02\\x08\\x00@\\x9c\\x00')"
2024-08-18 10:57:34,553 LT1-thread root DEBUG iutctl_common.py          111   send                      : sending frame '0d0b000e0000004c1d00001e00020800409c00'
2024-08-18 10:57:34,553 LT1-thread root DEBUG ascs.py                   54    ascs_command_rsp_succ     : ascs_command_rsp_succ
2024-08-18 10:57:34,553 LT1-thread root DEBUG iutctl_common.py          230   read                      : read
2024-08-18 10:57:34,566 BTPWorkerThread-5131 (_rx_task) root DEBUG iutctl_common.py          76    read                      : Read 5 bytes
2024-08-18 10:57:34,576 BTPWorkerThread-5131 (_rx_task) root DEBUG iutctl_common.py          83    read                      : Received: hdr: Header(svc_id=13, op=11, ctrl_index=0, data_len=0) bytearray(b'\r\x0b\x00\x00\x00')
2024-08-18 10:57:34,586 BTPWorkerThread-5131 (_rx_task) root DEBUG iutctl_common.py          99    read                      : Received data: {''}, bytearray(b'')
2024-08-18 10:57:34,597 LT1-thread root DEBUG ascs.py                   59    ascs_command_rsp_succ     : received Header(svc_id=13, op=11, ctrl_index=0, data_len=0) (b'',)
2024-08-18 10:57:34,597 LT1-thread root DEBUG ascs.py                   115   ascs_config_qos           : ascs_config_qos
2024-08-18 10:57:34,597 LT1-thread root DEBUG iutctl_common.py          106   send                      : send, 13 3 0 "bytearray(b'\\x00\\xdf(\\x1c\\xe8\\x07\\xc0\\n\\x00\\x00L\\x1d\\x00\\x00\\x1e\\x00\\x02\\x08\\x00@\\x9c\\x00')"
2024-08-18 10:57:34,597 LT1-thread root DEBUG iutctl_common.py          111   send                      : sending frame '0d0300160000df281ce807c00a00004c1d00001e00020800409c00'
2024-08-18 10:57:34,597 LT1-thread root DEBUG ascs.py                   54    ascs_command_rsp_succ     : ascs_command_rsp_succ
2024-08-18 10:57:34,597 LT1-thread root DEBUG iutctl_common.py          230   read                      : read
2024-08-18 10:57:34,612 BTPWorkerThread-5131 (_rx_task) root DEBUG iutctl_common.py          76    read                      : Read 5 bytes
2024-08-18 10:57:34,622 BTPWorkerThread-5131 (_rx_task) root DEBUG iutctl_common.py          83    read                      : Received: hdr: Header(svc_id=13, op=3, ctrl_index=0, data_len=0) bytearray(b'\r\x03\x00\x00\x00')
2024-08-18 10:57:34,632 BTPWorkerThread-5131 (_rx_task) root DEBUG iutctl_common.py          99    read                      : Received data: {''}, bytearray(b'')
2024-08-18 10:57:34,643 LT1-thread root DEBUG ascs.py                   59    ascs_command_rsp_succ     : received Header(svc_id=13, op=3, ctrl_index=0, data_len=0) (b'',)
2024-08-18 10:57:34,790 BTPWorkerThread-5131 (_rx_task) root DEBUG iutctl_common.py          76    read                      : Read 5 bytes
2024-08-18 10:57:34,800 BTPWorkerThread-5131 (_rx_task) root DEBUG iutctl_common.py          83    read                      : Received: hdr: Header(svc_id=13, op=128, ctrl_index=0, data_len=11) bytearray(b'\r\x80\x00\x0b\x00')
2024-08-18 10:57:34,821 BTPWorkerThread-5131 (_rx_task) root DEBUG iutctl_common.py          91    read                      : Read 11 bytes data
2024-08-18 10:57:34,831 BTPWorkerThread-5131 (_rx_task) root DEBUG iutctl_common.py          99    read                      : Received data: {'00 df 28 1c e8 07 c0 0a 02 00 00'}, bytearray(b'\x00\xdf(\x1c\xe8\x07\xc0\n\x02\x00\x00')
2024-08-18 10:57:34,841 BTPWorkerThread-5131 (_rx_task) root DEBUG btp.py                    814   event_handler             : event_handler Header(svc_id=13, op=128, ctrl_index=0, data_len=11) (b'\x00\xdf(\x1c\xe8\x07\xc0\n\x02\x00\x00',)
2024-08-18 10:57:34,852 BTPWorkerThread-5131 (_rx_task) root DEBUG ascs.py                   216   ascs_ev_operation_completed_ : ascs_ev_operation_completed_ b'\x00\xdf(\x1c\xe8\x07\xc0\n\x02\x00\x00'
2024-08-18 10:57:34,862 BTPWorkerThread-5131 (_rx_task) root DEBUG ascs.py                   228   ascs_ev_operation_completed_ : ASE operation completed event: addr c007e81c28df addr_type 0 ase_id 10 opcode 2 status 0 flags 0
2024-08-18 10:57:34,872 LT1-thread root DEBUG ascs.py                   135   ascs_enable               : ascs_enable
2024-08-18 10:57:34,872 LT1-thread root DEBUG iutctl_common.py          106   send                      : send, 13 4 0 "bytearray(b'\\x00\\xdf(\\x1c\\xe8\\x07\\xc0\\n')"
2024-08-18 10:57:34,872 LT1-thread root DEBUG iutctl_common.py          111   send                      : sending frame '0d0400080000df281ce807c00a'
2024-08-18 10:57:34,873 LT1-thread root DEBUG iutctl_common.py          230   read                      : read
2024-08-18 10:57:34,885 BTPWorkerThread-5131 (_rx_task) root DEBUG iutctl_common.py          76    read                      : Read 5 bytes
2024-08-18 10:57:34,895 BTPWorkerThread-5131 (_rx_task) root DEBUG iutctl_common.py          83    read                      : Received: hdr: Header(svc_id=13, op=4, ctrl_index=0, data_len=0) bytearray(b'\r\x04\x00\x00\x00')
2024-08-18 10:57:34,906 BTPWorkerThread-5131 (_rx_task) root DEBUG iutctl_common.py          99    read                      : Received data: {''}, bytearray(b'')
2024-08-18 10:57:35,040 BTPWorkerThread-5131 (_rx_task) root DEBUG iutctl_common.py          76    read                      : Read 5 bytes
2024-08-18 10:57:35,050 BTPWorkerThread-5131 (_rx_task) root DEBUG iutctl_common.py          83    read                      : Received: hdr: Header(svc_id=13, op=128, ctrl_index=0, data_len=11) bytearray(b'\r\x80\x00\x0b\x00')
2024-08-18 10:57:35,066 BTPWorkerThread-5131 (_rx_task) root DEBUG iutctl_common.py          91    read                      : Read 11 bytes data
2024-08-18 10:57:35,076 BTPWorkerThread-5131 (_rx_task) root DEBUG iutctl_common.py          99    read                      : Received data: {'00 df 28 1c e8 07 c0 0a 03 00 00'}, bytearray(b'\x00\xdf(\x1c\xe8\x07\xc0\n\x03\x00\x00')
2024-08-18 10:57:35,092 BTPWorkerThread-5131 (_rx_task) root DEBUG btp.py                    814   event_handler             : event_handler Header(svc_id=13, op=128, ctrl_index=0, data_len=11) (b'\x00\xdf(\x1c\xe8\x07\xc0\n\x03\x00\x00',)
2024-08-18 10:57:35,102 BTPWorkerThread-5131 (_rx_task) root DEBUG ascs.py                   216   ascs_ev_operation_completed_ : ascs_ev_operation_completed_ b'\x00\xdf(\x1c\xe8\x07\xc0\n\x03\x00\x00'
2024-08-18 10:57:35,112 BTPWorkerThread-5131 (_rx_task) root DEBUG ascs.py                   228   ascs_ev_operation_completed_ : ASE operation completed event: addr c007e81c28df addr_type 0 ase_id 10 opcode 3 status 0 flags 0
2024-08-18 10:57:35,123 LT1-thread root DEBUG ascs.py                   145   ascs_receiver_start_ready : ascs_receiver_start_ready
2024-08-18 10:57:35,123 LT1-thread root DEBUG iutctl_common.py          106   send                      : send, 13 5 0 "bytearray(b'\\x00\\xdf(\\x1c\\xe8\\x07\\xc0\\n')"
2024-08-18 10:57:35,123 LT1-thread root DEBUG iutctl_common.py          111   send                      : sending frame '0d0500080000df281ce807c00a'
2024-08-18 10:57:35,123 LT1-thread root DEBUG iutctl_common.py          230   read                      : read
2024-08-18 10:57:35,136 BTPWorkerThread-5131 (_rx_task) root DEBUG iutctl_common.py          76    read                      : Read 5 bytes
2024-08-18 10:57:35,146 BTPWorkerThread-5131 (_rx_task) root DEBUG iutctl_common.py          83    read                      : Received: hdr: Header(svc_id=13, op=5, ctrl_index=0, data_len=0) bytearray(b'\r\x05\x00\x00\x00')
2024-08-18 10:57:35,156 BTPWorkerThread-5131 (_rx_task) root DEBUG iutctl_common.py          99    read                      : Received data: {''}, bytearray(b'')
2024-08-18 10:57:35,440 BTPWorkerThread-5131 (_rx_task) root DEBUG iutctl_common.py          76    read                      : Read 5 bytes
2024-08-18 10:57:35,450 BTPWorkerThread-5131 (_rx_task) root DEBUG iutctl_common.py          83    read                      : Received: hdr: Header(svc_id=13, op=128, ctrl_index=0, data_len=11) bytearray(b'\r\x80\x00\x0b\x00')
2024-08-18 10:57:35,476 BTPWorkerThread-5131 (_rx_task) root DEBUG iutctl_common.py          91    read                      : Read 11 bytes data
2024-08-18 10:57:35,486 BTPWorkerThread-5131 (_rx_task) root DEBUG iutctl_common.py          99    read                      : Received data: {'00 df 28 1c e8 07 c0 0a 04 00 00'}, bytearray(b'\x00\xdf(\x1c\xe8\x07\xc0\n\x04\x00\x00')
2024-08-18 10:57:35,497 BTPWorkerThread-5131 (_rx_task) root DEBUG btp.py                    814   event_handler             : event_handler Header(svc_id=13, op=128, ctrl_index=0, data_len=11) (b'\x00\xdf(\x1c\xe8\x07\xc0\n\x04\x00\x00',)
2024-08-18 10:57:35,507 BTPWorkerThread-5131 (_rx_task) root DEBUG ascs.py                   216   ascs_ev_operation_completed_ : ascs_ev_operation_completed_ b'\x00\xdf(\x1c\xe8\x07\xc0\n\x04\x00\x00'
2024-08-18 10:57:35,518 BTPWorkerThread-5131 (_rx_task) root DEBUG ascs.py                   228   ascs_ev_operation_completed_ : ASE operation completed event: addr c007e81c28df addr_type 0 ase_id 10 opcode 4 status 0 flags 0
2024-08-18 10:57:35,528 LT1-thread root DEBUG testcase.py               707   run_wid                   : Sending response 'Ok' to wid 306 test case BAP/UCL/SCC/BV-112-C
2024-08-18 10:57:35,530 LT1-thread root DEBUG client.py                 309   get_result                : ClientCallback.get_result run_test_case
2024-08-18 10:57:35,580 BTPWorkerThread-5131 (_rx_task) root DEBUG iutctl_common.py          76    read                      : Read 5 bytes
2024-08-18 10:57:35,580 BTPWorkerThread-5131 (_rx_task) root DEBUG iutctl_common.py          83    read                      : Received: hdr: Header(svc_id=13, op=130, ctrl_index=0, data_len=9) bytearray(b'\r\x82\x00\t\x00')
2024-08-18 10:57:35,580 BTPWorkerThread-5131 (_rx_task) root DEBUG iutctl_common.py          91    read                      : Read 1 bytes data
2024-08-18 10:57:35,581 BTPWorkerThread-5131 (_rx_task) root DEBUG iutctl_common.py          91    read                      : Read 8 bytes data
2024-08-18 10:57:35,581 BTPWorkerThread-5131 (_rx_task) root DEBUG iutctl_common.py          99    read                      : Received data: {'00 df 28 1c e8 07 c0 0a 04'}, bytearray(b'\x00\xdf(\x1c\xe8\x07\xc0\n\x04')
2024-08-18 10:57:35,581 BTPWorkerThread-5131 (_rx_task) root DEBUG btp.py                    814   event_handler             : event_handler Header(svc_id=13, op=130, ctrl_index=0, data_len=9) (b'\x00\xdf(\x1c\xe8\x07\xc0\n\x04',)
2024-08-18 10:57:35,581 BTPWorkerThread-5131 (_rx_task) root DEBUG ascs.py                   255   ascs_ev_ase_state_changed_ : ascs_ev_ase_state_changed_ b'\x00\xdf(\x1c\xe8\x07\xc0\n\x04'
2024-08-18 10:57:35,581 BTPWorkerThread-5131 (_rx_task) root DEBUG ascs.py                   266   ascs_ev_ase_state_changed_ : ASE state: ase_id 10, state 4
2024-08-18 10:57:35,582 BTPWorkerThread-5131 (_rx_task) root DEBUG iutctl_common.py          76    read                      : Read 5 bytes
2024-08-18 10:57:35,582 BTPWorkerThread-5131 (_rx_task) root DEBUG iutctl_common.py          83    read                      : Received: hdr: Header(svc_id=14, op=131, ctrl_index=0, data_len=9) bytearray(b'\x0e\x83\x00\t\x00')
2024-08-18 10:57:35,582 BTPWorkerThread-5131 (_rx_task) root DEBUG iutctl_common.py          91    read                      : Read 6 bytes data
2024-08-18 10:57:35,583 BTPWorkerThread-5131 (_rx_task) root DEBUG iutctl_common.py          91    read                      : Read 3 bytes data
2024-08-18 10:57:35,583 BTPWorkerThread-5131 (_rx_task) root DEBUG iutctl_common.py          99    read                      : Received data: {'00 df 28 1c e8 07 c0 0a 00'}, bytearray(b'\x00\xdf(\x1c\xe8\x07\xc0\n\x00')
2024-08-18 10:57:35,583 BTPWorkerThread-5131 (_rx_task) root DEBUG btp.py                    814   event_handler             : event_handler Header(svc_id=14, op=131, ctrl_index=0, data_len=9) (b'\x00\xdf(\x1c\xe8\x07\xc0\n\x00',)
2024-08-18 10:57:35,583 BTPWorkerThread-5131 (_rx_task) root DEBUG bap.py                    491   bap_ev_stream_received_   : bap_ev_stream_received_ b'\x00\xdf(\x1c\xe8\x07\xc0\n\x00'
2024-08-18 10:57:35,583 BTPWorkerThread-5131 (_rx_task) root DEBUG bap.py                    503   bap_ev_stream_received_   : Stream received: addr c007e81c28df addr_type 0 ID 10 data b''
2024-08-18 10:57:35,642 LT1-callback ClientCallback.on_implicit_send INFO client.py                 256   on_implicit_send          : 
    ********************
    BEGIN OnImplicitSend:
    project_name: BAP
    wid: 309
    test_case_name: BAP/UCL/SCC/BV-112-C
    description: Please configure ASE state to Releasing state.
    style: MMI_Style_Ok 0x11040
2024-08-18 10:57:35,642 LT1-callback ClientCallback.on_implicit_send INFO client.py                 269   on_implicit_send          : Calling test cases on_implicit_send
2024-08-18 10:57:35,642 LT1-callback ClientCallback.on_implicit_send INFO client.py                 282   on_implicit_send          : 
    on_implicit_send returned response: WAIT
    END OnImplicitSend
    ********************
2024-08-18 10:57:36,530 LT1-thread root DEBUG testcase.py               671   run_wid                   : BAP BAP/UCL/SCC/BV-112-C on_implicit_send
2024-08-18 10:57:36,530 LT1-thread root DEBUG bap_wid.py                25    bap_wid_hdl               : bap_wid_hdl, 309, Please configure ASE state to Releasing state., BAP/UCL/SCC/BV-112-C
2024-08-18 10:57:36,530 LT1-thread root DEBUG ascs.py                   175   ascs_release              : ascs_release
2024-08-18 10:57:36,531 LT1-thread root DEBUG iutctl_common.py          106   send                      : send, 13 8 0 "bytearray(b'\\x00\\xdf(\\x1c\\xe8\\x07\\xc0\\n')"
2024-08-18 10:57:36,531 LT1-thread root DEBUG iutctl_common.py          111   send                      : sending frame '0d0800080000df281ce807c00a'
2024-08-18 10:57:36,531 LT1-thread root DEBUG iutctl_common.py          230   read                      : read
2024-08-18 10:57:36,543 BTPWorkerThread-5131 (_rx_task) root DEBUG iutctl_common.py          76    read                      : Read 5 bytes
2024-08-18 10:57:36,548 BTPWorkerThread-5131 (_rx_task) root DEBUG iutctl_common.py          83    read                      : Received: hdr: Header(svc_id=13, op=8, ctrl_index=0, data_len=0) bytearray(b'\r\x08\x00\x00\x00')
2024-08-18 10:57:36,548 BTPWorkerThread-5131 (_rx_task) root DEBUG iutctl_common.py          99    read                      : Received data: {''}, bytearray(b'')
2024-08-18 10:57:36,840 BTPWorkerThread-5131 (_rx_task) root DEBUG iutctl_common.py          76    read                      : Read 5 bytes
2024-08-18 10:57:36,850 BTPWorkerThread-5131 (_rx_task) root DEBUG iutctl_common.py          83    read                      : Received: hdr: Header(svc_id=13, op=128, ctrl_index=0, data_len=11) bytearray(b'\r\x80\x00\x0b\x00')
2024-08-18 10:57:36,866 BTPWorkerThread-5131 (_rx_task) root DEBUG iutctl_common.py          91    read                      : Read 11 bytes data
2024-08-18 10:57:36,876 BTPWorkerThread-5131 (_rx_task) root DEBUG iutctl_common.py          99    read                      : Received data: {'00 df 28 1c e8 07 c0 0a 06 00 00'}, bytearray(b'\x00\xdf(\x1c\xe8\x07\xc0\n\x06\x00\x00')
2024-08-18 10:57:36,886 BTPWorkerThread-5131 (_rx_task) root DEBUG btp.py                    814   event_handler             : event_handler Header(svc_id=13, op=128, ctrl_index=0, data_len=11) (b'\x00\xdf(\x1c\xe8\x07\xc0\n\x06\x00\x00',)
2024-08-18 10:57:36,897 BTPWorkerThread-5131 (_rx_task) root DEBUG ascs.py                   216   ascs_ev_operation_completed_ : ascs_ev_operation_completed_ b'\x00\xdf(\x1c\xe8\x07\xc0\n\x06\x00\x00'
2024-08-18 10:57:36,907 BTPWorkerThread-5131 (_rx_task) root DEBUG ascs.py                   228   ascs_ev_operation_completed_ : ASE operation completed event: addr c007e81c28df addr_type 0 ase_id 10 opcode 6 status 0 flags 0
2024-08-18 10:57:36,917 LT1-thread root DEBUG testcase.py               707   run_wid                   : Sending response 'Ok' to wid 309 test case BAP/UCL/SCC/BV-112-C
2024-08-18 10:57:36,919 LT1-thread root DEBUG client.py                 309   get_result                : ClientCallback.get_result run_test_case
2024-08-18 10:57:38,431 BTPWorkerThread-5131 (_rx_task) root DEBUG iutctl_common.py          76    read                      : Read 5 bytes
2024-08-18 10:57:38,431 BTPWorkerThread-5131 (_rx_task) root DEBUG iutctl_common.py          83    read                      : Received: hdr: Header(svc_id=1, op=131, ctrl_index=0, data_len=7) bytearray(b'\x01\x83\x00\x07\x00')
2024-08-18 10:57:38,431 BTPWorkerThread-5131 (_rx_task) root DEBUG iutctl_common.py          91    read                      : Read 7 bytes data
2024-08-18 10:57:38,431 BTPWorkerThread-5131 (_rx_task) root DEBUG iutctl_common.py          99    read                      : Received data: {'00 df 28 1c e8 07 c0'}, bytearray(b'\x00\xdf(\x1c\xe8\x07\xc0')
2024-08-18 10:57:38,431 BTPWorkerThread-5131 (_rx_task) root DEBUG btp.py                    814   event_handler             : event_handler Header(svc_id=1, op=131, ctrl_index=0, data_len=7) (b'\x00\xdf(\x1c\xe8\x07\xc0',)
2024-08-18 10:57:38,431 BTPWorkerThread-5131 (_rx_task) root DEBUG gap.py                    184   gap_disconnected_ev_      : gap_disconnected_ev_ b'\x00\xdf(\x1c\xe8\x07\xc0'
2024-08-18 10:57:40,979 LT1-callback ClientCallback.log INFO client.py                 232   log                       : PTS_LOGTYPE_START_TEST Start Test Case 

+63 ms
 BAP/UCL/SCC/BV-112-C BAP/UCL/SCC/BV-112-C

2024-08-18 10:57:42,758 LT1-callback ClientCallback.log INFO client.py                 232   log                       : PTS_LOGTYPE_FINAL_VERDICT Final Verdict 

+41797 ms
 BAP/UCL/SCC/BV-112-C PASS

2024-08-18 10:57:42,761 LT1-callback ClientCallback.log INFO client.py                 232   log                       : PTS_LOGTYPE_FINAL_VERDICT Encrypted Verdict 

+41797 ms
 BAP/UCL/SCC/BV-112-C A1#ZWY4MzQ5MDg3MmQwNTIxOGQzMzQ5YjY2ODA5M2MzNjQ5ZDY4NmY0Yjc2MzIzM2VkNTUyNTFhNGU4Mjg1MjI0NA==#IHdBRKB13w5q/Macx/HNrkENH1uKMZilklYKWC4vRRG5fOgbJijAE0dlyuY+cF1l

2024-08-18 10:57:43,263 LT1-callback ClientCallback.log INFO client.py                 232   log                       : PTS_LOGTYPE_END_TEST Test Case Ended 

+41797 ms
 BAP/UCL/SCC/BV-112-C BAP/UCL/SCC/BV-112-C

2024-08-18 10:57:43,380 LT1-callback root DEBUG client.py                 294   set_result                : ClientCallback, set_result, run_test_case, PASS
2024-08-18 10:57:43,381 LT1-thread root DEBUG client.py                 1027  _run_test_case            : After run_test_case error_code=0 status='PASS'
2024-08-18 10:57:43,381 LT1-thread root DEBUG testcase.py               752   post_run                  : post_run BAP BAP/UCL/SCC/BV-112-C 0
2024-08-18 10:57:43,381 LT1-thread root DEBUG testcase.py               253   start                     : Starting test function: class=<class 'autopts.ptsprojects.testcase.TestFuncCleanUp'>, func=<bound method Stack.cleanup of <autopts.ptsprojects.stack.stack.Stack object at 0x7f813a93f0a0>> start_wid=None stop_wid=None post_wid=None skip_call=None call_count=1 args=() kwds={}
2024-08-18 10:57:43,381 LT1-thread root DEBUG testcase.py               265   start                     : Test function parameters: args=(), kwds={}
2024-08-18 10:57:43,381 LT1-thread root DEBUG testcase.py               253   start                     : Starting test function: class=<class 'autopts.ptsprojects.testcase.TestFuncCleanUp'>, func=<bound method ZephyrCtl.stop of <autopts.ptsprojects.zephyr.iutctl.ZephyrCtl object at 0x7f813a93d3f0>> start_wid=None stop_wid=None post_wid=None skip_call=None call_count=1 args=() kwds={}
2024-08-18 10:57:43,381 LT1-thread root DEBUG testcase.py               265   start                     : Test function parameters: args=(), kwds={}
2024-08-18 10:57:43,381 LT1-thread root DEBUG iutctl.py                 248   stop                      : <class 'autopts.ptsprojects.zephyr.iutctl.ZephyrCtl'>.stop
2024-08-18 10:57:43,381 LT1-thread root DEBUG __init__.py               49    reset                     : About to reset DUT: nrfjprog -r -s 1050060770
2024-08-18 10:57:45,544 BTPWorkerThread-5131 (_rx_task) root DEBUG iutctl_common.py          76    read                      : Read 5 bytes
2024-08-18 10:57:45,549 BTPWorkerThread-5131 (_rx_task) root DEBUG iutctl_common.py          83    read                      : Received: hdr: Header(svc_id=0, op=128, ctrl_index=255, data_len=0) bytearray(b'\x00\x80\xff\x00\x00')
2024-08-18 10:57:45,559 BTPWorkerThread-5131 (_rx_task) root DEBUG iutctl_common.py          99    read                      : Received data: {''}, bytearray(b'')
2024-08-18 10:57:45,570 BTPWorkerThread-5131 (_rx_task) root DEBUG btp.py                    814   event_handler             : event_handler Header(svc_id=0, op=128, ctrl_index=255, data_len=0) (b'',)
2024-08-18 10:57:45,580 BTPWorkerThread-5131 (_rx_task) root DEBUG core.py                   28    core_iut_ready_ev         : core_iut_ready_ev
2024-08-18 10:57:45,590 LT1-thread root DEBUG iutctl.py                 266   stop                      : IUT ready event received OK
2024-08-18 10:57:45,590 LT1-thread root DEBUG iutctl_common.py          307   close                     : Waiting for _rx_worker to finish ...
2024-08-18 10:57:46,591 LT1-thread root DEBUG iutctl_common.py          307   close                     : Waiting for _rx_worker to finish ...
2024-08-18 10:57:46,591 BTPWorkerThread-5131 (_rx_task) root DEBUG iutctl_common.py          223   _rx_task                  : BTPWorkerThread-5131 (_rx_task) finishing...
2024-08-18 10:57:49,629 LT1-thread root DEBUG testcase.py               781   post_run                  : post_run, cleanup running post test case script
2024-08-18 10:57:49,630 LT1-thread root DEBUG testcase.py               791   post_run                  : post_run, run post test case script
2024-08-18 10:57:49,651 LT1-thread root DEBUG client.py                 1057  _run_test_case            : Done TestCase _run_test_case BAP BAP/UCL/SCC/BV-112-C
