> 2023/09/23 03:05:06.472644  length=6 from=0 to=5
 00 03 ff 01 00 01                                ......
--
< 2023/09/23 03:05:06.482721  length=5 from=0 to=4
 00 03 ff 00 00                                   .....
--
> 2023/09/23 03:05:06.574937  length=6 from=6 to=11
 00 03 ff 01 00 02                                ......
--
< 2023/09/23 03:05:06.591094  length=5 from=5 to=9
 00 03 ff 00 00                                   .....
--
> 2023/09/23 03:05:06.670925  length=6 from=12 to=17
 00 03 ff 01 00 04                                ......
--
< 2023/09/23 03:05:06.687036  length=5 from=10 to=14
 00 03 ff 00 00                                   .....
--
> 2023/09/23 03:05:06.765967  length=5 from=18 to=22
 01 03 00 00 00                                   .....
--
< 2023/09/23 03:05:06.782091  length=139 from=15 to=153
 01 03 00 15 01 c8 04 09 c0 ec d7 13 06 02 00 13  ................
 82 00 00 00 00 00 62 74 70 5f 74 65 73 74 65 72  ......btp_tester
 00 00 00 00 00 00 00 00 00 00 00 00 00 00 00 00  ................
 00 00 00 00 00 00 00 00 00 00 00 00 00 00 00 00  ................
 00 00 00 00 00 00 00 00 00 00 00 00 00 00 00 00  ................
 00 00 00 00 00 00 00 00 00 00 00 00 00 00 00 00  ................
 00 00 00 00 00 00 00 00 00 00 00 00 00 00 00 00  ................
 00 00 00 00 00 00 00 00 00 00 00 00 00 00 00 00  ................
 00 00 00 00 00 00 00 00 00 00 00                 ...........
--
< 2023/09/23 03:05:06.783738  length=23 from=154 to=176
 00 00 00 00 00 00 00 00 00 00 00 00 00 00 00 00  ................
 00 00 00 00 00 00 00                             .......
--
< 2023/09/23 03:05:06.798246  length=120 from=177 to=296
 00 00 00 00 00 00 00 00 00 00 00 00 00 00 00 00  ................
 00 00 00 00 00 00 00 00 00 00 00 00 00 00 00 00  ................
 00 00 00 00 00 00 00 00 00 00 00 00 00 00 00 00  ................
 00 00 00 00 00 00 00 00 00 00 00 00 00 00 00 00  ................
 00 00 00 00 00 00 00 00 00 00 00 00 00 00 00 00  ................
 00 00 00 00 00 00 00 00 00 00 00 00 00 00 00 00  ................
 00 00 00 00 00 00 00 00 00 00 00 00 00 00 00 00  ................
 00 00 00 00 00 00 00 00                          ........
--
> 2023/09/23 03:05:09.138367  length=44 from=23 to=66
 04 02 00 27 00 c3 ec 50 bc 17 a7 4d 9c 8d fd 39  ...'...P...M...9
 63 7f a7 71 1b 00 00 00 00 00 00 00 00 00 00 00  c..q............
 00 00 00 00 00 01 18 00 01 04 00 00              ............
--
< 2023/09/23 03:05:09.154571  length=5 from=297 to=301
 04 02 00 00 00                                   .....
--
> 2023/09/23 03:05:09.234344  length=5 from=67 to=71
 04 04 00 00 00                                   .....
--
< 2023/09/23 03:05:09.506432  length=5 from=302 to=306
 04 04 00 00 00                                   .....
--
< 2023/09/23 03:05:09.554461  length=6 from=307 to=312
 04 84 00 01 00 00                                ......
--
< 2023/09/23 03:05:11.621880  length=5 from=313 to=317
 04 83 00 00 00                                   .....
--
< 2023/09/23 03:05:13.129702  length=6 from=318 to=323
 04 85 00 01 00 00                                ......
--
< 2023/09/23 03:05:14.003453  length=27 from=324 to=350
 04 86 00 16 00 03 00 01 00 02 00 0f 80 80 00 00  ................
 48 d4 54 8b 2d 6f e4 8a 0b 8d 30                 H.T.-o....0
--
< 2023/09/23 03:05:14.289345  length=19 from=351 to=369
 04 86 00 0e 00 07 01 01 00 02 00 07 00 00 04 00  ................
 00 00 07                                         ...
--
< 2023/09/23 03:05:14.397654  length=28 from=370 to=397
 04 86 00 17 00 03 00 01 00 02 00 10 80 00 08 01  ................
 89 16 8d 46 70 e9 df 39 88 77 d3 67              ...Fp..9.w.g
--
< 2023/09/23 03:05:14.444392  length=28 from=398 to=425
 04 86 00 17 00 03 00 01 00 02 00 10 80 00 08 21  ...............!
 a1 e4 25 d1 2d 1d 5e 88 56 4f 6f 04              ..%.-.^.VOo.
--
< 2023/09/23 03:05:14.555603  length=28 from=426 to=453
 04 86 00 17 00 03 00 01 00 02 00 10 80 00 10 00  ................
 19 6c 4b 8f 25 2c 15 bf 7f 79 1f 0f              .lK.%,...y..
--
< 2023/09/23 03:05:14.699730  length=28 from=454 to=481
 04 86 00 17 00 03 00 01 00 02 00 10 80 00 14 00  ................
 59 f5 04 11 0c 17 82 9c b0 1a 8d d9              Y...........
--
< 2023/09/23 03:05:14.842767  length=28 from=482 to=509
 04 86 00 17 00 03 00 01 00 02 00 10 c3 80 18 08  ................
 1f 38 f6 ac 73 d2 20 69 41 bc bc d4              .8..s. iA...
--
< 2023/09/23 03:05:14.889292  length=28 from=510 to=537
 04 86 00 17 00 03 00 01 00 02 00 10 c3 80 18 28  ...............(
 5a 52 65 fb 86 b6 d9 e3 3e 41 2e 83              ZRe.....>A..
--
< 2023/09/23 03:05:14.920026  length=28 from=538 to=565
 04 86 00 17 00 03 00 01 00 02 00 10 c3 80 18 48  ...............H
 91 6b 14 ff 5a 71 bb ae ec 00 05 40              .k..Zq.....@
--
< 2023/09/23 03:05:14.950833  length=28 from=566 to=593
 04 86 00 17 00 03 00 01 00 02 00 10 c3 80 18 68  ...............h
 6d 6d 46 70 4b a9 e3 cd 7e 07 1b c3              mmFpK...~...
--
< 2023/09/23 03:05:14.982811  length=28 from=594 to=621
 04 86 00 17 00 03 00 01 00 02 00 10 c3 80 18 88  ................
 80 60 71 d4 42 1a fe a5 89 19 13 31              .`q.B......1
--
< 2023/09/23 03:05:15.014751  length=28 from=622 to=649
 04 86 00 17 00 03 00 01 00 02 00 10 c3 80 18 a8  ................
 91 2d 4c 8e a7 44 3e 3a 8f 27 1e da              .-L..D>:.'..
--
< 2023/09/23 03:05:15.077746  length=28 from=650 to=677
 04 86 00 17 00 03 00 01 00 02 00 10 c3 80 18 c8  ................
 44 7b 98 35 a2 3d 6c e4 b2 1a 49 aa              D{.5.=l...I.
--
< 2023/09/23 03:05:15.109490  length=28 from=678 to=705
 04 86 00 17 00 03 00 01 00 02 00 10 c3 80 18 e8  ................
 d5 00 1f 9e 03 38 43 85 65 8a c4 59              .....8C.e..Y
--
< 2023/09/23 03:06:15.392002  length=5 from=706 to=710
 04 88 00 00 00                                   .....
--
< 2023/09/23 03:06:15.472107  length=28 from=711 to=738
 04 86 00 17 00 03 00 01 00 02 00 10 c3 80 19 08  ................
 87 d4 6f 73 e3 f7 79 c9 9d ee df 71              ..os..y....q
--
< 2023/09/23 03:06:51.828274  length=5 from=739 to=743
 00 80 ff 00 00                                   .....
--
