03:36:55:326	> BTP_CORE_CMD_REGISTER_SERVICE (0x00|0x03|0xff)
                  raw data (1): 00 03 ff 01 00|01
03:36:55:378	< BTP_CORE_CMD_REGISTER_SERVICE (0x00|0x03|0xff)
                  raw data (0): 00 03 ff 00 00|
03:36:55:384	> BTP_GAP_CMD_READ_SUPPORTED_COMMANDS (0x01|0x01|0xff)
                  raw data (0): 01 01 ff 00 00|
03:36:55:432	< BTP_GAP_CMD_READ_SUPPORTED_COMMANDS (0x01|0x01|0xff)
                  raw data (6): 01 01 ff 06 00|6e ff 7f 1f 7e 04
03:36:55:439	> BTP_GAP_CMD_READ_CONTROLLER_INFO (0x01|0x03|0x00)
                  raw data (0): 01 03 00 00 00|
03:36:55:811	< BTP_GAP_CMD_READ_CONTROLLER_INFO (0x01|0x03|0x00)
                  raw data (277): 
                  01 03 00 15 01|c3 51 0b 1b b8 d7 13 06 02 00 13 
                  82 00 00 00 00 00 62 74 70 5f 74 65 73 74 65 72 
                  00 00 00 00 00 00 00 00 00 00 00 00 00 00 00 00 
                  00 00 00 00 00 00 00 00 00 00 00 00 00 00 00 00 
                  00 00 00 00 00 00 00 00 00 00 00 00 00 00 00 00 
                  00 00 00 00 00 00 00 00 00 00 00 00 00 00 00 00 
                  00 00 00 00 00 00 00 00 00 00 00 00 00 00 00 00 
                  00 00 00 00 00 00 00 00 00 00 00 00 00 00 00 00 
                  00 00 00 00 00 00 00 00 00 00 00 00 00 00 00 00 
                  00 00 00 00 00 00 00 00 00 00 00 00 00 00 00 00 
                  00 00 00 00 00 00 00 00 00 00 00 00 00 00 00 00 
                  00 00 00 00 00 00 00 00 00 00 00 00 00 00 00 00 
                  00 00 00 00 00 00 00 00 00 00 00 00 00 00 00 00 
                  00 00 00 00 00 00 00 00 00 00 00 00 00 00 00 00 
                  00 00 00 00 00 00 00 00 00 00 00 00 00 00 00 00 
                  00 00 00 00 00 00 00 00 00 00 00 00 00 00 00 00 
                  00 00 00 00 00 00 00 00 00 00 00 00 00 00 00 00 
                  00 00 00 00 00 00 00 00 00 00
03:36:55:854	> BTP_CORE_CMD_REGISTER_SERVICE (0x00|0x03|0xff)
                  raw data (2): 00 03 ff 01 00|02
03:36:55:912	< BTP_CORE_CMD_REGISTER_SERVICE (0x00|0x03|0xff)
                  raw data (0): 00 03 ff 00 00|
03:36:55:923	> BTP_GATT_CMD_READ_SUPPORTED_COMMANDS (0x02|0x01|0xff)
                  raw data (0): 02 01 ff 00 00|
03:36:55:969	< BTP_GATT_CMD_READ_SUPPORTED_COMMANDS (0x02|0x01|0xff)
                  raw data (5): 02 01 ff 05 00|fe fe ff fd 03
03:36:55:976	> BTP_GAP_CMD_SET_DISCOVERABLE (0x01|0x08|0x00)
                  raw data (1): 01 08 00 01 00|01
03:36:56:115	< BTP_GAP_CMD_SET_DISCOVERABLE (0x01|0x08|0x00)
                  raw data (4): 01 08 00 04 00|1b 82 00 00
03:36:56:152	> BTP_CORE_CMD_REGISTER_SERVICE (0x00|0x03|0xff)
                  raw data (12): 00 03 ff 01 00|0c
03:36:56:240	< BTP_CORE_CMD_REGISTER_SERVICE (0x00|0x03|0xff)
                  raw data (0): 00 03 ff 00 00|
03:36:56:287	> BTP_PACS_CMD_READ_SUPPORTED_COMMANDS (0x0c|0x01|0xff)
                  raw data (0): 0c 01 ff 00 00|
03:36:56:329	< BTP_PACS_CMD_READ_SUPPORTED_COMMANDS (0x0c|0x01|0xff)
                  raw data (1): 0c 01 ff 01 00|3e
03:36:56:330	> BTP_CORE_CMD_REGISTER_SERVICE (0x00|0x03|0xff)
                  raw data (13): 00 03 ff 01 00|0d
03:36:56:381	< BTP_CORE_CMD_REGISTER_SERVICE (0x00|0x03|0xff)
                  raw data (0): 00 03 ff 00 00|
03:36:56:403	> BTP_ASCS_CMD_READ_SUPPORTED_COMMANDS (0x0d|0x01|0xff)
                  raw data (0): 0d 01 ff 00 00|
03:36:56:445	< BTP_ASCS_CMD_READ_SUPPORTED_COMMANDS (0x0d|0x01|0xff)
                  raw data (2): 0d 01 ff 02 00|fe 0f
03:36:56:477	> BTP_CORE_CMD_REGISTER_SERVICE (0x00|0x03|0xff)
                  raw data (14): 00 03 ff 01 00|0e
03:36:56:523	< BTP_CORE_CMD_REGISTER_SERVICE (0x00|0x03|0xff)
                  raw data (0): 00 03 ff 00 00|
03:36:56:529	> BTP_BAP_CMD_READ_SUPPORTED_COMMANDS (0x0e|0x01|0xff)
                  raw data (0): 0e 01 ff 00 00|
03:36:56:627	< BTP_BAP_CMD_READ_SUPPORTED_COMMANDS (0x0e|0x01|0xff)
                  raw data (4): 0e 01 ff 04 00|fe ff ff 03
03:37:03:646	> BTP_BAP_CMD_BROADCAST_SOURCE_SETUP (0x0e|0x04|0x00)
                  raw data (39): 
                  0e 04 00 27 00|02 01 10 27 00 00 64 00 04 14 00 
                  40 9c 00 06 00 00 00 00 13 02 01 08 02 02 01 05 
                  03 01 00 00 00 03 04 64 00 02 05 01
03:37:03:683	< BTP_BAP_CMD_BROADCAST_SOURCE_SETUP (0x0e|0x04|0x00)
                  raw data (7): 0e 04 00 07 00|08 00 02 00 4d f2 82
03:37:03:705	> BTP_BAP_CMD_BROADCAST_ADV_START (0x0e|0x06|0x00)
                  raw data (3): 0e 06 00 03 00|4d f2 82
03:37:03:752	< BTP_BAP_CMD_BROADCAST_ADV_START (0x0e|0x06|0x00)
                  raw data (0): 0e 06 00 00 00|
03:37:03:753	> BTP_BAP_CMD_BROADCAST_SOURCE_START (0x0e|0x08|0x00)
                  raw data (3): 0e 08 00 03 00|4d f2 82
03:37:03:800	< BTP_BAP_CMD_BROADCAST_SOURCE_START (0x0e|0x08|0x00)
                  raw data (0): 0e 08 00 00 00|
03:37:03:857	> BTP_BAP_CMD_SEND (0x0e|0x03|0x00)
                  raw data (50): 
                  0e 03 00 32 00|00 df 28 1c e8 07 c0 00 29 00 01 
                  02 03 04 05 06 07 08 09 0a 0b 0c 0d 0e 0f 10 11 
                  12 13 14 15 16 17 18 19 1a 1b 1c 1d 1e 1f 20 21 
                  22 23 24 25 26 27 28
03:37:03:920	< BTP_BAP_CMD_SEND (0x0e|0x03|0x00)
                  raw data (1): 0e 03 00 01 00|29
03:37:03:931	> BTP_BAP_CMD_SEND (0x0e|0x03|0x00)
                  raw data (50): 
                  0e 03 00 32 00|00 df 28 1c e8 07 c0 00 29 00 01 
                  02 03 04 05 06 07 08 09 0a 0b 0c 0d 0e 0f 10 11 
                  12 13 14 15 16 17 18 19 1a 1b 1c 1d 1e 1f 20 21 
                  22 23 24 25 26 27 28
03:37:04:050	< BTP_BAP_CMD_SEND (0x0e|0x03|0x00)
                  raw data (1): 0e 03 00 01 00|29
03:37:04:050	> BTP_BAP_CMD_SEND (0x0e|0x03|0x00)
                  raw data (50): 
                  0e 03 00 32 00|00 df 28 1c e8 07 c0 00 29 00 01 
                  02 03 04 05 06 07 08 09 0a 0b 0c 0d 0e 0f 10 11 
                  12 13 14 15 16 17 18 19 1a 1b 1c 1d 1e 1f 20 21 
                  22 23 24 25 26 27 28
03:37:04:083	< BTP_BAP_CMD_SEND (0x0e|0x03|0x00)
                  raw data (1): 0e 03 00 01 00|29
03:37:04:120	> BTP_BAP_CMD_SEND (0x0e|0x03|0x00)
                  raw data (50): 
                  0e 03 00 32 00|00 df 28 1c e8 07 c0 00 29 00 01 
                  02 03 04 05 06 07 08 09 0a 0b 0c 0d 0e 0f 10 11 
                  12 13 14 15 16 17 18 19 1a 1b 1c 1d 1e 1f 20 21 
                  22 23 24 25 26 27 28
03:37:04:192	< BTP_BAP_CMD_SEND (0x0e|0x03|0x00)
                  raw data (1): 0e 03 00 01 00|29
03:37:04:198	> BTP_BAP_CMD_SEND (0x0e|0x03|0x00)
                  raw data (50): 
                  0e 03 00 32 00|00 df 28 1c e8 07 c0 00 29 00 01 
                  02 03 04 05 06 07 08 09 0a 0b 0c 0d 0e 0f 10 11 
                  12 13 14 15 16 17 18 19 1a 1b 1c 1d 1e 1f 20 21 
                  22 23 24 25 26 27 28
03:37:04:281	< BTP_BAP_CMD_SEND (0x0e|0x03|0x00)
                  raw data (1): 0e 03 00 01 00|29
03:37:04:307	> BTP_BAP_CMD_SEND (0x0e|0x03|0x00)
                  raw data (50): 
                  0e 03 00 32 00|00 df 28 1c e8 07 c0 00 29 00 01 
                  02 03 04 05 06 07 08 09 0a 0b 0c 0d 0e 0f 10 11 
                  12 13 14 15 16 17 18 19 1a 1b 1c 1d 1e 1f 20 21 
                  22 23 24 25 26 27 28
03:37:04:463	< BTP_BAP_CMD_SEND (0x0e|0x03|0x00)
                  raw data (1): 0e 03 00 01 00|29
03:37:04:463	> BTP_BAP_CMD_SEND (0x0e|0x03|0x00)
                  raw data (50): 
                  0e 03 00 32 00|00 df 28 1c e8 07 c0 00 29 00 01 
                  02 03 04 05 06 07 08 09 0a 0b 0c 0d 0e 0f 10 11 
                  12 13 14 15 16 17 18 19 1a 1b 1c 1d 1e 1f 20 21 
                  22 23 24 25 26 27 28
03:37:04:500	< BTP_BAP_CMD_SEND (0x0e|0x03|0x00)
                  raw data (1): 0e 03 00 01 00|29
03:37:04:511	> BTP_BAP_CMD_SEND (0x0e|0x03|0x00)
                  raw data (50): 
                  0e 03 00 32 00|00 df 28 1c e8 07 c0 00 29 00 01 
                  02 03 04 05 06 07 08 09 0a 0b 0c 0d 0e 0f 10 11 
                  12 13 14 15 16 17 18 19 1a 1b 1c 1d 1e 1f 20 21 
                  22 23 24 25 26 27 28
03:37:04:579	< BTP_BAP_CMD_SEND (0x0e|0x03|0x00)
                  raw data (1): 0e 03 00 01 00|29
03:37:04:590	> BTP_BAP_CMD_SEND (0x0e|0x03|0x00)
                  raw data (50): 
                  0e 03 00 32 00|00 df 28 1c e8 07 c0 00 29 00 01 
                  02 03 04 05 06 07 08 09 0a 0b 0c 0d 0e 0f 10 11 
                  12 13 14 15 16 17 18 19 1a 1b 1c 1d 1e 1f 20 21 
                  22 23 24 25 26 27 28
03:37:04:617	< BTP_BAP_CMD_SEND (0x0e|0x03|0x00)
                  raw data (1): 0e 03 00 01 00|29
03:37:04:617	> BTP_BAP_CMD_SEND (0x0e|0x03|0x00)
                  raw data (50): 
                  0e 03 00 32 00|00 df 28 1c e8 07 c0 00 29 00 01 
                  02 03 04 05 06 07 08 09 0a 0b 0c 0d 0e 0f 10 11 
                  12 13 14 15 16 17 18 19 1a 1b 1c 1d 1e 1f 20 21 
                  22 23 24 25 26 27 28
03:37:04:654	< BTP_BAP_CMD_SEND (0x0e|0x03|0x00)
                  raw data (1): 0e 03 00 01 00|29
03:37:04:655	> BTP_BAP_CMD_SEND (0x0e|0x03|0x00)
                  raw data (50): 
                  0e 03 00 32 00|00 df 28 1c e8 07 c0 00 29 00 01 
                  02 03 04 05 06 07 08 09 0a 0b 0c 0d 0e 0f 10 11 
                  12 13 14 15 16 17 18 19 1a 1b 1c 1d 1e 1f 20 21 
                  22 23 24 25 26 27 28
03:37:04:717	< BTP_BAP_CMD_SEND (0x0e|0x03|0x00)
                  raw data (1): 0e 03 00 01 00|29
03:37:04:723	> BTP_BAP_CMD_SEND (0x0e|0x03|0x00)
                  raw data (50): 
                  0e 03 00 32 00|00 df 28 1c e8 07 c0 00 29 00 01 
                  02 03 04 05 06 07 08 09 0a 0b 0c 0d 0e 0f 10 11 
                  12 13 14 15 16 17 18 19 1a 1b 1c 1d 1e 1f 20 21 
                  22 23 24 25 26 27 28
03:37:04:760	< BTP_BAP_CMD_SEND (0x0e|0x03|0x00)
                  raw data (1): 0e 03 00 01 00|29
03:37:04:760	> BTP_BAP_CMD_SEND (0x0e|0x03|0x00)
                  raw data (50): 
                  0e 03 00 32 00|00 df 28 1c e8 07 c0 00 29 00 01 
                  02 03 04 05 06 07 08 09 0a 0b 0c 0d 0e 0f 10 11 
                  12 13 14 15 16 17 18 19 1a 1b 1c 1d 1e 1f 20 21 
                  22 23 24 25 26 27 28
03:37:04:792	< BTP_BAP_CMD_SEND (0x0e|0x03|0x00)
                  raw data (1): 0e 03 00 01 00|29
03:37:04:818	> BTP_BAP_CMD_SEND (0x0e|0x03|0x00)
                  raw data (50): 
                  0e 03 00 32 00|00 df 28 1c e8 07 c0 00 29 00 01 
                  02 03 04 05 06 07 08 09 0a 0b 0c 0d 0e 0f 10 11 
                  12 13 14 15 16 17 18 19 1a 1b 1c 1d 1e 1f 20 21 
                  22 23 24 25 26 27 28
03:37:04:943	< BTP_BAP_CMD_SEND (0x0e|0x03|0x00)
                  raw data (1): 0e 03 00 01 00|29
03:37:04:995	> BTP_BAP_CMD_SEND (0x0e|0x03|0x00)
                  raw data (50): 
                  0e 03 00 32 00|00 df 28 1c e8 07 c0 00 29 00 01 
                  02 03 04 05 06 07 08 09 0a 0b 0c 0d 0e 0f 10 11 
                  12 13 14 15 16 17 18 19 1a 1b 1c 1d 1e 1f 20 21 
                  22 23 24 25 26 27 28
03:37:05:036	< BTP_BAP_CMD_SEND (0x0e|0x03|0x00)
                  raw data (1): 0e 03 00 01 00|29
03:37:05:048	> BTP_BAP_CMD_SEND (0x0e|0x03|0x00)
                  raw data (50): 
                  0e 03 00 32 00|00 df 28 1c e8 07 c0 00 29 00 01 
                  02 03 04 05 06 07 08 09 0a 0b 0c 0d 0e 0f 10 11 
                  12 13 14 15 16 17 18 19 1a 1b 1c 1d 1e 1f 20 21 
                  22 23 24 25 26 27 28
03:37:05:161	< BTP_BAP_CMD_SEND (0x0e|0x03|0x00)
                  raw data (1): 0e 03 00 01 00|29
03:37:05:172	> BTP_BAP_CMD_SEND (0x0e|0x03|0x00)
                  raw data (50): 
                  0e 03 00 32 00|00 df 28 1c e8 07 c0 00 29 00 01 
                  02 03 04 05 06 07 08 09 0a 0b 0c 0d 0e 0f 10 11 
                  12 13 14 15 16 17 18 19 1a 1b 1c 1d 1e 1f 20 21 
                  22 23 24 25 26 27 28
03:37:05:229	< BTP_BAP_CMD_SEND (0x0e|0x03|0x00)
                  raw data (1): 0e 03 00 01 00|29
03:37:05:250	> BTP_BAP_CMD_SEND (0x0e|0x03|0x00)
                  raw data (50): 
                  0e 03 00 32 00|00 df 28 1c e8 07 c0 00 29 00 01 
                  02 03 04 05 06 07 08 09 0a 0b 0c 0d 0e 0f 10 11 
                  12 13 14 15 16 17 18 19 1a 1b 1c 1d 1e 1f 20 21 
                  22 23 24 25 26 27 28
03:37:05:277	< BTP_BAP_CMD_SEND (0x0e|0x03|0x00)
                  raw data (1): 0e 03 00 01 00|29
03:37:05:319	> BTP_BAP_CMD_SEND (0x0e|0x03|0x00)
                  raw data (50): 
                  0e 03 00 32 00|00 df 28 1c e8 07 c0 00 29 00 01 
                  02 03 04 05 06 07 08 09 0a 0b 0c 0d 0e 0f 10 11 
                  12 13 14 15 16 17 18 19 1a 1b 1c 1d 1e 1f 20 21 
                  22 23 24 25 26 27 28
03:37:05:366	< BTP_BAP_CMD_SEND (0x0e|0x03|0x00)
                  raw data (1): 0e 03 00 01 00|29
03:37:05:367	> BTP_BAP_CMD_SEND (0x0e|0x03|0x00)
                  raw data (50): 
                  0e 03 00 32 00|00 df 28 1c e8 07 c0 00 29 00 01 
                  02 03 04 05 06 07 08 09 0a 0b 0c 0d 0e 0f 10 11 
                  12 13 14 15 16 17 18 19 1a 1b 1c 1d 1e 1f 20 21 
                  22 23 24 25 26 27 28
03:37:05:398	< BTP_BAP_CMD_SEND (0x0e|0x03|0x00)
                  raw data (1): 0e 03 00 01 00|29
03:37:05:399	> BTP_BAP_CMD_SEND (0x0e|0x03|0x00)
                  raw data (50): 
                  0e 03 00 32 00|00 df 28 1c e8 07 c0 00 29 00 01 
                  02 03 04 05 06 07 08 09 0a 0b 0c 0d 0e 0f 10 11 
                  12 13 14 15 16 17 18 19 1a 1b 1c 1d 1e 1f 20 21 
                  22 23 24 25 26 27 28
03:37:05:523	< BTP_BAP_CMD_SEND (0x0e|0x03|0x00)
                  raw data (1): 0e 03 00 01 00|29
03:37:05:555	> BTP_BAP_CMD_SEND (0x0e|0x03|0x00)
                  raw data (50): 
                  0e 03 00 32 00|00 df 28 1c e8 07 c0 00 29 00 01 
                  02 03 04 05 06 07 08 09 0a 0b 0c 0d 0e 0f 10 11 
                  12 13 14 15 16 17 18 19 1a 1b 1c 1d 1e 1f 20 21 
                  22 23 24 25 26 27 28
03:37:05:608	< BTP_BAP_CMD_SEND (0x0e|0x03|0x00)
                  raw data (1): 0e 03 00 01 00|29
03:37:05:619	> BTP_BAP_CMD_SEND (0x0e|0x03|0x00)
                  raw data (50): 
                  0e 03 00 32 00|00 df 28 1c e8 07 c0 00 29 00 01 
                  02 03 04 05 06 07 08 09 0a 0b 0c 0d 0e 0f 10 11 
                  12 13 14 15 16 17 18 19 1a 1b 1c 1d 1e 1f 20 21 
                  22 23 24 25 26 27 28
03:37:05:681	< BTP_BAP_CMD_SEND (0x0e|0x03|0x00)
                  raw data (1): 0e 03 00 01 00|29
03:37:05:697	> BTP_BAP_CMD_SEND (0x0e|0x03|0x00)
                  raw data (50): 
                  0e 03 00 32 00|00 df 28 1c e8 07 c0 00 29 00 01 
                  02 03 04 05 06 07 08 09 0a 0b 0c 0d 0e 0f 10 11 
                  12 13 14 15 16 17 18 19 1a 1b 1c 1d 1e 1f 20 21 
                  22 23 24 25 26 27 28
03:37:05:837	< BTP_BAP_CMD_SEND (0x0e|0x03|0x00)
                  raw data (1): 0e 03 00 01 00|29
03:37:05:848	> BTP_BAP_CMD_SEND (0x0e|0x03|0x00)
                  raw data (50): 
                  0e 03 00 32 00|00 df 28 1c e8 07 c0 00 29 00 01 
                  02 03 04 05 06 07 08 09 0a 0b 0c 0d 0e 0f 10 11 
                  12 13 14 15 16 17 18 19 1a 1b 1c 1d 1e 1f 20 21 
                  22 23 24 25 26 27 28
03:37:05:905	< BTP_BAP_CMD_SEND (0x0e|0x03|0x00)
                  raw data (1): 0e 03 00 01 00|29
03:37:05:932	> BTP_BAP_CMD_SEND (0x0e|0x03|0x00)
                  raw data (50): 
                  0e 03 00 32 00|00 df 28 1c e8 07 c0 00 29 00 01 
                  02 03 04 05 06 07 08 09 0a 0b 0c 0d 0e 0f 10 11 
                  12 13 14 15 16 17 18 19 1a 1b 1c 1d 1e 1f 20 21 
                  22 23 24 25 26 27 28
03:37:05:978	< BTP_BAP_CMD_SEND (0x0e|0x03|0x00)
                  raw data (1): 0e 03 00 01 00|29
03:37:05:995	> BTP_BAP_CMD_SEND (0x0e|0x03|0x00)
                  raw data (50): 
                  0e 03 00 32 00|00 df 28 1c e8 07 c0 00 29 00 01 
                  02 03 04 05 06 07 08 09 0a 0b 0c 0d 0e 0f 10 11 
                  12 13 14 15 16 17 18 19 1a 1b 1c 1d 1e 1f 20 21 
                  22 23 24 25 26 27 28
03:37:06:027	< BTP_BAP_CMD_SEND (0x0e|0x03|0x00)
                  raw data (1): 0e 03 00 01 00|29
03:37:06:027	> BTP_BAP_CMD_SEND (0x0e|0x03|0x00)
                  raw data (50): 
                  0e 03 00 32 00|00 df 28 1c e8 07 c0 00 29 00 01 
                  02 03 04 05 06 07 08 09 0a 0b 0c 0d 0e 0f 10 11 
                  12 13 14 15 16 17 18 19 1a 1b 1c 1d 1e 1f 20 21 
                  22 23 24 25 26 27 28
03:37:06:157	< BTP_BAP_CMD_SEND (0x0e|0x03|0x00)
                  raw data (1): 0e 03 00 01 00|29
03:37:06:158	> BTP_BAP_CMD_SEND (0x0e|0x03|0x00)
                  raw data (50): 
                  0e 03 00 32 00|00 df 28 1c e8 07 c0 00 29 00 01 
                  02 03 04 05 06 07 08 09 0a 0b 0c 0d 0e 0f 10 11 
                  12 13 14 15 16 17 18 19 1a 1b 1c 1d 1e 1f 20 21 
                  22 23 24 25 26 27 28
03:37:06:210	< BTP_BAP_CMD_SEND (0x0e|0x03|0x00)
                  raw data (1): 0e 03 00 01 00|29
03:37:06:210	> BTP_BAP_CMD_SEND (0x0e|0x03|0x00)
                  raw data (50): 
                  0e 03 00 32 00|00 df 28 1c e8 07 c0 00 29 00 01 
                  02 03 04 05 06 07 08 09 0a 0b 0c 0d 0e 0f 10 11 
                  12 13 14 15 16 17 18 19 1a 1b 1c 1d 1e 1f 20 21 
                  22 23 24 25 26 27 28
03:37:06:242	< BTP_BAP_CMD_SEND (0x0e|0x03|0x00)
                  raw data (1): 0e 03 00 01 00|29
03:37:06:248	> BTP_BAP_CMD_SEND (0x0e|0x03|0x00)
                  raw data (50): 
                  0e 03 00 32 00|00 df 28 1c e8 07 c0 00 29 00 01 
                  02 03 04 05 06 07 08 09 0a 0b 0c 0d 0e 0f 10 11 
                  12 13 14 15 16 17 18 19 1a 1b 1c 1d 1e 1f 20 21 
                  22 23 24 25 26 27 28
03:37:06:315	< BTP_BAP_CMD_SEND (0x0e|0x03|0x00)
                  raw data (1): 0e 03 00 01 00|29
03:37:06:337	> BTP_BAP_CMD_SEND (0x0e|0x03|0x00)
                  raw data (50): 
                  0e 03 00 32 00|00 df 28 1c e8 07 c0 00 29 00 01 
                  02 03 04 05 06 07 08 09 0a 0b 0c 0d 0e 0f 10 11 
                  12 13 14 15 16 17 18 19 1a 1b 1c 1d 1e 1f 20 21 
                  22 23 24 25 26 27 28
03:37:06:415	< BTP_BAP_CMD_SEND (0x0e|0x03|0x00)
                  raw data (1): 0e 03 00 01 00|29
03:37:06:426	> BTP_BAP_CMD_SEND (0x0e|0x03|0x00)
                  raw data (50): 
                  0e 03 00 32 00|00 df 28 1c e8 07 c0 00 29 00 01 
                  02 03 04 05 06 07 08 09 0a 0b 0c 0d 0e 0f 10 11 
                  12 13 14 15 16 17 18 19 1a 1b 1c 1d 1e 1f 20 21 
                  22 23 24 25 26 27 28
03:37:06:478	< BTP_BAP_CMD_SEND (0x0e|0x03|0x00)
                  raw data (1): 0e 03 00 01 00|29
03:37:06:483	> BTP_BAP_CMD_SEND (0x0e|0x03|0x00)
                  raw data (50): 
                  0e 03 00 32 00|00 df 28 1c e8 07 c0 00 29 00 01 
                  02 03 04 05 06 07 08 09 0a 0b 0c 0d 0e 0f 10 11 
                  12 13 14 15 16 17 18 19 1a 1b 1c 1d 1e 1f 20 21 
                  22 23 24 25 26 27 28
03:37:06:531	< BTP_BAP_CMD_SEND (0x0e|0x03|0x00)
                  raw data (1): 0e 03 00 01 00|29
03:37:06:541	> BTP_BAP_CMD_SEND (0x0e|0x03|0x00)
                  raw data (50): 
                  0e 03 00 32 00|00 df 28 1c e8 07 c0 00 29 00 01 
                  02 03 04 05 06 07 08 09 0a 0b 0c 0d 0e 0f 10 11 
                  12 13 14 15 16 17 18 19 1a 1b 1c 1d 1e 1f 20 21 
                  22 23 24 25 26 27 28
03:37:06:660	< BTP_BAP_CMD_SEND (0x0e|0x03|0x00)
                  raw data (1): 0e 03 00 01 00|29
03:37:06:666	> BTP_BAP_CMD_SEND (0x0e|0x03|0x00)
                  raw data (50): 
                  0e 03 00 32 00|00 df 28 1c e8 07 c0 00 29 00 01 
                  02 03 04 05 06 07 08 09 0a 0b 0c 0d 0e 0f 10 11 
                  12 13 14 15 16 17 18 19 1a 1b 1c 1d 1e 1f 20 21 
                  22 23 24 25 26 27 28
03:37:06:755	< BTP_BAP_CMD_SEND (0x0e|0x03|0x00)
                  raw data (1): 0e 03 00 01 00|29
03:37:06:766	> BTP_BAP_CMD_SEND (0x0e|0x03|0x00)
                  raw data (50): 
                  0e 03 00 32 00|00 df 28 1c e8 07 c0 00 29 00 01 
                  02 03 04 05 06 07 08 09 0a 0b 0c 0d 0e 0f 10 11 
                  12 13 14 15 16 17 18 19 1a 1b 1c 1d 1e 1f 20 21 
                  22 23 24 25 26 27 28
03:37:06:849	< BTP_BAP_CMD_SEND (0x0e|0x03|0x00)
                  raw data (1): 0e 03 00 01 00|29
03:37:06:881	> BTP_BAP_CMD_SEND (0x0e|0x03|0x00)
                  raw data (50): 
                  0e 03 00 32 00|00 df 28 1c e8 07 c0 00 29 00 01 
                  02 03 04 05 06 07 08 09 0a 0b 0c 0d 0e 0f 10 11 
                  12 13 14 15 16 17 18 19 1a 1b 1c 1d 1e 1f 20 21 
                  22 23 24 25 26 27 28
03:37:06:922	< BTP_BAP_CMD_SEND (0x0e|0x03|0x00)
                  raw data (1): 0e 03 00 01 00|29
03:37:06:928	> BTP_BAP_CMD_SEND (0x0e|0x03|0x00)
                  raw data (50): 
                  0e 03 00 32 00|00 df 28 1c e8 07 c0 00 29 00 01 
                  02 03 04 05 06 07 08 09 0a 0b 0c 0d 0e 0f 10 11 
                  12 13 14 15 16 17 18 19 1a 1b 1c 1d 1e 1f 20 21 
                  22 23 24 25 26 27 28
03:37:06:965	< BTP_BAP_CMD_SEND (0x0e|0x03|0x00)
                  raw data (1): 0e 03 00 01 00|29
03:37:06:966	> BTP_BAP_CMD_SEND (0x0e|0x03|0x00)
                  raw data (50): 
                  0e 03 00 32 00|00 df 28 1c e8 07 c0 00 29 00 01 
                  02 03 04 05 06 07 08 09 0a 0b 0c 0d 0e 0f 10 11 
                  12 13 14 15 16 17 18 19 1a 1b 1c 1d 1e 1f 20 21 
                  22 23 24 25 26 27 28
03:37:07:019	< BTP_BAP_CMD_SEND (0x0e|0x03|0x00)
                  raw data (1): 0e 03 00 01 00|29
03:37:07:020	> BTP_BAP_CMD_SEND (0x0e|0x03|0x00)
                  raw data (50): 
                  0e 03 00 32 00|00 df 28 1c e8 07 c0 00 29 00 01 
                  02 03 04 05 06 07 08 09 0a 0b 0c 0d 0e 0f 10 11 
                  12 13 14 15 16 17 18 19 1a 1b 1c 1d 1e 1f 20 21 
                  22 23 24 25 26 27 28
03:37:07:134	< BTP_BAP_CMD_SEND (0x0e|0x03|0x00)
                  raw data (1): 0e 03 00 01 00|29
03:37:07:145	> BTP_BAP_CMD_SEND (0x0e|0x03|0x00)
                  raw data (50): 
                  0e 03 00 32 00|00 df 28 1c e8 07 c0 00 29 00 01 
                  02 03 04 05 06 07 08 09 0a 0b 0c 0d 0e 0f 10 11 
                  12 13 14 15 16 17 18 19 1a 1b 1c 1d 1e 1f 20 21 
                  22 23 24 25 26 27 28
03:37:07:269	< BTP_BAP_CMD_SEND (0x0e|0x03|0x00)
                  raw data (1): 0e 03 00 01 00|29
03:37:07:301	> BTP_BAP_CMD_SEND (0x0e|0x03|0x00)
                  raw data (50): 
                  0e 03 00 32 00|00 df 28 1c e8 07 c0 00 29 00 01 
                  02 03 04 05 06 07 08 09 0a 0b 0c 0d 0e 0f 10 11 
                  12 13 14 15 16 17 18 19 1a 1b 1c 1d 1e 1f 20 21 
                  22 23 24 25 26 27 28
03:37:07:395	< BTP_BAP_CMD_SEND (0x0e|0x03|0x00)
                  raw data (1): 0e 03 00 01 00|29
03:37:07:401	> BTP_BAP_CMD_SEND (0x0e|0x03|0x00)
                  raw data (50): 
                  0e 03 00 32 00|00 df 28 1c e8 07 c0 00 29 00 01 
                  02 03 04 05 06 07 08 09 0a 0b 0c 0d 0e 0f 10 11 
                  12 13 14 15 16 17 18 19 1a 1b 1c 1d 1e 1f 20 21 
                  22 23 24 25 26 27 28
03:37:07:499	< BTP_BAP_CMD_SEND (0x0e|0x03|0x00)
                  raw data (1): 0e 03 00 01 00|29
03:37:07:500	> BTP_BAP_CMD_SEND (0x0e|0x03|0x00)
                  raw data (50): 
                  0e 03 00 32 00|00 df 28 1c e8 07 c0 00 29 00 01 
                  02 03 04 05 06 07 08 09 0a 0b 0c 0d 0e 0f 10 11 
                  12 13 14 15 16 17 18 19 1a 1b 1c 1d 1e 1f 20 21 
                  22 23 24 25 26 27 28
03:37:07:567	< BTP_BAP_CMD_SEND (0x0e|0x03|0x00)
                  raw data (1): 0e 03 00 01 00|29
03:37:07:578	> BTP_BAP_CMD_SEND (0x0e|0x03|0x00)
                  raw data (50): 
                  0e 03 00 32 00|00 df 28 1c e8 07 c0 00 29 00 01 
                  02 03 04 05 06 07 08 09 0a 0b 0c 0d 0e 0f 10 11 
                  12 13 14 15 16 17 18 19 1a 1b 1c 1d 1e 1f 20 21 
                  22 23 24 25 26 27 28
03:37:07:667	< BTP_BAP_CMD_SEND (0x0e|0x03|0x00)
                  raw data (1): 0e 03 00 01 00|29
03:37:07:673	> BTP_BAP_CMD_SEND (0x0e|0x03|0x00)
                  raw data (50): 
                  0e 03 00 32 00|00 df 28 1c e8 07 c0 00 29 00 01 
                  02 03 04 05 06 07 08 09 0a 0b 0c 0d 0e 0f 10 11 
                  12 13 14 15 16 17 18 19 1a 1b 1c 1d 1e 1f 20 21 
                  22 23 24 25 26 27 28
03:37:07:720	< BTP_BAP_CMD_SEND (0x0e|0x03|0x00)
                  raw data (1): 0e 03 00 01 00|29
03:37:07:731	> BTP_BAP_CMD_SEND (0x0e|0x03|0x00)
                  raw data (50): 
                  0e 03 00 32 00|00 df 28 1c e8 07 c0 00 29 00 01 
                  02 03 04 05 06 07 08 09 0a 0b 0c 0d 0e 0f 10 11 
                  12 13 14 15 16 17 18 19 1a 1b 1c 1d 1e 1f 20 21 
                  22 23 24 25 26 27 28
03:37:07:763	< BTP_BAP_CMD_SEND (0x0e|0x03|0x00)
                  raw data (1): 0e 03 00 01 00|29
03:37:07:763	> BTP_BAP_CMD_SEND (0x0e|0x03|0x00)
                  raw data (50): 
                  0e 03 00 32 00|00 df 28 1c e8 07 c0 00 29 00 01 
                  02 03 04 05 06 07 08 09 0a 0b 0c 0d 0e 0f 10 11 
                  12 13 14 15 16 17 18 19 1a 1b 1c 1d 1e 1f 20 21 
                  22 23 24 25 26 27 28
03:37:07:826	< BTP_BAP_CMD_SEND (0x0e|0x03|0x00)
                  raw data (1): 0e 03 00 01 00|29
03:37:07:837	> BTP_BAP_CMD_SEND (0x0e|0x03|0x00)
                  raw data (50): 
                  0e 03 00 32 00|00 df 28 1c e8 07 c0 00 29 00 01 
                  02 03 04 05 06 07 08 09 0a 0b 0c 0d 0e 0f 10 11 
                  12 13 14 15 16 17 18 19 1a 1b 1c 1d 1e 1f 20 21 
                  22 23 24 25 26 27 28
03:37:07:879	< BTP_BAP_CMD_SEND (0x0e|0x03|0x00)
                  raw data (1): 0e 03 00 01 00|29
03:37:07:905	> BTP_BAP_CMD_SEND (0x0e|0x03|0x00)
                  raw data (50): 
                  0e 03 00 32 00|00 df 28 1c e8 07 c0 00 29 00 01 
                  02 03 04 05 06 07 08 09 0a 0b 0c 0d 0e 0f 10 11 
                  12 13 14 15 16 17 18 19 1a 1b 1c 1d 1e 1f 20 21 
                  22 23 24 25 26 27 28
03:37:07:952	< BTP_BAP_CMD_SEND (0x0e|0x03|0x00)
                  raw data (1): 0e 03 00 01 00|29
03:37:07:968	> BTP_BAP_CMD_SEND (0x0e|0x03|0x00)
                  raw data (50): 
                  0e 03 00 32 00|00 df 28 1c e8 07 c0 00 29 00 01 
                  02 03 04 05 06 07 08 09 0a 0b 0c 0d 0e 0f 10 11 
                  12 13 14 15 16 17 18 19 1a 1b 1c 1d 1e 1f 20 21 
                  22 23 24 25 26 27 28
03:37:08:051	< BTP_BAP_CMD_SEND (0x0e|0x03|0x00)
                  raw data (1): 0e 03 00 01 00|29
03:37:08:073	> BTP_BAP_CMD_SEND (0x0e|0x03|0x00)
                  raw data (50): 
                  0e 03 00 32 00|00 df 28 1c e8 07 c0 00 29 00 01 
                  02 03 04 05 06 07 08 09 0a 0b 0c 0d 0e 0f 10 11 
                  12 13 14 15 16 17 18 19 1a 1b 1c 1d 1e 1f 20 21 
                  22 23 24 25 26 27 28
03:37:08:207	< BTP_BAP_CMD_SEND (0x0e|0x03|0x00)
                  raw data (1): 0e 03 00 01 00|29
03:37:08:239	> BTP_BAP_CMD_SEND (0x0e|0x03|0x00)
                  raw data (50): 
                  0e 03 00 32 00|00 df 28 1c e8 07 c0 00 29 00 01 
                  02 03 04 05 06 07 08 09 0a 0b 0c 0d 0e 0f 10 11 
                  12 13 14 15 16 17 18 19 1a 1b 1c 1d 1e 1f 20 21 
                  22 23 24 25 26 27 28
03:37:08:291	< BTP_BAP_CMD_SEND (0x0e|0x03|0x00)
                  raw data (1): 0e 03 00 01 00|29
03:37:08:292	> BTP_BAP_CMD_SEND (0x0e|0x03|0x00)
                  raw data (50): 
                  0e 03 00 32 00|00 df 28 1c e8 07 c0 00 29 00 01 
                  02 03 04 05 06 07 08 09 0a 0b 0c 0d 0e 0f 10 11 
                  12 13 14 15 16 17 18 19 1a 1b 1c 1d 1e 1f 20 21 
                  22 23 24 25 26 27 28
03:37:08:349	< BTP_BAP_CMD_SEND (0x0e|0x03|0x00)
                  raw data (1): 0e 03 00 01 00|29
03:37:08:350	> BTP_BAP_CMD_SEND (0x0e|0x03|0x00)
                  raw data (50): 
                  0e 03 00 32 00|00 df 28 1c e8 07 c0 00 29 00 01 
                  02 03 04 05 06 07 08 09 0a 0b 0c 0d 0e 0f 10 11 
                  12 13 14 15 16 17 18 19 1a 1b 1c 1d 1e 1f 20 21 
                  22 23 24 25 26 27 28
03:37:08:402	< BTP_BAP_CMD_SEND (0x0e|0x03|0x00)
                  raw data (1): 0e 03 00 01 00|29
03:37:08:418	> BTP_BAP_CMD_SEND (0x0e|0x03|0x00)
                  raw data (50): 
                  0e 03 00 32 00|00 df 28 1c e8 07 c0 00 29 00 01 
                  02 03 04 05 06 07 08 09 0a 0b 0c 0d 0e 0f 10 11 
                  12 13 14 15 16 17 18 19 1a 1b 1c 1d 1e 1f 20 21 
                  22 23 24 25 26 27 28
03:37:08:460	< BTP_BAP_CMD_SEND (0x0e|0x03|0x00)
                  raw data (1): 0e 03 00 01 00|29
03:37:08:461	> BTP_BAP_CMD_SEND (0x0e|0x03|0x00)
                  raw data (50): 
                  0e 03 00 32 00|00 df 28 1c e8 07 c0 00 29 00 01 
                  02 03 04 05 06 07 08 09 0a 0b 0c 0d 0e 0f 10 11 
                  12 13 14 15 16 17 18 19 1a 1b 1c 1d 1e 1f 20 21 
                  22 23 24 25 26 27 28
03:37:08:523	< BTP_BAP_CMD_SEND (0x0e|0x03|0x00)
                  raw data (1): 0e 03 00 01 00|29
03:37:08:524	> BTP_BAP_CMD_SEND (0x0e|0x03|0x00)
                  raw data (50): 
                  0e 03 00 32 00|00 df 28 1c e8 07 c0 00 29 00 01 
                  02 03 04 05 06 07 08 09 0a 0b 0c 0d 0e 0f 10 11 
                  12 13 14 15 16 17 18 19 1a 1b 1c 1d 1e 1f 20 21 
                  22 23 24 25 26 27 28
03:37:08:592	< BTP_BAP_CMD_SEND (0x0e|0x03|0x00)
                  raw data (1): 0e 03 00 01 00|29
03:37:08:597	> BTP_BAP_CMD_SEND (0x0e|0x03|0x00)
                  raw data (50): 
                  0e 03 00 32 00|00 df 28 1c e8 07 c0 00 29 00 01 
                  02 03 04 05 06 07 08 09 0a 0b 0c 0d 0e 0f 10 11 
                  12 13 14 15 16 17 18 19 1a 1b 1c 1d 1e 1f 20 21 
                  22 23 24 25 26 27 28
03:37:08:733	< BTP_BAP_CMD_SEND (0x0e|0x03|0x00)
                  raw data (1): 0e 03 00 01 00|29
03:37:08:733	> BTP_BAP_CMD_SEND (0x0e|0x03|0x00)
                  raw data (50): 
                  0e 03 00 32 00|00 df 28 1c e8 07 c0 00 29 00 01 
                  02 03 04 05 06 07 08 09 0a 0b 0c 0d 0e 0f 10 11 
                  12 13 14 15 16 17 18 19 1a 1b 1c 1d 1e 1f 20 21 
                  22 23 24 25 26 27 28
03:37:08:832	< BTP_BAP_CMD_SEND (0x0e|0x03|0x00)
                  raw data (1): 0e 03 00 01 00|29
03:37:08:833	> BTP_BAP_CMD_SEND (0x0e|0x03|0x00)
                  raw data (50): 
                  0e 03 00 32 00|00 df 28 1c e8 07 c0 00 29 00 01 
                  02 03 04 05 06 07 08 09 0a 0b 0c 0d 0e 0f 10 11 
                  12 13 14 15 16 17 18 19 1a 1b 1c 1d 1e 1f 20 21 
                  22 23 24 25 26 27 28
03:37:08:875	< BTP_BAP_CMD_SEND (0x0e|0x03|0x00)
                  raw data (1): 0e 03 00 01 00|29
03:37:08:880	> BTP_BAP_CMD_SEND (0x0e|0x03|0x00)
                  raw data (50): 
                  0e 03 00 32 00|00 df 28 1c e8 07 c0 00 29 00 01 
                  02 03 04 05 06 07 08 09 0a 0b 0c 0d 0e 0f 10 11 
                  12 13 14 15 16 17 18 19 1a 1b 1c 1d 1e 1f 20 21 
                  22 23 24 25 26 27 28
03:37:08:927	< BTP_BAP_CMD_SEND (0x0e|0x03|0x00)
                  raw data (1): 0e 03 00 01 00|29
03:37:08:938	> BTP_BAP_CMD_SEND (0x0e|0x03|0x00)
                  raw data (50): 
                  0e 03 00 32 00|00 df 28 1c e8 07 c0 00 29 00 01 
                  02 03 04 05 06 07 08 09 0a 0b 0c 0d 0e 0f 10 11 
                  12 13 14 15 16 17 18 19 1a 1b 1c 1d 1e 1f 20 21 
                  22 23 24 25 26 27 28
03:37:09:016	< BTP_BAP_CMD_SEND (0x0e|0x03|0x00)
                  raw data (1): 0e 03 00 01 00|29
03:37:09:022	> BTP_BAP_CMD_SEND (0x0e|0x03|0x00)
                  raw data (50): 
                  0e 03 00 32 00|00 df 28 1c e8 07 c0 00 29 00 01 
                  02 03 04 05 06 07 08 09 0a 0b 0c 0d 0e 0f 10 11 
                  12 13 14 15 16 17 18 19 1a 1b 1c 1d 1e 1f 20 21 
                  22 23 24 25 26 27 28
03:37:09:126	< BTP_BAP_CMD_SEND (0x0e|0x03|0x00)
                  raw data (1): 0e 03 00 01 00|29
03:37:09:168	> BTP_BAP_CMD_SEND (0x0e|0x03|0x00)
                  raw data (50): 
                  0e 03 00 32 00|00 df 28 1c e8 07 c0 00 29 00 01 
                  02 03 04 05 06 07 08 09 0a 0b 0c 0d 0e 0f 10 11 
                  12 13 14 15 16 17 18 19 1a 1b 1c 1d 1e 1f 20 21 
                  22 23 24 25 26 27 28
03:37:09:220	< BTP_BAP_CMD_SEND (0x0e|0x03|0x00)
                  raw data (1): 0e 03 00 01 00|29
03:37:09:231	> BTP_BAP_CMD_SEND (0x0e|0x03|0x00)
                  raw data (50): 
                  0e 03 00 32 00|00 df 28 1c e8 07 c0 00 29 00 01 
                  02 03 04 05 06 07 08 09 0a 0b 0c 0d 0e 0f 10 11 
                  12 13 14 15 16 17 18 19 1a 1b 1c 1d 1e 1f 20 21 
                  22 23 24 25 26 27 28
03:37:09:269	< BTP_BAP_CMD_SEND (0x0e|0x03|0x00)
                  raw data (1): 0e 03 00 01 00|29
03:37:09:270	> BTP_BAP_CMD_SEND (0x0e|0x03|0x00)
                  raw data (50): 
                  0e 03 00 32 00|00 df 28 1c e8 07 c0 00 29 00 01 
                  02 03 04 05 06 07 08 09 0a 0b 0c 0d 0e 0f 10 11 
                  12 13 14 15 16 17 18 19 1a 1b 1c 1d 1e 1f 20 21 
                  22 23 24 25 26 27 28
03:37:09:312	< BTP_BAP_CMD_SEND (0x0e|0x03|0x00)
                  raw data (1): 0e 03 00 01 00|29
03:37:09:312	> BTP_BAP_CMD_SEND (0x0e|0x03|0x00)
                  raw data (50): 
                  0e 03 00 32 00|00 df 28 1c e8 07 c0 00 29 00 01 
                  02 03 04 05 06 07 08 09 0a 0b 0c 0d 0e 0f 10 11 
                  12 13 14 15 16 17 18 19 1a 1b 1c 1d 1e 1f 20 21 
                  22 23 24 25 26 27 28
03:37:09:359	< BTP_BAP_CMD_SEND (0x0e|0x03|0x00)
                  raw data (1): 0e 03 00 01 00|29
03:37:09:360	> BTP_BAP_CMD_SEND (0x0e|0x03|0x00)
                  raw data (50): 
                  0e 03 00 32 00|00 df 28 1c e8 07 c0 00 29 00 01 
                  02 03 04 05 06 07 08 09 0a 0b 0c 0d 0e 0f 10 11 
                  12 13 14 15 16 17 18 19 1a 1b 1c 1d 1e 1f 20 21 
                  22 23 24 25 26 27 28
03:37:09:413	< BTP_BAP_CMD_SEND (0x0e|0x03|0x00)
                  raw data (1): 0e 03 00 01 00|29
03:37:09:413	> BTP_BAP_CMD_SEND (0x0e|0x03|0x00)
                  raw data (50): 
                  0e 03 00 32 00|00 df 28 1c e8 07 c0 00 29 00 01 
                  02 03 04 05 06 07 08 09 0a 0b 0c 0d 0e 0f 10 11 
                  12 13 14 15 16 17 18 19 1a 1b 1c 1d 1e 1f 20 21 
                  22 23 24 25 26 27 28
03:37:09:532	< BTP_BAP_CMD_SEND (0x0e|0x03|0x00)
                  raw data (1): 0e 03 00 01 00|29
03:37:09:543	> BTP_BAP_CMD_SEND (0x0e|0x03|0x00)
                  raw data (50): 
                  0e 03 00 32 00|00 df 28 1c e8 07 c0 00 29 00 01 
                  02 03 04 05 06 07 08 09 0a 0b 0c 0d 0e 0f 10 11 
                  12 13 14 15 16 17 18 19 1a 1b 1c 1d 1e 1f 20 21 
                  22 23 24 25 26 27 28
03:37:09:595	< BTP_BAP_CMD_SEND (0x0e|0x03|0x00)
                  raw data (1): 0e 03 00 01 00|29
03:37:09:602	> BTP_BAP_CMD_SEND (0x0e|0x03|0x00)
                  raw data (50): 
                  0e 03 00 32 00|00 df 28 1c e8 07 c0 00 29 00 01 
                  02 03 04 05 06 07 08 09 0a 0b 0c 0d 0e 0f 10 11 
                  12 13 14 15 16 17 18 19 1a 1b 1c 1d 1e 1f 20 21 
                  22 23 24 25 26 27 28
03:37:09:613	< BTP_BAP_CMD_SEND (0x0e|0x03|0x00)
                  raw data (1): 0e 03 00 01 00|29
03:37:09:619	> BTP_BAP_CMD_SEND (0x0e|0x03|0x00)
                  raw data (50): 
                  0e 03 00 32 00|00 df 28 1c e8 07 c0 00 29 00 01 
                  02 03 04 05 06 07 08 09 0a 0b 0c 0d 0e 0f 10 11 
                  12 13 14 15 16 17 18 19 1a 1b 1c 1d 1e 1f 20 21 
                  22 23 24 25 26 27 28
03:37:09:723	< BTP_BAP_CMD_SEND (0x0e|0x03|0x00)
                  raw data (1): 0e 03 00 01 00|29
03:37:09:724	> BTP_BAP_CMD_SEND (0x0e|0x03|0x00)
                  raw data (50): 
                  0e 03 00 32 00|00 df 28 1c e8 07 c0 00 29 00 01 
                  02 03 04 05 06 07 08 09 0a 0b 0c 0d 0e 0f 10 11 
                  12 13 14 15 16 17 18 19 1a 1b 1c 1d 1e 1f 20 21 
                  22 23 24 25 26 27 28
03:37:09:817	< BTP_BAP_CMD_SEND (0x0e|0x03|0x00)
                  raw data (1): 0e 03 00 01 00|29
03:37:09:823	> BTP_BAP_CMD_SEND (0x0e|0x03|0x00)
                  raw data (50): 
                  0e 03 00 32 00|00 df 28 1c e8 07 c0 00 29 00 01 
                  02 03 04 05 06 07 08 09 0a 0b 0c 0d 0e 0f 10 11 
                  12 13 14 15 16 17 18 19 1a 1b 1c 1d 1e 1f 20 21 
                  22 23 24 25 26 27 28
03:37:09:902	< BTP_BAP_CMD_SEND (0x0e|0x03|0x00)
                  raw data (1): 0e 03 00 01 00|29
03:37:09:907	> BTP_BAP_CMD_SEND (0x0e|0x03|0x00)
                  raw data (50): 
                  0e 03 00 32 00|00 df 28 1c e8 07 c0 00 29 00 01 
                  02 03 04 05 06 07 08 09 0a 0b 0c 0d 0e 0f 10 11 
                  12 13 14 15 16 17 18 19 1a 1b 1c 1d 1e 1f 20 21 
                  22 23 24 25 26 27 28
03:37:09:940	< BTP_BAP_CMD_SEND (0x0e|0x03|0x00)
                  raw data (1): 0e 03 00 01 00|29
03:37:09:940	> BTP_BAP_CMD_SEND (0x0e|0x03|0x00)
                  raw data (50): 
                  0e 03 00 32 00|00 df 28 1c e8 07 c0 00 29 00 01 
                  02 03 04 05 06 07 08 09 0a 0b 0c 0d 0e 0f 10 11 
                  12 13 14 15 16 17 18 19 1a 1b 1c 1d 1e 1f 20 21 
                  22 23 24 25 26 27 28
03:37:09:982	< BTP_BAP_CMD_SEND (0x0e|0x03|0x00)
                  raw data (1): 0e 03 00 01 00|29
03:37:09:983	> BTP_BAP_CMD_SEND (0x0e|0x03|0x00)
                  raw data (50): 
                  0e 03 00 32 00|00 df 28 1c e8 07 c0 00 29 00 01 
                  02 03 04 05 06 07 08 09 0a 0b 0c 0d 0e 0f 10 11 
                  12 13 14 15 16 17 18 19 1a 1b 1c 1d 1e 1f 20 21 
                  22 23 24 25 26 27 28
03:37:10:061	< BTP_BAP_CMD_SEND (0x0e|0x03|0x00)
                  raw data (1): 0e 03 00 01 00|29
03:37:10:077	> BTP_BAP_CMD_SEND (0x0e|0x03|0x00)
                  raw data (50): 
                  0e 03 00 32 00|00 df 28 1c e8 07 c0 00 29 00 01 
                  02 03 04 05 06 07 08 09 0a 0b 0c 0d 0e 0f 10 11 
                  12 13 14 15 16 17 18 19 1a 1b 1c 1d 1e 1f 20 21 
                  22 23 24 25 26 27 28
03:37:10:129	< BTP_BAP_CMD_SEND (0x0e|0x03|0x00)
                  raw data (1): 0e 03 00 01 00|29
03:37:10:130	> BTP_BAP_CMD_SEND (0x0e|0x03|0x00)
                  raw data (50): 
                  0e 03 00 32 00|00 df 28 1c e8 07 c0 00 29 00 01 
                  02 03 04 05 06 07 08 09 0a 0b 0c 0d 0e 0f 10 11 
                  12 13 14 15 16 17 18 19 1a 1b 1c 1d 1e 1f 20 21 
                  22 23 24 25 26 27 28
03:37:10:193	< BTP_BAP_CMD_SEND (0x0e|0x03|0x00)
                  raw data (1): 0e 03 00 01 00|29
03:37:10:194	> BTP_BAP_CMD_SEND (0x0e|0x03|0x00)
                  raw data (50): 
                  0e 03 00 32 00|00 df 28 1c e8 07 c0 00 29 00 01 
                  02 03 04 05 06 07 08 09 0a 0b 0c 0d 0e 0f 10 11 
                  12 13 14 15 16 17 18 19 1a 1b 1c 1d 1e 1f 20 21 
                  22 23 24 25 26 27 28
03:37:10:225	< BTP_BAP_CMD_SEND (0x0e|0x03|0x00)
                  raw data (1): 0e 03 00 01 00|29
03:37:10:226	> BTP_BAP_CMD_SEND (0x0e|0x03|0x00)
                  raw data (50): 
                  0e 03 00 32 00|00 df 28 1c e8 07 c0 00 29 00 01 
                  02 03 04 05 06 07 08 09 0a 0b 0c 0d 0e 0f 10 11 
                  12 13 14 15 16 17 18 19 1a 1b 1c 1d 1e 1f 20 21 
                  22 23 24 25 26 27 28
03:37:10:283	< BTP_BAP_CMD_SEND (0x0e|0x03|0x00)
                  raw data (1): 0e 03 00 01 00|29
03:37:10:295	> BTP_BAP_CMD_SEND (0x0e|0x03|0x00)
                  raw data (50): 
                  0e 03 00 32 00|00 df 28 1c e8 07 c0 00 29 00 01 
                  02 03 04 05 06 07 08 09 0a 0b 0c 0d 0e 0f 10 11 
                  12 13 14 15 16 17 18 19 1a 1b 1c 1d 1e 1f 20 21 
                  22 23 24 25 26 27 28
03:37:10:336	< BTP_BAP_CMD_SEND (0x0e|0x03|0x00)
                  raw data (1): 0e 03 00 01 00|29
03:37:10:352	> BTP_BAP_CMD_SEND (0x0e|0x03|0x00)
                  raw data (50): 
                  0e 03 00 32 00|00 df 28 1c e8 07 c0 00 29 00 01 
                  02 03 04 05 06 07 08 09 0a 0b 0c 0d 0e 0f 10 11 
                  12 13 14 15 16 17 18 19 1a 1b 1c 1d 1e 1f 20 21 
                  22 23 24 25 26 27 28
03:37:10:369	< BTP_BAP_CMD_SEND (0x0e|0x03|0x00)
                  raw data (1): 0e 03 00 01 00|29
03:37:10:369	> BTP_BAP_CMD_SEND (0x0e|0x03|0x00)
                  raw data (50): 
                  0e 03 00 32 00|00 df 28 1c e8 07 c0 00 29 00 01 
                  02 03 04 05 06 07 08 09 0a 0b 0c 0d 0e 0f 10 11 
                  12 13 14 15 16 17 18 19 1a 1b 1c 1d 1e 1f 20 21 
                  22 23 24 25 26 27 28
03:37:10:432	< BTP_BAP_CMD_SEND (0x0e|0x03|0x00)
                  raw data (1): 0e 03 00 01 00|29
03:37:10:443	> BTP_BAP_CMD_SEND (0x0e|0x03|0x00)
                  raw data (50): 
                  0e 03 00 32 00|00 df 28 1c e8 07 c0 00 29 00 01 
                  02 03 04 05 06 07 08 09 0a 0b 0c 0d 0e 0f 10 11 
                  12 13 14 15 16 17 18 19 1a 1b 1c 1d 1e 1f 20 21 
                  22 23 24 25 26 27 28
03:37:10:506	< BTP_BAP_CMD_SEND (0x0e|0x03|0x00)
                  raw data (1): 0e 03 00 01 00|29
03:37:10:508	> BTP_BAP_CMD_SEND (0x0e|0x03|0x00)
                  raw data (50): 
                  0e 03 00 32 00|00 df 28 1c e8 07 c0 00 29 00 01 
                  02 03 04 05 06 07 08 09 0a 0b 0c 0d 0e 0f 10 11 
                  12 13 14 15 16 17 18 19 1a 1b 1c 1d 1e 1f 20 21 
                  22 23 24 25 26 27 28
03:37:10:591	< BTP_BAP_CMD_SEND (0x0e|0x03|0x00)
                  raw data (1): 0e 03 00 01 00|29
03:37:10:628	> BTP_BAP_CMD_SEND (0x0e|0x03|0x00)
                  raw data (50): 
                  0e 03 00 32 00|00 df 28 1c e8 07 c0 00 29 00 01 
                  02 03 04 05 06 07 08 09 0a 0b 0c 0d 0e 0f 10 11 
                  12 13 14 15 16 17 18 19 1a 1b 1c 1d 1e 1f 20 21 
                  22 23 24 25 26 27 28
03:37:10:701	< BTP_BAP_CMD_SEND (0x0e|0x03|0x00)
                  raw data (1): 0e 03 00 01 00|29
03:37:10:702	> BTP_BAP_CMD_SEND (0x0e|0x03|0x00)
                  raw data (50): 
                  0e 03 00 32 00|00 df 28 1c e8 07 c0 00 29 00 01 
                  02 03 04 05 06 07 08 09 0a 0b 0c 0d 0e 0f 10 11 
                  12 13 14 15 16 17 18 19 1a 1b 1c 1d 1e 1f 20 21 
                  22 23 24 25 26 27 28
03:37:10:728	< BTP_BAP_CMD_SEND (0x0e|0x03|0x00)
                  raw data (1): 0e 03 00 01 00|29
03:37:10:739	> BTP_BAP_CMD_SEND (0x0e|0x03|0x00)
                  raw data (50): 
                  0e 03 00 32 00|00 df 28 1c e8 07 c0 00 29 00 01 
                  02 03 04 05 06 07 08 09 0a 0b 0c 0d 0e 0f 10 11 
                  12 13 14 15 16 17 18 19 1a 1b 1c 1d 1e 1f 20 21 
                  22 23 24 25 26 27 28
03:37:10:822	< BTP_BAP_CMD_SEND (0x0e|0x03|0x00)
                  raw data (1): 0e 03 00 01 00|29
03:37:10:839	> BTP_BAP_CMD_SEND (0x0e|0x03|0x00)
                  raw data (50): 
                  0e 03 00 32 00|00 df 28 1c e8 07 c0 00 29 00 01 
                  02 03 04 05 06 07 08 09 0a 0b 0c 0d 0e 0f 10 11 
                  12 13 14 15 16 17 18 19 1a 1b 1c 1d 1e 1f 20 21 
                  22 23 24 25 26 27 28
03:37:10:994	< BTP_BAP_CMD_SEND (0x0e|0x03|0x00)
                  raw data (1): 0e 03 00 01 00|29
03:37:10:995	> BTP_BAP_CMD_SEND (0x0e|0x03|0x00)
                  raw data (50): 
                  0e 03 00 32 00|00 df 28 1c e8 07 c0 00 29 00 01 
                  02 03 04 05 06 07 08 09 0a 0b 0c 0d 0e 0f 10 11 
                  12 13 14 15 16 17 18 19 1a 1b 1c 1d 1e 1f 20 21 
                  22 23 24 25 26 27 28
03:37:11:062	< BTP_BAP_CMD_SEND (0x0e|0x03|0x00)
                  raw data (1): 0e 03 00 01 00|29
03:37:11:073	> BTP_BAP_CMD_SEND (0x0e|0x03|0x00)
                  raw data (50): 
                  0e 03 00 32 00|00 df 28 1c e8 07 c0 00 29 00 01 
                  02 03 04 05 06 07 08 09 0a 0b 0c 0d 0e 0f 10 11 
                  12 13 14 15 16 17 18 19 1a 1b 1c 1d 1e 1f 20 21 
                  22 23 24 25 26 27 28
03:37:11:126	< BTP_BAP_CMD_SEND (0x0e|0x03|0x00)
                  raw data (1): 0e 03 00 01 00|29
03:37:11:127	> BTP_BAP_CMD_SEND (0x0e|0x03|0x00)
                  raw data (50): 
                  0e 03 00 32 00|00 df 28 1c e8 07 c0 00 29 00 01 
                  02 03 04 05 06 07 08 09 0a 0b 0c 0d 0e 0f 10 11 
                  12 13 14 15 16 17 18 19 1a 1b 1c 1d 1e 1f 20 21 
                  22 23 24 25 26 27 28
03:37:11:138	< BTP_BAP_CMD_SEND (0x0e|0x03|0x00)
                  raw data (1): 0e 03 00 01 00|29
03:37:11:154	> BTP_BAP_CMD_SEND (0x0e|0x03|0x00)
                  raw data (50): 
                  0e 03 00 32 00|00 df 28 1c e8 07 c0 00 29 00 01 
                  02 03 04 05 06 07 08 09 0a 0b 0c 0d 0e 0f 10 11 
                  12 13 14 15 16 17 18 19 1a 1b 1c 1d 1e 1f 20 21 
                  22 23 24 25 26 27 28
03:37:11:217	< BTP_BAP_CMD_SEND (0x0e|0x03|0x00)
                  raw data (1): 0e 03 00 01 00|29
03:37:11:217	> BTP_BAP_CMD_SEND (0x0e|0x03|0x00)
                  raw data (50): 
                  0e 03 00 32 00|00 df 28 1c e8 07 c0 00 29 00 01 
                  02 03 04 05 06 07 08 09 0a 0b 0c 0d 0e 0f 10 11 
                  12 13 14 15 16 17 18 19 1a 1b 1c 1d 1e 1f 20 21 
                  22 23 24 25 26 27 28
03:37:11:321	< BTP_BAP_CMD_SEND (0x0e|0x03|0x00)
                  raw data (1): 0e 03 00 01 00|29
03:37:11:353	> BTP_BAP_CMD_SEND (0x0e|0x03|0x00)
                  raw data (50): 
                  0e 03 00 32 00|00 df 28 1c e8 07 c0 00 29 00 01 
                  02 03 04 05 06 07 08 09 0a 0b 0c 0d 0e 0f 10 11 
                  12 13 14 15 16 17 18 19 1a 1b 1c 1d 1e 1f 20 21 
                  22 23 24 25 26 27 28
03:37:11:549	< BTP_BAP_CMD_SEND (0x0e|0x03|0x00)
                  raw data (1): 0e 03 00 01 00|29
03:37:11:555	> BTP_BAP_CMD_SEND (0x0e|0x03|0x00)
                  raw data (50): 
                  0e 03 00 32 00|00 df 28 1c e8 07 c0 00 29 00 01 
                  02 03 04 05 06 07 08 09 0a 0b 0c 0d 0e 0f 10 11 
                  12 13 14 15 16 17 18 19 1a 1b 1c 1d 1e 1f 20 21 
                  22 23 24 25 26 27 28
03:37:11:581	< BTP_BAP_CMD_SEND (0x0e|0x03|0x00)
                  raw data (1): 0e 03 00 01 00|29
03:37:22:413	< BTP_CORE_EV_IUT_READY (0x00|0x80|0xff)
                  raw data (0): 00 80 ff 00 00|
