2024-04-06 10:38:33,697 LT1-thread root DEBUG client.py                 943   _run_test_case            : Starting TestCase _run_test_case MESH MESH/NODE/CFG/MP/BI-02-C
2024-04-06 10:38:33,697 LT1-thread root DEBUG testcase.py               712   pre_run                   : pre_run MESH MESH/NODE/CFG/MP/BI-02-C
2024-04-06 10:38:33,697 LT1-thread root DEBUG testcase.py               714   pre_run                   : About to run test case MESH MESH/NODE/CFG/MP/BI-02-C with commands:
2024-04-06 10:38:33,697 LT1-thread root DEBUG testcase.py               717   pre_run                   : 0) class=<class 'autopts.ptsprojects.testcase.TestFunc'>, func=<bound method Stack.core_init of <autopts.ptsprojects.stack.stack.Stack object at 0x000002716332DA60>> start_wid=None stop_wid=None post_wid=None skip_call=None call_count=0 args=() kwds={}
2024-04-06 10:38:33,698 LT1-thread root DEBUG testcase.py               717   pre_run                   : 1) class=<class 'autopts.ptsprojects.testcase.TestFunc'>, func=<bound method ZephyrCtl.hw_reset of <autopts.ptsprojects.zephyr.iutctl.ZephyrCtl object at 0x0000027163337D90>> start_wid=None stop_wid=None post_wid=None skip_call=None call_count=0 args=() kwds={}
2024-04-06 10:38:33,698 LT1-thread root DEBUG testcase.py               717   pre_run                   : 2) class=<class 'autopts.ptsprojects.testcase.TestFunc'>, func=<bound method ZephyrCtl.start of <autopts.ptsprojects.zephyr.iutctl.ZephyrCtl object at 0x0000027163337D90>> start_wid=None stop_wid=None post_wid=None skip_call=None call_count=0 args=(<autopts.ptsprojects.zephyr.ztestcase.ZTestCase object at 0x000002716367DA90>,) kwds={}
2024-04-06 10:38:33,698 LT1-thread root DEBUG testcase.py               717   pre_run                   : 3) class=<class 'autopts.ptsprojects.testcase.TestFunc'>, func=<bound method ZephyrCtl.hw_reset of <autopts.ptsprojects.zephyr.iutctl.ZephyrCtl object at 0x0000027163337D90>> start_wid=None stop_wid=None post_wid=None skip_call=None call_count=0 args=() kwds={}
2024-04-06 10:38:33,698 LT1-thread root DEBUG testcase.py               717   pre_run                   : 4) class=<class 'autopts.ptsprojects.testcase.TestFunc'>, func=<bound method ZephyrCtl.wait_iut_ready_event of <autopts.ptsprojects.zephyr.iutctl.ZephyrCtl object at 0x0000027163337D90>> start_wid=None stop_wid=None post_wid=None skip_call=None call_count=0 args=(False,) kwds={}
2024-04-06 10:38:33,698 LT1-thread root DEBUG testcase.py               717   pre_run                   : 5) class=<class 'autopts.ptsprojects.testcase.TestFunc'>, func=<function core_reg_svc_gap at 0x000002716192E160> start_wid=None stop_wid=None post_wid=None skip_call=None call_count=424 args=() kwds={}
2024-04-06 10:38:33,698 LT1-thread root DEBUG testcase.py               717   pre_run                   : 6) class=<class 'autopts.ptsprojects.testcase.TestFunc'>, func=<function core_reg_svc_gatt at 0x000002716192E280> start_wid=None stop_wid=None post_wid=None skip_call=None call_count=424 args=() kwds={}
2024-04-06 10:38:33,698 LT1-thread root DEBUG testcase.py               717   pre_run                   : 7) class=<class 'autopts.ptsprojects.testcase.TestFunc'>, func=<function core_reg_svc_mesh at 0x000002716192E4C0> start_wid=None stop_wid=None post_wid=None skip_call=None call_count=424 args=() kwds={}
2024-04-06 10:38:33,698 LT1-thread root DEBUG testcase.py               717   pre_run                   : 8) class=<class 'autopts.ptsprojects.testcase.TestFunc'>, func=<function mesh_init at 0x00000271619B1F70> start_wid=None stop_wid=None post_wid=None skip_call=None call_count=424 args=() kwds={}
2024-04-06 10:38:33,698 LT1-thread root DEBUG testcase.py               717   pre_run                   : 9) class=<class 'autopts.ptsprojects.testcase.TestFunc'>, func=<function gap_read_ctrl_info at 0x0000027161943160> start_wid=None stop_wid=None post_wid=None skip_call=None call_count=424 args=() kwds={}
2024-04-06 10:38:33,698 LT1-thread root DEBUG testcase.py               717   pre_run                   : 10) class=<class 'autopts.ptsprojects.testcase.TestFunc'>, func=<function test_cases.<locals>.<lambda> at 0x000002716352EDC0> start_wid=None stop_wid=None post_wid=None skip_call=None call_count=424 args=() kwds={}
2024-04-06 10:38:33,698 LT1-thread root DEBUG testcase.py               717   pre_run                   : 11) class=<class 'autopts.ptsprojects.testcase.TestFunc'>, func=<function test_cases.<locals>.<lambda> at 0x000002716352ED30> start_wid=None stop_wid=None post_wid=None skip_call=None call_count=424 args=() kwds={}
2024-04-06 10:38:33,698 LT1-thread root DEBUG testcase.py               717   pre_run                   : 12) class=<class 'autopts.ptsprojects.testcase.TestFunc'>, func=<function test_cases.<locals>.<lambda> at 0x000002716352EEE0> start_wid=None stop_wid=None post_wid=None skip_call=None call_count=424 args=() kwds={}
2024-04-06 10:38:33,699 LT1-thread root DEBUG testcase.py               717   pre_run                   : 13) class=<class 'autopts.ptsprojects.testcase.TestFunc'>, func=<function test_cases.<locals>.<lambda> at 0x000002716352ECA0> start_wid=None stop_wid=None post_wid=None skip_call=None call_count=424 args=() kwds={}
2024-04-06 10:38:33,699 LT1-thread root DEBUG testcase.py               717   pre_run                   : 14) class=<class 'autopts.ptsprojects.testcase.TestFunc'>, func=<function test_cases.<locals>.<lambda> at 0x000002716350B3A0> start_wid=None stop_wid=None post_wid=None skip_call=None call_count=424 args=() kwds={}
2024-04-06 10:38:33,699 LT1-thread root DEBUG testcase.py               717   pre_run                   : 15) class=<class 'autopts.ptsprojects.testcase.TestFunc'>, func=<function test_cases.<locals>.<lambda> at 0x000002716350B310> start_wid=None stop_wid=None post_wid=None skip_call=None call_count=424 args=() kwds={}
2024-04-06 10:38:33,699 LT1-thread root DEBUG testcase.py               717   pre_run                   : 16) class=<class 'autopts.ptsprojects.testcase.TestFunc'>, func=<function test_cases.<locals>.<lambda> at 0x000002716350B430> start_wid=None stop_wid=None post_wid=None skip_call=None call_count=424 args=() kwds={}
2024-04-06 10:38:33,699 LT1-thread root DEBUG testcase.py               717   pre_run                   : 17) class=<class 'autopts.ptsprojects.testcase.TestFunc'>, func=<function test_cases.<locals>.<lambda> at 0x0000027163573040> start_wid=None stop_wid=None post_wid=None skip_call=None call_count=424 args=() kwds={}
2024-04-06 10:38:33,699 LT1-thread root DEBUG testcase.py               717   pre_run                   : 18) class=<class 'autopts.ptsprojects.testcase.TestFunc'>, func=<function test_cases.<locals>.<lambda> at 0x00000271635730D0> start_wid=None stop_wid=None post_wid=None skip_call=None call_count=424 args=() kwds={}
2024-04-06 10:38:33,699 LT1-thread root DEBUG testcase.py               717   pre_run                   : 19) class=<class 'autopts.ptsprojects.testcase.TestFuncCleanUp'>, func=<bound method Stack.cleanup of <autopts.ptsprojects.stack.stack.Stack object at 0x000002716332DA60>> start_wid=None stop_wid=None post_wid=None skip_call=None call_count=0 args=() kwds={}
2024-04-06 10:38:33,699 LT1-thread root DEBUG testcase.py               717   pre_run                   : 20) class=<class 'autopts.ptsprojects.testcase.TestFuncCleanUp'>, func=<bound method ZephyrCtl.stop of <autopts.ptsprojects.zephyr.iutctl.ZephyrCtl object at 0x0000027163337D90>> start_wid=None stop_wid=None post_wid=None skip_call=None call_count=0 args=() kwds={}
2024-04-06 10:38:33,699 LT1-thread root DEBUG testcase.py               724   pre_run                   : pre_run, run pre test case script
2024-04-06 10:38:33,703 LT1-thread root DEBUG testcase.py               253   start                     : Starting test function: class=<class 'autopts.ptsprojects.testcase.TestFunc'>, func=<bound method Stack.core_init of <autopts.ptsprojects.stack.stack.Stack object at 0x000002716332DA60>> start_wid=None stop_wid=None post_wid=None skip_call=None call_count=1 args=() kwds={}
2024-04-06 10:38:33,703 LT1-thread root DEBUG testcase.py               265   start                     : Test function parameters: args=(), kwds={}
2024-04-06 10:38:33,703 LT1-thread root DEBUG testcase.py               253   start                     : Starting test function: class=<class 'autopts.ptsprojects.testcase.TestFunc'>, func=<bound method ZephyrCtl.hw_reset of <autopts.ptsprojects.zephyr.iutctl.ZephyrCtl object at 0x0000027163337D90>> start_wid=None stop_wid=None post_wid=None skip_call=None call_count=1 args=() kwds={}
2024-04-06 10:38:33,704 LT1-thread root DEBUG testcase.py               265   start                     : Test function parameters: args=(), kwds={}
2024-04-06 10:38:33,704 LT1-thread root DEBUG testcase.py               253   start                     : Starting test function: class=<class 'autopts.ptsprojects.testcase.TestFunc'>, func=<bound method ZephyrCtl.start of <autopts.ptsprojects.zephyr.iutctl.ZephyrCtl object at 0x0000027163337D90>> start_wid=None stop_wid=None post_wid=None skip_call=None call_count=1 args=(<autopts.ptsprojects.zephyr.ztestcase.ZTestCase object at 0x000002716367DA90>,) kwds={}
2024-04-06 10:38:33,704 LT1-thread root DEBUG testcase.py               265   start                     : Test function parameters: args=(<autopts.ptsprojects.zephyr.ztestcase.ZTestCase object at 0x000002716367DA90>,), kwds={}
2024-04-06 10:38:33,704 LT1-thread root DEBUG iutctl.py                 103   start                     : <class 'autopts.ptsprojects.zephyr.iutctl.ZephyrCtl'>.start
2024-04-06 10:38:33,704 LT1-thread root DEBUG iutctl.py                 168   flush_serial              : <class 'autopts.ptsprojects.zephyr.iutctl.ZephyrCtl'>.flush_serial
2024-04-06 10:38:34,785 LT1-thread root DEBUG iutctl.py                 133   start                     : Starting socat process: socat.exe -x -v tcp:192.168.9.43:52647,retry=100,interval=1 /dev/ttyS4,raw,b115200
2024-04-06 10:38:34,789 LT1-thread root DEBUG iutctl_common.py          293   accept                    : accept
2024-04-06 10:38:34,808 BTPWorkerThread-5278 root DEBUG iutctl_common.py          198   _rx_task                  : BTPWorkerThread-5278 started
2024-04-06 10:38:34,808 LT1-thread root DEBUG testcase.py               253   start                     : Starting test function: class=<class 'autopts.ptsprojects.testcase.TestFunc'>, func=<bound method ZephyrCtl.hw_reset of <autopts.ptsprojects.zephyr.iutctl.ZephyrCtl object at 0x0000027163337D90>> start_wid=None stop_wid=None post_wid=None skip_call=None call_count=1 args=() kwds={}
2024-04-06 10:38:34,808 LT1-thread root DEBUG testcase.py               265   start                     : Test function parameters: args=(), kwds={}
2024-04-06 10:38:34,808 LT1-thread root DEBUG testcase.py               253   start                     : Starting test function: class=<class 'autopts.ptsprojects.testcase.TestFunc'>, func=<bound method ZephyrCtl.wait_iut_ready_event of <autopts.ptsprojects.zephyr.iutctl.ZephyrCtl object at 0x0000027163337D90>> start_wid=None stop_wid=None post_wid=None skip_call=None call_count=1 args=(False,) kwds={}
2024-04-06 10:38:34,808 LT1-thread root DEBUG testcase.py               265   start                     : Test function parameters: args=(False,), kwds={}
2024-04-06 10:38:34,809 LT1-thread root DEBUG iutctl.py                 229   wait_iut_ready_event      : IUT ready event received OK
2024-04-06 10:38:34,809 LT1-thread root DEBUG testcase.py               253   start                     : Starting test function: class=<class 'autopts.ptsprojects.testcase.TestFunc'>, func=<function core_reg_svc_gap at 0x000002716192E160> start_wid=None stop_wid=None post_wid=None skip_call=None call_count=425 args=() kwds={}
2024-04-06 10:38:34,809 LT1-thread root DEBUG testcase.py               265   start                     : Test function parameters: args=(), kwds={}
2024-04-06 10:38:34,809 LT1-thread root DEBUG btp.py                    458   core_reg_svc_gap          : core_reg_svc_gap
2024-04-06 10:38:34,809 LT1-thread root DEBUG iutctl_common.py          106   send                      : send, 0 3 255 '1'
2024-04-06 10:38:34,809 LT1-thread root DEBUG iutctl_common.py          111   send                      : sending frame '0003ff010001'
2024-04-06 10:38:34,809 LT1-thread root DEBUG btp.py                    707   core_reg_svc_rsp_succ     : core_reg_svc_rsp_succ
2024-04-06 10:38:34,810 LT1-thread root DEBUG iutctl_common.py          230   read                      : read
2024-04-06 10:38:34,862 BTPWorkerThread-5278 root DEBUG iutctl_common.py          76    read                      : Read 5 bytes
2024-04-06 10:38:34,878 BTPWorkerThread-5278 root DEBUG iutctl_common.py          83    read                      : Received: hdr: Header(svc_id=0, op=3, ctrl_index=255, data_len=0) bytearray(b'\x00\x03\xff\x00\x00')
2024-04-06 10:38:34,894 BTPWorkerThread-5278 root DEBUG iutctl_common.py          99    read                      : Received data: {''}, bytearray(b'')
2024-04-06 10:38:34,910 LT1-thread root DEBUG btp.py                    718   core_reg_svc_rsp_succ     : received Header(svc_id=0, op=3, ctrl_index=255, data_len=0) (b'',)
2024-04-06 10:38:34,910 LT1-thread root DEBUG btp.py                    719   core_reg_svc_rsp_succ     : expected ((0, 3, 255, 0), (b'',))
2024-04-06 10:38:34,910 LT1-thread root DEBUG btp.py                    724   core_reg_svc_rsp_succ     : response is valid
2024-04-06 10:38:34,910 LT1-thread root DEBUG testcase.py               253   start                     : Starting test function: class=<class 'autopts.ptsprojects.testcase.TestFunc'>, func=<function core_reg_svc_gatt at 0x000002716192E280> start_wid=None stop_wid=None post_wid=None skip_call=None call_count=425 args=() kwds={}
2024-04-06 10:38:34,910 LT1-thread root DEBUG testcase.py               265   start                     : Test function parameters: args=(), kwds={}
2024-04-06 10:38:34,910 LT1-thread root DEBUG btp.py                    476   core_reg_svc_gatt         : core_reg_svc_gatt
2024-04-06 10:38:34,910 LT1-thread root DEBUG iutctl_common.py          106   send                      : send, 0 3 255 '2'
2024-04-06 10:38:34,910 LT1-thread root DEBUG iutctl_common.py          111   send                      : sending frame '0003ff010002'
2024-04-06 10:38:34,911 LT1-thread root DEBUG btp.py                    707   core_reg_svc_rsp_succ     : core_reg_svc_rsp_succ
2024-04-06 10:38:34,911 LT1-thread root DEBUG iutctl_common.py          230   read                      : read
2024-04-06 10:38:34,957 BTPWorkerThread-5278 root DEBUG iutctl_common.py          76    read                      : Read 5 bytes
2024-04-06 10:38:34,973 BTPWorkerThread-5278 root DEBUG iutctl_common.py          83    read                      : Received: hdr: Header(svc_id=0, op=3, ctrl_index=255, data_len=0) bytearray(b'\x00\x03\xff\x00\x00')
2024-04-06 10:38:34,988 BTPWorkerThread-5278 root DEBUG iutctl_common.py          99    read                      : Received data: {''}, bytearray(b'')
2024-04-06 10:38:35,004 LT1-thread root DEBUG btp.py                    718   core_reg_svc_rsp_succ     : received Header(svc_id=0, op=3, ctrl_index=255, data_len=0) (b'',)
2024-04-06 10:38:35,004 LT1-thread root DEBUG btp.py                    719   core_reg_svc_rsp_succ     : expected ((0, 3, 255, 0), (b'',))
2024-04-06 10:38:35,004 LT1-thread root DEBUG btp.py                    724   core_reg_svc_rsp_succ     : response is valid
2024-04-06 10:38:35,004 LT1-thread root DEBUG testcase.py               253   start                     : Starting test function: class=<class 'autopts.ptsprojects.testcase.TestFunc'>, func=<function core_reg_svc_mesh at 0x000002716192E4C0> start_wid=None stop_wid=None post_wid=None skip_call=None call_count=425 args=() kwds={}
2024-04-06 10:38:35,004 LT1-thread root DEBUG testcase.py               265   start                     : Test function parameters: args=(), kwds={}
2024-04-06 10:38:35,004 LT1-thread root DEBUG btp.py                    508   core_reg_svc_mesh         : core_reg_svc_mesh
2024-04-06 10:38:35,004 LT1-thread root DEBUG iutctl_common.py          106   send                      : send, 0 3 255 '4'
2024-04-06 10:38:35,004 LT1-thread root DEBUG iutctl_common.py          111   send                      : sending frame '0003ff010004'
2024-04-06 10:38:35,005 LT1-thread root DEBUG btp.py                    707   core_reg_svc_rsp_succ     : core_reg_svc_rsp_succ
2024-04-06 10:38:35,005 LT1-thread root DEBUG iutctl_common.py          230   read                      : read
2024-04-06 10:38:35,084 BTPWorkerThread-5278 root DEBUG iutctl_common.py          76    read                      : Read 5 bytes
2024-04-06 10:38:35,084 BTPWorkerThread-5278 root DEBUG iutctl_common.py          83    read                      : Received: hdr: Header(svc_id=0, op=3, ctrl_index=255, data_len=0) bytearray(b'\x00\x03\xff\x00\x00')
2024-04-06 10:38:35,100 BTPWorkerThread-5278 root DEBUG iutctl_common.py          99    read                      : Received data: {''}, bytearray(b'')
2024-04-06 10:38:35,116 LT1-thread root DEBUG btp.py                    718   core_reg_svc_rsp_succ     : received Header(svc_id=0, op=3, ctrl_index=255, data_len=0) (b'',)
2024-04-06 10:38:35,116 LT1-thread root DEBUG btp.py                    719   core_reg_svc_rsp_succ     : expected ((0, 3, 255, 0), (b'',))
2024-04-06 10:38:35,116 LT1-thread root DEBUG btp.py                    724   core_reg_svc_rsp_succ     : response is valid
2024-04-06 10:38:35,116 LT1-thread root DEBUG testcase.py               253   start                     : Starting test function: class=<class 'autopts.ptsprojects.testcase.TestFunc'>, func=<function mesh_init at 0x00000271619B1F70> start_wid=None stop_wid=None post_wid=None skip_call=None call_count=425 args=() kwds={}
2024-04-06 10:38:35,116 LT1-thread root DEBUG testcase.py               265   start                     : Test function parameters: args=(), kwds={}
2024-04-06 10:38:35,116 LT1-thread root DEBUG mesh.py                   429   mesh_init                 : mesh_init 0
2024-04-06 10:38:35,116 LT1-thread root DEBUG iutctl_common.py          106   send                      : send, 4 4 0 "bytearray(b'\\x00')"
2024-04-06 10:38:35,116 LT1-thread root DEBUG iutctl_common.py          111   send                      : sending frame '040400010000'
2024-04-06 10:38:35,116 LT1-thread root DEBUG iutctl_common.py          230   read                      : read
2024-04-06 10:38:35,450 BTPWorkerThread-5278 root DEBUG iutctl_common.py          76    read                      : Read 5 bytes
2024-04-06 10:38:35,466 BTPWorkerThread-5278 root DEBUG iutctl_common.py          83    read                      : Received: hdr: Header(svc_id=4, op=4, ctrl_index=0, data_len=0) bytearray(b'\x04\x04\x00\x00\x00')
2024-04-06 10:38:35,466 BTPWorkerThread-5278 root DEBUG iutctl_common.py          99    read                      : Received data: {''}, bytearray(b'')
2024-04-06 10:38:35,482 LT1-thread root DEBUG testcase.py               253   start                     : Starting test function: class=<class 'autopts.ptsprojects.testcase.TestFunc'>, func=<function gap_read_ctrl_info at 0x0000027161943160> start_wid=None stop_wid=None post_wid=None skip_call=None call_count=425 args=() kwds={}
2024-04-06 10:38:35,483 LT1-thread root DEBUG testcase.py               265   start                     : Test function parameters: args=(), kwds={}
2024-04-06 10:38:35,483 LT1-thread root DEBUG gap.py                    937   gap_read_ctrl_info        : gap_read_ctrl_info
2024-04-06 10:38:35,483 LT1-thread root DEBUG iutctl_common.py          106   send                      : send, 1 3 0 ''
2024-04-06 10:38:35,483 LT1-thread root DEBUG iutctl_common.py          111   send                      : sending frame '0103000000'
2024-04-06 10:38:35,483 LT1-thread root DEBUG iutctl_common.py          230   read                      : read
2024-04-06 10:38:35,562 BTPWorkerThread-5278 root DEBUG iutctl_common.py          76    read                      : Read 5 bytes
2024-04-06 10:38:35,562 BTPWorkerThread-5278 root DEBUG iutctl_common.py          83    read                      : Received: hdr: Header(svc_id=1, op=3, ctrl_index=0, data_len=277) bytearray(b'\x01\x03\x00\x15\x01')
2024-04-06 10:38:35,594 BTPWorkerThread-5278 root DEBUG iutctl_common.py          91    read                      : Read 277 bytes data
2024-04-06 10:38:35,610 BTPWorkerThread-5278 root DEBUG iutctl_common.py          99    read                      : Received data: {'c8 04 09 c0 ec d7 13 06 02 00 13 82 00 00 00 00 00 62 74 70 5f 74 65 73 74 65 72 00 00 00 00 00 00 00 00 00 00 00 00 00 00 00 00 00 00 00 00 00 00 00 00 00 00 00 00 00 00 00 00 00 00 00 00 00 00 00 00 00 00 00 00 00 00 00 00 00 00 00 00 00 00 00 00 00 00 00 00 00 00 00 00 00 00 00 00 00 00 00 00 00 00 00 00 00 00 00 00 00 00 00 00 00 00 00 00 00 00 00 00 00 00 00 00 00 00 00 00 00 00 00 00 00 00 00 00 00 00 00 00 00 00 00 00 00 00 00 00 00 00 00 00 00 00 00 00 00 00 00 00 00 00 00 00 00 00 00 00 00 00 00 00 00 00 00 00 00 00 00 00 00 00 00 00 00 00 00 00 00 00 00 00 00 00 00 00 00 00 00 00 00 00 00 00 00 00 00 00 00 00 00 00 00 00 00 00 00 00 00 00 00 00 00 00 00 00 00 00 00 00 00 00 00 00 00 00 00 00 00 00 00 00 00 00 00 00 00 00 00 00 00 00 00 00 00 00 00 00 00 00 00 00 00 00 00 00 00 00 00 00 00 00 00 00 00 00 00 00'}, bytearray(b'\xc8\x04\t\xc0\xec\xd7\x13\x06\x02\x00\x13\x82\x00\x00\x00\x00\x00btp_tester\x00\x00\x00\x00\x00\x00\x00\x00\x00\x00\x00\x00\x00\x00\x00\x00\x00\x00\x00\x00\x00\x00\x00\x00\x00\x00\x00\x00\x00\x00\x00\x00\x00\x00\x00\x00\x00\x00\x00\x00\x00\x00\x00\x00\x00\x00\x00\x00\x00\x00\x00\x00\x00\x00\x00\x00\x00\x00\x00\x00\x00\x00\x00\x00\x00\x00\x00\x00\x00\x00\x00\x00\x00\x00\x00\x00\x00\x00\x00\x00\x00\x00\x00\x00\x00\x00\x00\x00\x00\x00\x00\x00\x00\x00\x00\x00\x00\x00\x00\x00\x00\x00\x00\x00\x00\x00\x00\x00\x00\x00\x00\x00\x00\x00\x00\x00\x00\x00\x00\x00\x00\x00\x00\x00\x00\x00\x00\x00\x00\x00\x00\x00\x00\x00\x00\x00\x00\x00\x00\x00\x00\x00\x00\x00\x00\x00\x00\x00\x00\x00\x00\x00\x00\x00\x00\x00\x00\x00\x00\x00\x00\x00\x00\x00\x00\x00\x00\x00\x00\x00\x00\x00\x00\x00\x00\x00\x00\x00\x00\x00\x00\x00\x00\x00\x00\x00\x00\x00\x00\x00\x00\x00\x00\x00\x00\x00\x00\x00\x00\x00\x00\x00\x00\x00\x00\x00\x00\x00\x00\x00\x00\x00\x00\x00\x00\x00\x00\x00\x00\x00\x00\x00\x00\x00\x00\x00\x00\x00\x00\x00\x00\x00\x00\x00\x00\x00\x00\x00\x00\x00\x00\x00\x00\x00\x00\x00\x00\x00\x00\x00')
2024-04-06 10:38:35,626 LT1-thread root DEBUG gap.py                    944   gap_read_ctrl_info        : received Header(svc_id=1, op=3, ctrl_index=0, data_len=277) (b'\xc8\x04\t\xc0\xec\xd7\x13\x06\x02\x00\x13\x82\x00\x00\x00\x00\x00btp_tester\x00\x00\x00\x00\x00\x00\x00\x00\x00\x00\x00\x00\x00\x00\x00\x00\x00\x00\x00\x00\x00\x00\x00\x00\x00\x00\x00\x00\x00\x00\x00\x00\x00\x00\x00\x00\x00\x00\x00\x00\x00\x00\x00\x00\x00\x00\x00\x00\x00\x00\x00\x00\x00\x00\x00\x00\x00\x00\x00\x00\x00\x00\x00\x00\x00\x00\x00\x00\x00\x00\x00\x00\x00\x00\x00\x00\x00\x00\x00\x00\x00\x00\x00\x00\x00\x00\x00\x00\x00\x00\x00\x00\x00\x00\x00\x00\x00\x00\x00\x00\x00\x00\x00\x00\x00\x00\x00\x00\x00\x00\x00\x00\x00\x00\x00\x00\x00\x00\x00\x00\x00\x00\x00\x00\x00\x00\x00\x00\x00\x00\x00\x00\x00\x00\x00\x00\x00\x00\x00\x00\x00\x00\x00\x00\x00\x00\x00\x00\x00\x00\x00\x00\x00\x00\x00\x00\x00\x00\x00\x00\x00\x00\x00\x00\x00\x00\x00\x00\x00\x00\x00\x00\x00\x00\x00\x00\x00\x00\x00\x00\x00\x00\x00\x00\x00\x00\x00\x00\x00\x00\x00\x00\x00\x00\x00\x00\x00\x00\x00\x00\x00\x00\x00\x00\x00\x00\x00\x00\x00\x00\x00\x00\x00\x00\x00\x00\x00\x00\x00\x00\x00\x00\x00\x00\x00\x00\x00\x00\x00\x00\x00\x00\x00\x00\x00\x00\x00\x00\x00\x00\x00\x00\x00\x00\x00\x00\x00\x00\x00\x00',)
2024-04-06 10:38:35,626 LT1-thread root DEBUG gap.py                    965   gap_read_ctrl_info        : IUT address 'd7ecc00904c8' 'random'
2024-04-06 10:38:35,626 LT1-thread root DEBUG gap.py                    400   __gap_current_settings_update : __gap_current_settings_update 33299
2024-04-06 10:38:35,626 LT1-thread root DEBUG testcase.py               253   start                     : Starting test function: class=<class 'autopts.ptsprojects.testcase.TestFunc'>, func=<function test_cases.<locals>.<lambda> at 0x000002716352EDC0> start_wid=None stop_wid=None post_wid=None skip_call=None call_count=425 args=() kwds={}
2024-04-06 10:38:35,626 LT1-thread root DEBUG testcase.py               265   start                     : Test function parameters: args=(), kwds={}
2024-04-06 10:38:35,631 LT1-thread root DEBUG testcase.py               253   start                     : Starting test function: class=<class 'autopts.ptsprojects.testcase.TestFunc'>, func=<function test_cases.<locals>.<lambda> at 0x000002716352ED30> start_wid=None stop_wid=None post_wid=None skip_call=None call_count=425 args=() kwds={}
2024-04-06 10:38:35,631 LT1-thread root DEBUG testcase.py               265   start                     : Test function parameters: args=(), kwds={}
2024-04-06 10:38:35,635 LT1-thread root DEBUG testcase.py               253   start                     : Starting test function: class=<class 'autopts.ptsprojects.testcase.TestFunc'>, func=<function test_cases.<locals>.<lambda> at 0x000002716352EEE0> start_wid=None stop_wid=None post_wid=None skip_call=None call_count=425 args=() kwds={}
2024-04-06 10:38:35,635 LT1-thread root DEBUG testcase.py               265   start                     : Test function parameters: args=(), kwds={}
2024-04-06 10:38:35,639 LT1-thread root DEBUG testcase.py               253   start                     : Starting test function: class=<class 'autopts.ptsprojects.testcase.TestFunc'>, func=<function test_cases.<locals>.<lambda> at 0x000002716352ECA0> start_wid=None stop_wid=None post_wid=None skip_call=None call_count=425 args=() kwds={}
2024-04-06 10:38:35,639 LT1-thread root DEBUG testcase.py               265   start                     : Test function parameters: args=(), kwds={}
2024-04-06 10:38:35,643 LT1-thread root DEBUG testcase.py               253   start                     : Starting test function: class=<class 'autopts.ptsprojects.testcase.TestFunc'>, func=<function test_cases.<locals>.<lambda> at 0x000002716350B3A0> start_wid=None stop_wid=None post_wid=None skip_call=None call_count=425 args=() kwds={}
2024-04-06 10:38:35,643 LT1-thread root DEBUG testcase.py               265   start                     : Test function parameters: args=(), kwds={}
2024-04-06 10:38:35,647 LT1-thread root DEBUG testcase.py               253   start                     : Starting test function: class=<class 'autopts.ptsprojects.testcase.TestFunc'>, func=<function test_cases.<locals>.<lambda> at 0x000002716350B310> start_wid=None stop_wid=None post_wid=None skip_call=None call_count=425 args=() kwds={}
2024-04-06 10:38:35,647 LT1-thread root DEBUG testcase.py               265   start                     : Test function parameters: args=(), kwds={}
2024-04-06 10:38:35,651 LT1-thread root DEBUG testcase.py               253   start                     : Starting test function: class=<class 'autopts.ptsprojects.testcase.TestFunc'>, func=<function test_cases.<locals>.<lambda> at 0x000002716350B430> start_wid=None stop_wid=None post_wid=None skip_call=None call_count=425 args=() kwds={}
2024-04-06 10:38:35,651 LT1-thread root DEBUG testcase.py               265   start                     : Test function parameters: args=(), kwds={}
2024-04-06 10:38:35,651 LT1-thread root DEBUG testcase.py               253   start                     : Starting test function: class=<class 'autopts.ptsprojects.testcase.TestFunc'>, func=<function test_cases.<locals>.<lambda> at 0x0000027163573040> start_wid=None stop_wid=None post_wid=None skip_call=None call_count=425 args=() kwds={}
2024-04-06 10:38:35,651 LT1-thread root DEBUG testcase.py               265   start                     : Test function parameters: args=(), kwds={}
2024-04-06 10:38:35,655 LT1-thread root DEBUG testcase.py               253   start                     : Starting test function: class=<class 'autopts.ptsprojects.testcase.TestFunc'>, func=<function test_cases.<locals>.<lambda> at 0x00000271635730D0> start_wid=None stop_wid=None post_wid=None skip_call=None call_count=425 args=() kwds={}
2024-04-06 10:38:35,655 LT1-thread root DEBUG testcase.py               265   start                     : Test function parameters: args=(), kwds={}
2024-04-06 10:38:35,660 LT1-thread root DEBUG client.py                 312   get_result                : ClientCallback.get_result run_test_case
2024-04-06 10:38:41,413 LT1-callback ClientCallback.on_implicit_send INFO client.py                 259   on_implicit_send          : 
    ********************
    BEGIN OnImplicitSend:
    project_name: MESH
    wid: 13
    test_case_name: MESH/NODE/CFG/MP/BI-02-C
    description: There is no shared security information. Please remove any security information if any. PTS is waiting for beacon to start provisioning from IUT with UUID value indicated in 'TSPX_device_uuid'
    style: MMI_Style_Ok_Cancel2 0x11141
2024-04-06 10:38:41,414 LT1-callback ClientCallback.on_implicit_send INFO client.py                 272   on_implicit_send          : Calling test cases on_implicit_send
2024-04-06 10:38:41,414 LT1-callback ClientCallback.on_implicit_send INFO client.py                 285   on_implicit_send          : 
    on_implicit_send returned response: WAIT
    END OnImplicitSend
    ********************
2024-04-06 10:38:41,712 LT1-thread root DEBUG testcase.py               671   run_wid                   : MESH MESH/NODE/CFG/MP/BI-02-C on_implicit_send
2024-04-06 10:38:41,712 LT1-thread root DEBUG mesh.py                   30    mesh_wid_hdl              : mesh_wid_hdl, 13, There is no shared security information. Please remove any security information if any. PTS is waiting for beacon to start provisioning from IUT with UUID value indicated in 'TSPX_device_uuid', MESH/NODE/CFG/MP/BI-02-C
2024-04-06 10:38:41,712 LT1-thread root DEBUG mesh.py                   359   mesh_config_prov          : mesh_config_prov
2024-04-06 10:38:41,712 LT1-thread root DEBUG iutctl_common.py          106   send                      : send, 4 2 0 'bytearray(b\'\\xbd5j\\xf3\\x0f\\x89J\\xff\\x81\\x8b"\\xa5\\x9bc\\xa3\\xea\\x00\\x01\\x02\\x03\\x04\\x05\\x06\\x07\\x08\\t\\n\\x0b\\x0c\\r\\x0e\\x0f\\x00\\x00\\x00\\x00\\x00\\x00\\x00\\x00\\x00\\x00\\x00\\x00\\x00\\x00\\x00\\x00\\x10\\x00\\x00\\x00\\x02\\x04\\x00\\x00\')'
2024-04-06 10:38:41,712 LT1-thread root DEBUG iutctl_common.py          111   send                      : sending frame '0402003800bd356af30f894aff818b22a59b63a3ea000102030405060708090a0b0c0d0e0f000000000000000000000000000000001000000002040000'
2024-04-06 10:38:41,712 LT1-thread root DEBUG iutctl_common.py          230   read                      : read
2024-04-06 10:38:41,808 BTPWorkerThread-5278 root DEBUG iutctl_common.py          76    read                      : Read 5 bytes
2024-04-06 10:38:41,840 BTPWorkerThread-5278 root DEBUG iutctl_common.py          83    read                      : Received: hdr: Header(svc_id=4, op=2, ctrl_index=0, data_len=0) bytearray(b'\x04\x02\x00\x00\x00')
2024-04-06 10:38:41,856 BTPWorkerThread-5278 root DEBUG iutctl_common.py          99    read                      : Received data: {''}, bytearray(b'')
2024-04-06 10:38:41,856 LT1-thread root DEBUG mesh.py                   439   mesh_start                : mesh_start
2024-04-06 10:38:41,856 LT1-thread root DEBUG iutctl_common.py          106   send                      : send, 4 120 0 ''
2024-04-06 10:38:41,856 LT1-thread root DEBUG iutctl_common.py          111   send                      : sending frame '0478000000'
2024-04-06 10:38:41,856 LT1-thread root DEBUG iutctl_common.py          230   read                      : read
2024-04-06 10:38:41,936 BTPWorkerThread-5278 root DEBUG iutctl_common.py          76    read                      : Read 5 bytes
2024-04-06 10:38:41,952 BTPWorkerThread-5278 root DEBUG iutctl_common.py          83    read                      : Received: hdr: Header(svc_id=4, op=120, ctrl_index=0, data_len=0) bytearray(b'\x04x\x00\x00\x00')
2024-04-06 10:38:41,968 BTPWorkerThread-5278 root DEBUG iutctl_common.py          99    read                      : Received data: {''}, bytearray(b'')
2024-04-06 10:38:41,968 LT1-thread root DEBUG testcase.py               707   run_wid                   : Sending response 'OK' to wid 13 test case MESH/NODE/CFG/MP/BI-02-C
2024-04-06 10:38:41,968 BTPWorkerThread-5278 root DEBUG iutctl_common.py          76    read                      : Read 5 bytes
2024-04-06 10:38:41,968 BTPWorkerThread-5278 root DEBUG iutctl_common.py          83    read                      : Received: hdr: Header(svc_id=4, op=132, ctrl_index=0, data_len=1) bytearray(b'\x04\x84\x00\x01\x00')
2024-04-06 10:38:41,969 BTPWorkerThread-5278 root DEBUG iutctl_common.py          91    read                      : Read 1 bytes data
2024-04-06 10:38:41,969 BTPWorkerThread-5278 root DEBUG iutctl_common.py          99    read                      : Received data: {'00'}, bytearray(b'\x00')
2024-04-06 10:38:41,969 BTPWorkerThread-5278 root DEBUG btp.py                    810   event_handler             : event_handler Header(svc_id=4, op=132, ctrl_index=0, data_len=1) (b'\x00',)
2024-04-06 10:38:41,969 BTPWorkerThread-5278 root DEBUG mesh.py                   856   mesh_prov_link_open_ev    : mesh_prov_link_open_ev b'\x00'
2024-04-06 10:38:41,969 LT1-thread root DEBUG client.py                 312   get_result                : ClientCallback.get_result run_test_case
2024-04-06 10:38:44,411 BTPWorkerThread-5278 root DEBUG iutctl_common.py          76    read                      : Read 5 bytes
2024-04-06 10:38:44,412 BTPWorkerThread-5278 root DEBUG iutctl_common.py          83    read                      : Received: hdr: Header(svc_id=4, op=131, ctrl_index=0, data_len=0) bytearray(b'\x04\x83\x00\x00\x00')
2024-04-06 10:38:44,412 BTPWorkerThread-5278 root DEBUG iutctl_common.py          99    read                      : Received data: {''}, bytearray(b'')
2024-04-06 10:38:44,412 BTPWorkerThread-5278 root DEBUG btp.py                    810   event_handler             : event_handler Header(svc_id=4, op=131, ctrl_index=0, data_len=0) (b'',)
2024-04-06 10:38:44,412 BTPWorkerThread-5278 root DEBUG mesh.py                   846   mesh_provisioned_ev       : mesh_provisioned_ev b''
2024-04-06 10:38:45,921 BTPWorkerThread-5278 root DEBUG iutctl_common.py          76    read                      : Read 5 bytes
2024-04-06 10:38:45,921 BTPWorkerThread-5278 root DEBUG iutctl_common.py          83    read                      : Received: hdr: Header(svc_id=4, op=133, ctrl_index=0, data_len=1) bytearray(b'\x04\x85\x00\x01\x00')
2024-04-06 10:38:45,921 BTPWorkerThread-5278 root DEBUG iutctl_common.py          91    read                      : Read 1 bytes data
2024-04-06 10:38:45,922 BTPWorkerThread-5278 root DEBUG iutctl_common.py          99    read                      : Received data: {'00'}, bytearray(b'\x00')
2024-04-06 10:38:45,922 BTPWorkerThread-5278 root DEBUG btp.py                    810   event_handler             : event_handler Header(svc_id=4, op=133, ctrl_index=0, data_len=1) (b'\x00',)
2024-04-06 10:38:45,922 BTPWorkerThread-5278 root DEBUG mesh.py                   864   mesh_prov_link_closed_ev  : mesh_prov_link_closed_ev b'\x00'
2024-04-06 10:38:46,797 BTPWorkerThread-5278 root DEBUG iutctl_common.py          76    read                      : Read 5 bytes
2024-04-06 10:38:46,797 BTPWorkerThread-5278 root DEBUG iutctl_common.py          83    read                      : Received: hdr: Header(svc_id=4, op=134, ctrl_index=0, data_len=22) bytearray(b'\x04\x86\x00\x16\x00')
2024-04-06 10:38:46,797 BTPWorkerThread-5278 root DEBUG iutctl_common.py          91    read                      : Read 22 bytes data
2024-04-06 10:38:46,797 BTPWorkerThread-5278 root DEBUG iutctl_common.py          99    read                      : Received data: {'03 00 01 00 02 00 0f 80 80 00 00 d4 7a 61 80 df 7f 97 a6 cb 93 0d'}, bytearray(b'\x03\x00\x01\x00\x02\x00\x0f\x80\x80\x00\x00\xd4za\x80\xdf\x7f\x97\xa6\xcb\x93\r')
2024-04-06 10:38:46,797 BTPWorkerThread-5278 root DEBUG btp.py                    810   event_handler             : event_handler Header(svc_id=4, op=134, ctrl_index=0, data_len=22) (b'\x03\x00\x01\x00\x02\x00\x0f\x80\x80\x00\x00\xd4za\x80\xdf\x7f\x97\xa6\xcb\x93\r',)
2024-04-06 10:38:46,797 BTPWorkerThread-5278 root DEBUG iutctl_common.py          76    read                      : Read 5 bytes
2024-04-06 10:38:46,798 BTPWorkerThread-5278 root DEBUG iutctl_common.py          83    read                      : Received: hdr: Header(svc_id=4, op=143, ctrl_index=0, data_len=8) bytearray(b'\x04\x8f\x00\x08\x00')
2024-04-06 10:38:46,798 BTPWorkerThread-5278 root DEBUG iutctl_common.py          91    read                      : Read 8 bytes data
2024-04-06 10:38:46,798 BTPWorkerThread-5278 root DEBUG iutctl_common.py          99    read                      : Received data: {'01 00 02 00 03 80 08 7f'}, bytearray(b'\x01\x00\x02\x00\x03\x80\x08\x7f')
2024-04-06 10:38:46,798 BTPWorkerThread-5278 root DEBUG btp.py                    810   event_handler             : event_handler Header(svc_id=4, op=143, ctrl_index=0, data_len=8) (b'\x01\x00\x02\x00\x03\x80\x08\x7f',)
2024-04-06 10:38:46,798 BTPWorkerThread-5278 root DEBUG mesh.py                   2040  mesh_model_recv_ev        : mesh_model_recv_ev b'\x01\x00\x02\x00\x03\x80\x08\x7f' 8
2024-04-06 10:38:46,893 BTPWorkerThread-5278 root DEBUG iutctl_common.py          76    read                      : Read 5 bytes
2024-04-06 10:38:46,894 BTPWorkerThread-5278 root DEBUG iutctl_common.py          83    read                      : Received: hdr: Header(svc_id=4, op=134, ctrl_index=0, data_len=22) bytearray(b'\x04\x86\x00\x16\x00')
2024-04-06 10:38:46,894 BTPWorkerThread-5278 root DEBUG iutctl_common.py          91    read                      : Read 22 bytes data
2024-04-06 10:38:46,895 BTPWorkerThread-5278 root DEBUG iutctl_common.py          99    read                      : Received data: {'03 00 01 00 02 00 0f 80 80 04 00 26 1c b1 31 a5 61 8f a7 ea 26 4b'}, bytearray(b'\x03\x00\x01\x00\x02\x00\x0f\x80\x80\x04\x00&\x1c\xb11\xa5a\x8f\xa7\xea&K')
2024-04-06 10:38:46,895 BTPWorkerThread-5278 root DEBUG btp.py                    810   event_handler             : event_handler Header(svc_id=4, op=134, ctrl_index=0, data_len=22) (b'\x03\x00\x01\x00\x02\x00\x0f\x80\x80\x04\x00&\x1c\xb11\xa5a\x8f\xa7\xea&K',)
2024-04-06 10:38:46,895 BTPWorkerThread-5278 root DEBUG iutctl_common.py          76    read                      : Read 5 bytes
2024-04-06 10:38:46,895 BTPWorkerThread-5278 root DEBUG iutctl_common.py          83    read                      : Received: hdr: Header(svc_id=4, op=143, ctrl_index=0, data_len=8) bytearray(b'\x04\x8f\x00\x08\x00')
2024-04-06 10:38:46,896 BTPWorkerThread-5278 root DEBUG iutctl_common.py          91    read                      : Read 8 bytes data
2024-04-06 10:38:46,896 BTPWorkerThread-5278 root DEBUG iutctl_common.py          99    read                      : Received data: {'01 00 02 00 03 80 08 01'}, bytearray(b'\x01\x00\x02\x00\x03\x80\x08\x01')
2024-04-06 10:38:46,896 BTPWorkerThread-5278 root DEBUG btp.py                    810   event_handler             : event_handler Header(svc_id=4, op=143, ctrl_index=0, data_len=8) (b'\x01\x00\x02\x00\x03\x80\x08\x01',)
2024-04-06 10:38:46,896 BTPWorkerThread-5278 root DEBUG mesh.py                   2040  mesh_model_recv_ev        : mesh_model_recv_ev b'\x01\x00\x02\x00\x03\x80\x08\x01' 8
2024-04-06 10:38:47,194 BTPWorkerThread-5278 root DEBUG iutctl_common.py          76    read                      : Read 5 bytes
2024-04-06 10:38:47,195 BTPWorkerThread-5278 root DEBUG iutctl_common.py          83    read                      : Received: hdr: Header(svc_id=4, op=134, ctrl_index=0, data_len=14) bytearray(b'\x04\x86\x00\x0e\x00')
2024-04-06 10:38:47,195 BTPWorkerThread-5278 root DEBUG iutctl_common.py          91    read                      : Read 14 bytes data
2024-04-06 10:38:47,195 BTPWorkerThread-5278 root DEBUG iutctl_common.py          99    read                      : Received data: {'07 01 01 00 02 00 07 00 00 0c 00 00 00 0f'}, bytearray(b'\x07\x01\x01\x00\x02\x00\x07\x00\x00\x0c\x00\x00\x00\x0f')
2024-04-06 10:38:47,195 BTPWorkerThread-5278 root DEBUG btp.py                    810   event_handler             : event_handler Header(svc_id=4, op=134, ctrl_index=0, data_len=14) (b'\x07\x01\x01\x00\x02\x00\x07\x00\x00\x0c\x00\x00\x00\x0f',)
2024-04-06 10:38:47,322 BTPWorkerThread-5278 root DEBUG iutctl_common.py          76    read                      : Read 5 bytes
2024-04-06 10:38:47,322 BTPWorkerThread-5278 root DEBUG iutctl_common.py          83    read                      : Received: hdr: Header(svc_id=4, op=134, ctrl_index=0, data_len=22) bytearray(b'\x04\x86\x00\x16\x00')
2024-04-06 10:38:47,322 BTPWorkerThread-5278 root DEBUG iutctl_common.py          91    read                      : Read 22 bytes data
2024-04-06 10:38:47,322 BTPWorkerThread-5278 root DEBUG iutctl_common.py          99    read                      : Received data: {'03 00 01 00 02 00 0f 80 80 0c 00 9c d3 6a 6f 9e 16 24 86 0d 31 8f'}, bytearray(b'\x03\x00\x01\x00\x02\x00\x0f\x80\x80\x0c\x00\x9c\xd3jo\x9e\x16$\x86\r1\x8f')
2024-04-06 10:38:47,322 BTPWorkerThread-5278 root DEBUG btp.py                    810   event_handler             : event_handler Header(svc_id=4, op=134, ctrl_index=0, data_len=22) (b'\x03\x00\x01\x00\x02\x00\x0f\x80\x80\x0c\x00\x9c\xd3jo\x9e\x16$\x86\r1\x8f',)
2024-04-06 10:38:47,322 BTPWorkerThread-5278 root DEBUG iutctl_common.py          76    read                      : Read 5 bytes
2024-04-06 10:38:47,323 BTPWorkerThread-5278 root DEBUG iutctl_common.py          83    read                      : Received: hdr: Header(svc_id=4, op=143, ctrl_index=0, data_len=8) bytearray(b'\x04\x8f\x00\x08\x00')
2024-04-06 10:38:47,323 BTPWorkerThread-5278 root DEBUG iutctl_common.py          91    read                      : Read 8 bytes data
2024-04-06 10:38:47,323 BTPWorkerThread-5278 root DEBUG iutctl_common.py          99    read                      : Received data: {'01 00 02 00 03 80 08 00'}, bytearray(b'\x01\x00\x02\x00\x03\x80\x08\x00')
2024-04-06 10:38:47,323 BTPWorkerThread-5278 root DEBUG btp.py                    810   event_handler             : event_handler Header(svc_id=4, op=143, ctrl_index=0, data_len=8) (b'\x01\x00\x02\x00\x03\x80\x08\x00',)
2024-04-06 10:38:47,323 BTPWorkerThread-5278 root DEBUG mesh.py                   2040  mesh_model_recv_ev        : mesh_model_recv_ev b'\x01\x00\x02\x00\x03\x80\x08\x00' 8
2024-04-06 10:38:47,736 BTPWorkerThread-5278 root DEBUG iutctl_common.py          76    read                      : Read 5 bytes
2024-04-06 10:38:47,737 BTPWorkerThread-5278 root DEBUG iutctl_common.py          83    read                      : Received: hdr: Header(svc_id=4, op=134, ctrl_index=0, data_len=14) bytearray(b'\x04\x86\x00\x0e\x00')
2024-04-06 10:38:47,737 BTPWorkerThread-5278 root DEBUG iutctl_common.py          91    read                      : Read 14 bytes data
2024-04-06 10:38:47,737 BTPWorkerThread-5278 root DEBUG iutctl_common.py          99    read                      : Received data: {'07 01 01 00 02 00 07 00 00 20 00 00 00 3f'}, bytearray(b'\x07\x01\x01\x00\x02\x00\x07\x00\x00 \x00\x00\x00?')
2024-04-06 10:38:47,737 BTPWorkerThread-5278 root DEBUG btp.py                    810   event_handler             : event_handler Header(svc_id=4, op=134, ctrl_index=0, data_len=14) (b'\x07\x01\x01\x00\x02\x00\x07\x00\x00 \x00\x00\x00?',)
2024-04-06 10:38:47,846 BTPWorkerThread-5278 root DEBUG iutctl_common.py          76    read                      : Read 5 bytes
2024-04-06 10:38:47,846 BTPWorkerThread-5278 root DEBUG iutctl_common.py          83    read                      : Received: hdr: Header(svc_id=4, op=134, ctrl_index=0, data_len=23) bytearray(b'\x04\x86\x00\x17\x00')
2024-04-06 10:38:47,846 BTPWorkerThread-5278 root DEBUG iutctl_common.py          91    read                      : Read 23 bytes data
2024-04-06 10:38:47,846 BTPWorkerThread-5278 root DEBUG iutctl_common.py          99    read                      : Received data: {'03 00 01 00 02 00 10 80 00 14 01 0e fb 3f 48 a4 e7 af f0 d1 76 f8 04'}, bytearray(b'\x03\x00\x01\x00\x02\x00\x10\x80\x00\x14\x01\x0e\xfb?H\xa4\xe7\xaf\xf0\xd1v\xf8\x04')
2024-04-06 10:38:47,846 BTPWorkerThread-5278 root DEBUG btp.py                    810   event_handler             : event_handler Header(svc_id=4, op=134, ctrl_index=0, data_len=23) (b'\x03\x00\x01\x00\x02\x00\x10\x80\x00\x14\x01\x0e\xfb?H\xa4\xe7\xaf\xf0\xd1v\xf8\x04',)
2024-04-06 10:38:47,893 BTPWorkerThread-5278 root DEBUG iutctl_common.py          76    read                      : Read 5 bytes
2024-04-06 10:38:47,894 BTPWorkerThread-5278 root DEBUG iutctl_common.py          83    read                      : Received: hdr: Header(svc_id=4, op=134, ctrl_index=0, data_len=23) bytearray(b'\x04\x86\x00\x17\x00')
2024-04-06 10:38:47,894 BTPWorkerThread-5278 root DEBUG iutctl_common.py          91    read                      : Read 23 bytes data
2024-04-06 10:38:47,894 BTPWorkerThread-5278 root DEBUG iutctl_common.py          99    read                      : Received data: {'03 00 01 00 02 00 10 80 00 14 21 ee 64 21 fa 8d ac 68 67 02 ad e4 43'}, bytearray(b'\x03\x00\x01\x00\x02\x00\x10\x80\x00\x14!\xeed!\xfa\x8d\xachg\x02\xad\xe4C')
2024-04-06 10:38:47,894 BTPWorkerThread-5278 root DEBUG btp.py                    810   event_handler             : event_handler Header(svc_id=4, op=134, ctrl_index=0, data_len=23) (b'\x03\x00\x01\x00\x02\x00\x10\x80\x00\x14!\xeed!\xfa\x8d\xachg\x02\xad\xe4C',)
2024-04-06 10:38:47,894 BTPWorkerThread-5278 root DEBUG iutctl_common.py          76    read                      : Read 5 bytes
2024-04-06 10:38:47,895 BTPWorkerThread-5278 root DEBUG iutctl_common.py          83    read                      : Received: hdr: Header(svc_id=4, op=143, ctrl_index=0, data_len=25) bytearray(b'\x04\x8f\x00\x19\x00')
2024-04-06 10:38:47,895 BTPWorkerThread-5278 root DEBUG iutctl_common.py          91    read                      : Read 25 bytes data
2024-04-06 10:38:47,895 BTPWorkerThread-5278 root DEBUG iutctl_common.py          99    read                      : Received data: {'01 00 02 00 14 00 00 00 00 2e 5c 96 f2 5e f5 6a b9 e0 1c 4c e3 66 80 27 0f'}, bytearray(b"\x01\x00\x02\x00\x14\x00\x00\x00\x00.\\\x96\xf2^\xf5j\xb9\xe0\x1cL\xe3f\x80\'\x0f")
2024-04-06 10:38:47,895 BTPWorkerThread-5278 root DEBUG btp.py                    810   event_handler             : event_handler Header(svc_id=4, op=143, ctrl_index=0, data_len=25) (b"\x01\x00\x02\x00\x14\x00\x00\x00\x00.\\\x96\xf2^\xf5j\xb9\xe0\x1cL\xe3f\x80'\x0f",)
2024-04-06 10:38:47,895 BTPWorkerThread-5278 root DEBUG mesh.py                   2040  mesh_model_recv_ev        : mesh_model_recv_ev b"\x01\x00\x02\x00\x14\x00\x00\x00\x00.\\\x96\xf2^\xf5j\xb9\xe0\x1cL\xe3f\x80'\x0f" 25
2024-04-06 10:38:48,035 BTPWorkerThread-5278 root DEBUG iutctl_common.py          76    read                      : Read 3 bytes
2024-04-06 10:38:48,051 BTPWorkerThread-5278 root DEBUG iutctl_common.py          76    read                      : Read 2 bytes
2024-04-06 10:38:48,051 BTPWorkerThread-5278 root DEBUG iutctl_common.py          83    read                      : Received: hdr: Header(svc_id=4, op=134, ctrl_index=0, data_len=23) bytearray(b'\x04\x86\x00\x17\x00')
2024-04-06 10:38:48,051 BTPWorkerThread-5278 root DEBUG iutctl_common.py          91    read                      : Read 23 bytes data
2024-04-06 10:38:48,051 BTPWorkerThread-5278 root DEBUG iutctl_common.py          99    read                      : Received data: {'03 00 01 00 02 00 10 80 00 1c 00 cc a5 31 56 65 5f 87 13 c3 dc 8b 74'}, bytearray(b'\x03\x00\x01\x00\x02\x00\x10\x80\x00\x1c\x00\xcc\xa51Ve_\x87\x13\xc3\xdc\x8bt')
2024-04-06 10:38:48,051 BTPWorkerThread-5278 root DEBUG btp.py                    810   event_handler             : event_handler Header(svc_id=4, op=134, ctrl_index=0, data_len=23) (b'\x03\x00\x01\x00\x02\x00\x10\x80\x00\x1c\x00\xcc\xa51Ve_\x87\x13\xc3\xdc\x8bt',)
2024-04-06 10:38:48,052 BTPWorkerThread-5278 root DEBUG iutctl_common.py          76    read                      : Read 5 bytes
2024-04-06 10:38:48,052 BTPWorkerThread-5278 root DEBUG iutctl_common.py          83    read                      : Received: hdr: Header(svc_id=4, op=143, ctrl_index=0, data_len=13) bytearray(b'\x04\x8f\x00\r\x00')
2024-04-06 10:38:48,052 BTPWorkerThread-5278 root DEBUG iutctl_common.py          91    read                      : Read 13 bytes data
2024-04-06 10:38:48,052 BTPWorkerThread-5278 root DEBUG iutctl_common.py          99    read                      : Received data: {'01 00 02 00 08 80 3d 02 00 00 00 02 00'}, bytearray(b'\x01\x00\x02\x00\x08\x80=\x02\x00\x00\x00\x02\x00')
2024-04-06 10:38:48,052 BTPWorkerThread-5278 root DEBUG btp.py                    810   event_handler             : event_handler Header(svc_id=4, op=143, ctrl_index=0, data_len=13) (b'\x01\x00\x02\x00\x08\x80=\x02\x00\x00\x00\x02\x00',)
2024-04-06 10:38:48,052 BTPWorkerThread-5278 root DEBUG mesh.py                   2040  mesh_model_recv_ev        : mesh_model_recv_ev b'\x01\x00\x02\x00\x08\x80=\x02\x00\x00\x00\x02\x00' 13
2024-04-06 10:38:48,146 BTPWorkerThread-5278 root DEBUG iutctl_common.py          76    read                      : Read 5 bytes
2024-04-06 10:38:48,146 BTPWorkerThread-5278 root DEBUG iutctl_common.py          83    read                      : Received: hdr: Header(svc_id=4, op=134, ctrl_index=0, data_len=23) bytearray(b'\x04\x86\x00\x17\x00')
2024-04-06 10:38:48,146 BTPWorkerThread-5278 root DEBUG iutctl_common.py          91    read                      : Read 23 bytes data
2024-04-06 10:38:48,146 BTPWorkerThread-5278 root DEBUG iutctl_common.py          99    read                      : Received data: {'03 00 01 00 02 00 10 80 00 20 00 9d 8c cd 59 33 56 13 ca 07 a4 bb ce'}, bytearray(b'\x03\x00\x01\x00\x02\x00\x10\x80\x00 \x00\x9d\x8c\xcdY3V\x13\xca\x07\xa4\xbb\xce')
2024-04-06 10:38:48,146 BTPWorkerThread-5278 root DEBUG btp.py                    810   event_handler             : event_handler Header(svc_id=4, op=134, ctrl_index=0, data_len=23) (b'\x03\x00\x01\x00\x02\x00\x10\x80\x00 \x00\x9d\x8c\xcdY3V\x13\xca\x07\xa4\xbb\xce',)
2024-04-06 10:38:48,146 BTPWorkerThread-5278 root DEBUG iutctl_common.py          76    read                      : Read 5 bytes
2024-04-06 10:38:48,146 BTPWorkerThread-5278 root DEBUG iutctl_common.py          83    read                      : Received: hdr: Header(svc_id=4, op=143, ctrl_index=0, data_len=13) bytearray(b'\x04\x8f\x00\r\x00')
2024-04-06 10:38:48,146 BTPWorkerThread-5278 root DEBUG iutctl_common.py          91    read                      : Read 5 bytes data
2024-04-06 10:38:48,162 BTPWorkerThread-5278 root DEBUG iutctl_common.py          91    read                      : Read 8 bytes data
2024-04-06 10:38:48,162 BTPWorkerThread-5278 root DEBUG iutctl_common.py          99    read                      : Received data: {'01 00 02 00 08 80 3d 02 00 00 00 03 00'}, bytearray(b'\x01\x00\x02\x00\x08\x80=\x02\x00\x00\x00\x03\x00')
2024-04-06 10:38:48,162 BTPWorkerThread-5278 root DEBUG btp.py                    810   event_handler             : event_handler Header(svc_id=4, op=143, ctrl_index=0, data_len=13) (b'\x01\x00\x02\x00\x08\x80=\x02\x00\x00\x00\x03\x00',)
2024-04-06 10:38:48,162 BTPWorkerThread-5278 root DEBUG mesh.py                   2040  mesh_model_recv_ev        : mesh_model_recv_ev b'\x01\x00\x02\x00\x08\x80=\x02\x00\x00\x00\x03\x00' 13
2024-04-06 10:38:48,257 BTPWorkerThread-5278 root DEBUG iutctl_common.py          76    read                      : Read 5 bytes
2024-04-06 10:38:48,258 BTPWorkerThread-5278 root DEBUG iutctl_common.py          83    read                      : Received: hdr: Header(svc_id=4, op=134, ctrl_index=0, data_len=23) bytearray(b'\x04\x86\x00\x17\x00')
2024-04-06 10:38:48,258 BTPWorkerThread-5278 root DEBUG iutctl_common.py          91    read                      : Read 23 bytes data
2024-04-06 10:38:48,258 BTPWorkerThread-5278 root DEBUG iutctl_common.py          99    read                      : Received data: {'03 00 01 00 02 00 10 80 00 24 00 25 17 7c 38 8c 4e de 96 68 10 54 ae'}, bytearray(b'\x03\x00\x01\x00\x02\x00\x10\x80\x00$\x00%\x17|8\x8cN\xde\x96h\x10T\xae')
2024-04-06 10:38:48,258 BTPWorkerThread-5278 root DEBUG btp.py                    810   event_handler             : event_handler Header(svc_id=4, op=134, ctrl_index=0, data_len=23) (b'\x03\x00\x01\x00\x02\x00\x10\x80\x00$\x00%\x17|8\x8cN\xde\x96h\x10T\xae',)
2024-04-06 10:38:48,258 BTPWorkerThread-5278 root DEBUG iutctl_common.py          76    read                      : Read 5 bytes
2024-04-06 10:38:48,259 BTPWorkerThread-5278 root DEBUG iutctl_common.py          83    read                      : Received: hdr: Header(svc_id=4, op=143, ctrl_index=0, data_len=13) bytearray(b'\x04\x8f\x00\r\x00')
2024-04-06 10:38:48,259 BTPWorkerThread-5278 root DEBUG iutctl_common.py          91    read                      : Read 13 bytes data
2024-04-06 10:38:48,259 BTPWorkerThread-5278 root DEBUG iutctl_common.py          99    read                      : Received data: {'01 00 02 00 08 80 3d 02 00 00 00 01 14'}, bytearray(b'\x01\x00\x02\x00\x08\x80=\x02\x00\x00\x00\x01\x14')
2024-04-06 10:38:48,259 BTPWorkerThread-5278 root DEBUG btp.py                    810   event_handler             : event_handler Header(svc_id=4, op=143, ctrl_index=0, data_len=13) (b'\x01\x00\x02\x00\x08\x80=\x02\x00\x00\x00\x01\x14',)
2024-04-06 10:38:48,259 BTPWorkerThread-5278 root DEBUG mesh.py                   2040  mesh_model_recv_ev        : mesh_model_recv_ev b'\x01\x00\x02\x00\x08\x80=\x02\x00\x00\x00\x01\x14' 13
2024-04-06 10:38:48,367 BTPWorkerThread-5278 root DEBUG iutctl_common.py          76    read                      : Read 5 bytes
2024-04-06 10:38:48,368 BTPWorkerThread-5278 root DEBUG iutctl_common.py          83    read                      : Received: hdr: Header(svc_id=4, op=134, ctrl_index=0, data_len=23) bytearray(b'\x04\x86\x00\x17\x00')
2024-04-06 10:38:48,368 BTPWorkerThread-5278 root DEBUG iutctl_common.py          91    read                      : Read 23 bytes data
2024-04-06 10:38:48,368 BTPWorkerThread-5278 root DEBUG iutctl_common.py          99    read                      : Received data: {'03 00 01 00 02 00 10 80 00 28 00 61 dc 16 c9 02 32 88 35 8c 65 01 b7'}, bytearray(b'\x03\x00\x01\x00\x02\x00\x10\x80\x00(\x00a\xdc\x16\xc9\x022\x885\x8ce\x01\xb7')
2024-04-06 10:38:48,368 BTPWorkerThread-5278 root DEBUG btp.py                    810   event_handler             : event_handler Header(svc_id=4, op=134, ctrl_index=0, data_len=23) (b'\x03\x00\x01\x00\x02\x00\x10\x80\x00(\x00a\xdc\x16\xc9\x022\x885\x8ce\x01\xb7',)
2024-04-06 10:38:48,368 BTPWorkerThread-5278 root DEBUG iutctl_common.py          76    read                      : Read 5 bytes
2024-04-06 10:38:48,368 BTPWorkerThread-5278 root DEBUG iutctl_common.py          83    read                      : Received: hdr: Header(svc_id=4, op=143, ctrl_index=0, data_len=13) bytearray(b'\x04\x8f\x00\r\x00')
2024-04-06 10:38:48,368 BTPWorkerThread-5278 root DEBUG iutctl_common.py          91    read                      : Read 13 bytes data
2024-04-06 10:38:48,368 BTPWorkerThread-5278 root DEBUG iutctl_common.py          99    read                      : Received data: {'01 00 02 00 08 80 3d 02 00 00 00 03 14'}, bytearray(b'\x01\x00\x02\x00\x08\x80=\x02\x00\x00\x00\x03\x14')
2024-04-06 10:38:48,369 BTPWorkerThread-5278 root DEBUG btp.py                    810   event_handler             : event_handler Header(svc_id=4, op=143, ctrl_index=0, data_len=13) (b'\x01\x00\x02\x00\x08\x80=\x02\x00\x00\x00\x03\x14',)
2024-04-06 10:38:48,369 BTPWorkerThread-5278 root DEBUG mesh.py                   2040  mesh_model_recv_ev        : mesh_model_recv_ev b'\x01\x00\x02\x00\x08\x80=\x02\x00\x00\x00\x03\x14' 13
2024-04-06 10:38:48,480 BTPWorkerThread-5278 root DEBUG iutctl_common.py          76    read                      : Read 5 bytes
2024-04-06 10:38:48,480 BTPWorkerThread-5278 root DEBUG iutctl_common.py          83    read                      : Received: hdr: Header(svc_id=4, op=134, ctrl_index=0, data_len=23) bytearray(b'\x04\x86\x00\x17\x00')
2024-04-06 10:38:48,480 BTPWorkerThread-5278 root DEBUG iutctl_common.py          91    read                      : Read 23 bytes data
2024-04-06 10:38:48,480 BTPWorkerThread-5278 root DEBUG iutctl_common.py          99    read                      : Received data: {'03 00 01 00 02 00 10 80 00 2c 00 33 9b b6 b5 2e 75 77 6d 16 23 37 23'}, bytearray(b'\x03\x00\x01\x00\x02\x00\x10\x80\x00,\x003\x9b\xb6\xb5.uwm\x16#7#')
2024-04-06 10:38:48,480 BTPWorkerThread-5278 root DEBUG btp.py                    810   event_handler             : event_handler Header(svc_id=4, op=134, ctrl_index=0, data_len=23) (b'\x03\x00\x01\x00\x02\x00\x10\x80\x00,\x003\x9b\xb6\xb5.uwm\x16#7#',)
2024-04-06 10:38:48,480 BTPWorkerThread-5278 root DEBUG iutctl_common.py          76    read                      : Read 5 bytes
2024-04-06 10:38:48,480 BTPWorkerThread-5278 root DEBUG iutctl_common.py          83    read                      : Received: hdr: Header(svc_id=4, op=143, ctrl_index=0, data_len=13) bytearray(b'\x04\x8f\x00\r\x00')
2024-04-06 10:38:48,481 BTPWorkerThread-5278 root DEBUG iutctl_common.py          91    read                      : Read 13 bytes data
2024-04-06 10:38:48,481 BTPWorkerThread-5278 root DEBUG iutctl_common.py          99    read                      : Received data: {'01 00 02 00 08 80 3d 02 00 00 00 00 14'}, bytearray(b'\x01\x00\x02\x00\x08\x80=\x02\x00\x00\x00\x00\x14')
2024-04-06 10:38:48,481 BTPWorkerThread-5278 root DEBUG btp.py                    810   event_handler             : event_handler Header(svc_id=4, op=143, ctrl_index=0, data_len=13) (b'\x01\x00\x02\x00\x08\x80=\x02\x00\x00\x00\x00\x14',)
2024-04-06 10:38:48,481 BTPWorkerThread-5278 root DEBUG mesh.py                   2040  mesh_model_recv_ev        : mesh_model_recv_ev b'\x01\x00\x02\x00\x08\x80=\x02\x00\x00\x00\x00\x14' 13
2024-04-06 10:38:48,575 BTPWorkerThread-5278 root DEBUG iutctl_common.py          76    read                      : Read 5 bytes
2024-04-06 10:38:48,576 BTPWorkerThread-5278 root DEBUG iutctl_common.py          83    read                      : Received: hdr: Header(svc_id=4, op=134, ctrl_index=0, data_len=23) bytearray(b'\x04\x86\x00\x17\x00')
2024-04-06 10:38:48,576 BTPWorkerThread-5278 root DEBUG iutctl_common.py          91    read                      : Read 23 bytes data
2024-04-06 10:38:48,576 BTPWorkerThread-5278 root DEBUG iutctl_common.py          99    read                      : Received data: {'03 00 01 00 02 00 10 80 00 30 00 72 81 0c 42 32 c8 95 17 7d cc 8b 54'}, bytearray(b'\x03\x00\x01\x00\x02\x00\x10\x80\x000\x00r\x81\x0cB2\xc8\x95\x17}\xcc\x8bT')
2024-04-06 10:38:48,576 BTPWorkerThread-5278 root DEBUG btp.py                    810   event_handler             : event_handler Header(svc_id=4, op=134, ctrl_index=0, data_len=23) (b'\x03\x00\x01\x00\x02\x00\x10\x80\x000\x00r\x81\x0cB2\xc8\x95\x17}\xcc\x8bT',)
2024-04-06 10:38:48,576 BTPWorkerThread-5278 root DEBUG iutctl_common.py          76    read                      : Read 5 bytes
2024-04-06 10:38:48,576 BTPWorkerThread-5278 root DEBUG iutctl_common.py          83    read                      : Received: hdr: Header(svc_id=4, op=143, ctrl_index=0, data_len=13) bytearray(b'\x04\x8f\x00\r\x00')
2024-04-06 10:38:48,576 BTPWorkerThread-5278 root DEBUG iutctl_common.py          91    read                      : Read 10 bytes data
2024-04-06 10:38:48,591 BTPWorkerThread-5278 root DEBUG iutctl_common.py          91    read                      : Read 3 bytes data
2024-04-06 10:38:48,591 BTPWorkerThread-5278 root DEBUG iutctl_common.py          99    read                      : Received data: {'01 00 02 00 08 80 3d 02 00 00 00 04 14'}, bytearray(b'\x01\x00\x02\x00\x08\x80=\x02\x00\x00\x00\x04\x14')
2024-04-06 10:38:48,591 BTPWorkerThread-5278 root DEBUG btp.py                    810   event_handler             : event_handler Header(svc_id=4, op=143, ctrl_index=0, data_len=13) (b'\x01\x00\x02\x00\x08\x80=\x02\x00\x00\x00\x04\x14',)
2024-04-06 10:38:48,592 BTPWorkerThread-5278 root DEBUG mesh.py                   2040  mesh_model_recv_ev        : mesh_model_recv_ev b'\x01\x00\x02\x00\x08\x80=\x02\x00\x00\x00\x04\x14' 13
2024-04-06 10:38:48,687 BTPWorkerThread-5278 root DEBUG iutctl_common.py          76    read                      : Read 5 bytes
2024-04-06 10:38:48,688 BTPWorkerThread-5278 root DEBUG iutctl_common.py          83    read                      : Received: hdr: Header(svc_id=4, op=134, ctrl_index=0, data_len=23) bytearray(b'\x04\x86\x00\x17\x00')
2024-04-06 10:38:48,688 BTPWorkerThread-5278 root DEBUG iutctl_common.py          91    read                      : Read 23 bytes data
2024-04-06 10:38:48,688 BTPWorkerThread-5278 root DEBUG iutctl_common.py          99    read                      : Received data: {'03 00 01 00 02 00 10 80 00 34 00 af 8f 01 f1 25 06 4d 8b 3f 1c a9 ec'}, bytearray(b'\x03\x00\x01\x00\x02\x00\x10\x80\x004\x00\xaf\x8f\x01\xf1%\x06M\x8b?\x1c\xa9\xec')
2024-04-06 10:38:48,688 BTPWorkerThread-5278 root DEBUG btp.py                    810   event_handler             : event_handler Header(svc_id=4, op=134, ctrl_index=0, data_len=23) (b'\x03\x00\x01\x00\x02\x00\x10\x80\x004\x00\xaf\x8f\x01\xf1%\x06M\x8b?\x1c\xa9\xec',)
2024-04-06 10:38:48,688 BTPWorkerThread-5278 root DEBUG iutctl_common.py          76    read                      : Read 5 bytes
2024-04-06 10:38:48,688 BTPWorkerThread-5278 root DEBUG iutctl_common.py          83    read                      : Received: hdr: Header(svc_id=4, op=143, ctrl_index=0, data_len=13) bytearray(b'\x04\x8f\x00\r\x00')
2024-04-06 10:38:48,688 BTPWorkerThread-5278 root DEBUG iutctl_common.py          91    read                      : Read 13 bytes data
2024-04-06 10:38:48,689 BTPWorkerThread-5278 root DEBUG iutctl_common.py          99    read                      : Received data: {'01 00 02 00 08 80 3d 02 00 00 00 02 14'}, bytearray(b'\x01\x00\x02\x00\x08\x80=\x02\x00\x00\x00\x02\x14')
2024-04-06 10:38:48,689 BTPWorkerThread-5278 root DEBUG btp.py                    810   event_handler             : event_handler Header(svc_id=4, op=143, ctrl_index=0, data_len=13) (b'\x01\x00\x02\x00\x08\x80=\x02\x00\x00\x00\x02\x14',)
2024-04-06 10:38:48,689 BTPWorkerThread-5278 root DEBUG mesh.py                   2040  mesh_model_recv_ev        : mesh_model_recv_ev b'\x01\x00\x02\x00\x08\x80=\x02\x00\x00\x00\x02\x14' 13
2024-04-06 10:38:49,307 BTPWorkerThread-5278 root DEBUG iutctl_common.py          76    read                      : Read 5 bytes
2024-04-06 10:38:49,308 BTPWorkerThread-5278 root DEBUG iutctl_common.py          83    read                      : Received: hdr: Header(svc_id=4, op=134, ctrl_index=0, data_len=23) bytearray(b'\x04\x86\x00\x17\x00')
2024-04-06 10:38:49,308 BTPWorkerThread-5278 root DEBUG iutctl_common.py          91    read                      : Read 23 bytes data
2024-04-06 10:38:49,308 BTPWorkerThread-5278 root DEBUG iutctl_common.py          99    read                      : Received data: {'03 00 01 00 02 00 10 80 00 38 00 1d dd 1a 09 ae 86 75 b4 b5 0e 70 18'}, bytearray(b'\x03\x00\x01\x00\x02\x00\x10\x80\x008\x00\x1d\xdd\x1a\t\xae\x86u\xb4\xb5\x0ep\x18')
2024-04-06 10:38:49,308 BTPWorkerThread-5278 root DEBUG btp.py                    810   event_handler             : event_handler Header(svc_id=4, op=134, ctrl_index=0, data_len=23) (b'\x03\x00\x01\x00\x02\x00\x10\x80\x008\x00\x1d\xdd\x1a\t\xae\x86u\xb4\xb5\x0ep\x18',)
2024-04-06 10:38:49,308 BTPWorkerThread-5278 root DEBUG iutctl_common.py          76    read                      : Read 5 bytes
2024-04-06 10:38:49,308 BTPWorkerThread-5278 root DEBUG iutctl_common.py          83    read                      : Received: hdr: Header(svc_id=4, op=143, ctrl_index=0, data_len=13) bytearray(b'\x04\x8f\x00\r\x00')
2024-04-06 10:38:49,308 BTPWorkerThread-5278 root DEBUG iutctl_common.py          91    read                      : Read 13 bytes data
2024-04-06 10:38:49,308 BTPWorkerThread-5278 root DEBUG iutctl_common.py          99    read                      : Received data: {'01 00 02 00 08 80 3d 02 00 00 00 14 00'}, bytearray(b'\x01\x00\x02\x00\x08\x80=\x02\x00\x00\x00\x14\x00')
2024-04-06 10:38:49,309 BTPWorkerThread-5278 root DEBUG btp.py                    810   event_handler             : event_handler Header(svc_id=4, op=143, ctrl_index=0, data_len=13) (b'\x01\x00\x02\x00\x08\x80=\x02\x00\x00\x00\x14\x00',)
2024-04-06 10:38:49,309 BTPWorkerThread-5278 root DEBUG mesh.py                   2040  mesh_model_recv_ev        : mesh_model_recv_ev b'\x01\x00\x02\x00\x08\x80=\x02\x00\x00\x00\x14\x00' 13
2024-04-06 10:38:50,428 BTPWorkerThread-5278 root DEBUG iutctl_common.py          76    read                      : Read 5 bytes
2024-04-06 10:38:50,429 BTPWorkerThread-5278 root DEBUG iutctl_common.py          83    read                      : Received: hdr: Header(svc_id=4, op=134, ctrl_index=0, data_len=23) bytearray(b'\x04\x86\x00\x17\x00')
2024-04-06 10:38:50,430 BTPWorkerThread-5278 root DEBUG iutctl_common.py          91    read                      : Read 23 bytes data
2024-04-06 10:38:50,430 BTPWorkerThread-5278 root DEBUG iutctl_common.py          99    read                      : Received data: {'03 00 01 00 02 00 10 80 80 40 01 22 63 54 5d a8 bd 33 0c 20 5c 4f 73'}, bytearray(b'\x03\x00\x01\x00\x02\x00\x10\x80\x80@\x01"cT]\xa8\xbd3\x0c \\Os')
2024-04-06 10:38:50,431 BTPWorkerThread-5278 root DEBUG btp.py                    810   event_handler             : event_handler Header(svc_id=4, op=134, ctrl_index=0, data_len=23) (b'\x03\x00\x01\x00\x02\x00\x10\x80\x80@\x01"cT]\xa8\xbd3\x0c \\Os',)
2024-04-06 10:38:50,474 BTPWorkerThread-5278 root DEBUG iutctl_common.py          76    read                      : Read 5 bytes
2024-04-06 10:38:50,475 BTPWorkerThread-5278 root DEBUG iutctl_common.py          83    read                      : Received: hdr: Header(svc_id=4, op=134, ctrl_index=0, data_len=19) bytearray(b'\x04\x86\x00\x13\x00')
2024-04-06 10:38:50,475 BTPWorkerThread-5278 root DEBUG iutctl_common.py          91    read                      : Read 15 bytes data
2024-04-06 10:38:50,490 BTPWorkerThread-5278 root DEBUG iutctl_common.py          91    read                      : Read 4 bytes data
2024-04-06 10:38:50,490 BTPWorkerThread-5278 root DEBUG iutctl_common.py          99    read                      : Received data: {'03 00 01 00 02 00 0c 80 80 40 21 24 0a 67 e3 e6 32 4f 7c'}, bytearray(b'\x03\x00\x01\x00\x02\x00\x0c\x80\x80@!$\ng\xe3\xe62O|')
2024-04-06 10:38:50,490 BTPWorkerThread-5278 root DEBUG btp.py                    810   event_handler             : event_handler Header(svc_id=4, op=134, ctrl_index=0, data_len=19) (b'\x03\x00\x01\x00\x02\x00\x0c\x80\x80@!$\ng\xe3\xe62O|',)
2024-04-06 10:38:50,490 BTPWorkerThread-5278 root DEBUG iutctl_common.py          76    read                      : Read 5 bytes
2024-04-06 10:38:50,490 BTPWorkerThread-5278 root DEBUG iutctl_common.py          83    read                      : Received: hdr: Header(svc_id=4, op=143, ctrl_index=0, data_len=17) bytearray(b'\x04\x8f\x00\x11\x00')
2024-04-06 10:38:50,490 BTPWorkerThread-5278 root DEBUG iutctl_common.py          91    read                      : Read 17 bytes data
2024-04-06 10:38:50,490 BTPWorkerThread-5278 root DEBUG iutctl_common.py          99    read                      : Received data: {'01 00 02 00 0c 03 02 00 01 00 00 00 00 00 19 dc 56'}, bytearray(b'\x01\x00\x02\x00\x0c\x03\x02\x00\x01\x00\x00\x00\x00\x00\x19\xdcV')
2024-04-06 10:38:50,491 BTPWorkerThread-5278 root DEBUG btp.py                    810   event_handler             : event_handler Header(svc_id=4, op=143, ctrl_index=0, data_len=17) (b'\x01\x00\x02\x00\x0c\x03\x02\x00\x01\x00\x00\x00\x00\x00\x19\xdcV',)
2024-04-06 10:38:50,491 BTPWorkerThread-5278 root DEBUG mesh.py                   2040  mesh_model_recv_ev        : mesh_model_recv_ev b'\x01\x00\x02\x00\x0c\x03\x02\x00\x01\x00\x00\x00\x00\x00\x19\xdcV' 17
2024-04-06 10:38:50,617 BTPWorkerThread-5278 root DEBUG iutctl_common.py          76    read                      : Read 5 bytes
2024-04-06 10:38:50,617 BTPWorkerThread-5278 root DEBUG iutctl_common.py          83    read                      : Received: hdr: Header(svc_id=4, op=134, ctrl_index=0, data_len=14) bytearray(b'\x04\x86\x00\x0e\x00')
2024-04-06 10:38:50,618 BTPWorkerThread-5278 root DEBUG iutctl_common.py          91    read                      : Read 14 bytes data
2024-04-06 10:38:50,618 BTPWorkerThread-5278 root DEBUG iutctl_common.py          99    read                      : Received data: {'07 01 01 00 02 00 07 00 00 84 00 00 00 03'}, bytearray(b'\x07\x01\x01\x00\x02\x00\x07\x00\x00\x84\x00\x00\x00\x03')
2024-04-06 10:38:50,618 BTPWorkerThread-5278 root DEBUG btp.py                    810   event_handler             : event_handler Header(svc_id=4, op=134, ctrl_index=0, data_len=14) (b'\x07\x01\x01\x00\x02\x00\x07\x00\x00\x84\x00\x00\x00\x03',)
2024-04-06 10:38:50,759 BTPWorkerThread-5278 root DEBUG iutctl_common.py          76    read                      : Read 5 bytes
2024-04-06 10:38:50,760 BTPWorkerThread-5278 root DEBUG iutctl_common.py          83    read                      : Received: hdr: Header(svc_id=4, op=134, ctrl_index=0, data_len=23) bytearray(b'\x04\x86\x00\x17\x00')
2024-04-06 10:38:50,760 BTPWorkerThread-5278 root DEBUG iutctl_common.py          91    read                      : Read 23 bytes data
2024-04-06 10:38:50,760 BTPWorkerThread-5278 root DEBUG iutctl_common.py          99    read                      : Received data: {'03 00 01 00 02 00 10 80 80 4c 02 88 40 b7 5c 91 17 20 9a 4f eb 0e 8f'}, bytearray(b'\x03\x00\x01\x00\x02\x00\x10\x80\x80L\x02\x88@\xb7\\\x91\x17 \x9aO\xeb\x0e\x8f')
2024-04-06 10:38:50,760 BTPWorkerThread-5278 root DEBUG btp.py                    810   event_handler             : event_handler Header(svc_id=4, op=134, ctrl_index=0, data_len=23) (b'\x03\x00\x01\x00\x02\x00\x10\x80\x80L\x02\x88@\xb7\\\x91\x17 \x9aO\xeb\x0e\x8f',)
2024-04-06 10:38:50,791 BTPWorkerThread-5278 root DEBUG iutctl_common.py          76    read                      : Read 5 bytes
2024-04-06 10:38:50,792 BTPWorkerThread-5278 root DEBUG iutctl_common.py          83    read                      : Received: hdr: Header(svc_id=4, op=134, ctrl_index=0, data_len=23) bytearray(b'\x04\x86\x00\x17\x00')
2024-04-06 10:38:50,792 BTPWorkerThread-5278 root DEBUG iutctl_common.py          91    read                      : Read 23 bytes data
2024-04-06 10:38:50,792 BTPWorkerThread-5278 root DEBUG iutctl_common.py          99    read                      : Received data: {'03 00 01 00 02 00 10 80 80 4c 22 ce 1d 9d 8d b1 61 3c 61 2c 20 67 b5'}, bytearray(b'\x03\x00\x01\x00\x02\x00\x10\x80\x80L"\xce\x1d\x9d\x8d\xb1a<a, g\xb5')
2024-04-06 10:38:50,792 BTPWorkerThread-5278 root DEBUG btp.py                    810   event_handler             : event_handler Header(svc_id=4, op=134, ctrl_index=0, data_len=23) (b'\x03\x00\x01\x00\x02\x00\x10\x80\x80L"\xce\x1d\x9d\x8d\xb1a<a, g\xb5',)
2024-04-06 10:38:50,823 BTPWorkerThread-5278 root DEBUG iutctl_common.py          76    read                      : Read 5 bytes
2024-04-06 10:38:50,824 BTPWorkerThread-5278 root DEBUG iutctl_common.py          83    read                      : Received: hdr: Header(svc_id=4, op=134, ctrl_index=0, data_len=22) bytearray(b'\x04\x86\x00\x16\x00')
2024-04-06 10:38:50,824 BTPWorkerThread-5278 root DEBUG iutctl_common.py          91    read                      : Read 22 bytes data
2024-04-06 10:38:50,824 BTPWorkerThread-5278 root DEBUG iutctl_common.py          99    read                      : Received data: {'03 00 01 00 02 00 0f 80 80 4c 42 0a 7f b3 76 83 c6 08 ee 39 e5 f2'}, bytearray(b'\x03\x00\x01\x00\x02\x00\x0f\x80\x80LB\n\x7f\xb3v\x83\xc6\x08\xee9\xe5\xf2')
2024-04-06 10:38:50,824 BTPWorkerThread-5278 root DEBUG btp.py                    810   event_handler             : event_handler Header(svc_id=4, op=134, ctrl_index=0, data_len=22) (b'\x03\x00\x01\x00\x02\x00\x0f\x80\x80LB\n\x7f\xb3v\x83\xc6\x08\xee9\xe5\xf2',)
2024-04-06 10:38:50,824 BTPWorkerThread-5278 root DEBUG iutctl_common.py          76    read                      : Read 5 bytes
2024-04-06 10:38:50,824 BTPWorkerThread-5278 root DEBUG iutctl_common.py          83    read                      : Received: hdr: Header(svc_id=4, op=143, ctrl_index=0, data_len=32) bytearray(b'\x04\x8f\x00 \x00')
2024-04-06 10:38:50,825 BTPWorkerThread-5278 root DEBUG iutctl_common.py          91    read                      : Read 32 bytes data
2024-04-06 10:38:50,825 BTPWorkerThread-5278 root DEBUG iutctl_common.py          99    read                      : Received data: {'01 00 02 00 1b 80 1a 02 00 a7 03 27 74 02 c9 71 b7 bf 93 99 0d 55 3b 1e f5 00 00 00 00 19 dc 56'}, bytearray(b"\x01\x00\x02\x00\x1b\x80\x1a\x02\x00\xa7\x03\'t\x02\xc9q\xb7\xbf\x93\x99\rU;\x1e\xf5\x00\x00\x00\x00\x19\xdcV")
2024-04-06 10:38:50,825 BTPWorkerThread-5278 root DEBUG btp.py                    810   event_handler             : event_handler Header(svc_id=4, op=143, ctrl_index=0, data_len=32) (b"\x01\x00\x02\x00\x1b\x80\x1a\x02\x00\xa7\x03't\x02\xc9q\xb7\xbf\x93\x99\rU;\x1e\xf5\x00\x00\x00\x00\x19\xdcV",)
2024-04-06 10:38:50,825 BTPWorkerThread-5278 root DEBUG mesh.py                   2040  mesh_model_recv_ev        : mesh_model_recv_ev b"\x01\x00\x02\x00\x1b\x80\x1a\x02\x00\xa7\x03't\x02\xc9q\xb7\xbf\x93\x99\rU;\x1e\xf5\x00\x00\x00\x00\x19\xdcV" 32
2024-04-06 10:38:50,950 BTPWorkerThread-5278 root DEBUG iutctl_common.py          76    read                      : Read 5 bytes
2024-04-06 10:38:50,950 BTPWorkerThread-5278 root DEBUG iutctl_common.py          83    read                      : Received: hdr: Header(svc_id=4, op=134, ctrl_index=0, data_len=14) bytearray(b'\x04\x86\x00\x0e\x00')
2024-04-06 10:38:50,951 BTPWorkerThread-5278 root DEBUG iutctl_common.py          91    read                      : Read 13 bytes data
2024-04-06 10:38:50,966 BTPWorkerThread-5278 root DEBUG iutctl_common.py          91    read                      : Read 1 bytes data
2024-04-06 10:38:50,966 BTPWorkerThread-5278 root DEBUG iutctl_common.py          99    read                      : Received data: {'07 01 01 00 02 00 07 00 00 90 00 00 00 03'}, bytearray(b'\x07\x01\x01\x00\x02\x00\x07\x00\x00\x90\x00\x00\x00\x03')
2024-04-06 10:38:50,966 BTPWorkerThread-5278 root DEBUG btp.py                    810   event_handler             : event_handler Header(svc_id=4, op=134, ctrl_index=0, data_len=14) (b'\x07\x01\x01\x00\x02\x00\x07\x00\x00\x90\x00\x00\x00\x03',)
2024-04-06 10:38:51,076 BTPWorkerThread-5278 root DEBUG iutctl_common.py          76    read                      : Read 5 bytes
2024-04-06 10:38:51,076 BTPWorkerThread-5278 root DEBUG iutctl_common.py          83    read                      : Received: hdr: Header(svc_id=4, op=134, ctrl_index=0, data_len=21) bytearray(b'\x04\x86\x00\x15\x00')
2024-04-06 10:38:51,076 BTPWorkerThread-5278 root DEBUG iutctl_common.py          91    read                      : Read 21 bytes data
2024-04-06 10:38:51,076 BTPWorkerThread-5278 root DEBUG iutctl_common.py          99    read                      : Received data: {'03 00 01 00 02 00 0e 80 00 5c 00 33 4f 58 2d e8 db 7a 4a ef 0f'}, bytearray(b'\x03\x00\x01\x00\x02\x00\x0e\x80\x00\\\x003OX-\xe8\xdbzJ\xef\x0f')
2024-04-06 10:38:51,077 BTPWorkerThread-5278 root DEBUG btp.py                    810   event_handler             : event_handler Header(svc_id=4, op=134, ctrl_index=0, data_len=21) (b'\x03\x00\x01\x00\x02\x00\x0e\x80\x00\\\x003OX-\xe8\xdbzJ\xef\x0f',)
2024-04-06 10:38:51,077 BTPWorkerThread-5278 root DEBUG iutctl_common.py          76    read                      : Read 5 bytes
2024-04-06 10:38:51,077 BTPWorkerThread-5278 root DEBUG iutctl_common.py          83    read                      : Received: hdr: Header(svc_id=4, op=143, ctrl_index=0, data_len=11) bytearray(b'\x04\x8f\x00\x0b\x00')
2024-04-06 10:38:51,077 BTPWorkerThread-5278 root DEBUG iutctl_common.py          91    read                      : Read 11 bytes data
2024-04-06 10:38:51,077 BTPWorkerThread-5278 root DEBUG iutctl_common.py          99    read                      : Received data: {'01 00 02 00 06 80 18 02 00 dc 56'}, bytearray(b'\x01\x00\x02\x00\x06\x80\x18\x02\x00\xdcV')
2024-04-06 10:38:51,077 BTPWorkerThread-5278 root DEBUG btp.py                    810   event_handler             : event_handler Header(svc_id=4, op=143, ctrl_index=0, data_len=11) (b'\x01\x00\x02\x00\x06\x80\x18\x02\x00\xdcV',)
2024-04-06 10:38:51,077 BTPWorkerThread-5278 root DEBUG mesh.py                   2040  mesh_model_recv_ev        : mesh_model_recv_ev b'\x01\x00\x02\x00\x06\x80\x18\x02\x00\xdcV' 11
2024-04-06 10:38:51,220 BTPWorkerThread-5278 root DEBUG iutctl_common.py          76    read                      : Read 5 bytes
2024-04-06 10:38:51,220 BTPWorkerThread-5278 root DEBUG iutctl_common.py          83    read                      : Received: hdr: Header(svc_id=4, op=134, ctrl_index=0, data_len=14) bytearray(b'\x04\x86\x00\x0e\x00')
2024-04-06 10:38:51,220 BTPWorkerThread-5278 root DEBUG iutctl_common.py          91    read                      : Read 14 bytes data
2024-04-06 10:38:51,220 BTPWorkerThread-5278 root DEBUG iutctl_common.py          99    read                      : Received data: {'07 01 01 00 02 00 07 00 00 9c 00 00 00 03'}, bytearray(b'\x07\x01\x01\x00\x02\x00\x07\x00\x00\x9c\x00\x00\x00\x03')
2024-04-06 10:38:51,220 BTPWorkerThread-5278 root DEBUG btp.py                    810   event_handler             : event_handler Header(svc_id=4, op=134, ctrl_index=0, data_len=14) (b'\x07\x01\x01\x00\x02\x00\x07\x00\x00\x9c\x00\x00\x00\x03',)
2024-04-06 10:38:54,856 LT1-callback ClientCallback.log INFO client.py                 235   log                       : PTS_LOGTYPE_START_TEST Start Test Case 

+0 ms
 MESH/NODE/CFG/MP/BI-02-C MESH/NODE/CFG/MP/BI-02-C

2024-04-06 10:38:56,188 LT1-callback ClientCallback.log INFO client.py                 235   log                       : PTS_LOGTYPE_FINAL_VERDICT Final Verdict 

+17625 ms
 MESH/NODE/CFG/MP/BI-02-C PASS

2024-04-06 10:38:56,191 LT1-callback ClientCallback.log INFO client.py                 235   log                       : PTS_LOGTYPE_FINAL_VERDICT Encrypted Verdict 

+17625 ms
 MESH/NODE/CFG/MP/BI-02-C A1#ZWY4MzQ5MDg3MmQwNTIxOGQzMzQ5YjY2ODA5M2MzNjQ5ZDY4NmY0Yjc2MzIzM2VkNTUyNTFhNGU4Mjg1MjI0NA==#lqbfemQDN44RIq0Jfwh2wsmaj8yzAOr8ZC43MZ9uNgx4IJPBNzMPaSzmdluiOxz7

2024-04-06 10:38:56,193 LT1-callback ClientCallback.log INFO client.py                 235   log                       : PTS_LOGTYPE_END_TEST Test Case Ended 

+17625 ms
 MESH/NODE/CFG/MP/BI-02-C MESH/NODE/CFG/MP/BI-02-C

2024-04-06 10:38:56,252 LT1-callback root DEBUG client.py                 297   set_result                : ClientCallback, set_result, run_test_case, PASS
2024-04-06 10:38:56,252 LT1-thread root DEBUG client.py                 1021  _run_test_case            : After run_test_case error_code=0 status='PASS'
2024-04-06 10:38:56,252 LT1-thread root DEBUG testcase.py               752   post_run                  : post_run MESH MESH/NODE/CFG/MP/BI-02-C 0
2024-04-06 10:38:56,252 LT1-thread root DEBUG testcase.py               253   start                     : Starting test function: class=<class 'autopts.ptsprojects.testcase.TestFuncCleanUp'>, func=<bound method Stack.cleanup of <autopts.ptsprojects.stack.stack.Stack object at 0x000002716332DA60>> start_wid=None stop_wid=None post_wid=None skip_call=None call_count=1 args=() kwds={}
2024-04-06 10:38:56,252 LT1-thread root DEBUG testcase.py               265   start                     : Test function parameters: args=(), kwds={}
2024-04-06 10:38:56,252 LT1-thread root DEBUG testcase.py               253   start                     : Starting test function: class=<class 'autopts.ptsprojects.testcase.TestFuncCleanUp'>, func=<bound method ZephyrCtl.stop of <autopts.ptsprojects.zephyr.iutctl.ZephyrCtl object at 0x0000027163337D90>> start_wid=None stop_wid=None post_wid=None skip_call=None call_count=1 args=() kwds={}
2024-04-06 10:38:56,252 LT1-thread root DEBUG testcase.py               265   start                     : Test function parameters: args=(), kwds={}
2024-04-06 10:38:56,252 LT1-thread root DEBUG iutctl.py                 247   stop                      : <class 'autopts.ptsprojects.zephyr.iutctl.ZephyrCtl'>.stop
2024-04-06 10:38:56,252 LT1-thread root DEBUG __init__.py               48    reset                     : About to reset DUT: 'nrfjprog -r -s 683511993'
2024-04-06 10:38:57,026 BTPWorkerThread-5278 root DEBUG iutctl_common.py          76    read                      : Read 5 bytes
2024-04-06 10:38:57,042 BTPWorkerThread-5278 root DEBUG iutctl_common.py          83    read                      : Received: hdr: Header(svc_id=0, op=128, ctrl_index=255, data_len=0) bytearray(b'\x00\x80\xff\x00\x00')
2024-04-06 10:38:57,058 BTPWorkerThread-5278 root DEBUG iutctl_common.py          99    read                      : Received data: {''}, bytearray(b'')
2024-04-06 10:38:57,074 BTPWorkerThread-5278 root DEBUG btp.py                    810   event_handler             : event_handler Header(svc_id=0, op=128, ctrl_index=255, data_len=0) (b'',)
2024-04-06 10:38:57,074 BTPWorkerThread-5278 root DEBUG core.py                   28    core_iut_ready_ev         : core_iut_ready_ev
2024-04-06 10:38:57,090 LT1-thread root DEBUG iutctl.py                 265   stop                      : IUT ready event received OK
2024-04-06 10:38:57,090 LT1-thread root DEBUG iutctl_common.py          307   close                     : Waiting for _rx_worker to finish ...
2024-04-06 10:38:58,091 BTPWorkerThread-5278 root DEBUG iutctl_common.py          223   _rx_task                  : BTPWorkerThread-5278 finishing...
2024-04-06 10:39:01,108 LT1-thread root DEBUG testcase.py               781   post_run                  : post_run, cleanup running post test case script
2024-04-06 10:39:01,108 LT1-thread root DEBUG testcase.py               791   post_run                  : post_run, run post test case script
2024-04-06 10:39:01,175 LT1-thread root DEBUG client.py                 1051  _run_test_case            : Done TestCase _run_test_case MESH MESH/NODE/CFG/MP/BI-02-C
