2025-01-24 23:45:49,436 LT1-thread root DEBUG client.py                 951   _run_test_case            : Starting TestCase _run_test_case L2CAP L2CAP/ECFC/BV-03-C
2025-01-24 23:45:49,436 LT1-thread root DEBUG testcase.py               712   pre_run                   : pre_run L2CAP L2CAP/ECFC/BV-03-C
2025-01-24 23:45:49,436 LT1-thread root DEBUG testcase.py               714   pre_run                   : About to run test case L2CAP L2CAP/ECFC/BV-03-C with commands:
2025-01-24 23:45:49,436 LT1-thread root DEBUG testcase.py               717   pre_run                   : 0) class=<class 'autopts.ptsprojects.testcase.TestFunc'>, func=<bound method Stack.core_init of <autopts.ptsprojects.stack.stack.Stack object at 0x7f9a0577c8e0>> start_wid=None stop_wid=None post_wid=None skip_call=None call_count=0 args=() kwds={}
2025-01-24 23:45:49,437 LT1-thread root DEBUG testcase.py               717   pre_run                   : 1) class=<class 'autopts.ptsprojects.testcase.TestFunc'>, func=<bound method ZephyrCtl.hw_reset of <autopts.ptsprojects.zephyr.iutctl.ZephyrCtl object at 0x7f9a0577e080>> start_wid=None stop_wid=None post_wid=None skip_call=None call_count=0 args=() kwds={}
2025-01-24 23:45:49,437 LT1-thread root DEBUG testcase.py               717   pre_run                   : 2) class=<class 'autopts.ptsprojects.testcase.TestFunc'>, func=<bound method ZephyrCtl.start of <autopts.ptsprojects.zephyr.iutctl.ZephyrCtl object at 0x7f9a0577e080>> start_wid=None stop_wid=None post_wid=None skip_call=None call_count=0 args=(<autopts.ptsprojects.zephyr.ztestcase.ZTestCase object at 0x7f99f764d690>,) kwds={}
2025-01-24 23:45:49,437 LT1-thread root DEBUG testcase.py               717   pre_run                   : 3) class=<class 'autopts.ptsprojects.testcase.TestFunc'>, func=<bound method ZephyrCtl.hw_reset of <autopts.ptsprojects.zephyr.iutctl.ZephyrCtl object at 0x7f9a0577e080>> start_wid=None stop_wid=None post_wid=None skip_call=None call_count=0 args=() kwds={}
2025-01-24 23:45:49,437 LT1-thread root DEBUG testcase.py               717   pre_run                   : 4) class=<class 'autopts.ptsprojects.testcase.TestFunc'>, func=<bound method ZephyrCtl.wait_iut_ready_event of <autopts.ptsprojects.zephyr.iutctl.ZephyrCtl object at 0x7f9a0577e080>> start_wid=None stop_wid=None post_wid=None skip_call=None call_count=0 args=(False,) kwds={}
2025-01-24 23:45:49,437 LT1-thread root DEBUG testcase.py               717   pre_run                   : 5) class=<class 'autopts.ptsprojects.testcase.TestFunc'>, func=<function core_reg_svc_gap at 0x7f9a0876cb80> start_wid=None stop_wid=None post_wid=None skip_call=None call_count=49 args=() kwds={}
2025-01-24 23:45:49,437 LT1-thread root DEBUG testcase.py               717   pre_run                   : 6) class=<class 'autopts.ptsprojects.testcase.TestFunc'>, func=<function core_reg_svc_l2cap at 0x7f9a0876cdc0> start_wid=None stop_wid=None post_wid=None skip_call=None call_count=49 args=() kwds={}
2025-01-24 23:45:49,437 LT1-thread root DEBUG testcase.py               717   pre_run                   : 7) class=<class 'autopts.ptsprojects.testcase.TestFunc'>, func=<function gap_read_ctrl_info at 0x7f9a08788b80> start_wid=None stop_wid=None post_wid=None skip_call=None call_count=49 args=() kwds={}
2025-01-24 23:45:49,437 LT1-thread root DEBUG testcase.py               717   pre_run                   : 8) class=<class 'autopts.ptsprojects.testcase.TestFunc'>, func=<function test_cases.<locals>.<lambda> at 0x7f9a04166560> start_wid=None stop_wid=None post_wid=None skip_call=None call_count=49 args=() kwds={}
2025-01-24 23:45:49,437 LT1-thread root DEBUG testcase.py               717   pre_run                   : 9) class=<class 'autopts.ptsprojects.testcase.TestFunc'>, func=<function test_cases.<locals>.<lambda> at 0x7f9a041665f0> start_wid=None stop_wid=None post_wid=None skip_call=None call_count=49 args=() kwds={}
2025-01-24 23:45:49,437 LT1-thread root DEBUG testcase.py               717   pre_run                   : 10) class=<class 'autopts.ptsprojects.testcase.TestFunc'>, func=<function test_cases.<locals>.<lambda> at 0x7f9a04166680> start_wid=None stop_wid=None post_wid=None skip_call=None call_count=49 args=() kwds={}
2025-01-24 23:45:49,437 LT1-thread root DEBUG testcase.py               717   pre_run                   : 11) class=<class 'autopts.ptsprojects.testcase.TestFunc'>, func=<function test_cases.<locals>.<lambda> at 0x7f9a04166710> start_wid=None stop_wid=None post_wid=None skip_call=None call_count=49 args=() kwds={}
2025-01-24 23:45:49,437 LT1-thread root DEBUG testcase.py               717   pre_run                   : 12) class=<class 'autopts.ptsprojects.testcase.TestFunc'>, func=<function test_cases.<locals>.<lambda> at 0x7f9a041667a0> start_wid=None stop_wid=None post_wid=None skip_call=None call_count=49 args=() kwds={}
2025-01-24 23:45:49,437 LT1-thread root DEBUG testcase.py               717   pre_run                   : 13) class=<class 'autopts.ptsprojects.testcase.TestFunc'>, func=<function test_cases.<locals>.<lambda> at 0x7f9a04166830> start_wid=None stop_wid=None post_wid=None skip_call=None call_count=49 args=() kwds={}
2025-01-24 23:45:49,437 LT1-thread root DEBUG testcase.py               717   pre_run                   : 14) class=<class 'autopts.ptsprojects.testcase.TestFunc'>, func=<function test_cases.<locals>.<lambda> at 0x7f9a041668c0> start_wid=None stop_wid=None post_wid=None skip_call=None call_count=49 args=() kwds={}
2025-01-24 23:45:49,437 LT1-thread root DEBUG testcase.py               717   pre_run                   : 15) class=<class 'autopts.ptsprojects.testcase.TestFunc'>, func=<function test_cases.<locals>.<lambda> at 0x7f9a04166950> start_wid=None stop_wid=None post_wid=None skip_call=None call_count=49 args=() kwds={}
2025-01-24 23:45:49,437 LT1-thread root DEBUG testcase.py               717   pre_run                   : 16) class=<class 'autopts.ptsprojects.testcase.TestFunc'>, func=<function test_cases.<locals>.<lambda> at 0x7f9a041669e0> start_wid=None stop_wid=None post_wid=None skip_call=None call_count=49 args=() kwds={}
2025-01-24 23:45:49,438 LT1-thread root DEBUG testcase.py               717   pre_run                   : 17) class=<class 'autopts.ptsprojects.testcase.TestFunc'>, func=<function test_cases.<locals>.<lambda> at 0x7f9a04166a70> start_wid=None stop_wid=None post_wid=None skip_call=None call_count=49 args=() kwds={}
2025-01-24 23:45:49,438 LT1-thread root DEBUG testcase.py               717   pre_run                   : 18) class=<class 'autopts.ptsprojects.testcase.TestFunc'>, func=<function test_cases.<locals>.<lambda> at 0x7f9a04166b00> start_wid=None stop_wid=None post_wid=None skip_call=None call_count=49 args=() kwds={}
2025-01-24 23:45:49,438 LT1-thread root DEBUG testcase.py               717   pre_run                   : 19) class=<class 'autopts.ptsprojects.testcase.TestFunc'>, func=<function test_cases.<locals>.<lambda> at 0x7f9a04166b90> start_wid=None stop_wid=None post_wid=None skip_call=None call_count=49 args=() kwds={}
2025-01-24 23:45:49,438 LT1-thread root DEBUG testcase.py               717   pre_run                   : 20) class=<class 'autopts.ptsprojects.testcase.TestFunc'>, func=<function test_cases.<locals>.<lambda> at 0x7f9a04166c20> start_wid=None stop_wid=None post_wid=None skip_call=None call_count=49 args=() kwds={}
2025-01-24 23:45:49,438 LT1-thread root DEBUG testcase.py               717   pre_run                   : 21) class=<class 'autopts.ptsprojects.testcase.TestFunc'>, func=<function test_cases.<locals>.<lambda> at 0x7f9a04166cb0> start_wid=None stop_wid=None post_wid=None skip_call=None call_count=49 args=() kwds={}
2025-01-24 23:45:49,438 LT1-thread root DEBUG testcase.py               717   pre_run                   : 22) class=<class 'autopts.ptsprojects.testcase.TestFunc'>, func=<function test_cases.<locals>.<lambda> at 0x7f9a04166d40> start_wid=None stop_wid=None post_wid=None skip_call=None call_count=49 args=() kwds={}
2025-01-24 23:45:49,438 LT1-thread root DEBUG testcase.py               717   pre_run                   : 23) class=<class 'autopts.ptsprojects.testcase.TestFunc'>, func=<function set_pts_addr at 0x7f9a0876c790> start_wid=None stop_wid=None post_wid=None skip_call=None call_count=49 args=('C0:07:E8:1C:28:DF', 0) kwds={}
2025-01-24 23:45:49,438 LT1-thread root DEBUG testcase.py               717   pre_run                   : 24) class=<class 'autopts.ptsprojects.testcase.TestFunc'>, func=<bound method Stack.l2cap_init of <autopts.ptsprojects.stack.stack.Stack object at 0x7f9a0577c8e0>> start_wid=None stop_wid=None post_wid=None skip_call=None call_count=43 args=(128, 120) kwds={}
2025-01-24 23:45:49,438 LT1-thread root DEBUG testcase.py               717   pre_run                   : 25) class=<class 'autopts.ptsprojects.testcase.TestFunc'>, func=<function l2cap_le_listen at 0x7f9a08791000> start_wid=None stop_wid=None post_wid=None skip_call=None call_count=43 args=(128, 120, 0) kwds={}
2025-01-24 23:45:49,438 LT1-thread root DEBUG testcase.py               717   pre_run                   : 26) class=<class 'autopts.ptsprojects.testcase.TestFuncCleanUp'>, func=<bound method Stack.cleanup of <autopts.ptsprojects.stack.stack.Stack object at 0x7f9a0577c8e0>> start_wid=None stop_wid=None post_wid=None skip_call=None call_count=0 args=() kwds={}
2025-01-24 23:45:49,438 LT1-thread root DEBUG testcase.py               717   pre_run                   : 27) class=<class 'autopts.ptsprojects.testcase.TestFuncCleanUp'>, func=<bound method ZephyrCtl.stop of <autopts.ptsprojects.zephyr.iutctl.ZephyrCtl object at 0x7f9a0577e080>> start_wid=None stop_wid=None post_wid=None skip_call=None call_count=0 args=() kwds={}
2025-01-24 23:45:49,438 LT1-thread root DEBUG testcase.py               724   pre_run                   : pre_run, run pre test case script
2025-01-24 23:45:49,439 LT1-thread root DEBUG testcase.py               253   start                     : Starting test function: class=<class 'autopts.ptsprojects.testcase.TestFunc'>, func=<bound method Stack.core_init of <autopts.ptsprojects.stack.stack.Stack object at 0x7f9a0577c8e0>> start_wid=None stop_wid=None post_wid=None skip_call=None call_count=1 args=() kwds={}
2025-01-24 23:45:49,439 LT1-thread root DEBUG testcase.py               265   start                     : Test function parameters: args=(), kwds={}
2025-01-24 23:45:49,439 LT1-thread root DEBUG testcase.py               253   start                     : Starting test function: class=<class 'autopts.ptsprojects.testcase.TestFunc'>, func=<bound method ZephyrCtl.hw_reset of <autopts.ptsprojects.zephyr.iutctl.ZephyrCtl object at 0x7f9a0577e080>> start_wid=None stop_wid=None post_wid=None skip_call=None call_count=1 args=() kwds={}
2025-01-24 23:45:49,439 LT1-thread root DEBUG testcase.py               265   start                     : Test function parameters: args=(), kwds={}
2025-01-24 23:45:49,439 LT1-thread root DEBUG testcase.py               253   start                     : Starting test function: class=<class 'autopts.ptsprojects.testcase.TestFunc'>, func=<bound method ZephyrCtl.start of <autopts.ptsprojects.zephyr.iutctl.ZephyrCtl object at 0x7f9a0577e080>> start_wid=None stop_wid=None post_wid=None skip_call=None call_count=1 args=(<autopts.ptsprojects.zephyr.ztestcase.ZTestCase object at 0x7f99f764d690>,) kwds={}
2025-01-24 23:45:49,439 LT1-thread root DEBUG testcase.py               265   start                     : Test function parameters: args=(<autopts.ptsprojects.zephyr.ztestcase.ZTestCase object at 0x7f99f764d690>,), kwds={}
2025-01-24 23:45:49,439 LT1-thread root DEBUG iutctl.py                 104   start                     : <class 'autopts.ptsprojects.zephyr.iutctl.ZephyrCtl'>.start
2025-01-24 23:45:49,439 LT1-thread root DEBUG iutctl.py                 170   flush_serial              : <class 'autopts.ptsprojects.zephyr.iutctl.ZephyrCtl'>.flush_serial
2025-01-24 23:45:50,442 LT1-thread root DEBUG iutctl.py                 133   start                     : Starting socat process: socat -x -v /dev/ttyACM0,rawer,b115200 UNIX-CONNECT:/tmp/bt-stack-tester683989059
2025-01-24 23:45:50,443 LT1-thread root DEBUG iutctl_common.py          387   accept                    : accept
2025-01-24 23:45:50,445 BTPWorkerThread-11914 (_rx_task) root DEBUG iutctl_common.py          292   _rx_task                  : BTPWorkerThread-11914 (_rx_task) started
2025-01-24 23:45:50,445 LT1-thread root DEBUG testcase.py               253   start                     : Starting test function: class=<class 'autopts.ptsprojects.testcase.TestFunc'>, func=<bound method ZephyrCtl.hw_reset of <autopts.ptsprojects.zephyr.iutctl.ZephyrCtl object at 0x7f9a0577e080>> start_wid=None stop_wid=None post_wid=None skip_call=None call_count=1 args=() kwds={}
2025-01-24 23:45:50,445 LT1-thread root DEBUG testcase.py               265   start                     : Test function parameters: args=(), kwds={}
2025-01-24 23:45:50,445 LT1-thread root DEBUG testcase.py               253   start                     : Starting test function: class=<class 'autopts.ptsprojects.testcase.TestFunc'>, func=<bound method ZephyrCtl.wait_iut_ready_event of <autopts.ptsprojects.zephyr.iutctl.ZephyrCtl object at 0x7f9a0577e080>> start_wid=None stop_wid=None post_wid=None skip_call=None call_count=1 args=(False,) kwds={}
2025-01-24 23:45:50,445 LT1-thread root DEBUG testcase.py               265   start                     : Test function parameters: args=(False,), kwds={}
2025-01-24 23:45:50,445 LT1-thread root DEBUG iutctl.py                 232   wait_iut_ready_event      : IUT ready event received OK
2025-01-24 23:45:50,445 LT1-thread root DEBUG rtt.py                    232   start                     : <class 'autopts.rtt.RTTLogger'>.start
2025-01-24 23:45:50,445 LT1-thread root DEBUG rtt.py                    87    start                     : <class 'autopts.rtt.RTT'>.start
2025-01-24 23:45:51,074 LT1-thread root DEBUG testcase.py               253   start                     : Starting test function: class=<class 'autopts.ptsprojects.testcase.TestFunc'>, func=<function core_reg_svc_gap at 0x7f9a0876cb80> start_wid=None stop_wid=None post_wid=None skip_call=None call_count=50 args=() kwds={}
2025-01-24 23:45:51,074 LT1-thread root DEBUG testcase.py               265   start                     : Test function parameters: args=(), kwds={}
2025-01-24 23:45:51,074 LT1-thread root DEBUG btp.py                    463   core_reg_svc_gap          : core_reg_svc_gap
2025-01-24 23:45:51,074 LT1-thread root DEBUG iutctl_common.py          160   send                      : send, 0 3 255 '1'
2025-01-24 23:45:51,074 LT1-thread root DEBUG iutctl_common.py          165   send                      : sending frame '0003ff010001'
2025-01-24 23:45:51,075 LT1-thread root DEBUG btp.py                    719   core_reg_svc_rsp_succ     : core_reg_svc_rsp_succ
2025-01-24 23:45:51,075 LT1-thread root DEBUG iutctl_common.py          324   read                      : read
2025-01-24 23:45:51,095 BTPWorkerThread-11914 (_rx_task) root DEBUG iutctl_common.py          122   read                      : Read 5 bytes
2025-01-24 23:45:51,116 BTPWorkerThread-11914 (_rx_task) root DEBUG iutctl_common.py          130   read                      : Received: hdr: Header(svc_id=0x00, op=0x03, ctrl_index=0xff, data_len=0x00) bytearray(b'\x00\x03\xff\x00\x00')
2025-01-24 23:45:51,121 BTPWorkerThread-11914 (_rx_task) root DEBUG iutctl_common.py          153   read                      : Received data: {''}, bytearray(b'')
2025-01-24 23:45:51,142 LT1-thread root DEBUG btp.py                    730   core_reg_svc_rsp_succ     : received Header(svc_id=0, op=3, ctrl_index=255, data_len=0) (b'',)
2025-01-24 23:45:51,142 LT1-thread root DEBUG btp.py                    731   core_reg_svc_rsp_succ     : expected ((0, 3, 255, 0), (b'',))
2025-01-24 23:45:51,142 LT1-thread root DEBUG btp.py                    736   core_reg_svc_rsp_succ     : response is valid
2025-01-24 23:45:51,142 LT1-thread root DEBUG testcase.py               253   start                     : Starting test function: class=<class 'autopts.ptsprojects.testcase.TestFunc'>, func=<function core_reg_svc_l2cap at 0x7f9a0876cdc0> start_wid=None stop_wid=None post_wid=None skip_call=None call_count=50 args=() kwds={}
2025-01-24 23:45:51,142 LT1-thread root DEBUG testcase.py               265   start                     : Test function parameters: args=(), kwds={}
2025-01-24 23:45:51,142 LT1-thread root DEBUG btp.py                    497   core_reg_svc_l2cap        : core_reg_svc_l2cap
2025-01-24 23:45:51,142 LT1-thread root DEBUG iutctl_common.py          160   send                      : send, 0 3 255 '3'
2025-01-24 23:45:51,143 LT1-thread root DEBUG iutctl_common.py          165   send                      : sending frame '0003ff010003'
2025-01-24 23:45:51,143 LT1-thread root DEBUG btp.py                    719   core_reg_svc_rsp_succ     : core_reg_svc_rsp_succ
2025-01-24 23:45:51,143 LT1-thread root DEBUG iutctl_common.py          324   read                      : read
2025-01-24 23:45:51,170 BTPWorkerThread-11914 (_rx_task) root DEBUG iutctl_common.py          122   read                      : Read 5 bytes
2025-01-24 23:45:51,211 BTPWorkerThread-11914 (_rx_task) root DEBUG iutctl_common.py          130   read                      : Received: hdr: Header(svc_id=0x00, op=0x03, ctrl_index=0xff, data_len=0x00) bytearray(b'\x00\x03\xff\x00\x00')
2025-01-24 23:45:51,221 BTPWorkerThread-11914 (_rx_task) root DEBUG iutctl_common.py          153   read                      : Received data: {''}, bytearray(b'')
2025-01-24 23:45:51,222 LT1-thread root DEBUG btp.py                    730   core_reg_svc_rsp_succ     : received Header(svc_id=0, op=3, ctrl_index=255, data_len=0) (b'',)
2025-01-24 23:45:51,222 LT1-thread root DEBUG btp.py                    731   core_reg_svc_rsp_succ     : expected ((0, 3, 255, 0), (b'',))
2025-01-24 23:45:51,222 LT1-thread root DEBUG btp.py                    736   core_reg_svc_rsp_succ     : response is valid
2025-01-24 23:45:51,222 LT1-thread root DEBUG testcase.py               253   start                     : Starting test function: class=<class 'autopts.ptsprojects.testcase.TestFunc'>, func=<function gap_read_ctrl_info at 0x7f9a08788b80> start_wid=None stop_wid=None post_wid=None skip_call=None call_count=50 args=() kwds={}
2025-01-24 23:45:51,222 LT1-thread root DEBUG testcase.py               265   start                     : Test function parameters: args=(), kwds={}
2025-01-24 23:45:51,222 LT1-thread root DEBUG gap.py                    937   gap_read_ctrl_info        : gap_read_ctrl_info
2025-01-24 23:45:51,222 LT1-thread root DEBUG iutctl_common.py          160   send                      : send, 1 3 0 ''
2025-01-24 23:45:51,222 LT1-thread root DEBUG iutctl_common.py          165   send                      : sending frame '0103000000'
2025-01-24 23:45:51,222 LT1-thread root DEBUG iutctl_common.py          324   read                      : read
2025-01-24 23:45:51,524 BTPWorkerThread-11914 (_rx_task) root DEBUG iutctl_common.py          122   read                      : Read 5 bytes
2025-01-24 23:45:51,529 BTPWorkerThread-11914 (_rx_task) root DEBUG iutctl_common.py          130   read                      : Received: hdr: Header(svc_id=0x01, op=0x03, ctrl_index=0x00, data_len=0x115) bytearray(b'\x01\x03\x00\x15\x01')
2025-01-24 23:45:51,539 BTPWorkerThread-11914 (_rx_task) root DEBUG iutctl_common.py          138   read                      : Read 195 bytes data
2025-01-24 23:45:51,560 BTPWorkerThread-11914 (_rx_task) root DEBUG iutctl_common.py          138   read                      : Read 82 bytes data
2025-01-24 23:45:51,575 BTPWorkerThread-11914 (_rx_task) root DEBUG iutctl_common.py          153   read                      : Received data: {'70 1f c4 76 e7 dc 13 06 02 00 13 82 00 00 00 00 00 62 74 70 5f 74 65 73 74 65 72 00 00 00 00 00 00 00 00 00 00 00 00 00 00 00 00 00 00 00 00 00 00 00 00 00 00 00 00 00 00 00 00 00 00 00 00 00 00 00 00 00 00 00 00 00 00 00 00 00 00 00 00 00 00 00 00 00 00 00 00 00 00 00 00 00 00 00 00 00 00 00 00 00 00 00 00 00 00 00 00 00 00 00 00 00 00 00 00 00 00 00 00 00 00 00 00 00 00 00 00 00 00 00 00 00 00 00 00 00 00 00 00 00 00 00 00 00 00 00 00 00 00 00 00 00 00 00 00 00 00 00 00 00 00 00 00 00 00 00 00 00 00 00 00 00 00 00 00 00 00 00 00 00 00 00 00 00 00 00 00 00 00 00 00 00 00 00 00 00 00 00 00 00 00 00 00 00 00 00 00 00 00 00 00 00 00 00 00 00 00 00 00 00 00 00 00 00 00 00 00 00 00 00 00 00 00 00 00 00 00 00 00 00 00 00 00 00 00 00 00 00 00 00 00 00 00 00 00 00 00 00 00 00 00 00 00 00 00 00 00 00 00 00 00 00 00 00 00 00 00'}, bytearray(b'p\x1f\xc4v\xe7\xdc\x13\x06\x02\x00\x13\x82\x00\x00\x00\x00\x00btp_tester\x00\x00\x00\x00\x00\x00\x00\x00\x00\x00\x00\x00\x00\x00\x00\x00\x00\x00\x00\x00\x00\x00\x00\x00\x00\x00\x00\x00\x00\x00\x00\x00\x00\x00\x00\x00\x00\x00\x00\x00\x00\x00\x00\x00\x00\x00\x00\x00\x00\x00\x00\x00\x00\x00\x00\x00\x00\x00\x00\x00\x00\x00\x00\x00\x00\x00\x00\x00\x00\x00\x00\x00\x00\x00\x00\x00\x00\x00\x00\x00\x00\x00\x00\x00\x00\x00\x00\x00\x00\x00\x00\x00\x00\x00\x00\x00\x00\x00\x00\x00\x00\x00\x00\x00\x00\x00\x00\x00\x00\x00\x00\x00\x00\x00\x00\x00\x00\x00\x00\x00\x00\x00\x00\x00\x00\x00\x00\x00\x00\x00\x00\x00\x00\x00\x00\x00\x00\x00\x00\x00\x00\x00\x00\x00\x00\x00\x00\x00\x00\x00\x00\x00\x00\x00\x00\x00\x00\x00\x00\x00\x00\x00\x00\x00\x00\x00\x00\x00\x00\x00\x00\x00\x00\x00\x00\x00\x00\x00\x00\x00\x00\x00\x00\x00\x00\x00\x00\x00\x00\x00\x00\x00\x00\x00\x00\x00\x00\x00\x00\x00\x00\x00\x00\x00\x00\x00\x00\x00\x00\x00\x00\x00\x00\x00\x00\x00\x00\x00\x00\x00\x00\x00\x00\x00\x00\x00\x00\x00\x00\x00\x00\x00\x00\x00\x00\x00\x00\x00\x00\x00\x00\x00\x00\x00\x00\x00\x00\x00\x00\x00')
2025-01-24 23:45:51,581 LT1-thread root DEBUG gap.py                    944   gap_read_ctrl_info        : received Header(svc_id=1, op=3, ctrl_index=0, data_len=277) (b'p\x1f\xc4v\xe7\xdc\x13\x06\x02\x00\x13\x82\x00\x00\x00\x00\x00btp_tester\x00\x00\x00\x00\x00\x00\x00\x00\x00\x00\x00\x00\x00\x00\x00\x00\x00\x00\x00\x00\x00\x00\x00\x00\x00\x00\x00\x00\x00\x00\x00\x00\x00\x00\x00\x00\x00\x00\x00\x00\x00\x00\x00\x00\x00\x00\x00\x00\x00\x00\x00\x00\x00\x00\x00\x00\x00\x00\x00\x00\x00\x00\x00\x00\x00\x00\x00\x00\x00\x00\x00\x00\x00\x00\x00\x00\x00\x00\x00\x00\x00\x00\x00\x00\x00\x00\x00\x00\x00\x00\x00\x00\x00\x00\x00\x00\x00\x00\x00\x00\x00\x00\x00\x00\x00\x00\x00\x00\x00\x00\x00\x00\x00\x00\x00\x00\x00\x00\x00\x00\x00\x00\x00\x00\x00\x00\x00\x00\x00\x00\x00\x00\x00\x00\x00\x00\x00\x00\x00\x00\x00\x00\x00\x00\x00\x00\x00\x00\x00\x00\x00\x00\x00\x00\x00\x00\x00\x00\x00\x00\x00\x00\x00\x00\x00\x00\x00\x00\x00\x00\x00\x00\x00\x00\x00\x00\x00\x00\x00\x00\x00\x00\x00\x00\x00\x00\x00\x00\x00\x00\x00\x00\x00\x00\x00\x00\x00\x00\x00\x00\x00\x00\x00\x00\x00\x00\x00\x00\x00\x00\x00\x00\x00\x00\x00\x00\x00\x00\x00\x00\x00\x00\x00\x00\x00\x00\x00\x00\x00\x00\x00\x00\x00\x00\x00\x00\x00\x00\x00\x00\x00\x00\x00\x00\x00\x00\x00\x00\x00\x00',)
2025-01-24 23:45:51,581 LT1-thread root DEBUG gap.py                    965   gap_read_ctrl_info        : IUT address 'dce776c41f70' 'random'
2025-01-24 23:45:51,581 LT1-thread root DEBUG gap.py                    400   __gap_current_settings_update : __gap_current_settings_update 33299
2025-01-24 23:45:51,581 LT1-thread root DEBUG testcase.py               253   start                     : Starting test function: class=<class 'autopts.ptsprojects.testcase.TestFunc'>, func=<function test_cases.<locals>.<lambda> at 0x7f9a04166560> start_wid=None stop_wid=None post_wid=None skip_call=None call_count=50 args=() kwds={}
2025-01-24 23:45:51,581 LT1-thread root DEBUG testcase.py               265   start                     : Test function parameters: args=(), kwds={}
2025-01-24 23:45:52,383 LT1-thread root DEBUG testcase.py               253   start                     : Starting test function: class=<class 'autopts.ptsprojects.testcase.TestFunc'>, func=<function test_cases.<locals>.<lambda> at 0x7f9a041665f0> start_wid=None stop_wid=None post_wid=None skip_call=None call_count=50 args=() kwds={}
2025-01-24 23:45:52,383 LT1-thread root DEBUG testcase.py               265   start                     : Test function parameters: args=(), kwds={}
2025-01-24 23:45:53,939 LT1-thread root DEBUG testcase.py               253   start                     : Starting test function: class=<class 'autopts.ptsprojects.testcase.TestFunc'>, func=<function test_cases.<locals>.<lambda> at 0x7f9a04166680> start_wid=None stop_wid=None post_wid=None skip_call=None call_count=50 args=() kwds={}
2025-01-24 23:45:53,939 LT1-thread root DEBUG testcase.py               265   start                     : Test function parameters: args=(), kwds={}
2025-01-24 23:45:53,944 LT1-thread root DEBUG testcase.py               253   start                     : Starting test function: class=<class 'autopts.ptsprojects.testcase.TestFunc'>, func=<function test_cases.<locals>.<lambda> at 0x7f9a04166710> start_wid=None stop_wid=None post_wid=None skip_call=None call_count=50 args=() kwds={}
2025-01-24 23:45:53,944 LT1-thread root DEBUG testcase.py               265   start                     : Test function parameters: args=(), kwds={}
2025-01-24 23:45:53,949 LT1-thread root DEBUG testcase.py               253   start                     : Starting test function: class=<class 'autopts.ptsprojects.testcase.TestFunc'>, func=<function test_cases.<locals>.<lambda> at 0x7f9a041667a0> start_wid=None stop_wid=None post_wid=None skip_call=None call_count=50 args=() kwds={}
2025-01-24 23:45:53,949 LT1-thread root DEBUG testcase.py               265   start                     : Test function parameters: args=(), kwds={}
2025-01-24 23:45:53,954 LT1-thread root DEBUG testcase.py               253   start                     : Starting test function: class=<class 'autopts.ptsprojects.testcase.TestFunc'>, func=<function test_cases.<locals>.<lambda> at 0x7f9a04166830> start_wid=None stop_wid=None post_wid=None skip_call=None call_count=50 args=() kwds={}
2025-01-24 23:45:53,954 LT1-thread root DEBUG testcase.py               265   start                     : Test function parameters: args=(), kwds={}
2025-01-24 23:45:53,959 LT1-thread root DEBUG testcase.py               253   start                     : Starting test function: class=<class 'autopts.ptsprojects.testcase.TestFunc'>, func=<function test_cases.<locals>.<lambda> at 0x7f9a041668c0> start_wid=None stop_wid=None post_wid=None skip_call=None call_count=50 args=() kwds={}
2025-01-24 23:45:53,959 LT1-thread root DEBUG testcase.py               265   start                     : Test function parameters: args=(), kwds={}
2025-01-24 23:45:53,963 LT1-thread root DEBUG testcase.py               253   start                     : Starting test function: class=<class 'autopts.ptsprojects.testcase.TestFunc'>, func=<function test_cases.<locals>.<lambda> at 0x7f9a04166950> start_wid=None stop_wid=None post_wid=None skip_call=None call_count=50 args=() kwds={}
2025-01-24 23:45:53,963 LT1-thread root DEBUG testcase.py               265   start                     : Test function parameters: args=(), kwds={}
2025-01-24 23:45:53,968 LT1-thread root DEBUG testcase.py               253   start                     : Starting test function: class=<class 'autopts.ptsprojects.testcase.TestFunc'>, func=<function test_cases.<locals>.<lambda> at 0x7f9a041669e0> start_wid=None stop_wid=None post_wid=None skip_call=None call_count=50 args=() kwds={}
2025-01-24 23:45:53,968 LT1-thread root DEBUG testcase.py               265   start                     : Test function parameters: args=(), kwds={}
2025-01-24 23:45:53,973 LT1-thread root DEBUG testcase.py               253   start                     : Starting test function: class=<class 'autopts.ptsprojects.testcase.TestFunc'>, func=<function test_cases.<locals>.<lambda> at 0x7f9a04166a70> start_wid=None stop_wid=None post_wid=None skip_call=None call_count=50 args=() kwds={}
2025-01-24 23:45:53,973 LT1-thread root DEBUG testcase.py               265   start                     : Test function parameters: args=(), kwds={}
2025-01-24 23:45:53,978 LT1-thread root DEBUG testcase.py               253   start                     : Starting test function: class=<class 'autopts.ptsprojects.testcase.TestFunc'>, func=<function test_cases.<locals>.<lambda> at 0x7f9a04166b00> start_wid=None stop_wid=None post_wid=None skip_call=None call_count=50 args=() kwds={}
2025-01-24 23:45:53,978 LT1-thread root DEBUG testcase.py               265   start                     : Test function parameters: args=(), kwds={}
2025-01-24 23:45:53,982 LT1-thread root DEBUG testcase.py               253   start                     : Starting test function: class=<class 'autopts.ptsprojects.testcase.TestFunc'>, func=<function test_cases.<locals>.<lambda> at 0x7f9a04166b90> start_wid=None stop_wid=None post_wid=None skip_call=None call_count=50 args=() kwds={}
2025-01-24 23:45:53,982 LT1-thread root DEBUG testcase.py               265   start                     : Test function parameters: args=(), kwds={}
2025-01-24 23:45:53,987 LT1-thread root DEBUG testcase.py               253   start                     : Starting test function: class=<class 'autopts.ptsprojects.testcase.TestFunc'>, func=<function test_cases.<locals>.<lambda> at 0x7f9a04166c20> start_wid=None stop_wid=None post_wid=None skip_call=None call_count=50 args=() kwds={}
2025-01-24 23:45:53,987 LT1-thread root DEBUG testcase.py               265   start                     : Test function parameters: args=(), kwds={}
2025-01-24 23:45:53,992 LT1-thread root DEBUG testcase.py               253   start                     : Starting test function: class=<class 'autopts.ptsprojects.testcase.TestFunc'>, func=<function test_cases.<locals>.<lambda> at 0x7f9a04166cb0> start_wid=None stop_wid=None post_wid=None skip_call=None call_count=50 args=() kwds={}
2025-01-24 23:45:53,992 LT1-thread root DEBUG testcase.py               265   start                     : Test function parameters: args=(), kwds={}
2025-01-24 23:45:53,997 LT1-thread root DEBUG testcase.py               253   start                     : Starting test function: class=<class 'autopts.ptsprojects.testcase.TestFunc'>, func=<function test_cases.<locals>.<lambda> at 0x7f9a04166d40> start_wid=None stop_wid=None post_wid=None skip_call=None call_count=50 args=() kwds={}
2025-01-24 23:45:53,997 LT1-thread root DEBUG testcase.py               265   start                     : Test function parameters: args=(), kwds={}
2025-01-24 23:45:54,002 LT1-thread root DEBUG testcase.py               253   start                     : Starting test function: class=<class 'autopts.ptsprojects.testcase.TestFunc'>, func=<function set_pts_addr at 0x7f9a0876c790> start_wid=None stop_wid=None post_wid=None skip_call=None call_count=50 args=('C0:07:E8:1C:28:DF', 0) kwds={}
2025-01-24 23:45:54,002 LT1-thread root DEBUG testcase.py               265   start                     : Test function parameters: args=('C0:07:E8:1C:28:DF', 0), kwds={}
2025-01-24 23:45:54,002 LT1-thread root DEBUG testcase.py               253   start                     : Starting test function: class=<class 'autopts.ptsprojects.testcase.TestFunc'>, func=<bound method Stack.l2cap_init of <autopts.ptsprojects.stack.stack.Stack object at 0x7f9a0577c8e0>> start_wid=None stop_wid=None post_wid=None skip_call=None call_count=44 args=(128, 120) kwds={}
2025-01-24 23:45:54,002 LT1-thread root DEBUG testcase.py               265   start                     : Test function parameters: args=(128, 120), kwds={}
2025-01-24 23:45:54,002 LT1-thread root DEBUG testcase.py               253   start                     : Starting test function: class=<class 'autopts.ptsprojects.testcase.TestFunc'>, func=<function l2cap_le_listen at 0x7f9a08791000> start_wid=None stop_wid=None post_wid=None skip_call=None call_count=44 args=(128, 120, 0) kwds={}
2025-01-24 23:45:54,002 LT1-thread root DEBUG testcase.py               265   start                     : Test function parameters: args=(128, 120, 0), kwds={}
2025-01-24 23:45:54,002 LT1-thread root DEBUG l2cap.py                  155   l2cap_listen              : l2cap_le_listen 128 1 120 0
2025-01-24 23:45:54,002 LT1-thread root DEBUG iutctl_common.py          160   send                      : send, 3 5 0 "bytearray(b'\\x80\\x00\\x01x\\x00\\x00\\x00')"
2025-01-24 23:45:54,002 LT1-thread root DEBUG iutctl_common.py          165   send                      : sending frame '030500070080000178000000'
2025-01-24 23:45:54,002 LT1-thread root DEBUG l2cap.py                  50    l2cap_command_rsp_succ    : l2cap_command_rsp_succ
2025-01-24 23:45:54,002 LT1-thread root DEBUG iutctl_common.py          324   read                      : read
2025-01-24 23:45:54,013 BTPWorkerThread-11914 (_rx_task) root DEBUG iutctl_common.py          122   read                      : Read 5 bytes
2025-01-24 23:45:54,018 BTPWorkerThread-11914 (_rx_task) root DEBUG iutctl_common.py          130   read                      : Received: hdr: Header(svc_id=0x03, op=0x05, ctrl_index=0x00, data_len=0x00) bytearray(b'\x03\x05\x00\x00\x00')
2025-01-24 23:45:54,029 BTPWorkerThread-11914 (_rx_task) root DEBUG iutctl_common.py          153   read                      : Received data: {''}, bytearray(b'')
2025-01-24 23:45:54,055 LT1-thread root DEBUG l2cap.py                  55    l2cap_command_rsp_succ    : received Header(svc_id=3, op=5, ctrl_index=0, data_len=0) (b'',)
2025-01-24 23:45:54,056 LT1-thread root DEBUG client.py                 309   get_result                : ClientCallback.get_result run_test_case
2025-01-24 23:45:58,926 LT1-callback ClientCallback.on_implicit_send INFO client.py                 256   on_implicit_send          : 
    ********************
    BEGIN OnImplicitSend:
    project_name: L2CAP
    wid: 51
    test_case_name: L2CAP/ECFC/BV-03-C
    description: Initiate or create LE ACL connection to the PTS.
    style: MMI_Style_Ok_Cancel2 0x11141
2025-01-24 23:45:58,926 LT1-callback ClientCallback.on_implicit_send INFO client.py                 269   on_implicit_send          : Calling test cases on_implicit_send
2025-01-24 23:45:58,926 LT1-callback ClientCallback.on_implicit_send INFO client.py                 282   on_implicit_send          : 
    on_implicit_send returned response: WAIT
    END OnImplicitSend
    ********************
2025-01-24 23:45:59,057 LT1-thread root DEBUG testcase.py               671   run_wid                   : L2CAP L2CAP/ECFC/BV-03-C on_implicit_send
2025-01-24 23:45:59,057 LT1-thread root DEBUG l2cap.py                  30    l2cap_wid_hdl             : l2cap_wid_hdl, 51, Initiate or create LE ACL connection to the PTS., L2CAP/ECFC/BV-03-C
2025-01-24 23:45:59,057 LT1-thread root DEBUG gap.py                    561   gap_conn                  : gap_conn None None
2025-01-24 23:45:59,057 LT1-thread root DEBUG iutctl_common.py          160   send                      : send, 1 14 0 "bytearray(b'\\x00\\xdf(\\x1c\\xe8\\x07\\xc0\\x00')"
2025-01-24 23:45:59,057 LT1-thread root DEBUG iutctl_common.py          165   send                      : sending frame '010e00080000df281ce807c000'
2025-01-24 23:45:59,057 LT1-thread root DEBUG iutctl_common.py          324   read                      : read
2025-01-24 23:45:59,073 BTPWorkerThread-11914 (_rx_task) root DEBUG iutctl_common.py          122   read                      : Read 5 bytes
2025-01-24 23:45:59,073 BTPWorkerThread-11914 (_rx_task) root DEBUG iutctl_common.py          130   read                      : Received: hdr: Header(svc_id=0x01, op=0x0e, ctrl_index=0x00, data_len=0x00) bytearray(b'\x01\x0e\x00\x00\x00')
2025-01-24 23:45:59,089 BTPWorkerThread-11914 (_rx_task) root DEBUG iutctl_common.py          153   read                      : Received data: {''}, bytearray(b'')
2025-01-24 23:45:59,104 LT1-thread root DEBUG testcase.py               707   run_wid                   : Sending response 'OK' to wid 51 test case L2CAP/ECFC/BV-03-C
2025-01-24 23:45:59,106 LT1-thread root DEBUG client.py                 309   get_result                : ClientCallback.get_result run_test_case
2025-01-24 23:45:59,139 BTPWorkerThread-11914 (_rx_task) root DEBUG iutctl_common.py          122   read                      : Read 3 bytes
2025-01-24 23:45:59,141 BTPWorkerThread-11914 (_rx_task) root DEBUG iutctl_common.py          122   read                      : Read 2 bytes
2025-01-24 23:45:59,141 BTPWorkerThread-11914 (_rx_task) root DEBUG iutctl_common.py          130   read                      : Received: hdr: Header(svc_id=0x01, op=0x82, ctrl_index=0x00, data_len=0x0d) bytearray(b'\x01\x82\x00\r\x00')
2025-01-24 23:45:59,141 BTPWorkerThread-11914 (_rx_task) root DEBUG iutctl_common.py          138   read                      : Read 13 bytes data
2025-01-24 23:45:59,141 BTPWorkerThread-11914 (_rx_task) root DEBUG iutctl_common.py          153   read                      : Received data: {'00 df 28 1c e8 07 c0 30 00 00 00 90 01'}, bytearray(b'\x00\xdf(\x1c\xe8\x07\xc00\x00\x00\x00\x90\x01')
2025-01-24 23:45:59,141 BTPWorkerThread-11914 (_rx_task) root DEBUG btp.py                    824   event_handler             : event_handler Header(svc_id=1, op=130, ctrl_index=0, data_len=13) (b'\x00\xdf(\x1c\xe8\x07\xc00\x00\x00\x00\x90\x01',)
2025-01-24 23:45:59,141 BTPWorkerThread-11914 (_rx_task) root DEBUG gap.py                    171   gap_connected_ev_         : gap_connected_ev_ b'\x00\xdf(\x1c\xe8\x07\xc00\x00\x00\x00\x90\x01'
2025-01-24 23:46:00,147 LT1-callback ClientCallback.on_implicit_send INFO client.py                 256   on_implicit_send          : 
    ********************
    BEGIN OnImplicitSend:
    project_name: L2CAP
    wid: 256
    test_case_name: L2CAP/ECFC/BV-03-C
    description: Please send L2CAP Credit Based Connection RSP to PTS.
    style: MMI_Style_Ok_Cancel2 0x11141
2025-01-24 23:46:00,147 LT1-callback ClientCallback.on_implicit_send INFO client.py                 269   on_implicit_send          : Calling test cases on_implicit_send
2025-01-24 23:46:00,147 LT1-callback ClientCallback.on_implicit_send INFO client.py                 282   on_implicit_send          : 
    on_implicit_send returned response: WAIT
    END OnImplicitSend
    ********************
2025-01-24 23:46:00,161 BTPWorkerThread-11914 (_rx_task) root DEBUG iutctl_common.py          122   read                      : Read 2 bytes
2025-01-24 23:46:00,162 BTPWorkerThread-11914 (_rx_task) root DEBUG iutctl_common.py          122   read                      : Read 3 bytes
2025-01-24 23:46:00,162 BTPWorkerThread-11914 (_rx_task) root DEBUG iutctl_common.py          130   read                      : Received: hdr: Header(svc_id=0x03, op=0x81, ctrl_index=0x00, data_len=0x12) bytearray(b'\x03\x81\x00\x12\x00')
2025-01-24 23:46:00,162 BTPWorkerThread-11914 (_rx_task) root DEBUG iutctl_common.py          138   read                      : Read 13 bytes data
2025-01-24 23:46:00,163 BTPWorkerThread-11914 (_rx_task) root DEBUG iutctl_common.py          138   read                      : Read 3 bytes data
2025-01-24 23:46:00,165 BTPWorkerThread-11914 (_rx_task) root DEBUG iutctl_common.py          138   read                      : Read 2 bytes data
2025-01-24 23:46:00,165 BTPWorkerThread-11914 (_rx_task) root DEBUG iutctl_common.py          153   read                      : Received data: {'00 51 00 40 00 40 00 c0 00 60 00 00 df 28 1c e8 07 c0'}, bytearray(b'\x00Q\x00@\x00@\x00\xc0\x00`\x00\x00\xdf(\x1c\xe8\x07\xc0')
2025-01-24 23:46:00,165 BTPWorkerThread-11914 (_rx_task) root DEBUG btp.py                    824   event_handler             : event_handler Header(svc_id=3, op=129, ctrl_index=0, data_len=18) (b'\x00Q\x00@\x00@\x00\xc0\x00`\x00\x00\xdf(\x1c\xe8\x07\xc0',)
2025-01-24 23:46:00,165 BTPWorkerThread-11914 (_rx_task) root DEBUG l2cap.py                  229   l2cap_connected_ev        : l2cap_connected_ev b'\x00Q\x00@\x00@\x00\xc0\x00`\x00\x00\xdf(\x1c\xe8\x07\xc0' 18
2025-01-24 23:46:00,165 BTPWorkerThread-11914 (_rx_task) root DEBUG l2cap.py                  237   l2cap_connected_ev        : id:0 on psm:81, peer_mtu:64, peer_mps:64, our_mtu:192, our_mps:96, addr b'\xdf(\x1c\xe8\x07\xc0' type 0
2025-01-24 23:46:01,106 LT1-thread root DEBUG testcase.py               671   run_wid                   : L2CAP L2CAP/ECFC/BV-03-C on_implicit_send
2025-01-24 23:46:01,106 LT1-thread root DEBUG l2cap.py                  30    l2cap_wid_hdl             : l2cap_wid_hdl, 256, Please send L2CAP Credit Based Connection RSP to PTS., L2CAP/ECFC/BV-03-C
2025-01-24 23:46:01,106 LT1-thread root DEBUG testcase.py               707   run_wid                   : Sending response 'OK' to wid 256 test case L2CAP/ECFC/BV-03-C
2025-01-24 23:46:01,107 LT1-thread root DEBUG client.py                 309   get_result                : ClientCallback.get_result run_test_case
2025-01-24 23:46:01,110 LT1-callback ClientCallback.on_implicit_send INFO client.py                 256   on_implicit_send          : 
    ********************
    BEGIN OnImplicitSend:
    project_name: L2CAP
    wid: 100
    test_case_name: L2CAP/ECFC/BV-03-C
    description: Please send one or more correctly formatted K-frames on the opened data channel to PTS.
    style: MMI_Style_Ok_Cancel2 0x11141
2025-01-24 23:46:01,110 LT1-callback ClientCallback.on_implicit_send INFO client.py                 269   on_implicit_send          : Calling test cases on_implicit_send
2025-01-24 23:46:01,110 LT1-callback ClientCallback.on_implicit_send INFO client.py                 282   on_implicit_send          : 
    on_implicit_send returned response: WAIT
    END OnImplicitSend
    ********************
2025-01-24 23:46:02,108 LT1-thread root DEBUG testcase.py               671   run_wid                   : L2CAP L2CAP/ECFC/BV-03-C on_implicit_send
2025-01-24 23:46:02,108 LT1-thread root DEBUG l2cap.py                  30    l2cap_wid_hdl             : l2cap_wid_hdl, 100, Please send one or more correctly formatted K-frames on the opened data channel to PTS., L2CAP/ECFC/BV-03-C
2025-01-24 23:46:02,108 LT1-thread root DEBUG l2cap.py                  133   l2cap_send_data           : l2cap_send_data 0 '00' None
2025-01-24 23:46:02,108 LT1-thread root DEBUG iutctl_common.py          160   send                      : send, 3 4 0 "bytearray(b'\\x00\\x01\\x00\\x00')"
2025-01-24 23:46:02,108 LT1-thread root DEBUG iutctl_common.py          165   send                      : sending frame '030400040000010000'
2025-01-24 23:46:02,108 LT1-thread root DEBUG iutctl_common.py          324   read                      : read
2025-01-24 23:46:02,129 BTPWorkerThread-11914 (_rx_task) root DEBUG iutctl_common.py          122   read                      : Read 5 bytes
2025-01-24 23:46:02,129 BTPWorkerThread-11914 (_rx_task) root DEBUG iutctl_common.py          130   read                      : Received: hdr: Header(svc_id=0x03, op=0x04, ctrl_index=0x00, data_len=0x00) bytearray(b'\x03\x04\x00\x00\x00')
2025-01-24 23:46:02,129 BTPWorkerThread-11914 (_rx_task) root DEBUG iutctl_common.py          153   read                      : Received data: {''}, bytearray(b'')
2025-01-24 23:46:02,130 LT1-thread root DEBUG l2cap.py                  133   l2cap_send_data           : l2cap_send_data 0 '00' None
2025-01-24 23:46:02,130 LT1-thread root DEBUG iutctl_common.py          160   send                      : send, 3 4 0 "bytearray(b'\\x00\\x01\\x00\\x00')"
2025-01-24 23:46:02,130 LT1-thread root DEBUG iutctl_common.py          165   send                      : sending frame '030400040000010000'
2025-01-24 23:46:02,130 LT1-thread root DEBUG iutctl_common.py          324   read                      : read
2025-01-24 23:46:02,141 BTPWorkerThread-11914 (_rx_task) root DEBUG iutctl_common.py          122   read                      : Read 5 bytes
2025-01-24 23:46:02,162 BTPWorkerThread-11914 (_rx_task) root DEBUG iutctl_common.py          130   read                      : Received: hdr: Header(svc_id=0x03, op=0x04, ctrl_index=0x00, data_len=0x00) bytearray(b'\x03\x04\x00\x00\x00')
2025-01-24 23:46:02,167 BTPWorkerThread-11914 (_rx_task) root DEBUG iutctl_common.py          153   read                      : Received data: {''}, bytearray(b'')
2025-01-24 23:46:02,183 LT1-thread root DEBUG l2cap.py                  133   l2cap_send_data           : l2cap_send_data 0 '00' None
2025-01-24 23:46:02,183 LT1-thread root DEBUG iutctl_common.py          160   send                      : send, 3 4 0 "bytearray(b'\\x00\\x01\\x00\\x00')"
2025-01-24 23:46:02,183 LT1-thread root DEBUG iutctl_common.py          165   send                      : sending frame '030400040000010000'
2025-01-24 23:46:02,183 LT1-thread root DEBUG iutctl_common.py          324   read                      : read
2025-01-24 23:46:02,219 BTPWorkerThread-11914 (_rx_task) root DEBUG iutctl_common.py          122   read                      : Read 5 bytes
2025-01-24 23:46:02,245 BTPWorkerThread-11914 (_rx_task) root DEBUG iutctl_common.py          130   read                      : Received: hdr: Header(svc_id=0x03, op=0x04, ctrl_index=0x00, data_len=0x00) bytearray(b'\x03\x04\x00\x00\x00')
2025-01-24 23:46:02,250 BTPWorkerThread-11914 (_rx_task) root DEBUG iutctl_common.py          153   read                      : Received data: {''}, bytearray(b'')
2025-01-24 23:46:02,261 LT1-thread root DEBUG l2cap.py                  133   l2cap_send_data           : l2cap_send_data 0 '00' None
2025-01-24 23:46:02,261 LT1-thread root DEBUG iutctl_common.py          160   send                      : send, 3 4 0 "bytearray(b'\\x00\\x01\\x00\\x00')"
2025-01-24 23:46:02,261 LT1-thread root DEBUG iutctl_common.py          165   send                      : sending frame '030400040000010000'
2025-01-24 23:46:02,261 LT1-thread root DEBUG iutctl_common.py          324   read                      : read
2025-01-24 23:46:02,313 BTPWorkerThread-11914 (_rx_task) root DEBUG iutctl_common.py          122   read                      : Read 5 bytes
2025-01-24 23:46:02,318 BTPWorkerThread-11914 (_rx_task) root DEBUG iutctl_common.py          130   read                      : Received: hdr: Header(svc_id=0x03, op=0x04, ctrl_index=0x00, data_len=0x00) bytearray(b'\x03\x04\x00\x00\x00')
2025-01-24 23:46:02,329 BTPWorkerThread-11914 (_rx_task) root DEBUG iutctl_common.py          153   read                      : Received data: {''}, bytearray(b'')
2025-01-24 23:46:02,339 LT1-thread root DEBUG l2cap.py                  133   l2cap_send_data           : l2cap_send_data 0 '00' None
2025-01-24 23:46:02,339 LT1-thread root DEBUG iutctl_common.py          160   send                      : send, 3 4 0 "bytearray(b'\\x00\\x01\\x00\\x00')"
2025-01-24 23:46:02,340 LT1-thread root DEBUG iutctl_common.py          165   send                      : sending frame '030400040000010000'
2025-01-24 23:46:02,340 LT1-thread root DEBUG iutctl_common.py          324   read                      : read
2025-01-24 23:46:06,351 BTPWorkerThread-11914 (_rx_task) root DEBUG iutctl_common.py          122   read                      : Read 5 bytes
2025-01-24 23:46:06,356 BTPWorkerThread-11914 (_rx_task) root DEBUG iutctl_common.py          130   read                      : Received: hdr: Header(svc_id=0x03, op=0x82, ctrl_index=0x00, data_len=0x0c) bytearray(b'\x03\x82\x00\x0c\x00')
2025-01-24 23:46:06,366 BTPWorkerThread-11914 (_rx_task) root DEBUG iutctl_common.py          138   read                      : Read 12 bytes data
2025-01-24 23:46:06,387 BTPWorkerThread-11914 (_rx_task) root DEBUG iutctl_common.py          153   read                      : Received data: {'00 00 00 00 00 00 df 28 1c e8 07 c0'}, bytearray(b'\x00\x00\x00\x00\x00\x00\xdf(\x1c\xe8\x07\xc0')
2025-01-24 23:46:06,387 BTPWorkerThread-11914 (_rx_task) root DEBUG btp.py                    824   event_handler             : event_handler Header(svc_id=3, op=130, ctrl_index=0, data_len=12) (b'\x00\x00\x00\x00\x00\x00\xdf(\x1c\xe8\x07\xc0',)
2025-01-24 23:46:06,388 BTPWorkerThread-11914 (_rx_task) root DEBUG l2cap.py                  244   l2cap_disconnected_ev     : l2cap_disconnected_ev b'\x00\x00\x00\x00\x00\x00\xdf(\x1c\xe8\x07\xc0' 12
2025-01-24 23:46:06,419 BTPWorkerThread-11914 (_rx_task) root DEBUG l2cap.py                  251   l2cap_disconnected_ev     : id:0 on psm:0, addr b'\xdf(\x1c\xe8\x07\xc0' type 0, res 'Success'
2025-01-24 23:46:06,419 BTPWorkerThread-11914 (_rx_task) root DEBUG iutctl_common.py          122   read                      : Read 5 bytes
2025-01-24 23:46:06,419 BTPWorkerThread-11914 (_rx_task) root DEBUG iutctl_common.py          130   read                      : Received: hdr: Header(svc_id=0x01, op=0x83, ctrl_index=0x00, data_len=0x07) bytearray(b'\x01\x83\x00\x07\x00')
2025-01-24 23:46:06,450 BTPWorkerThread-11914 (_rx_task) root DEBUG iutctl_common.py          138   read                      : Read 7 bytes data
2025-01-24 23:46:06,455 BTPWorkerThread-11914 (_rx_task) root DEBUG iutctl_common.py          153   read                      : Received data: {'00 df 28 1c e8 07 c0'}, bytearray(b'\x00\xdf(\x1c\xe8\x07\xc0')
2025-01-24 23:46:06,455 BTPWorkerThread-11914 (_rx_task) root DEBUG btp.py                    824   event_handler             : event_handler Header(svc_id=1, op=131, ctrl_index=0, data_len=7) (b'\x00\xdf(\x1c\xe8\x07\xc0',)
2025-01-24 23:46:06,456 BTPWorkerThread-11914 (_rx_task) root DEBUG gap.py                    184   gap_disconnected_ev_      : gap_disconnected_ev_ b'\x00\xdf(\x1c\xe8\x07\xc0'
2025-01-24 23:46:06,456 BTPWorkerThread-11914 (_rx_task) root DEBUG iutctl_common.py          122   read                      : Read 5 bytes
2025-01-24 23:46:06,456 BTPWorkerThread-11914 (_rx_task) root DEBUG iutctl_common.py          130   read                      : Received: hdr: Header(svc_id=0x03, op=0x00, ctrl_index=0x00, data_len=0x01) bytearray(b'\x03\x00\x00\x01\x00')
2025-01-24 23:46:06,476 BTPWorkerThread-11914 (_rx_task) root DEBUG iutctl_common.py          138   read                      : Read 1 bytes data
2025-01-24 23:46:06,482 BTPWorkerThread-11914 (_rx_task) root DEBUG iutctl_common.py          153   read                      : Received data: {'01'}, bytearray(b'\x01')
2025-01-24 23:46:06,487 LT1-thread root DEBUG testcase.py               707   run_wid                   : Sending response 'OK' to wid 100 test case L2CAP/ECFC/BV-03-C
2025-01-24 23:46:06,489 LT1-thread root DEBUG client.py                 309   get_result                : ClientCallback.get_result run_test_case
2025-01-24 23:46:06,537 LT1-callback ClientCallback.log INFO client.py                 232   log                       : PTS_LOGTYPE_START_TEST Start Test Case 

+172 ms
 L2CAP/ECFC/BV-03-C L2CAP/ECFC/BV-03-C

2025-01-24 23:46:07,044 LT1-callback ClientCallback.log INFO client.py                 232   log                       : PTS_LOGTYPE_FINAL_VERDICT Final Verdict 

+10531 ms
 L2CAP/ECFC/BV-03-C PASS

2025-01-24 23:46:07,053 LT1-callback ClientCallback.log INFO client.py                 232   log                       : PTS_LOGTYPE_FINAL_VERDICT Encrypted Verdict 

+10531 ms
 L2CAP/ECFC/BV-03-C A1#ZWY4MzQ5MDg3MmQwNTIxOGQzMzQ5YjY2ODA5M2MzNjQ5ZDY4NmY0Yjc2MzIzM2VkNTUyNTFhNGU4Mjg1MjI0NA==#VzA9f67FeKJT0ZfDh6iQbxslvAYgNqyEMWmCGqwThEXJKyEi88EVZNJq3fJVTyop

2025-01-24 23:46:07,119 LT1-callback ClientCallback.log INFO client.py                 232   log                       : PTS_LOGTYPE_END_TEST Test Case Ended 

+10531 ms
 L2CAP/ECFC/BV-03-C L2CAP/ECFC/BV-03-C

2025-01-24 23:46:07,197 LT1-callback root DEBUG client.py                 294   set_result                : ClientCallback, set_result, run_test_case, PASS
2025-01-24 23:46:07,197 LT1-thread root DEBUG client.py                 1029  _run_test_case            : After run_test_case error_code=0 status='PASS'
2025-01-24 23:46:07,198 LT1-thread root DEBUG testcase.py               752   post_run                  : post_run L2CAP L2CAP/ECFC/BV-03-C 0
2025-01-24 23:46:07,198 LT1-thread root DEBUG testcase.py               253   start                     : Starting test function: class=<class 'autopts.ptsprojects.testcase.TestFuncCleanUp'>, func=<bound method Stack.cleanup of <autopts.ptsprojects.stack.stack.Stack object at 0x7f9a0577c8e0>> start_wid=None stop_wid=None post_wid=None skip_call=None call_count=1 args=() kwds={}
2025-01-24 23:46:07,198 LT1-thread root DEBUG testcase.py               265   start                     : Test function parameters: args=(), kwds={}
2025-01-24 23:46:07,198 LT1-thread root DEBUG testcase.py               253   start                     : Starting test function: class=<class 'autopts.ptsprojects.testcase.TestFuncCleanUp'>, func=<bound method ZephyrCtl.stop of <autopts.ptsprojects.zephyr.iutctl.ZephyrCtl object at 0x7f9a0577e080>> start_wid=None stop_wid=None post_wid=None skip_call=None call_count=1 args=() kwds={}
2025-01-24 23:46:07,198 LT1-thread root DEBUG testcase.py               265   start                     : Test function parameters: args=(), kwds={}
2025-01-24 23:46:07,198 LT1-thread root DEBUG iutctl.py                 250   stop                      : <class 'autopts.ptsprojects.zephyr.iutctl.ZephyrCtl'>.stop
2025-01-24 23:46:07,298 LT1-thread root DEBUG rtt.py                    237   stop                      : <class 'autopts.rtt.RTTLogger'>.stop
2025-01-24 23:46:07,298 LT1-thread root DEBUG rtt.py                    102   stop                      : <class 'autopts.rtt.RTT'>.stop
2025-01-24 23:46:07,311 LT1-thread root DEBUG __init__.py               49    reset                     : About to reset DUT: nrfjprog -r -s 683989059
2025-01-24 23:46:09,459 BTPWorkerThread-11914 (_rx_task) root DEBUG iutctl_common.py          122   read                      : Read 5 bytes
2025-01-24 23:46:09,465 BTPWorkerThread-11914 (_rx_task) root DEBUG iutctl_common.py          130   read                      : Received: hdr: Header(svc_id=0x00, op=0x80, ctrl_index=0xff, data_len=0x00) bytearray(b'\x00\x80\xff\x00\x00')
2025-01-24 23:46:09,465 BTPWorkerThread-11914 (_rx_task) root DEBUG iutctl_common.py          153   read                      : Received data: {''}, bytearray(b'')
2025-01-24 23:46:09,465 BTPWorkerThread-11914 (_rx_task) root DEBUG btp.py                    824   event_handler             : event_handler Header(svc_id=0, op=128, ctrl_index=255, data_len=0) (b'',)
2025-01-24 23:46:09,465 BTPWorkerThread-11914 (_rx_task) root DEBUG core.py                   28    core_iut_ready_ev         : core_iut_ready_ev
2025-01-24 23:46:09,465 LT1-thread root DEBUG iutctl.py                 268   stop                      : IUT ready event received OK
2025-01-24 23:46:09,465 LT1-thread root DEBUG iutctl_common.py          401   close                     : Waiting for _rx_worker to finish ...
2025-01-24 23:46:10,465 LT1-thread root DEBUG iutctl_common.py          401   close                     : Waiting for _rx_worker to finish ...
2025-01-24 23:46:10,466 BTPWorkerThread-11914 (_rx_task) root DEBUG iutctl_common.py          317   _rx_task                  : BTPWorkerThread-11914 (_rx_task) finishing...
2025-01-24 23:46:13,471 LT1-thread root DEBUG testcase.py               781   post_run                  : post_run, cleanup running post test case script
2025-01-24 23:46:13,471 LT1-thread root DEBUG testcase.py               791   post_run                  : post_run, run post test case script
2025-01-24 23:46:13,493 LT1-thread root DEBUG client.py                 1059  _run_test_case            : Done TestCase _run_test_case L2CAP L2CAP/ECFC/BV-03-C
