Applying system reset.
Run.
Applying system reset.
Run.
< 2023/06/10 02:29:44.852891  length=5 from=0 to=4
 00 80 ff 00 00                                   .....
--
> 2023/06/10 02:29:46.060810  length=6 from=0 to=5
 00 03 ff 01 00 01                                ......
--
< 2023/06/10 02:29:46.092984  length=5 from=5 to=9
 00 03 ff 00 00                                   .....
--
> 2023/06/10 02:29:46.188728  length=5 from=6 to=10
 01 03 00 00 00                                   .....
--
< 2023/06/10 02:29:46.314825  length=15 from=10 to=24
 01 03 00 15 01 c3 51 0b 1b b8 d7 13 06 00 00     ......Q........
--
< 2023/06/10 02:29:46.316958  length=26 from=25 to=50
 13 82 00 00 00 00 00 62 74 70 5f 74 65 73 74 65  .......btp_teste
 72 00 00 00 00 00 00 00 00 00                    r.........
--
< 2023/06/10 02:29:46.330800  length=159 from=51 to=209
 00 00 00 00 00 00 00 00 00 00 00 00 00 00 00 00  ................
 00 00 00 00 00 00 00 00 00 00 00 00 00 00 00 00  ................
 00 00 00 00 00 00 00 00 00 00 00 00 00 00 00 00  ................
 00 00 00 00 00 00 00 00 00 00 00 00 00 00 00 00  ................
 00 00 00 00 00 00 00 00 00 00 00 00 00 00 00 00  ................
 00 00 00 00 00 00 00 00 00 00 00 00 00 00 00 00  ................
 00 00 00 00 00 00 00 00 00 00 00 00 00 00 00 00  ................
 00 00 00 00 00 00 00 00 00 00 00 00 00 00 00 00  ................
 00 00 00 00 00 00 00 00 00 00 00 00 00 00 00 00  ................
 00 00 00 00 00 00 00 00 00 00 00 00 00 00 00     ...............
--
< 2023/06/10 02:29:46.332638  length=19 from=210 to=228
 00 00 00 00 00 00 00 00 00 00 00 00 00 00 00 00  ................
 00 00 00                                         ...
--
< 2023/06/10 02:29:46.333074  length=9 from=229 to=237
 00 00 00 00 00 00 00 00 00                       .........
--
< 2023/06/10 02:29:46.346926  length=54 from=238 to=291
 00 00 00 00 00 00 00 00 00 00 00 00 00 00 00 00  ................
 00 00 00 00 00 00 00 00 00 00 00 00 00 00 00 00  ................
 00 00 00 00 00 00 00 00 00 00 00 00 00 00 00 00  ................
 00 00 00 00 00 00                                ......
--
> 2023/06/10 02:29:46.520707  length=6 from=11 to=16
 00 03 ff 01 00 02                                ......
--
< 2023/06/10 02:29:46.536809  length=5 from=292 to=296
 00 03 ff 00 00                                   .....
--
> 2023/06/10 02:29:46.712696  length=6 from=17 to=22
 01 08 00 01 00 01                                ......
--
< 2023/06/10 02:29:46.728869  length=9 from=297 to=305
 01 08 00 04 00 1b 82 00 00                       .........
--
> 2023/06/10 02:29:46.872733  length=6 from=23 to=28
 00 03 ff 01 00 0c                                ......
--
< 2023/06/10 02:29:46.888770  length=5 from=306 to=310
 00 03 ff 00 00                                   .....
--
> 2023/06/10 02:29:47.000739  length=6 from=29 to=34
 00 03 ff 01 00 0d                                ......
--
< 2023/06/10 02:29:47.016788  length=5 from=311 to=315
 00 03 ff 00 00                                   .....
--
> 2023/06/10 02:29:47.080729  length=6 from=35 to=40
 00 03 ff 01 00 0e                                ......
--
< 2023/06/10 02:29:47.096898  length=5 from=316 to=320
 00 03 ff 00 00                                   .....
--
> 2023/06/10 02:29:57.096622  length=13 from=41 to=53
 01 0e 00 08 00 00 c8 b1 2c e8 07 c0 00           ........,....
--
< 2023/06/10 02:29:57.112699  length=5 from=321 to=325
 01 0e 00 00 00                                   .....
--
< 2023/06/10 02:29:57.400762  length=18 from=326 to=343
 01 82 00 0d 00 00 c8 b1 2c e8 07 c0 28 00 00 00  ........,...(...
 90 01                                            ..
--
< 2023/06/10 02:29:59.201687  length=13 from=344 to=356
 01 89 00 08 00 00 c8 b1 2c e8 07 c0 02           ........,....
--
> 2023/06/10 02:30:02.186638  length=12 from=54 to=65
 0e 02 00 07 00 00 c8 b1 2c e8 07 c0              ........,...
--
< 2023/06/10 02:30:02.202835  length=5 from=357 to=361
 0e 02 00 00 00                                   .....
--
< 2023/06/10 02:30:02.552800  length=21 from=362 to=382
 0e 81 00 10 00 00 c8 b1 2c e8 07 c0 01 06 40 00  ........,.....@.
 01 61 00 61 00                                   .a.a.
--
< 2023/06/10 02:30:04.948740  length=14 from=383 to=396
 0e 82 00 09 00 00 c8 b1 2c e8 07 c0 01 01        ........,.....
--
< 2023/06/10 02:30:06.702766  length=13 from=397 to=409
 0e 80 00 08 00 00 c8 b1 2c e8 07 c0 00           ........,....
--
> 2023/06/10 02:30:06.782646  length=38 from=66 to=103
 0d 02 00 21 00 00 c8 b1 2c e8 07 c0 01 06 00 00  ...!....,.......
 00 00 13 02 01 07 02 02 00 05 03 01 00 00 00 03  ................
 04 61 00 02 05 01                                .a....
--
< 2023/06/10 02:30:06.798638  length=5 from=410 to=414
 0d 02 00 00 00                                   .....
--
< 2023/06/10 02:30:06.958676  length=16 from=415 to=430
 0d 80 00 0b 00 00 c8 b1 2c e8 07 c0 01 01 00 00  ........,.......
--
> 2023/06/10 02:30:07.182649  length=27 from=104 to=130
 0d 03 00 16 00 00 c8 b1 2c e8 07 c0 01 01 01 e3  ........,.......
 1f 00 01 61 00 05 18 00 40 9c 00                 ...a....@..
--
Applying system reset.
Run.
