< 2024/10/07 05:43:07.679902  length=6 from=0 to=5
 00 03 ff 01 00 01                                ......
--
> 2024/10/07 05:43:07.721963  length=5 from=0 to=4
 00 03 ff 00 00                                   .....
--
< 2024/10/07 05:43:07.758222  length=6 from=6 to=11
 00 03 ff 01 00 02                                ......
--
> 2024/10/07 05:43:07.759660  length=3 from=5 to=7
 00 03 ff                                         ...
--
> 2024/10/07 05:43:07.760386  length=2 from=8 to=9
 00 00                                            ..
--
< 2024/10/07 05:43:07.790870  length=5 from=12 to=16
 01 03 00 00 00                                   .....
--
> 2024/10/07 05:43:07.953079  length=7 from=10 to=16
 01 03 00 15 01 c3 51                             ......Q
--
> 2024/10/07 05:43:07.953897  length=8 from=17 to=24
 0b 1b b8 d7 13 06 02 00                          ........
--
> 2024/10/07 05:43:07.954646  length=9 from=25 to=33
 13 82 00 00 00 00 00 62 74                       .......bt
--
> 2024/10/07 05:43:07.955289  length=8 from=34 to=41
 70 5f 74 65 73 74 65 72                          p_tester
--
> 2024/10/07 05:43:07.956041  length=9 from=42 to=50
 00 00 00 00 00 00 00 00 00                       .........
--
> 2024/10/07 05:43:07.956797  length=8 from=51 to=58
 00 00 00 00 00 00 00 00                          ........
--
> 2024/10/07 05:43:07.957476  length=9 from=59 to=67
 00 00 00 00 00 00 00 00 00                       .........
--
> 2024/10/07 05:43:07.958225  length=3 from=68 to=70
 00 00 00                                         ...
--
> 2024/10/07 05:43:07.958950  length=14 from=71 to=84
 00 00 00 00 00 00 00 00 00 00 00 00 00 00        ..............
--
> 2024/10/07 05:43:07.959745  length=8 from=85 to=92
 00 00 00 00 00 00 00 00                          ........
--
> 2024/10/07 05:43:07.960471  length=9 from=93 to=101
 00 00 00 00 00 00 00 00 00                       .........
--
> 2024/10/07 05:43:07.961201  length=8 from=102 to=109
 00 00 00 00 00 00 00 00                          ........
--
> 2024/10/07 05:43:07.962115  length=9 from=110 to=118
 00 00 00 00 00 00 00 00 00                       .........
--
> 2024/10/07 05:43:07.962704  length=8 from=119 to=126
 00 00 00 00 00 00 00 00                          ........
--
> 2024/10/07 05:43:07.963457  length=9 from=127 to=135
 00 00 00 00 00 00 00 00 00                       .........
--
> 2024/10/07 05:43:07.964189  length=8 from=136 to=143
 00 00 00 00 00 00 00 00                          ........
--
> 2024/10/07 05:43:07.965373  length=9 from=144 to=152
 00 00 00 00 00 00 00 00 00                       .........
--
> 2024/10/07 05:43:07.965633  length=8 from=153 to=160
 00 00 00 00 00 00 00 00                          ........
--
> 2024/10/07 05:43:07.966356  length=9 from=161 to=169
 00 00 00 00 00 00 00 00 00                       .........
--
> 2024/10/07 05:43:07.967074  length=8 from=170 to=177
 00 00 00 00 00 00 00 00                          ........
--
> 2024/10/07 05:43:07.967818  length=9 from=178 to=186
 00 00 00 00 00 00 00 00 00                       .........
--
> 2024/10/07 05:43:07.968659  length=8 from=187 to=194
 00 00 00 00 00 00 00 00                          ........
--
> 2024/10/07 05:43:07.969278  length=5 from=195 to=199
 00 00 00 00 00                                   .....
--
> 2024/10/07 05:43:07.970006  length=13 from=200 to=212
 00 00 00 00 00 00 00 00 00 00 00 00 00           .............
--
> 2024/10/07 05:43:07.971287  length=14 from=213 to=226
 00 00 00 00 00 00 00 00 00 00 00 00 00 00        ..............
--
> 2024/10/07 05:43:07.971989  length=9 from=227 to=235
 00 00 00 00 00 00 00 00 00                       .........
--
> 2024/10/07 05:43:07.972784  length=8 from=236 to=243
 00 00 00 00 00 00 00 00                          ........
--
> 2024/10/07 05:43:07.973539  length=9 from=244 to=252
 00 00 00 00 00 00 00 00 00                       .........
--
> 2024/10/07 05:43:07.974241  length=8 from=253 to=260
 00 00 00 00 00 00 00 00                          ........
--
> 2024/10/07 05:43:07.974941  length=9 from=261 to=269
 00 00 00 00 00 00 00 00 00                       .........
--
> 2024/10/07 05:43:07.975761  length=8 from=270 to=277
 00 00 00 00 00 00 00 00                          ........
--
> 2024/10/07 05:43:07.976512  length=9 from=278 to=286
 00 00 00 00 00 00 00 00 00                       .........
--
> 2024/10/07 05:43:07.977180  length=5 from=287 to=291
 00 00 00 00 00                                   .....
--
< 2024/10/07 05:43:07.995363  length=6 from=17 to=22
 01 10 00 01 00 00                                ......
--
> 2024/10/07 05:43:07.996815  length=1 from=292 to=292
 01                                               .
--
> 2024/10/07 05:43:07.997523  length=4 from=293 to=296
 10 00 00 00                                      ....
--
< 2024/10/07 05:43:08.038363  length=6 from=23 to=28
 01 08 00 01 00 01                                ......
--
> 2024/10/07 05:43:08.039283  length=1 from=297 to=297
 01                                               .
--
> 2024/10/07 05:43:08.040017  length=8 from=298 to=305
 08 00 04 00 1b 82 00 00                          ........
--
< 2024/10/07 05:43:08.096963  length=6 from=29 to=34
 00 03 ff 01 00 1b                                ......
--
> 2024/10/07 05:43:08.099428  length=5 from=306 to=310
 00 03 ff 00 00                                   .....
--
< 2024/10/07 05:43:13.149877  length=27 from=35 to=61
 01 0a                                            ..
 00 16 00 0f 00 09 0d 54 65 73 74 65 72 5f 31 43  .......Tester_1C
 32 38 44 46 ff ff ff ff 00                       28DF.....
--
> 2024/10/07 05:43:13.155404  length=3 from=311 to=313
 01 0a                                            ..
 00                                               .
--
> 2024/10/07 05:43:13.156155  length=6 from=314 to=319
 04 00 1b 86 00 00                                ......
--
> 2024/10/07 05:43:13.270314  length=6 from=320 to=325
 01 82 00 0d 00 00                                ......
--
> 2024/10/07 05:43:13.271041  length=3 from=326 to=328
 df 28 1c                                         .(.
--
> 2024/10/07 05:43:13.271763  length=14 from=329 to=342
 e8 07 c0 32 00 00 00 d0 09 01 80 00 04 00        ...2..........
--
> 2024/10/07 05:43:13.272459  length=4 from=343 to=346
 1b 82 00 00                                      ....
--
> 2024/10/07 05:43:15.898723  length=3 from=347 to=349
 01 84 00                                         ...
--
> 2024/10/07 05:43:15.899438  length=9 from=350 to=358
 0b 00 00 df 28 1c e8 07 c0                       ....(....
--
> 2024/10/07 05:43:15.900093  length=4 from=359 to=362
 11 59 0e 00                                      .Y..
--
> 2024/10/07 05:43:18.396241  length=7 from=363 to=369
 01 88 00 0d 00 00 df                             .......
--
> 2024/10/07 05:43:18.396923  length=8 from=370 to=377
 28 1c e8 07 c0 32 00 00                          (....2..
--
> 2024/10/07 05:43:18.397682  length=3 from=378 to=380
 00 d0 09                                         ...
--
> 2024/10/07 05:43:21.685113  length=1 from=381 to=381
 01                                               .
--
> 2024/10/07 05:43:21.691596  length=12 from=382 to=393
 89 00 08 00 00 df 28 1c e8 07 c0 04              ......(.....
--
> 2024/10/07 05:43:26.896485  length=1 from=394 to=394
 01                                               .
--
> 2024/10/07 05:43:26.897263  length=10 from=395 to=404
 83 00 07 00 00 df 28 1c e8 07                    ......(...
--
> 2024/10/07 05:43:26.897988  length=1 from=405 to=405
 c0                                               .
--
< 2024/10/07 05:43:28.226143  length=27 from=62 to=88
 01 0a                                            ..
 00 16 00 0f 00 09 0d 54 65 73 74 65 72 5f 31 43  .......Tester_1C
 32 38 44 46 ff ff ff ff 00                       28DF.....
--
> 2024/10/07 05:43:28.231933  length=3 from=406 to=408
 01 0a                                            ..
 00                                               .
--
> 2024/10/07 05:43:28.232647  length=6 from=409 to=414
 04 00 1b 86 00 00                                ......
--
> 2024/10/07 05:43:28.340718  length=3 from=415 to=417
 01 82 00                                         ...
--
> 2024/10/07 05:43:28.341515  length=9 from=418 to=426
 0d 00 00 df 28 1c e8 07 c0                       ....(....
--
> 2024/10/07 05:43:28.342226  length=8 from=427 to=434
 32 00 00 00 d0 09 01 80                          2.......
--
> 2024/10/07 05:43:28.342985  length=7 from=435 to=441
 00 04 00 1b 82 00 00                             .......
--
> 2024/10/07 05:43:29.152533  length=2 from=442 to=443
 01 89                                            ..
--
> 2024/10/07 05:43:29.153496  length=11 from=444 to=454
 00 08 00 00 df 28 1c e8 07 c0 04                 .....(.....
--
> 2024/10/07 05:43:30.715582  length=3 from=455 to=457
 01 83 00                                         ...
--
> 2024/10/07 05:43:30.716474  length=9 from=458 to=466
 07 00 00 df 28 1c e8 07 c0                       ....(....
--
> 2024/10/07 05:43:38.771609  length=1 from=467 to=467
 00                                               .
--
> 2024/10/07 05:43:38.771678  length=1 from=468 to=468
 80                                               .
--
> 2024/10/07 05:43:38.771841  length=1 from=469 to=469
 ff                                               .
--
> 2024/10/07 05:43:38.771893  length=1 from=470 to=470
 00                                               .
--
> 2024/10/07 05:43:38.772024  length=1 from=471 to=471
 00                                               .
--
