< 2024/11/17 05:37:37.967459  length=6 from=0 to=5
 00 03 ff 01 00 01                                ......
--
> 2024/11/17 05:37:38.008163  length=1 from=0 to=0
 00                                               .
--
> 2024/11/17 05:37:38.008858  length=4 from=1 to=4
 03 ff 00 00                                      ....
--
< 2024/11/17 05:37:38.082716  length=6 from=6 to=11
 00 03 ff 01 00 02                                ......
--
> 2024/11/17 05:37:38.084389  length=2 from=5 to=6
 00 03                                            ..
--
> 2024/11/17 05:37:38.085121  length=3 from=7 to=9
 ff 00 00                                         ...
--
< 2024/11/17 05:37:38.130758  length=5 from=12 to=16
 01 03 00 00 00                                   .....
--
> 2024/11/17 05:37:38.239947  length=1 from=10 to=10
 01                                               .
--
> 2024/11/17 05:37:38.240673  length=8 from=11 to=18
 03 00 15 01 c3 51 0b 1b                          .....Q..
--
> 2024/11/17 05:37:38.241436  length=9 from=19 to=27
 b8 d7 13 06 02 00 13 82 00                       .........
--
> 2024/11/17 05:37:38.242144  length=8 from=28 to=35
 00 00 00 00 62 74 70 5f                          ....btp_
--
> 2024/11/17 05:37:38.242893  length=9 from=36 to=44
 74 65 73 74 65 72 00 00 00                       tester...
--
> 2024/11/17 05:37:38.243622  length=8 from=45 to=52
 00 00 00 00 00 00 00 00                          ........
--
> 2024/11/17 05:37:38.244417  length=9 from=53 to=61
 00 00 00 00 00 00 00 00 00                       .........
--
> 2024/11/17 05:37:38.245060  length=8 from=62 to=69
 00 00 00 00 00 00 00 00                          ........
--
> 2024/11/17 05:37:38.245862  length=1 from=70 to=70
 00                                               .
--
> 2024/11/17 05:37:38.246581  length=16 from=71 to=86
 00 00 00 00 00 00 00 00 00 00 00 00 00 00 00 00  ................
--
> 2024/11/17 05:37:38.247347  length=9 from=87 to=95
 00 00 00 00 00 00 00 00 00                       .........
--
> 2024/11/17 05:37:38.248057  length=8 from=96 to=103
 00 00 00 00 00 00 00 00                          ........
--
> 2024/11/17 05:37:38.248805  length=9 from=104 to=112
 00 00 00 00 00 00 00 00 00                       .........
--
> 2024/11/17 05:37:38.249855  length=12 from=113 to=124
 00 00 00 00 00 00 00 00 00 00 00 00              ............
--
> 2024/11/17 05:37:38.250620  length=9 from=125 to=133
 00 00 00 00 00 00 00 00 00                       .........
--
> 2024/11/17 05:37:38.251331  length=8 from=134 to=141
 00 00 00 00 00 00 00 00                          ........
--
> 2024/11/17 05:37:38.252162  length=9 from=142 to=150
 00 00 00 00 00 00 00 00 00                       .........
--
> 2024/11/17 05:37:38.252794  length=8 from=151 to=158
 00 00 00 00 00 00 00 00                          ........
--
> 2024/11/17 05:37:38.253544  length=9 from=159 to=167
 00 00 00 00 00 00 00 00 00                       .........
--
> 2024/11/17 05:37:38.254321  length=8 from=168 to=175
 00 00 00 00 00 00 00 00                          ........
--
> 2024/11/17 05:37:38.255003  length=9 from=176 to=184
 00 00 00 00 00 00 00 00 00                       .........
--
> 2024/11/17 05:37:38.255732  length=8 from=185 to=192
 00 00 00 00 00 00 00 00                          ........
--
> 2024/11/17 05:37:38.256526  length=7 from=193 to=199
 00 00 00 00 00 00 00                             .......
--
> 2024/11/17 05:37:38.257212  length=10 from=200 to=209
 00 00 00 00 00 00 00 00 00 00                    ..........
--
> 2024/11/17 05:37:38.257978  length=8 from=210 to=217
 00 00 00 00 00 00 00 00                          ........
--
> 2024/11/17 05:37:38.258647  length=9 from=218 to=226
 00 00 00 00 00 00 00 00 00                       .........
--
> 2024/11/17 05:37:38.259491  length=8 from=227 to=234
 00 00 00 00 00 00 00 00                          ........
--
> 2024/11/17 05:37:38.260190  length=9 from=235 to=243
 00 00 00 00 00 00 00 00 00                       .........
--
> 2024/11/17 05:37:38.260924  length=8 from=244 to=251
 00 00 00 00 00 00 00 00                          ........
--
> 2024/11/17 05:37:38.261614  length=9 from=252 to=260
 00 00 00 00 00 00 00 00 00                       .........
--
> 2024/11/17 05:37:38.262397  length=8 from=261 to=268
 00 00 00 00 00 00 00 00                          ........
--
> 2024/11/17 05:37:38.263128  length=9 from=269 to=277
 00 00 00 00 00 00 00 00 00                       .........
--
> 2024/11/17 05:37:38.263776  length=8 from=278 to=285
 00 00 00 00 00 00 00 00                          ........
--
> 2024/11/17 05:37:38.264648  length=6 from=286 to=291
 00 00 00 00 00 00                                ......
--
< 2024/11/17 05:37:38.330215  length=6 from=17 to=22
 01 10 00 01 00 00                                ......
--
> 2024/11/17 05:37:38.331522  length=1 from=292 to=292
 01                                               .
--
> 2024/11/17 05:37:38.332249  length=4 from=293 to=296
 10 00 00 00                                      ....
--
< 2024/11/17 05:37:38.372807  length=6 from=23 to=28
 01 08 00 01 00 01                                ......
--
> 2024/11/17 05:37:38.374036  length=3 from=297 to=299
 01 08 00                                         ...
--
> 2024/11/17 05:37:38.374830  length=6 from=300 to=305
 04 00 1b 82 00 00                                ......
--
< 2024/11/17 05:37:38.472317  length=6 from=29 to=34
 00 03 ff 01 00 17                                ......
--
> 2024/11/17 05:37:38.477307  length=5 from=306 to=310
 00 03 ff 00 00                                   .....
--
< 2024/11/17 05:37:44.551453  length=27 from=35 to=61
 01 0a                                            ..
 00 16 00 0f 00 09 0d 54 65 73 74 65 72 5f 31 43  .......Tester_1C
 32 38 44 46 ff ff ff ff 00                       28DF.....
--
> 2024/11/17 05:37:44.557328  length=4 from=311 to=314
 01 0a                                            ..
 00 04                                            ..
--
> 2024/11/17 05:37:44.557974  length=5 from=315 to=319
 00 1b 86 00 00                                   .....
--
> 2024/11/17 05:37:44.667495  length=5 from=320 to=324
 01 82 00 0d 00                                   .....
--
> 2024/11/17 05:37:44.668196  length=4 from=325 to=328
 00 df 28 1c                                      ..(.
--
> 2024/11/17 05:37:44.668958  length=14 from=329 to=342
 e8 07 c0 32 00 00 00 d0 09 01 80 00 04 00        ...2..........
--
> 2024/11/17 05:37:44.669880  length=4 from=343 to=346
 1b 82 00 00                                      ....
--
> 2024/11/17 05:37:47.957561  length=3 from=347 to=349
 01 89 00                                         ...
--
> 2024/11/17 05:37:47.958282  length=9 from=350 to=358
 08 00 00 df 28 1c e8 07 c0                       ....(....
--
> 2024/11/17 05:37:47.958968  length=1 from=359 to=359
 02                                               .
--
> 2024/11/17 05:37:49.793627  length=8 from=360 to=367
 01 88 00 0d 00 00 df 28                          .......(
--
> 2024/11/17 05:37:49.794423  length=9 from=368 to=376
 1c e8 07 c0 32 00 00 00 d0                       ....2....
--
> 2024/11/17 05:37:49.795063  length=1 from=377 to=377
 09                                               .
--
> 2024/11/17 05:37:53.418828  length=4 from=378 to=381
 01 83 00 07                                      ....
--
> 2024/11/17 05:37:53.419600  length=8 from=382 to=389
 00 00 df 28 1c e8 07 c0                          ...(....
--
> 2024/11/17 05:37:59.604550  length=2 from=390 to=391
 00 80                                            ..
--
> 2024/11/17 05:37:59.604657  length=1 from=392 to=392
 ff                                               .
--
> 2024/11/17 05:37:59.604772  length=1 from=393 to=393
 00                                               .
--
> 2024/11/17 05:37:59.604825  length=1 from=394 to=394
 00                                               .
--
