Applying system reset.
Run.
< 2022/01/29 21:38:51.142744  length=5 from=0 to=4
 00 80 ff 00 00                                   .....
--
> 2022/01/29 21:38:51.251982  length=6 from=0 to=5
 00 03 ff 01 00 01                                ......
--
< 2022/01/29 21:38:51.267754  length=5 from=5 to=9
 00 03 ff 00 00                                   .....
--
> 2022/01/29 21:38:51.376952  length=5 from=6 to=10
 01 03 00 00 00                                   .....
--
< 2022/01/29 21:38:51.533304  length=157 from=10 to=166
 01 03 00 15 01 36 a7 20 ad 80 fc 13 06 00 00 13  .....6. ........
 82 00 00 00 00 00 62 74 70 5f 74 65 73 74 65 72  ......btp_tester
 00 00 00 00 00 00 00 00 00 00 00 00 00 00 00 00  ................
 00 00 00 00 00 00 00 00 00 00 00 00 00 00 00 00  ................
 00 00 00 00 00 00 00 00 00 00 00 00 00 00 00 00  ................
 00 00 00 00 00 00 00 00 00 00 00 00 00 00 00 00  ................
 00 00 00 00 00 00 00 00 00 00 00 00 00 00 00 00  ................
 00 00 00 00 00 00 00 00 00 00 00 00 00 00 00 00  ................
 00 00 00 00 00 00 00 00 00 00 00 00 00 00 00 00  ................
 00 00 00 00 00 00 00 00 00 00 00 00 00           .............
--
< 2022/01/29 21:38:51.534991  length=10 from=167 to=176
 00 00 00 00 00 00 00 00 00 00                    ..........
--
< 2022/01/29 21:38:51.535253  length=12 from=177 to=188
 00 00 00 00 00 00 00 00 00 00 00 00              ............
--
< 2022/01/29 21:38:51.535497  length=1 from=189 to=189
 00                                               .
--
< 2022/01/29 21:38:51.548977  length=102 from=190 to=291
 00 00 00 00 00 00 00 00 00 00 00 00 00 00 00 00  ................
 00 00 00 00 00 00 00 00 00 00 00 00 00 00 00 00  ................
 00 00 00 00 00 00 00 00 00 00 00 00 00 00 00 00  ................
 00 00 00 00 00 00 00 00 00 00 00 00 00 00 00 00  ................
 00 00 00 00 00 00 00 00 00 00 00 00 00 00 00 00  ................
 00 00 00 00 00 00 00 00 00 00 00 00 00 00 00 00  ................
 00 00 00 00 00 00                                ......
--
> 2022/01/29 21:38:51.611325  length=6 from=11 to=16
 01 10 00 01 00 00                                ......
--
< 2022/01/29 21:38:51.627052  length=5 from=292 to=296
 01 10 00 00 00                                   .....
--
> 2022/01/29 21:38:58.281888  length=13 from=17 to=29
 01 0e 00 08 00 00 ef c9 56 72 f5 db 00           ........Vr...
--
< 2022/01/29 21:38:58.297608  length=5 from=297 to=301
 01 0e 00 00 00                                   .....
--
< 2022/01/29 21:38:58.594325  length=18 from=302 to=319
 01 82 00 0d 00 00 ef c9 56 72 f5 db 28 00 00 00  ........Vr..(...
 90 01                                            ..
--
> 2022/01/29 21:38:58.672397  length=12 from=30 to=41
 01 11 00 07 00 00 ef c9 56 72 f5 db              ........Vr..
--
< 2022/01/29 21:38:58.688147  length=5 from=320 to=324
 01 11 00 00 00                                   .....
--
> 2022/01/29 21:38:59.312870  length=12 from=42 to=53
 01 0f 00 07 00 00 ef c9 56 72 f5 db              ........Vr..
--
< 2022/01/29 21:38:59.328570  length=5 from=325 to=329
 01 0f 00 00 00                                   .....
--
< 2022/01/29 21:38:59.437931  length=25 from=330 to=354
 01 89 00 08 00 00 ef c9 56 72 f5 db 02 01 83 00  ........Vr......
 07 00 00 ef c9 56 72 f5 db                       .....Vr..
--
