Applying system reset.
Run.
< 2022/02/12 00:14:46.913214  length=5 from=0 to=4
 00 80 ff 00 00                                   .....
--
> 2022/02/12 00:14:46.991241  length=6 from=0 to=5
 00 03 ff 01 00 01                                ......
--
< 2022/02/12 00:14:47.007030  length=5 from=5 to=9
 00 03 ff 00 00                                   .....
--
> 2022/02/12 00:14:47.084951  length=5 from=6 to=10
 01 03 00 00 00                                   .....
--
< 2022/02/12 00:14:47.272562  length=150 from=10 to=159
 01 03 00 15 01 80 1c f4 e8 70 6c 13 06 00 00 13  .........pl.....
 22 00 00 00 00 00 62 74 70 5f 74 65 73 74 65 72  ".....btp_tester
 00 00 00 00 00 00 00 00 00 00 00 00 00 00 00 00  ................
 00 00 00 00 00 00 00 00 00 00 00 00 00 00 00 00  ................
 00 00 00 00 00 00 00 00 00 00 00 00 00 00 00 00  ................
 00 00 00 00 00 00 00 00 00 00 00 00 00 00 00 00  ................
 00 00 00 00 00 00 00 00 00 00 00 00 00 00 00 00  ................
 00 00 00 00 00 00 00 00 00 00 00 00 00 00 00 00  ................
 00 00 00 00 00 00 00 00 00 00 00 00 00 00 00 00  ................
 00 00 00 00 00 00                                ......
--
< 2022/02/12 00:14:47.274609  length=23 from=160 to=182
 00 00 00 00 00 00 00 00 00 00 00 00 00 00 00 00  ................
 00 00 00 00 00 00 00                             .......
--
< 2022/02/12 00:14:47.274981  length=11 from=183 to=193
 00 00 00 00 00 00 00 00 00 00 00                 ...........
--
< 2022/02/12 00:14:47.288293  length=98 from=194 to=291
 00 00 00 00 00 00 00 00 00 00 00 00 00 00 00 00  ................
 00 00 00 00 00 00 00 00 00 00 00 00 00 00 00 00  ................
 00 00 00 00 00 00 00 00 00 00 00 00 00 00 00 00  ................
 00 00 00 00 00 00 00 00 00 00 00 00 00 00 00 00  ................
 00 00 00 00 00 00 00 00 00 00 00 00 00 00 00 00  ................
 00 00 00 00 00 00 00 00 00 00 00 00 00 00 00 00  ................
 00 00                                            ..
--
> 2022/02/12 00:14:47.334916  length=6 from=11 to=16
 01 10 00 01 00 00                                ......
--
< 2022/02/12 00:14:47.350591  length=5 from=292 to=296
 01 10 00 00 00                                   .....
--
> 2022/02/12 00:14:51.052802  length=6 from=17 to=22
 01 08 00 01 00 01                                ......
--
< 2022/02/12 00:14:51.068497  length=9 from=297 to=305
 01 08 00 04 00 1b 22 00 00                       ......"..
--
> 2022/02/12 00:14:51.115276  length=27 from=23 to=49
 01 0a                                            ..
 00 16 00 0f 00 09 0d 54 65 73 74 65 72 5f 36 30  .......Tester_60
 31 35 42 39 ff ff ff ff 00                       15B9.....
--
< 2022/02/12 00:14:51.130979  length=9 from=306 to=314
 01 0a                                            ..
 00 04 00 1b 26 00 00                             ....&..
--
< 2022/02/12 00:14:51.443776  length=18 from=315 to=332
 01 82 00 0d 00 00 b9 15 60 e8 07 c0 38 00 00 00  ........`...8...
 d0 07                                            ..
--
< 2022/02/12 00:14:52.740281  length=13 from=333 to=345
 01 89 00 08 00 00 b9 15 60 e8 07 c0 02           ........`....
--
< 2022/02/12 00:15:24.279737  length=12 from=346 to=357
 01 83 00 07 00 00 b9 15 60 e8 07 c0              ........`...
--
