Applying system reset.
Run.
< 2022/04/01 19:41:18.721533  length=5 from=0 to=4
 00 80 ff 00 00                                   .....
--
> 2022/04/01 19:41:18.801187  length=6 from=0 to=5
 00 03 ff 01 00 01                                ......
--
< 2022/04/01 19:41:18.817300  length=5 from=5 to=9
 00 03 ff 00 00                                   .....
--
> 2022/04/01 19:41:18.895943  length=5 from=6 to=10
 01 03 00 00 00                                   .....
--
< 2022/04/01 19:41:19.087595  length=181 from=10 to=190
 01 03 00 15 01 36 a7 20 ad 80 fc 13 06 00 00 13  .....6. ........
 82 00 00 00 00 00 62 74 70 5f 74 65 73 74 65 72  ......btp_tester
 00 00 00 00 00 00 00 00 00 00 00 00 00 00 00 00  ................
 00 00 00 00 00 00 00 00 00 00 00 00 00 00 00 00  ................
 00 00 00 00 00 00 00 00 00 00 00 00 00 00 00 00  ................
 00 00 00 00 00 00 00 00 00 00 00 00 00 00 00 00  ................
 00 00 00 00 00 00 00 00 00 00 00 00 00 00 00 00  ................
 00 00 00 00 00 00 00 00 00 00 00 00 00 00 00 00  ................
 00 00 00 00 00 00 00 00 00 00 00 00 00 00 00 00  ................
 00 00 00 00 00 00 00 00 00 00 00 00 00 00 00 00  ................
 00 00 00 00 00 00 00 00 00 00 00 00 00 00 00 00  ................
 00 00 00 00 00                                   .....
--
< 2022/04/01 19:41:19.089912  length=35 from=191 to=225
 00 00 00 00 00 00 00 00 00 00 00 00 00 00 00 00  ................
 00 00 00 00 00 00 00 00 00 00 00 00 00 00 00 00  ................
 00 00 00                                         ...
--
< 2022/04/01 19:41:19.103604  length=66 from=226 to=291
 00 00 00 00 00 00 00 00 00 00 00 00 00 00 00 00  ................
 00 00 00 00 00 00 00 00 00 00 00 00 00 00 00 00  ................
 00 00 00 00 00 00 00 00 00 00 00 00 00 00 00 00  ................
 00 00 00 00 00 00 00 00 00 00 00 00 00 00 00 00  ................
 00 00                                            ..
--
> 2022/04/01 19:41:19.323836  length=6 from=11 to=16
 00 03 ff 01 00 02                                ......
--
< 2022/04/01 19:41:19.339869  length=5 from=292 to=296
 00 03 ff 00 00                                   .....
--
> 2022/04/01 19:41:30.507090  length=27 from=17 to=43
 01 0a                                            ..
 00 16 00 0f 00 09 0d 54 65 73 74 65 72 5f 36 30  .......Tester_60
 31 35 42 39 ff ff ff ff 00                       15B9.....
--
< 2022/04/01 19:41:30.523149  length=9 from=297 to=305
 01 0a                                            ..
 00 04 00 13 86 00 00                             .......
--
< 2022/04/01 19:41:31.149797  length=18 from=306 to=323
 01 82 00 0d 00 00 b9 15 60 e8 07 c0 38 00 00 00  ........`...8...
 d0 07                                            ..
--
> 2022/04/01 19:41:33.824214  length=19 from=44 to=62
 02 12 00 0e 00 00 b9 15 60 e8 07 c0 01 00 ff ff  ........`.......
 02 00 2a                                         ..*
--
> 2022/04/01 19:41:33.886045  length=12 from=63 to=74
 01 0f 00 07 00 00 b9 15 60 e8 07 c0              ........`...
--
< 2022/04/01 19:41:33.902115  length=5 from=324 to=328
 01 0f 00 00 00                                   .....
--
< 2022/04/01 19:41:33.949973  length=15 from=329 to=343
 02 12 00 0a                                      ....
 00 0e 07 00 50 54 53 2d 47 41 50                 ....PTS-GAP
--
< 2022/04/01 19:41:34.012141  length=12 from=344 to=355
 01 83 00 07 00 00 b9 15 60 e8 07 c0              ........`...
--
