< 2024/11/30 18:10:07.762967  length=6 from=0 to=5
 00 03 ff 01 00 01                                ......
--
> 2024/11/30 18:10:07.795047  length=5 from=0 to=4
 00 03 ff 00 00                                   .....
--
< 2024/11/30 18:10:07.887721  length=5 from=6 to=10
 01 03 00 00 00                                   .....
--
> 2024/11/30 18:10:08.175337  length=3 from=5 to=7
 01 03 00                                         ...
--
> 2024/11/30 18:10:08.176082  length=5 from=8 to=12
 15 01 c3 51 0b                                   ...Q.
--
> 2024/11/30 18:10:08.176883  length=12 from=13 to=24
 1b b8 d7 13 06 02 00 13 82 00 00 00              ............
--
> 2024/11/30 18:10:08.177602  length=8 from=25 to=32
 00 00 62 74 70 5f 74 65                          ..btp_te
--
> 2024/11/30 18:10:08.178236  length=9 from=33 to=41
 73 74 65 72 00 00 00 00 00                       ster.....
--
> 2024/11/30 18:10:08.179016  length=8 from=42 to=49
 00 00 00 00 00 00 00 00                          ........
--
> 2024/11/30 18:10:08.179812  length=9 from=50 to=58
 00 00 00 00 00 00 00 00 00                       .........
--
> 2024/11/30 18:10:08.180685  length=10 from=59 to=68
 00 00 00 00 00 00 00 00 00 00                    ..........
--
> 2024/11/30 18:10:08.181450  length=9 from=69 to=77
 00 00 00 00 00 00 00 00 00                       .........
--
> 2024/11/30 18:10:08.182168  length=8 from=78 to=85
 00 00 00 00 00 00 00 00                          ........
--
> 2024/11/30 18:10:08.182991  length=9 from=86 to=94
 00 00 00 00 00 00 00 00 00                       .........
--
> 2024/11/30 18:10:08.183592  length=8 from=95 to=102
 00 00 00 00 00 00 00 00                          ........
--
> 2024/11/30 18:10:08.184334  length=9 from=103 to=111
 00 00 00 00 00 00 00 00 00                       .........
--
> 2024/11/30 18:10:08.185182  length=8 from=112 to=119
 00 00 00 00 00 00 00 00                          ........
--
> 2024/11/30 18:10:08.185818  length=9 from=120 to=128
 00 00 00 00 00 00 00 00 00                       .........
--
> 2024/11/30 18:10:08.186592  length=8 from=129 to=136
 00 00 00 00 00 00 00 00                          ........
--
> 2024/11/30 18:10:08.187352  length=5 from=137 to=141
 00 00 00 00 00                                   .....
--
> 2024/11/30 18:10:08.188080  length=12 from=142 to=153
 00 00 00 00 00 00 00 00 00 00 00 00              ............
--
> 2024/11/30 18:10:08.188782  length=9 from=154 to=162
 00 00 00 00 00 00 00 00 00                       .........
--
> 2024/11/30 18:10:08.189484  length=8 from=163 to=170
 00 00 00 00 00 00 00 00                          ........
--
> 2024/11/30 18:10:08.190308  length=9 from=171 to=179
 00 00 00 00 00 00 00 00 00                       .........
--
> 2024/11/30 18:10:08.190968  length=8 from=180 to=187
 00 00 00 00 00 00 00 00                          ........
--
> 2024/11/30 18:10:08.191713  length=9 from=188 to=196
 00 00 00 00 00 00 00 00 00                       .........
--
> 2024/11/30 18:10:08.192461  length=8 from=197 to=204
 00 00 00 00 00 00 00 00                          ........
--
> 2024/11/30 18:10:08.193191  length=9 from=205 to=213
 00 00 00 00 00 00 00 00 00                       .........
--
> 2024/11/30 18:10:08.194009  length=8 from=214 to=221
 00 00 00 00 00 00 00 00                          ........
--
> 2024/11/30 18:10:08.194719  length=9 from=222 to=230
 00 00 00 00 00 00 00 00 00                       .........
--
> 2024/11/30 18:10:08.195437  length=8 from=231 to=238
 00 00 00 00 00 00 00 00                          ........
--
> 2024/11/30 18:10:08.196191  length=9 from=239 to=247
 00 00 00 00 00 00 00 00 00                       .........
--
> 2024/11/30 18:10:08.196895  length=8 from=248 to=255
 00 00 00 00 00 00 00 00                          ........
--
> 2024/11/30 18:10:08.197592  length=9 from=256 to=264
 00 00 00 00 00 00 00 00 00                       .........
--
> 2024/11/30 18:10:08.198345  length=6 from=265 to=270
 00 00 00 00 00 00                                ......
--
> 2024/11/30 18:10:08.199079  length=11 from=271 to=281
 00 00 00 00 00 00 00 00 00 00 00                 ...........
--
> 2024/11/30 18:10:08.199845  length=5 from=282 to=286
 00 00 00 00 00                                   .....
--
< 2024/11/30 18:10:08.275949  length=6 from=11 to=16
 00 03 ff 01 00 02                                ......
--
> 2024/11/30 18:10:08.277223  length=1 from=287 to=287
 00                                               .
--
> 2024/11/30 18:10:08.277923  length=4 from=288 to=291
 03 ff 00 00                                      ....
--
< 2024/11/30 18:10:08.374993  length=6 from=17 to=22
 01 08 00 01 00 01                                ......
--
> 2024/11/30 18:10:08.376447  length=1 from=292 to=292
 01                                               .
--
> 2024/11/30 18:10:08.377262  length=8 from=293 to=300
 08 00 04 00 1b 82 00 00                          ........
--
< 2024/11/30 18:10:08.453413  length=6 from=23 to=28
 00 03 ff 01 00 0c                                ......
--
> 2024/11/30 18:10:08.456102  length=5 from=301 to=305
 00 03 ff 00 00                                   .....
--
< 2024/11/30 18:10:08.500556  length=6 from=29 to=34
 00 03 ff 01 00 0d                                ......
--
> 2024/11/30 18:10:08.502124  length=5 from=306 to=310
 00 03 ff 00 00                                   .....
--
< 2024/11/30 18:10:14.572780  length=27 from=35 to=61
 01 0a                                            ..
 00 16 00 0f 00 09 0d 54 65 73 74 65 72 5f 31 43  .......Tester_1C
 32 38 44 46 ff ff ff ff 00                       28DF.....
--
> 2024/11/30 18:10:14.578240  length=4 from=311 to=314
 01 0a                                            ..
 00 04                                            ..
--
> 2024/11/30 18:10:14.578987  length=5 from=315 to=319
 00 1b 86 00 00                                   .....
--
> 2024/11/30 18:10:14.684412  length=1 from=320 to=320
 01                                               .
--
> 2024/11/30 18:10:14.685103  length=8 from=321 to=328
 82 00 0d 00 00 df 28 1c                          ......(.
--
> 2024/11/30 18:10:14.685914  length=9 from=329 to=337
 e8 07 c0 32 00 00 00 d0 09                       ...2.....
--
> 2024/11/30 18:10:14.686557  length=8 from=338 to=345
 01 80 00 04 00 1b 82 00                          ........
--
> 2024/11/30 18:10:14.687311  length=1 from=346 to=346
 00                                               .
--
> 2024/11/30 18:10:18.100137  length=4 from=347 to=350
 01 89 00 08                                      ....
--
> 2024/11/30 18:10:18.100889  length=8 from=351 to=358
 00 00 df 28 1c e8 07 c0                          ...(....
--
> 2024/11/30 18:10:18.101569  length=1 from=359 to=359
 02                                               .
--
> 2024/11/30 18:10:19.811006  length=8 from=360 to=367
 01 88 00 0d 00 00 df 28                          .......(
--
> 2024/11/30 18:10:19.811727  length=9 from=368 to=376
 1c e8 07 c0 32 00 00 00 d0                       ....2....
--
> 2024/11/30 18:10:19.812463  length=1 from=377 to=377
 09                                               .
--
> 2024/11/30 18:10:21.312662  length=9 from=378 to=386
 0d 80 00 0b 00 00 df 28 1c                       .......(.
--
> 2024/11/30 18:10:21.313427  length=7 from=387 to=393
 e8 07 c0 01 01 00 00                             .......
--
> 2024/11/30 18:12:23.812567  length=2 from=394 to=395
 01 83                                            ..
--
> 2024/11/30 18:12:23.813285  length=4 from=396 to=399
 00 07 00 00                                      ....
--
> 2024/11/30 18:12:23.813994  length=6 from=400 to=405
 df 28 1c e8 07 c0                                .(....
--
> 2024/11/30 18:12:30.300349  length=3 from=406 to=408
 00 80 ff                                         ...
--
> 2024/11/30 18:12:30.300457  length=1 from=409 to=409
 00                                               .
--
> 2024/11/30 18:12:30.300696  length=1 from=410 to=410
 00                                               .
--
