*** Booting Zephyr OS build v4.0.0-1231-g6c7b38f5fa1c ***
[00:00:00.253,326] <dbg> bttester: tester_init: Initializing tester
[00:00:06.032,897] <dbg> bttester: cmd_handler: cmd service 0x00 opcode 0x03 index 0xff
[00:00:06.060,852] <inf> bt_hci_core: HW Platform: Nordic Semiconductor (0x0002)
[00:00:06.060,882] <inf> bt_hci_core: HW Variant: nRF53x (0x0003)
[00:00:06.060,913] <inf> bt_hci_core: Firmware: Standard Bluetooth controller (0x00) Version 4.0 Build 99
[00:00:06.062,866] <wrn> net_buf: Timeout discarded. No blocking in syswq
[00:00:06.063,079] <inf> bt_hci_core: Identity: D7:B8:1B:0B:51:C3 (random)
[00:00:06.063,110] <inf> bt_hci_core: HCI: version 5.4 (0x0d) revision 0x0000, manufacturer 0x05f1
[00:00:06.063,110] <inf> bt_hci_core: LMP: version 5.4 (0x0d) subver 0xffff
[00:00:06.063,140] <dbg> bttester: tester_rsp_with_index: service 0x00 opcode 0x03 index 0xff status 0x00
[00:00:06.090,881] <dbg> bttester: cmd_handler: cmd service 0x01 opcode 0x03 index 0x00
[00:00:06.517,456] <dbg> bttester: cmd_handler: cmd service 0x00 opcode 0x03 index 0xff
[00:00:06.517,517] <dbg> bttester: tester_rsp_with_index: service 0x00 opcode 0x03 index 0xff status 0x00
[00:00:06.544,830] <dbg> bttester: cmd_handler: cmd service 0x01 opcode 0x08 index 0x00
[00:00:06.612,274] <dbg> bttester: cmd_handler: cmd service 0x00 opcode 0x03 index 0xff
[00:00:06.613,037] <dbg> bttester: tester_rsp_with_index: service 0x00 opcode 0x03 index 0xff status 0x00
[00:00:06.681,060] <dbg> bttester: cmd_handler: cmd service 0x00 opcode 0x03 index 0xff
[00:00:06.681,060] <dbg> bttester: tester_rsp_with_index: service 0x00 opcode 0x03 index 0xff status 0x00
[00:00:06.733,520] <dbg> bttester: cmd_handler: cmd service 0x00 opcode 0x03 index 0xff
[00:00:06.733,703] <dbg> bttester: tester_rsp_with_index: service 0x00 opcode 0x03 index 0xff status 0x00
[00:00:13.748,107] <dbg> bttester: cmd_handler: cmd service 0x01 opcode 0x0e index 0x00
[00:00:13.749,053] <dbg> bttester: tester_rsp_with_index: service 0x01 opcode 0x0e index 0x00 status 0x00
[00:00:13.902,160] <dbg> bttester_gap: le_connected: C0:07:E8:1C:28:DF (public): 0x00
[00:00:13.902,191] <dbg> bttester: tester_event: service 0x01 opcode 0x82
[00:00:13.903,747] <dbg> bttester_bap_unicast: connected: Connected: C0:07:E8:1C:28:DF (public)
[00:00:15.165,100] <wrn> net_buf: Timeout discarded. No blocking in syswq
[00:00:15.764,038] <dbg> bttester: tester_event: service 0x01 opcode 0x89
[00:00:15.895,996] <dbg> bttester: cmd_handler: cmd service 0x0e opcode 0x02 index 0x00
[00:00:15.896,118] <dbg> bttester: tester_rsp_with_index: service 0x0e opcode 0x02 index 0x00 status 0x00
[00:00:16.483,886] <dbg> bttester_bap_unicast: discover_cb: 
[00:00:16.483,917] <dbg> bttester_bap_unicast: discover_cb: Discover complete
[00:00:16.483,947] <dbg> bttester_bap_unicast: discover_cb: Discover remote ASEs completed without finding any source ASEs
[00:00:16.964,569] <dbg> bttester_bap_unicast: pac_record_cb: 
[00:00:16.964,599] <dbg> bttester_bap_unicast: pac_record_cb: Discovered codec capabilities 0x200204b0
[00:00:16.964,599] <dbg> bttester_bap_unicast: print_codec_cap: codec_cap 0x06 cid 0x0000 vid 0x0000 count 13
[00:00:16.964,630] <dbg> bttester_bap_unicast: print_cb: data: type 0x01 value_len 2
[00:00:16.964,660] <dbg> bttester_bap_unicast: print_cb: 
                                               04 00                                            |..               
[00:00:16.964,660] <dbg> bttester_bap_unicast: print_cb: data: type 0x02 value_len 1
[00:00:16.964,691] <dbg> bttester_bap_unicast: print_cb: 
                                               02                                               |.                
[00:00:16.964,721] <dbg> bttester_bap_unicast: print_cb: data: type 0x04 value_len 4
[00:00:16.964,752] <dbg> bttester_bap_unicast: print_cb: 
                                               28 00 28 00                                      |(.(.             
[00:00:16.964,782] <dbg> bttester_bap_unicast: print_cb: meta: type 0x01 value_len 2
[00:00:16.964,782] <dbg> bttester_bap_unicast: print_cb: 
                                               01 00                                            |..               
[00:00:16.964,813] <dbg> bttester_bap_unicast: codec_cap_get_val: Could not find the type 3
[00:00:16.964,843] <dbg> bttester: tester_event: service 0x0e opcode 0x81
[00:00:18.163,940] <dbg> bttester_bap_unicast: unicast_client_location_cb: dir 2 loc 0
[00:00:18.883,941] <dbg> bttester_bap_unicast: available_contexts_cb: snk ctx 0 src ctx 7
[00:00:19.604,034] <dbg> bttester_bap_unicast: endpoint_cb: 
[00:00:19.604,064] <dbg> bttester_bap_unicast: endpoint_cb: Discovered ASE 0x200108ec, id 10, dir 0x02
[00:00:19.604,095] <dbg> bttester: tester_event: service 0x0e opcode 0x82
[00:00:20.803,863] <dbg> bttester_bap_unicast: discover_cb: 
[00:00:20.803,894] <dbg> bttester_bap_unicast: discover_cb: Discover complete
[00:00:20.803,924] <dbg> bttester_bap_unicast: discover_cb: Discover remote ASEs complete: err 0
[00:00:20.803,924] <dbg> bttester: tester_event: service 0x0e opcode 0x80
[00:00:25.846,343] <dbg> bttester: cmd_handler: cmd service 0x0d opcode 0x02 index 0x00
[00:00:25.846,374] <dbg> bttester_bap_unicast: btp_ascs_configure_codec: 
[00:00:25.846,557] <dbg> bttester: tester_rsp_with_index: service 0x0d opcode 0x02 index 0x00 status 0x00
[00:00:25.963,897] <dbg> bttester_bap_unicast: config_cb: stream 0x20007178 config operation rsp_code 0 reason 0
[00:00:26.084,533] <dbg> bttester_bap_unicast: stream_configured: Configured stream 0x20007178, ep 10, dir 2
[00:00:26.084,594] <dbg> bttester: tester_event: service 0x0d opcode 0x80
[00:00:26.128,112] <dbg> bttester: cmd_handler: cmd service 0x0d opcode 0x0a index 0x00
[00:00:26.128,143] <dbg> bttester_bap_unicast: btp_ascs_add_ase_to_cis: 
[00:00:26.128,173] <dbg> bttester_bap_unicast: client_add_ase_to_cis: Added ASE 10 to CIS 0 at CIG 0
[00:00:26.128,173] <dbg> bttester: tester_rsp_with_index: service 0x0d opcode 0x0a index 0x00 status 0x00
[00:00:26.160,278] <dbg> bttester: cmd_handler: cmd service 0x0d opcode 0x0b index 0x00
[00:00:26.160,339] <dbg> bttester_bap_unicast: btp_ascs_preconfigure_qos: 
[00:00:26.160,339] <dbg> bttester: tester_rsp_with_index: service 0x0d opcode 0x0b index 0x00 status 0x00
[00:00:26.219,665] <dbg> bttester: cmd_handler: cmd service 0x0d opcode 0x03 index 0x00
[00:00:26.219,696] <dbg> bttester_bap_unicast: btp_ascs_configure_qos: 
[00:00:26.219,726] <dbg> bttester_bap_unicast: btp_bap_unicast_group_create: Creating unicast group
[00:00:26.220,397] <dbg> bttester_bap_unicast: btp_ascs_configure_qos: QoS configuring streams
[00:00:26.220,489] <dbg> bttester: tester_rsp_with_index: service 0x0d opcode 0x03 index 0x00 status 0x00
[00:00:26.323,913] <dbg> bttester_bap_unicast: qos_cb: stream 0x20007178 qos operation rsp_code 0 reason 0
[00:00:26.443,969] <dbg> bttester_bap_unicast: stream_qos_set: QoS set stream 0x20007178
[00:00:26.444,000] <dbg> bttester: tester_event: service 0x0d opcode 0x80
[00:00:26.544,555] <dbg> bttester: cmd_handler: cmd service 0x0d opcode 0x04 index 0x00
[00:00:26.544,586] <dbg> bttester_bap_unicast: btp_ascs_enable: 
[00:00:26.544,616] <dbg> bttester_bap_unicast: btp_ascs_enable: Enabling stream
[00:00:26.544,738] <dbg> bttester: tester_rsp_with_index: service 0x0d opcode 0x04 index 0x00 status 0x00
[00:00:27.103,912] <dbg> bttester_bap_unicast: enable_cb: stream 0x20007178 enable operation rsp_code 0 reason 0
[00:00:27.223,907] <dbg> bttester_bap_unicast: stream_enabled: Enabled stream 0x20007178
[00:00:27.223,937] <dbg> bttester: tester_event: service 0x0d opcode 0x80
[00:00:27.307,006] <dbg> bttester: cmd_handler: cmd service 0x0d opcode 0x05 index 0x00
[00:00:27.307,006] <dbg> bttester_bap_unicast: btp_ascs_receiver_start_ready: 
[00:00:27.307,037] <dbg> bttester_bap_unicast: btp_ascs_receiver_start_ready: Starting stream 0x20007178, ep 10, dir 2
[00:00:27.307,556] <dbg> bttester: tester_rsp_with_index: service 0x0d opcode 0x05 index 0x00 status 0x00
[00:00:27.526,031] <dbg> bttester_bap_unicast: stream_connected: Connected stream 0x20007178
[00:00:28.063,964] <dbg> bttester_bap_unicast: start_cb: stream 0x20007178 start operation rsp_code 0 reason 0
[00:00:28.063,995] <dbg> bttester: tester_event: service 0x0d opcode 0x80
[00:00:28.243,957] <dbg> bttester_bap_unicast: stream_started: Started stream 0x20007178
[00:00:28.243,988] <dbg> bttester_bap_audio_stream: btp_bap_audio_stream_started: Started stream 0x20007178
[00:00:28.244,018] <dbg> bttester: tester_event: service 0x0d opcode 0x82
[00:00:28.245,697] <dbg> bttester_bap_unicast: stream_recv: Incoming audio on stream 0x20007178 len 0
[00:00:28.245,727] <dbg> bttester_bap_unicast: send_stream_received_ev: Stream received, ep 10, dir 2, len 0
[00:00:28.245,727] <dbg> bttester: tester_event: service 0x0e opcode 0x83
[00:00:37.363,952] <dbg> bttester_bap_unicast: stream_stopped: Stopped stream 0x20007178 with reason 0x13
[00:00:37.363,983] <dbg> bttester: tester_event: service 0x0d opcode 0x80
[00:00:37.421,875] <wrn> bt_hci_core: opcode 0x206f status 0x0c 
[00:00:37.483,947] <dbg> bttester_bap_unicast: stream_released: Released stream 0x20007178
[00:00:37.484,039] <dbg> bttester_bap_unicast: stream_released: Deleting unicast group
[00:00:38.984,252] <dbg> bttester_gap: le_disconnected: C0:07:E8:1C:28:DF (public): 0x13
[00:00:38.984,283] <dbg> bttester: tester_event: service 0x01 opcode 0x83
[00:00:38.985,351] <dbg> bttester_bap_unicast: disconnected: Disconnected: C0:07:E8:1C:28:DF (public) (reason 0x13)
