2023-06-25 23:23:35,998 root DEBUG client.py                 790   run_test_case_thread_entry : Starting TestCase wrapper MESH MESH/CFGCL/CFG/MAKL/BV-03-C
2023-06-25 23:23:35,998 root DEBUG testcase.py               718   pre_run                   : pre_run MESH MESH/CFGCL/CFG/MAKL/BV-03-C
2023-06-25 23:23:35,999 root DEBUG testcase.py               720   pre_run                   : About to run test case MESH MESH/CFGCL/CFG/MAKL/BV-03-C with commands:
2023-06-25 23:23:35,999 root DEBUG testcase.py               723   pre_run                   : 0) class=<class 'autopts.ptsprojects.testcase.TestFunc'>, func=<bound method ZephyrCtl.start of <autopts.ptsprojects.zephyr.iutctl.ZephyrCtl object at 0x000001677796DA30>> start_wid=None stop_wid=None post_wid=None skip_call=None call_count=0 args=(<autopts.ptsprojects.zephyr.ztestcase.ZTestCase object at 0x000001677B5718B0>,) kwds={}
2023-06-25 23:23:35,999 root DEBUG testcase.py               723   pre_run                   : 1) class=<class 'autopts.ptsprojects.testcase.TestFunc'>, func=<bound method ZephyrCtl.wait_iut_ready_event of <autopts.ptsprojects.zephyr.iutctl.ZephyrCtl object at 0x000001677796DA30>> start_wid=None stop_wid=None post_wid=None skip_call=None call_count=0 args=() kwds={}
2023-06-25 23:23:35,999 root DEBUG testcase.py               723   pre_run                   : 2) class=<class 'autopts.ptsprojects.testcase.TestFunc'>, func=<function core_reg_svc_gap at 0x0000016779A88670> start_wid=None stop_wid=None post_wid=None skip_call=None call_count=357 args=() kwds={}
2023-06-25 23:23:35,999 root DEBUG testcase.py               723   pre_run                   : 3) class=<class 'autopts.ptsprojects.testcase.TestFunc'>, func=<function core_reg_svc_gatt at 0x0000016779A88790> start_wid=None stop_wid=None post_wid=None skip_call=None call_count=357 args=() kwds={}
2023-06-25 23:23:35,999 root DEBUG testcase.py               723   pre_run                   : 4) class=<class 'autopts.ptsprojects.testcase.TestFunc'>, func=<function core_reg_svc_mesh at 0x0000016779A889D0> start_wid=None stop_wid=None post_wid=None skip_call=None call_count=357 args=() kwds={}
2023-06-25 23:23:35,999 root DEBUG testcase.py               723   pre_run                   : 5) class=<class 'autopts.ptsprojects.testcase.TestFunc'>, func=<function gap_read_ctrl_info at 0x0000016779AC8820> start_wid=None stop_wid=None post_wid=None skip_call=None call_count=357 args=() kwds={}
2023-06-25 23:23:35,999 root DEBUG testcase.py               723   pre_run                   : 6) class=<class 'autopts.ptsprojects.testcase.TestFunc'>, func=<function test_cases.<locals>.<lambda> at 0x000001677B38AE50> start_wid=None stop_wid=None post_wid=None skip_call=None call_count=357 args=() kwds={}
2023-06-25 23:23:35,999 root DEBUG testcase.py               723   pre_run                   : 7) class=<class 'autopts.ptsprojects.testcase.TestFunc'>, func=<function test_cases.<locals>.<lambda> at 0x000001677B38AEE0> start_wid=None stop_wid=None post_wid=None skip_call=None call_count=357 args=() kwds={}
2023-06-25 23:23:35,999 root DEBUG testcase.py               723   pre_run                   : 8) class=<class 'autopts.ptsprojects.testcase.TestFunc'>, func=<function test_cases.<locals>.<lambda> at 0x000001677B38AF70> start_wid=None stop_wid=None post_wid=None skip_call=None call_count=357 args=() kwds={}
2023-06-25 23:23:35,999 root DEBUG testcase.py               723   pre_run                   : 9) class=<class 'autopts.ptsprojects.testcase.TestFunc'>, func=<function test_cases.<locals>.<lambda> at 0x000001677B54E040> start_wid=None stop_wid=None post_wid=None skip_call=None call_count=357 args=() kwds={}
2023-06-25 23:23:35,999 root DEBUG testcase.py               723   pre_run                   : 10) class=<class 'autopts.ptsprojects.testcase.TestFunc'>, func=<function test_cases.<locals>.<lambda> at 0x000001677B54E0D0> start_wid=None stop_wid=None post_wid=None skip_call=None call_count=357 args=() kwds={}
2023-06-25 23:23:36,000 root DEBUG testcase.py               723   pre_run                   : 11) class=<class 'autopts.ptsprojects.testcase.TestFunc'>, func=<function test_cases.<locals>.<lambda> at 0x000001677B54E160> start_wid=None stop_wid=None post_wid=None skip_call=None call_count=357 args=() kwds={}
2023-06-25 23:23:36,000 root DEBUG testcase.py               723   pre_run                   : 12) class=<class 'autopts.ptsprojects.testcase.TestFunc'>, func=<function test_cases.<locals>.<lambda> at 0x000001677B54E1F0> start_wid=None stop_wid=None post_wid=None skip_call=None call_count=357 args=() kwds={}
2023-06-25 23:23:36,000 root DEBUG testcase.py               723   pre_run                   : 13) class=<class 'autopts.ptsprojects.testcase.TestFunc'>, func=<function test_cases.<locals>.<lambda> at 0x000001677B54E280> start_wid=None stop_wid=None post_wid=None skip_call=None call_count=357 args=() kwds={}
2023-06-25 23:23:36,000 root DEBUG testcase.py               723   pre_run                   : 14) class=<class 'autopts.ptsprojects.testcase.TestFunc'>, func=<function test_cases.<locals>.<lambda> at 0x000001677B54E310> start_wid=None stop_wid=None post_wid=None skip_call=None call_count=357 args=() kwds={}
2023-06-25 23:23:36,000 root DEBUG testcase.py               723   pre_run                   : 15) class=<class 'autopts.ptsprojects.testcase.TestFunc'>, func=<function test_cases.<locals>.<lambda> at 0x000001677B54E9D0> start_wid=None stop_wid=None post_wid=None skip_call=None call_count=39 args=() kwds={}
2023-06-25 23:23:36,000 root DEBUG testcase.py               723   pre_run                   : 16) class=<class 'autopts.ptsprojects.testcase.TestFunc'>, func=<function test_cases.<locals>.<lambda> at 0x000001677B54EA60> start_wid=None stop_wid=None post_wid=None skip_call=None call_count=39 args=() kwds={}
2023-06-25 23:23:36,000 root DEBUG testcase.py               723   pre_run                   : 17) class=<class 'autopts.ptsprojects.testcase.TestFunc'>, func=<function test_cases.<locals>.<lambda> at 0x000001677B54EAF0> start_wid=None stop_wid=None post_wid=None skip_call=None call_count=39 args=() kwds={}
2023-06-25 23:23:36,000 root DEBUG testcase.py               723   pre_run                   : 18) class=<class 'autopts.ptsprojects.testcase.TestFuncCleanUp'>, func=<bound method Stack.cleanup of <autopts.ptsprojects.stack.Stack object at 0x000001677B35A910>> start_wid=None stop_wid=None post_wid=None skip_call=None call_count=0 args=() kwds={}
2023-06-25 23:23:36,000 root DEBUG testcase.py               723   pre_run                   : 19) class=<class 'autopts.ptsprojects.testcase.TestFuncCleanUp'>, func=<bound method ZephyrCtl.stop of <autopts.ptsprojects.zephyr.iutctl.ZephyrCtl object at 0x000001677796DA30>> start_wid=None stop_wid=None post_wid=None skip_call=None call_count=0 args=() kwds={}
2023-06-25 23:23:36,000 root DEBUG testcase.py               730   pre_run                   : post_run, run pre test case script
2023-06-25 23:23:36,004 root DEBUG testcase.py               246   start                     : Starting test function: class=<class 'autopts.ptsprojects.testcase.TestFunc'>, func=<bound method ZephyrCtl.start of <autopts.ptsprojects.zephyr.iutctl.ZephyrCtl object at 0x000001677796DA30>> start_wid=None stop_wid=None post_wid=None skip_call=None call_count=1 args=(<autopts.ptsprojects.zephyr.ztestcase.ZTestCase object at 0x000001677B5718B0>,) kwds={}
2023-06-25 23:23:36,004 root DEBUG testcase.py               258   start                     : Test function parameters: args=(<autopts.ptsprojects.zephyr.ztestcase.ZTestCase object at 0x000001677B5718B0>,), kwds={}
2023-06-25 23:23:36,004 root DEBUG iutctl.py                 100   start                     : <class 'autopts.ptsprojects.zephyr.iutctl.ZephyrCtl'>.start
2023-06-25 23:23:36,004 root DEBUG iutctl.py                 161   flush_serial              : <class 'autopts.ptsprojects.zephyr.iutctl.ZephyrCtl'>.flush_serial
2023-06-25 23:23:37,070 root DEBUG iutctl.py                 126   start                     : Starting socat process: socat.exe -x -v tcp:192.168.9.43:54220,retry=100,interval=1 /dev/ttyS2,raw,b115200
2023-06-25 23:23:37,074 root DEBUG iutctl_common.py          278   accept                    : accept
2023-06-25 23:23:37,095 root DEBUG testcase.py               246   start                     : Starting test function: class=<class 'autopts.ptsprojects.testcase.TestFunc'>, func=<bound method ZephyrCtl.wait_iut_ready_event of <autopts.ptsprojects.zephyr.iutctl.ZephyrCtl object at 0x000001677796DA30>> start_wid=None stop_wid=None post_wid=None skip_call=None call_count=1 args=() kwds={}
2023-06-25 23:23:37,095 root DEBUG testcase.py               258   start                     : Test function parameters: args=(), kwds={}
2023-06-25 23:23:37,095 root DEBUG iutctl.py                 200   reset                     : <class 'autopts.ptsprojects.zephyr.iutctl.ZephyrCtl'>.reset
2023-06-25 23:23:37,095 root DEBUG iutctl.py                 237   stop                      : <class 'autopts.ptsprojects.zephyr.iutctl.ZephyrCtl'>.stop
2023-06-25 23:23:38,103 root DEBUG __init__.py               48    reset                     : About to reset DUT: 'nrfjprog -r -s 683511993'
2023-06-25 23:23:38,589 root DEBUG iutctl.py                 100   start                     : <class 'autopts.ptsprojects.zephyr.iutctl.ZephyrCtl'>.start
2023-06-25 23:23:38,590 root DEBUG iutctl.py                 161   flush_serial              : <class 'autopts.ptsprojects.zephyr.iutctl.ZephyrCtl'>.flush_serial
2023-06-25 23:23:39,680 root DEBUG iutctl.py                 126   start                     : Starting socat process: socat.exe -x -v tcp:192.168.9.43:54222,retry=100,interval=1 /dev/ttyS2,raw,b115200
2023-06-25 23:23:39,684 root DEBUG iutctl_common.py          278   accept                    : accept
2023-06-25 23:23:39,703 root DEBUG iutctl.py                 161   flush_serial              : <class 'autopts.ptsprojects.zephyr.iutctl.ZephyrCtl'>.flush_serial
2023-06-25 23:23:39,703 root DEBUG __init__.py               48    reset                     : About to reset DUT: 'nrfjprog -r -s 683511993'
2023-06-25 23:23:40,178 root DEBUG iutctl_common.py          217   read                      : read
2023-06-25 23:23:40,473 root DEBUG iutctl_common.py          72    read                      : Read 5 bytes
2023-06-25 23:23:40,489 root DEBUG iutctl_common.py          81    read                      : Received: hdr: Header(svc_id=0, op=128, ctrl_index=255, data_len=0) bytearray(b'\x00\x80\xff\x00\x00')
2023-06-25 23:23:40,505 root DEBUG iutctl_common.py          97    read                      : Received data: {''}, bytearray(b'')
2023-06-25 23:23:40,521 root DEBUG btp.py                    627   event_handler             : event_handler Header(svc_id=0, op=128, ctrl_index=255, data_len=0) (b'',)
2023-06-25 23:23:40,537 root ERROR btp.py                    707   event_handler             : Unhandled event! svc_id 0 op 128
2023-06-25 23:23:40,537 root DEBUG iutctl.py                 230   wait_iut_ready_event      : IUT ready event received OK
2023-06-25 23:23:40,537 root DEBUG testcase.py               246   start                     : Starting test function: class=<class 'autopts.ptsprojects.testcase.TestFunc'>, func=<function core_reg_svc_gap at 0x0000016779A88670> start_wid=None stop_wid=None post_wid=None skip_call=None call_count=358 args=() kwds={}
2023-06-25 23:23:40,537 root DEBUG testcase.py               258   start                     : Test function parameters: args=(), kwds={}
2023-06-25 23:23:40,537 root DEBUG btp.py                    404   core_reg_svc_gap          : core_reg_svc_gap
2023-06-25 23:23:40,537 root DEBUG iutctl_common.py          104   send                      : send, 0 3 255 '1'
2023-06-25 23:23:40,537 root DEBUG iutctl_common.py          109   send                      : sending frame '0003ff010001'
2023-06-25 23:23:40,537 root DEBUG btp.py                    538   core_reg_svc_rsp_succ     : core_reg_svc_rsp_succ
2023-06-25 23:23:40,538 root DEBUG iutctl_common.py          217   read                      : read
2023-06-25 23:23:40,585 root DEBUG iutctl_common.py          72    read                      : Read 5 bytes
2023-06-25 23:23:40,617 root DEBUG iutctl_common.py          81    read                      : Received: hdr: Header(svc_id=0, op=3, ctrl_index=255, data_len=0) bytearray(b'\x00\x03\xff\x00\x00')
2023-06-25 23:23:40,633 root DEBUG iutctl_common.py          97    read                      : Received data: {''}, bytearray(b'')
2023-06-25 23:23:40,649 root DEBUG btp.py                    549   core_reg_svc_rsp_succ     : received Header(svc_id=0, op=3, ctrl_index=255, data_len=0) (b'',)
2023-06-25 23:23:40,649 root DEBUG btp.py                    550   core_reg_svc_rsp_succ     : expected ((0, 3, 255, 0), (b'',))
2023-06-25 23:23:40,649 root DEBUG btp.py                    555   core_reg_svc_rsp_succ     : response is valid
2023-06-25 23:23:40,649 root DEBUG testcase.py               246   start                     : Starting test function: class=<class 'autopts.ptsprojects.testcase.TestFunc'>, func=<function core_reg_svc_gatt at 0x0000016779A88790> start_wid=None stop_wid=None post_wid=None skip_call=None call_count=358 args=() kwds={}
2023-06-25 23:23:40,649 root DEBUG testcase.py               258   start                     : Test function parameters: args=(), kwds={}
2023-06-25 23:23:40,649 root DEBUG btp.py                    422   core_reg_svc_gatt         : core_reg_svc_gatt
2023-06-25 23:23:40,649 root DEBUG iutctl_common.py          104   send                      : send, 0 3 255 '2'
2023-06-25 23:23:40,650 root DEBUG iutctl_common.py          109   send                      : sending frame '0003ff010002'
2023-06-25 23:23:40,650 root DEBUG btp.py                    538   core_reg_svc_rsp_succ     : core_reg_svc_rsp_succ
2023-06-25 23:23:40,650 root DEBUG iutctl_common.py          217   read                      : read
2023-06-25 23:23:40,713 root DEBUG iutctl_common.py          72    read                      : Read 5 bytes
2023-06-25 23:23:40,729 root DEBUG iutctl_common.py          81    read                      : Received: hdr: Header(svc_id=0, op=3, ctrl_index=255, data_len=0) bytearray(b'\x00\x03\xff\x00\x00')
2023-06-25 23:23:40,745 root DEBUG iutctl_common.py          97    read                      : Received data: {''}, bytearray(b'')
2023-06-25 23:23:40,761 root DEBUG btp.py                    549   core_reg_svc_rsp_succ     : received Header(svc_id=0, op=3, ctrl_index=255, data_len=0) (b'',)
2023-06-25 23:23:40,761 root DEBUG btp.py                    550   core_reg_svc_rsp_succ     : expected ((0, 3, 255, 0), (b'',))
2023-06-25 23:23:40,761 root DEBUG btp.py                    555   core_reg_svc_rsp_succ     : response is valid
2023-06-25 23:23:40,761 root DEBUG testcase.py               246   start                     : Starting test function: class=<class 'autopts.ptsprojects.testcase.TestFunc'>, func=<function core_reg_svc_mesh at 0x0000016779A889D0> start_wid=None stop_wid=None post_wid=None skip_call=None call_count=358 args=() kwds={}
2023-06-25 23:23:40,761 root DEBUG testcase.py               258   start                     : Test function parameters: args=(), kwds={}
2023-06-25 23:23:40,761 root DEBUG btp.py                    454   core_reg_svc_mesh         : core_reg_svc_mesh
2023-06-25 23:23:40,761 root DEBUG iutctl_common.py          104   send                      : send, 0 3 255 '4'
2023-06-25 23:23:40,761 root DEBUG iutctl_common.py          109   send                      : sending frame '0003ff010004'
2023-06-25 23:23:40,761 root DEBUG btp.py                    538   core_reg_svc_rsp_succ     : core_reg_svc_rsp_succ
2023-06-25 23:23:40,761 root DEBUG iutctl_common.py          217   read                      : read
2023-06-25 23:23:40,825 root DEBUG iutctl_common.py          72    read                      : Read 5 bytes
2023-06-25 23:23:40,825 root DEBUG iutctl_common.py          81    read                      : Received: hdr: Header(svc_id=0, op=3, ctrl_index=255, data_len=0) bytearray(b'\x00\x03\xff\x00\x00')
2023-06-25 23:23:40,841 root DEBUG iutctl_common.py          97    read                      : Received data: {''}, bytearray(b'')
2023-06-25 23:23:40,873 root DEBUG btp.py                    549   core_reg_svc_rsp_succ     : received Header(svc_id=0, op=3, ctrl_index=255, data_len=0) (b'',)
2023-06-25 23:23:40,873 root DEBUG btp.py                    550   core_reg_svc_rsp_succ     : expected ((0, 3, 255, 0), (b'',))
2023-06-25 23:23:40,873 root DEBUG btp.py                    555   core_reg_svc_rsp_succ     : response is valid
2023-06-25 23:23:40,873 root DEBUG testcase.py               246   start                     : Starting test function: class=<class 'autopts.ptsprojects.testcase.TestFunc'>, func=<function gap_read_ctrl_info at 0x0000016779AC8820> start_wid=None stop_wid=None post_wid=None skip_call=None call_count=358 args=() kwds={}
2023-06-25 23:23:40,873 root DEBUG testcase.py               258   start                     : Test function parameters: args=(), kwds={}
2023-06-25 23:23:40,873 root DEBUG gap.py                    875   gap_read_ctrl_info        : gap_read_ctrl_info
2023-06-25 23:23:40,873 root DEBUG iutctl_common.py          104   send                      : send, 1 3 0 ''
2023-06-25 23:23:40,873 root DEBUG iutctl_common.py          109   send                      : sending frame '0103000000'
2023-06-25 23:23:40,873 root DEBUG iutctl_common.py          217   read                      : read
2023-06-25 23:23:40,921 root DEBUG iutctl_common.py          72    read                      : Read 5 bytes
2023-06-25 23:23:40,937 root DEBUG iutctl_common.py          81    read                      : Received: hdr: Header(svc_id=1, op=3, ctrl_index=0, data_len=277) bytearray(b'\x01\x03\x00\x15\x01')
2023-06-25 23:23:40,953 root DEBUG iutctl_common.py          89    read                      : Read 277 bytes data
2023-06-25 23:23:40,969 root DEBUG iutctl_common.py          97    read                      : Received data: {'c8 04 09 c0 ec d7 13 06 00 00 13 82 00 00 00 00 00 62 74 70 5f 74 65 73 74 65 72 00 00 00 00 00 00 00 00 00 00 00 00 00 00 00 00 00 00 00 00 00 00 00 00 00 00 00 00 00 00 00 00 00 00 00 00 00 00 00 00 00 00 00 00 00 00 00 00 00 00 00 00 00 00 00 00 00 00 00 00 00 00 00 00 00 00 00 00 00 00 00 00 00 00 00 00 00 00 00 00 00 00 00 00 00 00 00 00 00 00 00 00 00 00 00 00 00 00 00 00 00 00 00 00 00 00 00 00 00 00 00 00 00 00 00 00 00 00 00 00 00 00 00 00 00 00 00 00 00 00 00 00 00 00 00 00 00 00 00 00 00 00 00 00 00 00 00 00 00 00 00 00 00 00 00 00 00 00 00 00 00 00 00 00 00 00 00 00 00 00 00 00 00 00 00 00 00 00 00 00 00 00 00 00 00 00 00 00 00 00 00 00 00 00 00 00 00 00 00 00 00 00 00 00 00 00 00 00 00 00 00 00 00 00 00 00 00 00 00 00 00 00 00 00 00 00 00 00 00 00 00 00 00 00 00 00 00 00 00 00 00 00 00 00 00 00 00 00 00 00'}, bytearray(b'\xc8\x04\t\xc0\xec\xd7\x13\x06\x00\x00\x13\x82\x00\x00\x00\x00\x00btp_tester\x00\x00\x00\x00\x00\x00\x00\x00\x00\x00\x00\x00\x00\x00\x00\x00\x00\x00\x00\x00\x00\x00\x00\x00\x00\x00\x00\x00\x00\x00\x00\x00\x00\x00\x00\x00\x00\x00\x00\x00\x00\x00\x00\x00\x00\x00\x00\x00\x00\x00\x00\x00\x00\x00\x00\x00\x00\x00\x00\x00\x00\x00\x00\x00\x00\x00\x00\x00\x00\x00\x00\x00\x00\x00\x00\x00\x00\x00\x00\x00\x00\x00\x00\x00\x00\x00\x00\x00\x00\x00\x00\x00\x00\x00\x00\x00\x00\x00\x00\x00\x00\x00\x00\x00\x00\x00\x00\x00\x00\x00\x00\x00\x00\x00\x00\x00\x00\x00\x00\x00\x00\x00\x00\x00\x00\x00\x00\x00\x00\x00\x00\x00\x00\x00\x00\x00\x00\x00\x00\x00\x00\x00\x00\x00\x00\x00\x00\x00\x00\x00\x00\x00\x00\x00\x00\x00\x00\x00\x00\x00\x00\x00\x00\x00\x00\x00\x00\x00\x00\x00\x00\x00\x00\x00\x00\x00\x00\x00\x00\x00\x00\x00\x00\x00\x00\x00\x00\x00\x00\x00\x00\x00\x00\x00\x00\x00\x00\x00\x00\x00\x00\x00\x00\x00\x00\x00\x00\x00\x00\x00\x00\x00\x00\x00\x00\x00\x00\x00\x00\x00\x00\x00\x00\x00\x00\x00\x00\x00\x00\x00\x00\x00\x00\x00\x00\x00\x00\x00\x00\x00\x00\x00\x00\x00\x00\x00\x00\x00\x00\x00')
2023-06-25 23:23:40,969 root DEBUG gap.py                    882   gap_read_ctrl_info        : received Header(svc_id=1, op=3, ctrl_index=0, data_len=277) (b'\xc8\x04\t\xc0\xec\xd7\x13\x06\x00\x00\x13\x82\x00\x00\x00\x00\x00btp_tester\x00\x00\x00\x00\x00\x00\x00\x00\x00\x00\x00\x00\x00\x00\x00\x00\x00\x00\x00\x00\x00\x00\x00\x00\x00\x00\x00\x00\x00\x00\x00\x00\x00\x00\x00\x00\x00\x00\x00\x00\x00\x00\x00\x00\x00\x00\x00\x00\x00\x00\x00\x00\x00\x00\x00\x00\x00\x00\x00\x00\x00\x00\x00\x00\x00\x00\x00\x00\x00\x00\x00\x00\x00\x00\x00\x00\x00\x00\x00\x00\x00\x00\x00\x00\x00\x00\x00\x00\x00\x00\x00\x00\x00\x00\x00\x00\x00\x00\x00\x00\x00\x00\x00\x00\x00\x00\x00\x00\x00\x00\x00\x00\x00\x00\x00\x00\x00\x00\x00\x00\x00\x00\x00\x00\x00\x00\x00\x00\x00\x00\x00\x00\x00\x00\x00\x00\x00\x00\x00\x00\x00\x00\x00\x00\x00\x00\x00\x00\x00\x00\x00\x00\x00\x00\x00\x00\x00\x00\x00\x00\x00\x00\x00\x00\x00\x00\x00\x00\x00\x00\x00\x00\x00\x00\x00\x00\x00\x00\x00\x00\x00\x00\x00\x00\x00\x00\x00\x00\x00\x00\x00\x00\x00\x00\x00\x00\x00\x00\x00\x00\x00\x00\x00\x00\x00\x00\x00\x00\x00\x00\x00\x00\x00\x00\x00\x00\x00\x00\x00\x00\x00\x00\x00\x00\x00\x00\x00\x00\x00\x00\x00\x00\x00\x00\x00\x00\x00\x00\x00\x00\x00\x00\x00\x00\x00\x00\x00\x00\x00\x00',)
2023-06-25 23:23:40,969 root DEBUG gap.py                    903   gap_read_ctrl_info        : IUT address 'd7ecc00904c8' 'random'
2023-06-25 23:23:40,969 root DEBUG gap.py                    346   __gap_current_settings_update : __gap_current_settings_update 33299
2023-06-25 23:23:40,969 root DEBUG testcase.py               246   start                     : Starting test function: class=<class 'autopts.ptsprojects.testcase.TestFunc'>, func=<function test_cases.<locals>.<lambda> at 0x000001677B38AE50> start_wid=None stop_wid=None post_wid=None skip_call=None call_count=358 args=() kwds={}
2023-06-25 23:23:40,969 root DEBUG testcase.py               258   start                     : Test function parameters: args=(), kwds={}
2023-06-25 23:23:40,973 root DEBUG testcase.py               246   start                     : Starting test function: class=<class 'autopts.ptsprojects.testcase.TestFunc'>, func=<function test_cases.<locals>.<lambda> at 0x000001677B38AEE0> start_wid=None stop_wid=None post_wid=None skip_call=None call_count=358 args=() kwds={}
2023-06-25 23:23:40,973 root DEBUG testcase.py               258   start                     : Test function parameters: args=(), kwds={}
2023-06-25 23:23:40,975 root DEBUG testcase.py               246   start                     : Starting test function: class=<class 'autopts.ptsprojects.testcase.TestFunc'>, func=<function test_cases.<locals>.<lambda> at 0x000001677B38AF70> start_wid=None stop_wid=None post_wid=None skip_call=None call_count=358 args=() kwds={}
2023-06-25 23:23:40,975 root DEBUG testcase.py               258   start                     : Test function parameters: args=(), kwds={}
2023-06-25 23:23:40,978 root DEBUG testcase.py               246   start                     : Starting test function: class=<class 'autopts.ptsprojects.testcase.TestFunc'>, func=<function test_cases.<locals>.<lambda> at 0x000001677B54E040> start_wid=None stop_wid=None post_wid=None skip_call=None call_count=358 args=() kwds={}
2023-06-25 23:23:40,978 root DEBUG testcase.py               258   start                     : Test function parameters: args=(), kwds={}
2023-06-25 23:23:40,981 root DEBUG testcase.py               246   start                     : Starting test function: class=<class 'autopts.ptsprojects.testcase.TestFunc'>, func=<function test_cases.<locals>.<lambda> at 0x000001677B54E0D0> start_wid=None stop_wid=None post_wid=None skip_call=None call_count=358 args=() kwds={}
2023-06-25 23:23:40,981 root DEBUG testcase.py               258   start                     : Test function parameters: args=(), kwds={}
2023-06-25 23:23:40,984 root DEBUG testcase.py               246   start                     : Starting test function: class=<class 'autopts.ptsprojects.testcase.TestFunc'>, func=<function test_cases.<locals>.<lambda> at 0x000001677B54E160> start_wid=None stop_wid=None post_wid=None skip_call=None call_count=358 args=() kwds={}
2023-06-25 23:23:40,984 root DEBUG testcase.py               258   start                     : Test function parameters: args=(), kwds={}
2023-06-25 23:23:40,986 root DEBUG testcase.py               246   start                     : Starting test function: class=<class 'autopts.ptsprojects.testcase.TestFunc'>, func=<function test_cases.<locals>.<lambda> at 0x000001677B54E1F0> start_wid=None stop_wid=None post_wid=None skip_call=None call_count=358 args=() kwds={}
2023-06-25 23:23:40,987 root DEBUG testcase.py               258   start                     : Test function parameters: args=(), kwds={}
2023-06-25 23:23:40,987 root DEBUG testcase.py               246   start                     : Starting test function: class=<class 'autopts.ptsprojects.testcase.TestFunc'>, func=<function test_cases.<locals>.<lambda> at 0x000001677B54E280> start_wid=None stop_wid=None post_wid=None skip_call=None call_count=358 args=() kwds={}
2023-06-25 23:23:40,987 root DEBUG testcase.py               258   start                     : Test function parameters: args=(), kwds={}
2023-06-25 23:23:40,989 root DEBUG testcase.py               246   start                     : Starting test function: class=<class 'autopts.ptsprojects.testcase.TestFunc'>, func=<function test_cases.<locals>.<lambda> at 0x000001677B54E310> start_wid=None stop_wid=None post_wid=None skip_call=None call_count=358 args=() kwds={}
2023-06-25 23:23:40,990 root DEBUG testcase.py               258   start                     : Test function parameters: args=(), kwds={}
2023-06-25 23:23:40,992 root DEBUG testcase.py               246   start                     : Starting test function: class=<class 'autopts.ptsprojects.testcase.TestFunc'>, func=<function test_cases.<locals>.<lambda> at 0x000001677B54E9D0> start_wid=None stop_wid=None post_wid=None skip_call=None call_count=40 args=() kwds={}
2023-06-25 23:23:40,992 root DEBUG testcase.py               258   start                     : Test function parameters: args=(), kwds={}
2023-06-25 23:23:40,995 root DEBUG testcase.py               246   start                     : Starting test function: class=<class 'autopts.ptsprojects.testcase.TestFunc'>, func=<function test_cases.<locals>.<lambda> at 0x000001677B54EA60> start_wid=None stop_wid=None post_wid=None skip_call=None call_count=40 args=() kwds={}
2023-06-25 23:23:40,995 root DEBUG testcase.py               258   start                     : Test function parameters: args=(), kwds={}
2023-06-25 23:23:40,995 root DEBUG testcase.py               246   start                     : Starting test function: class=<class 'autopts.ptsprojects.testcase.TestFunc'>, func=<function test_cases.<locals>.<lambda> at 0x000001677B54EAF0> start_wid=None stop_wid=None post_wid=None skip_call=None call_count=40 args=() kwds={}
2023-06-25 23:23:40,995 root DEBUG testcase.py               258   start                     : Test function parameters: args=(), kwds={}
2023-06-25 23:23:40,995 root DEBUG client.py                 273   set_current_test_case     : CallbackThread.set_current_test_case MESH/CFGCL/CFG/MAKL/BV-03-C
2023-06-25 23:23:47,454 ClientCallback.on_implicit_send INFO client.py                 171   on_implicit_send          : ********************
2023-06-25 23:23:47,455 ClientCallback.on_implicit_send INFO client.py                 172   on_implicit_send          : BEGIN OnImplicitSend:
2023-06-25 23:23:47,455 ClientCallback.on_implicit_send INFO client.py                 173   on_implicit_send          : project_name: MESH
2023-06-25 23:23:47,455 ClientCallback.on_implicit_send INFO client.py                 174   on_implicit_send          : wid: 12
2023-06-25 23:23:47,455 ClientCallback.on_implicit_send INFO client.py                 175   on_implicit_send          : test_case_name: MESH/CFGCL/CFG/MAKL/BV-03-C
2023-06-25 23:23:47,455 ClientCallback.on_implicit_send INFO client.py                 176   on_implicit_send          : description: There is no shared security information. Please start provisioning from a remote or an additional provisioner side. Remove the remote side's security information if any. Click OK to proceed.
2023-06-25 23:23:47,455 ClientCallback.on_implicit_send INFO client.py                 177   on_implicit_send          : style: MMI_Style_Ok 0x11040
2023-06-25 23:23:47,455 ClientCallback.on_implicit_send INFO client.py                 183   on_implicit_send          : Calling test cases on_implicit_send
2023-06-25 23:23:47,455 root DEBUG testcase.py               675   on_implicit_send          : MESH MESH/CFGCL/CFG/MAKL/BV-03-C on_implicit_send
2023-06-25 23:23:47,455 root DEBUG testcase.py               619   join_post_wid_thread      : MESH MESH/CFGCL/CFG/MAKL/BV-03-C join_post_wid_thread
2023-06-25 23:23:47,455 root DEBUG testcase.py               621   join_post_wid_thread      : self.post_wid_thread None
2023-06-25 23:23:47,455 root DEBUG mesh.py                   30    mesh_wid_hdl              : mesh_wid_hdl, 12, There is no shared security information. Please start provisioning from a remote or an additional provisioner side. Remove the remote side's security information if any. Click OK to proceed., MESH/CFGCL/CFG/MAKL/BV-03-C
2023-06-25 23:23:47,455 root DEBUG mesh.py                   257   mesh_config_prov          : mesh_config_prov
2023-06-25 23:23:47,455 root DEBUG iutctl_common.py          104   send                      : send, 4 2 0 "bytearray(b'\\xef\\xdcB\\x14nqM\\xd0\\x87\\x18\\xe8T\\x9e\\xcc`\\x03\\x00\\x00\\x00\\x00\\x00\\x00\\x00\\x00\\x00\\x00\\x00\\x00\\x00\\x00\\x00\\x00\\x00\\x00\\x00\\x02\\x04\\x00\\x00')"
2023-06-25 23:23:47,456 root DEBUG iutctl_common.py          109   send                      : sending frame '0402002700efdc42146e714dd08718e8549ecc60030000000000000000000000000000000000000002040000'
2023-06-25 23:23:47,456 root DEBUG iutctl_common.py          217   read                      : read
2023-06-25 23:23:47,503 root DEBUG iutctl_common.py          72    read                      : Read 5 bytes
2023-06-25 23:23:47,519 root DEBUG iutctl_common.py          81    read                      : Received: hdr: Header(svc_id=4, op=2, ctrl_index=0, data_len=0) bytearray(b'\x04\x02\x00\x00\x00')
2023-06-25 23:23:47,535 root DEBUG iutctl_common.py          97    read                      : Received data: {''}, bytearray(b'')
2023-06-25 23:23:47,535 root DEBUG mesh.py                   321   mesh_init                 : mesh_init
2023-06-25 23:23:47,535 root DEBUG iutctl_common.py          104   send                      : send, 4 4 0 ''
2023-06-25 23:23:47,535 root DEBUG iutctl_common.py          109   send                      : sending frame '0404000000'
2023-06-25 23:23:47,535 root DEBUG iutctl_common.py          217   read                      : read
2023-06-25 23:23:47,887 root DEBUG iutctl_common.py          72    read                      : Read 5 bytes
2023-06-25 23:23:47,903 root DEBUG iutctl_common.py          81    read                      : Received: hdr: Header(svc_id=4, op=4, ctrl_index=0, data_len=0) bytearray(b'\x04\x04\x00\x00\x00')
2023-06-25 23:23:47,919 root DEBUG iutctl_common.py          97    read                      : Received data: {''}, bytearray(b'')
2023-06-25 23:23:47,919 root DEBUG mesh.py                   285   mesh_prov_node            : mesh_prov_node
2023-06-25 23:23:47,919 root DEBUG iutctl_common.py          104   send                      : send, 4 3 0 "bytearray(b'\\x01#Eg\\x89\\xab\\xcd\\xef\\x01#Eg\\x89\\xab\\xcd\\xef\\x00\\x00\\x00\\x00\\x00\\x00\\x00\\x00\\x00\\x00\\x00\\x03\\x00\\x01#Eg\\x89\\xab\\xcd\\xef\\x01#Eg\\x89\\xab\\xcd\\xef')"
2023-06-25 23:23:47,919 root DEBUG iutctl_common.py          109   send                      : sending frame '0403002d000123456789abcdef0123456789abcdef000000000000000000000003000123456789abcdef0123456789abcdef'
2023-06-25 23:23:47,919 root DEBUG iutctl_common.py          217   read                      : read
2023-06-25 23:23:47,999 root DEBUG iutctl_common.py          72    read                      : Read 5 bytes
2023-06-25 23:23:47,999 root DEBUG iutctl_common.py          81    read                      : Received: hdr: Header(svc_id=4, op=131, ctrl_index=0, data_len=0) bytearray(b'\x04\x83\x00\x00\x00')
2023-06-25 23:23:47,999 root DEBUG iutctl_common.py          97    read                      : Received data: {''}, bytearray(b'')
2023-06-25 23:23:48,015 root DEBUG btp.py                    627   event_handler             : event_handler Header(svc_id=4, op=131, ctrl_index=0, data_len=0) (b'',)
2023-06-25 23:23:48,031 root DEBUG mesh.py                   566   mesh_provisioned_ev       : mesh_provisioned_ev b''
2023-06-25 23:23:48,031 root DEBUG iutctl_common.py          72    read                      : Read 5 bytes
2023-06-25 23:23:48,031 root DEBUG iutctl_common.py          81    read                      : Received: hdr: Header(svc_id=4, op=3, ctrl_index=0, data_len=0) bytearray(b'\x04\x03\x00\x00\x00')
2023-06-25 23:23:48,031 root DEBUG iutctl_common.py          97    read                      : Received data: {''}, bytearray(b'')
2023-06-25 23:23:48,031 root DEBUG testcase.py               713   on_implicit_send          : Sending response 'Ok' to wid 12 test case MESH/CFGCL/CFG/MAKL/BV-03-C
2023-06-25 23:23:48,031 ClientCallback.on_implicit_send INFO client.py                 188   on_implicit_send          : test case returned on_implicit_send, response: Ok
2023-06-25 23:23:48,032 ClientCallback.on_implicit_send INFO client.py                 198   on_implicit_send          : END OnImplicitSend:
2023-06-25 23:23:48,032 ClientCallback.on_implicit_send INFO client.py                 199   on_implicit_send          : ********************
2023-06-25 23:23:48,039 ClientCallback.on_implicit_send INFO client.py                 171   on_implicit_send          : ********************
2023-06-25 23:23:48,039 ClientCallback.on_implicit_send INFO client.py                 172   on_implicit_send          : BEGIN OnImplicitSend:
2023-06-25 23:23:48,040 ClientCallback.on_implicit_send INFO client.py                 173   on_implicit_send          : project_name: MESH
2023-06-25 23:23:48,040 ClientCallback.on_implicit_send INFO client.py                 174   on_implicit_send          : wid: 6
2023-06-25 23:23:48,040 ClientCallback.on_implicit_send INFO client.py                 175   on_implicit_send          : test_case_name: MESH/CFGCL/CFG/MAKL/BV-03-C
2023-06-25 23:23:48,040 ClientCallback.on_implicit_send INFO client.py                 176   on_implicit_send          : description: Advertising Mesh Beacon Packet. Wait for other side to be ready and click OK to broadcast Mesh beacon packet, otherwise click Cancel. Remove the remote side's security information if any.
2023-06-25 23:23:48,040 ClientCallback.on_implicit_send INFO client.py                 177   on_implicit_send          : style: MMI_Style_Ok_Cancel1 0x11041
2023-06-25 23:23:48,040 ClientCallback.on_implicit_send INFO client.py                 183   on_implicit_send          : Calling test cases on_implicit_send
2023-06-25 23:23:48,040 root DEBUG testcase.py               675   on_implicit_send          : MESH MESH/CFGCL/CFG/MAKL/BV-03-C on_implicit_send
2023-06-25 23:23:48,040 root DEBUG testcase.py               619   join_post_wid_thread      : MESH MESH/CFGCL/CFG/MAKL/BV-03-C join_post_wid_thread
2023-06-25 23:23:48,040 root DEBUG testcase.py               621   join_post_wid_thread      : self.post_wid_thread None
2023-06-25 23:23:48,040 root DEBUG mesh.py                   30    mesh_wid_hdl              : mesh_wid_hdl, 6, Advertising Mesh Beacon Packet. Wait for other side to be ready and click OK to broadcast Mesh beacon packet, otherwise click Cancel. Remove the remote side's security information if any., MESH/CFGCL/CFG/MAKL/BV-03-C
2023-06-25 23:23:48,040 root DEBUG mesh.py                   306   mesh_provision_adv        : mesh_provision_adv b'efdc42146e714dd08718e8549ecc6003' 1 0
2023-06-25 23:23:48,040 root DEBUG iutctl_common.py          104   send                      : send, 4 74 0 "bytearray(b'\\xef\\xdcB\\x14nqM\\xd0\\x87\\x18\\xe8T\\x9e\\xcc`\\x03\\x00\\x00\\x01\\x00\\x00\\x01#Eg\\x89\\xab\\xcd\\xef\\x01#Eg\\x89\\xab\\xcd\\xef')"
2023-06-25 23:23:48,040 root DEBUG iutctl_common.py          109   send                      : sending frame '044a002500efdc42146e714dd08718e8549ecc600300000100000123456789abcdef0123456789abcdef'
2023-06-25 23:23:48,041 root DEBUG iutctl_common.py          217   read                      : read
2023-06-25 23:23:48,095 root DEBUG iutctl_common.py          72    read                      : Read 5 bytes
2023-06-25 23:23:48,110 root DEBUG iutctl_common.py          81    read                      : Received: hdr: Header(svc_id=4, op=74, ctrl_index=0, data_len=0) bytearray(b'\x04J\x00\x00\x00')
2023-06-25 23:23:48,142 root DEBUG iutctl_common.py          97    read                      : Received data: {''}, bytearray(b'')
2023-06-25 23:23:48,174 root DEBUG testcase.py               713   on_implicit_send          : Sending response 'OK' to wid 6 test case MESH/CFGCL/CFG/MAKL/BV-03-C
2023-06-25 23:23:48,174 ClientCallback.on_implicit_send INFO client.py                 188   on_implicit_send          : test case returned on_implicit_send, response: OK
2023-06-25 23:23:48,174 ClientCallback.on_implicit_send INFO client.py                 198   on_implicit_send          : END OnImplicitSend:
2023-06-25 23:23:48,174 ClientCallback.on_implicit_send INFO client.py                 199   on_implicit_send          : ********************
2023-06-25 23:23:49,099 root DEBUG iutctl_common.py          72    read                      : Read 5 bytes
2023-06-25 23:23:49,099 root DEBUG iutctl_common.py          81    read                      : Received: hdr: Header(svc_id=4, op=132, ctrl_index=0, data_len=1) bytearray(b'\x04\x84\x00\x01\x00')
2023-06-25 23:23:49,100 root DEBUG iutctl_common.py          89    read                      : Read 1 bytes data
2023-06-25 23:23:49,100 root DEBUG iutctl_common.py          97    read                      : Received data: {'00'}, bytearray(b'\x00')
2023-06-25 23:23:49,100 root DEBUG btp.py                    627   event_handler             : event_handler Header(svc_id=4, op=132, ctrl_index=0, data_len=1) (b'\x00',)
2023-06-25 23:23:49,100 root DEBUG mesh.py                   576   mesh_prov_link_open_ev    : mesh_prov_link_open_ev b'\x00'
2023-06-25 23:23:51,057 root DEBUG iutctl_common.py          72    read                      : Read 5 bytes
2023-06-25 23:23:51,057 root DEBUG iutctl_common.py          81    read                      : Received: hdr: Header(svc_id=4, op=142, ctrl_index=0, data_len=21) bytearray(b'\x04\x8e\x00\x15\x00')
2023-06-25 23:23:51,057 root DEBUG iutctl_common.py          89    read                      : Read 21 bytes data
2023-06-25 23:23:51,058 root DEBUG iutctl_common.py          97    read                      : Received data: {'00 00 01 00 ef dc 42 14 6e 71 4d d0 87 18 e8 54 9e cc 60 03 01'}, bytearray(b'\x00\x00\x01\x00\xef\xdcB\x14nqM\xd0\x87\x18\xe8T\x9e\xcc`\x03\x01')
2023-06-25 23:23:51,058 root DEBUG btp.py                    627   event_handler             : event_handler Header(svc_id=4, op=142, ctrl_index=0, data_len=21) (b'\x00\x00\x01\x00\xef\xdcB\x14nqM\xd0\x87\x18\xe8T\x9e\xcc`\x03\x01',)
2023-06-25 23:23:51,058 root DEBUG mesh.py                   1491  mesh_prov_node_added_ev   : mesh_prov_node_added_ev
2023-06-25 23:23:51,058 root DEBUG mesh.py                   1498  mesh_prov_node_added_ev   : 0x0000 0x0001 b'efdc42146e714dd08718e8549ecc6003' 1
2023-06-25 23:23:51,329 root DEBUG iutctl_common.py          72    read                      : Read 5 bytes
2023-06-25 23:23:51,329 root DEBUG iutctl_common.py          81    read                      : Received: hdr: Header(svc_id=4, op=133, ctrl_index=0, data_len=1) bytearray(b'\x04\x85\x00\x01\x00')
2023-06-25 23:23:51,329 root DEBUG iutctl_common.py          89    read                      : Read 1 bytes data
2023-06-25 23:23:51,329 root DEBUG iutctl_common.py          97    read                      : Received data: {'00'}, bytearray(b'\x00')
2023-06-25 23:23:51,329 root DEBUG btp.py                    627   event_handler             : event_handler Header(svc_id=4, op=133, ctrl_index=0, data_len=1) (b'\x00',)
2023-06-25 23:23:51,330 root DEBUG mesh.py                   584   mesh_prov_link_closed_ev  : mesh_prov_link_closed_ev b'\x00'
2023-06-25 23:23:53,207 ClientCallback.on_implicit_send INFO client.py                 171   on_implicit_send          : ********************
2023-06-25 23:23:53,207 ClientCallback.on_implicit_send INFO client.py                 172   on_implicit_send          : BEGIN OnImplicitSend:
2023-06-25 23:23:53,207 ClientCallback.on_implicit_send INFO client.py                 173   on_implicit_send          : project_name: MESH
2023-06-25 23:23:53,207 ClientCallback.on_implicit_send INFO client.py                 174   on_implicit_send          : wid: 500
2023-06-25 23:23:53,207 ClientCallback.on_implicit_send INFO client.py                 175   on_implicit_send          : test_case_name: MESH/CFGCL/CFG/MAKL/BV-03-C
2023-06-25 23:23:53,208 ClientCallback.on_implicit_send INFO client.py                 176   on_implicit_send          : description: Waiting for Composition Data Get Request.
2023-06-25 23:23:53,208 ClientCallback.on_implicit_send INFO client.py                 177   on_implicit_send          : style: MMI_Style_Ok_Cancel2 0x11141
2023-06-25 23:23:53,208 ClientCallback.on_implicit_send INFO client.py                 183   on_implicit_send          : Calling test cases on_implicit_send
2023-06-25 23:23:53,208 root DEBUG testcase.py               675   on_implicit_send          : MESH MESH/CFGCL/CFG/MAKL/BV-03-C on_implicit_send
2023-06-25 23:23:53,208 root DEBUG testcase.py               619   join_post_wid_thread      : MESH MESH/CFGCL/CFG/MAKL/BV-03-C join_post_wid_thread
2023-06-25 23:23:53,208 root DEBUG testcase.py               621   join_post_wid_thread      : self.post_wid_thread None
2023-06-25 23:23:53,208 root DEBUG mesh.py                   30    mesh_wid_hdl              : mesh_wid_hdl, 500, Waiting for Composition Data Get Request., MESH/CFGCL/CFG/MAKL/BV-03-C
2023-06-25 23:23:53,208 root DEBUG mesh.py                   722   mesh_composition_data_get : mesh_composition_data_get
2023-06-25 23:23:53,208 root DEBUG iutctl_common.py          104   send                      : send, 4 20 0 "bytearray(b'\\x00\\x00\\x01\\x00\\x00')"
2023-06-25 23:23:53,208 root DEBUG iutctl_common.py          109   send                      : sending frame '04140005000000010000'
2023-06-25 23:23:53,208 root DEBUG iutctl_common.py          217   read                      : read
2023-06-25 23:23:53,451 root DEBUG iutctl_common.py          72    read                      : Read 5 bytes
2023-06-25 23:23:53,467 root DEBUG iutctl_common.py          81    read                      : Received: hdr: Header(svc_id=4, op=134, ctrl_index=0, data_len=23) bytearray(b'\x04\x86\x00\x17\x00')
2023-06-25 23:23:53,499 root DEBUG iutctl_common.py          89    read                      : Read 23 bytes data
2023-06-25 23:23:53,499 root DEBUG iutctl_common.py          97    read                      : Received data: {'03 00 01 00 03 00 10 80 80 00 05 27 0d 5a 2d f4 87 e6 58 e4 be 14 ae'}, bytearray(b"\x03\x00\x01\x00\x03\x00\x10\x80\x80\x00\x05\'\rZ-\xf4\x87\xe6X\xe4\xbe\x14\xae")
2023-06-25 23:23:53,499 root DEBUG btp.py                    627   event_handler             : event_handler Header(svc_id=4, op=134, ctrl_index=0, data_len=23) (b"\x03\x00\x01\x00\x03\x00\x10\x80\x80\x00\x05'\rZ-\xf4\x87\xe6X\xe4\xbe\x14\xae",)
2023-06-25 23:23:53,515 root DEBUG iutctl_common.py          72    read                      : Read 5 bytes
2023-06-25 23:23:53,531 root DEBUG iutctl_common.py          81    read                      : Received: hdr: Header(svc_id=4, op=134, ctrl_index=0, data_len=23) bytearray(b'\x04\x86\x00\x17\x00')
2023-06-25 23:23:53,563 root DEBUG iutctl_common.py          89    read                      : Read 23 bytes data
2023-06-25 23:23:53,579 root DEBUG iutctl_common.py          97    read                      : Received data: {'03 00 01 00 03 00 10 80 80 00 25 1f 59 b9 de 78 99 78 96 be 91 fe f6'}, bytearray(b'\x03\x00\x01\x00\x03\x00\x10\x80\x80\x00%\x1fY\xb9\xdex\x99x\x96\xbe\x91\xfe\xf6')
2023-06-25 23:23:53,627 root DEBUG btp.py                    627   event_handler             : event_handler Header(svc_id=4, op=134, ctrl_index=0, data_len=23) (b'\x03\x00\x01\x00\x03\x00\x10\x80\x80\x00%\x1fY\xb9\xdex\x99x\x96\xbe\x91\xfe\xf6',)
2023-06-25 23:23:53,707 root DEBUG iutctl_common.py          72    read                      : Read 5 bytes
2023-06-25 23:23:53,739 root DEBUG iutctl_common.py          81    read                      : Received: hdr: Header(svc_id=4, op=134, ctrl_index=0, data_len=23) bytearray(b'\x04\x86\x00\x17\x00')
2023-06-25 23:23:53,755 root DEBUG iutctl_common.py          89    read                      : Read 23 bytes data
2023-06-25 23:23:53,755 root DEBUG iutctl_common.py          97    read                      : Received data: {'03 00 01 00 03 00 10 80 80 00 45 d3 f2 56 e9 28 13 74 08 cf 70 02 50'}, bytearray(b'\x03\x00\x01\x00\x03\x00\x10\x80\x80\x00E\xd3\xf2V\xe9(\x13t\x08\xcfp\x02P')
2023-06-25 23:23:53,787 root DEBUG btp.py                    627   event_handler             : event_handler Header(svc_id=4, op=134, ctrl_index=0, data_len=23) (b'\x03\x00\x01\x00\x03\x00\x10\x80\x80\x00E\xd3\xf2V\xe9(\x13t\x08\xcfp\x02P',)
2023-06-25 23:23:53,819 root DEBUG iutctl_common.py          72    read                      : Read 5 bytes
2023-06-25 23:23:53,851 root DEBUG iutctl_common.py          81    read                      : Received: hdr: Header(svc_id=4, op=134, ctrl_index=0, data_len=23) bytearray(b'\x04\x86\x00\x17\x00')
2023-06-25 23:23:53,867 root DEBUG iutctl_common.py          89    read                      : Read 23 bytes data
2023-06-25 23:23:53,883 root DEBUG iutctl_common.py          97    read                      : Received data: {'03 00 01 00 03 00 10 80 80 00 65 51 55 29 3b 22 a0 d4 e8 bc 06 76 0a'}, bytearray(b'\x03\x00\x01\x00\x03\x00\x10\x80\x80\x00eQU);"\xa0\xd4\xe8\xbc\x06v\n')
2023-06-25 23:23:53,883 root DEBUG btp.py                    627   event_handler             : event_handler Header(svc_id=4, op=134, ctrl_index=0, data_len=23) (b'\x03\x00\x01\x00\x03\x00\x10\x80\x80\x00eQU);"\xa0\xd4\xe8\xbc\x06v\n',)
2023-06-25 23:23:53,915 root DEBUG iutctl_common.py          72    read                      : Read 5 bytes
2023-06-25 23:23:53,946 root DEBUG iutctl_common.py          81    read                      : Received: hdr: Header(svc_id=4, op=134, ctrl_index=0, data_len=23) bytearray(b'\x04\x86\x00\x17\x00')
2023-06-25 23:23:53,994 root DEBUG iutctl_common.py          89    read                      : Read 23 bytes data
2023-06-25 23:23:54,010 root DEBUG iutctl_common.py          97    read                      : Received data: {'03 00 01 00 03 00 10 80 80 00 85 06 da 8b e0 98 7e d6 5d 6a ea 24 0c'}, bytearray(b'\x03\x00\x01\x00\x03\x00\x10\x80\x80\x00\x85\x06\xda\x8b\xe0\x98~\xd6]j\xea$\x0c')
2023-06-25 23:23:54,058 root DEBUG btp.py                    627   event_handler             : event_handler Header(svc_id=4, op=134, ctrl_index=0, data_len=23) (b'\x03\x00\x01\x00\x03\x00\x10\x80\x80\x00\x85\x06\xda\x8b\xe0\x98~\xd6]j\xea$\x0c',)
2023-06-25 23:23:54,106 root DEBUG iutctl_common.py          72    read                      : Read 5 bytes
2023-06-25 23:23:54,122 root DEBUG iutctl_common.py          81    read                      : Received: hdr: Header(svc_id=4, op=134, ctrl_index=0, data_len=19) bytearray(b'\x04\x86\x00\x13\x00')
2023-06-25 23:23:54,170 root DEBUG iutctl_common.py          89    read                      : Read 19 bytes data
2023-06-25 23:23:54,186 root DEBUG iutctl_common.py          97    read                      : Received data: {'03 00 01 00 03 00 0c 80 80 00 a5 a4 c6 38 05 65 ff dc 1d'}, bytearray(b'\x03\x00\x01\x00\x03\x00\x0c\x80\x80\x00\xa5\xa4\xc68\x05e\xff\xdc\x1d')
2023-06-25 23:23:54,202 root DEBUG btp.py                    627   event_handler             : event_handler Header(svc_id=4, op=134, ctrl_index=0, data_len=19) (b'\x03\x00\x01\x00\x03\x00\x0c\x80\x80\x00\xa5\xa4\xc68\x05e\xff\xdc\x1d',)
2023-06-25 23:23:54,218 root DEBUG iutctl_common.py          72    read                      : Read 5 bytes
2023-06-25 23:23:54,234 root DEBUG iutctl_common.py          81    read                      : Received: hdr: Header(svc_id=4, op=20, ctrl_index=0, data_len=58) bytearray(b'\x04\x14\x00:\x00')
2023-06-25 23:23:54,282 root DEBUG iutctl_common.py          89    read                      : Read 58 bytes data
2023-06-25 23:23:54,282 root DEBUG iutctl_common.py          97    read                      : Received data: {'3f 00 1a 00 00 01 ff 00 03 00 07 00 16 00 00 00 02 00 04 00 06 00 0a 00 08 00 0c 00 0e 00 10 00 12 00 14 00 01 00 03 00 05 00 07 00 0b 00 09 00 0d 00 0f 00 11 00 13 00 15 00'}, bytearray(b'?\x00\x1a\x00\x00\x01\xff\x00\x03\x00\x07\x00\x16\x00\x00\x00\x02\x00\x04\x00\x06\x00\n\x00\x08\x00\x0c\x00\x0e\x00\x10\x00\x12\x00\x14\x00\x01\x00\x03\x00\x05\x00\x07\x00\x0b\x00\t\x00\r\x00\x0f\x00\x11\x00\x13\x00\x15\x00')
2023-06-25 23:23:54,282 root DEBUG testcase.py               713   on_implicit_send          : Sending response 'OK' to wid 500 test case MESH/CFGCL/CFG/MAKL/BV-03-C
2023-06-25 23:23:54,282 ClientCallback.on_implicit_send INFO client.py                 188   on_implicit_send          : test case returned on_implicit_send, response: OK
2023-06-25 23:23:54,282 ClientCallback.on_implicit_send INFO client.py                 198   on_implicit_send          : END OnImplicitSend:
2023-06-25 23:23:54,282 ClientCallback.on_implicit_send INFO client.py                 199   on_implicit_send          : ********************
2023-06-25 23:23:54,627 ClientCallback.on_implicit_send INFO client.py                 171   on_implicit_send          : ********************
2023-06-25 23:23:54,627 ClientCallback.on_implicit_send INFO client.py                 172   on_implicit_send          : BEGIN OnImplicitSend:
2023-06-25 23:23:54,627 ClientCallback.on_implicit_send INFO client.py                 173   on_implicit_send          : project_name: MESH
2023-06-25 23:23:54,628 ClientCallback.on_implicit_send INFO client.py                 174   on_implicit_send          : wid: 514
2023-06-25 23:23:54,628 ClientCallback.on_implicit_send INFO client.py                 175   on_implicit_send          : test_case_name: MESH/CFGCL/CFG/MAKL/BV-03-C
2023-06-25 23:23:54,628 ClientCallback.on_implicit_send INFO client.py                 176   on_implicit_send          : description: Please send SIG Model App Get.
2023-06-25 23:23:54,628 ClientCallback.on_implicit_send INFO client.py                 177   on_implicit_send          : style: MMI_Style_Ok_Cancel2 0x11141
2023-06-25 23:23:54,628 ClientCallback.on_implicit_send INFO client.py                 183   on_implicit_send          : Calling test cases on_implicit_send
2023-06-25 23:23:54,628 root DEBUG testcase.py               675   on_implicit_send          : MESH MESH/CFGCL/CFG/MAKL/BV-03-C on_implicit_send
2023-06-25 23:23:54,628 root DEBUG testcase.py               619   join_post_wid_thread      : MESH MESH/CFGCL/CFG/MAKL/BV-03-C join_post_wid_thread
2023-06-25 23:23:54,628 root DEBUG testcase.py               621   join_post_wid_thread      : self.post_wid_thread None
2023-06-25 23:23:54,628 root DEBUG mesh.py                   30    mesh_wid_hdl              : mesh_wid_hdl, 514, Please send SIG Model App Get., MESH/CFGCL/CFG/MAKL/BV-03-C
2023-06-25 23:23:54,628 root DEBUG mesh.py                   1218  mesh_cfg_model_app_get    : mesh_cfg_model_app_get
2023-06-25 23:23:54,628 root DEBUG iutctl_common.py          104   send                      : send, 4 44 0 "bytearray(b'\\x00\\x00\\x01\\x00\\x01\\x00\\x02\\x00')"
2023-06-25 23:23:54,628 root DEBUG iutctl_common.py          109   send                      : sending frame '042c0008000000010001000200'
2023-06-25 23:23:54,628 root DEBUG iutctl_common.py          217   read                      : read
2023-06-25 23:23:54,856 root DEBUG iutctl_common.py          72    read                      : Read 5 bytes
2023-06-25 23:23:54,872 root DEBUG iutctl_common.py          81    read                      : Received: hdr: Header(svc_id=4, op=134, ctrl_index=0, data_len=22) bytearray(b'\x04\x86\x00\x16\x00')
2023-06-25 23:23:54,888 root DEBUG iutctl_common.py          89    read                      : Read 22 bytes data
2023-06-25 23:23:54,904 root DEBUG iutctl_common.py          97    read                      : Received data: {'03 00 01 00 03 00 0f 80 00 18 00 53 c8 df cf 5e 05 e0 13 92 00 9f'}, bytearray(b'\x03\x00\x01\x00\x03\x00\x0f\x80\x00\x18\x00S\xc8\xdf\xcf^\x05\xe0\x13\x92\x00\x9f')
2023-06-25 23:23:54,936 root DEBUG btp.py                    627   event_handler             : event_handler Header(svc_id=4, op=134, ctrl_index=0, data_len=22) (b'\x03\x00\x01\x00\x03\x00\x0f\x80\x00\x18\x00S\xc8\xdf\xcf^\x05\xe0\x13\x92\x00\x9f',)
2023-06-25 23:23:54,936 root DEBUG iutctl_common.py          72    read                      : Read 5 bytes
2023-06-25 23:23:54,936 root DEBUG iutctl_common.py          81    read                      : Received: hdr: Header(svc_id=4, op=44, ctrl_index=0, data_len=1) bytearray(b'\x04,\x00\x01\x00')
2023-06-25 23:23:54,936 root DEBUG iutctl_common.py          89    read                      : Read 1 bytes data
2023-06-25 23:23:54,968 root DEBUG iutctl_common.py          97    read                      : Received data: {'00'}, bytearray(b'\x00')
2023-06-25 23:23:54,984 root DEBUG testcase.py               713   on_implicit_send          : Sending response 'OK' to wid 514 test case MESH/CFGCL/CFG/MAKL/BV-03-C
2023-06-25 23:23:54,984 ClientCallback.on_implicit_send INFO client.py                 188   on_implicit_send          : test case returned on_implicit_send, response: OK
2023-06-25 23:23:54,984 ClientCallback.on_implicit_send INFO client.py                 198   on_implicit_send          : END OnImplicitSend:
2023-06-25 23:23:54,984 ClientCallback.on_implicit_send INFO client.py                 199   on_implicit_send          : ********************
2023-06-25 23:23:54,986 ClientCallback.on_implicit_send INFO client.py                 171   on_implicit_send          : ********************
2023-06-25 23:23:54,986 ClientCallback.on_implicit_send INFO client.py                 172   on_implicit_send          : BEGIN OnImplicitSend:
2023-06-25 23:23:54,986 ClientCallback.on_implicit_send INFO client.py                 173   on_implicit_send          : project_name: MESH
2023-06-25 23:23:54,986 ClientCallback.on_implicit_send INFO client.py                 174   on_implicit_send          : wid: 515
2023-06-25 23:23:54,986 ClientCallback.on_implicit_send INFO client.py                 175   on_implicit_send          : test_case_name: MESH/CFGCL/CFG/MAKL/BV-03-C
2023-06-25 23:23:54,986 ClientCallback.on_implicit_send INFO client.py                 176   on_implicit_send          : description: Please confirm the following message is correct.
SIG Model App Get
  Element Address = 1
  SIG Model ID = 2

2023-06-25 23:23:54,986 ClientCallback.on_implicit_send INFO client.py                 177   on_implicit_send          : style: MMI_Style_Ok_Cancel1 0x11041
2023-06-25 23:23:54,986 ClientCallback.on_implicit_send INFO client.py                 183   on_implicit_send          : Calling test cases on_implicit_send
2023-06-25 23:23:54,986 root DEBUG testcase.py               675   on_implicit_send          : MESH MESH/CFGCL/CFG/MAKL/BV-03-C on_implicit_send
2023-06-25 23:23:54,986 root DEBUG testcase.py               619   join_post_wid_thread      : MESH MESH/CFGCL/CFG/MAKL/BV-03-C join_post_wid_thread
2023-06-25 23:23:54,986 root DEBUG testcase.py               621   join_post_wid_thread      : self.post_wid_thread None
2023-06-25 23:23:54,987 root DEBUG mesh.py                   30    mesh_wid_hdl              : mesh_wid_hdl, 515, Please confirm the following message is correct.
SIG Model App Get
  Element Address = 1
  SIG Model ID = 2
, MESH/CFGCL/CFG/MAKL/BV-03-C
2023-06-25 23:23:54,987 root DEBUG testcase.py               713   on_implicit_send          : Sending response 'OK' to wid 515 test case MESH/CFGCL/CFG/MAKL/BV-03-C
2023-06-25 23:23:54,987 ClientCallback.on_implicit_send INFO client.py                 188   on_implicit_send          : test case returned on_implicit_send, response: OK
2023-06-25 23:23:54,987 ClientCallback.on_implicit_send INFO client.py                 198   on_implicit_send          : END OnImplicitSend:
2023-06-25 23:23:54,987 ClientCallback.on_implicit_send INFO client.py                 199   on_implicit_send          : ********************
2023-06-25 23:23:58,556 ClientCallback.log INFO client.py                 135   log                       : PTS_LOGTYPE_START_TEST Start Test Case 

+16 ms
 MESH/CFGCL/CFG/MAKL/BV-03-C MESH/CFGCL/CFG/MAKL/BV-03-C

2023-06-25 23:23:58,556 root DEBUG testcase.py               464   log                       : New status MESH MESH/CFGCL/CFG/MAKL/BV-03-C - Started
2023-06-25 23:23:59,317 ClientCallback.log INFO client.py                 135   log                       : PTS_LOGTYPE_FINAL_VERDICT Final Verdict 

+15219 ms
 MESH/CFGCL/CFG/MAKL/BV-03-C PASS

2023-06-25 23:23:59,317 root DEBUG testcase.py               464   log                       : New status MESH MESH/CFGCL/CFG/MAKL/BV-03-C - PASS
2023-06-25 23:23:59,320 ClientCallback.log INFO client.py                 135   log                       : PTS_LOGTYPE_FINAL_VERDICT Encrypted Verdict 

+15219 ms
 MESH/CFGCL/CFG/MAKL/BV-03-C A1#ZWY4MzQ5MDg3MmQwNTIxOGQzMzQ5YjY2ODA5M2MzNjQ5ZDY4NmY0Yjc2MzIzM2VkNTUyNTFhNGU4Mjg1MjI0NA==#IR+hvglT2ppqqRlIFBL2doyrpb3dlrUYC+vpMep+5W2eQcDxNcW6LME50cTikOSxR2XK5j5wXWU=

2023-06-25 23:23:59,322 ClientCallback.log INFO client.py                 135   log                       : PTS_LOGTYPE_END_TEST Test Case Ended 

+15219 ms
 MESH/CFGCL/CFG/MAKL/BV-03-C MESH/CFGCL/CFG/MAKL/BV-03-C

2023-06-25 23:23:59,389 root DEBUG client.py                 811   run_test_case_thread_entry : After run_test_case error_code='' status='PASS'
2023-06-25 23:23:59,389 root DEBUG client.py                 281   error_code                : CallbackThread.error_code
2023-06-25 23:23:59,389 root DEBUG client.py                 295   cleanup                   : CallbackThread.cleanup
2023-06-25 23:24:00,402 root DEBUG testcase.py               758   post_run                  : post_run MESH MESH/CFGCL/CFG/MAKL/BV-03-C 
2023-06-25 23:24:00,403 root DEBUG testcase.py               246   start                     : Starting test function: class=<class 'autopts.ptsprojects.testcase.TestFuncCleanUp'>, func=<bound method Stack.cleanup of <autopts.ptsprojects.stack.Stack object at 0x000001677B35A910>> start_wid=None stop_wid=None post_wid=None skip_call=None call_count=1 args=() kwds={}
2023-06-25 23:24:00,403 root DEBUG testcase.py               258   start                     : Test function parameters: args=(), kwds={}
2023-06-25 23:24:00,404 root DEBUG client.py                 290   clear_pending_responses   : CallbackThread.clear_pending_responses
2023-06-25 23:24:00,404 root DEBUG client.py                 290   clear_pending_responses   : CallbackThread.clear_pending_responses
2023-06-25 23:24:00,404 root DEBUG testcase.py               246   start                     : Starting test function: class=<class 'autopts.ptsprojects.testcase.TestFuncCleanUp'>, func=<bound method ZephyrCtl.stop of <autopts.ptsprojects.zephyr.iutctl.ZephyrCtl object at 0x000001677796DA30>> start_wid=None stop_wid=None post_wid=None skip_call=None call_count=1 args=() kwds={}
2023-06-25 23:24:00,405 root DEBUG testcase.py               258   start                     : Test function parameters: args=(), kwds={}
2023-06-25 23:24:00,405 root DEBUG iutctl.py                 237   stop                      : <class 'autopts.ptsprojects.zephyr.iutctl.ZephyrCtl'>.stop
2023-06-25 23:24:01,026 root DEBUG __init__.py               48    reset                     : About to reset DUT: 'nrfjprog -r -s 683511993'
2023-06-25 23:24:04,525 root DEBUG testcase.py               783   post_run                  : post_run, cleanup running pre test case script
2023-06-25 23:24:04,526 root DEBUG testcase.py               793   post_run                  : post_run, run post test case script
2023-06-25 23:24:04,603 root DEBUG client.py                 841   run_test_case_thread_entry : Done TestCase wrapper MESH MESH/CFGCL/CFG/MAKL/BV-03-C
