[00:01:23.776,031] <wrn> net_buf: Timeout discarded. No blocking in syswq
[00:01:23.776,214] <wrn> net_buf: Timeout discarded. No blocking in syswq
[00:01:23.776,428] <wrn> net_buf: Timeout discarded. No blocking in syswq
[00:01:23.776,611] <wrn> net_buf: Timeout discarded. No blocking in syswq
[00:01:23.776,885] <wrn> net_buf: Timeout discarded. No blocking in syswq
*** Booting Zephyr OS build v4.0.0-735-geb4f2fb44a0e ***
[00:00:00.250,793] <dbg> bttester: tester_init: Initializing tester
[00:00:05.968,322] <dbg> bttester: cmd_handler: cmd service 0x00 opcode 0x03 index 0xff
[00:00:05.972,717] <wrn> net_buf: Timeout discarded. No blocking in syswq
[00:00:05.972,900] <wrn> net_buf: Timeout discarded. No blocking in syswq
[00:00:05.973,083] <wrn> net_buf: Timeout discarded. No blocking in syswq
[00:00:05.973,266] <wrn> net_buf: Timeout discarded. No blocking in syswq
[00:00:05.973,419] <wrn> net_buf: Timeout discarded. No blocking in syswq
[00:00:05.973,571] <wrn> net_buf: Timeout discarded. No blocking in syswq
[00:00:05.973,754] <wrn> net_buf: Timeout discarded. No blocking in syswq
[00:00:05.973,907] <wrn> net_buf: Timeout discarded. No blocking in syswq
[00:00:05.974,060] <wrn> net_buf: Timeout discarded. No blocking in syswq
[00:00:05.974,243] <wrn> net_buf: Timeout discarded. No blocking in syswq
[00:00:05.974,426] <wrn> net_buf: Timeout discarded. No blocking in syswq
[00:00:05.974,609] <wrn> net_buf: Timeout discarded. No blocking in syswq
[00:00:05.974,761] <wrn> net_buf: Timeout discarded. No blocking in syswq
[00:00:05.974,884] <inf> bt_hci_core: HW Platform: Nordic Semiconductor (0x0002)
[00:00:05.974,914] <inf> bt_hci_core: HW Variant: nRF52x (0x0002)
[00:00:05.974,945] <inf> bt_hci_core: Firmware: Standard Bluetooth controller (0x00) Version 4.0 Build 99
[00:00:05.975,036] <wrn> net_buf: Timeout discarded. No blocking in syswq
[00:00:05.975,219] <wrn> net_buf: Timeout discarded. No blocking in syswq
[00:00:05.975,402] <wrn> net_buf: Timeout discarded. No blocking in syswq
[00:00:05.975,555] <wrn> net_buf: Timeout discarded. No blocking in syswq
[00:00:05.975,738] <wrn> net_buf: Timeout discarded. No blocking in syswq
[00:00:05.975,982] <wrn> net_buf: Timeout discarded. No blocking in syswq
[00:00:05.976,196] <inf> bt_hci_core: Identity: DC:E7:76:C4:1F:70 (random)
[00:00:05.976,226] <inf> bt_hci_core: HCI: version 5.4 (0x0d) revision 0x0000, manufacturer 0x05f1
[00:00:05.976,257] <inf> bt_hci_core: LMP: version 5.4 (0x0d) subver 0xffff
[00:00:05.976,287] <dbg> bttester: tester_rsp_with_index: service 0x00 opcode 0x03 index 0xff status 0x00
[00:00:06.006,286] <dbg> bttester: cmd_handler: cmd service 0x00 opcode 0x03 index 0xff
[00:00:06.006,317] <dbg> bttester: tester_rsp_with_index: service 0x00 opcode 0x03 index 0xff status 0x00
[00:00:06.032,775] <dbg> bttester: cmd_handler: cmd service 0x00 opcode 0x03 index 0xff
[00:00:06.032,806] <dbg> bttester: tester_rsp_with_index: service 0x00 opcode 0x03 index 0xff status 0x00
[00:00:06.055,603] <dbg> bttester: cmd_handler: cmd service 0x04 opcode 0x04 index 0x00
[00:00:06.055,633] <wrn> bttester_mesh: Loading default comp data
[00:00:06.055,908] <wrn> bt_mesh_access: Unused space in relation list: 2
[00:00:06.315,734] <dbg> bttester: tester_rsp_with_index: service 0x04 opcode 0x04 index 0x00 status 0x00
[00:00:06.377,258] <dbg> bttester: cmd_handler: cmd service 0x01 opcode 0x03 index 0x00
[00:00:13.605,102] <dbg> bttester: cmd_handler: cmd service 0x04 opcode 0x02 index 0x00
[00:00:13.605,133] <dbg> bttester_mesh: config_prov: 
[00:00:13.605,163] <dbg> bttester: tester_rsp_with_index: service 0x04 opcode 0x02 index 0x00 status 0x00
[00:00:13.647,705] <dbg> bttester: cmd_handler: cmd service 0x04 opcode 0x78 index 0x00
[00:00:13.647,735] <dbg> bttester_mesh: start: 
[00:00:13.647,857] <inf> bt_mesh_provisionee: Device UUID: 719296ec-a902-456c-b164-18ddc2d86f63
[00:00:13.647,979] <wrn> net_buf: Timeout discarded. No blocking in syswq
[00:00:13.648,162] <wrn> net_buf: Timeout discarded. No blocking in syswq
[00:00:13.648,803] <wrn> net_buf: Timeout discarded. No blocking in syswq
[00:00:13.648,986] <wrn> net_buf: Timeout discarded. No blocking in syswq
[00:00:13.649,291] <wrn> net_buf: Timeout discarded. No blocking in syswq
[00:00:13.649,597] <inf> bt_mesh_provisionee: Device UUID: 719296ec-a902-456c-b164-18ddc2d86f63
[00:00:13.649,597] <dbg> bttester: tester_rsp_with_index: service 0x04 opcode 0x78 index 0x00 status 0x00
[00:00:13.650,482] <wrn> net_buf: Timeout discarded. No blocking in syswq
[00:00:13.651,153] <wrn> net_buf: Timeout discarded. No blocking in syswq
[00:00:13.651,336] <wrn> net_buf: Timeout discarded. No blocking in syswq
[00:00:13.651,519] <wrn> net_buf: Timeout discarded. No blocking in syswq
[00:00:13.651,855] <wrn> net_buf: Timeout discarded. No blocking in syswq
[00:00:13.652,099] <wrn> net_buf: Timeout discarded. No blocking in syswq
[00:00:13.652,374] <wrn> net_buf: Timeout discarded. No blocking in syswq
[00:00:13.652,557] <wrn> net_buf: Timeout discarded. No blocking in syswq
[00:00:13.652,770] <wrn> net_buf: Timeout discarded. No blocking in syswq
[00:00:13.653,228] <wrn> net_buf: Timeout discarded. No blocking in syswq
[00:00:13.653,472] <wrn> net_buf: Timeout discarded. No blocking in syswq
[00:00:13.715,911] <wrn> net_buf: Timeout discarded. No blocking in syswq
[00:00:13.716,125] <wrn> net_buf: Timeout discarded. No blocking in syswq
[00:00:13.716,369] <wrn> net_buf: Timeout discarded. No blocking in syswq
[00:00:13.766,113] <wrn> net_buf: Timeout discarded. No blocking in syswq
[00:00:13.766,265] <wrn> net_buf: Timeout discarded. No blocking in syswq
[00:00:13.766,479] <wrn> net_buf: Timeout discarded. No blocking in syswq
[00:00:13.766,662] <wrn> net_buf: Timeout discarded. No blocking in syswq
[00:00:13.766,967] <wrn> net_buf: Timeout discarded. No blocking in syswq
[00:00:18.651,641] <wrn> net_buf: Timeout discarded. No blocking in syswq
[00:00:18.651,794] <wrn> net_buf: Timeout discarded. No blocking in syswq
[00:00:18.652,069] <wrn> net_buf: Timeout discarded. No blocking in syswq
[00:00:18.652,252] <wrn> net_buf: Timeout discarded. No blocking in syswq
[00:00:18.652,465] <wrn> net_buf: Timeout discarded. No blocking in syswq
[00:00:18.652,923] <wrn> net_buf: Timeout discarded. No blocking in syswq
[00:00:18.653,167] <wrn> net_buf: Timeout discarded. No blocking in syswq
[00:00:18.710,235] <wrn> net_buf: Timeout discarded. No blocking in syswq
[00:00:18.710,418] <wrn> net_buf: Timeout discarded. No blocking in syswq
[00:00:18.710,662] <wrn> net_buf: Timeout discarded. No blocking in syswq
[00:00:18.759,643] <wrn> net_buf: Timeout discarded. No blocking in syswq
[00:00:18.759,826] <wrn> net_buf: Timeout discarded. No blocking in syswq
[00:00:18.760,009] <wrn> net_buf: Timeout discarded. No blocking in syswq
[00:00:18.760,223] <wrn> net_buf: Timeout discarded. No blocking in syswq
[00:00:18.760,498] <wrn> net_buf: Timeout discarded. No blocking in syswq
[00:00:23.652,435] <wrn> net_buf: Timeout discarded. No blocking in syswq
[00:00:23.652,587] <wrn> net_buf: Timeout discarded. No blocking in syswq
[00:00:23.652,862] <wrn> net_buf: Timeout discarded. No blocking in syswq
[00:00:23.653,045] <wrn> net_buf: Timeout discarded. No blocking in syswq
[00:00:23.653,259] <wrn> net_buf: Timeout discarded. No blocking in syswq
[00:00:23.653,686] <wrn> net_buf: Timeout discarded. No blocking in syswq
[00:00:23.653,930] <wrn> net_buf: Timeout discarded. No blocking in syswq
[00:00:23.702,392] <wrn> net_buf: Timeout discarded. No blocking in syswq
[00:00:23.702,575] <wrn> net_buf: Timeout discarded. No blocking in syswq
[00:00:23.702,819] <wrn> net_buf: Timeout discarded. No blocking in syswq
[00:00:23.754,821] <wrn> net_buf: Timeout discarded. No blocking in syswq
[00:00:23.755,004] <wrn> net_buf: Timeout discarded. No blocking in syswq
[00:00:23.755,187] <wrn> net_buf: Timeout discarded. No blocking in syswq
[00:00:23.755,401] <wrn> net_buf: Timeout discarded. No blocking in syswq
[00:00:23.755,676] <wrn> net_buf: Timeout discarded. No blocking in syswq
[00:00:28.653,228] <wrn> net_buf: Timeout discarded. No blocking in syswq
[00:00:28.653,381] <wrn> net_buf: Timeout discarded. No blocking in syswq
[00:00:28.653,656] <wrn> net_buf: Timeout discarded. No blocking in syswq
[00:00:28.653,839] <wrn> net_buf: Timeout discarded. No blocking in syswq
[00:00:28.654,052] <wrn> net_buf: Timeout discarded. No blocking in syswq
[00:00:28.654,418] <wrn> net_buf: Timeout discarded. No blocking in syswq
[00:00:28.654,663] <wrn> net_buf: Timeout discarded. No blocking in syswq
[00:00:28.706,878] <wrn> net_buf: Timeout discarded. No blocking in syswq
[00:00:28.707,061] <wrn> net_buf: Timeout discarded. No blocking in syswq
[00:00:28.707,305] <wrn> net_buf: Timeout discarded. No blocking in syswq
[00:00:28.759,643] <wrn> net_buf: Timeout discarded. No blocking in syswq
[00:00:28.759,826] <wrn> net_buf: Timeout discarded. No blocking in syswq
[00:00:28.760,009] <wrn> net_buf: Timeout discarded. No blocking in syswq
[00:00:28.760,223] <wrn> net_buf: Timeout discarded. No blocking in syswq
[00:00:28.760,498] <wrn> net_buf: Timeout discarded. No blocking in syswq
[00:00:33.654,022] <wrn> net_buf: Timeout discarded. No blocking in syswq
[00:00:33.654,144] <wrn> net_buf: Timeout discarded. No blocking in syswq
[00:00:33.654,449] <wrn> net_buf: Timeout discarded. No blocking in syswq
[00:00:33.654,632] <wrn> net_buf: Timeout discarded. No blocking in syswq
[00:00:33.654,846] <wrn> net_buf: Timeout discarded. No blocking in syswq
[00:00:33.655,364] <wrn> net_buf: Timeout discarded. No blocking in syswq
[00:00:33.655,609] <wrn> net_buf: Timeout discarded. No blocking in syswq
[00:00:33.716,064] <wrn> net_buf: Timeout discarded. No blocking in syswq
[00:00:33.716,247] <wrn> net_buf: Timeout discarded. No blocking in syswq
[00:00:33.716,491] <wrn> net_buf: Timeout discarded. No blocking in syswq
[00:00:33.769,195] <wrn> net_buf: Timeout discarded. No blocking in syswq
[00:00:33.769,378] <wrn> net_buf: Timeout discarded. No blocking in syswq
[00:00:33.769,561] <wrn> net_buf: Timeout discarded. No blocking in syswq
[00:00:33.769,775] <wrn> net_buf: Timeout discarded. No blocking in syswq
[00:00:33.770,050] <wrn> net_buf: Timeout discarded. No blocking in syswq
[00:00:38.654,815] <wrn> net_buf: Timeout discarded. No blocking in syswq
[00:00:38.654,968] <wrn> net_buf: Timeout discarded. No blocking in syswq
[00:00:38.655,242] <wrn> net_buf: Timeout discarded. No blocking in syswq
[00:00:38.655,426] <wrn> net_buf: Timeout discarded. No blocking in syswq
[00:00:38.655,639] <wrn> net_buf: Timeout discarded. No blocking in syswq
[00:00:38.655,975] <wrn> net_buf: Timeout discarded. No blocking in syswq
[00:00:38.656,250] <wrn> net_buf: Timeout discarded. No blocking in syswq
[00:00:38.712,921] <wrn> net_buf: Timeout discarded. No blocking in syswq
[00:00:38.713,104] <wrn> net_buf: Timeout discarded. No blocking in syswq
[00:00:38.713,348] <wrn> net_buf: Timeout discarded. No blocking in syswq
[00:00:38.758,514] <wrn> net_buf: Timeout discarded. No blocking in syswq
[00:00:38.758,697] <wrn> net_buf: Timeout discarded. No blocking in syswq
[00:00:38.758,880] <wrn> net_buf: Timeout discarded. No blocking in syswq
[00:00:38.759,094] <wrn> net_buf: Timeout discarded. No blocking in syswq
[00:00:38.759,368] <wrn> net_buf: Timeout discarded. No blocking in syswq
[00:00:43.655,609] <wrn> net_buf: Timeout discarded. No blocking in syswq
[00:00:43.655,761] <wrn> net_buf: Timeout discarded. No blocking in syswq
[00:00:43.656,036] <wrn> net_buf: Timeout discarded. No blocking in syswq
[00:00:43.656,219] <wrn> net_buf: Timeout discarded. No blocking in syswq
[00:00:43.656,433] <wrn> net_buf: Timeout discarded. No blocking in syswq
[00:00:43.656,982] <wrn> net_buf: Timeout discarded. No blocking in syswq
[00:00:43.657,226] <wrn> net_buf: Timeout discarded. No blocking in syswq
[00:00:43.719,512] <wrn> net_buf: Timeout discarded. No blocking in syswq
[00:00:43.719,696] <wrn> net_buf: Timeout discarded. No blocking in syswq
[00:00:43.719,940] <wrn> net_buf: Timeout discarded. No blocking in syswq
[00:00:43.779,541] <wrn> net_buf: Timeout discarded. No blocking in syswq
[00:00:43.779,724] <wrn> net_buf: Timeout discarded. No blocking in syswq
[00:00:43.779,907] <wrn> net_buf: Timeout discarded. No blocking in syswq
[00:00:43.780,120] <wrn> net_buf: Timeout discarded. No blocking in syswq
[00:00:43.780,395] <wrn> net_buf: Timeout discarded. No blocking in syswq
[00:00:48.656,524] <wrn> net_buf: Timeout discarded. No blocking in syswq
[00:00:48.656,646] <wrn> net_buf: Timeout discarded. No blocking in syswq
[00:00:48.656,921] <wrn> net_buf: Timeout discarded. No blocking in syswq
[00:00:48.657,104] <wrn> net_buf: Timeout discarded. No blocking in syswq
[00:00:48.657,318] <wrn> net_buf: Timeout discarded. No blocking in syswq
[00:00:48.657,653] <wrn> net_buf: Timeout discarded. No blocking in syswq
[00:00:48.657,897] <wrn> net_buf: Timeout discarded. No blocking in syswq
[00:00:48.711,151] <wrn> net_buf: Timeout discarded. No blocking in syswq
[00:00:48.711,334] <wrn> net_buf: Timeout discarded. No blocking in syswq
[00:00:48.711,578] <wrn> net_buf: Timeout discarded. No blocking in syswq
[00:00:48.768,432] <wrn> net_buf: Timeout discarded. No blocking in syswq
[00:00:48.768,615] <wrn> net_buf: Timeout discarded. No blocking in syswq
[00:00:48.768,798] <wrn> net_buf: Timeout discarded. No blocking in syswq
[00:00:48.769,012] <wrn> net_buf: Timeout discarded. No blocking in syswq
[00:00:48.769,287] <wrn> net_buf: Timeout discarded. No blocking in syswq
[00:00:53.657,287] <wrn> net_buf: Timeout discarded. No blocking in syswq
[00:00:53.657,409] <wrn> net_buf: Timeout discarded. No blocking in syswq
[00:00:53.657,714] <wrn> net_buf: Timeout discarded. No blocking in syswq
[00:00:53.657,897] <wrn> net_buf: Timeout discarded. No blocking in syswq
[00:00:53.658,111] <wrn> net_buf: Timeout discarded. No blocking in syswq
[00:00:53.658,477] <wrn> net_buf: Timeout discarded. No blocking in syswq
[00:00:53.658,721] <wrn> net_buf: Timeout discarded. No blocking in syswq
[00:00:53.709,320] <wrn> net_buf: Timeout discarded. No blocking in syswq
[00:00:53.709,503] <wrn> net_buf: Timeout discarded. No blocking in syswq
[00:00:53.709,747] <wrn> net_buf: Timeout discarded. No blocking in syswq
[00:00:53.768,127] <wrn> net_buf: Timeout discarded. No blocking in syswq
[00:00:53.768,310] <wrn> net_buf: Timeout discarded. No blocking in syswq
[00:00:53.768,493] <wrn> net_buf: Timeout discarded. No blocking in syswq
[00:00:53.768,707] <wrn> net_buf: Timeout discarded. No blocking in syswq
[00:00:53.768,981] <wrn> net_buf: Timeout discarded. No blocking in syswq
[00:00:58.658,081] <wrn> net_buf: Timeout discarded. No blocking in syswq
[00:00:58.658,233] <wrn> net_buf: Timeout discarded. No blocking in syswq
[00:00:58.658,508] <wrn> net_buf: Timeout discarded. No blocking in syswq
[00:00:58.658,691] <wrn> net_buf: Timeout discarded. No blocking in syswq
[00:00:58.658,905] <wrn> net_buf: Timeout discarded. No blocking in syswq
[00:00:58.659,271] <wrn> net_buf: Timeout discarded. No blocking in syswq
[00:00:58.659,515] <wrn> net_buf: Timeout discarded. No blocking in syswq
[00:00:58.714,752] <wrn> net_buf: Timeout discarded. No blocking in syswq
[00:00:58.714,935] <wrn> net_buf: Timeout discarded. No blocking in syswq
[00:00:58.715,179] <wrn> net_buf: Timeout discarded. No blocking in syswq
[00:00:58.776,519] <wrn> net_buf: Timeout discarded. No blocking in syswq
[00:00:58.776,702] <wrn> net_buf: Timeout discarded. No blocking in syswq
[00:00:58.776,916] <wrn> net_buf: Timeout discarded. No blocking in syswq
[00:00:58.777,160] <wrn> net_buf: Timeout discarded. No blocking in syswq
[00:00:58.777,465] <wrn> net_buf: Timeout discarded. No blocking in syswq
[00:01:03.658,874] <wrn> net_buf: Timeout discarded. No blocking in syswq
[00:01:03.659,027] <wrn> net_buf: Timeout discarded. No blocking in syswq
[00:01:03.659,301] <wrn> net_buf: Timeout discarded. No blocking in syswq
[00:01:03.659,484] <wrn> net_buf: Timeout discarded. No blocking in syswq
[00:01:03.659,698] <wrn> net_buf: Timeout discarded. No blocking in syswq
[00:01:03.660,156] <wrn> net_buf: Timeout discarded. No blocking in syswq
[00:01:03.660,400] <wrn> net_buf: Timeout discarded. No blocking in syswq
[00:01:03.713,226] <wrn> net_buf: Timeout discarded. No blocking in syswq
[00:01:03.713,409] <wrn> net_buf: Timeout discarded. No blocking in syswq
[00:01:03.713,653] <wrn> net_buf: Timeout discarded. No blocking in syswq
[00:01:03.763,580] <wrn> net_buf: Timeout discarded. No blocking in syswq
[00:01:03.763,763] <wrn> net_buf: Timeout discarded. No blocking in syswq
[00:01:03.763,946] <wrn> net_buf: Timeout discarded. No blocking in syswq
[00:01:03.764,160] <wrn> net_buf: Timeout discarded. No blocking in syswq
[00:01:03.764,434] <wrn> net_buf: Timeout discarded. No blocking in syswq
[00:01:08.659,667] <wrn> net_buf: Timeout discarded. No blocking in syswq
[00:01:08.659,820] <wrn> net_buf: Timeout discarded. No blocking in syswq
[00:01:08.660,095] <wrn> net_buf: Timeout discarded. No blocking in syswq
[00:01:08.660,278] <wrn> net_buf: Timeout discarded. No blocking in syswq
[00:01:08.660,491] <wrn> net_buf: Timeout discarded. No blocking in syswq
[00:01:08.660,858] <wrn> net_buf: Timeout discarded. No blocking in syswq
[00:01:08.661,102] <wrn> net_buf: Timeout discarded. No blocking in syswq
[00:01:08.717,895] <wrn> net_buf: Timeout discarded. No blocking in syswq
[00:01:08.718,078] <wrn> net_buf: Timeout discarded. No blocking in syswq
[00:01:08.718,322] <wrn> net_buf: Timeout discarded. No blocking in syswq
[00:01:08.764,404] <wrn> net_buf: Timeout discarded. No blocking in syswq
[00:01:08.764,587] <wrn> net_buf: Timeout discarded. No blocking in syswq
[00:01:08.764,770] <wrn> net_buf: Timeout discarded. No blocking in syswq
[00:01:08.764,984] <wrn> net_buf: Timeout discarded. No blocking in syswq
[00:01:08.765,258] <wrn> net_buf: Timeout discarded. No blocking in syswq
[00:01:13.540,252] <wrn> net_buf: Timeout discarded. No blocking in syswq
[00:01:13.540,435] <wrn> net_buf: Timeout discarded. No blocking in syswq
[00:01:13.540,649] <wrn> net_buf: Timeout discarded. No blocking in syswq
[00:01:13.540,832] <wrn> net_buf: Timeout discarded. No blocking in syswq
[00:01:13.541,137] <wrn> net_buf: Timeout discarded. No blocking in syswq
[00:01:13.545,776] <wrn> net_buf: Timeout discarded. No blocking in syswq
[00:01:13.545,959] <wrn> net_buf: Timeout discarded. No blocking in syswq
[00:01:13.546,173] <wrn> net_buf: Timeout discarded. No blocking in syswq
[00:01:13.546,356] <wrn> net_buf: Timeout discarded. No blocking in syswq
[00:01:13.546,661] <wrn> net_buf: Timeout discarded. No blocking in syswq
[00:01:13.551,300] <wrn> net_buf: Timeout discarded. No blocking in syswq
[00:01:13.551,483] <wrn> net_buf: Timeout discarded. No blocking in syswq
[00:01:13.551,696] <wrn> net_buf: Timeout discarded. No blocking in syswq
[00:01:13.551,879] <wrn> net_buf: Timeout discarded. No blocking in syswq
[00:01:13.552,185] <wrn> net_buf: Timeout discarded. No blocking in syswq
[00:01:13.556,823] <wrn> net_buf: Timeout discarded. No blocking in syswq
[00:01:13.557,006] <wrn> net_buf: Timeout discarded. No blocking in syswq
[00:01:13.557,220] <wrn> net_buf: Timeout discarded. No blocking in syswq
[00:01:13.557,403] <wrn> net_buf: Timeout discarded. No blocking in syswq
[00:01:13.557,708] <wrn> net_buf: Timeout discarded. No blocking in syswq
[00:01:13.562,347] <wrn> net_buf: Timeout discarded. No blocking in syswq
[00:01:13.562,530] <wrn> net_buf: Timeout discarded. No blocking in syswq
[00:01:13.562,744] <wrn> net_buf: Timeout discarded. No blocking in syswq
[00:01:13.562,988] <wrn> net_buf: Timeout discarded. No blocking in syswq
[00:01:13.563,293] <wrn> net_buf: Timeout discarded. No blocking in syswq
[00:01:13.567,932] <wrn> net_buf: Timeout discarded. No blocking in syswq
[00:01:13.568,115] <wrn> net_buf: Timeout discarded. No blocking in syswq
[00:01:13.568,328] <wrn> net_buf: Timeout discarded. No blocking in syswq
[00:01:13.568,511] <wrn> net_buf: Timeout discarded. No blocking in syswq
[00:01:13.568,817] <wrn> net_buf: Timeout discarded. No blocking in syswq
[00:01:13.573,455] <wrn> net_buf: Timeout discarded. No blocking in syswq
[00:01:13.573,638] <wrn> net_buf: Timeout discarded. No blocking in syswq
[00:01:13.573,852] <wrn> net_buf: Timeout discarded. No blocking in syswq
[00:01:13.574,035] <wrn> net_buf: Timeout discarded. No blocking in syswq
[00:01:13.574,340] <wrn> net_buf: Timeout discarded. No blocking in syswq
[00:01:13.578,979] <wrn> net_buf: Timeout discarded. No blocking in syswq
[00:01:13.579,162] <wrn> net_buf: Timeout discarded. No blocking in syswq
[00:01:13.579,376] <wrn> net_buf: Timeout discarded. No blocking in syswq
[00:01:13.579,559] <wrn> net_buf: Timeout discarded. No blocking in syswq
[00:01:13.579,864] <wrn> net_buf: Timeout discarded. No blocking in syswq
[00:01:13.584,503] <wrn> net_buf: Timeout discarded. No blocking in syswq
[00:01:13.584,686] <wrn> net_buf: Timeout discarded. No blocking in syswq
[00:01:13.584,899] <wrn> net_buf: Timeout discarded. No blocking in syswq
[00:01:13.585,083] <wrn> net_buf: Timeout discarded. No blocking in syswq
[00:01:13.585,388] <wrn> net_buf: Timeout discarded. No blocking in syswq
[00:01:13.590,026] <wrn> net_buf: Timeout discarded. No blocking in syswq
[00:01:13.590,209] <wrn> net_buf: Timeout discarded. No blocking in syswq
[00:01:13.590,423] <wrn> net_buf: Timeout discarded. No blocking in syswq
[00:01:13.590,606] <wrn> net_buf: Timeout discarded. No blocking in syswq
[00:01:13.590,911] <wrn> net_buf: Timeout discarded. No blocking in syswq
[00:01:13.595,550] <wrn> net_buf: Timeout discarded. No blocking in syswq
[00:01:13.595,733] <wrn> net_buf: Timeout discarded. No blocking in syswq
[00:01:13.595,947] <wrn> net_buf: Timeout discarded. No blocking in syswq
[00:01:13.596,191] <wrn> net_buf: Timeout discarded. No blocking in syswq
[00:01:13.596,496] <wrn> net_buf: Timeout discarded. No blocking in syswq
[00:01:13.601,135] <wrn> net_buf: Timeout discarded. No blocking in syswq
[00:01:13.601,318] <wrn> net_buf: Timeout discarded. No blocking in syswq
[00:01:13.601,531] <wrn> net_buf: Timeout discarded. No blocking in syswq
[00:01:13.601,715] <wrn> net_buf: Timeout discarded. No blocking in syswq
[00:01:13.602,020] <wrn> net_buf: Timeout discarded. No blocking in syswq
[00:01:13.606,658] <wrn> net_buf: Timeout discarded. No blocking in syswq
[00:01:13.606,842] <wrn> net_buf: Timeout discarded. No blocking in syswq
[00:01:13.607,055] <wrn> net_buf: Timeout discarded. No blocking in syswq
[00:01:13.607,238] <wrn> net_buf: Timeout discarded. No blocking in syswq
[00:01:13.607,543] <wrn> net_buf: Timeout discarded. No blocking in syswq
[00:01:13.612,182] <wrn> net_buf: Timeout discarded. No blocking in syswq
[00:01:13.612,365] <wrn> net_buf: Timeout discarded. No blocking in syswq
[00:01:13.612,579] <wrn> net_buf: Timeout discarded. No blocking in syswq
[00:01:13.612,762] <wrn> net_buf: Timeout discarded. No blocking in syswq
[00:01:13.613,067] <wrn> net_buf: Timeout discarded. No blocking in syswq
[00:01:13.617,706] <wrn> net_buf: Timeout discarded. No blocking in syswq
[00:01:13.617,889] <wrn> net_buf: Timeout discarded. No blocking in syswq
[00:01:13.618,103] <wrn> net_buf: Timeout discarded. No blocking in syswq
[00:01:13.618,286] <wrn> net_buf: Timeout discarded. No blocking in syswq
[00:01:13.618,591] <wrn> net_buf: Timeout discarded. No blocking in syswq
[00:01:13.623,229] <wrn> net_buf: Timeout discarded. No blocking in syswq
[00:01:13.623,413] <wrn> net_buf: Timeout discarded. No blocking in syswq
[00:01:13.623,626] <wrn> net_buf: Timeout discarded. No blocking in syswq
[00:01:13.623,809] <wrn> net_buf: Timeout discarded. No blocking in syswq
[00:01:13.624,114] <wrn> net_buf: Timeout discarded. No blocking in syswq
[00:01:13.628,753] <wrn> net_buf: Timeout discarded. No blocking in syswq
[00:01:13.628,936] <wrn> net_buf: Timeout discarded. No blocking in syswq
[00:01:13.629,150] <wrn> net_buf: Timeout discarded. No blocking in syswq
[00:01:13.629,394] <wrn> net_buf: Timeout discarded. No blocking in syswq
[00:01:13.629,699] <wrn> net_buf: Timeout discarded. No blocking in syswq
[00:01:13.634,338] <wrn> net_buf: Timeout discarded. No blocking in syswq
[00:01:13.634,521] <wrn> net_buf: Timeout discarded. No blocking in syswq
[00:01:13.634,735] <wrn> net_buf: Timeout discarded. No blocking in syswq
[00:01:13.634,918] <wrn> net_buf: Timeout discarded. No blocking in syswq
[00:01:13.635,223] <wrn> net_buf: Timeout discarded. No blocking in syswq
[00:01:13.639,862] <wrn> net_buf: Timeout discarded. No blocking in syswq
[00:01:13.640,045] <wrn> net_buf: Timeout discarded. No blocking in syswq
[00:01:13.640,258] <wrn> net_buf: Timeout discarded. No blocking in syswq
[00:01:13.640,441] <wrn> net_buf: Timeout discarded. No blocking in syswq
[00:01:13.640,747] <wrn> net_buf: Timeout discarded. No blocking in syswq
[00:01:13.645,385] <wrn> net_buf: Timeout discarded. No blocking in syswq
[00:01:13.645,568] <wrn> net_buf: Timeout discarded. No blocking in syswq
[00:01:13.645,782] <wrn> net_buf: Timeout discarded. No blocking in syswq
[00:01:13.645,965] <wrn> net_buf: Timeout discarded. No blocking in syswq
[00:01:13.646,270] <wrn> net_buf: Timeout discarded. No blocking in syswq
[00:01:13.650,909] <wrn> net_buf: Timeout discarded. No blocking in syswq
[00:01:13.651,123] <wrn> net_buf: Timeout discarded. No blocking in syswq
[00:01:13.651,306] <wrn> net_buf: Timeout discarded. No blocking in syswq
[00:01:13.651,489] <wrn> net_buf: Timeout discarded. No blocking in syswq
[00:01:13.651,794] <wrn> net_buf: Timeout discarded. No blocking in syswq
[00:01:13.660,461] <wrn> net_buf: Timeout discarded. No blocking in syswq
[00:01:13.660,614] <wrn> net_buf: Timeout discarded. No blocking in syswq
[00:01:13.660,888] <wrn> net_buf: Timeout discarded. No blocking in syswq
[00:01:13.661,071] <wrn> net_buf: Timeout discarded. No blocking in syswq
[00:01:13.661,285] <wrn> net_buf: Timeout discarded. No blocking in syswq
[00:01:13.661,651] <wrn> net_buf: Timeout discarded. No blocking in syswq
[00:01:13.661,895] <wrn> net_buf: Timeout discarded. No blocking in syswq
[00:01:13.712,188] <wrn> net_buf: Timeout discarded. No blocking in syswq
[00:01:13.712,371] <wrn> net_buf: Timeout discarded. No blocking in syswq
[00:01:13.712,615] <wrn> net_buf: Timeout discarded. No blocking in syswq
[00:01:13.761,383] <wrn> net_buf: Timeout discarded. No blocking in syswq
[00:01:13.761,566] <wrn> net_buf: Timeout discarded. No blocking in syswq
[00:01:13.761,749] <wrn> net_buf: Timeout discarded. No blocking in syswq
[00:01:13.761,962] <wrn> net_buf: Timeout discarded. No blocking in syswq
[00:01:13.762,237] <wrn> net_buf: Timeout discarded. No blocking in syswq
[00:01:18.661,254] <wrn> net_buf: Timeout discarded. No blocking in syswq
[00:01:18.661,407] <wrn> net_buf: Timeout discarded. No blocking in syswq
[00:01:18.661,682] <wrn> net_buf: Timeout discarded. No blocking in syswq
[00:01:18.661,865] <wrn> net_buf: Timeout discarded. No blocking in syswq
[00:01:18.662,078] <wrn> net_buf: Timeout discarded. No blocking in syswq
[00:01:18.662,414] <wrn> net_buf: Timeout discarded. No blocking in syswq
[00:01:18.662,658] <wrn> net_buf: Timeout discarded. No blocking in syswq
[00:01:18.725,189] <wrn> net_buf: Timeout discarded. No blocking in syswq
[00:01:18.725,372] <wrn> net_buf: Timeout discarded. No blocking in syswq
[00:01:18.725,616] <wrn> net_buf: Timeout discarded. No blocking in syswq
[00:01:18.779,602] <wrn> net_buf: Timeout discarded. No blocking in syswq
[00:01:18.779,785] <wrn> net_buf: Timeout discarded. No blocking in syswq
[00:01:18.779,998] <wrn> net_buf: Timeout discarded. No blocking in syswq
[00:01:18.780,181] <wrn> net_buf: Timeout discarded. No blocking in syswq
[00:01:18.780,456] <wrn> net_buf: Timeout discarded. No blocking in syswq
[00:01:23.662,048] <wrn> net_buf: Timeout discarded. No blocking in syswq
[00:01:23.662,170] <wrn> net_buf: Timeout discarded. No blocking in syswq
[00:01:23.662,475] <wrn> net_buf: Timeout discarded. No blocking in syswq
[00:01:23.662,658] <wrn> net_buf: Timeout discarded. No blocking in syswq
[00:01:23.662,872] <wrn> net_buf: Timeout discarded. No blocking in syswq
[00:01:23.663,177] <wrn> net_buf: Timeout discarded. No blocking in syswq
[00:01:23.663,421] <wrn> net_buf: Timeout discarded. No blocking in syswq
[00:01:23.718,322] <wrn> net_buf: Timeout discarded. No blocking in syswq
[00:01:23.718,505] <wrn> net_buf: Timeout discarded. No blocking in syswq
[00:01:23.718,750] <wrn> net_buf: Timeout discarded. No blocking in syswq
