> 2024/02/23 23:35:09.699201  length=6 from=0 to=5
 00 03 ff 01 00 01                                ......
--
< 2024/02/23 23:35:09.709236  length=4 from=0 to=3
 00 03 ff 00                                      ....
--
< 2024/02/23 23:35:09.732133  length=1 from=4 to=4
 00                                               .
--
> 2024/02/23 23:35:09.858956  length=5 from=6 to=10
 01 03 00 00 00                                   .....
--
< 2024/02/23 23:35:09.985167  length=81 from=5 to=85
 01 03 00 15 01 c8 04 09 c0 ec d7 13 06 02 00 13  ................
 82 00 00 00 00 00 62 74 70 5f 74 65 73 74 65 72  ......btp_tester
 00 00 00 00 00 00 00 00 00 00 00 00 00 00 00 00  ................
 00 00 00 00 00 00 00 00 00 00 00 00 00 00 00 00  ................
 00 00 00 00 00 00 00 00 00 00 00 00 00 00 00 00  ................
 00                                               .
--
< 2024/02/23 23:35:09.987281  length=23 from=86 to=108
 00 00 00 00 00 00 00 00 00 00 00 00 00 00 00 00  ................
 00 00 00 00 00 00 00                             .......
--
< 2024/02/23 23:35:10.001225  length=162 from=109 to=270
 00 00 00 00 00 00 00 00 00 00 00 00 00 00 00 00  ................
 00 00 00 00 00 00 00 00 00 00 00 00 00 00 00 00  ................
 00 00 00 00 00 00 00 00 00 00 00 00 00 00 00 00  ................
 00 00 00 00 00 00 00 00 00 00 00 00 00 00 00 00  ................
 00 00 00 00 00 00 00 00 00 00 00 00 00 00 00 00  ................
 00 00 00 00 00 00 00 00 00 00 00 00 00 00 00 00  ................
 00 00 00 00 00 00 00 00 00 00 00 00 00 00 00 00  ................
 00 00 00 00 00 00 00 00 00 00 00 00 00 00 00 00  ................
 00 00 00 00 00 00 00 00 00 00 00 00 00 00 00 00  ................
 00 00 00 00 00 00 00 00 00 00 00 00 00 00 00 00  ................
 00 00                                            ..
--
< 2024/02/23 23:35:10.003366  length=16 from=271 to=286
 00 00 00 00 00 00 00 00 00 00 00 00 00 00 00 00  ................
--
> 2024/02/23 23:35:10.126954  length=6 from=11 to=16
 01 10 00 01 00 02                                ......
--
< 2024/02/23 23:35:10.143104  length=5 from=287 to=291
 01 10 00 00 00                                   .....
--
> 2024/02/23 23:35:16.287258  length=13 from=17 to=29
 01 0e 00 08 00 00 ee 1d 10 e8 07 c0 00           .............
--
< 2024/02/23 23:35:16.303470  length=5 from=292 to=296
 01 0e 00 00 00                                   .....
--
< 2024/02/23 23:35:16.383427  length=18 from=297 to=314
 01 82 00 0d 00 00 ee 1d 10 e8 07 c0 28 00 00 00  ............(...
 90 01                                            ..
--
> 2024/02/23 23:35:17.602688  length=12 from=30 to=41
 01 11 00 07 00 00 ee 1d 10 e8 07 c0              ............
--
< 2024/02/23 23:35:17.617852  length=5 from=315 to=319
 01 11 00 00 00                                   .....
--
< 2024/02/23 23:35:18.381589  length=13 from=320 to=332
 01 89 00 08 00 00 ee 1d 10 e8 07 c0 02           .............
--
> 2024/02/23 23:35:18.723566  length=12 from=42 to=53
 01 0f 00 07 00 00 ee 1d 10 e8 07 c0              ............
--
< 2024/02/23 23:35:18.739758  length=17 from=333 to=349
 01 0f 00 00 00 01 83 00 07 00 00 ee 1d 10 e8 07  ................
 c0                                               .
--
< 2024/02/23 23:35:23.351362  length=5 from=350 to=354
 00 80 ff 00 00                                   .....
--
