00:13:51:328    < BTP_CORE_EV_IUT_READY (0x00|0x80|0xff)
                  raw data (0): 00 80 ff 00 00|
00:13:51:429    > BTP_CORE_CMD_REGISTER_SERVICE (0x00|0x03|0xff)
                  raw data (1): 00 03 ff 01 00|01
00:13:51:814    < BTP_CORE_CMD_REGISTER_SERVICE (0x00|0x03|0xff)
                  raw data (0): 00 03 ff 00 00|
00:13:51:825    > BTP_GAP_CMD_READ_SUPPORTED_COMMANDS (0x01|0x01|0xff)
                  raw data (0): 01 01 ff 00 00|
00:13:51:875    < BTP_GAP_CMD_READ_SUPPORTED_COMMANDS (0x01|0x01|0xff)
                  raw data (7): 01 01 ff 07 00|6e ff 7f 1f fe f7 0e
00:13:51:886    > BTP_CORE_CMD_REGISTER_SERVICE (0x00|0x03|0xff)
                  raw data (2): 00 03 ff 01 00|02
00:13:51:924    < BTP_CORE_CMD_REGISTER_SERVICE (0x00|0x03|0xff)
                  raw data (0): 00 03 ff 00 00|
00:13:51:935    > BTP_GATT_CMD_READ_SUPPORTED_COMMANDS (0x02|0x01|0xff)
                  raw data (0): 02 01 ff 00 00|
00:13:51:985    < BTP_GATT_CMD_READ_SUPPORTED_COMMANDS (0x02|0x01|0xff)
                  raw data (5): 02 01 ff 05 00|fe fe bf fd 0f
00:13:51:995    > BTP_GAP_CMD_READ_CONTROLLER_INFO (0x01|0x03|0x00)
                  raw data (0): 01 03 00 00 00|
00:13:52:060    < BTP_GAP_CMD_READ_CONTROLLER_INFO (0x01|0x03|0x00)
                  raw data (277): 
                  01 03 00 15 01|3b db 31 cc b6 d5 13 06 02 00 13 
                  82 00 00 00 00 00 62 74 70 5f 74 65 73 74 65 72 
                  00 00 00 00 00 00 00 00 00 00 00 00 00 00 00 00 
                  00 00 00 00 00 00 00 00 00 00 00 00 00 00 00 00 
                  00 00 00 00 00 00 00 00 00 00 00 00 00 00 00 00 
                  00 00 00 00 00 00 00 00 00 00 00 00 00 00 00 00 
                  00 00 00 00 00 00 00 00 00 00 00 00 00 00 00 00 
                  00 00 00 00 00 00 00 00 00 00 00 00 00 00 00 00 
                  00 00 00 00 00 00 00 00 00 00 00 00 00 00 00 00 
                  00 00 00 00 00 00 00 00 00 00 00 00 00 00 00 00 
                  00 00 00 00 00 00 00 00 00 00 00 00 00 00 00 00 
                  00 00 00 00 00 00 00 00 00 00 00 00 00 00 00 00 
                  00 00 00 00 00 00 00 00 00 00 00 00 00 00 00 00 
                  00 00 00 00 00 00 00 00 00 00 00 00 00 00 00 00 
                  00 00 00 00 00 00 00 00 00 00 00 00 00 00 00 00 
                  00 00 00 00 00 00 00 00 00 00 00 00 00 00 00 00 
                  00 00 00 00 00 00 00 00 00 00 00 00 00 00 00 00 
                  00 00 00 00 00 00 00 00 00 00
00:13:52:064    > BTP_GAP_CMD_SET_IO_CAP (0x01|0x10|0x00)
                  raw data (1): 01 10 00 01 00|00
00:13:52:084    < BTP_GAP_CMD_SET_IO_CAP (0x01|0x10|0x00)
                  raw data (0): 01 10 00 00 00|
00:13:52:085    > BTP_GAP_CMD_SET_DISCOVERABLE (0x01|0x08|0x00)
                  raw data (1): 01 08 00 01 00|01
00:13:52:135    < BTP_GAP_CMD_SET_DISCOVERABLE (0x01|0x08|0x00)
                  raw data (4): 01 08 00 04 00|1b 82 00 00
00:13:52:145    > BTP_CORE_CMD_REGISTER_SERVICE (0x00|0x03|0xff)
                  raw data (22): 00 03 ff 01 00|16
00:13:52:184    < BTP_CORE_CMD_REGISTER_SERVICE (0x00|0x03|0xff)
                  raw data (0): 00 03 ff 00 00|
00:13:52:195    > BTP_MCP_CMD_READ_SUPPORTED_COMMANDS (0x16|0x01|0xff)
                  raw data (0): 16 01 ff 00 00|
00:13:52:250    < BTP_MCP_CMD_READ_SUPPORTED_COMMANDS (0x16|0x01|0xff)
                  raw data (4): 16 01 ff 04 00|fe ff ff 03
00:13:54:266    > BTP_GAP_CMD_CONNECT (0x01|0x0e|0x00)
                  raw data (8): 01 0e 00 08 00|00 1a b1 f6 ff a9 df 00
00:13:54:304    < BTP_GAP_CMD_CONNECT (0x01|0x0e|0x00)
                  raw data (0): 01 0e 00 00 00|
00:13:54:334    < BTP_GAP_EV_DEVICE_CONNECTED (0x01|0x82|0x00)
                  raw data (13): 
                  01 82 00 0d 00|00 1a b1 f6 ff a9 df 38 00 00 00 
                  90 01
00:13:56:735    < BTP_GAP_EV_ENCRYPTION_CHANGE (0x01|0x91|0x00)
                  raw data (9): 01 91 00 09 00|00 1a b1 f6 ff a9 df 01 10
00:13:56:738    < BTP_GAP_EV_SEC_LEVEL_CHANGED (0x01|0x89|0x00)
                  raw data (8): 01 89 00 08 00|00 1a b1 f6 ff a9 df 02
00:13:57:816    > BTP_MCP_CMD_DISCOVERY (0x16|0x02|0x00)
                  raw data (7): 16 02 00 07 00|00 1a b1 f6 ff a9 df
00:13:57:834    < BTP_MCP_CMD_DISCOVERY (0x16|0x02|0x00)
                  raw data (0): 16 02 00 00 00|
00:14:05:196    < BTP_MCP_EV_DISCOVERED (0x16|0x80|0x00)
                  raw data (72): 
                  16 80 00 48 00|00 1a b1 f6 ff a9 df 00 23 01 26 
                  01 28 01 2a 01 2d 01 30 01 33 01 36 01 39 01 3c 
                  01 3e 01 41 01 44 01 5d 01 47 01 4a 01 4c 01 4f 
                  01 52 01 55 01 58 01 5b 01 72 01 74 01 76 01 78 
                  01 7e 01 00 00 00 00 80 01 82 01 85 01
00:14:06:263    > BTP_MCP_CMD_DISCOVERY (0x16|0x02|0x00)
                  raw data (7): 16 02 00 07 00|00 1a b1 f6 ff a9 df
00:14:07:265    < BTP_MCP_CMD_DISCOVERY (0x16|0x02|0x00)
                  raw data (0): 16 02 00 00 00|
00:14:16:198    < BTP_MCP_EV_DISCOVERED (0x16|0x80|0x00)
                  raw data (72): 
                  16 80 00 48 00|00 1a b1 f6 ff a9 df 00 23 01 26 
                  01 28 01 2a 01 2d 01 30 01 33 01 36 01 39 01 3c 
                  01 3e 01 41 01 44 01 5d 01 47 01 4a 01 4c 01 4f 
                  01 52 01 55 01 58 01 5b 01 72 01 74 01 76 01 78 
                  01 7e 01 00 00 00 00 80 01 82 01 85 01
00:14:17:291    > BTP_MCP_CMD_DISCOVERY (0x16|0x02|0x00)
                  raw data (7): 16 02 00 07 00|00 1a b1 f6 ff a9 df
00:14:18:315    < BTP_MCP_CMD_DISCOVERY (0x16|0x02|0x00)
                  raw data (0): 16 02 00 00 00|
00:14:27:256    < BTP_MCP_EV_DISCOVERED (0x16|0x80|0x00)
                  raw data (72): 
                  16 80 00 48 00|00 1a b1 f6 ff a9 df 00 23 01 26 
                  01 28 01 2a 01 2d 01 30 01 33 01 36 01 39 01 3c 
                  01 3e 01 41 01 44 01 5d 01 47 01 4a 01 4c 01 4f 
                  01 52 01 55 01 58 01 5b 01 72 01 74 01 76 01 78 
                  01 7e 01 00 00 00 00 80 01 82 01 85 01
00:14:28:346    > BTP_MCP_CMD_DISCOVERY (0x16|0x02|0x00)
                  raw data (7): 16 02 00 07 00|00 1a b1 f6 ff a9 df
00:14:29:375    < BTP_MCP_CMD_DISCOVERY (0x16|0x02|0x00)
                  raw data (0): 16 02 00 00 00|
00:14:38:316    < BTP_MCP_EV_DISCOVERED (0x16|0x80|0x00)
                  raw data (72): 
                  16 80 00 48 00|00 1a b1 f6 ff a9 df 00 23 01 26 
                  01 28 01 2a 01 2d 01 30 01 33 01 36 01 39 01 3c 
                  01 3e 01 41 01 44 01 5d 01 47 01 4a 01 4c 01 4f 
                  01 52 01 55 01 58 01 5b 01 72 01 74 01 76 01 78 
                  01 7e 01 00 00 00 00 80 01 82 01 85 01
00:14:39:411    > BTP_MCP_CMD_DISCOVERY (0x16|0x02|0x00)
                  raw data (7): 16 02 00 07 00|00 1a b1 f6 ff a9 df
00:14:40:445    < BTP_MCP_CMD_DISCOVERY (0x16|0x02|0x00)
                  raw data (0): 16 02 00 00 00|
00:14:49:357    < BTP_MCP_EV_DISCOVERED (0x16|0x80|0x00)
                  raw data (72): 
                  16 80 00 48 00|00 1a b1 f6 ff a9 df 00 23 01 26 
                  01 28 01 2a 01 2d 01 30 01 33 01 36 01 39 01 3c 
                  01 3e 01 41 01 44 01 5d 01 47 01 4a 01 4c 01 4f 
                  01 52 01 55 01 58 01 5b 01 72 01 74 01 76 01 78 
                  01 7e 01 00 00 00 00 80 01 82 01 85 01
00:14:50:377    > BTP_MCP_CMD_DISCOVERY (0x16|0x02|0x00)
                  raw data (7): 16 02 00 07 00|00 1a b1 f6 ff a9 df
00:14:51:330    < BTP_MCP_CMD_DISCOVERY (0x16|0x02|0x00)
                  raw data (0): 16 02 00 00 00|
00:15:00:277    < BTP_MCP_EV_DISCOVERED (0x16|0x80|0x00)
                  raw data (72): 
                  16 80 00 48 00|00 1a b1 f6 ff a9 df 00 23 01 26 
                  01 28 01 2a 01 2d 01 30 01 33 01 36 01 39 01 3c 
                  01 3e 01 41 01 44 01 5d 01 47 01 4a 01 4c 01 4f 
                  01 52 01 55 01 58 01 5b 01 72 01 74 01 76 01 78 
                  01 7e 01 00 00 00 00 80 01 82 01 85 01
00:15:01:350    > BTP_MCP_CMD_DISCOVERY (0x16|0x02|0x00)
                  raw data (7): 16 02 00 07 00|00 1a b1 f6 ff a9 df
00:15:02:345    < BTP_MCP_CMD_DISCOVERY (0x16|0x02|0x00)
                  raw data (0): 16 02 00 00 00|
00:15:11:277    < BTP_MCP_EV_DISCOVERED (0x16|0x80|0x00)
                  raw data (72): 
                  16 80 00 48 00|00 1a b1 f6 ff a9 df 00 23 01 26 
                  01 28 01 2a 01 2d 01 30 01 33 01 36 01 39 01 3c 
                  01 3e 01 41 01 44 01 5d 01 47 01 4a 01 4c 01 4f 
                  01 52 01 55 01 58 01 5b 01 72 01 74 01 76 01 78 
                  01 7e 01 00 00 00 00 80 01 82 01 85 01
00:15:12:390    > BTP_MCP_CMD_DISCOVERY (0x16|0x02|0x00)
                  raw data (7): 16 02 00 07 00|00 1a b1 f6 ff a9 df
00:15:13:411    < BTP_MCP_CMD_DISCOVERY (0x16|0x02|0x00)
                  raw data (0): 16 02 00 00 00|
00:15:22:337    < BTP_MCP_EV_DISCOVERED (0x16|0x80|0x00)
                  raw data (72): 
                  16 80 00 48 00|00 1a b1 f6 ff a9 df 00 23 01 26 
                  01 28 01 2a 01 2d 01 30 01 33 01 36 01 39 01 3c 
                  01 3e 01 41 01 44 01 5d 01 47 01 4a 01 4c 01 4f 
                  01 52 01 55 01 58 01 5b 01 72 01 74 01 76 01 78 
                  01 7e 01 00 00 00 00 80 01 82 01 85 01
00:15:23:443    > BTP_MCP_CMD_DISCOVERY (0x16|0x02|0x00)
                  raw data (7): 16 02 00 07 00|00 1a b1 f6 ff a9 df
00:15:24:465    < BTP_MCP_CMD_DISCOVERY (0x16|0x02|0x00)
                  raw data (0): 16 02 00 00 00|
00:15:33:397    < BTP_MCP_EV_DISCOVERED (0x16|0x80|0x00)
                  raw data (72): 
                  16 80 00 48 00|00 1a b1 f6 ff a9 df 00 23 01 26 
                  01 28 01 2a 01 2d 01 30 01 33 01 36 01 39 01 3c 
                  01 3e 01 41 01 44 01 5d 01 47 01 4a 01 4c 01 4f 
                  01 52 01 55 01 58 01 5b 01 72 01 74 01 76 01 78 
                  01 7e 01 00 00 00 00 80 01 82 01 85 01
00:15:34:492    > BTP_MCP_CMD_DISCOVERY (0x16|0x02|0x00)
                  raw data (7): 16 02 00 07 00|00 1a b1 f6 ff a9 df
00:15:35:446    < BTP_MCP_CMD_DISCOVERY (0x16|0x02|0x00)
                  raw data (0): 16 02 00 00 00|
00:15:44:377    < BTP_MCP_EV_DISCOVERED (0x16|0x80|0x00)
                  raw data (72): 
                  16 80 00 48 00|00 1a b1 f6 ff a9 df 00 23 01 26 
                  01 28 01 2a 01 2d 01 30 01 33 01 36 01 39 01 3c 
                  01 3e 01 41 01 44 01 5d 01 47 01 4a 01 4c 01 4f 
                  01 52 01 55 01 58 01 5b 01 72 01 74 01 76 01 78 
                  01 7e 01 00 00 00 00 80 01 82 01 85 01
00:15:45:470    > BTP_MCP_CMD_DISCOVERY (0x16|0x02|0x00)
                  raw data (7): 16 02 00 07 00|00 1a b1 f6 ff a9 df
00:15:46:446    < BTP_MCP_CMD_DISCOVERY (0x16|0x02|0x00)
                  raw data (0): 16 02 00 00 00|
00:15:55:377    < BTP_MCP_EV_DISCOVERED (0x16|0x80|0x00)
                  raw data (72): 
                  16 80 00 48 00|00 1a b1 f6 ff a9 df 00 23 01 26 
                  01 28 01 2a 01 2d 01 30 01 33 01 36 01 39 01 3c 
                  01 3e 01 41 01 44 01 5d 01 47 01 4a 01 4c 01 4f 
                  01 52 01 55 01 58 01 5b 01 72 01 74 01 76 01 78 
                  01 7e 01 00 00 00 00 80 01 82 01 85 01
00:15:56:472    > BTP_MCP_CMD_DISCOVERY (0x16|0x02|0x00)
                  raw data (7): 16 02 00 07 00|00 1a b1 f6 ff a9 df
00:15:57:426    < BTP_MCP_CMD_DISCOVERY (0x16|0x02|0x00)
                  raw data (0): 16 02 00 00 00|
00:16:06:357    < BTP_MCP_EV_DISCOVERED (0x16|0x80|0x00)
                  raw data (72): 
                  16 80 00 48 00|00 1a b1 f6 ff a9 df 00 23 01 26 
                  01 28 01 2a 01 2d 01 30 01 33 01 36 01 39 01 3c 
                  01 3e 01 41 01 44 01 5d 01 47 01 4a 01 4c 01 4f 
                  01 52 01 55 01 58 01 5b 01 72 01 74 01 76 01 78 
                  01 7e 01 00 00 00 00 80 01 82 01 85 01
00:16:07:458    > BTP_MCP_CMD_DISCOVERY (0x16|0x02|0x00)
                  raw data (7): 16 02 00 07 00|00 1a b1 f6 ff a9 df
00:16:08:426    < BTP_MCP_CMD_DISCOVERY (0x16|0x02|0x00)
                  raw data (0): 16 02 00 00 00|
00:16:17:358    < BTP_MCP_EV_DISCOVERED (0x16|0x80|0x00)
                  raw data (72): 
                  16 80 00 48 00|00 1a b1 f6 ff a9 df 00 23 01 26 
                  01 28 01 2a 01 2d 01 30 01 33 01 36 01 39 01 3c 
                  01 3e 01 41 01 44 01 5d 01 47 01 4a 01 4c 01 4f 
                  01 52 01 55 01 58 01 5b 01 72 01 74 01 76 01 78 
                  01 7e 01 00 00 00 00 80 01 82 01 85 01
00:16:18:456    > BTP_MCP_CMD_CMD_SEND (0x16|0x18|0x00)
                  raw data (13): 
                  16 18 00 0d 00|00 1a b1 f6 ff a9 df 02 00 00 00 
                  00 00
00:16:18:470    < BTP_MCP_CMD_CMD_SEND (0x16|0x18|0x00)
                  raw data (0): 16 18 00 00 00|
00:16:18:618    < BTP_MCP_EV_COMMAND (0x16|0x90|0x00)
                  raw data (14): 
                  16 90 00 0e 00|00 1a b1 f6 ff a9 df 00 02 00 00 
                  00 00 00
00:16:18:622    < BTP_MCP_EV_CMD_NTF (0x16|0x92|0x00)
                  raw data (10): 16 92 00 0a 00|00 1a b1 f6 ff a9 df 00 02 01
00:16:20:018    < BTP_GAP_EV_DEVICE_DISCONNECTED (0x01|0x83|0x00)
                  raw data (7): 01 83 00 07 00|00 1a b1 f6 ff a9 df
00:16:31:802    > BTP_GAP_CMD_SET_POWERED (0x01|0x05|0x00)
                  raw data (0): 01 05 00 01 00|00
00:16:31:836    < BTP_GAP_CMD_SET_POWERED (0x01|0x05|0x00)
                  raw data (4): 01 05 00 04 00|1a 82 00 00
