*** Booting Zephyr OS build 4.1.99 ***
[00:00:00.388,641] <dbg> bttester: tester_init: Initializing tester
[00:00:37.611,846] <dbg> bttester: cmd_handler: cmd service 0x00 opcode 0x03 index 0xff
[00:00:37.617,950] <inf> bt_hci_core: HW Platform: Nordic Semiconductor (0x0002)
[00:00:37.618,011] <inf> bt_hci_core: HW Variant: nRF52x (0x0002)
[00:00:37.618,041] <inf> bt_hci_core: Firmware: Standard Bluetooth controller (0x00) Version 4.1 Build 99
[00:00:37.618,927] <inf> bt_hci_core: HCI transport: Controller
[00:00:37.619,018] <inf> bt_hci_core: Identity: DC:E7:76:C4:1F:70 (random)
[00:00:37.619,079] <inf> bt_hci_core: HCI: version 5.4 (0x0d) revision 0x0000, manufacturer 0x05f1
[00:00:37.619,110] <inf> bt_hci_core: LMP: version 5.4 (0x0d) subver 0xffff
[00:00:37.619,110] <dbg> bttester: tester_rsp_with_index: service 0x00 opcode 0x03 index 0xff status 0x00
[00:00:37.664,947] <dbg> bttester: cmd_handler: cmd service 0x01 opcode 0x01 index 0xff
[00:00:37.707,519] <dbg> bttester: cmd_handler: cmd service 0x01 opcode 0x03 index 0x00
[00:00:38.108,459] <dbg> bttester: cmd_handler: cmd service 0x00 opcode 0x03 index 0xff
[00:00:38.108,520] <dbg> bttester: tester_rsp_with_index: service 0x00 opcode 0x03 index 0xff status 0x00
[00:00:38.150,878] <dbg> bttester: cmd_handler: cmd service 0x02 opcode 0x01 index 0xff
[00:00:45.218,475] <dbg> bttester: cmd_handler: cmd service 0x01 opcode 0x08 index 0x00
[00:00:45.257,873] <dbg> bttester: cmd_handler: cmd service 0x01 opcode 0x0a index 0x00
[00:00:45.576,354] <dbg> bttester_gap: le_connected: C0:07:E8:1C:28:DF (public): 0x00
[00:00:45.576,385] <dbg> bttester: tester_event: service 0x01 opcode 0x82
[00:00:45.577,911] <dbg> bttester: tester_event: service 0x01 opcode 0x80
[00:00:46.660,980] <dbg> bttester: cmd_handler: cmd service 0x02 opcode 0x17 index 0x00
[00:00:46.764,892] <dbg> bttester: tester_rsp_full: service 0x02 opcode 0x17
[00:00:49.307,220] <dbg> bttester: tester_event: service 0x01 opcode 0x91
[00:00:49.308,380] <dbg> bttester: tester_event: service 0x01 opcode 0x89
[00:00:50.702,239] <dbg> bttester: tester_event: service 0x01 opcode 0x88
[00:00:50.784,759] <dbg> bttester: cmd_handler: cmd service 0x02 opcode 0x20 index 0x00
[00:00:50.784,790] <dbg> bttester_gatt: gatt_buf_add: 3/2048 used
[00:00:50.786,346] <err> bttester: BT tester: RX overflow
[00:01:20.785,156] <err> bt_att: ATT Timeout for device C0:07:E8:1C:28:DF (public). Disconnecting...
[00:01:20.785,278] <dbg> bttester: tester_rsp_full: service 0x02 opcode 0x20
[00:01:20.890,167] <dbg> bttester_gap: le_disconnected: C0:07:E8:1C:28:DF (public): 0x16
[00:01:20.890,167] <dbg> bttester: tester_event: service 0x01 opcode 0x83
