11:31:41:683    < BTP_CORE_EV_IUT_READY (0x00|0x80|0xff)
                  raw data (0): 00 80 ff 00 00|
11:31:42:185    > BTP_CORE_CMD_REGISTER_SERVICE (0x00|0x03|0xff)
                  raw data (1): 00 03 ff 01 00|01
11:31:42:555    < BTP_CORE_CMD_REGISTER_SERVICE (0x00|0x03|0xff)
                  raw data (0): 00 03 ff 00 00|
11:31:42:555    > BTP_GAP_CMD_READ_SUPPORTED_COMMANDS (0x01|0x01|0xff)
                  raw data (0): 01 01 ff 00 00|
11:31:42:625    < BTP_GAP_CMD_READ_SUPPORTED_COMMANDS (0x01|0x01|0xff)
                  raw data (7): 01 01 ff 07 00|6e ff 7f 1f fe f7 0e
11:31:42:635    > BTP_CORE_CMD_REGISTER_SERVICE (0x00|0x03|0xff)
                  raw data (2): 00 03 ff 01 00|02
11:31:42:670    < BTP_CORE_CMD_REGISTER_SERVICE (0x00|0x03|0xff)
                  raw data (0): 00 03 ff 00 00|
11:31:42:671    > BTP_GATT_CMD_READ_SUPPORTED_COMMANDS (0x02|0x01|0xff)
                  raw data (0): 02 01 ff 00 00|
11:31:42:720    < BTP_GATT_CMD_READ_SUPPORTED_COMMANDS (0x02|0x01|0xff)
                  raw data (5): 02 01 ff 05 00|fe fe bf fd 0f
11:31:42:731    > BTP_CORE_CMD_REGISTER_SERVICE (0x00|0x03|0xff)
                  raw data (4): 00 03 ff 01 00|04
11:31:42:770    < BTP_CORE_CMD_REGISTER_SERVICE (0x00|0x03|0xff)
                  raw data (0): 00 03 ff 00 00|
11:31:42:780    > BTP_MESH_CMD_READ_SUPPORTED_COMMANDS (0x04|0x01|0xff)
                  raw data (0): 04 01 ff 00 00|
11:31:42:835    < BTP_MESH_CMD_READ_SUPPORTED_COMMANDS (0x04|0x01|0xff)
                  raw data (16): 
                  04 01 ff 10 00|fe ff 7f ff ff ff ff ff ff ff ff 
                  fe ff f1 87 01
11:31:42:846    > BTP_MESH_CMD_INIT (0x04|0x04|0x00)
                  raw data (1): 04 04 00 01 00|00
11:31:42:908    < BTP_MESH_CMD_INIT (0x04|0x04|0x00)
                  raw data (0): 04 04 00 00 00|
11:31:42:919    > BTP_GAP_CMD_READ_CONTROLLER_INFO (0x01|0x03|0x00)
                  raw data (0): 01 03 00 00 00|
11:31:42:975    < BTP_GAP_CMD_READ_CONTROLLER_INFO (0x01|0x03|0x00)
                  raw data (277): 
                  01 03 00 15 01|3b db 31 cc b6 d5 13 06 02 00 13 
                  82 00 00 00 00 00 62 74 70 5f 74 65 73 74 65 72 
                  00 00 00 00 00 00 00 00 00 00 00 00 00 00 00 00 
                  00 00 00 00 00 00 00 00 00 00 00 00 00 00 00 00 
                  00 00 00 00 00 00 00 00 00 00 00 00 00 00 00 00 
                  00 00 00 00 00 00 00 00 00 00 00 00 00 00 00 00 
                  00 00 00 00 00 00 00 00 00 00 00 00 00 00 00 00 
                  00 00 00 00 00 00 00 00 00 00 00 00 00 00 00 00 
                  00 00 00 00 00 00 00 00 00 00 00 00 00 00 00 00 
                  00 00 00 00 00 00 00 00 00 00 00 00 00 00 00 00 
                  00 00 00 00 00 00 00 00 00 00 00 00 00 00 00 00 
                  00 00 00 00 00 00 00 00 00 00 00 00 00 00 00 00 
                  00 00 00 00 00 00 00 00 00 00 00 00 00 00 00 00 
                  00 00 00 00 00 00 00 00 00 00 00 00 00 00 00 00 
                  00 00 00 00 00 00 00 00 00 00 00 00 00 00 00 00 
                  00 00 00 00 00 00 00 00 00 00 00 00 00 00 00 00 
                  00 00 00 00 00 00 00 00 00 00 00 00 00 00 00 00 
                  00 00 00 00 00 00 00 00 00 00
11:31:45:036    > BTP_MESH_CMD_CONFIG_PROVISIONING (0x04|0x02|0x00)
                  raw data (56): 
                  04 02 00 38 00|65 d0 60 b6 cf 05 45 6f a8 8b 79 
                  e3 cd f9 f2 08 00 01 02 03 04 05 06 07 08 09 0a 
                  0b 0c 0d 0e 0f 00 00 00 00 00 00 00 00 00 00 00 
                  00 00 00 00 00 10 01 08 00 01 08 00 00
11:31:45:050    < BTP_MESH_CMD_CONFIG_PROVISIONING (0x04|0x02|0x00)
                  raw data (0): 04 02 00 00 00|
11:31:45:050    > BTP_MESH_CMD_START (0x04|0x78|0x00)
                  raw data (0): 04 78 00 00 00|
11:31:45:180    < BTP_MESH_CMD_START (0x04|0x78|0x00)
                  raw data (0): 04 78 00 00 00|
11:31:45:369    < BTP_MESH_EV_PROV_LINK_OPEN (0x04|0x84|0x00)
                  raw data (1): 04 84 00 01 00|00
11:31:48:790    < BTP_MESH_EV_PROVISIONED (0x04|0x83|0x00)
                  raw data (0): 04 83 00 00 00|
11:31:50:439    < BTP_MESH_EV_PROV_LINK_CLOSED (0x04|0x85|0x00)
                  raw data (1): 04 85 00 01 00|00
11:31:51:550    < BTP_MESH_EV_NET_RECV (0x04|0x86|0x00)
                  raw data (22): 
                  04 86 00 16 00|03 00 01 00 02 00 0f 80 80 00 00 
                  a4 fd ff 6a 74 22 61 0e 59 67 3e
11:31:51:551    < BTP_MESH_EV_MODEL_RECV (0x04|0x8f|0x00)
                  raw data (9): 04 8f 00 09 00|01 00 02 00 03 00 80 08 7f
11:31:51:831    < BTP_MESH_EV_NET_RECV (0x04|0x86|0x00)
                  raw data (22): 
                  04 86 00 16 00|03 00 01 00 02 00 0f 80 80 04 00 
                  f2 57 39 2c ee 07 3a d7 0c 05 47
11:31:51:831    < BTP_MESH_EV_MODEL_RECV (0x04|0x8f|0x00)
                  raw data (9): 04 8f 00 09 00|01 00 02 00 03 00 80 08 01
11:31:52:890    < BTP_MESH_EV_NET_RECV (0x04|0x86|0x00)
                  raw data (14): 
                  04 86 00 0e 00|07 01 01 00 02 00 07 00 00 0c 00 
                  00 00 07
11:31:53:170    < BTP_MESH_EV_NET_RECV (0x04|0x86|0x00)
                  raw data (14): 
                  04 86 00 0e 00|07 01 01 00 02 00 07 00 00 0c 00 
                  00 00 1f
11:31:53:310    < BTP_MESH_EV_NET_RECV (0x04|0x86|0x00)
                  raw data (22): 
                  04 86 00 16 00|03 00 01 00 02 00 0f 80 80 10 00 
                  6b 86 42 04 7b 9f 2f 68 c2 4e 8f
11:31:53:311    < BTP_MESH_EV_MODEL_RECV (0x04|0x8f|0x00)
                  raw data (9): 04 8f 00 09 00|01 00 02 00 03 00 80 08 00
11:31:54:210    < BTP_MESH_EV_NET_RECV (0x04|0x86|0x00)
                  raw data (14): 
                  04 86 00 0e 00|07 01 01 00 02 00 07 00 00 24 00 
                  00 00 07
11:31:54:491    < BTP_MESH_EV_NET_RECV (0x04|0x86|0x00)
                  raw data (14): 
                  04 86 00 0e 00|07 01 01 00 02 00 07 00 00 24 00 
                  00 00 1f
11:31:54:730    < BTP_MESH_EV_NET_RECV (0x04|0x86|0x00)
                  raw data (14): 
                  04 86 00 0e 00|07 01 01 00 02 00 07 00 00 24 00 
                  00 00 3f
11:31:55:017    < BTP_MESH_EV_NET_RECV (0x04|0x86|0x00)
                  raw data (14): 
                  04 86 00 0e 00|07 01 01 00 02 00 07 00 00 24 00 
                  00 00 7f
11:31:55:211    < BTP_MESH_EV_NET_RECV (0x04|0x86|0x00)
                  raw data (14): 
                  04 86 00 0e 00|07 01 01 00 02 00 07 00 00 24 00 
                  00 00 ff
11:31:55:370    < BTP_MESH_EV_NET_RECV (0x04|0x86|0x00)
                  raw data (23): 
                  04 86 00 17 00|03 00 01 00 02 00 10 80 00 28 01 
                  b5 93 5e c5 f5 1e ae 89 ed 91 9b 9d
11:31:55:411    < BTP_MESH_EV_NET_RECV (0x04|0x86|0x00)
                  raw data (23): 
                  04 86 00 17 00|03 00 01 00 02 00 10 80 00 28 21 
                  ca d3 c8 18 9b cf eb 4a c3 b8 c3 65
11:31:55:414    < BTP_MESH_EV_MODEL_RECV (0x04|0x8f|0x00)
                  raw data (26): 
                  04 8f 00 1a 00|01 00 02 00 14 00 00 00 00 00 d0 
                  90 4d 9f d2 9c 34 fd d4 c2 2e 6b 22 27 04 99
11:31:55:690    < BTP_MESH_EV_NET_RECV (0x04|0x86|0x00)
                  raw data (23): 
                  04 86 00 17 00|03 00 01 00 02 00 10 80 00 30 00 
                  da bf 1e 34 89 08 86 91 f2 09 da d4
11:31:55:690    < BTP_MESH_EV_MODEL_RECV (0x04|0x8f|0x00)
                  raw data (14): 
                  04 8f 00 0e 00|01 00 02 00 08 00 80 3d 02 00 00 
                  00 02 00
11:31:56:030    < BTP_MESH_EV_NET_RECV (0x04|0x86|0x00)
                  raw data (23): 
                  04 86 00 17 00|03 00 01 00 02 00 10 80 00 34 00 
                  6f 7d 38 6f b8 2a ca 8e d5 66 bb 4e
11:31:56:030    < BTP_MESH_EV_MODEL_RECV (0x04|0x8f|0x00)
                  raw data (14): 
                  04 8f 00 0e 00|01 00 02 00 08 00 80 3d 02 00 00 
                  00 03 00
11:31:56:230    < BTP_MESH_EV_NET_RECV (0x04|0x86|0x00)
                  raw data (23): 
                  04 86 00 17 00|03 00 01 00 02 00 10 80 00 38 00 
                  8b 24 cd 8b c2 d8 7c d5 a4 0f b2 27
11:31:56:230    < BTP_MESH_EV_MODEL_RECV (0x04|0x8f|0x00)
                  raw data (14): 
                  04 8f 00 0e 00|01 00 02 00 08 00 80 3d 02 00 00 
                  00 14 00
11:31:56:490    < BTP_MESH_EV_NET_RECV (0x04|0x86|0x00)
                  raw data (23): 
                  04 86 00 17 00|03 00 01 00 02 00 10 80 00 3c 00 
                  e7 68 c2 18 56 34 d4 d2 44 41 7c a6
11:31:56:490    < BTP_MESH_EV_MODEL_RECV (0x04|0x8f|0x00)
                  raw data (14): 
                  04 8f 00 0e 00|01 00 02 00 08 00 80 3d 03 00 00 
                  00 01 14
11:31:56:730    < BTP_MESH_EV_NET_RECV (0x04|0x86|0x00)
                  raw data (23): 
                  04 86 00 17 00|03 00 01 00 02 00 10 80 00 40 00 
                  21 fa 81 b9 22 a3 37 eb cf db 75 61
11:31:56:730    < BTP_MESH_EV_MODEL_RECV (0x04|0x8f|0x00)
                  raw data (14): 
                  04 8f 00 0e 00|01 00 02 00 08 00 80 3d 03 00 00 
                  00 03 14
11:31:56:930    < BTP_MESH_EV_NET_RECV (0x04|0x86|0x00)
                  raw data (23): 
                  04 86 00 17 00|03 00 01 00 02 00 10 80 00 44 00 
                  09 d7 9f 28 c8 f3 73 2e ef 44 4d 40
11:31:56:930    < BTP_MESH_EV_MODEL_RECV (0x04|0x8f|0x00)
                  raw data (14): 
                  04 8f 00 0e 00|01 00 02 00 08 00 80 3d 03 00 00 
                  00 00 14
11:31:57:170    < BTP_MESH_EV_NET_RECV (0x04|0x86|0x00)
                  raw data (23): 
                  04 86 00 17 00|03 00 01 00 02 00 10 80 00 48 00 
                  2e 69 6b 03 0d fe 24 0c cd 5f 6f 50
11:31:57:171    < BTP_MESH_EV_MODEL_RECV (0x04|0x8f|0x00)
                  raw data (14): 
                  04 8f 00 0e 00|01 00 02 00 08 00 80 3d 03 00 00 
                  00 04 14
11:31:57:370    < BTP_MESH_EV_NET_RECV (0x04|0x86|0x00)
                  raw data (23): 
                  04 86 00 17 00|03 00 01 00 02 00 10 80 00 4c 00 
                  51 a7 04 f2 ff 50 da e5 cd ba 73 2e
11:31:57:370    < BTP_MESH_EV_MODEL_RECV (0x04|0x8f|0x00)
                  raw data (14): 
                  04 8f 00 0e 00|01 00 02 00 08 00 80 3d 04 00 00 
                  00 00 14
11:31:57:590    < BTP_MESH_EV_NET_RECV (0x04|0x86|0x00)
                  raw data (23): 
                  04 86 00 17 00|03 00 01 00 02 00 10 80 00 50 00 
                  b9 f3 17 04 fa 7b f4 21 cf 1a 61 b7
11:31:57:590    < BTP_MESH_EV_MODEL_RECV (0x04|0x8f|0x00)
                  raw data (14): 
                  04 8f 00 0e 00|01 00 02 00 08 00 80 3d 04 00 00 
                  00 02 14
11:31:57:830    < BTP_MESH_EV_NET_RECV (0x04|0x86|0x00)
                  raw data (23): 
                  04 86 00 17 00|03 00 01 00 02 00 10 80 00 54 00 
                  85 43 0b 6c 72 a5 e6 90 9b 64 bd c6
11:31:57:830    < BTP_MESH_EV_MODEL_RECV (0x04|0x8f|0x00)
                  raw data (14): 
                  04 8f 00 0e 00|01 00 02 00 08 00 80 3d 05 00 00 
                  00 01 14
11:31:59:050    < BTP_MESH_EV_NET_RECV (0x04|0x86|0x00)
                  raw data (22): 
                  04 86 00 16 00|03 00 01 00 02 00 0f 80 80 58 00 
                  33 95 28 cb 4b 61 8b 3f 24 87 66
11:31:59:050    < BTP_MESH_EV_MODEL_RECV (0x04|0x8f|0x00)
                  raw data (9): 04 8f 00 09 00|01 00 02 00 03 00 80 61 01
11:32:19:270    < BTP_MESH_EV_NET_RECV (0x04|0x86|0x00)
                  raw data (23): 
                  04 86 00 17 00|03 00 01 00 02 00 10 80 80 5c 00 
                  71 36 a4 a2 57 a4 73 1d f9 53 e3 7b
11:32:19:271    < BTP_MESH_EV_MODEL_RECV (0x04|0x8f|0x00)
                  raw data (10): 04 8f 00 0a 00|01 00 02 00 04 00 80 15 00 00
11:32:29:650    < BTP_MESH_EV_NET_RECV (0x04|0x86|0x00)
                  raw data (23): 
                  04 86 00 17 00|03 00 01 00 02 00 10 80 00 60 01 
                  06 c1 e7 c9 5d c3 d7 9a e8 41 88 a6
11:32:29:690    < BTP_MESH_EV_NET_RECV (0x04|0x86|0x00)
                  raw data (23): 
                  04 86 00 17 00|03 00 01 00 02 00 10 80 00 60 21 
                  fd 83 a6 5b 50 11 5b b0 61 44 7d ba
11:32:29:691    < BTP_MESH_EV_MODEL_RECV (0x04|0x8f|0x00)
                  raw data (26): 
                  04 8f 00 1a 00|01 00 02 00 14 00 80 45 00 00 84 
                  86 34 c7 53 4a 8c af 28 07 f9 f3 58 15 34 5d
11:32:29:950    < BTP_MESH_EV_NET_RECV (0x04|0x86|0x00)
                  raw data (23): 
                  04 86 00 17 00|03 00 01 00 02 00 10 80 00 68 01 
                  94 f8 c5 c0 82 15 b9 d7 73 96 54 c9
11:32:29:990    < BTP_MESH_EV_NET_RECV (0x04|0x86|0x00)
                  raw data (23): 
                  04 86 00 17 00|03 00 01 00 02 00 10 80 00 68 21 
                  8f 8f ba d5 d9 92 a6 50 a1 85 0f 13
11:32:29:991    < BTP_MESH_EV_MODEL_RECV (0x04|0x8f|0x00)
                  raw data (26): 
                  04 8f 00 1a 00|01 00 02 00 14 00 01 00 00 00 f2 
                  47 f5 ed b2 f7 5e 77 42 fa ad c3 db 18 e3 8e
11:32:40:311    < BTP_MESH_EV_NET_RECV (0x04|0x86|0x00)
                  raw data (23): 
                  04 86 00 17 00|03 00 01 00 02 00 10 80 80 70 00 
                  f3 d8 ca b0 03 a8 6b 27 89 52 a2 2d
11:32:40:312    < BTP_MESH_EV_MODEL_RECV (0x04|0x8f|0x00)
                  raw data (10): 04 8f 00 0a 00|01 00 02 00 04 00 80 15 00 00
11:33:19:872    < BTP_MESH_EV_NET_RECV (0x04|0x86|0x00)
                  raw data (23): 
                  04 86 00 17 00|03 00 01 00 02 00 10 80 80 74 00 
                  d6 7d 3c 13 35 d3 b2 fd 20 57 de 8f
11:33:19:873    < BTP_MESH_EV_MODEL_RECV (0x04|0x8f|0x00)
                  raw data (10): 04 8f 00 0a 00|01 00 02 00 04 00 80 15 00 00
11:34:14:492    > BTP_GAP_CMD_SET_POWERED (0x01|0x05|0x00)
                  raw data (0): 01 05 00 01 00|00
11:34:14:552    < BTP_GAP_CMD_SET_POWERED (0x01|0x05|0x00)
                  raw data (4): 01 05 00 04 00|12 82 00 00
