*** Booting Zephyr OS build v4.1.0-rc2-177-g5efaf9d8c1f0 ***
[00:00:00.356,231] <dbg> bttester: tester_init: Initializing tester
[00:00:50.506,011] <dbg> bttester: cmd_handler: cmd service 0x00 opcode 0x03 index 0xff
[00:00:50.533,203] <inf> bt_hci_core: HW Platform: Nordic Semiconductor (0x0002)
[00:00:50.533,233] <inf> bt_hci_core: HW Variant: nRF53x (0x0003)
[00:00:50.533,264] <inf> bt_hci_core: Firmware: Standard Bluetooth controller (0x00) Version 4.1 Build 0
[00:00:50.535,064] <inf> bt_hci_core: Identity: D7:B8:1B:0B:51:C3 (random)
[00:00:50.535,095] <inf> bt_hci_core: HCI: version 5.4 (0x0d) revision 0x0000, manufacturer 0x05f1
[00:00:50.535,125] <inf> bt_hci_core: LMP: version 5.4 (0x0d) subver 0xffff
[00:00:50.535,156] <dbg> bttester: tester_rsp_with_index: service 0x00 opcode 0x03 index 0xff status 0x00
[00:00:50.559,753] <dbg> bttester: cmd_handler: cmd service 0x01 opcode 0x03 index 0x00
[00:00:50.559,783] <wrn> bt_ecc: Callback already registered
[00:00:50.962,890] <dbg> bttester: cmd_handler: cmd service 0x00 opcode 0x03 index 0xff
[00:00:50.962,951] <dbg> bttester: tester_rsp_with_index: service 0x00 opcode 0x03 index 0xff status 0x00
[00:00:51.007,568] <dbg> bttester: cmd_handler: cmd service 0x01 opcode 0x08 index 0x00
[00:00:51.070,892] <dbg> bttester: cmd_handler: cmd service 0x00 opcode 0x03 index 0xff
[00:00:51.071,563] <dbg> bttester: tester_rsp_with_index: service 0x00 opcode 0x03 index 0xff status 0x00
[00:00:51.093,658] <dbg> bttester: cmd_handler: cmd service 0x00 opcode 0x03 index 0xff
[00:00:51.093,688] <dbg> bttester: tester_rsp_with_index: service 0x00 opcode 0x03 index 0xff status 0x00
[00:00:51.125,640] <dbg> bttester: cmd_handler: cmd service 0x00 opcode 0x03 index 0xff
[00:00:51.125,762] <dbg> bttester: tester_rsp_with_index: service 0x00 opcode 0x03 index 0xff status 0x00
[00:01:10.167,388] <dbg> bttester: cmd_handler: cmd service 0x0e opcode 0x04 index 0x00
[00:01:10.167,419] <dbg> bttester_bap_broadcast: btp_bap_broadcast_source_setup: 
[00:01:10.167,480] <dbg> bttester_bap_broadcast: setup_broadcast_source: Creating broadcast source with 1 subgroups with 2 streams
[00:01:10.189,239] <dbg> bttester: cmd_handler: cmd service 0x0e opcode 0x06 index 0x00
[00:01:10.189,270] <dbg> bttester_bap_broadcast: btp_bap_broadcast_adv_start: 
[00:01:10.190,368] <dbg> bttester: tester_rsp_with_index: service 0x0e opcode 0x06 index 0x00 status 0x00
[00:01:10.201,263] <dbg> bttester: cmd_handler: cmd service 0x0e opcode 0x08 index 0x00
[00:01:10.201,293] <dbg> bttester_bap_broadcast: btp_bap_broadcast_source_start: 
[00:01:10.202,026] <dbg> bttester: tester_rsp_with_index: service 0x0e opcode 0x08 index 0x00 status 0x00
[00:01:10.222,900] <dbg> bttester: cmd_handler: cmd service 0x0e opcode 0x03 index 0x00
[00:01:10.234,985] <dbg> bttester: cmd_handler: cmd service 0x0e opcode 0x03 index 0x00
[00:01:10.246,002] <dbg> bttester: cmd_handler: cmd service 0x0e opcode 0x03 index 0x00
[00:01:10.256,256] <dbg> bttester: cmd_handler: cmd service 0x0e opcode 0x03 index 0x00
[00:01:10.285,339] <dbg> bttester: cmd_handler: cmd service 0x0e opcode 0x03 index 0x00
[00:01:10.303,283] <dbg> bttester: cmd_handler: cmd service 0x0e opcode 0x03 index 0x00
[00:01:10.317,840] <dbg> bttester: cmd_handler: cmd service 0x0e opcode 0x03 index 0x00
[00:01:10.339,263] <dbg> bttester: cmd_handler: cmd service 0x0e opcode 0x03 index 0x00
[00:01:10.349,243] <dbg> bttester: cmd_handler: cmd service 0x0e opcode 0x03 index 0x00
[00:01:10.350,097] <dbg> bttester_bap_broadcast: stream_started: Started stream 0x2001394c
[00:01:10.350,097] <inf> bttester_bap_audio_stream: Registered 0x2001394c (0x2001394c) for TX
[00:01:10.350,128] <dbg> bttester: tester_event: service 0x0e opcode 0x86
[00:01:10.351,806] <dbg> bttester_bap_broadcast: stream_started: Started stream 0x20013aa4
[00:01:10.351,837] <inf> bttester_bap_audio_stream: Registered 0x20013aa4 (0x20013aa4) for TX
[00:01:10.351,837] <dbg> bttester: tester_event: service 0x0e opcode 0x86
[00:01:10.366,821] <dbg> bttester: cmd_handler: cmd service 0x0e opcode 0x03 index 0x00
[00:01:10.385,345] <dbg> bttester: cmd_handler: cmd service 0x0e opcode 0x03 index 0x00
[00:01:10.425,201] <dbg> bttester: cmd_handler: cmd service 0x0e opcode 0x03 index 0x00
[00:01:10.433,044] <dbg> bttester: cmd_handler: cmd service 0x0e opcode 0x03 index 0x00
[00:01:10.457,397] <dbg> bttester: cmd_handler: cmd service 0x0e opcode 0x03 index 0x00
[00:01:10.469,482] <dbg> bttester: cmd_handler: cmd service 0x0e opcode 0x03 index 0x00
[00:01:10.623,199] <dbg> bttester: cmd_handler: cmd service 0x0e opcode 0x03 index 0x00
[00:01:10.666,564] <dbg> bttester: cmd_handler: cmd service 0x0e opcode 0x03 index 0x00
[00:01:10.704,528] <dbg> bttester: cmd_handler: cmd service 0x0e opcode 0x03 index 0x00
[00:01:10.749,572] <dbg> bttester: cmd_handler: cmd service 0x0e opcode 0x03 index 0x00
[00:01:10.799,163] <dbg> bttester: cmd_handler: cmd service 0x0e opcode 0x03 index 0x00
[00:01:10.844,085] <dbg> bttester: cmd_handler: cmd service 0x0e opcode 0x03 index 0x00
[00:01:10.852,813] <dbg> bttester: cmd_handler: cmd service 0x0e opcode 0x03 index 0x00
[00:01:10.873,931] <dbg> bttester: cmd_handler: cmd service 0x0e opcode 0x03 index 0x00
[00:01:10.885,437] <dbg> bttester: cmd_handler: cmd service 0x0e opcode 0x03 index 0x00
[00:01:10.903,106] <dbg> bttester: cmd_handler: cmd service 0x0e opcode 0x03 index 0x00
[00:01:10.962,036] <dbg> bttester: cmd_handler: cmd service 0x0e opcode 0x03 index 0x00
[00:01:11.021,209] <dbg> bttester: cmd_handler: cmd service 0x0e opcode 0x03 index 0x00
[00:01:11.048,431] <dbg> bttester: cmd_handler: cmd service 0x0e opcode 0x03 index 0x00
[00:01:11.080,963] <dbg> bttester: cmd_handler: cmd service 0x0e opcode 0x03 index 0x00
[00:01:11.095,642] <dbg> bttester: cmd_handler: cmd service 0x0e opcode 0x03 index 0x00
[00:01:11.108,215] <dbg> bttester: cmd_handler: cmd service 0x0e opcode 0x03 index 0x00
[00:01:11.125,213] <dbg> bttester: cmd_handler: cmd service 0x0e opcode 0x03 index 0x00
[00:01:11.140,441] <dbg> bttester: cmd_handler: cmd service 0x0e opcode 0x03 index 0x00
[00:01:11.159,637] <dbg> bttester: cmd_handler: cmd service 0x0e opcode 0x03 index 0x00
[00:01:11.191,558] <dbg> bttester: cmd_handler: cmd service 0x0e opcode 0x03 index 0x00
[00:01:11.205,505] <dbg> bttester: cmd_handler: cmd service 0x0e opcode 0x03 index 0x00
[00:01:11.218,475] <dbg> bttester: cmd_handler: cmd service 0x0e opcode 0x03 index 0x00
[00:01:11.261,108] <dbg> bttester: cmd_handler: cmd service 0x0e opcode 0x03 index 0x00
[00:01:11.273,986] <dbg> bttester: cmd_handler: cmd service 0x0e opcode 0x03 index 0x00
[00:01:11.286,621] <dbg> bttester: cmd_handler: cmd service 0x0e opcode 0x03 index 0x00
[00:01:11.445,037] <dbg> bttester: cmd_handler: cmd service 0x0e opcode 0x03 index 0x00
[00:01:11.513,275] <dbg> bttester: cmd_handler: cmd service 0x0e opcode 0x03 index 0x00
[00:01:11.529,724] <dbg> bttester: cmd_handler: cmd service 0x0e opcode 0x03 index 0x00
[00:01:11.542,541] <dbg> bttester: cmd_handler: cmd service 0x0e opcode 0x03 index 0x00
[00:01:11.562,561] <dbg> bttester: cmd_handler: cmd service 0x0e opcode 0x03 index 0x00
[00:01:11.597,167] <dbg> bttester: cmd_handler: cmd service 0x0e opcode 0x03 index 0x00
[00:01:11.615,936] <dbg> bttester: cmd_handler: cmd service 0x0e opcode 0x03 index 0x00
[00:01:11.637,268] <dbg> bttester: cmd_handler: cmd service 0x0e opcode 0x03 index 0x00
[00:01:11.648,742] <dbg> bttester: cmd_handler: cmd service 0x0e opcode 0x03 index 0x00
[00:01:11.663,452] <dbg> bttester: cmd_handler: cmd service 0x0e opcode 0x03 index 0x00
[00:01:11.675,964] <dbg> bttester: cmd_handler: cmd service 0x0e opcode 0x03 index 0x00
[00:01:11.684,082] <inf> bttester_bap_audio_stream: Stream 0x2001394c sent 100 SDUs of size 26
[00:01:11.684,265] <inf> bttester_bap_audio_stream: Stream 0x20013aa4 sent 100 SDUs of size 26
[00:01:11.692,962] <dbg> bttester: cmd_handler: cmd service 0x0e opcode 0x03 index 0x00
[00:01:11.709,503] <dbg> bttester: cmd_handler: cmd service 0x0e opcode 0x03 index 0x00
[00:01:11.722,320] <dbg> bttester: cmd_handler: cmd service 0x0e opcode 0x03 index 0x00
[00:01:11.762,420] <dbg> bttester: cmd_handler: cmd service 0x0e opcode 0x03 index 0x00
[00:01:11.806,274] <dbg> bttester: cmd_handler: cmd service 0x0e opcode 0x03 index 0x00
[00:01:11.831,848] <dbg> bttester: cmd_handler: cmd service 0x0e opcode 0x03 index 0x00
[00:01:11.849,609] <dbg> bttester: cmd_handler: cmd service 0x0e opcode 0x03 index 0x00
[00:01:11.893,005] <dbg> bttester: cmd_handler: cmd service 0x0e opcode 0x03 index 0x00
[00:01:11.914,337] <dbg> bttester: cmd_handler: cmd service 0x0e opcode 0x03 index 0x00
[00:01:11.926,513] <dbg> bttester: cmd_handler: cmd service 0x0e opcode 0x03 index 0x00
[00:01:11.940,124] <dbg> bttester: cmd_handler: cmd service 0x0e opcode 0x03 index 0x00
[00:01:11.948,852] <dbg> bttester: cmd_handler: cmd service 0x0e opcode 0x03 index 0x00
[00:01:11.959,655] <dbg> bttester: cmd_handler: cmd service 0x0e opcode 0x03 index 0x00
[00:01:11.972,625] <dbg> bttester: cmd_handler: cmd service 0x0e opcode 0x03 index 0x00
[00:01:11.982,696] <dbg> bttester: cmd_handler: cmd service 0x0e opcode 0x03 index 0x00
[00:01:12.003,387] <dbg> bttester: cmd_handler: cmd service 0x0e opcode 0x03 index 0x00
[00:01:12.030,059] <dbg> bttester: cmd_handler: cmd service 0x0e opcode 0x03 index 0x00
[00:01:12.047,241] <dbg> bttester: cmd_handler: cmd service 0x0e opcode 0x03 index 0x00
[00:01:12.056,671] <dbg> bttester: cmd_handler: cmd service 0x0e opcode 0x03 index 0x00
[00:01:12.073,211] <dbg> bttester: cmd_handler: cmd service 0x0e opcode 0x03 index 0x00
[00:01:12.082,427] <dbg> bttester: cmd_handler: cmd service 0x0e opcode 0x03 index 0x00
[00:01:12.094,757] <dbg> bttester: cmd_handler: cmd service 0x0e opcode 0x03 index 0x00
[00:01:12.105,499] <dbg> bttester: cmd_handler: cmd service 0x0e opcode 0x03 index 0x00
[00:01:12.117,706] <dbg> bttester: cmd_handler: cmd service 0x0e opcode 0x03 index 0x00
[00:01:12.129,882] <dbg> bttester: cmd_handler: cmd service 0x0e opcode 0x03 index 0x00
[00:01:12.159,240] <dbg> bttester: cmd_handler: cmd service 0x0e opcode 0x03 index 0x00
[00:01:12.187,713] <dbg> bttester: cmd_handler: cmd service 0x0e opcode 0x03 index 0x00
[00:01:12.242,340] <dbg> bttester: cmd_handler: cmd service 0x0e opcode 0x03 index 0x00
[00:01:12.285,522] <dbg> bttester: cmd_handler: cmd service 0x0e opcode 0x03 index 0x00
[00:01:12.356,018] <dbg> bttester: cmd_handler: cmd service 0x0e opcode 0x03 index 0x00
[00:01:12.437,408] <dbg> bttester: cmd_handler: cmd service 0x0e opcode 0x03 index 0x00
[00:01:12.479,949] <dbg> bttester: cmd_handler: cmd service 0x0e opcode 0x03 index 0x00
[00:01:12.571,075] <dbg> bttester: cmd_handler: cmd service 0x0e opcode 0x03 index 0x00
[00:01:12.584,838] <dbg> bttester: cmd_handler: cmd service 0x0e opcode 0x03 index 0x00
[00:01:12.593,780] <dbg> bttester: cmd_handler: cmd service 0x0e opcode 0x03 index 0x00
[00:01:12.604,583] <dbg> bttester: cmd_handler: cmd service 0x0e opcode 0x03 index 0x00
[00:01:12.614,929] <dbg> bttester: cmd_handler: cmd service 0x0e opcode 0x03 index 0x00
[00:01:12.637,573] <dbg> bttester: cmd_handler: cmd service 0x0e opcode 0x03 index 0x00
[00:01:12.653,594] <dbg> bttester: cmd_handler: cmd service 0x0e opcode 0x03 index 0x00
[00:01:12.703,735] <dbg> bttester: cmd_handler: cmd service 0x0e opcode 0x03 index 0x00
[00:01:12.716,949] <dbg> bttester: cmd_handler: cmd service 0x0e opcode 0x03 index 0x00
[00:01:12.737,426] <dbg> bttester: cmd_handler: cmd service 0x0e opcode 0x03 index 0x00
[00:01:12.751,220] <dbg> bttester: cmd_handler: cmd service 0x0e opcode 0x03 index 0x00
[00:01:12.765,411] <dbg> bttester: cmd_handler: cmd service 0x0e opcode 0x03 index 0x00
[00:01:12.789,520] <dbg> bttester: cmd_handler: cmd service 0x0e opcode 0x03 index 0x00
[00:01:12.824,157] <dbg> bttester: cmd_handler: cmd service 0x0e opcode 0x03 index 0x00
[00:01:12.840,454] <dbg> bttester: cmd_handler: cmd service 0x0e opcode 0x03 index 0x00
[00:01:12.861,114] <dbg> bttester: cmd_handler: cmd service 0x0e opcode 0x03 index 0x00
[00:01:13.026,580] <inf> bttester_bap_audio_stream: Stream 0x2001394c sent 200 SDUs of size 26
[00:01:13.026,733] <inf> bttester_bap_audio_stream: Stream 0x20013aa4 sent 200 SDUs of size 26
[00:01:14.376,586] <inf> bttester_bap_audio_stream: Stream 0x2001394c sent 300 SDUs of size 26
[00:01:14.376,770] <inf> bttester_bap_audio_stream: Stream 0x20013aa4 sent 300 SDUs of size 26
[00:01:15.726,593] <inf> bttester_bap_audio_stream: Stream 0x2001394c sent 400 SDUs of size 26
[00:01:15.726,745] <inf> bttester_bap_audio_stream: Stream 0x20013aa4 sent 400 SDUs of size 26
[00:01:17.076,599] <inf> bttester_bap_audio_stream: Stream 0x2001394c sent 500 SDUs of size 26
[00:01:17.076,751] <inf> bttester_bap_audio_stream: Stream 0x20013aa4 sent 500 SDUs of size 26
[00:01:18.426,605] <inf> bttester_bap_audio_stream: Stream 0x2001394c sent 600 SDUs of size 26
[00:01:18.426,757] <inf> bttester_bap_audio_stream: Stream 0x20013aa4 sent 600 SDUs of size 26
[00:01:19.776,580] <inf> bttester_bap_audio_stream: Stream 0x2001394c sent 700 SDUs of size 26
[00:01:19.776,763] <inf> bttester_bap_audio_stream: Stream 0x20013aa4 sent 700 SDUs of size 26
[00:01:21.126,586] <inf> bttester_bap_audio_stream: Stream 0x2001394c sent 800 SDUs of size 26
[00:01:21.126,770] <inf> bttester_bap_audio_stream: Stream 0x20013aa4 sent 800 SDUs of size 26
[00:01:22.476,593] <inf> bttester_bap_audio_stream: Stream 0x2001394c sent 900 SDUs of size 26
[00:01:22.476,745] <inf> bttester_bap_audio_stream: Stream 0x20013aa4 sent 900 SDUs of size 26
[00:01:23.826,599] <inf> bttester_bap_audio_stream: Stream 0x2001394c sent 1000 SDUs of size 26
[00:01:23.826,751] <inf> bttester_bap_audio_stream: Stream 0x20013aa4 sent 1000 SDUs of size 26
[00:01:25.176,605] <inf> bttester_bap_audio_stream: Stream 0x2001394c sent 1100 SDUs of size 26
[00:01:25.176,757] <inf> bttester_bap_audio_stream: Stream 0x20013aa4 sent 1100 SDUs of size 26
[00:01:26.526,580] <inf> bttester_bap_audio_stream: Stream 0x2001394c sent 1200 SDUs of size 26
[00:01:26.526,763] <inf> bttester_bap_audio_stream: Stream 0x20013aa4 sent 1200 SDUs of size 26
[00:01:27.876,586] <inf> bttester_bap_audio_stream: Stream 0x2001394c sent 1300 SDUs of size 26
[00:01:27.876,770] <inf> bttester_bap_audio_stream: Stream 0x20013aa4 sent 1300 SDUs of size 26
[00:01:29.226,593] <inf> bttester_bap_audio_stream: Stream 0x2001394c sent 1400 SDUs of size 26
[00:01:29.226,745] <inf> bttester_bap_audio_stream: Stream 0x20013aa4 sent 1400 SDUs of size 26
[00:01:30.576,599] <inf> bttester_bap_audio_stream: Stream 0x2001394c sent 1500 SDUs of size 26
[00:01:30.576,751] <inf> bttester_bap_audio_stream: Stream 0x20013aa4 sent 1500 SDUs of size 26
[00:01:31.926,605] <inf> bttester_bap_audio_stream: Stream 0x2001394c sent 1600 SDUs of size 26
[00:01:31.926,757] <inf> bttester_bap_audio_stream: Stream 0x20013aa4 sent 1600 SDUs of size 26
[00:01:33.276,580] <inf> bttester_bap_audio_stream: Stream 0x2001394c sent 1700 SDUs of size 26
[00:01:33.276,763] <inf> bttester_bap_audio_stream: Stream 0x20013aa4 sent 1700 SDUs of size 26
[00:01:34.626,586] <inf> bttester_bap_audio_stream: Stream 0x2001394c sent 1800 SDUs of size 26
[00:01:34.626,770] <inf> bttester_bap_audio_stream: Stream 0x20013aa4 sent 1800 SDUs of size 26
[00:01:35.976,593] <inf> bttester_bap_audio_stream: Stream 0x2001394c sent 1900 SDUs of size 26
[00:01:35.976,745] <inf> bttester_bap_audio_stream: Stream 0x20013aa4 sent 1900 SDUs of size 26
[00:01:37.326,599] <inf> bttester_bap_audio_stream: Stream 0x2001394c sent 2000 SDUs of size 26
[00:01:37.326,751] <inf> bttester_bap_audio_stream: Stream 0x20013aa4 sent 2000 SDUs of size 26
[00:01:38.676,605] <inf> bttester_bap_audio_stream: Stream 0x2001394c sent 2100 SDUs of size 26
[00:01:38.676,757] <inf> bttester_bap_audio_stream: Stream 0x20013aa4 sent 2100 SDUs of size 26
[00:01:40.026,580] <inf> bttester_bap_audio_stream: Stream 0x2001394c sent 2200 SDUs of size 26
[00:01:40.026,763] <inf> bttester_bap_audio_stream: Stream 0x20013aa4 sent 2200 SDUs of size 26
[00:01:41.376,586] <inf> bttester_bap_audio_stream: Stream 0x2001394c sent 2300 SDUs of size 26
[00:01:41.376,770] <inf> bttester_bap_audio_stream: Stream 0x20013aa4 sent 2300 SDUs of size 26
[00:01:42.726,593] <inf> bttester_bap_audio_stream: Stream 0x2001394c sent 2400 SDUs of size 26
[00:01:42.726,745] <inf> bttester_bap_audio_stream: Stream 0x20013aa4 sent 2400 SDUs of size 26
[00:01:44.076,599] <inf> bttester_bap_audio_stream: Stream 0x2001394c sent 2500 SDUs of size 26
[00:01:44.076,751] <inf> bttester_bap_audio_stream: Stream 0x20013aa4 sent 2500 SDUs of size 26
[00:01:45.426,605] <inf> bttester_bap_audio_stream: Stream 0x2001394c sent 2600 SDUs of size 26
[00:01:45.426,757] <inf> bttester_bap_audio_stream: Stream 0x20013aa4 sent 2600 SDUs of size 26
[00:01:46.776,580] <inf> bttester_bap_audio_stream: Stream 0x2001394c sent 2700 SDUs of size 26
[00:01:46.776,763] <inf> bttester_bap_audio_stream: Stream 0x20013aa4 sent 2700 SDUs of size 26
[00:01:48.126,586] <inf> bttester_bap_audio_stream: Stream 0x2001394c sent 2800 SDUs of size 26
[00:01:48.126,770] <inf> bttester_bap_audio_stream: Stream 0x20013aa4 sent 2800 SDUs of size 26
[00:01:49.476,593] <inf> bttester_bap_audio_stream: Stream 0x2001394c sent 2900 SDUs of size 26
[00:01:49.476,745] <inf> bttester_bap_audio_stream: Stream 0x20013aa4 sent 2900 SDUs of size 26
[00:01:50.826,599] <inf> bttester_bap_audio_stream: Stream 0x2001394c sent 3000 SDUs of size 26
[00:01:50.826,751] <inf> bttester_bap_audio_stream: Stream 0x20013aa4 sent 3000 SDUs of size 26
[00:01:52.176,605] <inf> bttester_bap_audio_stream: Stream 0x2001394c sent 3100 SDUs of size 26
[00:01:52.176,757] <inf> bttester_bap_audio_stream: Stream 0x20013aa4 sent 3100 SDUs of size 26
[00:01:53.526,580] <inf> bttester_bap_audio_stream: Stream 0x2001394c sent 3200 SDUs of size 26
[00:01:53.526,763] <inf> bttester_bap_audio_stream: Stream 0x20013aa4 sent 3200 SDUs of size 26
[00:01:54.876,586] <inf> bttester_bap_audio_stream: Stream 0x2001394c sent 3300 SDUs of size 26
[00:01:54.876,770] <inf> bttester_bap_audio_stream: Stream 0x20013aa4 sent 3300 SDUs of size 26
[00:01:56.226,593] <inf> bttester_bap_audio_stream: Stream 0x2001394c sent 3400 SDUs of size 26
[00:01:56.226,745] <inf> bttester_bap_audio_stream: Stream 0x20013aa4 sent 3400 SDUs of size 26
[00:01:57.576,599] <inf> bttester_bap_audio_stream: Stream 0x2001394c sent 3500 SDUs of size 26
[00:01:57.576,751] <inf> bttester_bap_audio_stream: Stream 0x20013aa4 sent 3500 SDUs of size 26
[00:01:58.926,605] <inf> bttester_bap_audio_stream: Stream 0x2001394c sent 3600 SDUs of size 26
[00:01:58.926,757] <inf> bttester_bap_audio_stream: Stream 0x20013aa4 sent 3600 SDUs of size 26
[00:02:00.276,580] <inf> bttester_bap_audio_stream: Stream 0x2001394c sent 3700 SDUs of size 26
[00:02:00.276,763] <inf> bttester_bap_audio_stream: Stream 0x20013aa4 sent 3700 SDUs of size 26
[00:02:01.626,586] <inf> bttester_bap_audio_stream: Stream 0x2001394c sent 3800 SDUs of size 26
[00:02:01.626,770] <inf> bttester_bap_audio_stream: Stream 0x20013aa4 sent 3800 SDUs of size 26
[00:02:02.976,593] <inf> bttester_bap_audio_stream: Stream 0x2001394c sent 3900 SDUs of size 26
[00:02:02.976,745] <inf> bttester_bap_audio_stream: Stream 0x20013aa4 sent 3900 SDUs of size 26
[00:02:04.326,599] <inf> bttester_bap_audio_stream: Stream 0x2001394c sent 4000 SDUs of size 26
[00:02:04.326,751] <inf> bttester_bap_audio_stream: Stream 0x20013aa4 sent 4000 SDUs of size 26
[00:02:05.676,605] <inf> bttester_bap_audio_stream: Stream 0x2001394c sent 4100 SDUs of size 26
[00:02:05.676,757] <inf> bttester_bap_audio_stream: Stream 0x20013aa4 sent 4100 SDUs of size 26
[00:02:07.026,580] <inf> bttester_bap_audio_stream: Stream 0x2001394c sent 4200 SDUs of size 26
[00:02:07.026,763] <inf> bttester_bap_audio_stream: Stream 0x20013aa4 sent 4200 SDUs of size 26
[00:02:08.376,586] <inf> bttester_bap_audio_stream: Stream 0x2001394c sent 4300 SDUs of size 26
[00:02:08.376,770] <inf> bttester_bap_audio_stream: Stream 0x20013aa4 sent 4300 SDUs of size 26
[00:02:09.726,593] <inf> bttester_bap_audio_stream: Stream 0x2001394c sent 4400 SDUs of size 26
[00:02:09.726,745] <inf> bttester_bap_audio_stream: Stream 0x20013aa4 sent 4400 SDUs of size 26
[00:02:11.076,599] <inf> bttester_bap_audio_stream: Stream 0x2001394c sent 4500 SDUs of size 26
[00:02:11.076,751] <inf> bttester_bap_audio_stream: Stream 0x20013aa4 sent 4500 SDUs of size 26
[00:02:12.426,605] <inf> bttester_bap_audio_stream: Stream 0x2001394c sent 4600 SDUs of size 26
[00:02:12.426,757] <inf> bttester_bap_audio_stream: Stream 0x20013aa4 sent 4600 SDUs of size 26
[00:02:13.776,580] <inf> bttester_bap_audio_stream: Stream 0x2001394c sent 4700 SDUs of size 26
[00:02:13.776,763] <inf> bttester_bap_audio_stream: Stream 0x20013aa4 sent 4700 SDUs of size 26
[00:02:15.126,586] <inf> bttester_bap_audio_stream: Stream 0x2001394c sent 4800 SDUs of size 26
[00:02:15.126,770] <inf> bttester_bap_audio_stream: Stream 0x20013aa4 sent 4800 SDUs of size 26
[00:02:16.476,593] <inf> bttester_bap_audio_stream: Stream 0x2001394c sent 4900 SDUs of size 26
[00:02:16.476,745] <inf> bttester_bap_audio_stream: Stream 0x20013aa4 sent 4900 SDUs of size 26
[00:02:17.826,599] <inf> bttester_bap_audio_stream: Stream 0x2001394c sent 5000 SDUs of size 26
[00:02:17.826,751] <inf> bttester_bap_audio_stream: Stream 0x20013aa4 sent 5000 SDUs of size 26
[00:02:19.176,605] <inf> bttester_bap_audio_stream: Stream 0x2001394c sent 5100 SDUs of size 26
[00:02:19.176,757] <inf> bttester_bap_audio_stream: Stream 0x20013aa4 sent 5100 SDUs of size 26
[00:02:20.526,580] <inf> bttester_bap_audio_stream: Stream 0x2001394c sent 5200 SDUs of size 26
[00:02:20.526,763] <inf> bttester_bap_audio_stream: Stream 0x20013aa4 sent 5200 SDUs of size 26
[00:02:21.876,586] <inf> bttester_bap_audio_stream: Stream 0x2001394c sent 5300 SDUs of size 26
[00:02:21.876,770] <inf> bttester_bap_audio_stream: Stream 0x20013aa4 sent 5300 SDUs of size 26
[00:02:23.226,593] <inf> bttester_bap_audio_stream: Stream 0x2001394c sent 5400 SDUs of size 26
[00:02:23.226,745] <inf> bttester_bap_audio_stream: Stream 0x20013aa4 sent 5400 SDUs of size 26
[00:02:24.576,599] <inf> bttester_bap_audio_stream: Stream 0x2001394c sent 5500 SDUs of size 26
[00:02:24.576,751] <inf> bttester_bap_audio_stream: Stream 0x20013aa4 sent 5500 SDUs of size 26
[00:02:25.926,605] <inf> bttester_bap_audio_stream: Stream 0x2001394c sent 5600 SDUs of size 26
[00:02:25.926,757] <inf> bttester_bap_audio_stream: Stream 0x20013aa4 sent 5600 SDUs of size 26
[00:02:27.276,580] <inf> bttester_bap_audio_stream: Stream 0x2001394c sent 5700 SDUs of size 26
[00:02:27.276,763] <inf> bttester_bap_audio_stream: Stream 0x20013aa4 sent 5700 SDUs of size 26
