*** Booting Zephyr OS build v4.2.0-694-g5c7c3980eb06 ***
[00:00:00.253,265] <dbg> bttester: tester_init: Initializing tester
[00:00:06.301,239] <dbg> bttester: cmd_handler: cmd service 0x00 opcode 0x03 index 0xff
[00:00:06.327,941] <wrn> bt_hci_core: Num of Controller's ACL packets != ACL bt_conn_tx contexts (7 != 3)
[00:00:06.327,941] <wrn> bt_hci_core: Num of Controller's ISO packets != ISO bt_conn_tx contexts(12 != 4)
[00:00:06.331,207] <inf> bt_hci_core: HW Platform: Nordic Semiconductor (0x0002)
[00:00:06.331,237] <inf> bt_hci_core: HW Variant: nRF53x (0x0003)
[00:00:06.331,268] <inf> bt_hci_core: Firmware: Standard Bluetooth controller (0x00) Version 4.2 Build 99
[00:00:06.333,465] <inf> bt_hci_core: HCI transport: IPC
[00:00:06.333,557] <inf> bt_hci_core: Identity: D7:B8:1B:0B:51:C3 (random)
[00:00:06.333,587] <inf> bt_hci_core: HCI: version 5.4 (0x0d) revision 0x0000, manufacturer 0x05f1
[00:00:06.333,587] <inf> bt_hci_core: LMP: version 5.4 (0x0d) subver 0xffff
[00:00:06.333,648] <dbg> bttester: tester_rsp_with_index: service 0x00 opcode 0x03 index 0xff status 0x00
[00:00:06.343,750] <dbg> bttester: cmd_handler: cmd service 0x01 opcode 0x01 index 0xff
[00:00:06.448,669] <dbg> bttester: cmd_handler: cmd service 0x01 opcode 0x03 index 0x00
[00:00:06.769,317] <dbg> bttester: cmd_handler: cmd service 0x00 opcode 0x03 index 0xff
[00:00:06.769,378] <dbg> bttester: tester_rsp_with_index: service 0x00 opcode 0x03 index 0xff status 0x00
[00:00:06.822,235] <dbg> bttester: cmd_handler: cmd service 0x02 opcode 0x01 index 0xff
[00:00:06.957,733] <dbg> bttester: cmd_handler: cmd service 0x01 opcode 0x08 index 0x00
[00:00:07.031,433] <dbg> bttester: cmd_handler: cmd service 0x00 opcode 0x03 index 0xff
[00:00:07.031,463] <dbg> bttester: tester_rsp_with_index: service 0x00 opcode 0x03 index 0xff status 0x00
[00:00:09.098,999] <dbg> bttester: cmd_handler: cmd service 0x01 opcode 0x0a index 0x00
[00:00:09.621,368] <dbg> bttester_gap: le_connected: C0:07:E8:1C:28:DF (public): 0x00
[00:00:09.621,398] <dbg> bttester: tester_event: service 0x01 opcode 0x82
[00:00:09.622,894] <dbg> bttester: tester_event: service 0x01 opcode 0x80
[00:00:14.434,997] <dbg> bttester_gap: le_disconnected: C0:07:E8:1C:28:DF (public): 0x13
[00:00:14.435,028] <dbg> bttester: tester_event: service 0x01 opcode 0x83
[00:00:14.436,096] <err> bt_adv: No valid legacy adv to resume
