WARNING: Using a test - not safe - entropy source
uart connected to pseudotty: /dev/pts/4
*** Booting Zephyr OS build v4.3.0-5180-g96d9db95de80 ***
[00:00:00.000,000] [0m<dbg> bttester: tester_init: Initializing tester[0m
[00:00:00.510,000] [0m<dbg> bttester: cmd_handler: cmd service 0x00 opcode 0x03 index 0xff[0m
[00:00:00.690,000] [1;33m<wrn> bt_hci_core: Num of Controller's ISO packets != ISO bt_conn_tx contexts(3 != 4)[0m
[00:00:00.870,000] [0m<inf> bt_hci_core: HCI transport: HCI User Channel[0m
[00:00:00.870,000] [0m<inf> bt_hci_core: Identity: D5:B6:CC:31:DB:3B (random)[0m
[00:00:00.870,000] [0m<inf> bt_hci_core: HCI: version 6.1 (0x0f) revision 0x3069, manufacturer 0x0059[0m
[00:00:00.870,000] [0m<inf> bt_hci_core: LMP: version 6.1 (0x0f) subver 0x3069[0m
[00:00:00.870,000] [0m<dbg> bttester: cmd_handler: Command returns status 0[0m
[00:00:00.870,000] [0m<dbg> bttester: tester_rsp_with_index: service 0x00 opcode 0x03 index 0xff status 0x00[0m
[00:00:00.920,000] [0m<dbg> bttester: cmd_handler: cmd service 0x01 opcode 0x01 index 0xff[0m
[00:00:00.920,000] [0m<dbg> bttester: cmd_handler: Command returns status 0[0m
[00:00:00.980,000] [0m<dbg> bttester: cmd_handler: cmd service 0x01 opcode 0x03 index 0x00[0m
[00:00:00.980,000] [0m<dbg> bttester: cmd_handler: Command returns status 0[0m
[00:00:01.050,000] [0m<dbg> bttester: cmd_handler: cmd service 0x00 opcode 0x03 index 0xff[0m
[00:00:01.050,000] [0m<dbg> bttester: cmd_handler: Command returns status 0[0m
[00:00:01.050,000] [0m<dbg> bttester: tester_rsp_with_index: service 0x00 opcode 0x03 index 0xff status 0x00[0m
[00:00:01.080,000] [0m<dbg> bttester: cmd_handler: cmd service 0x02 opcode 0x01 index 0xff[0m
[00:00:01.080,000] [0m<dbg> bttester: cmd_handler: Command returns status 0[0m
[00:00:01.140,000] [0m<dbg> bttester: cmd_handler: cmd service 0x01 opcode 0x08 index 0x00[0m
[00:00:01.140,000] [0m<dbg> bttester: cmd_handler: Command returns status 0[0m
[00:00:01.200,000] [0m<dbg> bttester: cmd_handler: cmd service 0x00 opcode 0x03 index 0xff[0m
[00:00:01.200,000] [0m<dbg> bttester: cmd_handler: Command returns status 0[0m
[00:00:01.200,000] [0m<dbg> bttester: tester_rsp_with_index: service 0x00 opcode 0x03 index 0xff status 0x00[0m
[00:00:01.250,000] [0m<dbg> bttester: cmd_handler: cmd service 0x0c opcode 0x01 index 0xff[0m
[00:00:01.250,000] [0m<dbg> bttester: cmd_handler: Command returns status 0[0m
[00:00:01.300,000] [0m<dbg> bttester: cmd_handler: cmd service 0x00 opcode 0x03 index 0xff[0m
[00:00:01.300,000] [0m<dbg> bttester: cmd_handler: Command returns status 0[0m
[00:00:01.300,000] [0m<dbg> bttester: tester_rsp_with_index: service 0x00 opcode 0x03 index 0xff status 0x00[0m
[00:00:01.350,000] [0m<dbg> bttester: cmd_handler: cmd service 0x0d opcode 0x01 index 0xff[0m
[00:00:01.350,000] [0m<dbg> bttester: cmd_handler: Command returns status 0[0m
[00:00:01.410,000] [0m<dbg> bttester: cmd_handler: cmd service 0x00 opcode 0x03 index 0xff[0m
[00:00:01.410,000] [0m<dbg> bttester: cmd_handler: Command returns status 0[0m
[00:00:01.410,000] [0m<dbg> bttester: tester_rsp_with_index: service 0x00 opcode 0x03 index 0xff status 0x00[0m
[00:00:01.460,000] [0m<dbg> bttester: cmd_handler: cmd service 0x0e opcode 0x01 index 0xff[0m
[00:00:01.460,000] [0m<dbg> bttester: cmd_handler: Command returns status 0[0m
[00:00:04.520,000] [0m<dbg> bttester: cmd_handler: cmd service 0x0e opcode 0x0a index 0x00[0m
[00:00:04.520,000] [0m<dbg> bttester_bap_broadcast: btp_bap_broadcast_sink_setup: [0m
[00:00:04.520,000] [0m<dbg> bttester: cmd_handler: Command returns status 0[0m
[00:00:04.520,000] [0m<dbg> bttester: tester_rsp_with_index: service 0x0e opcode 0x0a index 0x00 status 0x00[0m
[00:00:04.540,000] [0m<dbg> bttester: cmd_handler: cmd service 0x0e opcode 0x0c index 0x00[0m
[00:00:04.540,000] [0m<dbg> bttester_bap_broadcast: btp_bap_broadcast_scan_start: [0m
[00:00:04.590,000] [0m<dbg> bttester: cmd_handler: Command returns status 0[0m
[00:00:04.590,000] [0m<dbg> bttester: tester_rsp_with_index: service 0x0e opcode 0x0c index 0x00 status 0x00[0m
[00:00:04.610,000] [0m<dbg> bttester_bap_broadcast: baa_check: Found BAA with ID 0xC0DEC0, addr EC:98:83:EA:36:AB (random), sid 0x0C, interval 0x0055[0m
[00:00:04.610,000] [0m<dbg> bttester: tester_event: service 0x0e opcode 0x84[0m
[00:00:04.650,000] [0m<dbg> bttester_bap_broadcast: baa_check: Found BAA with ID 0xC0DEC0, addr EC:98:83:EA:36:AB (random), sid 0x0C, interval 0x0055[0m
[00:00:04.650,000] [0m<dbg> bttester: tester_event: service 0x0e opcode 0x84[0m
[00:00:04.710,000] [0m<dbg> bttester_bap_broadcast: baa_check: Found BAA with ID 0xB68903, addr DF:A9:FF:F6:B1:1A (public), sid 0x00, interval 0x0258[0m
[00:00:04.710,000] [0m<dbg> bttester: tester_event: service 0x0e opcode 0x84[0m
[00:00:04.730,000] [0m<dbg> bttester_bap_broadcast: baa_check: Found BAA with ID 0xC0DEC0, addr EC:98:83:EA:36:AB (random), sid 0x0C, interval 0x0055[0m
[00:00:04.730,000] [0m<dbg> bttester: tester_event: service 0x0e opcode 0x84[0m
[00:00:04.770,000] [0m<dbg> bttester_bap_broadcast: baa_check: Found BAA with ID 0xC0DEC0, addr EC:98:83:EA:36:AB (random), sid 0x0C, interval 0x0055[0m
[00:00:04.770,000] [0m<dbg> bttester: tester_event: service 0x0e opcode 0x84[0m
[00:00:04.910,000] [0m<dbg> bttester_bap_broadcast: baa_check: Found BAA with ID 0xC0DEC0, addr EC:98:83:EA:36:AB (random), sid 0x0C, interval 0x0055[0m
[00:00:04.910,000] [0m<dbg> bttester: tester_event: service 0x0e opcode 0x84[0m
[00:00:05.610,000] [0m<dbg> bttester_bap_broadcast: baa_check: Found BAA with ID 0xC0DEC0, addr EC:98:83:EA:36:AB (random), sid 0x0C, interval 0x0055[0m
[00:00:05.610,000] [0m<dbg> bttester: tester_event: service 0x0e opcode 0x84[0m
[00:00:05.970,000] [0m<dbg> bttester_bap_broadcast: baa_check: Found BAA with ID 0xC0DEC0, addr EC:98:83:EA:36:AB (random), sid 0x0C, interval 0x0055[0m
[00:00:05.970,000] [0m<dbg> bttester: tester_event: service 0x0e opcode 0x84[0m
[00:00:06.050,000] [0m<dbg> bttester_bap_broadcast: baa_check: Found BAA with ID 0xC0DEC0, addr EC:98:83:EA:36:AB (random), sid 0x0C, interval 0x0055[0m
[00:00:06.050,000] [0m<dbg> bttester: tester_event: service 0x0e opcode 0x84[0m
[00:00:06.290,000] [0m<dbg> bttester_bap_broadcast: baa_check: Found BAA with ID 0xC0DEC0, addr EC:98:83:EA:36:AB (random), sid 0x0C, interval 0x0055[0m
[00:00:06.290,000] [0m<dbg> bttester: tester_event: service 0x0e opcode 0x84[0m
[00:00:06.650,000] [0m<dbg> bttester_bap_broadcast: baa_check: Found BAA with ID 0xC0DEC0, addr EC:98:83:EA:36:AB (random), sid 0x0C, interval 0x0055[0m
[00:00:06.650,000] [0m<dbg> bttester: tester_event: service 0x0e opcode 0x84[0m
[00:00:06.890,000] [0m<dbg> bttester_bap_broadcast: baa_check: Found BAA with ID 0xC0DEC0, addr EC:98:83:EA:36:AB (random), sid 0x0C, interval 0x0055[0m
[00:00:06.890,000] [0m<dbg> bttester: tester_event: service 0x0e opcode 0x84[0m
[00:00:06.930,000] [0m<dbg> bttester_bap_broadcast: baa_check: Found BAA with ID 0xC0DEC0, addr EC:98:83:EA:36:AB (random), sid 0x0C, interval 0x0055[0m
[00:00:06.930,000] [0m<dbg> bttester: tester_event: service 0x0e opcode 0x84[0m
[00:00:07.010,000] [0m<dbg> bttester_bap_broadcast: baa_check: Found BAA with ID 0xC0DEC0, addr EC:98:83:EA:36:AB (random), sid 0x0C, interval 0x0055[0m
[00:00:07.010,000] [0m<dbg> bttester: tester_event: service 0x0e opcode 0x84[0m
[00:00:07.410,000] [0m<dbg> bttester_bap_broadcast: baa_check: Found BAA with ID 0xC0DEC0, addr EC:98:83:EA:36:AB (random), sid 0x0C, interval 0x0055[0m
[00:00:07.410,000] [0m<dbg> bttester: tester_event: service 0x0e opcode 0x84[0m
[00:00:07.610,000] [0m<dbg> bttester_bap_broadcast: baa_check: Found BAA with ID 0xC0DEC0, addr EC:98:83:EA:36:AB (random), sid 0x0C, interval 0x0055[0m
[00:00:07.610,000] [0m<dbg> bttester: tester_event: service 0x0e opcode 0x84[0m
[00:00:07.770,000] [0m<dbg> bttester_bap_broadcast: baa_check: Found BAA with ID 0xC0DEC0, addr EC:98:83:EA:36:AB (random), sid 0x0C, interval 0x0055[0m
[00:00:07.770,000] [0m<dbg> bttester: tester_event: service 0x0e opcode 0x84[0m
[00:00:07.950,000] [0m<dbg> bttester_bap_broadcast: baa_check: Found BAA with ID 0xC0DEC0, addr EC:98:83:EA:36:AB (random), sid 0x0C, interval 0x0055[0m
[00:00:07.950,000] [0m<dbg> bttester: tester_event: service 0x0e opcode 0x84[0m
[00:00:08.610,000] [0m<dbg> bttester_bap_broadcast: baa_check: Found BAA with ID 0xC0DEC0, addr EC:98:83:EA:36:AB (random), sid 0x0C, interval 0x0055[0m
[00:00:08.610,000] [0m<dbg> bttester: tester_event: service 0x0e opcode 0x84[0m
[00:00:08.990,000] [0m<dbg> bttester_bap_broadcast: baa_check: Found BAA with ID 0xC0DEC0, addr EC:98:83:EA:36:AB (random), sid 0x0C, interval 0x0055[0m
[00:00:08.990,000] [0m<dbg> bttester: tester_event: service 0x0e opcode 0x84[0m
[00:00:09.030,000] [0m<dbg> bttester_bap_broadcast: baa_check: Found BAA with ID 0xC0DEC0, addr EC:98:83:EA:36:AB (random), sid 0x0C, interval 0x0055[0m
[00:00:09.030,000] [0m<dbg> bttester: tester_event: service 0x0e opcode 0x84[0m
[00:00:09.450,000] [0m<dbg> bttester_bap_broadcast: baa_check: Found BAA with ID 0xC0DEC0, addr EC:98:83:EA:36:AB (random), sid 0x0C, interval 0x0055[0m
[00:00:09.450,000] [0m<dbg> bttester: tester_event: service 0x0e opcode 0x84[0m
[00:00:09.750,000] [0m<dbg> bttester_bap_broadcast: baa_check: Found BAA with ID 0xC0DEC0, addr EC:98:83:EA:36:AB (random), sid 0x0C, interval 0x0055[0m
[00:00:09.750,000] [0m<dbg> bttester: tester_event: service 0x0e opcode 0x84[0m
[00:00:09.830,000] [0m<dbg> bttester_bap_broadcast: baa_check: Found BAA with ID 0xC0DEC0, addr EC:98:83:EA:36:AB (random), sid 0x0C, interval 0x0055[0m
[00:00:09.830,000] [0m<dbg> bttester: tester_event: service 0x0e opcode 0x84[0m
[00:00:09.870,000] [0m<dbg> bttester_bap_broadcast: baa_check: Found BAA with ID 0xC0DEC0, addr EC:98:83:EA:36:AB (random), sid 0x0C, interval 0x0055[0m
[00:00:09.870,000] [0m<dbg> bttester: tester_event: service 0x0e opcode 0x84[0m
[00:00:09.950,000] [0m<dbg> bttester_bap_broadcast: baa_check: Found BAA with ID 0xC0DEC0, addr EC:98:83:EA:36:AB (random), sid 0x0C, interval 0x0055[0m
[00:00:09.950,000] [0m<dbg> bttester: tester_event: service 0x0e opcode 0x84[0m
[00:00:09.990,000] [0m<dbg> bttester_bap_broadcast: baa_check: Found BAA with ID 0xC0DEC0, addr EC:98:83:EA:36:AB (random), sid 0x0C, interval 0x0055[0m
[00:00:09.990,000] [0m<dbg> bttester: tester_event: service 0x0e opcode 0x84[0m
[00:00:10.770,000] [0m<dbg> bttester_bap_broadcast: baa_check: Found BAA with ID 0xC0DEC0, addr EC:98:83:EA:36:AB (random), sid 0x0C, interval 0x0055[0m
[00:00:10.770,000] [0m<dbg> bttester: tester_event: service 0x0e opcode 0x84[0m
[00:00:10.850,000] [0m<dbg> bttester_bap_broadcast: baa_check: Found BAA with ID 0xC0DEC0, addr EC:98:83:EA:36:AB (random), sid 0x0C, interval 0x0055[0m
[00:00:10.850,000] [0m<dbg> bttester: tester_event: service 0x0e opcode 0x84[0m
[00:00:11.010,000] [0m<dbg> bttester_bap_broadcast: baa_check: Found BAA with ID 0xC0DEC0, addr EC:98:83:EA:36:AB (random), sid 0x0C, interval 0x0055[0m
[00:00:11.010,000] [0m<dbg> bttester: tester_event: service 0x0e opcode 0x84[0m
[00:00:11.270,000] [0m<dbg> bttester_bap_broadcast: baa_check: Found BAA with ID 0xC0DEC0, addr EC:98:83:EA:36:AB (random), sid 0x0C, interval 0x0055[0m
[00:00:11.270,000] [0m<dbg> bttester: tester_event: service 0x0e opcode 0x84[0m
[00:00:11.730,000] [0m<dbg> bttester_bap_broadcast: baa_check: Found BAA with ID 0xC0DEC0, addr EC:98:83:EA:36:AB (random), sid 0x0C, interval 0x0055[0m
[00:00:11.730,000] [0m<dbg> bttester: tester_event: service 0x0e opcode 0x84[0m
[00:00:12.090,000] [0m<dbg> bttester_bap_broadcast: baa_check: Found BAA with ID 0xC0DEC0, addr EC:98:83:EA:36:AB (random), sid 0x0C, interval 0x0055[0m
[00:00:12.090,000] [0m<dbg> bttester: tester_event: service 0x0e opcode 0x84[0m
[00:00:12.290,000] [0m<dbg> bttester_bap_broadcast: baa_check: Found BAA with ID 0xC0DEC0, addr EC:98:83:EA:36:AB (random), sid 0x0C, interval 0x0055[0m
[00:00:12.290,000] [0m<dbg> bttester: tester_event: service 0x0e opcode 0x84[0m
[00:00:12.830,000] [0m<dbg> bttester_bap_broadcast: baa_check: Found BAA with ID 0xC0DEC0, addr EC:98:83:EA:36:AB (random), sid 0x0C, interval 0x0055[0m
[00:00:12.830,000] [0m<dbg> bttester: tester_event: service 0x0e opcode 0x84[0m
[00:00:12.870,000] [0m<dbg> bttester_bap_broadcast: baa_check: Found BAA with ID 0xC0DEC0, addr EC:98:83:EA:36:AB (random), sid 0x0C, interval 0x0055[0m
[00:00:12.870,000] [0m<dbg> bttester: tester_event: service 0x0e opcode 0x84[0m
[00:00:13.230,000] [0m<dbg> bttester_bap_broadcast: baa_check: Found BAA with ID 0xC0DEC0, addr EC:98:83:EA:36:AB (random), sid 0x0C, interval 0x0055[0m
[00:00:13.230,000] [0m<dbg> bttester: tester_event: service 0x0e opcode 0x84[0m
[00:00:13.530,000] [0m<dbg> bttester_bap_broadcast: baa_check: Found BAA with ID 0xC0DEC0, addr EC:98:83:EA:36:AB (random), sid 0x0C, interval 0x0055[0m
[00:00:13.530,000] [0m<dbg> bttester: tester_event: service 0x0e opcode 0x84[0m
[00:00:14.730,000] [0m<dbg> bttester_bap_broadcast: baa_check: Found BAA with ID 0xC0DEC0, addr EC:98:83:EA:36:AB (random), sid 0x0C, interval 0x0055[0m
[00:00:14.730,000] [0m<dbg> bttester: tester_event: service 0x0e opcode 0x84[0m
[00:00:14.930,000] [0m<dbg> bttester_bap_broadcast: baa_check: Found BAA with ID 0xC0DEC0, addr EC:98:83:EA:36:AB (random), sid 0x0C, interval 0x0055[0m
[00:00:14.930,000] [0m<dbg> bttester: tester_event: service 0x0e opcode 0x84[0m
[00:00:16.190,000] [0m<dbg> bttester_bap_broadcast: baa_check: Found BAA with ID 0xC0DEC0, addr EC:98:83:EA:36:AB (random), sid 0x0C, interval 0x0055[0m
[00:00:16.190,000] [0m<dbg> bttester: tester_event: service 0x0e opcode 0x84[0m
[00:00:16.410,000] [0m<dbg> bttester_bap_broadcast: baa_check: Found BAA with ID 0xC0DEC0, addr EC:98:83:EA:36:AB (random), sid 0x0C, interval 0x0055[0m
[00:00:16.410,000] [0m<dbg> bttester: tester_event: service 0x0e opcode 0x84[0m
[00:00:16.590,000] [0m<dbg> bttester_bap_broadcast: baa_check: Found BAA with ID 0xC0DEC0, addr EC:98:83:EA:36:AB (random), sid 0x0C, interval 0x0055[0m
[00:00:16.590,000] [0m<dbg> bttester: tester_event: service 0x0e opcode 0x84[0m
[00:00:16.670,000] [0m<dbg> bttester_bap_broadcast: baa_check: Found BAA with ID 0xC0DEC0, addr EC:98:83:EA:36:AB (random), sid 0x0C, interval 0x0055[0m
[00:00:16.670,000] [0m<dbg> bttester: tester_event: service 0x0e opcode 0x84[0m
[00:00:16.710,000] [0m<dbg> bttester_bap_broadcast: baa_check: Found BAA with ID 0xC0DEC0, addr EC:98:83:EA:36:AB (random), sid 0x0C, interval 0x0055[0m
[00:00:16.710,000] [0m<dbg> bttester: tester_event: service 0x0e opcode 0x84[0m
[00:00:16.970,000] [0m<dbg> bttester_bap_broadcast: baa_check: Found BAA with ID 0xC0DEC0, addr EC:98:83:EA:36:AB (random), sid 0x0C, interval 0x0055[0m
[00:00:16.970,000] [0m<dbg> bttester: tester_event: service 0x0e opcode 0x84[0m
[00:00:17.090,000] [0m<dbg> bttester_bap_broadcast: baa_check: Found BAA with ID 0xC0DEC0, addr EC:98:83:EA:36:AB (random), sid 0x0C, interval 0x0055[0m
[00:00:17.090,000] [0m<dbg> bttester: tester_event: service 0x0e opcode 0x84[0m
[00:00:17.310,000] [0m<dbg> bttester_bap_broadcast: baa_check: Found BAA with ID 0xC0DEC0, addr EC:98:83:EA:36:AB (random), sid 0x0C, interval 0x0055[0m
[00:00:17.310,000] [0m<dbg> bttester: tester_event: service 0x0e opcode 0x84[0m
[00:00:18.650,000] [0m<dbg> bttester_bap_broadcast: baa_check: Found BAA with ID 0xC0DEC0, addr EC:98:83:EA:36:AB (random), sid 0x0C, interval 0x0055[0m
[00:00:18.650,000] [0m<dbg> bttester: tester_event: service 0x0e opcode 0x84[0m
[00:00:18.930,000] [0m<dbg> bttester_bap_broadcast: baa_check: Found BAA with ID 0xC0DEC0, addr EC:98:83:EA:36:AB (random), sid 0x0C, interval 0x0055[0m
[00:00:18.930,000] [0m<dbg> bttester: tester_event: service 0x0e opcode 0x84[0m
[00:00:19.230,000] [0m<dbg> bttester_bap_broadcast: baa_check: Found BAA with ID 0xC0DEC0, addr EC:98:83:EA:36:AB (random), sid 0x0C, interval 0x0055[0m
[00:00:19.230,000] [0m<dbg> bttester: tester_event: service 0x0e opcode 0x84[0m
[00:00:19.290,000] [0m<dbg> bttester_bap_broadcast: baa_check: Found BAA with ID 0xC0DEC0, addr EC:98:83:EA:36:AB (random), sid 0x0C, interval 0x0055[0m
[00:00:19.290,000] [0m<dbg> bttester: tester_event: service 0x0e opcode 0x84[0m
[00:00:19.590,000] [0m<dbg> bttester_bap_broadcast: baa_check: Found BAA with ID 0xC0DEC0, addr EC:98:83:EA:36:AB (random), sid 0x0C, interval 0x0055[0m
[00:00:19.590,000] [0m<dbg> bttester: tester_event: service 0x0e opcode 0x84[0m
[00:00:20.210,000] [0m<dbg> bttester_bap_broadcast: baa_check: Found BAA with ID 0xC0DEC0, addr EC:98:83:EA:36:AB (random), sid 0x0C, interval 0x0055[0m
[00:00:20.210,000] [0m<dbg> bttester: tester_event: service 0x0e opcode 0x84[0m
[00:00:21.050,000] [0m<dbg> bttester_bap_broadcast: baa_check: Found BAA with ID 0xC0DEC0, addr EC:98:83:EA:36:AB (random), sid 0x0C, interval 0x0055[0m
[00:00:21.050,000] [0m<dbg> bttester: tester_event: service 0x0e opcode 0x84[0m
[00:00:21.450,000] [0m<dbg> bttester_bap_broadcast: baa_check: Found BAA with ID 0xC0DEC0, addr EC:98:83:EA:36:AB (random), sid 0x0C, interval 0x0055[0m
[00:00:21.450,000] [0m<dbg> bttester: tester_event: service 0x0e opcode 0x84[0m
[00:00:21.830,000] [0m<dbg> bttester_bap_broadcast: baa_check: Found BAA with ID 0xC0DEC0, addr EC:98:83:EA:36:AB (random), sid 0x0C, interval 0x0055[0m
[00:00:21.830,000] [0m<dbg> bttester: tester_event: service 0x0e opcode 0x84[0m
[00:00:22.010,000] [0m<dbg> bttester_bap_broadcast: baa_check: Found BAA with ID 0xC0DEC0, addr EC:98:83:EA:36:AB (random), sid 0x0C, interval 0x0055[0m
[00:00:22.010,000] [0m<dbg> bttester: tester_event: service 0x0e opcode 0x84[0m
[00:00:22.290,000] [0m<dbg> bttester_bap_broadcast: baa_check: Found BAA with ID 0xC0DEC0, addr EC:98:83:EA:36:AB (random), sid 0x0C, interval 0x0055[0m
[00:00:22.290,000] [0m<dbg> bttester: tester_event: service 0x0e opcode 0x84[0m
[00:00:22.650,000] [0m<dbg> bttester_bap_broadcast: baa_check: Found BAA with ID 0xC0DEC0, addr EC:98:83:EA:36:AB (random), sid 0x0C, interval 0x0055[0m
[00:00:22.650,000] [0m<dbg> bttester: tester_event: service 0x0e opcode 0x84[0m
[00:00:23.270,000] [0m<dbg> bttester_bap_broadcast: baa_check: Found BAA with ID 0xC0DEC0, addr EC:98:83:EA:36:AB (random), sid 0x0C, interval 0x0055[0m
[00:00:23.270,000] [0m<dbg> bttester: tester_event: service 0x0e opcode 0x84[0m
[00:00:23.430,000] [0m<dbg> bttester_bap_broadcast: baa_check: Found BAA with ID 0xC0DEC0, addr EC:98:83:EA:36:AB (random), sid 0x0C, interval 0x0055[0m
[00:00:23.430,000] [0m<dbg> bttester: tester_event: service 0x0e opcode 0x84[0m
[00:00:23.550,000] [0m<dbg> bttester_bap_broadcast: baa_check: Found BAA with ID 0xC0DEC0, addr EC:98:83:EA:36:AB (random), sid 0x0C, interval 0x0055[0m
[00:00:23.550,000] [0m<dbg> bttester: tester_event: service 0x0e opcode 0x84[0m
[00:00:23.930,000] [0m<dbg> bttester_bap_broadcast: baa_check: Found BAA with ID 0xC0DEC0, addr EC:98:83:EA:36:AB (random), sid 0x0C, interval 0x0055[0m
[00:00:23.930,000] [0m<dbg> bttester: tester_event: service 0x0e opcode 0x84[0m
[00:00:24.050,000] [0m<dbg> bttester_bap_broadcast: baa_check: Found BAA with ID 0xC0DEC0, addr EC:98:83:EA:36:AB (random), sid 0x0C, interval 0x0055[0m
[00:00:24.050,000] [0m<dbg> bttester: tester_event: service 0x0e opcode 0x84[0m
[00:00:24.510,000] [0m<dbg> bttester_bap_broadcast: baa_check: Found BAA with ID 0xC0DEC0, addr EC:98:83:EA:36:AB (random), sid 0x0C, interval 0x0055[0m
[00:00:24.510,000] [0m<dbg> bttester: tester_event: service 0x0e opcode 0x84[0m
[00:00:24.630,000] [0m<dbg> bttester_bap_broadcast: baa_check: Found BAA with ID 0xC0DEC0, addr EC:98:83:EA:36:AB (random), sid 0x0C, interval 0x0055[0m
[00:00:24.630,000] [0m<dbg> bttester: tester_event: service 0x0e opcode 0x84[0m
[00:00:25.730,000] [0m<dbg> bttester_bap_broadcast: baa_check: Found BAA with ID 0xC0DEC0, addr EC:98:83:EA:36:AB (random), sid 0x0C, interval 0x0055[0m
[00:00:25.730,000] [0m<dbg> bttester: tester_event: service 0x0e opcode 0x84[0m
[00:00:27.260,000] [0m<dbg> bttester: cmd_handler: cmd service 0x01 opcode 0x05 index 0x00[0m
[00:00:27.270,000] [0m<dbg> bttester: cmd_handler: Command returns status 0[0m

Stopped at 28.330s
2026/01/31 05:45:28 socat[456596] W cannot restore terminal settings on fd 5: Input/output error
==456593==LeakSanitizer has encountered a fatal error.
==456593==HINT: For debugging, try setting environment variable LSAN_OPTIONS=verbosity=1:log_threads=1
==456593==HINT: LeakSanitizer does not work under ptrace (strace, gdb, etc)
