2024-11-24 01:40:33,740 LT1-thread root DEBUG client.py                 951   _run_test_case            : Starting TestCase _run_test_case L2CAP L2CAP/ECFC/BV-33-C
2024-11-24 01:40:33,740 LT1-thread root DEBUG testcase.py               712   pre_run                   : pre_run L2CAP L2CAP/ECFC/BV-33-C
2024-11-24 01:40:33,740 LT1-thread root DEBUG testcase.py               714   pre_run                   : About to run test case L2CAP L2CAP/ECFC/BV-33-C with commands:
2024-11-24 01:40:33,740 LT1-thread root DEBUG testcase.py               717   pre_run                   : 0) class=<class 'autopts.ptsprojects.testcase.TestFunc'>, func=<bound method Stack.core_init of <autopts.ptsprojects.stack.stack.Stack object at 0x7f92f354b0a0>> start_wid=None stop_wid=None post_wid=None skip_call=None call_count=0 args=() kwds={}
2024-11-24 01:40:33,740 LT1-thread root DEBUG testcase.py               717   pre_run                   : 1) class=<class 'autopts.ptsprojects.testcase.TestFunc'>, func=<bound method ZephyrCtl.hw_reset of <autopts.ptsprojects.zephyr.iutctl.ZephyrCtl object at 0x7f92f354b460>> start_wid=None stop_wid=None post_wid=None skip_call=None call_count=0 args=() kwds={}
2024-11-24 01:40:33,740 LT1-thread root DEBUG testcase.py               717   pre_run                   : 2) class=<class 'autopts.ptsprojects.testcase.TestFunc'>, func=<bound method ZephyrCtl.start of <autopts.ptsprojects.zephyr.iutctl.ZephyrCtl object at 0x7f92f354b460>> start_wid=None stop_wid=None post_wid=None skip_call=None call_count=0 args=(<autopts.ptsprojects.zephyr.ztestcase.ZTestCase object at 0x7f92f17a7af0>,) kwds={}
2024-11-24 01:40:33,740 LT1-thread root DEBUG testcase.py               717   pre_run                   : 3) class=<class 'autopts.ptsprojects.testcase.TestFunc'>, func=<bound method ZephyrCtl.hw_reset of <autopts.ptsprojects.zephyr.iutctl.ZephyrCtl object at 0x7f92f354b460>> start_wid=None stop_wid=None post_wid=None skip_call=None call_count=0 args=() kwds={}
2024-11-24 01:40:33,740 LT1-thread root DEBUG testcase.py               717   pre_run                   : 4) class=<class 'autopts.ptsprojects.testcase.TestFunc'>, func=<bound method ZephyrCtl.wait_iut_ready_event of <autopts.ptsprojects.zephyr.iutctl.ZephyrCtl object at 0x7f92f354b460>> start_wid=None stop_wid=None post_wid=None skip_call=None call_count=0 args=(False,) kwds={}
2024-11-24 01:40:33,740 LT1-thread root DEBUG testcase.py               717   pre_run                   : 5) class=<class 'autopts.ptsprojects.testcase.TestFunc'>, func=<function core_reg_svc_gap at 0x7f92f5f2b130> start_wid=None stop_wid=None post_wid=None skip_call=None call_count=85 args=() kwds={}
2024-11-24 01:40:33,741 LT1-thread root DEBUG testcase.py               717   pre_run                   : 6) class=<class 'autopts.ptsprojects.testcase.TestFunc'>, func=<function core_reg_svc_l2cap at 0x7f92f5f2b370> start_wid=None stop_wid=None post_wid=None skip_call=None call_count=85 args=() kwds={}
2024-11-24 01:40:33,741 LT1-thread root DEBUG testcase.py               717   pre_run                   : 7) class=<class 'autopts.ptsprojects.testcase.TestFunc'>, func=<function gap_read_ctrl_info at 0x7f92f5f43130> start_wid=None stop_wid=None post_wid=None skip_call=None call_count=85 args=() kwds={}
2024-11-24 01:40:33,741 LT1-thread root DEBUG testcase.py               717   pre_run                   : 8) class=<class 'autopts.ptsprojects.testcase.TestFunc'>, func=<function test_cases.<locals>.<lambda> at 0x7f92f1878f70> start_wid=None stop_wid=None post_wid=None skip_call=None call_count=85 args=() kwds={}
2024-11-24 01:40:33,741 LT1-thread root DEBUG testcase.py               717   pre_run                   : 9) class=<class 'autopts.ptsprojects.testcase.TestFunc'>, func=<function test_cases.<locals>.<lambda> at 0x7f92f1879000> start_wid=None stop_wid=None post_wid=None skip_call=None call_count=85 args=() kwds={}
2024-11-24 01:40:33,741 LT1-thread root DEBUG testcase.py               717   pre_run                   : 10) class=<class 'autopts.ptsprojects.testcase.TestFunc'>, func=<function test_cases.<locals>.<lambda> at 0x7f92f1879090> start_wid=None stop_wid=None post_wid=None skip_call=None call_count=85 args=() kwds={}
2024-11-24 01:40:33,741 LT1-thread root DEBUG testcase.py               717   pre_run                   : 11) class=<class 'autopts.ptsprojects.testcase.TestFunc'>, func=<function test_cases.<locals>.<lambda> at 0x7f92f1879120> start_wid=None stop_wid=None post_wid=None skip_call=None call_count=85 args=() kwds={}
2024-11-24 01:40:33,741 LT1-thread root DEBUG testcase.py               717   pre_run                   : 12) class=<class 'autopts.ptsprojects.testcase.TestFunc'>, func=<function test_cases.<locals>.<lambda> at 0x7f92f18791b0> start_wid=None stop_wid=None post_wid=None skip_call=None call_count=85 args=() kwds={}
2024-11-24 01:40:33,741 LT1-thread root DEBUG testcase.py               717   pre_run                   : 13) class=<class 'autopts.ptsprojects.testcase.TestFunc'>, func=<function test_cases.<locals>.<lambda> at 0x7f92f1879240> start_wid=None stop_wid=None post_wid=None skip_call=None call_count=85 args=() kwds={}
2024-11-24 01:40:33,741 LT1-thread root DEBUG testcase.py               717   pre_run                   : 14) class=<class 'autopts.ptsprojects.testcase.TestFunc'>, func=<function test_cases.<locals>.<lambda> at 0x7f92f18792d0> start_wid=None stop_wid=None post_wid=None skip_call=None call_count=85 args=() kwds={}
2024-11-24 01:40:33,741 LT1-thread root DEBUG testcase.py               717   pre_run                   : 15) class=<class 'autopts.ptsprojects.testcase.TestFunc'>, func=<function test_cases.<locals>.<lambda> at 0x7f92f1879360> start_wid=None stop_wid=None post_wid=None skip_call=None call_count=85 args=() kwds={}
2024-11-24 01:40:33,741 LT1-thread root DEBUG testcase.py               717   pre_run                   : 16) class=<class 'autopts.ptsprojects.testcase.TestFunc'>, func=<function test_cases.<locals>.<lambda> at 0x7f92f18793f0> start_wid=None stop_wid=None post_wid=None skip_call=None call_count=85 args=() kwds={}
2024-11-24 01:40:33,741 LT1-thread root DEBUG testcase.py               717   pre_run                   : 17) class=<class 'autopts.ptsprojects.testcase.TestFunc'>, func=<function test_cases.<locals>.<lambda> at 0x7f92f1879480> start_wid=None stop_wid=None post_wid=None skip_call=None call_count=85 args=() kwds={}
2024-11-24 01:40:33,741 LT1-thread root DEBUG testcase.py               717   pre_run                   : 18) class=<class 'autopts.ptsprojects.testcase.TestFunc'>, func=<function test_cases.<locals>.<lambda> at 0x7f92f1879510> start_wid=None stop_wid=None post_wid=None skip_call=None call_count=85 args=() kwds={}
2024-11-24 01:40:33,741 LT1-thread root DEBUG testcase.py               717   pre_run                   : 19) class=<class 'autopts.ptsprojects.testcase.TestFunc'>, func=<function test_cases.<locals>.<lambda> at 0x7f92f18795a0> start_wid=None stop_wid=None post_wid=None skip_call=None call_count=85 args=() kwds={}
2024-11-24 01:40:33,741 LT1-thread root DEBUG testcase.py               717   pre_run                   : 20) class=<class 'autopts.ptsprojects.testcase.TestFunc'>, func=<function test_cases.<locals>.<lambda> at 0x7f92f1879630> start_wid=None stop_wid=None post_wid=None skip_call=None call_count=85 args=() kwds={}
2024-11-24 01:40:33,741 LT1-thread root DEBUG testcase.py               717   pre_run                   : 21) class=<class 'autopts.ptsprojects.testcase.TestFunc'>, func=<function test_cases.<locals>.<lambda> at 0x7f92f18796c0> start_wid=None stop_wid=None post_wid=None skip_call=None call_count=85 args=() kwds={}
2024-11-24 01:40:33,741 LT1-thread root DEBUG testcase.py               717   pre_run                   : 22) class=<class 'autopts.ptsprojects.testcase.TestFunc'>, func=<function test_cases.<locals>.<lambda> at 0x7f92f1879750> start_wid=None stop_wid=None post_wid=None skip_call=None call_count=85 args=() kwds={}
2024-11-24 01:40:33,741 LT1-thread root DEBUG testcase.py               717   pre_run                   : 23) class=<class 'autopts.ptsprojects.testcase.TestFunc'>, func=<function set_pts_addr at 0x7f92f5f2ad40> start_wid=None stop_wid=None post_wid=None skip_call=None call_count=85 args=('C0:07:E8:1C:28:DF', 0) kwds={}
2024-11-24 01:40:33,741 LT1-thread root DEBUG testcase.py               717   pre_run                   : 24) class=<class 'autopts.ptsprojects.testcase.TestFunc'>, func=<bound method Stack.l2cap_init of <autopts.ptsprojects.stack.stack.Stack object at 0x7f92f354b0a0>> start_wid=None stop_wid=None post_wid=None skip_call=None call_count=75 args=(128, 120) kwds={}
2024-11-24 01:40:33,741 LT1-thread root DEBUG testcase.py               717   pre_run                   : 25) class=<class 'autopts.ptsprojects.testcase.TestFunc'>, func=<function l2cap_le_listen at 0x7f92f5f4f5b0> start_wid=None stop_wid=None post_wid=None skip_call=None call_count=75 args=(128, 120, 0) kwds={}
2024-11-24 01:40:33,741 LT1-thread root DEBUG testcase.py               717   pre_run                   : 26) class=<class 'autopts.ptsprojects.testcase.TestFuncCleanUp'>, func=<bound method Stack.cleanup of <autopts.ptsprojects.stack.stack.Stack object at 0x7f92f354b0a0>> start_wid=None stop_wid=None post_wid=None skip_call=None call_count=0 args=() kwds={}
2024-11-24 01:40:33,741 LT1-thread root DEBUG testcase.py               717   pre_run                   : 27) class=<class 'autopts.ptsprojects.testcase.TestFuncCleanUp'>, func=<bound method ZephyrCtl.stop of <autopts.ptsprojects.zephyr.iutctl.ZephyrCtl object at 0x7f92f354b460>> start_wid=None stop_wid=None post_wid=None skip_call=None call_count=0 args=() kwds={}
2024-11-24 01:40:33,741 LT1-thread root DEBUG testcase.py               724   pre_run                   : pre_run, run pre test case script
2024-11-24 01:40:33,742 LT1-thread root DEBUG testcase.py               253   start                     : Starting test function: class=<class 'autopts.ptsprojects.testcase.TestFunc'>, func=<bound method Stack.core_init of <autopts.ptsprojects.stack.stack.Stack object at 0x7f92f354b0a0>> start_wid=None stop_wid=None post_wid=None skip_call=None call_count=1 args=() kwds={}
2024-11-24 01:40:33,742 LT1-thread root DEBUG testcase.py               265   start                     : Test function parameters: args=(), kwds={}
2024-11-24 01:40:33,742 LT1-thread root DEBUG testcase.py               253   start                     : Starting test function: class=<class 'autopts.ptsprojects.testcase.TestFunc'>, func=<bound method ZephyrCtl.hw_reset of <autopts.ptsprojects.zephyr.iutctl.ZephyrCtl object at 0x7f92f354b460>> start_wid=None stop_wid=None post_wid=None skip_call=None call_count=1 args=() kwds={}
2024-11-24 01:40:33,742 LT1-thread root DEBUG testcase.py               265   start                     : Test function parameters: args=(), kwds={}
2024-11-24 01:40:33,742 LT1-thread root DEBUG testcase.py               253   start                     : Starting test function: class=<class 'autopts.ptsprojects.testcase.TestFunc'>, func=<bound method ZephyrCtl.start of <autopts.ptsprojects.zephyr.iutctl.ZephyrCtl object at 0x7f92f354b460>> start_wid=None stop_wid=None post_wid=None skip_call=None call_count=1 args=(<autopts.ptsprojects.zephyr.ztestcase.ZTestCase object at 0x7f92f17a7af0>,) kwds={}
2024-11-24 01:40:33,742 LT1-thread root DEBUG testcase.py               265   start                     : Test function parameters: args=(<autopts.ptsprojects.zephyr.ztestcase.ZTestCase object at 0x7f92f17a7af0>,), kwds={}
2024-11-24 01:40:33,742 LT1-thread root DEBUG iutctl.py                 104   start                     : <class 'autopts.ptsprojects.zephyr.iutctl.ZephyrCtl'>.start
2024-11-24 01:40:33,742 LT1-thread root DEBUG iutctl.py                 169   flush_serial              : <class 'autopts.ptsprojects.zephyr.iutctl.ZephyrCtl'>.flush_serial
2024-11-24 01:40:34,746 LT1-thread root DEBUG iutctl.py                 134   start                     : Starting socat process: socat -x -v /dev/ttyACM0,rawer,b115200 UNIX-CONNECT:/tmp/bt-stack-tester683989059
2024-11-24 01:40:34,747 LT1-thread root DEBUG iutctl_common.py          293   accept                    : accept
2024-11-24 01:40:34,749 BTPWorkerThread-4634 (_rx_task) root DEBUG iutctl_common.py          198   _rx_task                  : BTPWorkerThread-4634 (_rx_task) started
2024-11-24 01:40:34,749 LT1-thread root DEBUG testcase.py               253   start                     : Starting test function: class=<class 'autopts.ptsprojects.testcase.TestFunc'>, func=<bound method ZephyrCtl.hw_reset of <autopts.ptsprojects.zephyr.iutctl.ZephyrCtl object at 0x7f92f354b460>> start_wid=None stop_wid=None post_wid=None skip_call=None call_count=1 args=() kwds={}
2024-11-24 01:40:34,749 LT1-thread root DEBUG testcase.py               265   start                     : Test function parameters: args=(), kwds={}
2024-11-24 01:40:34,749 LT1-thread root DEBUG testcase.py               253   start                     : Starting test function: class=<class 'autopts.ptsprojects.testcase.TestFunc'>, func=<bound method ZephyrCtl.wait_iut_ready_event of <autopts.ptsprojects.zephyr.iutctl.ZephyrCtl object at 0x7f92f354b460>> start_wid=None stop_wid=None post_wid=None skip_call=None call_count=1 args=(False,) kwds={}
2024-11-24 01:40:34,749 LT1-thread root DEBUG testcase.py               265   start                     : Test function parameters: args=(False,), kwds={}
2024-11-24 01:40:34,749 LT1-thread root DEBUG iutctl.py                 231   wait_iut_ready_event      : IUT ready event received OK
2024-11-24 01:40:34,749 LT1-thread root DEBUG rtt.py                    232   start                     : <class 'autopts.rtt.RTTLogger'>.start
2024-11-24 01:40:34,749 LT1-thread root DEBUG rtt.py                    87    start                     : <class 'autopts.rtt.RTT'>.start
2024-11-24 01:40:35,429 LT1-thread root DEBUG testcase.py               253   start                     : Starting test function: class=<class 'autopts.ptsprojects.testcase.TestFunc'>, func=<function core_reg_svc_gap at 0x7f92f5f2b130> start_wid=None stop_wid=None post_wid=None skip_call=None call_count=86 args=() kwds={}
2024-11-24 01:40:35,429 LT1-thread root DEBUG testcase.py               265   start                     : Test function parameters: args=(), kwds={}
2024-11-24 01:40:35,429 LT1-thread root DEBUG btp.py                    463   core_reg_svc_gap          : core_reg_svc_gap
2024-11-24 01:40:35,429 LT1-thread root DEBUG iutctl_common.py          106   send                      : send, 0 3 255 '1'
2024-11-24 01:40:35,429 LT1-thread root DEBUG iutctl_common.py          111   send                      : sending frame '0003ff010001'
2024-11-24 01:40:35,429 LT1-thread root DEBUG btp.py                    719   core_reg_svc_rsp_succ     : core_reg_svc_rsp_succ
2024-11-24 01:40:35,429 LT1-thread root DEBUG iutctl_common.py          230   read                      : read
2024-11-24 01:40:35,476 BTPWorkerThread-4634 (_rx_task) root DEBUG iutctl_common.py          76    read                      : Read 5 bytes
2024-11-24 01:40:35,491 BTPWorkerThread-4634 (_rx_task) root DEBUG iutctl_common.py          83    read                      : Received: hdr: Header(svc_id=0x00, op=0x03, ctrl_index=0xff, data_len=0x00) bytearray(b'\x00\x03\xff\x00\x00')
2024-11-24 01:40:35,492 BTPWorkerThread-4634 (_rx_task) root DEBUG iutctl_common.py          99    read                      : Received data: {''}, bytearray(b'')
2024-11-24 01:40:35,492 LT1-thread root DEBUG btp.py                    730   core_reg_svc_rsp_succ     : received Header(svc_id=0, op=3, ctrl_index=255, data_len=0) (b'',)
2024-11-24 01:40:35,492 LT1-thread root DEBUG btp.py                    731   core_reg_svc_rsp_succ     : expected ((0, 3, 255, 0), (b'',))
2024-11-24 01:40:35,492 LT1-thread root DEBUG btp.py                    736   core_reg_svc_rsp_succ     : response is valid
2024-11-24 01:40:35,492 LT1-thread root DEBUG testcase.py               253   start                     : Starting test function: class=<class 'autopts.ptsprojects.testcase.TestFunc'>, func=<function core_reg_svc_l2cap at 0x7f92f5f2b370> start_wid=None stop_wid=None post_wid=None skip_call=None call_count=86 args=() kwds={}
2024-11-24 01:40:35,492 LT1-thread root DEBUG testcase.py               265   start                     : Test function parameters: args=(), kwds={}
2024-11-24 01:40:35,492 LT1-thread root DEBUG btp.py                    497   core_reg_svc_l2cap        : core_reg_svc_l2cap
2024-11-24 01:40:35,492 LT1-thread root DEBUG iutctl_common.py          106   send                      : send, 0 3 255 '3'
2024-11-24 01:40:35,493 LT1-thread root DEBUG iutctl_common.py          111   send                      : sending frame '0003ff010003'
2024-11-24 01:40:35,493 LT1-thread root DEBUG btp.py                    719   core_reg_svc_rsp_succ     : core_reg_svc_rsp_succ
2024-11-24 01:40:35,493 LT1-thread root DEBUG iutctl_common.py          230   read                      : read
2024-11-24 01:40:35,503 BTPWorkerThread-4634 (_rx_task) root DEBUG iutctl_common.py          76    read                      : Read 5 bytes
2024-11-24 01:40:35,514 BTPWorkerThread-4634 (_rx_task) root DEBUG iutctl_common.py          83    read                      : Received: hdr: Header(svc_id=0x00, op=0x03, ctrl_index=0xff, data_len=0x00) bytearray(b'\x00\x03\xff\x00\x00')
2024-11-24 01:40:35,520 BTPWorkerThread-4634 (_rx_task) root DEBUG iutctl_common.py          99    read                      : Received data: {''}, bytearray(b'')
2024-11-24 01:40:35,525 LT1-thread root DEBUG btp.py                    730   core_reg_svc_rsp_succ     : received Header(svc_id=0, op=3, ctrl_index=255, data_len=0) (b'',)
2024-11-24 01:40:35,526 LT1-thread root DEBUG btp.py                    731   core_reg_svc_rsp_succ     : expected ((0, 3, 255, 0), (b'',))
2024-11-24 01:40:35,526 LT1-thread root DEBUG btp.py                    736   core_reg_svc_rsp_succ     : response is valid
2024-11-24 01:40:35,526 LT1-thread root DEBUG testcase.py               253   start                     : Starting test function: class=<class 'autopts.ptsprojects.testcase.TestFunc'>, func=<function gap_read_ctrl_info at 0x7f92f5f43130> start_wid=None stop_wid=None post_wid=None skip_call=None call_count=86 args=() kwds={}
2024-11-24 01:40:35,526 LT1-thread root DEBUG testcase.py               265   start                     : Test function parameters: args=(), kwds={}
2024-11-24 01:40:35,526 LT1-thread root DEBUG gap.py                    937   gap_read_ctrl_info        : gap_read_ctrl_info
2024-11-24 01:40:35,526 LT1-thread root DEBUG iutctl_common.py          106   send                      : send, 1 3 0 ''
2024-11-24 01:40:35,526 LT1-thread root DEBUG iutctl_common.py          111   send                      : sending frame '0103000000'
2024-11-24 01:40:35,526 LT1-thread root DEBUG iutctl_common.py          230   read                      : read
2024-11-24 01:40:35,711 BTPWorkerThread-4634 (_rx_task) root DEBUG iutctl_common.py          76    read                      : Read 5 bytes
2024-11-24 01:40:35,711 BTPWorkerThread-4634 (_rx_task) root DEBUG iutctl_common.py          83    read                      : Received: hdr: Header(svc_id=0x01, op=0x03, ctrl_index=0x00, data_len=0x115) bytearray(b'\x01\x03\x00\x15\x01')
2024-11-24 01:40:35,711 BTPWorkerThread-4634 (_rx_task) root DEBUG iutctl_common.py          91    read                      : Read 102 bytes data
2024-11-24 01:40:35,722 BTPWorkerThread-4634 (_rx_task) root DEBUG iutctl_common.py          91    read                      : Read 65 bytes data
2024-11-24 01:40:35,727 BTPWorkerThread-4634 (_rx_task) root DEBUG iutctl_common.py          91    read                      : Read 63 bytes data
2024-11-24 01:40:35,742 BTPWorkerThread-4634 (_rx_task) root DEBUG iutctl_common.py          91    read                      : Read 47 bytes data
2024-11-24 01:40:35,758 BTPWorkerThread-4634 (_rx_task) root DEBUG iutctl_common.py          99    read                      : Received data: {'70 1f c4 76 e7 dc 13 06 02 00 13 82 00 00 00 00 00 62 74 70 5f 74 65 73 74 65 72 00 00 00 00 00 00 00 00 00 00 00 00 00 00 00 00 00 00 00 00 00 00 00 00 00 00 00 00 00 00 00 00 00 00 00 00 00 00 00 00 00 00 00 00 00 00 00 00 00 00 00 00 00 00 00 00 00 00 00 00 00 00 00 00 00 00 00 00 00 00 00 00 00 00 00 00 00 00 00 00 00 00 00 00 00 00 00 00 00 00 00 00 00 00 00 00 00 00 00 00 00 00 00 00 00 00 00 00 00 00 00 00 00 00 00 00 00 00 00 00 00 00 00 00 00 00 00 00 00 00 00 00 00 00 00 00 00 00 00 00 00 00 00 00 00 00 00 00 00 00 00 00 00 00 00 00 00 00 00 00 00 00 00 00 00 00 00 00 00 00 00 00 00 00 00 00 00 00 00 00 00 00 00 00 00 00 00 00 00 00 00 00 00 00 00 00 00 00 00 00 00 00 00 00 00 00 00 00 00 00 00 00 00 00 00 00 00 00 00 00 00 00 00 00 00 00 00 00 00 00 00 00 00 00 00 00 00 00 00 00 00 00 00 00 00 00 00 00 00 00'}, bytearray(b'p\x1f\xc4v\xe7\xdc\x13\x06\x02\x00\x13\x82\x00\x00\x00\x00\x00btp_tester\x00\x00\x00\x00\x00\x00\x00\x00\x00\x00\x00\x00\x00\x00\x00\x00\x00\x00\x00\x00\x00\x00\x00\x00\x00\x00\x00\x00\x00\x00\x00\x00\x00\x00\x00\x00\x00\x00\x00\x00\x00\x00\x00\x00\x00\x00\x00\x00\x00\x00\x00\x00\x00\x00\x00\x00\x00\x00\x00\x00\x00\x00\x00\x00\x00\x00\x00\x00\x00\x00\x00\x00\x00\x00\x00\x00\x00\x00\x00\x00\x00\x00\x00\x00\x00\x00\x00\x00\x00\x00\x00\x00\x00\x00\x00\x00\x00\x00\x00\x00\x00\x00\x00\x00\x00\x00\x00\x00\x00\x00\x00\x00\x00\x00\x00\x00\x00\x00\x00\x00\x00\x00\x00\x00\x00\x00\x00\x00\x00\x00\x00\x00\x00\x00\x00\x00\x00\x00\x00\x00\x00\x00\x00\x00\x00\x00\x00\x00\x00\x00\x00\x00\x00\x00\x00\x00\x00\x00\x00\x00\x00\x00\x00\x00\x00\x00\x00\x00\x00\x00\x00\x00\x00\x00\x00\x00\x00\x00\x00\x00\x00\x00\x00\x00\x00\x00\x00\x00\x00\x00\x00\x00\x00\x00\x00\x00\x00\x00\x00\x00\x00\x00\x00\x00\x00\x00\x00\x00\x00\x00\x00\x00\x00\x00\x00\x00\x00\x00\x00\x00\x00\x00\x00\x00\x00\x00\x00\x00\x00\x00\x00\x00\x00\x00\x00\x00\x00\x00\x00\x00\x00\x00\x00\x00\x00\x00\x00\x00\x00\x00')
2024-11-24 01:40:35,763 LT1-thread root DEBUG gap.py                    944   gap_read_ctrl_info        : received Header(svc_id=1, op=3, ctrl_index=0, data_len=277) (b'p\x1f\xc4v\xe7\xdc\x13\x06\x02\x00\x13\x82\x00\x00\x00\x00\x00btp_tester\x00\x00\x00\x00\x00\x00\x00\x00\x00\x00\x00\x00\x00\x00\x00\x00\x00\x00\x00\x00\x00\x00\x00\x00\x00\x00\x00\x00\x00\x00\x00\x00\x00\x00\x00\x00\x00\x00\x00\x00\x00\x00\x00\x00\x00\x00\x00\x00\x00\x00\x00\x00\x00\x00\x00\x00\x00\x00\x00\x00\x00\x00\x00\x00\x00\x00\x00\x00\x00\x00\x00\x00\x00\x00\x00\x00\x00\x00\x00\x00\x00\x00\x00\x00\x00\x00\x00\x00\x00\x00\x00\x00\x00\x00\x00\x00\x00\x00\x00\x00\x00\x00\x00\x00\x00\x00\x00\x00\x00\x00\x00\x00\x00\x00\x00\x00\x00\x00\x00\x00\x00\x00\x00\x00\x00\x00\x00\x00\x00\x00\x00\x00\x00\x00\x00\x00\x00\x00\x00\x00\x00\x00\x00\x00\x00\x00\x00\x00\x00\x00\x00\x00\x00\x00\x00\x00\x00\x00\x00\x00\x00\x00\x00\x00\x00\x00\x00\x00\x00\x00\x00\x00\x00\x00\x00\x00\x00\x00\x00\x00\x00\x00\x00\x00\x00\x00\x00\x00\x00\x00\x00\x00\x00\x00\x00\x00\x00\x00\x00\x00\x00\x00\x00\x00\x00\x00\x00\x00\x00\x00\x00\x00\x00\x00\x00\x00\x00\x00\x00\x00\x00\x00\x00\x00\x00\x00\x00\x00\x00\x00\x00\x00\x00\x00\x00\x00\x00\x00\x00\x00\x00\x00\x00\x00\x00\x00\x00\x00\x00\x00',)
2024-11-24 01:40:35,764 LT1-thread root DEBUG gap.py                    965   gap_read_ctrl_info        : IUT address 'dce776c41f70' 'random'
2024-11-24 01:40:35,764 LT1-thread root DEBUG gap.py                    400   __gap_current_settings_update : __gap_current_settings_update 33299
2024-11-24 01:40:35,764 LT1-thread root DEBUG testcase.py               253   start                     : Starting test function: class=<class 'autopts.ptsprojects.testcase.TestFunc'>, func=<function test_cases.<locals>.<lambda> at 0x7f92f1878f70> start_wid=None stop_wid=None post_wid=None skip_call=None call_count=86 args=() kwds={}
2024-11-24 01:40:35,764 LT1-thread root DEBUG testcase.py               265   start                     : Test function parameters: args=(), kwds={}
2024-11-24 01:40:35,770 LT1-thread root DEBUG testcase.py               253   start                     : Starting test function: class=<class 'autopts.ptsprojects.testcase.TestFunc'>, func=<function test_cases.<locals>.<lambda> at 0x7f92f1879000> start_wid=None stop_wid=None post_wid=None skip_call=None call_count=86 args=() kwds={}
2024-11-24 01:40:35,770 LT1-thread root DEBUG testcase.py               265   start                     : Test function parameters: args=(), kwds={}
2024-11-24 01:40:35,782 LT1-thread root DEBUG testcase.py               253   start                     : Starting test function: class=<class 'autopts.ptsprojects.testcase.TestFunc'>, func=<function test_cases.<locals>.<lambda> at 0x7f92f1879090> start_wid=None stop_wid=None post_wid=None skip_call=None call_count=86 args=() kwds={}
2024-11-24 01:40:35,782 LT1-thread root DEBUG testcase.py               265   start                     : Test function parameters: args=(), kwds={}
2024-11-24 01:40:35,788 LT1-thread root DEBUG testcase.py               253   start                     : Starting test function: class=<class 'autopts.ptsprojects.testcase.TestFunc'>, func=<function test_cases.<locals>.<lambda> at 0x7f92f1879120> start_wid=None stop_wid=None post_wid=None skip_call=None call_count=86 args=() kwds={}
2024-11-24 01:40:35,788 LT1-thread root DEBUG testcase.py               265   start                     : Test function parameters: args=(), kwds={}
2024-11-24 01:40:35,793 LT1-thread root DEBUG testcase.py               253   start                     : Starting test function: class=<class 'autopts.ptsprojects.testcase.TestFunc'>, func=<function test_cases.<locals>.<lambda> at 0x7f92f18791b0> start_wid=None stop_wid=None post_wid=None skip_call=None call_count=86 args=() kwds={}
2024-11-24 01:40:35,793 LT1-thread root DEBUG testcase.py               265   start                     : Test function parameters: args=(), kwds={}
2024-11-24 01:40:35,799 LT1-thread root DEBUG testcase.py               253   start                     : Starting test function: class=<class 'autopts.ptsprojects.testcase.TestFunc'>, func=<function test_cases.<locals>.<lambda> at 0x7f92f1879240> start_wid=None stop_wid=None post_wid=None skip_call=None call_count=86 args=() kwds={}
2024-11-24 01:40:35,799 LT1-thread root DEBUG testcase.py               265   start                     : Test function parameters: args=(), kwds={}
2024-11-24 01:40:35,804 LT1-thread root DEBUG testcase.py               253   start                     : Starting test function: class=<class 'autopts.ptsprojects.testcase.TestFunc'>, func=<function test_cases.<locals>.<lambda> at 0x7f92f18792d0> start_wid=None stop_wid=None post_wid=None skip_call=None call_count=86 args=() kwds={}
2024-11-24 01:40:35,804 LT1-thread root DEBUG testcase.py               265   start                     : Test function parameters: args=(), kwds={}
2024-11-24 01:40:35,810 LT1-thread root DEBUG testcase.py               253   start                     : Starting test function: class=<class 'autopts.ptsprojects.testcase.TestFunc'>, func=<function test_cases.<locals>.<lambda> at 0x7f92f1879360> start_wid=None stop_wid=None post_wid=None skip_call=None call_count=86 args=() kwds={}
2024-11-24 01:40:35,810 LT1-thread root DEBUG testcase.py               265   start                     : Test function parameters: args=(), kwds={}
2024-11-24 01:40:35,815 LT1-thread root DEBUG testcase.py               253   start                     : Starting test function: class=<class 'autopts.ptsprojects.testcase.TestFunc'>, func=<function test_cases.<locals>.<lambda> at 0x7f92f18793f0> start_wid=None stop_wid=None post_wid=None skip_call=None call_count=86 args=() kwds={}
2024-11-24 01:40:35,816 LT1-thread root DEBUG testcase.py               265   start                     : Test function parameters: args=(), kwds={}
2024-11-24 01:40:35,821 LT1-thread root DEBUG testcase.py               253   start                     : Starting test function: class=<class 'autopts.ptsprojects.testcase.TestFunc'>, func=<function test_cases.<locals>.<lambda> at 0x7f92f1879480> start_wid=None stop_wid=None post_wid=None skip_call=None call_count=86 args=() kwds={}
2024-11-24 01:40:35,821 LT1-thread root DEBUG testcase.py               265   start                     : Test function parameters: args=(), kwds={}
2024-11-24 01:40:35,826 LT1-thread root DEBUG testcase.py               253   start                     : Starting test function: class=<class 'autopts.ptsprojects.testcase.TestFunc'>, func=<function test_cases.<locals>.<lambda> at 0x7f92f1879510> start_wid=None stop_wid=None post_wid=None skip_call=None call_count=86 args=() kwds={}
2024-11-24 01:40:35,827 LT1-thread root DEBUG testcase.py               265   start                     : Test function parameters: args=(), kwds={}
2024-11-24 01:40:35,832 LT1-thread root DEBUG testcase.py               253   start                     : Starting test function: class=<class 'autopts.ptsprojects.testcase.TestFunc'>, func=<function test_cases.<locals>.<lambda> at 0x7f92f18795a0> start_wid=None stop_wid=None post_wid=None skip_call=None call_count=86 args=() kwds={}
2024-11-24 01:40:35,832 LT1-thread root DEBUG testcase.py               265   start                     : Test function parameters: args=(), kwds={}
2024-11-24 01:40:35,837 LT1-thread root DEBUG testcase.py               253   start                     : Starting test function: class=<class 'autopts.ptsprojects.testcase.TestFunc'>, func=<function test_cases.<locals>.<lambda> at 0x7f92f1879630> start_wid=None stop_wid=None post_wid=None skip_call=None call_count=86 args=() kwds={}
2024-11-24 01:40:35,837 LT1-thread root DEBUG testcase.py               265   start                     : Test function parameters: args=(), kwds={}
2024-11-24 01:40:35,843 LT1-thread root DEBUG testcase.py               253   start                     : Starting test function: class=<class 'autopts.ptsprojects.testcase.TestFunc'>, func=<function test_cases.<locals>.<lambda> at 0x7f92f18796c0> start_wid=None stop_wid=None post_wid=None skip_call=None call_count=86 args=() kwds={}
2024-11-24 01:40:35,843 LT1-thread root DEBUG testcase.py               265   start                     : Test function parameters: args=(), kwds={}
2024-11-24 01:40:35,848 LT1-thread root DEBUG testcase.py               253   start                     : Starting test function: class=<class 'autopts.ptsprojects.testcase.TestFunc'>, func=<function test_cases.<locals>.<lambda> at 0x7f92f1879750> start_wid=None stop_wid=None post_wid=None skip_call=None call_count=86 args=() kwds={}
2024-11-24 01:40:35,848 LT1-thread root DEBUG testcase.py               265   start                     : Test function parameters: args=(), kwds={}
2024-11-24 01:40:35,853 LT1-thread root DEBUG testcase.py               253   start                     : Starting test function: class=<class 'autopts.ptsprojects.testcase.TestFunc'>, func=<function set_pts_addr at 0x7f92f5f2ad40> start_wid=None stop_wid=None post_wid=None skip_call=None call_count=86 args=('C0:07:E8:1C:28:DF', 0) kwds={}
2024-11-24 01:40:35,854 LT1-thread root DEBUG testcase.py               265   start                     : Test function parameters: args=('C0:07:E8:1C:28:DF', 0), kwds={}
2024-11-24 01:40:35,854 LT1-thread root DEBUG testcase.py               253   start                     : Starting test function: class=<class 'autopts.ptsprojects.testcase.TestFunc'>, func=<bound method Stack.l2cap_init of <autopts.ptsprojects.stack.stack.Stack object at 0x7f92f354b0a0>> start_wid=None stop_wid=None post_wid=None skip_call=None call_count=76 args=(128, 120) kwds={}
2024-11-24 01:40:35,854 LT1-thread root DEBUG testcase.py               265   start                     : Test function parameters: args=(128, 120), kwds={}
2024-11-24 01:40:35,854 LT1-thread root DEBUG testcase.py               253   start                     : Starting test function: class=<class 'autopts.ptsprojects.testcase.TestFunc'>, func=<function l2cap_le_listen at 0x7f92f5f4f5b0> start_wid=None stop_wid=None post_wid=None skip_call=None call_count=76 args=(128, 120, 0) kwds={}
2024-11-24 01:40:35,854 LT1-thread root DEBUG testcase.py               265   start                     : Test function parameters: args=(128, 120, 0), kwds={}
2024-11-24 01:40:35,854 LT1-thread root DEBUG l2cap.py                  155   l2cap_listen              : l2cap_le_listen 128 1 120 0
2024-11-24 01:40:35,854 LT1-thread root DEBUG iutctl_common.py          106   send                      : send, 3 5 0 "bytearray(b'\\x80\\x00\\x01x\\x00\\x00\\x00')"
2024-11-24 01:40:35,854 LT1-thread root DEBUG iutctl_common.py          111   send                      : sending frame '030500070080000178000000'
2024-11-24 01:40:35,854 LT1-thread root DEBUG l2cap.py                  50    l2cap_command_rsp_succ    : l2cap_command_rsp_succ
2024-11-24 01:40:35,854 LT1-thread root DEBUG iutctl_common.py          230   read                      : read
2024-11-24 01:40:35,860 BTPWorkerThread-4634 (_rx_task) root DEBUG iutctl_common.py          76    read                      : Read 5 bytes
2024-11-24 01:40:35,860 BTPWorkerThread-4634 (_rx_task) root DEBUG iutctl_common.py          83    read                      : Received: hdr: Header(svc_id=0x03, op=0x05, ctrl_index=0x00, data_len=0x00) bytearray(b'\x03\x05\x00\x00\x00')
2024-11-24 01:40:35,866 BTPWorkerThread-4634 (_rx_task) root DEBUG iutctl_common.py          99    read                      : Received data: {''}, bytearray(b'')
2024-11-24 01:40:35,866 LT1-thread root DEBUG l2cap.py                  55    l2cap_command_rsp_succ    : received Header(svc_id=3, op=5, ctrl_index=0, data_len=0) (b'',)
2024-11-24 01:40:35,868 LT1-thread root DEBUG client.py                 309   get_result                : ClientCallback.get_result run_test_case
2024-11-24 01:40:40,658 LT1-callback ClientCallback.on_implicit_send INFO client.py                 256   on_implicit_send          : 
    ********************
    BEGIN OnImplicitSend:
    project_name: L2CAP
    wid: 51
    test_case_name: L2CAP/ECFC/BV-33-C
    description: Initiate or create LE ACL connection to the PTS.
    style: MMI_Style_Ok_Cancel2 0x11141
2024-11-24 01:40:40,658 LT1-callback ClientCallback.on_implicit_send INFO client.py                 269   on_implicit_send          : Calling test cases on_implicit_send
2024-11-24 01:40:40,658 LT1-callback ClientCallback.on_implicit_send INFO client.py                 282   on_implicit_send          : 
    on_implicit_send returned response: WAIT
    END OnImplicitSend
    ********************
2024-11-24 01:40:40,868 LT1-thread root DEBUG testcase.py               671   run_wid                   : L2CAP L2CAP/ECFC/BV-33-C on_implicit_send
2024-11-24 01:40:40,869 LT1-thread root DEBUG l2cap.py                  30    l2cap_wid_hdl             : l2cap_wid_hdl, 51, Initiate or create LE ACL connection to the PTS., L2CAP/ECFC/BV-33-C
2024-11-24 01:40:40,869 LT1-thread root DEBUG gap.py                    561   gap_conn                  : gap_conn None None
2024-11-24 01:40:40,869 LT1-thread root DEBUG iutctl_common.py          106   send                      : send, 1 14 0 "bytearray(b'\\x00\\xdf(\\x1c\\xe8\\x07\\xc0\\x00')"
2024-11-24 01:40:40,869 LT1-thread root DEBUG iutctl_common.py          111   send                      : sending frame '010e00080000df281ce807c000'
2024-11-24 01:40:40,869 LT1-thread root DEBUG iutctl_common.py          230   read                      : read
2024-11-24 01:40:40,879 BTPWorkerThread-4634 (_rx_task) root DEBUG iutctl_common.py          76    read                      : Read 5 bytes
2024-11-24 01:40:40,880 BTPWorkerThread-4634 (_rx_task) root DEBUG iutctl_common.py          83    read                      : Received: hdr: Header(svc_id=0x01, op=0x0e, ctrl_index=0x00, data_len=0x00) bytearray(b'\x01\x0e\x00\x00\x00')
2024-11-24 01:40:40,891 BTPWorkerThread-4634 (_rx_task) root DEBUG iutctl_common.py          99    read                      : Received data: {''}, bytearray(b'')
2024-11-24 01:40:40,915 LT1-thread root DEBUG testcase.py               707   run_wid                   : Sending response 'OK' to wid 51 test case L2CAP/ECFC/BV-33-C
2024-11-24 01:40:40,917 LT1-thread root DEBUG client.py                 309   get_result                : ClientCallback.get_result run_test_case
2024-11-24 01:40:40,978 BTPWorkerThread-4634 (_rx_task) root DEBUG iutctl_common.py          76    read                      : Read 5 bytes
2024-11-24 01:40:40,978 BTPWorkerThread-4634 (_rx_task) root DEBUG iutctl_common.py          83    read                      : Received: hdr: Header(svc_id=0x01, op=0x82, ctrl_index=0x00, data_len=0x0d) bytearray(b'\x01\x82\x00\r\x00')
2024-11-24 01:40:40,979 BTPWorkerThread-4634 (_rx_task) root DEBUG iutctl_common.py          91    read                      : Read 8 bytes data
2024-11-24 01:40:40,980 BTPWorkerThread-4634 (_rx_task) root DEBUG iutctl_common.py          91    read                      : Read 5 bytes data
2024-11-24 01:40:40,981 BTPWorkerThread-4634 (_rx_task) root DEBUG iutctl_common.py          99    read                      : Received data: {'00 df 28 1c e8 07 c0 30 00 00 00 90 01'}, bytearray(b'\x00\xdf(\x1c\xe8\x07\xc00\x00\x00\x00\x90\x01')
2024-11-24 01:40:40,981 BTPWorkerThread-4634 (_rx_task) root DEBUG btp.py                    824   event_handler             : event_handler Header(svc_id=1, op=130, ctrl_index=0, data_len=13) (b'\x00\xdf(\x1c\xe8\x07\xc00\x00\x00\x00\x90\x01',)
2024-11-24 01:40:40,981 BTPWorkerThread-4634 (_rx_task) root DEBUG gap.py                    171   gap_connected_ev_         : gap_connected_ev_ b'\x00\xdf(\x1c\xe8\x07\xc00\x00\x00\x00\x90\x01'
2024-11-24 01:40:41,988 LT1-callback ClientCallback.on_implicit_send INFO client.py                 256   on_implicit_send          : 
    ********************
    BEGIN OnImplicitSend:
    project_name: L2CAP
    wid: 255
    test_case_name: L2CAP/ECFC/BV-33-C
    description: Please send L2CAP Credit Based Connection REQ to PTS.
    style: MMI_Style_Ok_Cancel2 0x11141
2024-11-24 01:40:41,988 LT1-callback ClientCallback.on_implicit_send INFO client.py                 269   on_implicit_send          : Calling test cases on_implicit_send
2024-11-24 01:40:41,988 LT1-callback ClientCallback.on_implicit_send INFO client.py                 282   on_implicit_send          : 
    on_implicit_send returned response: WAIT
    END OnImplicitSend
    ********************
2024-11-24 01:40:42,917 LT1-thread root DEBUG testcase.py               671   run_wid                   : L2CAP L2CAP/ECFC/BV-33-C on_implicit_send
2024-11-24 01:40:42,917 LT1-thread root DEBUG l2cap.py                  30    l2cap_wid_hdl             : l2cap_wid_hdl, 255, Please send L2CAP Credit Based Connection REQ to PTS., L2CAP/ECFC/BV-33-C
2024-11-24 01:40:42,918 LT1-thread root DEBUG l2cap.py                  61    l2cap_conn                : l2cap_conn None None 128
2024-11-24 01:40:42,918 LT1-thread root DEBUG iutctl_common.py          106   send                      : send, 3 2 0 "bytearray(b'\\x00\\xdf(\\x1c\\xe8\\x07\\xc0\\x80\\x00x\\x00\\x02\\x01')"
2024-11-24 01:40:42,918 LT1-thread root DEBUG iutctl_common.py          111   send                      : sending frame '0302000d0000df281ce807c0800078000201'
2024-11-24 01:40:42,918 LT1-thread root DEBUG l2cap.py                  107   l2cap_conn_rsp            : l2cap_conn_rsp
2024-11-24 01:40:42,918 LT1-thread root DEBUG iutctl_common.py          230   read                      : read
2024-11-24 01:40:42,933 BTPWorkerThread-4634 (_rx_task) root DEBUG iutctl_common.py          76    read                      : Read 5 bytes
2024-11-24 01:40:42,934 BTPWorkerThread-4634 (_rx_task) root DEBUG iutctl_common.py          83    read                      : Received: hdr: Header(svc_id=0x03, op=0x02, ctrl_index=0x00, data_len=0x03) bytearray(b'\x03\x02\x00\x03\x00')
2024-11-24 01:40:42,954 BTPWorkerThread-4634 (_rx_task) root DEBUG iutctl_common.py          91    read                      : Read 3 bytes data
2024-11-24 01:40:42,960 BTPWorkerThread-4634 (_rx_task) root DEBUG iutctl_common.py          99    read                      : Received data: {'02 00 01'}, bytearray(b'\x02\x00\x01')
2024-11-24 01:40:42,970 LT1-thread root DEBUG l2cap.py                  112   l2cap_conn_rsp            : received Header(svc_id=3, op=2, ctrl_index=0, data_len=3) (b'\x02\x00\x01',)
2024-11-24 01:40:42,971 LT1-thread root DEBUG l2cap.py                  91    l2cap_conn                : id [0, 1]
2024-11-24 01:40:43,022 BTPWorkerThread-4634 (_rx_task) root DEBUG iutctl_common.py          76    read                      : Read 5 bytes
2024-11-24 01:40:43,033 BTPWorkerThread-4634 (_rx_task) root DEBUG iutctl_common.py          83    read                      : Received: hdr: Header(svc_id=0x03, op=0x81, ctrl_index=0x00, data_len=0x12) bytearray(b'\x03\x81\x00\x12\x00')
2024-11-24 01:40:43,033 BTPWorkerThread-4634 (_rx_task) root DEBUG iutctl_common.py          91    read                      : Read 18 bytes data
2024-11-24 01:40:43,038 BTPWorkerThread-4634 (_rx_task) root DEBUG iutctl_common.py          99    read                      : Received data: {'00 d5 03 40 00 40 00 78 00 60 00 00 df 28 1c e8 07 c0'}, bytearray(b'\x00\xd5\x03@\x00@\x00x\x00`\x00\x00\xdf(\x1c\xe8\x07\xc0')
2024-11-24 01:40:43,049 BTPWorkerThread-4634 (_rx_task) root DEBUG btp.py                    824   event_handler             : event_handler Header(svc_id=3, op=129, ctrl_index=0, data_len=18) (b'\x00\xd5\x03@\x00@\x00x\x00`\x00\x00\xdf(\x1c\xe8\x07\xc0',)
2024-11-24 01:40:43,064 BTPWorkerThread-4634 (_rx_task) root DEBUG l2cap.py                  229   l2cap_connected_ev        : l2cap_connected_ev b'\x00\xd5\x03@\x00@\x00x\x00`\x00\x00\xdf(\x1c\xe8\x07\xc0' 18
2024-11-24 01:40:43,075 BTPWorkerThread-4634 (_rx_task) root DEBUG l2cap.py                  237   l2cap_connected_ev        : id:0 on psm:981, peer_mtu:64, peer_mps:64, our_mtu:120, our_mps:96, addr b'\xdf(\x1c\xe8\x07\xc0' type 0
2024-11-24 01:40:43,075 BTPWorkerThread-4634 (_rx_task) root DEBUG iutctl_common.py          76    read                      : Read 5 bytes
2024-11-24 01:40:43,076 BTPWorkerThread-4634 (_rx_task) root DEBUG iutctl_common.py          83    read                      : Received: hdr: Header(svc_id=0x03, op=0x81, ctrl_index=0x00, data_len=0x12) bytearray(b'\x03\x81\x00\x12\x00')
2024-11-24 01:40:43,076 BTPWorkerThread-4634 (_rx_task) root DEBUG iutctl_common.py          91    read                      : Read 18 bytes data
2024-11-24 01:40:43,081 BTPWorkerThread-4634 (_rx_task) root DEBUG iutctl_common.py          99    read                      : Received data: {'01 d5 03 40 00 40 00 78 00 60 00 00 df 28 1c e8 07 c0'}, bytearray(b'\x01\xd5\x03@\x00@\x00x\x00`\x00\x00\xdf(\x1c\xe8\x07\xc0')
2024-11-24 01:40:43,086 BTPWorkerThread-4634 (_rx_task) root DEBUG btp.py                    824   event_handler             : event_handler Header(svc_id=3, op=129, ctrl_index=0, data_len=18) (b'\x01\xd5\x03@\x00@\x00x\x00`\x00\x00\xdf(\x1c\xe8\x07\xc0',)
2024-11-24 01:40:43,087 BTPWorkerThread-4634 (_rx_task) root DEBUG l2cap.py                  229   l2cap_connected_ev        : l2cap_connected_ev b'\x01\xd5\x03@\x00@\x00x\x00`\x00\x00\xdf(\x1c\xe8\x07\xc0' 18
2024-11-24 01:40:43,087 BTPWorkerThread-4634 (_rx_task) root DEBUG l2cap.py                  237   l2cap_connected_ev        : id:1 on psm:981, peer_mtu:64, peer_mps:64, our_mtu:120, our_mps:96, addr b'\xdf(\x1c\xe8\x07\xc0' type 0
2024-11-24 01:40:43,087 LT1-thread root DEBUG testcase.py               707   run_wid                   : Sending response 'OK' to wid 255 test case L2CAP/ECFC/BV-33-C
2024-11-24 01:40:43,089 LT1-thread root DEBUG client.py                 309   get_result                : ClientCallback.get_result run_test_case
2024-11-24 01:40:43,259 BTPWorkerThread-4634 (_rx_task) root DEBUG iutctl_common.py          76    read                      : Read 5 bytes
2024-11-24 01:40:43,260 BTPWorkerThread-4634 (_rx_task) root DEBUG iutctl_common.py          83    read                      : Received: hdr: Header(svc_id=0x03, op=0x82, ctrl_index=0x00, data_len=0x0c) bytearray(b'\x03\x82\x00\x0c\x00')
2024-11-24 01:40:43,260 BTPWorkerThread-4634 (_rx_task) root DEBUG iutctl_common.py          91    read                      : Read 5 bytes data
2024-11-24 01:40:43,261 BTPWorkerThread-4634 (_rx_task) root DEBUG iutctl_common.py          91    read                      : Read 7 bytes data
2024-11-24 01:40:43,261 BTPWorkerThread-4634 (_rx_task) root DEBUG iutctl_common.py          99    read                      : Received data: {'00 00 00 00 00 00 df 28 1c e8 07 c0'}, bytearray(b'\x00\x00\x00\x00\x00\x00\xdf(\x1c\xe8\x07\xc0')
2024-11-24 01:40:43,261 BTPWorkerThread-4634 (_rx_task) root DEBUG btp.py                    824   event_handler             : event_handler Header(svc_id=3, op=130, ctrl_index=0, data_len=12) (b'\x00\x00\x00\x00\x00\x00\xdf(\x1c\xe8\x07\xc0',)
2024-11-24 01:40:43,261 BTPWorkerThread-4634 (_rx_task) root DEBUG l2cap.py                  244   l2cap_disconnected_ev     : l2cap_disconnected_ev b'\x00\x00\x00\x00\x00\x00\xdf(\x1c\xe8\x07\xc0' 12
2024-11-24 01:40:43,261 BTPWorkerThread-4634 (_rx_task) root DEBUG l2cap.py                  251   l2cap_disconnected_ev     : id:0 on psm:0, addr b'\xdf(\x1c\xe8\x07\xc0' type 0, res 'Success'
2024-11-24 01:40:46,709 LT1-callback ClientCallback.log INFO client.py                 232   log                       : PTS_LOGTYPE_START_TEST Start Test Case 

+172 ms
 L2CAP/ECFC/BV-33-C L2CAP/ECFC/BV-33-C

2024-11-24 01:40:46,981 LT1-callback ClientCallback.log INFO client.py                 232   log                       : PTS_LOGTYPE_FINAL_VERDICT Final Verdict 

+10531 ms
 L2CAP/ECFC/BV-33-C PASS

2024-11-24 01:40:46,986 LT1-callback ClientCallback.log INFO client.py                 232   log                       : PTS_LOGTYPE_FINAL_VERDICT Encrypted Verdict 

+10531 ms
 L2CAP/ECFC/BV-33-C A1#ZWY4MzQ5MDg3MmQwNTIxOGQzMzQ5YjY2ODA5M2MzNjQ5ZDY4NmY0Yjc2MzIzM2VkNTUyNTFhNGU4Mjg1MjI0NA==#/LEN8g0H0PQVHvh0adMHwOUhM5M3tvlJdNPeuCvH3QgcEvi1N4SvkqsNYMr/YCMX

2024-11-24 01:40:46,993 LT1-callback ClientCallback.log INFO client.py                 232   log                       : PTS_LOGTYPE_END_TEST Test Case Ended 

+10531 ms
 L2CAP/ECFC/BV-33-C L2CAP/ECFC/BV-33-C

2024-11-24 01:40:47,103 LT1-callback root DEBUG client.py                 294   set_result                : ClientCallback, set_result, run_test_case, PASS
2024-11-24 01:40:47,103 LT1-thread root DEBUG client.py                 1029  _run_test_case            : After run_test_case error_code=0 status='PASS'
2024-11-24 01:40:47,110 LT1-thread root DEBUG testcase.py               752   post_run                  : post_run L2CAP L2CAP/ECFC/BV-33-C 0
2024-11-24 01:40:47,110 LT1-thread root DEBUG testcase.py               253   start                     : Starting test function: class=<class 'autopts.ptsprojects.testcase.TestFuncCleanUp'>, func=<bound method Stack.cleanup of <autopts.ptsprojects.stack.stack.Stack object at 0x7f92f354b0a0>> start_wid=None stop_wid=None post_wid=None skip_call=None call_count=1 args=() kwds={}
2024-11-24 01:40:47,110 LT1-thread root DEBUG testcase.py               265   start                     : Test function parameters: args=(), kwds={}
2024-11-24 01:40:47,110 LT1-thread root DEBUG testcase.py               253   start                     : Starting test function: class=<class 'autopts.ptsprojects.testcase.TestFuncCleanUp'>, func=<bound method ZephyrCtl.stop of <autopts.ptsprojects.zephyr.iutctl.ZephyrCtl object at 0x7f92f354b460>> start_wid=None stop_wid=None post_wid=None skip_call=None call_count=1 args=() kwds={}
2024-11-24 01:40:47,110 LT1-thread root DEBUG testcase.py               265   start                     : Test function parameters: args=(), kwds={}
2024-11-24 01:40:47,110 LT1-thread root DEBUG iutctl.py                 249   stop                      : <class 'autopts.ptsprojects.zephyr.iutctl.ZephyrCtl'>.stop
2024-11-24 01:40:47,211 LT1-thread root DEBUG rtt.py                    237   stop                      : <class 'autopts.rtt.RTTLogger'>.stop
2024-11-24 01:40:47,211 LT1-thread root DEBUG rtt.py                    102   stop                      : <class 'autopts.rtt.RTT'>.stop
2024-11-24 01:40:47,223 LT1-thread root DEBUG __init__.py               49    reset                     : About to reset DUT: nrfjprog -r -s 683989059
2024-11-24 01:40:48,119 BTPWorkerThread-4634 (_rx_task) root DEBUG iutctl_common.py          76    read                      : Read 5 bytes
2024-11-24 01:40:48,120 BTPWorkerThread-4634 (_rx_task) root DEBUG iutctl_common.py          83    read                      : Received: hdr: Header(svc_id=0x03, op=0x82, ctrl_index=0x00, data_len=0x0c) bytearray(b'\x03\x82\x00\x0c\x00')
2024-11-24 01:40:48,120 BTPWorkerThread-4634 (_rx_task) root DEBUG iutctl_common.py          91    read                      : Read 1 bytes data
2024-11-24 01:40:48,120 BTPWorkerThread-4634 (_rx_task) root DEBUG iutctl_common.py          91    read                      : Read 11 bytes data
2024-11-24 01:40:48,120 BTPWorkerThread-4634 (_rx_task) root DEBUG iutctl_common.py          99    read                      : Received data: {'00 00 01 00 00 00 df 28 1c e8 07 c0'}, bytearray(b'\x00\x00\x01\x00\x00\x00\xdf(\x1c\xe8\x07\xc0')
2024-11-24 01:40:48,121 BTPWorkerThread-4634 (_rx_task) root DEBUG btp.py                    824   event_handler             : event_handler Header(svc_id=3, op=130, ctrl_index=0, data_len=12) (b'\x00\x00\x01\x00\x00\x00\xdf(\x1c\xe8\x07\xc0',)
2024-11-24 01:40:48,121 BTPWorkerThread-4634 (_rx_task) root DEBUG l2cap.py                  244   l2cap_disconnected_ev     : l2cap_disconnected_ev b'\x00\x00\x01\x00\x00\x00\xdf(\x1c\xe8\x07\xc0' 12
2024-11-24 01:40:48,121 BTPWorkerThread-4634 (_rx_task) root DEBUG l2cap.py                  251   l2cap_disconnected_ev     : id:1 on psm:0, addr b'\xdf(\x1c\xe8\x07\xc0' type 0, res 'Success'
2024-11-24 01:40:48,121 BTPWorkerThread-4634 (_rx_task) root DEBUG iutctl_common.py          76    read                      : Read 5 bytes
2024-11-24 01:40:48,122 BTPWorkerThread-4634 (_rx_task) root DEBUG iutctl_common.py          83    read                      : Received: hdr: Header(svc_id=0x01, op=0x83, ctrl_index=0x00, data_len=0x07) bytearray(b'\x01\x83\x00\x07\x00')
2024-11-24 01:40:48,122 BTPWorkerThread-4634 (_rx_task) root DEBUG iutctl_common.py          91    read                      : Read 7 bytes data
2024-11-24 01:40:48,122 BTPWorkerThread-4634 (_rx_task) root DEBUG iutctl_common.py          99    read                      : Received data: {'00 df 28 1c e8 07 c0'}, bytearray(b'\x00\xdf(\x1c\xe8\x07\xc0')
2024-11-24 01:40:48,122 BTPWorkerThread-4634 (_rx_task) root DEBUG btp.py                    824   event_handler             : event_handler Header(svc_id=1, op=131, ctrl_index=0, data_len=7) (b'\x00\xdf(\x1c\xe8\x07\xc0',)
2024-11-24 01:40:48,122 BTPWorkerThread-4634 (_rx_task) root DEBUG gap.py                    184   gap_disconnected_ev_      : gap_disconnected_ev_ b'\x00\xdf(\x1c\xe8\x07\xc0'
2024-11-24 01:40:48,122 BTPWorkerThread-4634 (_rx_task) root ERROR iutctl_common.py          221   _rx_task                  : KeyError('c007e81c28df')
2024-11-24 01:40:49,476 BTPWorkerThread-4634 (_rx_task) root DEBUG iutctl_common.py          76    read                      : Read 5 bytes
2024-11-24 01:40:49,476 BTPWorkerThread-4634 (_rx_task) root DEBUG iutctl_common.py          83    read                      : Received: hdr: Header(svc_id=0x00, op=0x80, ctrl_index=0xff, data_len=0x00) bytearray(b'\x00\x80\xff\x00\x00')
2024-11-24 01:40:49,476 BTPWorkerThread-4634 (_rx_task) root DEBUG iutctl_common.py          99    read                      : Received data: {''}, bytearray(b'')
2024-11-24 01:40:49,476 BTPWorkerThread-4634 (_rx_task) root DEBUG btp.py                    824   event_handler             : event_handler Header(svc_id=0, op=128, ctrl_index=255, data_len=0) (b'',)
2024-11-24 01:40:49,476 BTPWorkerThread-4634 (_rx_task) root DEBUG core.py                   28    core_iut_ready_ev         : core_iut_ready_ev
2024-11-24 01:40:49,487 LT1-thread root DEBUG iutctl.py                 267   stop                      : IUT ready event received OK
2024-11-24 01:40:49,487 LT1-thread root DEBUG iutctl_common.py          307   close                     : Waiting for _rx_worker to finish ...
2024-11-24 01:40:50,487 LT1-thread root DEBUG iutctl_common.py          307   close                     : Waiting for _rx_worker to finish ...
2024-11-24 01:40:50,487 BTPWorkerThread-4634 (_rx_task) root DEBUG iutctl_common.py          223   _rx_task                  : BTPWorkerThread-4634 (_rx_task) finishing...
2024-11-24 01:40:53,992 LT1-thread root DEBUG testcase.py               781   post_run                  : post_run, cleanup running post test case script
2024-11-24 01:40:53,992 LT1-thread root DEBUG testcase.py               791   post_run                  : post_run, run post test case script
2024-11-24 01:40:54,014 LT1-thread root DEBUG client.py                 1059  _run_test_case            : Done TestCase _run_test_case L2CAP L2CAP/ECFC/BV-33-C
