*** Booting Zephyr OS build 4.1.99 ***
[00:00:00.253,234] <dbg> bttester: tester_init: Initializing tester
[00:00:05.998,748] <dbg> bttester: cmd_handler: cmd service 0x00 opcode 0x03 index 0xff
[00:00:06.024,658] <inf> bt_hci_core: HW Platform: Nordic Semiconductor (0x0002)
[00:00:06.024,688] <inf> bt_hci_core: HW Variant: nRF53x (0x0003)
[00:00:06.024,719] <inf> bt_hci_core: Firmware: Standard Bluetooth controller (0x00) Version 4.1 Build 99
[00:00:06.026,458] <inf> bt_hci_core: HCI transport: IPC
[00:00:06.026,550] <inf> bt_hci_core: Identity: D7:B8:1B:0B:51:C3 (random)
[00:00:06.026,580] <inf> bt_hci_core: HCI: version 5.4 (0x0d) revision 0x0000, manufacturer 0x05f1
[00:00:06.026,611] <inf> bt_hci_core: LMP: version 5.4 (0x0d) subver 0xffff
[00:00:06.026,641] <dbg> bttester: tester_rsp_with_index: service 0x00 opcode 0x03 index 0xff status 0x00
[00:00:06.036,865] <dbg> bttester: cmd_handler: cmd service 0x01 opcode 0x01 index 0xff
[00:00:06.043,884] <dbg> bttester: cmd_handler: cmd service 0x01 opcode 0x03 index 0x00
[00:00:06.514,190] <dbg> bttester: cmd_handler: cmd service 0x00 opcode 0x03 index 0xff
[00:00:06.514,221] <dbg> bttester: tester_rsp_with_index: service 0x00 opcode 0x03 index 0xff status 0x00
[00:00:06.551,788] <dbg> bttester: cmd_handler: cmd service 0x02 opcode 0x01 index 0xff
[00:00:06.594,940] <dbg> bttester: cmd_handler: cmd service 0x01 opcode 0x08 index 0x00
[00:00:06.653,076] <dbg> bttester: cmd_handler: cmd service 0x00 opcode 0x03 index 0xff
[00:00:06.653,778] <dbg> bttester: tester_rsp_with_index: service 0x00 opcode 0x03 index 0xff status 0x00
[00:00:06.674,957] <dbg> bttester: cmd_handler: cmd service 0x0c opcode 0x01 index 0xff
[00:00:06.743,560] <dbg> bttester: cmd_handler: cmd service 0x00 opcode 0x03 index 0xff
[00:00:06.743,560] <dbg> bttester: tester_rsp_with_index: service 0x00 opcode 0x03 index 0xff status 0x00
[00:00:06.853,332] <dbg> bttester: cmd_handler: cmd service 0x0d opcode 0x01 index 0xff
[00:00:06.942,657] <dbg> bttester: cmd_handler: cmd service 0x00 opcode 0x03 index 0xff
[00:00:06.942,779] <dbg> bttester: tester_rsp_with_index: service 0x00 opcode 0x03 index 0xff status 0x00
[00:00:06.954,040] <dbg> bttester: cmd_handler: cmd service 0x0e opcode 0x01 index 0xff
[00:00:15.076,385] <dbg> bttester: cmd_handler: cmd service 0x0e opcode 0x0a index 0x00
[00:00:15.076,416] <dbg> bttester_bap_broadcast: btp_bap_broadcast_sink_setup: 
[00:00:15.076,568] <dbg> bttester: tester_rsp_with_index: service 0x0e opcode 0x0a index 0x00 status 0x00
[00:00:15.103,271] <dbg> bttester: cmd_handler: cmd service 0x0e opcode 0x0c index 0x00
[00:00:15.103,271] <dbg> bttester_bap_broadcast: btp_bap_broadcast_scan_start: 
[00:00:15.105,041] <dbg> bttester: tester_rsp_with_index: service 0x0e opcode 0x0c index 0x00 status 0x00
[00:00:15.612,762] <dbg> bttester_bap_broadcast: baa_check: Found BAA with ID 0x5FA10E, addr C0:07:E8:1C:28:DF (public), sid 0x00, interval 0x0258
[00:00:15.612,762] <dbg> bttester: tester_event: service 0x0e opcode 0x84
