*** Booting Zephyr OS build v4.0.0-5465-gd39d420c5482 ***
[00:00:00.253,265] <dbg> bttester: tester_init: Initializing tester
[00:00:05.996,459] <dbg> bttester: cmd_handler: cmd service 0x00 opcode 0x03 index 0xff
[00:00:06.024,261] <inf> bt_hci_core: HW Platform: Nordic Semiconductor (0x0002)
[00:00:06.024,291] <inf> bt_hci_core: HW Variant: nRF53x (0x0003)
[00:00:06.024,322] <inf> bt_hci_core: Firmware: Standard Bluetooth controller (0x00) Version 4.0 Build 99
[00:00:06.026,092] <inf> bt_hci_core: Identity: D7:B8:1B:0B:51:C3 (random)
[00:00:06.026,123] <inf> bt_hci_core: HCI: version 5.4 (0x0d) revision 0x0000, manufacturer 0x05f1
[00:00:06.026,153] <inf> bt_hci_core: LMP: version 5.4 (0x0d) subver 0xffff
[00:00:06.026,184] <dbg> bttester: tester_rsp_with_index: service 0x00 opcode 0x03 index 0xff status 0x00
[00:00:06.049,346] <dbg> bttester: cmd_handler: cmd service 0x01 opcode 0x03 index 0x00
[00:00:06.464,447] <dbg> bttester: cmd_handler: cmd service 0x00 opcode 0x03 index 0xff
[00:00:06.464,508] <dbg> bttester: tester_rsp_with_index: service 0x00 opcode 0x03 index 0xff status 0x00
[00:00:06.491,973] <dbg> bttester: cmd_handler: cmd service 0x01 opcode 0x08 index 0x00
[00:00:06.559,753] <dbg> bttester: cmd_handler: cmd service 0x00 opcode 0x03 index 0xff
[00:00:06.560,394] <dbg> bttester: tester_rsp_with_index: service 0x00 opcode 0x03 index 0xff status 0x00
[00:00:06.617,919] <dbg> bttester: cmd_handler: cmd service 0x00 opcode 0x03 index 0xff
[00:00:06.617,950] <dbg> bttester: tester_rsp_with_index: service 0x00 opcode 0x03 index 0xff status 0x00
[00:00:13.716,583] <dbg> bttester: cmd_handler: cmd service 0x01 opcode 0x0a index 0x00
[00:00:13.832,244] <dbg> bttester_gap: le_connected: C0:07:E8:1C:28:DF (public): 0x00
[00:00:13.832,275] <dbg> bttester: tester_event: service 0x01 opcode 0x82
[00:00:13.833,770] <dbg> bttester: tester_event: service 0x01 opcode 0x80
[00:00:13.834,625] <dbg> bttester_bap_unicast: connected: Connected: C0:07:E8:1C:28:DF (public)
[00:00:17.247,680] <dbg> bttester: tester_event: service 0x01 opcode 0x89
[00:00:18.958,251] <dbg> bttester: tester_event: service 0x01 opcode 0x88
[00:00:20.333,953] <dbg> bttester_bap_unicast: lc3_config: ASE Codec Config: ep 0x2000e15c dir 2
[00:00:20.333,984] <dbg> bttester_bap_unicast: print_codec_cfg: codec_cfg 0x06 cid 0x0000 vid 0x0000 count 16
[00:00:20.334,014] <dbg> bttester_bap_unicast: print_cb: data: type 0x01 value_len 1
[00:00:20.334,045] <dbg> bttester_bap_unicast: print_cb: 
                                               03                                               |.                
[00:00:20.334,075] <dbg> bttester_bap_unicast: print_cb: data: type 0x02 value_len 1
[00:00:20.334,075] <dbg> bttester_bap_unicast: print_cb: 
                                               01                                               |.                
[00:00:20.334,106] <dbg> bttester_bap_unicast: print_cb: data: type 0x03 value_len 4
[00:00:20.334,136] <dbg> bttester_bap_unicast: print_cb: 
                                               01 00 00 00                                      |....             
[00:00:20.334,136] <dbg> bttester_bap_unicast: print_cb: data: type 0x04 value_len 2
[00:00:20.334,167] <dbg> bttester_bap_unicast: print_cb: 
                                               28 00                                            |(.               
[00:00:20.334,197] <dbg> bttester_bap_unicast: print_codec_cfg:   Frequency: 16000 Hz
[00:00:20.334,228] <dbg> bttester_bap_unicast: print_codec_cfg:   Frame Duration: 10000 us
[00:00:20.334,228] <dbg> bttester_bap_unicast: print_codec_cfg:   Channel allocation: 0x1
[00:00:20.334,259] <dbg> bttester_bap_unicast: print_codec_cfg:   Octets per frame: 40 (negative means value not pressent)
[00:00:20.334,289] <dbg> bttester_bap_unicast: print_codec_cfg:   Frames per SDU: 1
[00:00:20.334,320] <dbg> bttester_bap_unicast: lc3_config: ASE Codec Config stream 0x200126a8
[00:00:20.334,564] <wrn> bt_conn: Timeout discarded. No blocking in syswq.
[00:00:20.334,655] <dbg> bttester_bap_unicast: stream_configured: Configured stream 0x200126a8, ep 3, dir 2
[00:00:20.334,686] <dbg> bttester: tester_event: service 0x0d opcode 0x80
[00:00:20.458,496] <dbg> bttester_bap_unicast: lc3_qos: QoS: stream 0x200126a8 qos 0x200203ac
[00:00:20.458,526] <dbg> bttester_bap_unicast: print_qos: QoS: interval 10000 framing 0x00 phy 0x02 sdu 40 rtn 2 latency 10 pd 25000
[00:00:20.458,862] <wrn> bt_conn: Timeout discarded. No blocking in syswq.
[00:00:20.458,923] <dbg> bttester_bap_unicast: stream_qos_set: QoS set stream 0x200126a8
[00:00:20.458,953] <dbg> bttester: tester_event: service 0x0d opcode 0x80
[00:00:20.583,404] <wrn> bt_ascs: Invalid operation in state: qos-configured
[00:00:40.708,526] <wrn> bt_ascs: Invalid operation in state: qos-configured
[00:01:00.833,862] <wrn> bt_ascs: Invalid operation in state: qos-configured
[00:01:21.084,259] <wrn> bt_ascs: Invalid operation in state: qos-configured
[00:01:43.085,144] <dbg> bttester_gap: le_disconnected: C0:07:E8:1C:28:DF (public): 0x13
[00:01:43.085,205] <dbg> bttester: tester_event: service 0x01 opcode 0x83
[00:01:43.086,242] <dbg> bttester_bap_unicast: disconnected: Disconnected: C0:07:E8:1C:28:DF (public) (reason 0x13)
[00:01:43.086,303] <dbg> bttester_bap_unicast: stream_released: Released stream 0x200126a8
