< 2024/07/20 00:02:41.930083  length=6 from=0 to=5
 00 03 ff 01 00 01                                ......
--
> 2024/07/20 00:02:41.938781  length=4 from=0 to=3
 00 03 ff 00                                      ....
--
> 2024/07/20 00:02:41.939745  length=1 from=4 to=4
 00                                               .
--
< 2024/07/20 00:02:41.980433  length=6 from=6 to=11
 00 03 ff 01 00 03                                ......
--
> 2024/07/20 00:02:41.981765  length=5 from=5 to=9
 00 03 ff 00 00                                   .....
--
< 2024/07/20 00:02:42.018434  length=5 from=12 to=16
 01 03 00 00 00                                   .....
--
> 2024/07/20 00:02:42.212826  length=12 from=10 to=21
 01 03 00 15 01 70 1f c4 76 e7 dc 13              .....p..v...
--
> 2024/07/20 00:02:42.212928  length=2 from=22 to=23
 06 02                                            ..
--
> 2024/07/20 00:02:42.213764  length=10 from=24 to=33
 00 13 82 00 00 00 00 00 62 74                    ........bt
--
> 2024/07/20 00:02:42.214804  length=12 from=34 to=45
 70 5f 74 65 73 74 65 72 00 00 00 00              p_tester....
--
> 2024/07/20 00:02:42.215807  length=11 from=46 to=56
 00 00 00 00 00 00 00 00 00 00 00                 ...........
--
> 2024/07/20 00:02:42.215889  length=1 from=57 to=57
 00                                               .
--
> 2024/07/20 00:02:42.216830  length=10 from=58 to=67
 00 00 00 00 00 00 00 00 00 00                    ..........
--
> 2024/07/20 00:02:42.216928  length=3 from=68 to=70
 00 00 00                                         ...
--
> 2024/07/20 00:02:42.217772  length=9 from=71 to=79
 00 00 00 00 00 00 00 00 00                       .........
--
> 2024/07/20 00:02:42.217851  length=1 from=80 to=80
 00                                               .
--
> 2024/07/20 00:02:42.218818  length=11 from=81 to=91
 00 00 00 00 00 00 00 00 00 00 00                 ...........
--
> 2024/07/20 00:02:42.218909  length=2 from=92 to=93
 00 00                                            ..
--
> 2024/07/20 00:02:42.219765  length=10 from=94 to=103
 00 00 00 00 00 00 00 00 00 00                    ..........
--
> 2024/07/20 00:02:42.220794  length=12 from=104 to=115
 00 00 00 00 00 00 00 00 00 00 00 00              ............
--
> 2024/07/20 00:02:42.221775  length=11 from=116 to=126
 00 00 00 00 00 00 00 00 00 00 00                 ...........
--
> 2024/07/20 00:02:42.222824  length=11 from=127 to=137
 00 00 00 00 00 00 00 00 00 00 00                 ...........
--
> 2024/07/20 00:02:42.222915  length=2 from=138 to=139
 00 00                                            ..
--
> 2024/07/20 00:02:42.222970  length=1 from=140 to=140
 00                                               .
--
> 2024/07/20 00:02:42.223710  length=9 from=141 to=149
 00 00 00 00 00 00 00 00 00                       .........
--
> 2024/07/20 00:02:42.224778  length=12 from=150 to=161
 00 00 00 00 00 00 00 00 00 00 00 00              ............
--
> 2024/07/20 00:02:42.225755  length=12 from=162 to=173
 00 00 00 00 00 00 00 00 00 00 00 00              ............
--
> 2024/07/20 00:02:42.226802  length=11 from=174 to=184
 00 00 00 00 00 00 00 00 00 00 00                 ...........
--
> 2024/07/20 00:02:42.226888  length=2 from=185 to=186
 00 00                                            ..
--
> 2024/07/20 00:02:42.227785  length=10 from=187 to=196
 00 00 00 00 00 00 00 00 00 00                    ..........
--
> 2024/07/20 00:02:42.228783  length=11 from=197 to=207
 00 00 00 00 00 00 00 00 00 00 00                 ...........
--
> 2024/07/20 00:02:42.228869  length=2 from=208 to=209
 00 00                                            ..
--
> 2024/07/20 00:02:42.228931  length=1 from=210 to=210
 00                                               .
--
> 2024/07/20 00:02:42.229766  length=9 from=211 to=219
 00 00 00 00 00 00 00 00 00                       .........
--
> 2024/07/20 00:02:42.230791  length=12 from=220 to=231
 00 00 00 00 00 00 00 00 00 00 00 00              ............
--
> 2024/07/20 00:02:42.231770  length=11 from=232 to=242
 00 00 00 00 00 00 00 00 00 00 00                 ...........
--
> 2024/07/20 00:02:42.231856  length=1 from=243 to=243
 00                                               .
--
> 2024/07/20 00:02:42.232791  length=11 from=244 to=254
 00 00 00 00 00 00 00 00 00 00 00                 ...........
--
> 2024/07/20 00:02:42.232868  length=1 from=255 to=255
 00                                               .
--
> 2024/07/20 00:02:42.233763  length=10 from=256 to=265
 00 00 00 00 00 00 00 00 00 00                    ..........
--
> 2024/07/20 00:02:42.233838  length=1 from=266 to=266
 00                                               .
--
> 2024/07/20 00:02:42.234768  length=12 from=267 to=278
 00 00 00 00 00 00 00 00 00 00 00 00              ............
--
> 2024/07/20 00:02:42.235754  length=11 from=279 to=289
 00 00 00 00 00 00 00 00 00 00 00                 ...........
--
> 2024/07/20 00:02:42.236780  length=2 from=290 to=291
 00 00                                            ..
--
< 2024/07/20 00:02:42.350604  length=12 from=17 to=28
 03 05 00 07 00 80 00 01 78 00 00 00              ........x...
--
> 2024/07/20 00:02:42.352796  length=5 from=292 to=296
 03 05 00 00 00                                   .....
--
< 2024/07/20 00:02:48.366037  length=13 from=29 to=41
 01 0e 00 08 00 00 df 28 1c e8 07 c0 00           .......(.....
--
> 2024/07/20 00:02:48.368849  length=3 from=297 to=299
 01 0e 00                                         ...
--
> 2024/07/20 00:02:48.368930  length=2 from=300 to=301
 00 00                                            ..
--
> 2024/07/20 00:02:48.373843  length=12 from=302 to=313
 01 82 00 0d 00 00 df 28 1c e8 07 c0              .......(....
--
> 2024/07/20 00:02:48.374870  length=6 from=314 to=319
 28 00 00 00 90 01                                (.....
--
< 2024/07/20 00:02:50.375349  length=18 from=42 to=59
 03 02 00 0d 00 00 df 28 1c e8 07 c0 80 00 78 00  .......(......x.
 02 01                                            ..
--
> 2024/07/20 00:02:50.377830  length=2 from=320 to=321
 03 02                                            ..
--
> 2024/07/20 00:02:50.377896  length=2 from=322 to=323
 00 03                                            ..
--
> 2024/07/20 00:02:50.378842  length=4 from=324 to=327
 00 02 00 01                                      ....
--
> 2024/07/20 00:02:50.474851  length=8 from=328 to=335
 03 81 00 12 00 00 41 03                          ......A.
--
> 2024/07/20 00:02:50.474946  length=2 from=336 to=337
 40 00                                            @.
--
> 2024/07/20 00:02:50.475820  length=10 from=338 to=347
 40 00 78 00 60 00 00 df 28 1c                    @.x.`...(.
--
> 2024/07/20 00:02:50.476848  length=12 from=348 to=359
 e8 07 c0 03 81 00 12 00 01 41 03 40              .........A.@
--
> 2024/07/20 00:02:50.477826  length=11 from=360 to=370
 00 40 00 78 00 60 00 00 df 28 1c                 .@.x.`...(.
--
> 2024/07/20 00:02:50.477908  length=1 from=371 to=371
 e8                                               .
--
> 2024/07/20 00:02:50.477961  length=1 from=372 to=372
 07                                               .
--
> 2024/07/20 00:02:50.478826  length=1 from=373 to=373
 c0                                               .
--
< 2024/07/20 00:02:51.586463  length=72 from=60 to=131
 03 04 00 43 00 00 40 00 00 00 00 00 00 00 00 00  ...C..@.........
 00 00 00 00 00 00 00 00 00 00 00 00 00 00 00 00  ................
 00 00 00 00 00 00 00 00 00 00 00 00 00 00 00 00  ................
 00 00 00 00 00 00 00 00 00 00 00 00 00 00 00 00  ................
 00 00 00 00 00 00 00 00                          ........
--
> 2024/07/20 00:02:51.594883  length=5 from=374 to=378
 03 04 00 00 00                                   .....
--
< 2024/07/20 00:02:51.605723  length=72 from=132 to=203
 03 04 00 43 00 00 40 00 00 00 00 00 00 00 00 00  ...C..@.........
 00 00 00 00 00 00 00 00 00 00 00 00 00 00 00 00  ................
 00 00 00 00 00 00 00 00 00 00 00 00 00 00 00 00  ................
 00 00 00 00 00 00 00 00 00 00 00 00 00 00 00 00  ................
 00 00 00 00 00 00 00 00                          ........
--
> 2024/07/20 00:02:51.613910  length=5 from=379 to=383
 03 04 00 00 00                                   .....
--
> 2024/07/20 00:03:01.125949  length=5 from=384 to=388
 00 80 ff 00 00                                   .....
--
