< 2024/09/06 23:40:38.872749  length=6 from=0 to=5
 00 03 ff 01 00 01                                ......
--
> 2024/09/06 23:40:38.882497  length=5 from=0 to=4
 00 03 ff 00 00                                   .....
--
< 2024/09/06 23:40:38.910031  length=6 from=6 to=11
 00 03 ff 01 00 03                                ......
--
> 2024/09/06 23:40:38.911696  length=5 from=5 to=9
 00 03 ff 00 00                                   .....
--
< 2024/09/06 23:40:38.952305  length=5 from=12 to=16
 01 03 00 00 00                                   .....
--
> 2024/09/06 23:40:39.155743  length=2 from=10 to=11
 01 03                                            ..
--
> 2024/09/06 23:40:39.157068  length=25 from=12 to=36
 00 15 01 70 1f c4 76 e7 dc 13 06 02 00 13 82 00  ...p..v.........
 00 00 00 00 62 74 70 5f 74                       ....btp_t
--
> 2024/09/06 23:40:39.158671  length=19 from=37 to=55
 65 73 74 65 72 00 00 00 00 00 00 00 00 00 00 00  ester...........
 00 00 00                                         ...
--
> 2024/09/06 23:40:39.160001  length=15 from=56 to=70
 00 00 00 00 00 00 00 00 00 00 00 00 00 00 00     ...............
--
> 2024/09/06 23:40:39.161292  length=16 from=71 to=86
 00 00 00 00 00 00 00 00 00 00 00 00 00 00 00 00  ................
--
> 2024/09/06 23:40:39.162644  length=16 from=87 to=102
 00 00 00 00 00 00 00 00 00 00 00 00 00 00 00 00  ................
--
> 2024/09/06 23:40:39.163952  length=15 from=103 to=117
 00 00 00 00 00 00 00 00 00 00 00 00 00 00 00     ...............
--
> 2024/09/06 23:40:39.165339  length=16 from=118 to=133
 00 00 00 00 00 00 00 00 00 00 00 00 00 00 00 00  ................
--
> 2024/09/06 23:40:39.166693  length=7 from=134 to=140
 00 00 00 00 00 00 00                             .......
--
> 2024/09/06 23:40:39.168037  length=24 from=141 to=164
 00 00 00 00 00 00 00 00 00 00 00 00 00 00 00 00  ................
 00 00 00 00 00 00 00 00                          ........
--
> 2024/09/06 23:40:39.169381  length=16 from=165 to=180
 00 00 00 00 00 00 00 00 00 00 00 00 00 00 00 00  ................
--
> 2024/09/06 23:40:39.170733  length=16 from=181 to=196
 00 00 00 00 00 00 00 00 00 00 00 00 00 00 00 00  ................
--
> 2024/09/06 23:40:39.172220  length=15 from=197 to=211
 00 00 00 00 00 00 00 00 00 00 00 00 00 00 00     ...............
--
> 2024/09/06 23:40:39.173416  length=16 from=212 to=227
 00 00 00 00 00 00 00 00 00 00 00 00 00 00 00 00  ................
--
> 2024/09/06 23:40:39.174769  length=16 from=228 to=243
 00 00 00 00 00 00 00 00 00 00 00 00 00 00 00 00  ................
--
> 2024/09/06 23:40:39.176108  length=15 from=244 to=258
 00 00 00 00 00 00 00 00 00 00 00 00 00 00 00     ...............
--
> 2024/09/06 23:40:39.177584  length=11 from=259 to=269
 00 00 00 00 00 00 00 00 00 00 00                 ...........
--
> 2024/09/06 23:40:39.178810  length=21 from=270 to=290
 00 00 00 00 00 00 00 00 00 00 00 00 00 00 00 00  ................
 00 00 00 00 00                                   .....
--
> 2024/09/06 23:40:39.180108  length=1 from=291 to=291
 00                                               .
--
< 2024/09/06 23:40:39.290786  length=12 from=17 to=28
 03 05 00 07 00 80 00 01 78 00 00 00              ........x...
--
> 2024/09/06 23:40:39.292636  length=1 from=292 to=292
 03                                               .
--
> 2024/09/06 23:40:39.293991  length=4 from=293 to=296
 05 00 00 00                                      ....
--
< 2024/09/06 23:40:47.330357  length=13 from=29 to=41
 01 0e 00 08 00 00 df 28 1c e8 07 c0 00           .......(.....
--
> 2024/09/06 23:40:47.334171  length=5 from=297 to=301
 01 0e 00 00 00                                   .....
--
> 2024/09/06 23:40:47.364785  length=6 from=302 to=307
 01 82 00 0d 00 00                                ......
--
> 2024/09/06 23:40:47.366084  length=12 from=308 to=319
 df 28 1c e8 07 c0 28 00 00 00 90 01              .(....(.....
--
< 2024/09/06 23:40:49.369823  length=18 from=42 to=59
 03 02 00 0d 00 00 df 28 1c e8 07 c0 80 00 78 00  .......(......x.
 01 00                                            ..
--
> 2024/09/06 23:40:49.373176  length=7 from=320 to=326
 03 02 00 02 00 01 00                             .......
--
> 2024/09/06 23:40:49.466159  length=7 from=327 to=333
 03 81 00 12 00 00 c8                             .......
--
> 2024/09/06 23:40:49.467545  length=16 from=334 to=349
 03 40 00 40 00 78 00 60 00 00 df 28 1c e8 07 c0  .@.@.x.`...(....
--
> 2024/09/06 23:40:52.666771  length=13 from=350 to=362
 03 82 00 0c 00 00 00 00 00 00 00 df 28           ............(
--
> 2024/09/06 23:40:52.668040  length=4 from=363 to=366
 1c e8 07 c0                                      ....
--
> 2024/09/06 23:40:56.916566  length=7 from=367 to=373
 01 83 00 07 00 00 df                             .......
--
> 2024/09/06 23:40:56.916673  length=1 from=374 to=374
 28                                               (
--
> 2024/09/06 23:40:56.917581  length=4 from=375 to=378
 1c e8 07 c0                                      ....
--
> 2024/09/06 23:40:58.154576  length=5 from=379 to=383
 00 80 ff 00 00                                   .....
--
