*** Booting Zephyr OS build v4.0.0-2762-g99a503e6613b ***
[00:00:00.253,326] <dbg> bttester: tester_init: Initializing tester
[00:00:06.057,220] <dbg> bttester: cmd_handler: cmd service 0x00 opcode 0x03 index 0xff
[00:00:06.085,876] <inf> bt_hci_core: HW Platform: Nordic Semiconductor (0x0002)
[00:00:06.085,906] <inf> bt_hci_core: HW Variant: nRF53x (0x0003)
[00:00:06.085,937] <inf> bt_hci_core: Firmware: Standard Bluetooth controller (0x00) Version 4.0 Build 99
[00:00:06.087,890] <wrn> net_buf: Timeout discarded. No blocking in syswq
[00:00:06.088,104] <inf> bt_hci_core: Identity: D7:B8:1B:0B:51:C3 (random)
[00:00:06.088,104] <inf> bt_hci_core: HCI: version 5.4 (0x0d) revision 0x0000, manufacturer 0x05f1
[00:00:06.088,134] <inf> bt_hci_core: LMP: version 5.4 (0x0d) subver 0xffff
[00:00:06.088,165] <dbg> bttester: tester_rsp_with_index: service 0x00 opcode 0x03 index 0xff status 0x00
[00:00:06.120,269] <dbg> bttester: cmd_handler: cmd service 0x01 opcode 0x03 index 0x00
[00:00:06.541,229] <dbg> bttester: cmd_handler: cmd service 0x00 opcode 0x03 index 0xff
[00:00:06.541,290] <dbg> bttester: tester_rsp_with_index: service 0x00 opcode 0x03 index 0xff status 0x00
[00:00:06.559,509] <dbg> bttester: cmd_handler: cmd service 0x01 opcode 0x08 index 0x00
[00:00:06.581,207] <dbg> bttester: cmd_handler: cmd service 0x00 opcode 0x03 index 0xff
[00:00:06.581,756] <dbg> bttester: tester_rsp_with_index: service 0x00 opcode 0x03 index 0xff status 0x00
[00:00:06.620,971] <dbg> bttester: cmd_handler: cmd service 0x00 opcode 0x03 index 0xff
[00:00:06.621,002] <dbg> bttester: tester_rsp_with_index: service 0x00 opcode 0x03 index 0xff status 0x00
[00:00:06.657,531] <dbg> bttester: cmd_handler: cmd service 0x00 opcode 0x03 index 0xff
[00:00:06.657,653] <dbg> bttester: tester_rsp_with_index: service 0x00 opcode 0x03 index 0xff status 0x00
[00:00:15.724,365] <dbg> bttester: cmd_handler: cmd service 0x01 opcode 0x0e index 0x00
[00:00:15.725,280] <dbg> bttester: tester_rsp_with_index: service 0x01 opcode 0x0e index 0x00 status 0x00
[00:00:15.815,185] <dbg> bttester_gap: le_connected: C0:07:E8:1C:28:DF (public): 0x00
[00:00:15.815,216] <dbg> bttester: tester_event: service 0x01 opcode 0x82
[00:00:15.816,772] <dbg> bttester_bap_unicast: connected: Connected: C0:07:E8:1C:28:DF (public)
[00:00:17.078,399] <wrn> net_buf: Timeout discarded. No blocking in syswq
[00:00:17.677,062] <dbg> bttester: tester_event: service 0x01 opcode 0x89
[00:00:17.759,368] <dbg> bttester: cmd_handler: cmd service 0x0e opcode 0x02 index 0x00
[00:00:17.759,490] <dbg> bttester: tester_rsp_with_index: service 0x0e opcode 0x02 index 0x00 status 0x00
[00:00:18.217,651] <dbg> bttester_bap_unicast: pac_record_cb: 
[00:00:18.217,651] <dbg> bttester_bap_unicast: pac_record_cb: Discovered codec capabilities 0x20020240
[00:00:18.217,681] <dbg> bttester_bap_unicast: print_codec_cap: codec_cap 0x06 cid 0x0000 vid 0x0000 count 16
[00:00:18.217,712] <dbg> bttester_bap_unicast: print_cb: data: type 0x01 value_len 2
[00:00:18.217,712] <dbg> bttester_bap_unicast: print_cb: 
                                               80 00                                            |..               
[00:00:18.217,742] <dbg> bttester_bap_unicast: print_cb: data: type 0x02 value_len 1
[00:00:18.217,773] <dbg> bttester_bap_unicast: print_cb: 
                                               01                                               |.                
[00:00:18.217,803] <dbg> bttester_bap_unicast: print_cb: data: type 0x03 value_len 1
[00:00:18.217,803] <dbg> bttester_bap_unicast: print_cb: 
                                               01                                               |.                
[00:00:18.217,834] <dbg> bttester_bap_unicast: print_cb: data: type 0x04 value_len 4
[00:00:18.217,864] <dbg> bttester_bap_unicast: print_cb: 
                                               5a 00 5a 00                                      |Z.Z.             
[00:00:18.217,895] <dbg> bttester_bap_unicast: print_cb: meta: type 0x01 value_len 2
[00:00:18.217,895] <dbg> bttester_bap_unicast: print_cb: 
                                               01 00                                            |..               
[00:00:18.217,926] <dbg> bttester: tester_event: service 0x0e opcode 0x81
[00:00:19.416,992] <dbg> bttester_bap_unicast: unicast_client_location_cb: dir 1 loc 1
[00:00:20.136,993] <dbg> bttester_bap_unicast: available_contexts_cb: snk ctx 7 src ctx 0
[00:00:20.857,086] <dbg> bttester_bap_unicast: endpoint_cb: 
[00:00:20.857,116] <dbg> bttester_bap_unicast: endpoint_cb: Discovered ASE 0x2000e664, id 1, dir 0x01
[00:00:20.857,116] <dbg> bttester: tester_event: service 0x0e opcode 0x82
[00:00:22.116,912] <dbg> bttester_bap_unicast: discover_cb: 
[00:00:22.116,943] <dbg> bttester_bap_unicast: discover_cb: Discover complete
[00:00:22.116,973] <dbg> bttester_bap_unicast: discover_cb: Discover remote ASEs complete: err 0
[00:00:22.716,949] <dbg> bttester_bap_unicast: discover_cb: 
[00:00:22.716,949] <dbg> bttester_bap_unicast: discover_cb: Discover complete
[00:00:22.716,979] <dbg> bttester_bap_unicast: discover_cb: Discover remote ASEs completed without finding any source ASEs
[00:00:22.716,979] <dbg> bttester: tester_event: service 0x0e opcode 0x80
[00:00:27.798,919] <dbg> bttester: cmd_handler: cmd service 0x02 opcode 0x0c index 0x00
[00:00:27.798,950] <dbg> bttester_gatt: gatt_buf_add: 1/2048 used
[00:00:27.876,953] <dbg> bttester_gatt: gatt_buf_add: 8/2048 used
[00:00:27.996,948] <dbg> bttester: tester_rsp_full: service 0x02 opcode 0x0c
[00:00:28.029,876] <dbg> bttester: cmd_handler: cmd service 0x02 opcode 0x0f index 0x00
[00:00:28.029,907] <dbg> bttester_gatt: gatt_buf_add: 1/2048 used
[00:00:28.117,004] <dbg> bttester_gatt: gatt_buf_add: 9/2048 used
[00:00:28.236,938] <dbg> bttester: tester_rsp_full: service 0x02 opcode 0x0f
[00:00:28.256,561] <dbg> bttester: cmd_handler: cmd service 0x02 opcode 0x10 index 0x00
[00:00:28.256,591] <dbg> bttester_gatt: gatt_buf_add: 1/2048 used
[00:00:28.416,961] <dbg> bttester_gatt: gatt_buf_add: 6/2048 used
[00:00:28.416,992] <dbg> bttester: tester_rsp_full: service 0x02 opcode 0x10
[00:00:28.435,424] <dbg> bttester: cmd_handler: cmd service 0x02 opcode 0x11 index 0x00
[00:00:28.435,455] <dbg> bttester_gatt: gatt_buf_add: 3/2048 used
[00:00:28.536,926] <dbg> bttester_gatt: gatt_buf_add: 5/2048 used
[00:00:28.536,956] <dbg> bttester: tester_rsp_full: service 0x02 opcode 0x11
[00:00:28.587,371] <dbg> bttester: cmd_handler: cmd service 0x0d opcode 0x02 index 0x00
[00:00:28.587,371] <dbg> bttester_bap_unicast: btp_ascs_configure_codec: 
[00:00:28.587,554] <dbg> bttester: tester_rsp_with_index: service 0x0d opcode 0x02 index 0x00 status 0x00
[00:00:28.716,949] <dbg> bttester_bap_unicast: config_cb: stream 0x200123f0 config operation rsp_code 0 reason 0
[00:00:28.897,674] <dbg> bttester_bap_unicast: stream_configured: Configured stream 0x200123f0, ep 1, dir 1
[00:00:28.897,705] <dbg> bttester: tester_event: service 0x0d opcode 0x80
[00:00:28.970,855] <dbg> bttester: cmd_handler: cmd service 0x0d opcode 0x0a index 0x00
[00:00:28.970,886] <dbg> bttester_bap_unicast: btp_ascs_add_ase_to_cis: 
[00:00:28.970,916] <dbg> bttester_bap_unicast: client_add_ase_to_cis: Added ASE 1 to CIS 0 at CIG 0
[00:00:28.970,916] <dbg> bttester: tester_rsp_with_index: service 0x0d opcode 0x0a index 0x00 status 0x00
[00:00:28.993,804] <dbg> bttester: cmd_handler: cmd service 0x0d opcode 0x0b index 0x00
[00:00:28.993,804] <dbg> bttester_bap_unicast: btp_ascs_preconfigure_qos: 
[00:00:28.993,835] <dbg> bttester: tester_rsp_with_index: service 0x0d opcode 0x0b index 0x00 status 0x00
[00:00:29.016,418] <dbg> bttester: cmd_handler: cmd service 0x0d opcode 0x03 index 0x00
[00:00:29.016,448] <dbg> bttester_bap_unicast: btp_ascs_configure_qos: 
[00:00:29.016,479] <dbg> bttester_bap_unicast: btp_bap_unicast_group_create: Creating unicast group
[00:00:29.017,150] <dbg> bttester_bap_unicast: btp_ascs_configure_qos: QoS configuring streams
[00:00:29.017,242] <dbg> bttester: tester_rsp_with_index: service 0x0d opcode 0x03 index 0x00 status 0x00
[00:00:29.196,960] <dbg> bttester_bap_unicast: qos_cb: stream 0x200123f0 qos operation rsp_code 0 reason 0
[00:00:29.317,016] <dbg> bttester_bap_unicast: stream_qos_set: QoS set stream 0x200123f0
[00:00:29.317,016] <dbg> bttester: tester_event: service 0x0d opcode 0x80
[00:00:30.576,965] <dbg> bttester_bap_unicast: stream_released: Released stream 0x200123f0
[00:00:30.577,026] <dbg> bttester_bap_unicast: stream_released: Deleting unicast group
[00:00:32.077,301] <dbg> bttester_gap: le_disconnected: C0:07:E8:1C:28:DF (public): 0x13
[00:00:32.077,331] <dbg> bttester: tester_event: service 0x01 opcode 0x83
[00:00:32.078,369] <dbg> bttester_bap_unicast: disconnected: Disconnected: C0:07:E8:1C:28:DF (public) (reason 0x13)
