2024-09-20 22:00:50,734 LT1-thread root DEBUG client.py                 951   _run_test_case            : Starting TestCase _run_test_case GATT GATT/CL/GAW/BI-06-C
2024-09-20 22:00:50,734 LT1-thread root DEBUG testcase.py               712   pre_run                   : pre_run GATT GATT/CL/GAW/BI-06-C
2024-09-20 22:00:50,734 LT1-thread root DEBUG testcase.py               714   pre_run                   : About to run test case GATT GATT/CL/GAW/BI-06-C with commands:
2024-09-20 22:00:50,735 LT1-thread root DEBUG testcase.py               717   pre_run                   : 0) class=<class 'autopts.ptsprojects.testcase.TestFunc'>, func=<bound method Stack.core_init of <autopts.ptsprojects.stack.stack.Stack object at 0x7f4dff93bdc0>> start_wid=None stop_wid=None post_wid=None skip_call=None call_count=0 args=() kwds={}
2024-09-20 22:00:50,735 LT1-thread root DEBUG testcase.py               717   pre_run                   : 1) class=<class 'autopts.ptsprojects.testcase.TestFunc'>, func=<bound method ZephyrCtl.hw_reset of <autopts.ptsprojects.zephyr.iutctl.ZephyrCtl object at 0x7f4dff93ae90>> start_wid=None stop_wid=None post_wid=None skip_call=None call_count=0 args=() kwds={}
2024-09-20 22:00:50,735 LT1-thread root DEBUG testcase.py               717   pre_run                   : 2) class=<class 'autopts.ptsprojects.testcase.TestFunc'>, func=<bound method ZephyrCtl.start of <autopts.ptsprojects.zephyr.iutctl.ZephyrCtl object at 0x7f4dff93ae90>> start_wid=None stop_wid=None post_wid=None skip_call=None call_count=0 args=(<autopts.ptsprojects.zephyr.ztestcase.ZTestCase object at 0x7f4dfd498b50>,) kwds={}
2024-09-20 22:00:50,735 LT1-thread root DEBUG testcase.py               717   pre_run                   : 3) class=<class 'autopts.ptsprojects.testcase.TestFunc'>, func=<bound method ZephyrCtl.hw_reset of <autopts.ptsprojects.zephyr.iutctl.ZephyrCtl object at 0x7f4dff93ae90>> start_wid=None stop_wid=None post_wid=None skip_call=None call_count=0 args=() kwds={}
2024-09-20 22:00:50,735 LT1-thread root DEBUG testcase.py               717   pre_run                   : 4) class=<class 'autopts.ptsprojects.testcase.TestFunc'>, func=<bound method ZephyrCtl.wait_iut_ready_event of <autopts.ptsprojects.zephyr.iutctl.ZephyrCtl object at 0x7f4dff93ae90>> start_wid=None stop_wid=None post_wid=None skip_call=None call_count=0 args=(False,) kwds={}
2024-09-20 22:00:50,735 LT1-thread root DEBUG testcase.py               717   pre_run                   : 5) class=<class 'autopts.ptsprojects.testcase.TestFunc'>, func=<bound method Stack.gap_init of <autopts.ptsprojects.stack.stack.Stack object at 0x7f4dff93bdc0>> start_wid=None stop_wid=None post_wid=None skip_call=None call_count=56 args=(b'Tester_1C28DF',) kwds={}
2024-09-20 22:00:50,735 LT1-thread root DEBUG testcase.py               717   pre_run                   : 6) class=<class 'autopts.ptsprojects.testcase.TestFunc'>, func=<function core_reg_svc_gap at 0x7f4e0233ad40> start_wid=None stop_wid=None post_wid=None skip_call=None call_count=56 args=() kwds={}
2024-09-20 22:00:50,735 LT1-thread root DEBUG testcase.py               717   pre_run                   : 7) class=<class 'autopts.ptsprojects.testcase.TestFunc'>, func=<function gap_read_ctrl_info at 0x7f4e02342cb0> start_wid=None stop_wid=None post_wid=None skip_call=None call_count=56 args=() kwds={}
2024-09-20 22:00:50,735 LT1-thread root DEBUG testcase.py               717   pre_run                   : 8) class=<class 'autopts.ptsprojects.testcase.TestFunc'>, func=<function test_cases_client.<locals>.<lambda> at 0x7f4dff9f75b0> start_wid=None stop_wid=None post_wid=None skip_call=None call_count=56 args=() kwds={}
2024-09-20 22:00:50,735 LT1-thread root DEBUG testcase.py               717   pre_run                   : 9) class=<class 'autopts.ptsprojects.testcase.TestFunc'>, func=<function core_reg_svc_gatt at 0x7f4e0233ae60> start_wid=None stop_wid=None post_wid=None skip_call=None call_count=56 args=() kwds={}
2024-09-20 22:00:50,735 LT1-thread root DEBUG testcase.py               717   pre_run                   : 10) class=<class 'autopts.ptsprojects.testcase.TestFunc'>, func=<function set_pts_addr at 0x7f4e0233a950> start_wid=None stop_wid=None post_wid=None skip_call=None call_count=56 args=('C0:07:E8:1C:28:DF', 0) kwds={}
2024-09-20 22:00:50,735 LT1-thread root DEBUG testcase.py               717   pre_run                   : 11) class=<class 'autopts.ptsprojects.testcase.TestFunc'>, func=<bound method Stack.gatt_init of <autopts.ptsprojects.stack.stack.Stack object at 0x7f4dff93bdc0>> start_wid=None stop_wid=None post_wid=None skip_call=None call_count=56 args=() kwds={}
2024-09-20 22:00:50,735 LT1-thread root DEBUG testcase.py               717   pre_run                   : 12) class=<class 'autopts.ptsprojects.testcase.TestFuncCleanUp'>, func=<bound method Stack.cleanup of <autopts.ptsprojects.stack.stack.Stack object at 0x7f4dff93bdc0>> start_wid=None stop_wid=None post_wid=None skip_call=None call_count=0 args=() kwds={}
2024-09-20 22:00:50,735 LT1-thread root DEBUG testcase.py               717   pre_run                   : 13) class=<class 'autopts.ptsprojects.testcase.TestFuncCleanUp'>, func=<bound method ZephyrCtl.stop of <autopts.ptsprojects.zephyr.iutctl.ZephyrCtl object at 0x7f4dff93ae90>> start_wid=None stop_wid=None post_wid=None skip_call=None call_count=0 args=() kwds={}
2024-09-20 22:00:50,735 LT1-thread root DEBUG testcase.py               724   pre_run                   : pre_run, run pre test case script
2024-09-20 22:00:50,736 LT1-thread root DEBUG testcase.py               253   start                     : Starting test function: class=<class 'autopts.ptsprojects.testcase.TestFunc'>, func=<bound method Stack.core_init of <autopts.ptsprojects.stack.stack.Stack object at 0x7f4dff93bdc0>> start_wid=None stop_wid=None post_wid=None skip_call=None call_count=1 args=() kwds={}
2024-09-20 22:00:50,736 LT1-thread root DEBUG testcase.py               265   start                     : Test function parameters: args=(), kwds={}
2024-09-20 22:00:50,736 LT1-thread root DEBUG testcase.py               253   start                     : Starting test function: class=<class 'autopts.ptsprojects.testcase.TestFunc'>, func=<bound method ZephyrCtl.hw_reset of <autopts.ptsprojects.zephyr.iutctl.ZephyrCtl object at 0x7f4dff93ae90>> start_wid=None stop_wid=None post_wid=None skip_call=None call_count=1 args=() kwds={}
2024-09-20 22:00:50,736 LT1-thread root DEBUG testcase.py               265   start                     : Test function parameters: args=(), kwds={}
2024-09-20 22:00:50,736 LT1-thread root DEBUG testcase.py               253   start                     : Starting test function: class=<class 'autopts.ptsprojects.testcase.TestFunc'>, func=<bound method ZephyrCtl.start of <autopts.ptsprojects.zephyr.iutctl.ZephyrCtl object at 0x7f4dff93ae90>> start_wid=None stop_wid=None post_wid=None skip_call=None call_count=1 args=(<autopts.ptsprojects.zephyr.ztestcase.ZTestCase object at 0x7f4dfd498b50>,) kwds={}
2024-09-20 22:00:50,736 LT1-thread root DEBUG testcase.py               265   start                     : Test function parameters: args=(<autopts.ptsprojects.zephyr.ztestcase.ZTestCase object at 0x7f4dfd498b50>,), kwds={}
2024-09-20 22:00:50,736 LT1-thread root DEBUG iutctl.py                 104   start                     : <class 'autopts.ptsprojects.zephyr.iutctl.ZephyrCtl'>.start
2024-09-20 22:00:50,736 LT1-thread root DEBUG iutctl.py                 169   flush_serial              : <class 'autopts.ptsprojects.zephyr.iutctl.ZephyrCtl'>.flush_serial
2024-09-20 22:00:51,739 LT1-thread root DEBUG iutctl.py                 134   start                     : Starting socat process: socat -x -v /dev/ttyACM2,rawer,b115200 UNIX-CONNECT:/tmp/bt-stack-tester683989059
2024-09-20 22:00:51,740 LT1-thread root DEBUG iutctl_common.py          293   accept                    : accept
2024-09-20 22:00:51,741 BTPWorkerThread-4161 (_rx_task) root DEBUG iutctl_common.py          198   _rx_task                  : BTPWorkerThread-4161 (_rx_task) started
2024-09-20 22:00:51,741 LT1-thread root DEBUG testcase.py               253   start                     : Starting test function: class=<class 'autopts.ptsprojects.testcase.TestFunc'>, func=<bound method ZephyrCtl.hw_reset of <autopts.ptsprojects.zephyr.iutctl.ZephyrCtl object at 0x7f4dff93ae90>> start_wid=None stop_wid=None post_wid=None skip_call=None call_count=1 args=() kwds={}
2024-09-20 22:00:51,742 LT1-thread root DEBUG testcase.py               265   start                     : Test function parameters: args=(), kwds={}
2024-09-20 22:00:51,742 LT1-thread root DEBUG testcase.py               253   start                     : Starting test function: class=<class 'autopts.ptsprojects.testcase.TestFunc'>, func=<bound method ZephyrCtl.wait_iut_ready_event of <autopts.ptsprojects.zephyr.iutctl.ZephyrCtl object at 0x7f4dff93ae90>> start_wid=None stop_wid=None post_wid=None skip_call=None call_count=1 args=(False,) kwds={}
2024-09-20 22:00:51,742 LT1-thread root DEBUG testcase.py               265   start                     : Test function parameters: args=(False,), kwds={}
2024-09-20 22:00:51,742 LT1-thread root DEBUG iutctl.py                 231   wait_iut_ready_event      : IUT ready event received OK
2024-09-20 22:00:51,742 LT1-thread root DEBUG rtt.py                    232   start                     : <class 'autopts.rtt.RTTLogger'>.start
2024-09-20 22:00:51,742 LT1-thread root DEBUG rtt.py                    87    start                     : <class 'autopts.rtt.RTT'>.start
2024-09-20 22:00:52,390 LT1-thread root DEBUG testcase.py               253   start                     : Starting test function: class=<class 'autopts.ptsprojects.testcase.TestFunc'>, func=<bound method Stack.gap_init of <autopts.ptsprojects.stack.stack.Stack object at 0x7f4dff93bdc0>> start_wid=None stop_wid=None post_wid=None skip_call=None call_count=57 args=(b'Tester_1C28DF',) kwds={}
2024-09-20 22:00:52,390 LT1-thread root DEBUG testcase.py               265   start                     : Test function parameters: args=(b'Tester_1C28DF',), kwds={}
2024-09-20 22:00:52,390 LT1-thread root DEBUG testcase.py               253   start                     : Starting test function: class=<class 'autopts.ptsprojects.testcase.TestFunc'>, func=<function core_reg_svc_gap at 0x7f4e0233ad40> start_wid=None stop_wid=None post_wid=None skip_call=None call_count=57 args=() kwds={}
2024-09-20 22:00:52,390 LT1-thread root DEBUG testcase.py               265   start                     : Test function parameters: args=(), kwds={}
2024-09-20 22:00:52,390 LT1-thread root DEBUG btp.py                    461   core_reg_svc_gap          : core_reg_svc_gap
2024-09-20 22:00:52,390 LT1-thread root DEBUG iutctl_common.py          106   send                      : send, 0 3 255 '1'
2024-09-20 22:00:52,390 LT1-thread root DEBUG iutctl_common.py          111   send                      : sending frame '0003ff010001'
2024-09-20 22:00:52,390 LT1-thread root DEBUG btp.py                    710   core_reg_svc_rsp_succ     : core_reg_svc_rsp_succ
2024-09-20 22:00:52,390 LT1-thread root DEBUG iutctl_common.py          230   read                      : read
2024-09-20 22:00:52,421 BTPWorkerThread-4161 (_rx_task) root DEBUG iutctl_common.py          76    read                      : Read 5 bytes
2024-09-20 22:00:52,463 BTPWorkerThread-4161 (_rx_task) root DEBUG iutctl_common.py          83    read                      : Received: hdr: Header(svc_id=0, op=3, ctrl_index=255, data_len=0) bytearray(b'\x00\x03\xff\x00\x00')
2024-09-20 22:00:52,478 BTPWorkerThread-4161 (_rx_task) root DEBUG iutctl_common.py          99    read                      : Received data: {''}, bytearray(b'')
2024-09-20 22:00:52,493 LT1-thread root DEBUG btp.py                    721   core_reg_svc_rsp_succ     : received Header(svc_id=0, op=3, ctrl_index=255, data_len=0) (b'',)
2024-09-20 22:00:52,494 LT1-thread root DEBUG btp.py                    722   core_reg_svc_rsp_succ     : expected ((0, 3, 255, 0), (b'',))
2024-09-20 22:00:52,494 LT1-thread root DEBUG btp.py                    727   core_reg_svc_rsp_succ     : response is valid
2024-09-20 22:00:52,494 LT1-thread root DEBUG testcase.py               253   start                     : Starting test function: class=<class 'autopts.ptsprojects.testcase.TestFunc'>, func=<function gap_read_ctrl_info at 0x7f4e02342cb0> start_wid=None stop_wid=None post_wid=None skip_call=None call_count=57 args=() kwds={}
2024-09-20 22:00:52,494 LT1-thread root DEBUG testcase.py               265   start                     : Test function parameters: args=(), kwds={}
2024-09-20 22:00:52,494 LT1-thread root DEBUG gap.py                    937   gap_read_ctrl_info        : gap_read_ctrl_info
2024-09-20 22:00:52,494 LT1-thread root DEBUG iutctl_common.py          106   send                      : send, 1 3 0 ''
2024-09-20 22:00:52,494 LT1-thread root DEBUG iutctl_common.py          111   send                      : sending frame '0103000000'
2024-09-20 22:00:52,494 LT1-thread root DEBUG iutctl_common.py          230   read                      : read
2024-09-20 22:00:52,668 BTPWorkerThread-4161 (_rx_task) root DEBUG iutctl_common.py          76    read                      : Read 5 bytes
2024-09-20 22:00:52,678 BTPWorkerThread-4161 (_rx_task) root DEBUG iutctl_common.py          83    read                      : Received: hdr: Header(svc_id=1, op=3, ctrl_index=0, data_len=277) bytearray(b'\x01\x03\x00\x15\x01')
2024-09-20 22:00:52,699 BTPWorkerThread-4161 (_rx_task) root DEBUG iutctl_common.py          91    read                      : Read 277 bytes data
2024-09-20 22:00:52,714 BTPWorkerThread-4161 (_rx_task) root DEBUG iutctl_common.py          99    read                      : Received data: {'70 1f c4 76 e7 dc 13 06 02 00 13 82 00 00 00 00 00 62 74 70 5f 74 65 73 74 65 72 00 00 00 00 00 00 00 00 00 00 00 00 00 00 00 00 00 00 00 00 00 00 00 00 00 00 00 00 00 00 00 00 00 00 00 00 00 00 00 00 00 00 00 00 00 00 00 00 00 00 00 00 00 00 00 00 00 00 00 00 00 00 00 00 00 00 00 00 00 00 00 00 00 00 00 00 00 00 00 00 00 00 00 00 00 00 00 00 00 00 00 00 00 00 00 00 00 00 00 00 00 00 00 00 00 00 00 00 00 00 00 00 00 00 00 00 00 00 00 00 00 00 00 00 00 00 00 00 00 00 00 00 00 00 00 00 00 00 00 00 00 00 00 00 00 00 00 00 00 00 00 00 00 00 00 00 00 00 00 00 00 00 00 00 00 00 00 00 00 00 00 00 00 00 00 00 00 00 00 00 00 00 00 00 00 00 00 00 00 00 00 00 00 00 00 00 00 00 00 00 00 00 00 00 00 00 00 00 00 00 00 00 00 00 00 00 00 00 00 00 00 00 00 00 00 00 00 00 00 00 00 00 00 00 00 00 00 00 00 00 00 00 00 00 00 00 00 00 00 00'}, bytearray(b'p\x1f\xc4v\xe7\xdc\x13\x06\x02\x00\x13\x82\x00\x00\x00\x00\x00btp_tester\x00\x00\x00\x00\x00\x00\x00\x00\x00\x00\x00\x00\x00\x00\x00\x00\x00\x00\x00\x00\x00\x00\x00\x00\x00\x00\x00\x00\x00\x00\x00\x00\x00\x00\x00\x00\x00\x00\x00\x00\x00\x00\x00\x00\x00\x00\x00\x00\x00\x00\x00\x00\x00\x00\x00\x00\x00\x00\x00\x00\x00\x00\x00\x00\x00\x00\x00\x00\x00\x00\x00\x00\x00\x00\x00\x00\x00\x00\x00\x00\x00\x00\x00\x00\x00\x00\x00\x00\x00\x00\x00\x00\x00\x00\x00\x00\x00\x00\x00\x00\x00\x00\x00\x00\x00\x00\x00\x00\x00\x00\x00\x00\x00\x00\x00\x00\x00\x00\x00\x00\x00\x00\x00\x00\x00\x00\x00\x00\x00\x00\x00\x00\x00\x00\x00\x00\x00\x00\x00\x00\x00\x00\x00\x00\x00\x00\x00\x00\x00\x00\x00\x00\x00\x00\x00\x00\x00\x00\x00\x00\x00\x00\x00\x00\x00\x00\x00\x00\x00\x00\x00\x00\x00\x00\x00\x00\x00\x00\x00\x00\x00\x00\x00\x00\x00\x00\x00\x00\x00\x00\x00\x00\x00\x00\x00\x00\x00\x00\x00\x00\x00\x00\x00\x00\x00\x00\x00\x00\x00\x00\x00\x00\x00\x00\x00\x00\x00\x00\x00\x00\x00\x00\x00\x00\x00\x00\x00\x00\x00\x00\x00\x00\x00\x00\x00\x00\x00\x00\x00\x00\x00\x00\x00\x00\x00\x00\x00\x00\x00\x00')
2024-09-20 22:00:52,720 LT1-thread root DEBUG gap.py                    944   gap_read_ctrl_info        : received Header(svc_id=1, op=3, ctrl_index=0, data_len=277) (b'p\x1f\xc4v\xe7\xdc\x13\x06\x02\x00\x13\x82\x00\x00\x00\x00\x00btp_tester\x00\x00\x00\x00\x00\x00\x00\x00\x00\x00\x00\x00\x00\x00\x00\x00\x00\x00\x00\x00\x00\x00\x00\x00\x00\x00\x00\x00\x00\x00\x00\x00\x00\x00\x00\x00\x00\x00\x00\x00\x00\x00\x00\x00\x00\x00\x00\x00\x00\x00\x00\x00\x00\x00\x00\x00\x00\x00\x00\x00\x00\x00\x00\x00\x00\x00\x00\x00\x00\x00\x00\x00\x00\x00\x00\x00\x00\x00\x00\x00\x00\x00\x00\x00\x00\x00\x00\x00\x00\x00\x00\x00\x00\x00\x00\x00\x00\x00\x00\x00\x00\x00\x00\x00\x00\x00\x00\x00\x00\x00\x00\x00\x00\x00\x00\x00\x00\x00\x00\x00\x00\x00\x00\x00\x00\x00\x00\x00\x00\x00\x00\x00\x00\x00\x00\x00\x00\x00\x00\x00\x00\x00\x00\x00\x00\x00\x00\x00\x00\x00\x00\x00\x00\x00\x00\x00\x00\x00\x00\x00\x00\x00\x00\x00\x00\x00\x00\x00\x00\x00\x00\x00\x00\x00\x00\x00\x00\x00\x00\x00\x00\x00\x00\x00\x00\x00\x00\x00\x00\x00\x00\x00\x00\x00\x00\x00\x00\x00\x00\x00\x00\x00\x00\x00\x00\x00\x00\x00\x00\x00\x00\x00\x00\x00\x00\x00\x00\x00\x00\x00\x00\x00\x00\x00\x00\x00\x00\x00\x00\x00\x00\x00\x00\x00\x00\x00\x00\x00\x00\x00\x00\x00\x00\x00\x00\x00\x00\x00\x00\x00',)
2024-09-20 22:00:52,720 LT1-thread root DEBUG gap.py                    965   gap_read_ctrl_info        : IUT address 'dce776c41f70' 'random'
2024-09-20 22:00:52,720 LT1-thread root DEBUG gap.py                    400   __gap_current_settings_update : __gap_current_settings_update 33299
2024-09-20 22:00:52,720 LT1-thread root DEBUG testcase.py               253   start                     : Starting test function: class=<class 'autopts.ptsprojects.testcase.TestFunc'>, func=<function test_cases_client.<locals>.<lambda> at 0x7f4dff9f75b0> start_wid=None stop_wid=None post_wid=None skip_call=None call_count=57 args=() kwds={}
2024-09-20 22:00:52,720 LT1-thread root DEBUG testcase.py               265   start                     : Test function parameters: args=(), kwds={}
2024-09-20 22:00:52,724 LT1-thread root DEBUG testcase.py               253   start                     : Starting test function: class=<class 'autopts.ptsprojects.testcase.TestFunc'>, func=<function core_reg_svc_gatt at 0x7f4e0233ae60> start_wid=None stop_wid=None post_wid=None skip_call=None call_count=57 args=() kwds={}
2024-09-20 22:00:52,724 LT1-thread root DEBUG testcase.py               265   start                     : Test function parameters: args=(), kwds={}
2024-09-20 22:00:52,724 LT1-thread root DEBUG btp.py                    479   core_reg_svc_gatt         : core_reg_svc_gatt
2024-09-20 22:00:52,724 LT1-thread root DEBUG iutctl_common.py          106   send                      : send, 0 3 255 '2'
2024-09-20 22:00:52,724 LT1-thread root DEBUG iutctl_common.py          111   send                      : sending frame '0003ff010002'
2024-09-20 22:00:52,724 LT1-thread root DEBUG btp.py                    710   core_reg_svc_rsp_succ     : core_reg_svc_rsp_succ
2024-09-20 22:00:52,724 LT1-thread root DEBUG iutctl_common.py          230   read                      : read
2024-09-20 22:00:52,734 BTPWorkerThread-4161 (_rx_task) root DEBUG iutctl_common.py          76    read                      : Read 5 bytes
2024-09-20 22:00:52,740 BTPWorkerThread-4161 (_rx_task) root DEBUG iutctl_common.py          83    read                      : Received: hdr: Header(svc_id=0, op=3, ctrl_index=255, data_len=0) bytearray(b'\x00\x03\xff\x00\x00')
2024-09-20 22:00:52,755 BTPWorkerThread-4161 (_rx_task) root DEBUG iutctl_common.py          99    read                      : Received data: {''}, bytearray(b'')
2024-09-20 22:00:52,755 LT1-thread root DEBUG btp.py                    721   core_reg_svc_rsp_succ     : received Header(svc_id=0, op=3, ctrl_index=255, data_len=0) (b'',)
2024-09-20 22:00:52,755 LT1-thread root DEBUG btp.py                    722   core_reg_svc_rsp_succ     : expected ((0, 3, 255, 0), (b'',))
2024-09-20 22:00:52,755 LT1-thread root DEBUG btp.py                    727   core_reg_svc_rsp_succ     : response is valid
2024-09-20 22:00:52,755 LT1-thread root DEBUG testcase.py               253   start                     : Starting test function: class=<class 'autopts.ptsprojects.testcase.TestFunc'>, func=<function set_pts_addr at 0x7f4e0233a950> start_wid=None stop_wid=None post_wid=None skip_call=None call_count=57 args=('C0:07:E8:1C:28:DF', 0) kwds={}
2024-09-20 22:00:52,756 LT1-thread root DEBUG testcase.py               265   start                     : Test function parameters: args=('C0:07:E8:1C:28:DF', 0), kwds={}
2024-09-20 22:00:52,756 LT1-thread root DEBUG testcase.py               253   start                     : Starting test function: class=<class 'autopts.ptsprojects.testcase.TestFunc'>, func=<bound method Stack.gatt_init of <autopts.ptsprojects.stack.stack.Stack object at 0x7f4dff93bdc0>> start_wid=None stop_wid=None post_wid=None skip_call=None call_count=57 args=() kwds={}
2024-09-20 22:00:52,756 LT1-thread root DEBUG testcase.py               265   start                     : Test function parameters: args=(), kwds={}
2024-09-20 22:00:52,757 LT1-thread root DEBUG client.py                 309   get_result                : ClientCallback.get_result run_test_case
2024-09-20 22:00:59,574 LT1-callback ClientCallback.on_implicit_send INFO client.py                 256   on_implicit_send          : 
    ********************
    BEGIN OnImplicitSend:
    project_name: GATT
    wid: 1
    test_case_name: GATT/CL/GAW/BI-06-C
    description: Please prepare IUT into a connectable mode.

Description: Verify that the Implementation Under Test (IUT) can accept GATT connect request from PTS.
    style: MMI_Style_Ok_Cancel2 0x11141
2024-09-20 22:00:59,574 LT1-callback ClientCallback.on_implicit_send INFO client.py                 269   on_implicit_send          : Calling test cases on_implicit_send
2024-09-20 22:00:59,574 LT1-callback ClientCallback.on_implicit_send INFO client.py                 282   on_implicit_send          : 
    on_implicit_send returned response: WAIT
    END OnImplicitSend
    ********************
2024-09-20 22:00:59,758 LT1-thread root DEBUG testcase.py               671   run_wid                   : GATT GATT/CL/GAW/BI-06-C on_implicit_send
2024-09-20 22:00:59,758 LT1-thread root DEBUG gatt_wid.py               24    gatt_wid_hdl              : gatt_wid_hdl, 1, Please prepare IUT into a connectable mode.

Description: Verify that the Implementation Under Test (IUT) can accept GATT connect request from PTS., GATT/CL/GAW/BI-06-C
2024-09-20 22:00:59,758 LT1-thread root DEBUG gap.py                    758   gap_set_conn              : gap_set_conn
2024-09-20 22:00:59,758 LT1-thread root DEBUG gap.py                    809   gap_set_gendiscov         : gap_set_gendiscov
2024-09-20 22:00:59,758 LT1-thread root DEBUG iutctl_common.py          106   send                      : send, 1 8 0 '1'
2024-09-20 22:00:59,758 LT1-thread root DEBUG iutctl_common.py          111   send                      : sending frame '010800010001'
2024-09-20 22:00:59,758 LT1-thread root DEBUG gap.py                    972   gap_command_rsp_succ      : gap_command_rsp_succ
2024-09-20 22:00:59,758 LT1-thread root DEBUG iutctl_common.py          230   read                      : read
2024-09-20 22:00:59,800 BTPWorkerThread-4161 (_rx_task) root DEBUG iutctl_common.py          76    read                      : Read 5 bytes
2024-09-20 22:00:59,800 BTPWorkerThread-4161 (_rx_task) root DEBUG iutctl_common.py          83    read                      : Received: hdr: Header(svc_id=1, op=8, ctrl_index=0, data_len=4) bytearray(b'\x01\x08\x00\x04\x00')
2024-09-20 22:00:59,805 BTPWorkerThread-4161 (_rx_task) root DEBUG iutctl_common.py          91    read                      : Read 4 bytes data
2024-09-20 22:00:59,805 BTPWorkerThread-4161 (_rx_task) root DEBUG iutctl_common.py          99    read                      : Received data: {'1b 82 00 00'}, bytearray(b'\x1b\x82\x00\x00')
2024-09-20 22:00:59,811 LT1-thread root DEBUG gap.py                    977   gap_command_rsp_succ      : received Header(svc_id=1, op=8, ctrl_index=0, data_len=4) (b'\x1b\x82\x00\x00',)
2024-09-20 22:00:59,811 LT1-thread root DEBUG gap.py                    400   __gap_current_settings_update : __gap_current_settings_update (b'\x1b\x82\x00\x00',)
2024-09-20 22:00:59,811 LT1-thread root DEBUG gap.py                    449   gap_adv_ind_on            : gap_adv_ind_on {9: b'Tester_1C28DF'} None
2024-09-20 22:00:59,811 LT1-thread root DEBUG iutctl_common.py          106   send                      : send, 1 10 0 "bytearray(b'\\x0f\\x00\\t\\rTester_1C28DF\\xff\\xff\\xff\\xff\\x00')"
2024-09-20 22:00:59,811 LT1-thread root DEBUG iutctl_common.py          111   send                      : sending frame '010a0016000f00090d5465737465725f314332384446ffffffff00'
2024-09-20 22:00:59,811 LT1-thread root DEBUG gap.py                    972   gap_command_rsp_succ      : gap_command_rsp_succ
2024-09-20 22:00:59,811 LT1-thread root DEBUG iutctl_common.py          230   read                      : read
2024-09-20 22:00:59,842 BTPWorkerThread-4161 (_rx_task) root DEBUG iutctl_common.py          76    read                      : Read 5 bytes
2024-09-20 22:00:59,848 BTPWorkerThread-4161 (_rx_task) root DEBUG iutctl_common.py          83    read                      : Received: hdr: Header(svc_id=1, op=10, ctrl_index=0, data_len=4) bytearray(b'\x01\n\x00\x04\x00')
2024-09-20 22:00:59,853 BTPWorkerThread-4161 (_rx_task) root DEBUG iutctl_common.py          91    read                      : Read 4 bytes data
2024-09-20 22:00:59,858 BTPWorkerThread-4161 (_rx_task) root DEBUG iutctl_common.py          99    read                      : Received data: {'1b 86 00 00'}, bytearray(b'\x1b\x86\x00\x00')
2024-09-20 22:00:59,864 LT1-thread root DEBUG gap.py                    977   gap_command_rsp_succ      : received Header(svc_id=1, op=10, ctrl_index=0, data_len=4) (b'\x1b\x86\x00\x00',)
2024-09-20 22:00:59,864 LT1-thread root DEBUG gap.py                    400   __gap_current_settings_update : __gap_current_settings_update (b'\x1b\x86\x00\x00',)
2024-09-20 22:01:00,452 BTPWorkerThread-4161 (_rx_task) root DEBUG iutctl_common.py          76    read                      : Read 5 bytes
2024-09-20 22:01:00,463 BTPWorkerThread-4161 (_rx_task) root DEBUG iutctl_common.py          83    read                      : Received: hdr: Header(svc_id=1, op=130, ctrl_index=0, data_len=13) bytearray(b'\x01\x82\x00\r\x00')
2024-09-20 22:01:00,463 BTPWorkerThread-4161 (_rx_task) root DEBUG iutctl_common.py          91    read                      : Read 13 bytes data
2024-09-20 22:01:00,463 BTPWorkerThread-4161 (_rx_task) root DEBUG iutctl_common.py          99    read                      : Received data: {'00 df 28 1c e8 07 c0 32 00 00 00 d0 07'}, bytearray(b'\x00\xdf(\x1c\xe8\x07\xc02\x00\x00\x00\xd0\x07')
2024-09-20 22:01:00,484 BTPWorkerThread-4161 (_rx_task) root DEBUG btp.py                    814   event_handler             : event_handler Header(svc_id=1, op=130, ctrl_index=0, data_len=13) (b'\x00\xdf(\x1c\xe8\x07\xc02\x00\x00\x00\xd0\x07',)
2024-09-20 22:01:00,505 BTPWorkerThread-4161 (_rx_task) root DEBUG gap.py                    171   gap_connected_ev_         : gap_connected_ev_ b'\x00\xdf(\x1c\xe8\x07\xc02\x00\x00\x00\xd0\x07'
2024-09-20 22:01:00,510 LT1-thread root DEBUG testcase.py               707   run_wid                   : Sending response 'OK' to wid 1 test case GATT/CL/GAW/BI-06-C
2024-09-20 22:01:00,511 BTPWorkerThread-4161 (_rx_task) root DEBUG iutctl_common.py          76    read                      : Read 5 bytes
2024-09-20 22:01:00,511 BTPWorkerThread-4161 (_rx_task) root DEBUG iutctl_common.py          83    read                      : Received: hdr: Header(svc_id=1, op=128, ctrl_index=0, data_len=4) bytearray(b'\x01\x80\x00\x04\x00')
2024-09-20 22:01:00,511 BTPWorkerThread-4161 (_rx_task) root DEBUG iutctl_common.py          91    read                      : Read 4 bytes data
2024-09-20 22:01:00,511 BTPWorkerThread-4161 (_rx_task) root DEBUG iutctl_common.py          99    read                      : Received data: {'1b 82 00 00'}, bytearray(b'\x1b\x82\x00\x00')
2024-09-20 22:01:00,511 BTPWorkerThread-4161 (_rx_task) root DEBUG btp.py                    814   event_handler             : event_handler Header(svc_id=1, op=128, ctrl_index=0, data_len=4) (b'\x1b\x82\x00\x00',)
2024-09-20 22:01:00,511 BTPWorkerThread-4161 (_rx_task) root DEBUG gap.py                    139   gap_new_settings_ev_      : gap_new_settings_ev_ b'\x1b\x82\x00\x00'
2024-09-20 22:01:00,511 BTPWorkerThread-4161 (_rx_task) root DEBUG gap.py                    400   __gap_current_settings_update : __gap_current_settings_update 33307
2024-09-20 22:01:00,512 LT1-thread root DEBUG client.py                 309   get_result                : ClientCallback.get_result run_test_case
2024-09-20 22:01:03,548 BTPWorkerThread-4161 (_rx_task) root DEBUG iutctl_common.py          76    read                      : Read 3 bytes
2024-09-20 22:01:03,550 BTPWorkerThread-4161 (_rx_task) root DEBUG iutctl_common.py          76    read                      : Read 2 bytes
2024-09-20 22:01:03,550 BTPWorkerThread-4161 (_rx_task) root DEBUG iutctl_common.py          83    read                      : Received: hdr: Header(svc_id=1, op=137, ctrl_index=0, data_len=8) bytearray(b'\x01\x89\x00\x08\x00')
2024-09-20 22:01:03,550 BTPWorkerThread-4161 (_rx_task) root DEBUG iutctl_common.py          91    read                      : Read 8 bytes data
2024-09-20 22:01:03,550 BTPWorkerThread-4161 (_rx_task) root DEBUG iutctl_common.py          99    read                      : Received data: {'00 df 28 1c e8 07 c0 02'}, bytearray(b'\x00\xdf(\x1c\xe8\x07\xc0\x02')
2024-09-20 22:01:03,550 BTPWorkerThread-4161 (_rx_task) root DEBUG btp.py                    814   event_handler             : event_handler Header(svc_id=1, op=137, ctrl_index=0, data_len=8) (b'\x00\xdf(\x1c\xe8\x07\xc0\x02',)
2024-09-20 22:01:03,550 BTPWorkerThread-4161 (_rx_task) root DEBUG gap.py                    256   gap_sec_level_changed_ev_ : gap_sec_level_changed_ev_
2024-09-20 22:01:03,550 BTPWorkerThread-4161 (_rx_task) root DEBUG gap.py                    258   gap_sec_level_changed_ev_ : received b'\x00\xdf(\x1c\xe8\x07\xc0\x02'
2024-09-20 22:01:03,550 BTPWorkerThread-4161 (_rx_task) root DEBUG gap.py                    269   gap_sec_level_changed_ev_ : received (0, 'c007e81c28df', 2)
2024-09-20 22:01:03,577 LT1-callback ClientCallback.on_implicit_send INFO client.py                 256   on_implicit_send          : 
    ********************
    BEGIN OnImplicitSend:
    project_name: GATT
    wid: 74
    test_case_name: GATT/CL/GAW/BI-06-C
    description: Please send write request with characteristic handle = '0102'O with <= '1' byte of any octet value to the PTS.

Description: Verify that the Implementation Under Test (IUT) can send write request.
    style: MMI_Style_Ok_Cancel2 0x11141
2024-09-20 22:01:03,577 LT1-callback ClientCallback.on_implicit_send INFO client.py                 269   on_implicit_send          : Calling test cases on_implicit_send
2024-09-20 22:01:03,578 LT1-callback ClientCallback.on_implicit_send INFO client.py                 282   on_implicit_send          : 
    on_implicit_send returned response: WAIT
    END OnImplicitSend
    ********************
2024-09-20 22:01:04,513 LT1-thread root DEBUG testcase.py               671   run_wid                   : GATT GATT/CL/GAW/BI-06-C on_implicit_send
2024-09-20 22:01:04,513 LT1-thread root DEBUG gatt_wid.py               24    gatt_wid_hdl              : gatt_wid_hdl, 74, Please send write request with characteristic handle = '0102'O with <= '1' byte of any octet value to the PTS.

Description: Verify that the Implementation Under Test (IUT) can send write request., GATT/CL/GAW/BI-06-C
2024-09-20 22:01:04,513 LT1-thread root DEBUG testcase.py               94    parse_description         : parse_description "Please send write request with characteristic handle = '0102'O with <= '1' byte of any octet value to the PTS.\n\nDescription: Verify that the Implementation Under Test (IUT) can send write request."
2024-09-20 22:01:04,513 LT1-thread root DEBUG testcase.py               98    parse_description         : Parse result: ['0102', '1']
2024-09-20 22:01:04,513 LT1-thread root DEBUG gatt.py                   962   gattc_write               : gattc_write 0 'c007e81c28df' '0102' '12' 1
2024-09-20 22:01:04,513 LT1-thread root DEBUG iutctl_common.py          106   send                      : send, 2 23 0 "bytearray(b'\\x00\\xdf(\\x1c\\xe8\\x07\\xc0\\x02\\x01\\x01\\x00\\x12')"
2024-09-20 22:01:04,513 LT1-thread root DEBUG iutctl_common.py          111   send                      : sending frame '0217000c0000df281ce807c00201010012'
2024-09-20 22:01:04,513 LT1-thread root DEBUG iutctl_common.py          230   read                      : read
2024-09-20 22:01:04,646 BTPWorkerThread-4161 (_rx_task) root DEBUG iutctl_common.py          76    read                      : Read 5 bytes
2024-09-20 22:01:04,682 BTPWorkerThread-4161 (_rx_task) root DEBUG iutctl_common.py          83    read                      : Received: hdr: Header(svc_id=2, op=23, ctrl_index=0, data_len=1) bytearray(b'\x02\x17\x00\x01\x00')
2024-09-20 22:01:04,683 BTPWorkerThread-4161 (_rx_task) root DEBUG iutctl_common.py          91    read                      : Read 1 bytes data
2024-09-20 22:01:04,683 BTPWorkerThread-4161 (_rx_task) root DEBUG iutctl_common.py          99    read                      : Received data: {'0c'}, bytearray(b'\x0c')
2024-09-20 22:01:04,683 LT1-thread root DEBUG gatt.py                   1718  gattc_write_rsp           : gattc_write_rsp received Header(svc_id=2, op=23, ctrl_index=0, data_len=1) (b'\x0c',)
2024-09-20 22:01:04,683 LT1-thread root DEBUG gatt.py                   1724  gattc_write_rsp           : gattc_write_rsp 12
2024-09-20 22:01:04,683 LT1-thread root DEBUG testcase.py               707   run_wid                   : Sending response 'OK' to wid 74 test case GATT/CL/GAW/BI-06-C
2024-09-20 22:01:04,685 LT1-thread root DEBUG client.py                 309   get_result                : ClientCallback.get_result run_test_case
2024-09-20 22:01:04,687 LT1-callback ClientCallback.on_implicit_send INFO client.py                 256   on_implicit_send          : 
    ********************
    BEGIN OnImplicitSend:
    project_name: GATT
    wid: 65
    test_case_name: GATT/CL/GAW/BI-06-C
    description: Please confirm IUT received write encryption key size error. Click Yes if IUT received it, otherwise click No.

Description: Verify that the Implementation Under Test (IUT) indicate encryption key size error when write a characteristic.
    style: MMI_Style_Yes_No1 0x11044
2024-09-20 22:01:04,687 LT1-callback ClientCallback.on_implicit_send INFO client.py                 269   on_implicit_send          : Calling test cases on_implicit_send
2024-09-20 22:01:04,687 LT1-callback ClientCallback.on_implicit_send INFO client.py                 282   on_implicit_send          : 
    on_implicit_send returned response: WAIT
    END OnImplicitSend
    ********************
2024-09-20 22:01:05,569 BTPWorkerThread-4161 (_rx_task) root DEBUG iutctl_common.py          76    read                      : Read 5 bytes
2024-09-20 22:01:05,569 BTPWorkerThread-4161 (_rx_task) root DEBUG iutctl_common.py          83    read                      : Received: hdr: Header(svc_id=1, op=136, ctrl_index=0, data_len=13) bytearray(b'\x01\x88\x00\r\x00')
2024-09-20 22:01:05,570 BTPWorkerThread-4161 (_rx_task) root DEBUG iutctl_common.py          91    read                      : Read 13 bytes data
2024-09-20 22:01:05,570 BTPWorkerThread-4161 (_rx_task) root DEBUG iutctl_common.py          99    read                      : Received data: {'00 df 28 1c e8 07 c0 32 00 00 00 d0 07'}, bytearray(b'\x00\xdf(\x1c\xe8\x07\xc02\x00\x00\x00\xd0\x07')
2024-09-20 22:01:05,570 BTPWorkerThread-4161 (_rx_task) root DEBUG btp.py                    814   event_handler             : event_handler Header(svc_id=1, op=136, ctrl_index=0, data_len=13) (b'\x00\xdf(\x1c\xe8\x07\xc02\x00\x00\x00\xd0\x07',)
2024-09-20 22:01:05,570 BTPWorkerThread-4161 (_rx_task) root DEBUG gap.py                    235   gap_conn_param_update_ev_ : gap_conn_param_update_ev_
2024-09-20 22:01:05,570 BTPWorkerThread-4161 (_rx_task) root DEBUG gap.py                    237   gap_conn_param_update_ev_ : received b'\x00\xdf(\x1c\xe8\x07\xc02\x00\x00\x00\xd0\x07'
2024-09-20 22:01:05,570 BTPWorkerThread-4161 (_rx_task) root DEBUG gap.py                    250   gap_conn_param_update_ev_ : received (0, b'c007e81c28df', 50, 0, 2000)
2024-09-20 22:01:05,685 LT1-thread root DEBUG testcase.py               671   run_wid                   : GATT GATT/CL/GAW/BI-06-C on_implicit_send
2024-09-20 22:01:05,685 LT1-thread root DEBUG gatt_wid.py               24    gatt_wid_hdl              : gatt_wid_hdl, 65, Please confirm IUT received write encryption key size error. Click Yes if IUT received it, otherwise click No.

Description: Verify that the Implementation Under Test (IUT) indicate encryption key size error when write a characteristic., GATT/CL/GAW/BI-06-C
2024-09-20 22:01:05,685 LT1-thread root DEBUG btp.py                    165   verify_att_error          : description='Please confirm IUT received write encryption key size error. Click Yes if IUT received it, otherwise click No.\n\nDescription: Verify that the Implementation Under Test (IUT) indicate encryption key size error when write a characteristic.'
2024-09-20 22:01:05,686 LT1-thread root DEBUG btp.py                    174   verify_att_error          : Verifying values: ['encryption key size error']
2024-09-20 22:01:05,686 LT1-thread root DEBUG btp.py                    176   verify_att_error          : Description values: ['encryption key size error']
2024-09-20 22:01:05,686 LT1-thread root DEBUG btp.py                    179   verify_att_error          : Verifying: 'encryption key size error'
2024-09-20 22:01:05,686 LT1-thread root DEBUG btp.py                    188   verify_att_error          : All verifications passed
2024-09-20 22:01:05,686 LT1-thread root DEBUG testcase.py               707   run_wid                   : Sending response 'Yes' to wid 65 test case GATT/CL/GAW/BI-06-C
2024-09-20 22:01:05,688 LT1-thread root DEBUG client.py                 309   get_result                : ClientCallback.get_result run_test_case
2024-09-20 22:01:07,319 BTPWorkerThread-4161 (_rx_task) root DEBUG iutctl_common.py          76    read                      : Read 5 bytes
2024-09-20 22:01:07,319 BTPWorkerThread-4161 (_rx_task) root DEBUG iutctl_common.py          83    read                      : Received: hdr: Header(svc_id=1, op=131, ctrl_index=0, data_len=7) bytearray(b'\x01\x83\x00\x07\x00')
2024-09-20 22:01:07,320 BTPWorkerThread-4161 (_rx_task) root DEBUG iutctl_common.py          91    read                      : Read 7 bytes data
2024-09-20 22:01:07,320 BTPWorkerThread-4161 (_rx_task) root DEBUG iutctl_common.py          99    read                      : Received data: {'00 df 28 1c e8 07 c0'}, bytearray(b'\x00\xdf(\x1c\xe8\x07\xc0')
2024-09-20 22:01:07,321 BTPWorkerThread-4161 (_rx_task) root DEBUG btp.py                    814   event_handler             : event_handler Header(svc_id=1, op=131, ctrl_index=0, data_len=7) (b'\x00\xdf(\x1c\xe8\x07\xc0',)
2024-09-20 22:01:07,321 BTPWorkerThread-4161 (_rx_task) root DEBUG gap.py                    184   gap_disconnected_ev_      : gap_disconnected_ev_ b'\x00\xdf(\x1c\xe8\x07\xc0'
2024-09-20 22:01:10,870 LT1-callback ClientCallback.log INFO client.py                 232   log                       : PTS_LOGTYPE_START_TEST Start Test Case 

+188 ms
 GATT/CL/GAW/BI-06-C GATT/CL/GAW/BI-06-C

2024-09-20 22:01:11,230 LT1-callback ClientCallback.log INFO client.py                 232   log                       : PTS_LOGTYPE_FINAL_VERDICT Final Verdict 

+16953 ms
 GATT/CL/GAW/BI-06-C PASS

2024-09-20 22:01:11,238 LT1-callback ClientCallback.log INFO client.py                 232   log                       : PTS_LOGTYPE_FINAL_VERDICT Encrypted Verdict 

+16953 ms
 GATT/CL/GAW/BI-06-C A1#ZWY4MzQ5MDg3MmQwNTIxOGQzMzQ5YjY2ODA5M2MzNjQ5ZDY4NmY0Yjc2MzIzM2VkNTUyNTFhNGU4Mjg1MjI0NA==#oSAcs5ptPU/j7t0c1cWbTAwoO81exy57FbmxxDSSdYwLqaYC7p+/KKsNYMr/YCMX

2024-09-20 22:01:11,242 LT1-callback ClientCallback.log INFO client.py                 232   log                       : PTS_LOGTYPE_END_TEST Test Case Ended 

+16953 ms
 GATT/CL/GAW/BI-06-C GATT/CL/GAW/BI-06-C

2024-09-20 22:01:11,354 LT1-callback root DEBUG client.py                 294   set_result                : ClientCallback, set_result, run_test_case, PASS
2024-09-20 22:01:11,354 LT1-thread root DEBUG client.py                 1029  _run_test_case            : After run_test_case error_code=0 status='PASS'
2024-09-20 22:01:11,354 LT1-thread root DEBUG testcase.py               752   post_run                  : post_run GATT GATT/CL/GAW/BI-06-C 0
2024-09-20 22:01:11,355 LT1-thread root DEBUG testcase.py               253   start                     : Starting test function: class=<class 'autopts.ptsprojects.testcase.TestFuncCleanUp'>, func=<bound method Stack.cleanup of <autopts.ptsprojects.stack.stack.Stack object at 0x7f4dff93bdc0>> start_wid=None stop_wid=None post_wid=None skip_call=None call_count=1 args=() kwds={}
2024-09-20 22:01:11,355 LT1-thread root DEBUG testcase.py               265   start                     : Test function parameters: args=(), kwds={}
2024-09-20 22:01:11,355 LT1-thread root DEBUG testcase.py               253   start                     : Starting test function: class=<class 'autopts.ptsprojects.testcase.TestFuncCleanUp'>, func=<bound method ZephyrCtl.stop of <autopts.ptsprojects.zephyr.iutctl.ZephyrCtl object at 0x7f4dff93ae90>> start_wid=None stop_wid=None post_wid=None skip_call=None call_count=1 args=() kwds={}
2024-09-20 22:01:11,355 LT1-thread root DEBUG testcase.py               265   start                     : Test function parameters: args=(), kwds={}
2024-09-20 22:01:11,355 LT1-thread root DEBUG iutctl.py                 249   stop                      : <class 'autopts.ptsprojects.zephyr.iutctl.ZephyrCtl'>.stop
2024-09-20 22:01:11,456 LT1-thread root DEBUG rtt.py                    237   stop                      : <class 'autopts.rtt.RTTLogger'>.stop
2024-09-20 22:01:11,456 LT1-thread root DEBUG rtt.py                    102   stop                      : <class 'autopts.rtt.RTT'>.stop
2024-09-20 22:01:11,474 LT1-thread root DEBUG __init__.py               49    reset                     : About to reset DUT: nrfjprog -r -s 683989059
2024-09-20 22:01:13,656 BTPWorkerThread-4161 (_rx_task) root DEBUG iutctl_common.py          76    read                      : Read 5 bytes
2024-09-20 22:01:13,656 BTPWorkerThread-4161 (_rx_task) root DEBUG iutctl_common.py          83    read                      : Received: hdr: Header(svc_id=0, op=128, ctrl_index=255, data_len=0) bytearray(b'\x00\x80\xff\x00\x00')
2024-09-20 22:01:13,656 BTPWorkerThread-4161 (_rx_task) root DEBUG iutctl_common.py          99    read                      : Received data: {''}, bytearray(b'')
2024-09-20 22:01:13,656 BTPWorkerThread-4161 (_rx_task) root DEBUG btp.py                    814   event_handler             : event_handler Header(svc_id=0, op=128, ctrl_index=255, data_len=0) (b'',)
2024-09-20 22:01:13,656 BTPWorkerThread-4161 (_rx_task) root DEBUG core.py                   28    core_iut_ready_ev         : core_iut_ready_ev
2024-09-20 22:01:13,657 LT1-thread root DEBUG iutctl.py                 267   stop                      : IUT ready event received OK
2024-09-20 22:01:13,657 LT1-thread root DEBUG iutctl_common.py          307   close                     : Waiting for _rx_worker to finish ...
2024-09-20 22:01:14,657 LT1-thread root DEBUG iutctl_common.py          307   close                     : Waiting for _rx_worker to finish ...
2024-09-20 22:01:14,658 BTPWorkerThread-4161 (_rx_task) root DEBUG iutctl_common.py          223   _rx_task                  : BTPWorkerThread-4161 (_rx_task) finishing...
2024-09-20 22:01:17,663 LT1-thread root DEBUG testcase.py               781   post_run                  : post_run, cleanup running post test case script
2024-09-20 22:01:17,663 LT1-thread root DEBUG testcase.py               791   post_run                  : post_run, run post test case script
2024-09-20 22:01:17,691 LT1-thread root DEBUG client.py                 1059  _run_test_case            : Done TestCase _run_test_case GATT GATT/CL/GAW/BI-06-C
