> 2024/02/24 05:14:40.523026  length=6 from=0 to=5
 00 03 ff 01 00 01                                ......
--
< 2024/02/24 05:14:40.533512  length=5 from=0 to=4
 00 03 ff 00 00                                   .....
--
> 2024/02/24 05:14:40.618955  length=6 from=6 to=11
 00 03 ff 01 00 02                                ......
--
< 2024/02/24 05:14:40.635088  length=5 from=5 to=9
 00 03 ff 00 00                                   .....
--
> 2024/02/24 05:14:40.698978  length=6 from=12 to=17
 00 03 ff 01 00 04                                ......
--
< 2024/02/24 05:14:40.714114  length=5 from=10 to=14
 00 03 ff 00 00                                   .....
--
> 2024/02/24 05:14:40.839979  length=6 from=18 to=23
 04 04 00 01 00 00                                ......
--
< 2024/02/24 05:14:41.125479  length=5 from=15 to=19
 04 04 00 00 00                                   .....
--
> 2024/02/24 05:14:41.220381  length=5 from=24 to=28
 01 03 00 00 00                                   .....
--
< 2024/02/24 05:14:41.236506  length=141 from=20 to=160
 01 03 00 15 01 c8 04 09 c0 ec d7 13 06 02 00 13  ................
 82 00 00 00 00 00 62 74 70 5f 74 65 73 74 65 72  ......btp_tester
 00 00 00 00 00 00 00 00 00 00 00 00 00 00 00 00  ................
 00 00 00 00 00 00 00 00 00 00 00 00 00 00 00 00  ................
 00 00 00 00 00 00 00 00 00 00 00 00 00 00 00 00  ................
 00 00 00 00 00 00 00 00 00 00 00 00 00 00 00 00  ................
 00 00 00 00 00 00 00 00 00 00 00 00 00 00 00 00  ................
 00 00 00 00 00 00 00 00 00 00 00 00 00 00 00 00  ................
 00 00 00 00 00 00 00 00 00 00 00 00 00           .............
--
< 2024/02/24 05:14:41.238220  length=12 from=161 to=172
 00 00 00 00 00 00 00 00 00 00 00 00              ............
--
< 2024/02/24 05:14:41.238538  length=12 from=173 to=184
 00 00 00 00 00 00 00 00 00 00 00 00              ............
--
< 2024/02/24 05:14:41.252551  length=117 from=185 to=301
 00 00 00 00 00 00 00 00 00 00 00 00 00 00 00 00  ................
 00 00 00 00 00 00 00 00 00 00 00 00 00 00 00 00  ................
 00 00 00 00 00 00 00 00 00 00 00 00 00 00 00 00  ................
 00 00 00 00 00 00 00 00 00 00 00 00 00 00 00 00  ................
 00 00 00 00 00 00 00 00 00 00 00 00 00 00 00 00  ................
 00 00 00 00 00 00 00 00 00 00 00 00 00 00 00 00  ................
 00 00 00 00 00 00 00 00 00 00 00 00 00 00 00 00  ................
 00 00 00 00 00                                   .....
--
> 2024/02/24 05:14:47.501808  length=61 from=29 to=89
 04 02 00 38 00 16 ec 7c f6 71 bc 45 46 bd 65 af  ...8...|.q.EF.e.
 23 5a 05 88 b7 00 01 02 03 04 05 06 07 08 09 0a  #Z..............
 0b 0c 0d 0e 0f 00 00 00 00 00 00 00 00 00 00 00  ................
 00 00 00 00 00 10 02 18 00 00 00 00 00           .............
--
< 2024/02/24 05:14:47.517014  length=5 from=302 to=306
 04 02 00 00 00                                   .....
--
> 2024/02/24 05:14:47.611784  length=5 from=90 to=94
 04 78 00 00 00                                   .x...
--
< 2024/02/24 05:14:47.627811  length=5 from=307 to=311
 04 78 00 00 00                                   .x...
--
< 2024/02/24 05:14:47.643892  length=6 from=312 to=317
 04 84 00 01 00 00                                ......
--
< 2024/02/24 05:14:50.240099  length=5 from=318 to=322
 04 83 00 00 00                                   .....
--
< 2024/02/24 05:14:51.741482  length=6 from=323 to=328
 04 85 00 01 00 00                                ......
--
< 2024/02/24 05:14:52.084868  length=14 from=329 to=342
 04 86 00 12 00 00 01 01 00 fd ff 0b 03 24        .............$
--
< 2024/02/24 05:14:52.101105  length=9 from=343 to=351
 a0 00 03 84 00 00 01 00 01                       .........
--
< 2024/02/24 05:14:52.525749  length=28 from=352 to=379
 04 86 00 09 00 00 01 01 00 02 00 02 01 00 04 89  ................
 00 09 00 00 00 01 00 a0 90 5f 01 00              ........._..
--
< 2024/02/24 05:14:52.920623  length=14 from=380 to=393
 04 86 00 09 00 00 01 01 00 02 00 02 01 01        ..............
--
< 2024/02/24 05:14:53.944602  length=14 from=394 to=407
 04 86 00 09 00 00 01 01 00 02 00 02 01 01        ..............
--
< 2024/02/24 05:14:54.357463  length=14 from=408 to=421
 04 86 00 09 00 00 01 01 00 02 00 02 01 fe        ..............
--
< 2024/02/24 05:14:55.383900  length=6 from=422 to=427
 04 86 00 09 00 00                                ......
--
< 2024/02/24 05:14:55.399231  length=8 from=428 to=435
 01 01 00 02 00 02 01 fe                          ........
--
< 2024/02/24 05:14:56.440220  length=14 from=436 to=449
 04 86 00 09 00 00 01 01 00 02 00 02 01 fe        ..............
--
< 2024/02/24 05:14:57.463967  length=14 from=450 to=463
 04 86 00 09 00 00 01 01 00 02 00 02 01 fe        ..............
--
< 2024/02/24 05:14:58.516061  length=14 from=464 to=477
 04 86 00 09 00 00 01 01 00 02 00 02 01 fe        ..............
--
< 2024/02/24 05:14:59.560851  length=14 from=478 to=491
 04 86 00 09 00 00 01 01 00 02 00 02 01 fe        ..............
--
< 2024/02/24 05:15:00.631895  length=14 from=492 to=505
 04 86 00 09 00 00 01 01 00 02 00 02 01 fe        ..............
--
< 2024/02/24 05:15:01.673988  length=14 from=506 to=519
 04 86 00 09 00 00 01 01 00 02 00 02 01 fe        ..............
--
< 2024/02/24 05:15:02.720264  length=14 from=520 to=533
 04 86 00 09 00 00 01 01 00 02 00 02 01 fe        ..............
--
< 2024/02/24 05:15:03.774191  length=14 from=534 to=547
 04 86 00 09 00 00 01 01 00 02 00 02 01 fe        ..............
--
< 2024/02/24 05:15:10.185010  length=5 from=548 to=552
 00 80 ff 00 00                                   .....
--
