2021-09-25 18:50:33,769 root DEBUG autoptsclient_common.py   775   run_test_case_thread_entry : Starting TestCase wrapper MESH MESH/SR/PROX/BV-12-C
2021-09-25 18:50:33,769 root DEBUG testcase.py               718   pre_run                   : pre_run MESH MESH/SR/PROX/BV-12-C
2021-09-25 18:50:33,769 root DEBUG autoptsclient_common.py   775   run_test_case_thread_entry : Starting TestCase wrapper MESH MESH/SR/PROX/BV-12-C-LT2
2021-09-25 18:50:33,769 root DEBUG testcase.py               720   pre_run                   : About to run test case MESH MESH/SR/PROX/BV-12-C with commands:
2021-09-25 18:50:33,769 root DEBUG testcase.py               718   pre_run                   : pre_run MESH MESH/SR/PROX/BV-12-C-LT2
2021-09-25 18:50:33,769 root DEBUG testcase.py               723   pre_run                   : 0) class=<class 'ptsprojects.testcase.TestFunc'>, func=<bound method ZephyrCtl.start of <ptsprojects.zephyr.iutctl.ZephyrCtl object at 0x00000241B7561DF0>> start_wid=None stop_wid=None post_wid=None skip_call=None call_count=0 args=(<ptsprojects.zephyr.ztestcase.ZTestCase object at 0x00000241B75B9E50>,) kwds={}
2021-09-25 18:50:33,769 root DEBUG testcase.py               720   pre_run                   : About to run test case MESH MESH/SR/PROX/BV-12-C-LT2 with commands:
2021-09-25 18:50:33,769 root DEBUG testcase.py               723   pre_run                   : 1) class=<class 'ptsprojects.testcase.TestFunc'>, func=<bound method ZephyrCtl.wait_iut_ready_event of <ptsprojects.zephyr.iutctl.ZephyrCtl object at 0x00000241B7561DF0>> start_wid=None stop_wid=None post_wid=None skip_call=None call_count=0 args=() kwds={}
2021-09-25 18:50:33,769 root DEBUG testcase.py               723   pre_run                   : 0) class=<class 'ptsprojects.testcase.TestFunc'>, func=<function test_cases.<locals>.<lambda> at 0x00000241B757D5E0> start_wid=None stop_wid=None post_wid=None skip_call=None call_count=8 args=() kwds={}
2021-09-25 18:50:33,769 root DEBUG testcase.py               723   pre_run                   : 2) class=<class 'ptsprojects.testcase.TestFunc'>, func=<function core_reg_svc_gap at 0x00000241B5C5C1F0> start_wid=None stop_wid=None post_wid=None skip_call=None call_count=183 args=() kwds={}
2021-09-25 18:50:33,769 root DEBUG testcase.py               723   pre_run                   : 1) class=<class 'ptsprojects.testcase.TestFunc'>, func=<function test_cases.<locals>.<lambda> at 0x00000241B757D670> start_wid=None stop_wid=None post_wid=None skip_call=None call_count=8 args=() kwds={}
2021-09-25 18:50:33,769 root DEBUG testcase.py               723   pre_run                   : 3) class=<class 'ptsprojects.testcase.TestFunc'>, func=<function core_reg_svc_mesh at 0x00000241B5C5C550> start_wid=None stop_wid=None post_wid=None skip_call=None call_count=183 args=() kwds={}
2021-09-25 18:50:33,769 root DEBUG testcase.py               723   pre_run                   : 2) class=<class 'ptsprojects.testcase.TestFunc'>, func=<function test_cases.<locals>.<lambda> at 0x00000241B757D700> start_wid=None stop_wid=None post_wid=None skip_call=None call_count=8 args=() kwds={}
2021-09-25 18:50:33,769 root DEBUG testcase.py               723   pre_run                   : 4) class=<class 'ptsprojects.testcase.TestFunc'>, func=<function gap_read_ctrl_info at 0x00000241B5C6C670> start_wid=None stop_wid=None post_wid=None skip_call=None call_count=183 args=() kwds={}
2021-09-25 18:50:33,769 root DEBUG testcase.py               723   pre_run                   : 3) class=<class 'ptsprojects.testcase.TestFunc'>, func=<function test_cases.<locals>.<lambda> at 0x00000241B757D790> start_wid=None stop_wid=None post_wid=None skip_call=None call_count=8 args=() kwds={}
2021-09-25 18:50:33,769 root DEBUG testcase.py               723   pre_run                   : 5) class=<class 'ptsprojects.testcase.TestFunc'>, func=<function test_cases.<locals>.<lambda> at 0x00000241B754FE50> start_wid=None stop_wid=None post_wid=None skip_call=None call_count=183 args=() kwds={}
2021-09-25 18:50:33,769 root DEBUG testcase.py               723   pre_run                   : 6) class=<class 'ptsprojects.testcase.TestFunc'>, func=<function test_cases.<locals>.<lambda> at 0x00000241B75681F0> start_wid=None stop_wid=None post_wid=None skip_call=None call_count=183 args=() kwds={}
2021-09-25 18:50:33,769 root DEBUG testcase.py               723   pre_run                   : 7) class=<class 'ptsprojects.testcase.TestFunc'>, func=<function test_cases.<locals>.<lambda> at 0x00000241B7568040> start_wid=None stop_wid=None post_wid=None skip_call=None call_count=183 args=() kwds={}
2021-09-25 18:50:33,769 root DEBUG testcase.py               723   pre_run                   : 8) class=<class 'ptsprojects.testcase.TestFunc'>, func=<function test_cases.<locals>.<lambda> at 0x00000241B75680D0> start_wid=None stop_wid=None post_wid=None skip_call=None call_count=183 args=() kwds={}
2021-09-25 18:50:33,769 root DEBUG testcase.py               723   pre_run                   : 9) class=<class 'ptsprojects.testcase.TestFunc'>, func=<function test_cases.<locals>.<lambda> at 0x00000241B757D310> start_wid=None stop_wid=None post_wid=None skip_call=None call_count=183 args=() kwds={}
2021-09-25 18:50:33,769 root DEBUG testcase.py               723   pre_run                   : 10) class=<class 'ptsprojects.testcase.TestFunc'>, func=<function test_cases.<locals>.<lambda> at 0x00000241B757D3A0> start_wid=None stop_wid=None post_wid=None skip_call=None call_count=183 args=() kwds={}
2021-09-25 18:50:33,769 root DEBUG testcase.py               730   pre_run                   : post_run, run pre test case script
2021-09-25 18:50:33,769 root DEBUG testcase.py               723   pre_run                   : 11) class=<class 'ptsprojects.testcase.TestFunc'>, func=<function test_cases.<locals>.<lambda> at 0x00000241B757D430> start_wid=None stop_wid=None post_wid=None skip_call=None call_count=183 args=() kwds={}
2021-09-25 18:50:33,769 root DEBUG testcase.py               723   pre_run                   : 12) class=<class 'ptsprojects.testcase.TestFunc'>, func=<function test_cases.<locals>.<lambda> at 0x00000241B757D4C0> start_wid=None stop_wid=None post_wid=None skip_call=None call_count=159 args=() kwds={}
2021-09-25 18:50:33,769 root DEBUG testcase.py               723   pre_run                   : 13) class=<class 'ptsprojects.testcase.TestFunc'>, func=<function test_cases.<locals>.<lambda> at 0x00000241B757D550> start_wid=None stop_wid=None post_wid=None skip_call=None call_count=159 args=() kwds={}
2021-09-25 18:50:33,769 root DEBUG testcase.py               723   pre_run                   : 14) class=<class 'ptsprojects.testcase.TestFunc'>, func=<function mesh_iv_test_mode_autoinit at 0x00000241B5CAADC0> start_wid=None stop_wid=None post_wid=None skip_call=None call_count=0 args=() kwds={}
2021-09-25 18:50:33,769 root DEBUG testcase.py               723   pre_run                   : 15) class=<class 'ptsprojects.testcase.TestFunc'>, func=<bound method Synch.add_synch_element of <ptsprojects.stack.Synch object at 0x00000241B7561E80>> start_wid=None stop_wid=None post_wid=None skip_call=None call_count=0 args=([<ptsprojects.stack.SynchPoint object at 0x00000241B75B9D60>, <ptsprojects.stack.SynchPoint object at 0x00000241B75B9DC0>],) kwds={}
2021-09-25 18:50:33,769 root DEBUG testcase.py               723   pre_run                   : 16) class=<class 'ptsprojects.testcase.TestFuncCleanUp'>, func=<bound method Stack.cleanup of <ptsprojects.stack.Stack object at 0x00000241B7561F10>> start_wid=None stop_wid=None post_wid=None skip_call=None call_count=0 args=() kwds={}
2021-09-25 18:50:33,769 root DEBUG testcase.py               723   pre_run                   : 17) class=<class 'ptsprojects.testcase.TestFuncCleanUp'>, func=<bound method ZephyrCtl.stop of <ptsprojects.zephyr.iutctl.ZephyrCtl object at 0x00000241B7561DF0>> start_wid=None stop_wid=None post_wid=None skip_call=None call_count=0 args=() kwds={}
2021-09-25 18:50:33,769 root DEBUG testcase.py               730   pre_run                   : post_run, run pre test case script
2021-09-25 18:50:33,769 root DEBUG testcase.py               246   start                     : Starting test function: class=<class 'ptsprojects.testcase.TestFunc'>, func=<function test_cases.<locals>.<lambda> at 0x00000241B757D5E0> start_wid=None stop_wid=None post_wid=None skip_call=None call_count=9 args=() kwds={}
2021-09-25 18:50:33,769 root DEBUG testcase.py               258   start                     : Test function parameters: args=(), kwds={}
2021-09-25 18:50:33,769 root DEBUG testcase.py               246   start                     : Starting test function: class=<class 'ptsprojects.testcase.TestFunc'>, func=<bound method ZephyrCtl.start of <ptsprojects.zephyr.iutctl.ZephyrCtl object at 0x00000241B7561DF0>> start_wid=None stop_wid=None post_wid=None skip_call=None call_count=1 args=(<ptsprojects.zephyr.ztestcase.ZTestCase object at 0x00000241B75B9E50>,) kwds={}
2021-09-25 18:50:33,769 root DEBUG testcase.py               258   start                     : Test function parameters: args=(<ptsprojects.zephyr.ztestcase.ZTestCase object at 0x00000241B75B9E50>,), kwds={}
2021-09-25 18:50:33,769 root DEBUG iutctl.py                 92    start                     : <class 'ptsprojects.zephyr.iutctl.ZephyrCtl'>.start
2021-09-25 18:50:33,769 root DEBUG iutctl.py                 152   flush_serial              : <class 'ptsprojects.zephyr.iutctl.ZephyrCtl'>.flush_serial
2021-09-25 18:50:33,769 root DEBUG testcase.py               246   start                     : Starting test function: class=<class 'ptsprojects.testcase.TestFunc'>, func=<function test_cases.<locals>.<lambda> at 0x00000241B757D670> start_wid=None stop_wid=None post_wid=None skip_call=None call_count=9 args=() kwds={}
2021-09-25 18:50:33,769 root DEBUG testcase.py               258   start                     : Test function parameters: args=(), kwds={}
2021-09-25 18:50:33,785 root DEBUG testcase.py               246   start                     : Starting test function: class=<class 'ptsprojects.testcase.TestFunc'>, func=<function test_cases.<locals>.<lambda> at 0x00000241B757D700> start_wid=None stop_wid=None post_wid=None skip_call=None call_count=9 args=() kwds={}
2021-09-25 18:50:33,785 root DEBUG testcase.py               258   start                     : Test function parameters: args=(), kwds={}
2021-09-25 18:50:33,785 root DEBUG testcase.py               246   start                     : Starting test function: class=<class 'ptsprojects.testcase.TestFunc'>, func=<function test_cases.<locals>.<lambda> at 0x00000241B757D790> start_wid=None stop_wid=None post_wid=None skip_call=None call_count=9 args=() kwds={}
2021-09-25 18:50:33,785 root DEBUG testcase.py               258   start                     : Test function parameters: args=(), kwds={}
2021-09-25 18:50:33,785 root DEBUG autoptsclient_common.py   270   set_current_test_case     : CallbackThread.set_current_test_case MESH/SR/PROX/BV-12-C-LT2
2021-09-25 18:50:33,801 root DEBUG iutctl.py                 117   start                     : Starting socat process: socat.exe -x -v tcp:192.168.9.109:63984,retry=100,interval=1 /dev/ttyS2,raw,b115200
2021-09-25 18:50:33,801 root DEBUG iutctl_common.py          231   accept                    : accept
2021-09-25 18:50:33,816 root DEBUG testcase.py               246   start                     : Starting test function: class=<class 'ptsprojects.testcase.TestFunc'>, func=<bound method ZephyrCtl.wait_iut_ready_event of <ptsprojects.zephyr.iutctl.ZephyrCtl object at 0x00000241B7561DF0>> start_wid=None stop_wid=None post_wid=None skip_call=None call_count=1 args=() kwds={}
2021-09-25 18:50:33,816 root DEBUG testcase.py               258   start                     : Test function parameters: args=(), kwds={}
2021-09-25 18:50:33,816 root DEBUG iutctl.py                 186   reset                     : <class 'ptsprojects.zephyr.iutctl.ZephyrCtl'>.reset
2021-09-25 18:50:33,816 root DEBUG iutctl.py                 221   stop                      : <class 'ptsprojects.zephyr.iutctl.ZephyrCtl'>.stop
2021-09-25 18:50:34,832 root DEBUG iutctl.py                 92    start                     : <class 'ptsprojects.zephyr.iutctl.ZephyrCtl'>.start
2021-09-25 18:50:34,832 root DEBUG iutctl.py                 152   flush_serial              : <class 'ptsprojects.zephyr.iutctl.ZephyrCtl'>.flush_serial
2021-09-25 18:50:34,863 root DEBUG iutctl.py                 117   start                     : Starting socat process: socat.exe -x -v tcp:192.168.9.109:63989,retry=100,interval=1 /dev/ttyS2,raw,b115200
2021-09-25 18:50:34,863 root DEBUG iutctl_common.py          231   accept                    : accept
2021-09-25 18:50:34,879 root DEBUG iutctl.py                 152   flush_serial              : <class 'ptsprojects.zephyr.iutctl.ZephyrCtl'>.flush_serial
2021-09-25 18:50:34,879 root DEBUG iutctl.py                 295   reset                     : About to reset DUT: 'nrfjprog -f nrf52 -r -s 683357425'
2021-09-25 18:50:35,219 root DEBUG iutctl_common.py          174   read                      : read
2021-09-25 18:50:35,485 root DEBUG iutctl_common.py          98    read                      : Received: hdr: Header(svc_id=0, op=128, ctrl_index=255, data_len=0) bytearray(b'\x00\x80\xff\x00\x00')
2021-09-25 18:50:35,516 root DEBUG iutctl_common.py          111   read                      : Received data: "('',)", bytearray(b'')
2021-09-25 18:50:35,563 root DEBUG btp.py                    423   event_handler             : event_handler Header(svc_id=0, op=128, ctrl_index=255, data_len=0) (b'',)
2021-09-25 18:50:35,594 root ERROR btp.py                    455   event_handler             : Unhandled event! svc_id 0 op 128
2021-09-25 18:50:35,594 root DEBUG iutctl.py                 214   wait_iut_ready_event      : IUT ready event received OK
2021-09-25 18:50:35,594 root DEBUG testcase.py               246   start                     : Starting test function: class=<class 'ptsprojects.testcase.TestFunc'>, func=<function core_reg_svc_gap at 0x00000241B5C5C1F0> start_wid=None stop_wid=None post_wid=None skip_call=None call_count=184 args=() kwds={}
2021-09-25 18:50:35,594 root DEBUG testcase.py               258   start                     : Test function parameters: args=(), kwds={}
2021-09-25 18:50:35,594 root DEBUG btp.py                    258   core_reg_svc_gap          : core_reg_svc_gap
2021-09-25 18:50:35,594 root DEBUG iutctl_common.py          117   send                      : send, 0 3 255 '1'
2021-09-25 18:50:35,594 root DEBUG iutctl_common.py          120   send                      : btpclient command: send 0 3 255 '1'
2021-09-25 18:50:35,594 root DEBUG iutctl_common.py          125   send                      : sending frame b'\x00\x03\xff\x01\x00\x01'
2021-09-25 18:50:35,594 root DEBUG btp.py                    340   core_reg_svc_rsp_succ     : core_reg_svc_rsp_succ
2021-09-25 18:50:35,594 root DEBUG iutctl_common.py          174   read                      : read
2021-09-25 18:50:35,657 root DEBUG iutctl_common.py          98    read                      : Received: hdr: Header(svc_id=0, op=3, ctrl_index=255, data_len=0) bytearray(b'\x00\x03\xff\x00\x00')
2021-09-25 18:50:35,672 root DEBUG iutctl_common.py          111   read                      : Received data: "('',)", bytearray(b'')
2021-09-25 18:50:35,688 root DEBUG btp.py                    351   core_reg_svc_rsp_succ     : received Header(svc_id=0, op=3, ctrl_index=255, data_len=0) (b'',)
2021-09-25 18:50:35,688 root DEBUG btp.py                    352   core_reg_svc_rsp_succ     : expected ((0, 3, 255, 0), (b'',))
2021-09-25 18:50:35,688 root DEBUG btp.py                    357   core_reg_svc_rsp_succ     : response is valid
2021-09-25 18:50:35,688 root DEBUG testcase.py               246   start                     : Starting test function: class=<class 'ptsprojects.testcase.TestFunc'>, func=<function core_reg_svc_mesh at 0x00000241B5C5C550> start_wid=None stop_wid=None post_wid=None skip_call=None call_count=184 args=() kwds={}
2021-09-25 18:50:35,688 root DEBUG testcase.py               258   start                     : Test function parameters: args=(), kwds={}
2021-09-25 18:50:35,688 root DEBUG btp.py                    308   core_reg_svc_mesh         : core_reg_svc_mesh
2021-09-25 18:50:35,688 root DEBUG iutctl_common.py          117   send                      : send, 0 3 255 '4'
2021-09-25 18:50:35,688 root DEBUG iutctl_common.py          120   send                      : btpclient command: send 0 3 255 '4'
2021-09-25 18:50:35,688 root DEBUG iutctl_common.py          125   send                      : sending frame b'\x00\x03\xff\x01\x00\x04'
2021-09-25 18:50:35,688 root DEBUG btp.py                    340   core_reg_svc_rsp_succ     : core_reg_svc_rsp_succ
2021-09-25 18:50:35,688 root DEBUG iutctl_common.py          174   read                      : read
2021-09-25 18:50:35,766 root DEBUG iutctl_common.py          98    read                      : Received: hdr: Header(svc_id=0, op=3, ctrl_index=255, data_len=0) bytearray(b'\x00\x03\xff\x00\x00')
2021-09-25 18:50:35,782 root DEBUG iutctl_common.py          111   read                      : Received data: "('',)", bytearray(b'')
2021-09-25 18:50:35,797 root DEBUG btp.py                    351   core_reg_svc_rsp_succ     : received Header(svc_id=0, op=3, ctrl_index=255, data_len=0) (b'',)
2021-09-25 18:50:35,797 root DEBUG btp.py                    352   core_reg_svc_rsp_succ     : expected ((0, 3, 255, 0), (b'',))
2021-09-25 18:50:35,797 root DEBUG btp.py                    357   core_reg_svc_rsp_succ     : response is valid
2021-09-25 18:50:35,797 root DEBUG testcase.py               246   start                     : Starting test function: class=<class 'ptsprojects.testcase.TestFunc'>, func=<function gap_read_ctrl_info at 0x00000241B5C6C670> start_wid=None stop_wid=None post_wid=None skip_call=None call_count=184 args=() kwds={}
2021-09-25 18:50:35,797 root DEBUG testcase.py               258   start                     : Test function parameters: args=(), kwds={}
2021-09-25 18:50:35,797 root DEBUG gap.py                    736   gap_read_ctrl_info        : gap_read_ctrl_info
2021-09-25 18:50:35,797 root DEBUG iutctl_common.py          117   send                      : send, 1 3 0 ''
2021-09-25 18:50:35,797 root DEBUG iutctl_common.py          120   send                      : btpclient command: send 1 3 0 ''
2021-09-25 18:50:35,797 root DEBUG iutctl_common.py          125   send                      : sending frame b'\x01\x03\x00\x00\x00'
2021-09-25 18:50:35,797 root DEBUG iutctl_common.py          174   read                      : read
2021-09-25 18:50:35,938 root DEBUG iutctl_common.py          98    read                      : Received: hdr: Header(svc_id=1, op=3, ctrl_index=0, data_len=277) bytearray(b'\x01\x03\x00\x15\x01')
2021-09-25 18:50:36,000 root DEBUG iutctl_common.py          111   read                      : Received data: "('6§ \xad\x80ü\x13\x06\x00\x00\x13\x82\x00\x00\x00\x00\x00btp_tester\x00\x00\x00\x00\x00\x00\x00\x00\x00\x00\x00\x00\x00\x00\x00\x00\x00\x00\x00\x00\x00\x00\x00\x00\x00\x00\x00\x00\x00\x00\x00\x00\x00\x00\x00\x00\x00\x00\x00\x00\x00\x00\x00\x00\x00\x00\x00\x00\x00\x00\x00\x00\x00\x00\x00\x00\x00\x00\x00\x00\x00\x00\x00\x00\x00\x00\x00\x00\x00\x00\x00\x00\x00\x00\x00\x00\x00\x00\x00\x00\x00\x00\x00\x00\x00\x00\x00\x00\x00\x00\x00\x00\x00\x00\x00\x00\x00\x00\x00\x00\x00\x00\x00\x00\x00\x00\x00\x00\x00\x00\x00\x00\x00\x00\x00\x00\x00\x00\x00\x00\x00\x00\x00\x00\x00\x00\x00\x00\x00\x00\x00\x00\x00\x00\x00\x00\x00\x00\x00\x00\x00\x00\x00\x00\x00\x00\x00\x00\x00\x00\x00\x00\x00\x00\x00\x00\x00\x00\x00\x00\x00\x00\x00\x00\x00\x00\x00\x00\x00\x00\x00\x00\x00\x00\x00\x00\x00\x00\x00\x00\x00\x00\x00\x00\x00\x00\x00\x00\x00\x00\x00\x00\x00\x00\x00\x00\x00\x00\x00\x00\x00\x00\x00\x00\x00\x00\x00\x00\x00\x00\x00\x00\x00\x00\x00\x00\x00\x00\x00\x00\x00\x00\x00\x00\x00\x00\x00\x00\x00\x00\x00\x00\x00\x00\x00\x00\x00\x00\x00\x00\x00\x00\x00\x00\x00\x00\x00\x00\x00\x00',)", bytearray(b'6\xa7 \xad\x80\xfc\x13\x06\x00\x00\x13\x82\x00\x00\x00\x00\x00btp_tester\x00\x00\x00\x00\x00\x00\x00\x00\x00\x00\x00\x00\x00\x00\x00\x00\x00\x00\x00\x00\x00\x00\x00\x00\x00\x00\x00\x00\x00\x00\x00\x00\x00\x00\x00\x00\x00\x00\x00\x00\x00\x00\x00\x00\x00\x00\x00\x00\x00\x00\x00\x00\x00\x00\x00\x00\x00\x00\x00\x00\x00\x00\x00\x00\x00\x00\x00\x00\x00\x00\x00\x00\x00\x00\x00\x00\x00\x00\x00\x00\x00\x00\x00\x00\x00\x00\x00\x00\x00\x00\x00\x00\x00\x00\x00\x00\x00\x00\x00\x00\x00\x00\x00\x00\x00\x00\x00\x00\x00\x00\x00\x00\x00\x00\x00\x00\x00\x00\x00\x00\x00\x00\x00\x00\x00\x00\x00\x00\x00\x00\x00\x00\x00\x00\x00\x00\x00\x00\x00\x00\x00\x00\x00\x00\x00\x00\x00\x00\x00\x00\x00\x00\x00\x00\x00\x00\x00\x00\x00\x00\x00\x00\x00\x00\x00\x00\x00\x00\x00\x00\x00\x00\x00\x00\x00\x00\x00\x00\x00\x00\x00\x00\x00\x00\x00\x00\x00\x00\x00\x00\x00\x00\x00\x00\x00\x00\x00\x00\x00\x00\x00\x00\x00\x00\x00\x00\x00\x00\x00\x00\x00\x00\x00\x00\x00\x00\x00\x00\x00\x00\x00\x00\x00\x00\x00\x00\x00\x00\x00\x00\x00\x00\x00\x00\x00\x00\x00\x00\x00\x00\x00\x00\x00\x00\x00\x00\x00\x00\x00\x00')
2021-09-25 18:50:36,047 root DEBUG gap.py                    743   gap_read_ctrl_info        : received Header(svc_id=1, op=3, ctrl_index=0, data_len=277) (b'6\xa7 \xad\x80\xfc\x13\x06\x00\x00\x13\x82\x00\x00\x00\x00\x00btp_tester\x00\x00\x00\x00\x00\x00\x00\x00\x00\x00\x00\x00\x00\x00\x00\x00\x00\x00\x00\x00\x00\x00\x00\x00\x00\x00\x00\x00\x00\x00\x00\x00\x00\x00\x00\x00\x00\x00\x00\x00\x00\x00\x00\x00\x00\x00\x00\x00\x00\x00\x00\x00\x00\x00\x00\x00\x00\x00\x00\x00\x00\x00\x00\x00\x00\x00\x00\x00\x00\x00\x00\x00\x00\x00\x00\x00\x00\x00\x00\x00\x00\x00\x00\x00\x00\x00\x00\x00\x00\x00\x00\x00\x00\x00\x00\x00\x00\x00\x00\x00\x00\x00\x00\x00\x00\x00\x00\x00\x00\x00\x00\x00\x00\x00\x00\x00\x00\x00\x00\x00\x00\x00\x00\x00\x00\x00\x00\x00\x00\x00\x00\x00\x00\x00\x00\x00\x00\x00\x00\x00\x00\x00\x00\x00\x00\x00\x00\x00\x00\x00\x00\x00\x00\x00\x00\x00\x00\x00\x00\x00\x00\x00\x00\x00\x00\x00\x00\x00\x00\x00\x00\x00\x00\x00\x00\x00\x00\x00\x00\x00\x00\x00\x00\x00\x00\x00\x00\x00\x00\x00\x00\x00\x00\x00\x00\x00\x00\x00\x00\x00\x00\x00\x00\x00\x00\x00\x00\x00\x00\x00\x00\x00\x00\x00\x00\x00\x00\x00\x00\x00\x00\x00\x00\x00\x00\x00\x00\x00\x00\x00\x00\x00\x00\x00\x00\x00\x00\x00\x00\x00\x00\x00\x00\x00\x00\x00\x00\x00\x00\x00',)
2021-09-25 18:50:36,047 root DEBUG gap.py                    764   gap_read_ctrl_info        : IUT address 'fc80ad20a736'
2021-09-25 18:50:36,047 root DEBUG gap.py                    250   __gap_current_settings_update : __gap_current_settings_update 33299
2021-09-25 18:50:36,047 root DEBUG testcase.py               246   start                     : Starting test function: class=<class 'ptsprojects.testcase.TestFunc'>, func=<function test_cases.<locals>.<lambda> at 0x00000241B754FE50> start_wid=None stop_wid=None post_wid=None skip_call=None call_count=184 args=() kwds={}
2021-09-25 18:50:36,047 root DEBUG testcase.py               258   start                     : Test function parameters: args=(), kwds={}
2021-09-25 18:50:36,047 root DEBUG testcase.py               246   start                     : Starting test function: class=<class 'ptsprojects.testcase.TestFunc'>, func=<function test_cases.<locals>.<lambda> at 0x00000241B75681F0> start_wid=None stop_wid=None post_wid=None skip_call=None call_count=184 args=() kwds={}
2021-09-25 18:50:36,047 root DEBUG testcase.py               258   start                     : Test function parameters: args=(), kwds={}
2021-09-25 18:50:36,047 root DEBUG testcase.py               246   start                     : Starting test function: class=<class 'ptsprojects.testcase.TestFunc'>, func=<function test_cases.<locals>.<lambda> at 0x00000241B7568040> start_wid=None stop_wid=None post_wid=None skip_call=None call_count=184 args=() kwds={}
2021-09-25 18:50:36,047 root DEBUG testcase.py               258   start                     : Test function parameters: args=(), kwds={}
2021-09-25 18:50:36,047 root DEBUG testcase.py               246   start                     : Starting test function: class=<class 'ptsprojects.testcase.TestFunc'>, func=<function test_cases.<locals>.<lambda> at 0x00000241B75680D0> start_wid=None stop_wid=None post_wid=None skip_call=None call_count=184 args=() kwds={}
2021-09-25 18:50:36,047 root DEBUG testcase.py               258   start                     : Test function parameters: args=(), kwds={}
2021-09-25 18:50:36,047 root DEBUG testcase.py               246   start                     : Starting test function: class=<class 'ptsprojects.testcase.TestFunc'>, func=<function test_cases.<locals>.<lambda> at 0x00000241B757D310> start_wid=None stop_wid=None post_wid=None skip_call=None call_count=184 args=() kwds={}
2021-09-25 18:50:36,047 root DEBUG testcase.py               258   start                     : Test function parameters: args=(), kwds={}
2021-09-25 18:50:36,047 root DEBUG testcase.py               246   start                     : Starting test function: class=<class 'ptsprojects.testcase.TestFunc'>, func=<function test_cases.<locals>.<lambda> at 0x00000241B757D3A0> start_wid=None stop_wid=None post_wid=None skip_call=None call_count=184 args=() kwds={}
2021-09-25 18:50:36,047 root DEBUG testcase.py               258   start                     : Test function parameters: args=(), kwds={}
2021-09-25 18:50:36,063 root DEBUG testcase.py               246   start                     : Starting test function: class=<class 'ptsprojects.testcase.TestFunc'>, func=<function test_cases.<locals>.<lambda> at 0x00000241B757D430> start_wid=None stop_wid=None post_wid=None skip_call=None call_count=184 args=() kwds={}
2021-09-25 18:50:36,063 root DEBUG testcase.py               258   start                     : Test function parameters: args=(), kwds={}
2021-09-25 18:50:36,063 root DEBUG testcase.py               246   start                     : Starting test function: class=<class 'ptsprojects.testcase.TestFunc'>, func=<function test_cases.<locals>.<lambda> at 0x00000241B757D4C0> start_wid=None stop_wid=None post_wid=None skip_call=None call_count=160 args=() kwds={}
2021-09-25 18:50:36,063 root DEBUG testcase.py               258   start                     : Test function parameters: args=(), kwds={}
2021-09-25 18:50:36,063 root DEBUG testcase.py               246   start                     : Starting test function: class=<class 'ptsprojects.testcase.TestFunc'>, func=<function test_cases.<locals>.<lambda> at 0x00000241B757D550> start_wid=None stop_wid=None post_wid=None skip_call=None call_count=160 args=() kwds={}
2021-09-25 18:50:36,063 root DEBUG testcase.py               258   start                     : Test function parameters: args=(), kwds={}
2021-09-25 18:50:36,063 root DEBUG testcase.py               246   start                     : Starting test function: class=<class 'ptsprojects.testcase.TestFunc'>, func=<function mesh_iv_test_mode_autoinit at 0x00000241B5CAADC0> start_wid=None stop_wid=None post_wid=None skip_call=None call_count=1 args=() kwds={}
2021-09-25 18:50:36,063 root DEBUG testcase.py               258   start                     : Test function parameters: args=(), kwds={}
2021-09-25 18:50:36,063 root DEBUG testcase.py               246   start                     : Starting test function: class=<class 'ptsprojects.testcase.TestFunc'>, func=<bound method Synch.add_synch_element of <ptsprojects.stack.Synch object at 0x00000241B7561E80>> start_wid=None stop_wid=None post_wid=None skip_call=None call_count=1 args=([<ptsprojects.stack.SynchPoint object at 0x00000241B75B9D60>, <ptsprojects.stack.SynchPoint object at 0x00000241B75B9DC0>],) kwds={}
2021-09-25 18:50:36,063 root DEBUG testcase.py               258   start                     : Test function parameters: args=([<ptsprojects.stack.SynchPoint object at 0x00000241B75B9D60>, <ptsprojects.stack.SynchPoint object at 0x00000241B75B9DC0>],), kwds={}
2021-09-25 18:50:36,063 root DEBUG autoptsclient_common.py   270   set_current_test_case     : CallbackThread.set_current_test_case MESH/SR/PROX/BV-12-C
2021-09-25 18:50:38,338 ClientCallback.on_implicit_send INFO autoptsclient_common.py   169   on_implicit_send          : ********************
2021-09-25 18:50:38,338 ClientCallback.on_implicit_send INFO autoptsclient_common.py   170   on_implicit_send          : BEGIN OnImplicitSend:
2021-09-25 18:50:38,338 ClientCallback.on_implicit_send INFO autoptsclient_common.py   171   on_implicit_send          : project_name: MESH
2021-09-25 18:50:38,338 ClientCallback.on_implicit_send INFO autoptsclient_common.py   172   on_implicit_send          : wid: 12
2021-09-25 18:50:38,338 ClientCallback.on_implicit_send INFO autoptsclient_common.py   173   on_implicit_send          : test_case_name: MESH/SR/PROX/BV-12-C-LT2
2021-09-25 18:50:38,338 ClientCallback.on_implicit_send INFO autoptsclient_common.py   174   on_implicit_send          : description: There is no shared security information. Please start provisioning from a remote or an additional provisioner side. Remove the remote side's security information if any. Click OK to proceed.
2021-09-25 18:50:38,338 ClientCallback.on_implicit_send INFO autoptsclient_common.py   175   on_implicit_send          : style: MMI_Style_Ok 0x11040
2021-09-25 18:50:38,338 ClientCallback.on_implicit_send INFO autoptsclient_common.py   181   on_implicit_send          : Calling test cases on_implicit_send
2021-09-25 18:50:38,338 root DEBUG testcase.py               675   on_implicit_send          : MESH MESH/SR/PROX/BV-12-C-LT2 on_implicit_send
2021-09-25 18:50:38,338 root DEBUG testcase.py               619   join_post_wid_thread      : MESH MESH/SR/PROX/BV-12-C-LT2 join_post_wid_thread
2021-09-25 18:50:38,338 root DEBUG testcase.py               621   join_post_wid_thread      : self.post_wid_thread None
2021-09-25 18:50:38,338 root DEBUG mesh.py                   50    mesh_wid_hdl              : mesh_wid_hdl, 12, "There is no shared security information. Please start provisioning from a remote or an additional provisioner side. Remove the remote side's security information if any. Click OK to proceed.", MESH/SR/PROX/BV-12-C-LT2
2021-09-25 18:50:38,338 root DEBUG mesh.py                   257   mesh_config_prov          : mesh_config_prov
2021-09-25 18:50:38,338 root DEBUG iutctl_common.py          117   send                      : send, 4 2 0 'bytearray(b\'\\xa5\\xcd\\x8f"\\xa3[J.\\x95$\\xb0\\xeb\\x19\\xf7r\\x12\\x00\\x00\\x00\\x00\\x00\\x00\\x00\\x00\\x00\\x00\\x00\\x00\\x00\\x00\\x00\\x00\\x02\\x18\\x00\\x01\\x0c\\x00\\x00\')'
2021-09-25 18:50:38,338 root DEBUG iutctl_common.py          120   send                      : btpclient command: send 4 2 0 'bytearray(b\'\\xa5\\xcd\\x8f"\\xa3[J.\\x95$\\xb0\\xeb\\x19\\xf7r\\x12\\x00\\x00\\x00\\x00\\x00\\x00\\x00\\x00\\x00\\x00\\x00\\x00\\x00\\x00\\x00\\x00\\x02\\x18\\x00\\x01\\x0c\\x00\\x00\')'
2021-09-25 18:50:38,338 root DEBUG iutctl_common.py          125   send                      : sending frame b'\x04\x02\x00\'\x00\xa5\xcd\x8f"\xa3[J.\x95$\xb0\xeb\x19\xf7r\x12\x00\x00\x00\x00\x00\x00\x00\x00\x00\x00\x00\x00\x00\x00\x00\x00\x02\x18\x00\x01\x0c\x00\x00'
2021-09-25 18:50:38,338 root DEBUG iutctl_common.py          174   read                      : read
2021-09-25 18:50:38,401 root DEBUG iutctl_common.py          98    read                      : Received: hdr: Header(svc_id=4, op=2, ctrl_index=0, data_len=0) bytearray(b'\x04\x02\x00\x00\x00')
2021-09-25 18:50:38,416 root DEBUG iutctl_common.py          111   read                      : Received data: "('',)", bytearray(b'')
2021-09-25 18:50:38,432 root DEBUG mesh.py                   321   mesh_init                 : mesh_init
2021-09-25 18:50:38,432 root DEBUG iutctl_common.py          117   send                      : send, 4 4 0 ''
2021-09-25 18:50:38,432 root DEBUG iutctl_common.py          120   send                      : btpclient command: send 4 4 0 ''
2021-09-25 18:50:38,432 root DEBUG iutctl_common.py          125   send                      : sending frame b'\x04\x04\x00\x00\x00'
2021-09-25 18:50:38,432 root DEBUG iutctl_common.py          174   read                      : read
2021-09-25 18:50:38,494 root DEBUG iutctl_common.py          98    read                      : Received: hdr: Header(svc_id=4, op=4, ctrl_index=0, data_len=0) bytearray(b'\x04\x04\x00\x00\x00')
2021-09-25 18:50:38,510 root DEBUG iutctl_common.py          111   read                      : Received data: "('',)", bytearray(b'')
2021-09-25 18:50:38,541 root DEBUG mesh.py                   374   mesh_iv_update_test_mode  : mesh_iv_update_test_mode
2021-09-25 18:50:38,541 root DEBUG iutctl_common.py          117   send                      : send, 4 8 0 "bytearray(b'\\x01')"
2021-09-25 18:50:38,541 root DEBUG iutctl_common.py          120   send                      : btpclient command: send 4 8 0 "bytearray(b'\\x01')"
2021-09-25 18:50:38,541 root DEBUG iutctl_common.py          125   send                      : sending frame b'\x04\x08\x00\x01\x00\x01'
2021-09-25 18:50:38,541 root DEBUG iutctl_common.py          174   read                      : read
2021-09-25 18:50:38,604 root DEBUG iutctl_common.py          98    read                      : Received: hdr: Header(svc_id=4, op=8, ctrl_index=0, data_len=0) bytearray(b'\x04\x08\x00\x00\x00')
2021-09-25 18:50:38,619 root DEBUG iutctl_common.py          111   read                      : Received data: "('',)", bytearray(b'')
2021-09-25 18:50:38,651 root DEBUG testcase.py               713   on_implicit_send          : Sending response 'Ok'
2021-09-25 18:50:38,651 ClientCallback.on_implicit_send INFO autoptsclient_common.py   186   on_implicit_send          : test case returned on_implicit_send, response: Ok
2021-09-25 18:50:38,651 ClientCallback.on_implicit_send INFO autoptsclient_common.py   196   on_implicit_send          : END OnImplicitSend:
2021-09-25 18:50:38,651 ClientCallback.on_implicit_send INFO autoptsclient_common.py   197   on_implicit_send          : ********************
2021-09-25 18:50:38,651 ClientCallback.on_implicit_send INFO autoptsclient_common.py   169   on_implicit_send          : ********************
2021-09-25 18:50:38,651 ClientCallback.on_implicit_send INFO autoptsclient_common.py   170   on_implicit_send          : BEGIN OnImplicitSend:
2021-09-25 18:50:38,651 ClientCallback.on_implicit_send INFO autoptsclient_common.py   171   on_implicit_send          : project_name: MESH
2021-09-25 18:50:38,651 ClientCallback.on_implicit_send INFO autoptsclient_common.py   172   on_implicit_send          : wid: 6
2021-09-25 18:50:38,651 ClientCallback.on_implicit_send INFO autoptsclient_common.py   173   on_implicit_send          : test_case_name: MESH/SR/PROX/BV-12-C-LT2
2021-09-25 18:50:38,651 ClientCallback.on_implicit_send INFO autoptsclient_common.py   174   on_implicit_send          : description: Advertising Mesh Beacon Packet. Wait for other side to be ready and click OK to broadcast Mesh beacon packet, otherwise click Cancel. Remove the remote side's security information if any.
2021-09-25 18:50:38,651 ClientCallback.on_implicit_send INFO autoptsclient_common.py   175   on_implicit_send          : style: MMI_Style_Ok_Cancel1 0x11041
2021-09-25 18:50:38,651 ClientCallback.on_implicit_send INFO autoptsclient_common.py   181   on_implicit_send          : Calling test cases on_implicit_send
2021-09-25 18:50:38,651 root DEBUG testcase.py               675   on_implicit_send          : MESH MESH/SR/PROX/BV-12-C-LT2 on_implicit_send
2021-09-25 18:50:38,651 root DEBUG testcase.py               619   join_post_wid_thread      : MESH MESH/SR/PROX/BV-12-C-LT2 join_post_wid_thread
2021-09-25 18:50:38,651 root DEBUG testcase.py               621   join_post_wid_thread      : self.post_wid_thread None
2021-09-25 18:50:38,651 root DEBUG mesh.py                   50    mesh_wid_hdl              : mesh_wid_hdl, 6, "Advertising Mesh Beacon Packet. Wait for other side to be ready and click OK to broadcast Mesh beacon packet, otherwise click Cancel. Remove the remote side's security information if any.", MESH/SR/PROX/BV-12-C-LT2
2021-09-25 18:50:38,651 root DEBUG testcase.py               713   on_implicit_send          : Sending response 'OK'
2021-09-25 18:50:38,651 ClientCallback.on_implicit_send INFO autoptsclient_common.py   186   on_implicit_send          : test case returned on_implicit_send, response: OK
2021-09-25 18:50:38,651 ClientCallback.on_implicit_send INFO autoptsclient_common.py   196   on_implicit_send          : END OnImplicitSend:
2021-09-25 18:50:38,651 ClientCallback.on_implicit_send INFO autoptsclient_common.py   197   on_implicit_send          : ********************
2021-09-25 18:50:42,493 ClientCallback.on_implicit_send INFO autoptsclient_common.py   169   on_implicit_send          : ********************
2021-09-25 18:50:42,493 ClientCallback.on_implicit_send INFO autoptsclient_common.py   170   on_implicit_send          : BEGIN OnImplicitSend:
2021-09-25 18:50:42,493 ClientCallback.on_implicit_send INFO autoptsclient_common.py   171   on_implicit_send          : project_name: MESH
2021-09-25 18:50:42,493 ClientCallback.on_implicit_send INFO autoptsclient_common.py   172   on_implicit_send          : wid: 15
2021-09-25 18:50:42,493 ClientCallback.on_implicit_send INFO autoptsclient_common.py   173   on_implicit_send          : test_case_name: MESH/SR/PROX/BV-12-C
2021-09-25 18:50:42,493 ClientCallback.on_implicit_send INFO autoptsclient_common.py   174   on_implicit_send          : description: This test requires an additional PTS running as provisioner to provision two nodes to share the same network. Please press OK after the other PTS instance is ready for provisioning.
2021-09-25 18:50:42,493 ClientCallback.on_implicit_send INFO autoptsclient_common.py   175   on_implicit_send          : style: MMI_Style_Ok 0x11040
2021-09-25 18:50:42,493 ClientCallback.on_implicit_send INFO autoptsclient_common.py   181   on_implicit_send          : Calling test cases on_implicit_send
2021-09-25 18:50:42,493 root DEBUG testcase.py               675   on_implicit_send          : MESH MESH/SR/PROX/BV-12-C on_implicit_send
2021-09-25 18:50:42,493 root DEBUG testcase.py               619   join_post_wid_thread      : MESH MESH/SR/PROX/BV-12-C join_post_wid_thread
2021-09-25 18:50:42,493 root DEBUG testcase.py               621   join_post_wid_thread      : self.post_wid_thread None
2021-09-25 18:50:42,493 root DEBUG mesh.py                   50    mesh_wid_hdl              : mesh_wid_hdl, 15, 'This test requires an additional PTS running as provisioner to provision two nodes to share the same network. Please press OK after the other PTS instance is ready for provisioning.', MESH/SR/PROX/BV-12-C
2021-09-25 18:50:42,493 root DEBUG testcase.py               713   on_implicit_send          : Sending response 'Ok'
2021-09-25 18:50:42,493 ClientCallback.on_implicit_send INFO autoptsclient_common.py   186   on_implicit_send          : test case returned on_implicit_send, response: Ok
2021-09-25 18:50:42,493 ClientCallback.on_implicit_send INFO autoptsclient_common.py   196   on_implicit_send          : END OnImplicitSend:
2021-09-25 18:50:42,493 ClientCallback.on_implicit_send INFO autoptsclient_common.py   197   on_implicit_send          : ********************
2021-09-25 18:50:42,493 ClientCallback.on_implicit_send INFO autoptsclient_common.py   169   on_implicit_send          : ********************
2021-09-25 18:50:42,493 ClientCallback.on_implicit_send INFO autoptsclient_common.py   170   on_implicit_send          : BEGIN OnImplicitSend:
2021-09-25 18:50:42,493 ClientCallback.on_implicit_send INFO autoptsclient_common.py   171   on_implicit_send          : project_name: MESH
2021-09-25 18:50:42,493 ClientCallback.on_implicit_send INFO autoptsclient_common.py   172   on_implicit_send          : wid: 13
2021-09-25 18:50:42,493 ClientCallback.on_implicit_send INFO autoptsclient_common.py   173   on_implicit_send          : test_case_name: MESH/SR/PROX/BV-12-C
2021-09-25 18:50:42,493 ClientCallback.on_implicit_send INFO autoptsclient_common.py   174   on_implicit_send          : description: There is no shared security information. Please remove any security information if any. PTS is waiting for beacon to start provisioning from IUT with UUID value indicated in 'TSPX_device_uuid'
2021-09-25 18:50:42,493 ClientCallback.on_implicit_send INFO autoptsclient_common.py   175   on_implicit_send          : style: MMI_Style_Ok_Cancel2 0x11141
2021-09-25 18:50:42,493 ClientCallback.on_implicit_send INFO autoptsclient_common.py   181   on_implicit_send          : Calling test cases on_implicit_send
2021-09-25 18:50:42,493 root DEBUG testcase.py               675   on_implicit_send          : MESH MESH/SR/PROX/BV-12-C on_implicit_send
2021-09-25 18:50:42,493 root DEBUG testcase.py               619   join_post_wid_thread      : MESH MESH/SR/PROX/BV-12-C join_post_wid_thread
2021-09-25 18:50:42,493 root DEBUG testcase.py               621   join_post_wid_thread      : self.post_wid_thread None
2021-09-25 18:50:42,493 root DEBUG mesh.py                   50    mesh_wid_hdl              : mesh_wid_hdl, 13, "There is no shared security information. Please remove any security information if any. PTS is waiting for beacon to start provisioning from IUT with UUID value indicated in 'TSPX_device_uuid'", MESH/SR/PROX/BV-12-C
2021-09-25 18:50:42,493 root DEBUG testcase.py               713   on_implicit_send          : Sending response 'OK'
2021-09-25 18:50:42,493 ClientCallback.on_implicit_send INFO autoptsclient_common.py   186   on_implicit_send          : test case returned on_implicit_send, response: OK
2021-09-25 18:50:42,493 ClientCallback.on_implicit_send INFO autoptsclient_common.py   196   on_implicit_send          : END OnImplicitSend:
2021-09-25 18:50:42,493 ClientCallback.on_implicit_send INFO autoptsclient_common.py   197   on_implicit_send          : ********************
2021-09-25 18:50:43,493 root DEBUG iutctl_common.py          98    read                      : Received: hdr: Header(svc_id=4, op=132, ctrl_index=0, data_len=1) bytearray(b'\x04\x84\x00\x01\x00')
2021-09-25 18:50:43,493 root DEBUG iutctl_common.py          111   read                      : Received data: "('\x00',)", bytearray(b'\x00')
2021-09-25 18:50:43,493 root DEBUG btp.py                    423   event_handler             : event_handler Header(svc_id=4, op=132, ctrl_index=0, data_len=1) (b'\x00',)
2021-09-25 18:50:43,493 root DEBUG mesh.py                   576   mesh_prov_link_open_ev    : mesh_prov_link_open_ev b'\x00'
2021-09-25 18:50:46,539 root DEBUG iutctl_common.py          98    read                      : Received: hdr: Header(svc_id=4, op=131, ctrl_index=0, data_len=0) bytearray(b'\x04\x83\x00\x00\x00')
2021-09-25 18:50:46,539 root DEBUG iutctl_common.py          111   read                      : Received data: "('',)", bytearray(b'')
2021-09-25 18:50:46,539 root DEBUG btp.py                    423   event_handler             : event_handler Header(svc_id=4, op=131, ctrl_index=0, data_len=0) (b'',)
2021-09-25 18:50:46,539 root DEBUG mesh.py                   566   mesh_provisioned_ev       : mesh_provisioned_ev b''
2021-09-25 18:50:47,898 root DEBUG iutctl_common.py          98    read                      : Received: hdr: Header(svc_id=4, op=133, ctrl_index=0, data_len=1) bytearray(b'\x04\x85\x00\x01\x00')
2021-09-25 18:50:47,898 root DEBUG iutctl_common.py          111   read                      : Received data: "('\x00',)", bytearray(b'\x00')
2021-09-25 18:50:47,898 root DEBUG btp.py                    423   event_handler             : event_handler Header(svc_id=4, op=133, ctrl_index=0, data_len=1) (b'\x00',)
2021-09-25 18:50:47,898 root DEBUG mesh.py                   584   mesh_prov_link_closed_ev  : mesh_prov_link_closed_ev b'\x00'
2021-09-25 18:50:48,508 ClientCallback.on_implicit_send INFO autoptsclient_common.py   169   on_implicit_send          : ********************
2021-09-25 18:50:48,508 ClientCallback.on_implicit_send INFO autoptsclient_common.py   170   on_implicit_send          : BEGIN OnImplicitSend:
2021-09-25 18:50:48,508 ClientCallback.on_implicit_send INFO autoptsclient_common.py   171   on_implicit_send          : project_name: MESH
2021-09-25 18:50:48,508 ClientCallback.on_implicit_send INFO autoptsclient_common.py   172   on_implicit_send          : wid: 13
2021-09-25 18:50:48,508 ClientCallback.on_implicit_send INFO autoptsclient_common.py   173   on_implicit_send          : test_case_name: MESH/SR/PROX/BV-12-C
2021-09-25 18:50:48,508 ClientCallback.on_implicit_send INFO autoptsclient_common.py   174   on_implicit_send          : description: There is no shared security information. Please remove any security information if any. PTS is waiting for beacon to start provisioning from  other Lower Tester with UUID value indicated in 'TSPX_device_uuid2'
2021-09-25 18:50:48,508 ClientCallback.on_implicit_send INFO autoptsclient_common.py   175   on_implicit_send          : style: MMI_Style_Ok_Cancel2 0x11141
2021-09-25 18:50:48,508 ClientCallback.on_implicit_send INFO autoptsclient_common.py   181   on_implicit_send          : Calling test cases on_implicit_send
2021-09-25 18:50:48,508 root DEBUG testcase.py               675   on_implicit_send          : MESH MESH/SR/PROX/BV-12-C on_implicit_send
2021-09-25 18:50:48,508 root DEBUG testcase.py               619   join_post_wid_thread      : MESH MESH/SR/PROX/BV-12-C join_post_wid_thread
2021-09-25 18:50:48,508 root DEBUG testcase.py               621   join_post_wid_thread      : self.post_wid_thread None
2021-09-25 18:50:48,508 root DEBUG mesh.py                   50    mesh_wid_hdl              : mesh_wid_hdl, 13, "There is no shared security information. Please remove any security information if any. PTS is waiting for beacon to start provisioning from  other Lower Tester with UUID value indicated in 'TSPX_device_uuid2'", MESH/SR/PROX/BV-12-C
2021-09-25 18:50:48,508 root DEBUG testcase.py               713   on_implicit_send          : Sending response 'OK'
2021-09-25 18:50:48,508 ClientCallback.on_implicit_send INFO autoptsclient_common.py   186   on_implicit_send          : test case returned on_implicit_send, response: OK
2021-09-25 18:50:48,508 ClientCallback.on_implicit_send INFO autoptsclient_common.py   196   on_implicit_send          : END OnImplicitSend:
2021-09-25 18:50:48,508 ClientCallback.on_implicit_send INFO autoptsclient_common.py   197   on_implicit_send          : ********************
2021-09-25 18:50:52,101 ClientCallback.on_implicit_send INFO autoptsclient_common.py   169   on_implicit_send          : ********************
2021-09-25 18:50:52,101 ClientCallback.on_implicit_send INFO autoptsclient_common.py   170   on_implicit_send          : BEGIN OnImplicitSend:
2021-09-25 18:50:52,101 ClientCallback.on_implicit_send INFO autoptsclient_common.py   171   on_implicit_send          : project_name: MESH
2021-09-25 18:50:52,101 ClientCallback.on_implicit_send INFO autoptsclient_common.py   172   on_implicit_send          : wid: 500
2021-09-25 18:50:52,101 ClientCallback.on_implicit_send INFO autoptsclient_common.py   173   on_implicit_send          : test_case_name: MESH/SR/PROX/BV-12-C-LT2
2021-09-25 18:50:52,101 ClientCallback.on_implicit_send INFO autoptsclient_common.py   174   on_implicit_send          : description: Waiting for Composition Data Get Request.
2021-09-25 18:50:52,101 ClientCallback.on_implicit_send INFO autoptsclient_common.py   175   on_implicit_send          : style: MMI_Style_Ok_Cancel2 0x11141
2021-09-25 18:50:52,101 ClientCallback.on_implicit_send INFO autoptsclient_common.py   181   on_implicit_send          : Calling test cases on_implicit_send
2021-09-25 18:50:52,101 root DEBUG testcase.py               675   on_implicit_send          : MESH MESH/SR/PROX/BV-12-C-LT2 on_implicit_send
2021-09-25 18:50:52,101 root DEBUG testcase.py               619   join_post_wid_thread      : MESH MESH/SR/PROX/BV-12-C-LT2 join_post_wid_thread
2021-09-25 18:50:52,101 root DEBUG testcase.py               621   join_post_wid_thread      : self.post_wid_thread None
2021-09-25 18:50:52,101 root DEBUG mesh.py                   50    mesh_wid_hdl              : mesh_wid_hdl, 500, 'Waiting for Composition Data Get Request.', MESH/SR/PROX/BV-12-C-LT2
2021-09-25 18:50:52,101 root DEBUG testcase.py               713   on_implicit_send          : Sending response 'OK'
2021-09-25 18:50:52,101 ClientCallback.on_implicit_send INFO autoptsclient_common.py   186   on_implicit_send          : test case returned on_implicit_send, response: OK
2021-09-25 18:50:52,101 ClientCallback.on_implicit_send INFO autoptsclient_common.py   196   on_implicit_send          : END OnImplicitSend:
2021-09-25 18:50:52,101 ClientCallback.on_implicit_send INFO autoptsclient_common.py   197   on_implicit_send          : ********************
2021-09-25 18:50:53,241 root DEBUG iutctl_common.py          98    read                      : Received: hdr: Header(svc_id=4, op=134, ctrl_index=0, data_len=22) bytearray(b'\x04\x86\x00\x16\x00')
2021-09-25 18:50:53,241 root DEBUG iutctl_common.py          111   read                      : Received data: "('\x03\x00\x01\x00\x02\x00\x0f\x80\x80\x00\x00n\x8a(\x19\x03è½gW¦E',)", bytearray(b'\x03\x00\x01\x00\x02\x00\x0f\x80\x80\x00\x00n\x8a(\x19\x03\xe8\xbdgW\xa6E')
2021-09-25 18:50:53,241 root DEBUG btp.py                    423   event_handler             : event_handler Header(svc_id=4, op=134, ctrl_index=0, data_len=22) (b'\x03\x00\x01\x00\x02\x00\x0f\x80\x80\x00\x00n\x8a(\x19\x03\xe8\xbdgW\xa6E',)
2021-09-25 18:50:53,616 root DEBUG iutctl_common.py          98    read                      : Received: hdr: Header(svc_id=4, op=134, ctrl_index=0, data_len=14) bytearray(b'\x04\x86\x00\x0e\x00')
2021-09-25 18:50:53,616 root DEBUG iutctl_common.py          111   read                      : Received data: "('\x07\x01\x01\x00\x02\x00\x07\x00\x00\x04\x00\x00\x00\x07',)", bytearray(b'\x07\x01\x01\x00\x02\x00\x07\x00\x00\x04\x00\x00\x00\x07')
2021-09-25 18:50:53,616 root DEBUG btp.py                    423   event_handler             : event_handler Header(svc_id=4, op=134, ctrl_index=0, data_len=14) (b'\x07\x01\x01\x00\x02\x00\x07\x00\x00\x04\x00\x00\x00\x07',)
2021-09-25 18:50:54,256 root DEBUG iutctl_common.py          98    read                      : Received: hdr: Header(svc_id=4, op=134, ctrl_index=0, data_len=22) bytearray(b'\x04\x86\x00\x16\x00')
2021-09-25 18:50:54,256 root DEBUG iutctl_common.py          111   read                      : Received data: "('\x03\x00\x01\x00\x03\x00\x0f\x80\x80\x08\x00\x16JÍr©\xa0\x98T5\x97¹',)", bytearray(b'\x03\x00\x01\x00\x03\x00\x0f\x80\x80\x08\x00\x16J\xcdr\xa9\xa0\x98T5\x97\xb9')
2021-09-25 18:50:54,256 root DEBUG btp.py                    423   event_handler             : event_handler Header(svc_id=4, op=134, ctrl_index=0, data_len=22) (b'\x03\x00\x01\x00\x03\x00\x0f\x80\x80\x08\x00\x16J\xcdr\xa9\xa0\x98T5\x97\xb9',)
2021-09-25 18:50:54,288 root DEBUG iutctl_common.py          98    read                      : Received: hdr: Header(svc_id=4, op=134, ctrl_index=0, data_len=14) bytearray(b'\x04\x86\x00\x0e\x00')
2021-09-25 18:50:54,288 root DEBUG iutctl_common.py          111   read                      : Received data: "('\x03\x01\x03\x00\x01\x00\x07\x00\x00\x08\x00\x00\x00\x01',)", bytearray(b'\x03\x01\x03\x00\x01\x00\x07\x00\x00\x08\x00\x00\x00\x01')
2021-09-25 18:50:54,288 root DEBUG btp.py                    423   event_handler             : event_handler Header(svc_id=4, op=134, ctrl_index=0, data_len=14) (b'\x03\x01\x03\x00\x01\x00\x07\x00\x00\x08\x00\x00\x00\x01',)
2021-09-25 18:50:54,538 root DEBUG iutctl_common.py          98    read                      : Received: hdr: Header(svc_id=4, op=134, ctrl_index=0, data_len=23) bytearray(b'\x04\x86\x00\x17\x00')
2021-09-25 18:50:54,538 root DEBUG iutctl_common.py          111   read                      : Received data: "('\x03\x00\x03\x00\x01\x00\x10\x80\x80\x04\x05\x0e\x82|é²>U\x11\x88\x84.\x7f',)", bytearray(b'\x03\x00\x03\x00\x01\x00\x10\x80\x80\x04\x05\x0e\x82|\xe9\xb2>U\x11\x88\x84.\x7f')
2021-09-25 18:50:54,538 root DEBUG btp.py                    423   event_handler             : event_handler Header(svc_id=4, op=134, ctrl_index=0, data_len=23) (b'\x03\x00\x03\x00\x01\x00\x10\x80\x80\x04\x05\x0e\x82|\xe9\xb2>U\x11\x88\x84.\x7f',)
2021-09-25 18:50:54,616 root DEBUG iutctl_common.py          98    read                      : Received: hdr: Header(svc_id=4, op=134, ctrl_index=0, data_len=23) bytearray(b'\x04\x86\x00\x17\x00')
2021-09-25 18:50:54,631 root DEBUG iutctl_common.py          111   read                      : Received data: "('\x03\x00\x03\x00\x01\x00\x10\x80\x80\x04E`\x02\x92ðû×5\x93\x84\x06]/',)", bytearray(b'\x03\x00\x03\x00\x01\x00\x10\x80\x80\x04E`\x02\x92\xf0\xfb\xd75\x93\x84\x06]/')
2021-09-25 18:50:54,631 root DEBUG btp.py                    423   event_handler             : event_handler Header(svc_id=4, op=134, ctrl_index=0, data_len=23) (b'\x03\x00\x03\x00\x01\x00\x10\x80\x80\x04E`\x02\x92\xf0\xfb\xd75\x93\x84\x06]/',)
2021-09-25 18:50:54,662 root DEBUG iutctl_common.py          98    read                      : Received: hdr: Header(svc_id=4, op=134, ctrl_index=0, data_len=23) bytearray(b'\x04\x86\x00\x17\x00')
2021-09-25 18:50:54,662 root DEBUG iutctl_common.py          111   read                      : Received data: "('\x03\x00\x03\x00\x01\x00\x10\x80\x80\x04eÉíµ«yÑ/4\x93UÊ¿',)", bytearray(b'\x03\x00\x03\x00\x01\x00\x10\x80\x80\x04e\xc9\xed\xb5\xaby\xd1/4\x93U\xca\xbf')
2021-09-25 18:50:54,662 root DEBUG btp.py                    423   event_handler             : event_handler Header(svc_id=4, op=134, ctrl_index=0, data_len=23) (b'\x03\x00\x03\x00\x01\x00\x10\x80\x80\x04e\xc9\xed\xb5\xaby\xd1/4\x93U\xca\xbf',)
2021-09-25 18:50:54,725 root DEBUG iutctl_common.py          98    read                      : Received: hdr: Header(svc_id=4, op=134, ctrl_index=0, data_len=23) bytearray(b'\x04\x86\x00\x17\x00')
2021-09-25 18:50:54,725 root DEBUG iutctl_common.py          111   read                      : Received data: '(\'\x03\x00\x03\x00\x01\x00\x10\x80\x80\x04\x85Ö3\x00\x8c¯¶\x87|"1ßñ\',)', bytearray(b'\x03\x00\x03\x00\x01\x00\x10\x80\x80\x04\x85\xd63\x00\x8c\xaf\xb6\x87|"1\xdf\xf1')
2021-09-25 18:50:54,725 root DEBUG btp.py                    423   event_handler             : event_handler Header(svc_id=4, op=134, ctrl_index=0, data_len=23) (b'\x03\x00\x03\x00\x01\x00\x10\x80\x80\x04\x85\xd63\x00\x8c\xaf\xb6\x87|"1\xdf\xf1',)
2021-09-25 18:50:54,756 root DEBUG iutctl_common.py          98    read                      : Received: hdr: Header(svc_id=4, op=134, ctrl_index=0, data_len=19) bytearray(b'\x04\x86\x00\x13\x00')
2021-09-25 18:50:54,756 root DEBUG iutctl_common.py          111   read                      : Received data: "('\x03\x00\x03\x00\x01\x00\x0c\x80\x80\x04¥±3\x18\x8dú\x95Ñ$',)", bytearray(b'\x03\x00\x03\x00\x01\x00\x0c\x80\x80\x04\xa5\xb13\x18\x8d\xfa\x95\xd1$')
2021-09-25 18:50:54,756 root DEBUG btp.py                    423   event_handler             : event_handler Header(svc_id=4, op=134, ctrl_index=0, data_len=19) (b'\x03\x00\x03\x00\x01\x00\x0c\x80\x80\x04\xa5\xb13\x18\x8d\xfa\x95\xd1$',)
2021-09-25 18:50:54,787 root DEBUG iutctl_common.py          98    read                      : Received: hdr: Header(svc_id=4, op=134, ctrl_index=0, data_len=14) bytearray(b'\x04\x86\x00\x0e\x00')
2021-09-25 18:50:54,787 root DEBUG iutctl_common.py          111   read                      : Received data: "('\x03\x01\x01\x00\x03\x00\x07\x00\x00\x04\x00\x00\x00?',)", bytearray(b'\x03\x01\x01\x00\x03\x00\x07\x00\x00\x04\x00\x00\x00?')
2021-09-25 18:50:54,787 root DEBUG btp.py                    423   event_handler             : event_handler Header(svc_id=4, op=134, ctrl_index=0, data_len=14) (b'\x03\x01\x01\x00\x03\x00\x07\x00\x00\x04\x00\x00\x00?',)
2021-09-25 18:50:55,834 ClientCallback.on_implicit_send INFO autoptsclient_common.py   169   on_implicit_send          : ********************
2021-09-25 18:50:55,834 ClientCallback.on_implicit_send INFO autoptsclient_common.py   170   on_implicit_send          : BEGIN OnImplicitSend:
2021-09-25 18:50:55,834 ClientCallback.on_implicit_send INFO autoptsclient_common.py   171   on_implicit_send          : project_name: MESH
2021-09-25 18:50:55,834 ClientCallback.on_implicit_send INFO autoptsclient_common.py   172   on_implicit_send          : wid: 366
2021-09-25 18:50:55,834 ClientCallback.on_implicit_send INFO autoptsclient_common.py   173   on_implicit_send          : test_case_name: MESH/SR/PROX/BV-12-C-LT2
2021-09-25 18:50:55,834 ClientCallback.on_implicit_send INFO autoptsclient_common.py   174   on_implicit_send          : description: Press OK when IUT is ready to receive Beacon (IV Update flag set to 1)
2021-09-25 18:50:55,834 ClientCallback.on_implicit_send INFO autoptsclient_common.py   175   on_implicit_send          : style: MMI_Style_Ok_Cancel1 0x11041
2021-09-25 18:50:55,834 ClientCallback.on_implicit_send INFO autoptsclient_common.py   181   on_implicit_send          : Calling test cases on_implicit_send
2021-09-25 18:50:55,834 root DEBUG testcase.py               675   on_implicit_send          : MESH MESH/SR/PROX/BV-12-C-LT2 on_implicit_send
2021-09-25 18:50:55,834 root DEBUG testcase.py               619   join_post_wid_thread      : MESH MESH/SR/PROX/BV-12-C-LT2 join_post_wid_thread
2021-09-25 18:50:55,834 root DEBUG testcase.py               621   join_post_wid_thread      : self.post_wid_thread None
2021-09-25 18:50:55,834 root DEBUG mesh.py                   50    mesh_wid_hdl              : mesh_wid_hdl, 366, 'Press OK when IUT is ready to receive Beacon (IV Update flag set to 1)', MESH/SR/PROX/BV-12-C-LT2
2021-09-25 18:50:55,834 root DEBUG mesh.py                   31    hdl_pending_mesh_wids     : hdl_pending_mesh_wids, 366, 'Press OK when IUT is ready to receive Beacon (IV Update flag set to 1)', MESH/SR/PROX/BV-12-C-LT2
2021-09-25 18:50:55,834 root DEBUG testcase.py               713   on_implicit_send          : Sending response 'WAIT'
2021-09-25 18:50:55,834 ClientCallback.on_implicit_send INFO autoptsclient_common.py   186   on_implicit_send          : test case returned on_implicit_send, response: WAIT
2021-09-25 18:50:55,834 ClientCallback.on_implicit_send INFO autoptsclient_common.py   196   on_implicit_send          : END OnImplicitSend:
2021-09-25 18:50:55,834 ClientCallback.on_implicit_send INFO autoptsclient_common.py   197   on_implicit_send          : ********************
2021-09-25 18:50:55,834 root DEBUG autoptsclient_common.py   202   get_pending_response      : ClientCallback.get_pending_response, MESH/SR/PROX/BV-12-C-LT2
2021-09-25 18:50:56,022 root DEBUG iutctl_common.py          98    read                      : Received: hdr: Header(svc_id=4, op=134, ctrl_index=0, data_len=22) bytearray(b'\x04\x86\x00\x16\x00')
2021-09-25 18:50:56,022 root DEBUG iutctl_common.py          111   read                      : Received data: "('\x03\x00\x01\x00\x02\x00\x0f\x80\x80\x10\x00Jç\\üä\x91/£\x97\x00{',)", bytearray(b'\x03\x00\x01\x00\x02\x00\x0f\x80\x80\x10\x00J\xe7\\\xfc\xe4\x91/\xa3\x97\x00{')
2021-09-25 18:50:56,022 root DEBUG btp.py                    423   event_handler             : event_handler Header(svc_id=4, op=134, ctrl_index=0, data_len=22) (b'\x03\x00\x01\x00\x02\x00\x0f\x80\x80\x10\x00J\xe7\\\xfc\xe4\x91/\xa3\x97\x00{',)
2021-09-25 18:50:56,771 root DEBUG iutctl_common.py          98    read                      : Received: hdr: Header(svc_id=4, op=134, ctrl_index=0, data_len=22) bytearray(b'\x04\x86\x00\x16\x00')
2021-09-25 18:50:56,771 root DEBUG iutctl_common.py          111   read                      : Received data: "('\x03\x00\x01\x00\x02\x00\x0f\x80\x80\x14\x00\x1fz\x96\x0e!ùÜ´ú\x85Ú',)", bytearray(b'\x03\x00\x01\x00\x02\x00\x0f\x80\x80\x14\x00\x1fz\x96\x0e!\xf9\xdc\xb4\xfa\x85\xda')
2021-09-25 18:50:56,771 root DEBUG btp.py                    423   event_handler             : event_handler Header(svc_id=4, op=134, ctrl_index=0, data_len=22) (b'\x03\x00\x01\x00\x02\x00\x0f\x80\x80\x14\x00\x1fz\x96\x0e!\xf9\xdc\xb4\xfa\x85\xda',)
2021-09-25 18:50:56,849 root DEBUG autoptsclient_common.py   202   get_pending_response      : ClientCallback.get_pending_response, MESH/SR/PROX/BV-12-C-LT2
2021-09-25 18:50:57,865 root DEBUG autoptsclient_common.py   202   get_pending_response      : ClientCallback.get_pending_response, MESH/SR/PROX/BV-12-C-LT2
2021-09-25 18:50:58,006 root DEBUG iutctl_common.py          98    read                      : Received: hdr: Header(svc_id=1, op=130, ctrl_index=0, data_len=13) bytearray(b'\x01\x82\x00\r\x00')
2021-09-25 18:50:58,006 root DEBUG iutctl_common.py          111   read                      : Received data: "('\x00ä\x1fòÜ\x1b\x00<\x00\x00\x00Ð\x07',)", bytearray(b'\x00\xe4\x1f\xf2\xdc\x1b\x00<\x00\x00\x00\xd0\x07')
2021-09-25 18:50:58,006 root DEBUG btp.py                    423   event_handler             : event_handler Header(svc_id=1, op=130, ctrl_index=0, data_len=13) (b'\x00\xe4\x1f\xf2\xdc\x1b\x00<\x00\x00\x00\xd0\x07',)
2021-09-25 18:50:58,006 root DEBUG gap.py                    128   gap_connected_ev_         : gap_connected_ev_ b'\x00\xe4\x1f\xf2\xdc\x1b\x00<\x00\x00\x00\xd0\x07'
2021-09-25 18:50:58,872 root DEBUG autoptsclient_common.py   202   get_pending_response      : ClientCallback.get_pending_response, MESH/SR/PROX/BV-12-C-LT2
2021-09-25 18:50:59,751 ClientCallback.on_implicit_send INFO autoptsclient_common.py   169   on_implicit_send          : ********************
2021-09-25 18:50:59,751 ClientCallback.on_implicit_send INFO autoptsclient_common.py   170   on_implicit_send          : BEGIN OnImplicitSend:
2021-09-25 18:50:59,751 ClientCallback.on_implicit_send INFO autoptsclient_common.py   171   on_implicit_send          : project_name: MESH
2021-09-25 18:50:59,751 ClientCallback.on_implicit_send INFO autoptsclient_common.py   172   on_implicit_send          : wid: 364
2021-09-25 18:50:59,751 ClientCallback.on_implicit_send INFO autoptsclient_common.py   173   on_implicit_send          : test_case_name: MESH/SR/PROX/BV-12-C
2021-09-25 18:50:59,751 ClientCallback.on_implicit_send INFO autoptsclient_common.py   174   on_implicit_send          : description: Please ask Lower Tester 2 to generate a beacon with IV Update flag set to 1.
2021-09-25 18:50:59,751 ClientCallback.on_implicit_send INFO autoptsclient_common.py   175   on_implicit_send          : style: MMI_Style_Ok_Cancel1 0x11041
2021-09-25 18:50:59,751 ClientCallback.on_implicit_send INFO autoptsclient_common.py   181   on_implicit_send          : Calling test cases on_implicit_send
2021-09-25 18:50:59,751 root DEBUG testcase.py               675   on_implicit_send          : MESH MESH/SR/PROX/BV-12-C on_implicit_send
2021-09-25 18:50:59,751 root DEBUG testcase.py               619   join_post_wid_thread      : MESH MESH/SR/PROX/BV-12-C join_post_wid_thread
2021-09-25 18:50:59,751 root DEBUG testcase.py               621   join_post_wid_thread      : self.post_wid_thread None
2021-09-25 18:50:59,751 root DEBUG mesh.py                   50    mesh_wid_hdl              : mesh_wid_hdl, 364, 'Please ask Lower Tester 2 to generate a beacon with IV Update flag set to 1.', MESH/SR/PROX/BV-12-C
2021-09-25 18:50:59,751 root DEBUG mesh.py                   31    hdl_pending_mesh_wids     : hdl_pending_mesh_wids, 364, 'Please ask Lower Tester 2 to generate a beacon with IV Update flag set to 1.', MESH/SR/PROX/BV-12-C
2021-09-25 18:50:59,751 root DEBUG autoptsclient_common.py   274   get_current_test_case     : CallbackThread.get_current_test_case MESH/SR/PROX/BV-12-C
2021-09-25 18:50:59,751 root DEBUG autoptsclient_common.py   282   set_pending_response      : CallbackThread.set_pending_response, ('MESH/SR/PROX/BV-12-C', True, None)
2021-09-25 18:50:59,751 root DEBUG autoptsclient_common.py   274   get_current_test_case     : CallbackThread.get_current_test_case MESH/SR/PROX/BV-12-C-LT2
2021-09-25 18:50:59,751 root DEBUG autoptsclient_common.py   274   get_current_test_case     : CallbackThread.get_current_test_case MESH/SR/PROX/BV-12-C
2021-09-25 18:50:59,751 root DEBUG autoptsclient_common.py   274   get_current_test_case     : CallbackThread.get_current_test_case MESH/SR/PROX/BV-12-C-LT2
2021-09-25 18:50:59,751 root DEBUG autoptsclient_common.py   282   set_pending_response      : CallbackThread.set_pending_response, ('MESH/SR/PROX/BV-12-C-LT2', True, None)
2021-09-25 18:50:59,751 root DEBUG testcase.py               713   on_implicit_send          : Sending response 'WAIT'
2021-09-25 18:50:59,751 ClientCallback.on_implicit_send INFO autoptsclient_common.py   186   on_implicit_send          : test case returned on_implicit_send, response: WAIT
2021-09-25 18:50:59,751 ClientCallback.on_implicit_send INFO autoptsclient_common.py   196   on_implicit_send          : END OnImplicitSend:
2021-09-25 18:50:59,751 ClientCallback.on_implicit_send INFO autoptsclient_common.py   197   on_implicit_send          : ********************
2021-09-25 18:50:59,751 root DEBUG autoptsclient_common.py   202   get_pending_response      : ClientCallback.get_pending_response, MESH/SR/PROX/BV-12-C
2021-09-25 18:50:59,751 ClientCallback.on_implicit_send INFO autoptsclient_common.py   169   on_implicit_send          : ********************
2021-09-25 18:50:59,751 ClientCallback.on_implicit_send INFO autoptsclient_common.py   170   on_implicit_send          : BEGIN OnImplicitSend:
2021-09-25 18:50:59,751 ClientCallback.on_implicit_send INFO autoptsclient_common.py   171   on_implicit_send          : project_name: MESH
2021-09-25 18:50:59,751 ClientCallback.on_implicit_send INFO autoptsclient_common.py   172   on_implicit_send          : wid: 356
2021-09-25 18:50:59,751 ClientCallback.on_implicit_send INFO autoptsclient_common.py   173   on_implicit_send          : test_case_name: MESH/SR/PROX/BV-12-C
2021-09-25 18:50:59,751 ClientCallback.on_implicit_send INFO autoptsclient_common.py   174   on_implicit_send          : description: Please generate a Secure Network Beacon with IV Update flag set to 1.
2021-09-25 18:50:59,751 ClientCallback.on_implicit_send INFO autoptsclient_common.py   175   on_implicit_send          : style: MMI_Style_Ok_Cancel2 0x11141
2021-09-25 18:50:59,751 ClientCallback.on_implicit_send INFO autoptsclient_common.py   181   on_implicit_send          : Calling test cases on_implicit_send
2021-09-25 18:50:59,751 root DEBUG testcase.py               675   on_implicit_send          : MESH MESH/SR/PROX/BV-12-C on_implicit_send
2021-09-25 18:50:59,751 root DEBUG testcase.py               619   join_post_wid_thread      : MESH MESH/SR/PROX/BV-12-C join_post_wid_thread
2021-09-25 18:50:59,751 root DEBUG testcase.py               621   join_post_wid_thread      : self.post_wid_thread None
2021-09-25 18:50:59,751 root DEBUG mesh.py                   50    mesh_wid_hdl              : mesh_wid_hdl, 356, 'Please generate a Secure Network Beacon with IV Update flag set to 1.', MESH/SR/PROX/BV-12-C
2021-09-25 18:50:59,751 root DEBUG testcase.py               713   on_implicit_send          : Sending response 'OK'
2021-09-25 18:50:59,751 ClientCallback.on_implicit_send INFO autoptsclient_common.py   186   on_implicit_send          : test case returned on_implicit_send, response: OK
2021-09-25 18:50:59,751 ClientCallback.on_implicit_send INFO autoptsclient_common.py   196   on_implicit_send          : END OnImplicitSend:
2021-09-25 18:50:59,751 ClientCallback.on_implicit_send INFO autoptsclient_common.py   197   on_implicit_send          : ********************
2021-09-25 18:50:59,876 root DEBUG autoptsclient_common.py   202   get_pending_response      : ClientCallback.get_pending_response, MESH/SR/PROX/BV-12-C-LT2
2021-09-25 18:51:01,329 root DEBUG iutctl_common.py          98    read                      : Received: hdr: Header(svc_id=1, op=131, ctrl_index=0, data_len=7) bytearray(b'\x01\x83\x00\x07\x00')
2021-09-25 18:51:01,329 root DEBUG iutctl_common.py          111   read                      : Received data: "('\x00ä\x1fòÜ\x1b\x00',)", bytearray(b'\x00\xe4\x1f\xf2\xdc\x1b\x00')
2021-09-25 18:51:01,329 root DEBUG btp.py                    423   event_handler             : event_handler Header(svc_id=1, op=131, ctrl_index=0, data_len=7) (b'\x00\xe4\x1f\xf2\xdc\x1b\x00',)
2021-09-25 18:51:01,329 root DEBUG gap.py                    142   gap_disconnected_ev_      : gap_disconnected_ev_ b'\x00\xe4\x1f\xf2\xdc\x1b\x00'
2021-09-25 18:51:03,985 ClientCallback.log INFO autoptsclient_common.py   133   log                       : PTS_LOGTYPE_START_TEST Start Test Case 

+141 ms
 MESH/SR/PROX/BV-12-C MESH/SR/PROX/BV-12-C

2021-09-25 18:51:03,985 root DEBUG testcase.py               464   log                       : New status MESH MESH/SR/PROX/BV-12-C - Started
2021-09-25 18:51:05,703 ClientCallback.log INFO autoptsclient_common.py   133   log                       : PTS_LOGTYPE_FINAL_VERDICT Final Verdict 

+25813 ms
 MESH/SR/PROX/BV-12-C PASS

2021-09-25 18:51:05,703 root DEBUG testcase.py               464   log                       : New status MESH MESH/SR/PROX/BV-12-C - PASS
2021-09-25 18:51:05,718 ClientCallback.log INFO autoptsclient_common.py   133   log                       : PTS_LOGTYPE_FINAL_VERDICT Encrypted Verdict 

+25813 ms
 MESH/SR/PROX/BV-12-C A1#ZWY4MzQ5MDg3MmQwNTIxOGQzMzQ5YjY2ODA5M2MzNjQ5ZDY4NmY0Yjc2MzIzM2VkNTUyNTFhNGU4Mjg1MjI0NA==#pHsPjCEs7YR/dM+hIdHJ4HyQxRz/N3r6V0qALv3+Ni3n3aOl3ywniUdlyuY+cF1l

2021-09-25 18:51:05,718 ClientCallback.log INFO autoptsclient_common.py   133   log                       : PTS_LOGTYPE_END_TEST Test Case Ended 

+25813 ms
 MESH/SR/PROX/BV-12-C MESH/SR/PROX/BV-12-C

2021-09-25 18:51:05,781 root DEBUG autoptsclient_common.py   796   run_test_case_thread_entry : After run_test_case error_code='' status='PASS'
2021-09-25 18:51:05,781 root DEBUG autoptsclient_common.py   278   error_code                : CallbackThread.error_code
2021-09-25 18:51:05,781 root DEBUG autoptsclient_common.py   292   cleanup                   : CallbackThread.cleanup
2021-09-25 18:51:06,736 ClientCallback.log INFO autoptsclient_common.py   133   log                       : PTS_LOGTYPE_START_TEST Start Test Case 

+141 ms
 MESH/SR/PROX/BV-12-C-LT2 MESH/SR/PROX/BV-12-C-LT2

2021-09-25 18:51:06,736 root DEBUG testcase.py               464   log                       : New status MESH MESH/SR/PROX/BV-12-C-LT2 - Started
2021-09-25 18:51:08,158 ClientCallback.log INFO autoptsclient_common.py   133   log                       : PTS_LOGTYPE_FINAL_VERDICT Final Verdict 

+29797 ms
 MESH/SR/PROX/BV-12-C-LT2 PASS

2021-09-25 18:51:08,158 root DEBUG testcase.py               464   log                       : New status MESH MESH/SR/PROX/BV-12-C-LT2 - PASS
2021-09-25 18:51:08,158 ClientCallback.log INFO autoptsclient_common.py   133   log                       : PTS_LOGTYPE_FINAL_VERDICT Encrypted Verdict 

+29797 ms
 MESH/SR/PROX/BV-12-C-LT2 A1#ZWY4MzQ5MDg3MmQwNTIxOGQzMzQ5YjY2ODA5M2MzNjQ5ZDY4NmY0Yjc2MzIzM2VkNTUyNTFhNGU4Mjg1MjI0NA==#pHsPjCEs7YR/dM+hIdHJ4J/C+Lt69bOrV0qALv3+Ni2AGOzL3tJwH5wOCzS3Ejl2f55rhIL676c=

2021-09-25 18:51:08,158 ClientCallback.log INFO autoptsclient_common.py   133   log                       : PTS_LOGTYPE_END_TEST Test Case Ended 

+29797 ms
 MESH/SR/PROX/BV-12-C-LT2 MESH/SR/PROX/BV-12-C-LT2

2021-09-25 18:51:08,205 root DEBUG autoptsclient_common.py   796   run_test_case_thread_entry : After run_test_case error_code='' status='PASS'
2021-09-25 18:51:08,205 root DEBUG autoptsclient_common.py   278   error_code                : CallbackThread.error_code
2021-09-25 18:51:08,205 root DEBUG autoptsclient_common.py   292   cleanup                   : CallbackThread.cleanup
2021-09-25 18:51:08,814 root DEBUG testcase.py               758   post_run                  : post_run MESH MESH/SR/PROX/BV-12-C 
2021-09-25 18:51:08,814 root DEBUG testcase.py               246   start                     : Starting test function: class=<class 'ptsprojects.testcase.TestFuncCleanUp'>, func=<bound method Stack.cleanup of <ptsprojects.stack.Stack object at 0x00000241B7561F10>> start_wid=None stop_wid=None post_wid=None skip_call=None call_count=1 args=() kwds={}
2021-09-25 18:51:08,814 root DEBUG testcase.py               258   start                     : Test function parameters: args=(), kwds={}
2021-09-25 18:51:08,814 root DEBUG autoptsclient_common.py   287   clear_pending_responses   : CallbackThread.clear_pending_responses
2021-09-25 18:51:08,814 root DEBUG autoptsclient_common.py   287   clear_pending_responses   : CallbackThread.clear_pending_responses
2021-09-25 18:51:08,814 root DEBUG testcase.py               246   start                     : Starting test function: class=<class 'ptsprojects.testcase.TestFuncCleanUp'>, func=<bound method ZephyrCtl.stop of <ptsprojects.zephyr.iutctl.ZephyrCtl object at 0x00000241B7561DF0>> start_wid=None stop_wid=None post_wid=None skip_call=None call_count=1 args=() kwds={}
2021-09-25 18:51:08,814 root DEBUG testcase.py               258   start                     : Test function parameters: args=(), kwds={}
2021-09-25 18:51:08,814 root DEBUG iutctl.py                 221   stop                      : <class 'ptsprojects.zephyr.iutctl.ZephyrCtl'>.stop
2021-09-25 18:51:09,220 root DEBUG testcase.py               758   post_run                  : post_run MESH MESH/SR/PROX/BV-12-C-LT2 
2021-09-25 18:51:12,235 root DEBUG testcase.py               783   post_run                  : post_run, cleanup running pre test case script
2021-09-25 18:51:12,235 root DEBUG testcase.py               793   post_run                  : post_run, run post test case script
2021-09-25 18:51:12,282 root DEBUG autoptsclient_common.py   826   run_test_case_thread_entry : Done TestCase wrapper MESH MESH/SR/PROX/BV-12-C-LT2
2021-09-25 18:51:12,469 root DEBUG testcase.py               783   post_run                  : post_run, cleanup running pre test case script
2021-09-25 18:51:12,469 root DEBUG testcase.py               793   post_run                  : post_run, run post test case script
2021-09-25 18:51:12,547 root DEBUG autoptsclient_common.py   826   run_test_case_thread_entry : Done TestCase wrapper MESH MESH/SR/PROX/BV-12-C
