2025-12-12 20:45:16,876 LT1-thread root DEBUG client.py                 82    logger_log                : Starting TestCase _run_test_case GATT GATT/CL/GAW/BI-11-C
2025-12-12 20:45:16,876 LT1-thread root DEBUG client.py                 82    logger_log                : pre_run GATT GATT/CL/GAW/BI-11-C
2025-12-12 20:45:16,876 LT1-thread root DEBUG client.py                 82    logger_log                : About to run test case GATT GATT/CL/GAW/BI-11-C with commands:
2025-12-12 20:45:16,877 LT1-thread root DEBUG client.py                 82    logger_log                : 0) class=<class 'autopts.ptsprojects.testcase.TestFunc'>, func=<bound method ZephyrCtl.remove_flash_bin of <autopts.ptsprojects.zephyr.iutctl.ZephyrCtl object at 0x7ab19c54bc20>> start_wid=None stop_wid=None post_wid=None skip_call=None call_count=0 args=() kwds={}
2025-12-12 20:45:16,877 LT1-thread root DEBUG client.py                 82    logger_log                : 1) class=<class 'autopts.ptsprojects.testcase.TestFunc'>, func=<bound method Stack.core_init of <autopts.ptsprojects.stack.stack.Stack object at 0x7ab19c777a40>> start_wid=None stop_wid=None post_wid=None skip_call=None call_count=0 args=() kwds={}
2025-12-12 20:45:16,877 LT1-thread root DEBUG client.py                 82    logger_log                : 2) class=<class 'autopts.ptsprojects.testcase.TestFunc'>, func=<bound method IutCtl.start of <autopts.ptsprojects.zephyr.iutctl.ZephyrCtl object at 0x7ab19c54bc20>> start_wid=None stop_wid=None post_wid=None skip_call=None call_count=0 args=(<autopts.ptsprojects.zephyr.ztestcase.ZTestCase object at 0x7ab19aa8ce00>,) kwds={}
2025-12-12 20:45:16,877 LT1-thread root DEBUG client.py                 82    logger_log                : 3) class=<class 'autopts.ptsprojects.testcase.TestFunc'>, func=<bound method IutCtl.wait_iut_ready_event of <autopts.ptsprojects.zephyr.iutctl.ZephyrCtl object at 0x7ab19c54bc20>> start_wid=None stop_wid=None post_wid=None skip_call=None call_count=0 args=(False,) kwds={}
2025-12-12 20:45:16,877 LT1-thread root DEBUG client.py                 82    logger_log                : 4) class=<class 'autopts.ptsprojects.testcase.TestFunc'>, func=<bound method Stack.gap_init of <autopts.ptsprojects.stack.stack.Stack object at 0x7ab19c777a40>> start_wid=None stop_wid=None post_wid=None skip_call=None call_count=54 args=(b'Tester_F6B11A',) kwds={}
2025-12-12 20:45:16,877 LT1-thread root DEBUG client.py                 82    logger_log                : 5) class=<class 'autopts.ptsprojects.testcase.TestFunc'>, func=<function core_reg_svc_gap at 0x7ab19efc3ec0> start_wid=None stop_wid=None post_wid=None skip_call=None call_count=54 args=() kwds={}
2025-12-12 20:45:16,877 LT1-thread root DEBUG client.py                 82    logger_log                : 6) class=<class 'autopts.ptsprojects.testcase.TestFunc'>, func=<function gap_read_ctrl_info at 0x7ab19eff67a0> start_wid=None stop_wid=None post_wid=None skip_call=None call_count=54 args=() kwds={}
2025-12-12 20:45:16,877 LT1-thread root DEBUG client.py                 82    logger_log                : 7) class=<class 'autopts.ptsprojects.testcase.TestFunc'>, func=<function test_cases_client.<locals>.<lambda> at 0x7ab19c451b20> start_wid=None stop_wid=None post_wid=None skip_call=None call_count=54 args=() kwds={}
2025-12-12 20:45:16,877 LT1-thread root DEBUG client.py                 82    logger_log                : 8) class=<class 'autopts.ptsprojects.testcase.TestFunc'>, func=<function core_reg_svc_gatt at 0x7ab19efd0040> start_wid=None stop_wid=None post_wid=None skip_call=None call_count=54 args=() kwds={}
2025-12-12 20:45:16,877 LT1-thread root DEBUG client.py                 82    logger_log                : 9) class=<class 'autopts.ptsprojects.testcase.TestFunc'>, func=<function set_pts_addr at 0x7ab19efc3a60> start_wid=None stop_wid=None post_wid=None skip_call=None call_count=54 args=('DF:A9:FF:F6:B1:1A', 0) kwds={}
2025-12-12 20:45:16,877 LT1-thread root DEBUG client.py                 82    logger_log                : 10) class=<class 'autopts.ptsprojects.testcase.TestFunc'>, func=<bound method Stack.gatt_init of <autopts.ptsprojects.stack.stack.Stack object at 0x7ab19c777a40>> start_wid=None stop_wid=None post_wid=None skip_call=None call_count=54 args=() kwds={}
2025-12-12 20:45:16,877 LT1-thread root DEBUG client.py                 82    logger_log                : 11) class=<class 'autopts.ptsprojects.testcase.TestFuncCleanUp'>, func=<bound method Stack.cleanup of <autopts.ptsprojects.stack.stack.Stack object at 0x7ab19c777a40>> start_wid=None stop_wid=None post_wid=None skip_call=None call_count=0 args=() kwds={}
2025-12-12 20:45:16,877 LT1-thread root DEBUG client.py                 82    logger_log                : 12) class=<class 'autopts.ptsprojects.testcase.TestFuncCleanUp'>, func=<bound method ZephyrCtl.stop of <autopts.ptsprojects.zephyr.iutctl.ZephyrCtl object at 0x7ab19c54bc20>> start_wid=None stop_wid=None post_wid=None skip_call=None call_count=0 args=() kwds={}
2025-12-12 20:45:16,877 LT1-thread root DEBUG client.py                 82    logger_log                : pre_run, run pre test case script
2025-12-12 20:45:16,878 LT1-thread root DEBUG client.py                 82    logger_log                : Starting test function: class=<class 'autopts.ptsprojects.testcase.TestFunc'>, func=<bound method ZephyrCtl.remove_flash_bin of <autopts.ptsprojects.zephyr.iutctl.ZephyrCtl object at 0x7ab19c54bc20>> start_wid=None stop_wid=None post_wid=None skip_call=None call_count=1 args=() kwds={}
2025-12-12 20:45:16,878 LT1-thread root DEBUG client.py                 82    logger_log                : Test function parameters: args=(), kwds={}
2025-12-12 20:45:16,878 LT1-thread root DEBUG client.py                 82    logger_log                : Starting test function: class=<class 'autopts.ptsprojects.testcase.TestFunc'>, func=<bound method Stack.core_init of <autopts.ptsprojects.stack.stack.Stack object at 0x7ab19c777a40>> start_wid=None stop_wid=None post_wid=None skip_call=None call_count=1 args=() kwds={}
2025-12-12 20:45:16,878 LT1-thread root DEBUG client.py                 82    logger_log                : Test function parameters: args=(), kwds={}
2025-12-12 20:45:16,878 LT1-thread root DEBUG client.py                 82    logger_log                : Starting test function: class=<class 'autopts.ptsprojects.testcase.TestFunc'>, func=<bound method IutCtl.start of <autopts.ptsprojects.zephyr.iutctl.ZephyrCtl object at 0x7ab19c54bc20>> start_wid=None stop_wid=None post_wid=None skip_call=None call_count=1 args=(<autopts.ptsprojects.zephyr.ztestcase.ZTestCase object at 0x7ab19aa8ce00>,) kwds={}
2025-12-12 20:45:16,878 LT1-thread root DEBUG client.py                 82    logger_log                : Test function parameters: args=(<autopts.ptsprojects.zephyr.ztestcase.ZTestCase object at 0x7ab19aa8ce00>,), kwds={}
2025-12-12 20:45:16,878 LT1-thread root DEBUG client.py                 82    logger_log                : <class 'autopts.ptsprojects.zephyr.iutctl.ZephyrCtl'>.start
2025-12-12 20:45:16,878 LT1-thread root DEBUG client.py                 82    logger_log                : <class 'autopts.rtt.BTMON'>.start
2025-12-12 20:45:16,882 LT1-thread root DEBUG client.py                 82    logger_log                : Starting native process: /home/codecoup/workspace/zephyrproject/zephyr/tests/bluetooth/tester/build/zephyr/zephyr.exe --bt-dev=hci1 --attach_uart_cmd="socat %s,rawer,b1000000, UNIX-CONNECT:/tmp/bt-stack-tester1057789983 &"
2025-12-12 20:45:16,883 LT1-thread root DEBUG client.py                 82    logger_log                : Starting native process: /home/codecoup/workspace/zephyrproject/zephyr/tests/bluetooth/tester/build/zephyr/zephyr.exe --bt-dev=hci1 --attach_uart_cmd="socat %s,rawer,b1000000, UNIX-CONNECT:/tmp/bt-stack-tester1057789983 &"
2025-12-12 20:45:16,883 LT1-thread root DEBUG client.py                 82    logger_log                : accept
2025-12-12 20:45:16,891 BTPWorkerThread-3672 (_rx_task) root DEBUG client.py                 82    logger_log                : BTPWorkerThread-3672 (_rx_task) started
2025-12-12 20:45:16,892 LT1-thread root DEBUG client.py                 82    logger_log                : Starting test function: class=<class 'autopts.ptsprojects.testcase.TestFunc'>, func=<bound method IutCtl.wait_iut_ready_event of <autopts.ptsprojects.zephyr.iutctl.ZephyrCtl object at 0x7ab19c54bc20>> start_wid=None stop_wid=None post_wid=None skip_call=None call_count=1 args=(False,) kwds={}
2025-12-12 20:45:16,892 LT1-thread root DEBUG client.py                 82    logger_log                : Test function parameters: args=(False,), kwds={}
2025-12-12 20:45:16,892 BTPWorkerThread-3672 (_rx_task) root DEBUG client.py                 82    logger_log                : Read 5 bytes
2025-12-12 20:45:16,893 BTPWorkerThread-3672 (_rx_task) root DEBUG client.py                 82    logger_log                : Received: hdr: Header(svc_id=0x00, op=0x80, ctrl_index=0xff, data_len=0x00) bytearray(b'\x00\x80\xff\x00\x00')
2025-12-12 20:45:16,893 BTPWorkerThread-3672 (_rx_task) root DEBUG client.py                 82    logger_log                : Received data: {''}, bytearray(b'')
2025-12-12 20:45:16,893 BTPWorkerThread-3672 (_rx_task) root DEBUG client.py                 82    logger_log                : event_handler Header(svc_id=0, op=128, ctrl_index=255, data_len=0) (b'',)
2025-12-12 20:45:16,893 BTPWorkerThread-3672 (_rx_task) root DEBUG client.py                 82    logger_log                : core_iut_ready_ev
2025-12-12 20:45:17,392 LT1-thread root DEBUG client.py                 82    logger_log                : IUT ready event received OK
2025-12-12 20:45:17,393 LT1-thread root DEBUG client.py                 82    logger_log                : Starting test function: class=<class 'autopts.ptsprojects.testcase.TestFunc'>, func=<bound method Stack.gap_init of <autopts.ptsprojects.stack.stack.Stack object at 0x7ab19c777a40>> start_wid=None stop_wid=None post_wid=None skip_call=None call_count=55 args=(b'Tester_F6B11A',) kwds={}
2025-12-12 20:45:17,393 LT1-thread root DEBUG client.py                 82    logger_log                : Test function parameters: args=(b'Tester_F6B11A',), kwds={}
2025-12-12 20:45:17,394 LT1-thread root DEBUG client.py                 82    logger_log                : Starting test function: class=<class 'autopts.ptsprojects.testcase.TestFunc'>, func=<function core_reg_svc_gap at 0x7ab19efc3ec0> start_wid=None stop_wid=None post_wid=None skip_call=None call_count=55 args=() kwds={}
2025-12-12 20:45:17,394 LT1-thread root DEBUG client.py                 82    logger_log                : Test function parameters: args=(), kwds={}
2025-12-12 20:45:17,394 LT1-thread root DEBUG client.py                 82    logger_log                : core_reg_svc_univ: gap_reg (GAP)
2025-12-12 20:45:17,394 LT1-thread root DEBUG client.py                 82    logger_log                : send, 0 3 255 '1'
2025-12-12 20:45:17,395 LT1-thread root DEBUG client.py                 82    logger_log                : sending frame '0003ff010001'
2025-12-12 20:45:17,395 LT1-thread root DEBUG client.py                 82    logger_log                : core_reg_svc_rsp_succ
2025-12-12 20:45:17,395 LT1-thread root DEBUG client.py                 82    logger_log                : read
2025-12-12 20:45:17,768 BTPWorkerThread-3672 (_rx_task) root DEBUG client.py                 82    logger_log                : Read 5 bytes
2025-12-12 20:45:17,768 BTPWorkerThread-3672 (_rx_task) root DEBUG client.py                 82    logger_log                : Received: hdr: Header(svc_id=0x00, op=0x03, ctrl_index=0xff, data_len=0x00) bytearray(b'\x00\x03\xff\x00\x00')
2025-12-12 20:45:17,769 BTPWorkerThread-3672 (_rx_task) root DEBUG client.py                 82    logger_log                : Received data: {''}, bytearray(b'')
2025-12-12 20:45:17,769 LT1-thread root DEBUG client.py                 82    logger_log                : received Header(svc_id=0, op=3, ctrl_index=255, data_len=0) (b'',)
2025-12-12 20:45:17,769 LT1-thread root DEBUG client.py                 82    logger_log                : expected ((0, 3, 255, 0), (b'',))
2025-12-12 20:45:17,769 LT1-thread root DEBUG client.py                 82    logger_log                : response is valid
2025-12-12 20:45:17,769 LT1-thread root DEBUG client.py                 82    logger_log                : Reading supported commands for service: GAP
2025-12-12 20:45:17,769 LT1-thread root DEBUG client.py                 82    logger_log                : send, 1 1 255 ''
2025-12-12 20:45:17,769 LT1-thread root DEBUG client.py                 82    logger_log                : sending frame '0101ff0000'
2025-12-12 20:45:17,769 LT1-thread root DEBUG client.py                 82    logger_log                : read
2025-12-12 20:45:17,780 BTPWorkerThread-3672 (_rx_task) root DEBUG client.py                 82    logger_log                : Read 5 bytes
2025-12-12 20:45:17,790 BTPWorkerThread-3672 (_rx_task) root DEBUG client.py                 82    logger_log                : Received: hdr: Header(svc_id=0x01, op=0x01, ctrl_index=0xff, data_len=0x06) bytearray(b'\x01\x01\xff\x06\x00')
2025-12-12 20:45:17,806 BTPWorkerThread-3672 (_rx_task) root DEBUG client.py                 82    logger_log                : Read 6 bytes data
2025-12-12 20:45:17,816 BTPWorkerThread-3672 (_rx_task) root DEBUG client.py                 82    logger_log                : Received data: {'6e ff 7f 1f fe f7'}, bytearray(b'n\xff\x7f\x1f\xfe\xf7')
2025-12-12 20:45:17,826 LT1-thread root DEBUG client.py                 82    logger_log                : Starting test function: class=<class 'autopts.ptsprojects.testcase.TestFunc'>, func=<function gap_read_ctrl_info at 0x7ab19eff67a0> start_wid=None stop_wid=None post_wid=None skip_call=None call_count=55 args=() kwds={}
2025-12-12 20:45:17,826 LT1-thread root DEBUG client.py                 82    logger_log                : Test function parameters: args=(), kwds={}
2025-12-12 20:45:17,827 LT1-thread root DEBUG client.py                 82    logger_log                : gap_read_ctrl_info
2025-12-12 20:45:17,827 LT1-thread root DEBUG client.py                 82    logger_log                : send, 1 3 0 ''
2025-12-12 20:45:17,827 LT1-thread root DEBUG client.py                 82    logger_log                : sending frame '0103000000'
2025-12-12 20:45:17,827 LT1-thread root DEBUG client.py                 82    logger_log                : read
2025-12-12 20:45:17,838 BTPWorkerThread-3672 (_rx_task) root DEBUG client.py                 82    logger_log                : Read 5 bytes
2025-12-12 20:45:17,848 BTPWorkerThread-3672 (_rx_task) root DEBUG client.py                 82    logger_log                : Received: hdr: Header(svc_id=0x01, op=0x03, ctrl_index=0x00, data_len=0x115) bytearray(b'\x01\x03\x00\x15\x01')
2025-12-12 20:45:17,864 BTPWorkerThread-3672 (_rx_task) root DEBUG client.py                 82    logger_log                : Read 277 bytes data
2025-12-12 20:45:17,874 BTPWorkerThread-3672 (_rx_task) root DEBUG client.py                 82    logger_log                : Received data: {'3b db 31 cc b6 d5 13 06 02 00 13 82 00 00 00 00 00 62 74 70 5f 74 65 73 74 65 72 00 00 00 00 00 00 00 00 00 00 00 00 00 00 00 00 00 00 00 00 00 00 00 00 00 00 00 00 00 00 00 00 00 00 00 00 00 00 00 00 00 00 00 00 00 00 00 00 00 00 00 00 00 00 00 00 00 00 00 00 00 00 00 00 00 00 00 00 00 00 00 00 00 00 00 00 00 00 00 00 00 00 00 00 00 00 00 00 00 00 00 00 00 00 00 00 00 00 00 00 00 00 00 00 00 00 00 00 00 00 00 00 00 00 00 00 00 00 00 00 00 00 00 00 00 00 00 00 00 00 00 00 00 00 00 00 00 00 00 00 00 00 00 00 00 00 00 00 00 00 00 00 00 00 00 00 00 00 00 00 00 00 00 00 00 00 00 00 00 00 00 00 00 00 00 00 00 00 00 00 00 00 00 00 00 00 00 00 00 00 00 00 00 00 00 00 00 00 00 00 00 00 00 00 00 00 00 00 00 00 00 00 00 00 00 00 00 00 00 00 00 00 00 00 00 00 00 00 00 00 00 00 00 00 00 00 00 00 00 00 00 00 00 00 00 00 00 00 00 00'}, bytearray(b';\xdb1\xcc\xb6\xd5\x13\x06\x02\x00\x13\x82\x00\x00\x00\x00\x00btp_tester\x00\x00\x00\x00\x00\x00\x00\x00\x00\x00\x00\x00\x00\x00\x00\x00\x00\x00\x00\x00\x00\x00\x00\x00\x00\x00\x00\x00\x00\x00\x00\x00\x00\x00\x00\x00\x00\x00\x00\x00\x00\x00\x00\x00\x00\x00\x00\x00\x00\x00\x00\x00\x00\x00\x00\x00\x00\x00\x00\x00\x00\x00\x00\x00\x00\x00\x00\x00\x00\x00\x00\x00\x00\x00\x00\x00\x00\x00\x00\x00\x00\x00\x00\x00\x00\x00\x00\x00\x00\x00\x00\x00\x00\x00\x00\x00\x00\x00\x00\x00\x00\x00\x00\x00\x00\x00\x00\x00\x00\x00\x00\x00\x00\x00\x00\x00\x00\x00\x00\x00\x00\x00\x00\x00\x00\x00\x00\x00\x00\x00\x00\x00\x00\x00\x00\x00\x00\x00\x00\x00\x00\x00\x00\x00\x00\x00\x00\x00\x00\x00\x00\x00\x00\x00\x00\x00\x00\x00\x00\x00\x00\x00\x00\x00\x00\x00\x00\x00\x00\x00\x00\x00\x00\x00\x00\x00\x00\x00\x00\x00\x00\x00\x00\x00\x00\x00\x00\x00\x00\x00\x00\x00\x00\x00\x00\x00\x00\x00\x00\x00\x00\x00\x00\x00\x00\x00\x00\x00\x00\x00\x00\x00\x00\x00\x00\x00\x00\x00\x00\x00\x00\x00\x00\x00\x00\x00\x00\x00\x00\x00\x00\x00\x00\x00\x00\x00\x00\x00\x00\x00\x00\x00\x00\x00\x00\x00\x00\x00\x00\x00')
2025-12-12 20:45:17,890 LT1-thread root DEBUG client.py                 82    logger_log                : received Header(svc_id=1, op=3, ctrl_index=0, data_len=277) (b';\xdb1\xcc\xb6\xd5\x13\x06\x02\x00\x13\x82\x00\x00\x00\x00\x00btp_tester\x00\x00\x00\x00\x00\x00\x00\x00\x00\x00\x00\x00\x00\x00\x00\x00\x00\x00\x00\x00\x00\x00\x00\x00\x00\x00\x00\x00\x00\x00\x00\x00\x00\x00\x00\x00\x00\x00\x00\x00\x00\x00\x00\x00\x00\x00\x00\x00\x00\x00\x00\x00\x00\x00\x00\x00\x00\x00\x00\x00\x00\x00\x00\x00\x00\x00\x00\x00\x00\x00\x00\x00\x00\x00\x00\x00\x00\x00\x00\x00\x00\x00\x00\x00\x00\x00\x00\x00\x00\x00\x00\x00\x00\x00\x00\x00\x00\x00\x00\x00\x00\x00\x00\x00\x00\x00\x00\x00\x00\x00\x00\x00\x00\x00\x00\x00\x00\x00\x00\x00\x00\x00\x00\x00\x00\x00\x00\x00\x00\x00\x00\x00\x00\x00\x00\x00\x00\x00\x00\x00\x00\x00\x00\x00\x00\x00\x00\x00\x00\x00\x00\x00\x00\x00\x00\x00\x00\x00\x00\x00\x00\x00\x00\x00\x00\x00\x00\x00\x00\x00\x00\x00\x00\x00\x00\x00\x00\x00\x00\x00\x00\x00\x00\x00\x00\x00\x00\x00\x00\x00\x00\x00\x00\x00\x00\x00\x00\x00\x00\x00\x00\x00\x00\x00\x00\x00\x00\x00\x00\x00\x00\x00\x00\x00\x00\x00\x00\x00\x00\x00\x00\x00\x00\x00\x00\x00\x00\x00\x00\x00\x00\x00\x00\x00\x00\x00\x00\x00\x00\x00\x00\x00\x00\x00\x00\x00\x00\x00\x00\x00',)
2025-12-12 20:45:17,890 LT1-thread root DEBUG client.py                 82    logger_log                : IUT address 'd5b6cc31db3b' 'random'
2025-12-12 20:45:17,890 LT1-thread root DEBUG client.py                 82    logger_log                : __gap_current_settings_update 33299
2025-12-12 20:45:17,890 LT1-thread root DEBUG client.py                 82    logger_log                : Starting test function: class=<class 'autopts.ptsprojects.testcase.TestFunc'>, func=<function test_cases_client.<locals>.<lambda> at 0x7ab19c451b20> start_wid=None stop_wid=None post_wid=None skip_call=None call_count=55 args=() kwds={}
2025-12-12 20:45:17,890 LT1-thread root DEBUG client.py                 82    logger_log                : Test function parameters: args=(), kwds={}
2025-12-12 20:45:17,893 LT1-thread root DEBUG client.py                 82    logger_log                : Starting test function: class=<class 'autopts.ptsprojects.testcase.TestFunc'>, func=<function core_reg_svc_gatt at 0x7ab19efd0040> start_wid=None stop_wid=None post_wid=None skip_call=None call_count=55 args=() kwds={}
2025-12-12 20:45:17,893 LT1-thread root DEBUG client.py                 82    logger_log                : Test function parameters: args=(), kwds={}
2025-12-12 20:45:17,893 LT1-thread root DEBUG client.py                 82    logger_log                : core_reg_svc_univ: gatt_reg (GATT)
2025-12-12 20:45:17,893 LT1-thread root DEBUG client.py                 82    logger_log                : send, 0 3 255 '2'
2025-12-12 20:45:17,893 LT1-thread root DEBUG client.py                 82    logger_log                : sending frame '0003ff010002'
2025-12-12 20:45:17,893 LT1-thread root DEBUG client.py                 82    logger_log                : core_reg_svc_rsp_succ
2025-12-12 20:45:17,893 LT1-thread root DEBUG client.py                 82    logger_log                : read
2025-12-12 20:45:17,908 BTPWorkerThread-3672 (_rx_task) root DEBUG client.py                 82    logger_log                : Read 5 bytes
2025-12-12 20:45:17,908 BTPWorkerThread-3672 (_rx_task) root DEBUG client.py                 82    logger_log                : Received: hdr: Header(svc_id=0x00, op=0x03, ctrl_index=0xff, data_len=0x00) bytearray(b'\x00\x03\xff\x00\x00')
2025-12-12 20:45:17,908 BTPWorkerThread-3672 (_rx_task) root DEBUG client.py                 82    logger_log                : Received data: {''}, bytearray(b'')
2025-12-12 20:45:17,908 LT1-thread root DEBUG client.py                 82    logger_log                : received Header(svc_id=0, op=3, ctrl_index=255, data_len=0) (b'',)
2025-12-12 20:45:17,908 LT1-thread root DEBUG client.py                 82    logger_log                : expected ((0, 3, 255, 0), (b'',))
2025-12-12 20:45:17,908 LT1-thread root DEBUG client.py                 82    logger_log                : response is valid
2025-12-12 20:45:17,909 LT1-thread root DEBUG client.py                 82    logger_log                : Reading supported commands for service: GATT
2025-12-12 20:45:17,909 LT1-thread root DEBUG client.py                 82    logger_log                : send, 2 1 255 ''
2025-12-12 20:45:17,909 LT1-thread root DEBUG client.py                 82    logger_log                : sending frame '0201ff0000'
2025-12-12 20:45:17,909 LT1-thread root DEBUG client.py                 82    logger_log                : read
2025-12-12 20:45:17,928 BTPWorkerThread-3672 (_rx_task) root DEBUG client.py                 82    logger_log                : Read 5 bytes
2025-12-12 20:45:17,928 BTPWorkerThread-3672 (_rx_task) root DEBUG client.py                 82    logger_log                : Received: hdr: Header(svc_id=0x02, op=0x01, ctrl_index=0xff, data_len=0x05) bytearray(b'\x02\x01\xff\x05\x00')
2025-12-12 20:45:17,933 BTPWorkerThread-3672 (_rx_task) root DEBUG client.py                 82    logger_log                : Read 5 bytes data
2025-12-12 20:45:17,944 BTPWorkerThread-3672 (_rx_task) root DEBUG client.py                 82    logger_log                : Received data: {'fe fe bf fd 0f'}, bytearray(b'\xfe\xfe\xbf\xfd\x0f')
2025-12-12 20:45:17,954 LT1-thread root DEBUG client.py                 82    logger_log                : Starting test function: class=<class 'autopts.ptsprojects.testcase.TestFunc'>, func=<function set_pts_addr at 0x7ab19efc3a60> start_wid=None stop_wid=None post_wid=None skip_call=None call_count=55 args=('DF:A9:FF:F6:B1:1A', 0) kwds={}
2025-12-12 20:45:17,954 LT1-thread root DEBUG client.py                 82    logger_log                : Test function parameters: args=('DF:A9:FF:F6:B1:1A', 0), kwds={}
2025-12-12 20:45:17,954 LT1-thread root DEBUG client.py                 82    logger_log                : Starting test function: class=<class 'autopts.ptsprojects.testcase.TestFunc'>, func=<bound method Stack.gatt_init of <autopts.ptsprojects.stack.stack.Stack object at 0x7ab19c777a40>> start_wid=None stop_wid=None post_wid=None skip_call=None call_count=55 args=() kwds={}
2025-12-12 20:45:17,954 LT1-thread root DEBUG client.py                 82    logger_log                : Test function parameters: args=(), kwds={}
2025-12-12 20:45:17,967 LT1-thread root DEBUG client.py                 82    logger_log                : ClientCallback.get_result run_test_case
2025-12-12 20:45:21,303 LT1-callback ClientCallback.on_implicit_send INFO client.py                 82    logger_log                : 
    ********************
    BEGIN OnImplicitSend:
    project_name: GATT
    wid: 1
    test_case_name: GATT/CL/GAW/BI-11-C
    description: Please prepare IUT into a connectable mode.

Description: Verify that the Implementation Under Test (IUT) can accept GATT connect request from PTS.
    style: MMI_Style_Ok_Cancel2 0x11141
2025-12-12 20:45:21,303 LT1-callback ClientCallback.on_implicit_send INFO client.py                 82    logger_log                : Calling test cases on_implicit_send
2025-12-12 20:45:21,303 LT1-callback ClientCallback.on_implicit_send INFO client.py                 82    logger_log                : 
    on_implicit_send returned response: WAIT
    END OnImplicitSend
    ********************
2025-12-12 20:45:21,968 LT1-thread root DEBUG client.py                 82    logger_log                : GATT GATT/CL/GAW/BI-11-C on_implicit_send
2025-12-12 20:45:21,968 LT1-thread root DEBUG client.py                 82    logger_log                : gatt_wid_hdl, 1, Please prepare IUT into a connectable mode.

Description: Verify that the Implementation Under Test (IUT) can accept GATT connect request from PTS., GATT/CL/GAW/BI-11-C
2025-12-12 20:45:21,968 LT1-thread root DEBUG client.py                 82    logger_log                : gap_set_conn
2025-12-12 20:45:21,968 LT1-thread root DEBUG client.py                 82    logger_log                : gap_set_gendiscov
2025-12-12 20:45:21,968 LT1-thread root DEBUG client.py                 82    logger_log                : send, 1 8 0 '1'
2025-12-12 20:45:21,968 LT1-thread root DEBUG client.py                 82    logger_log                : sending frame '010800010001'
2025-12-12 20:45:21,968 LT1-thread root DEBUG client.py                 82    logger_log                : gap_command_rsp_succ
2025-12-12 20:45:21,968 LT1-thread root DEBUG client.py                 82    logger_log                : read
2025-12-12 20:45:21,988 BTPWorkerThread-3672 (_rx_task) root DEBUG client.py                 82    logger_log                : Read 5 bytes
2025-12-12 20:45:21,988 BTPWorkerThread-3672 (_rx_task) root DEBUG client.py                 82    logger_log                : Received: hdr: Header(svc_id=0x01, op=0x08, ctrl_index=0x00, data_len=0x04) bytearray(b'\x01\x08\x00\x04\x00')
2025-12-12 20:45:21,988 BTPWorkerThread-3672 (_rx_task) root DEBUG client.py                 82    logger_log                : Read 4 bytes data
2025-12-12 20:45:21,988 BTPWorkerThread-3672 (_rx_task) root DEBUG client.py                 82    logger_log                : Received data: {'1b 82 00 00'}, bytearray(b'\x1b\x82\x00\x00')
2025-12-12 20:45:21,989 LT1-thread root DEBUG client.py                 82    logger_log                : received Header(svc_id=1, op=8, ctrl_index=0, data_len=4) (b'\x1b\x82\x00\x00',)
2025-12-12 20:45:21,989 LT1-thread root DEBUG client.py                 82    logger_log                : __gap_current_settings_update (b'\x1b\x82\x00\x00',)
2025-12-12 20:45:21,989 LT1-thread root DEBUG client.py                 82    logger_log                : gap_adv_ind_on {9: b'Tester_F6B11A'} None
2025-12-12 20:45:21,989 LT1-thread root DEBUG client.py                 82    logger_log                : send, 1 10 0 "bytearray(b'\\x0f\\x00\\t\\rTester_F6B11A\\xff\\xff\\xff\\xff\\x00')"
2025-12-12 20:45:21,989 LT1-thread root DEBUG client.py                 82    logger_log                : sending frame '010a0016000f00090d5465737465725f463642313141ffffffff00'
2025-12-12 20:45:21,989 LT1-thread root DEBUG client.py                 82    logger_log                : gap_command_rsp_succ
2025-12-12 20:45:21,989 LT1-thread root DEBUG client.py                 82    logger_log                : read
2025-12-12 20:45:22,108 BTPWorkerThread-3672 (_rx_task) root DEBUG client.py                 82    logger_log                : Read 5 bytes
2025-12-12 20:45:22,119 BTPWorkerThread-3672 (_rx_task) root DEBUG client.py                 82    logger_log                : Received: hdr: Header(svc_id=0x01, op=0x0a, ctrl_index=0x00, data_len=0x04) bytearray(b'\x01\n\x00\x04\x00')
2025-12-12 20:45:22,134 BTPWorkerThread-3672 (_rx_task) root DEBUG client.py                 82    logger_log                : Read 4 bytes data
2025-12-12 20:45:22,144 BTPWorkerThread-3672 (_rx_task) root DEBUG client.py                 82    logger_log                : Received data: {'1b 86 00 00'}, bytearray(b'\x1b\x86\x00\x00')
2025-12-12 20:45:22,154 LT1-thread root DEBUG client.py                 82    logger_log                : received Header(svc_id=1, op=10, ctrl_index=0, data_len=4) (b'\x1b\x86\x00\x00',)
2025-12-12 20:45:22,155 LT1-thread root DEBUG client.py                 82    logger_log                : __gap_current_settings_update (b'\x1b\x86\x00\x00',)
2025-12-12 20:45:22,528 BTPWorkerThread-3672 (_rx_task) root DEBUG client.py                 82    logger_log                : Read 5 bytes
2025-12-12 20:45:22,539 BTPWorkerThread-3672 (_rx_task) root DEBUG client.py                 82    logger_log                : Received: hdr: Header(svc_id=0x01, op=0x82, ctrl_index=0x00, data_len=0x0d) bytearray(b'\x01\x82\x00\r\x00')
2025-12-12 20:45:22,554 BTPWorkerThread-3672 (_rx_task) root DEBUG client.py                 82    logger_log                : Read 13 bytes data
2025-12-12 20:45:22,564 BTPWorkerThread-3672 (_rx_task) root DEBUG client.py                 82    logger_log                : Received data: {'00 1a b1 f6 ff a9 df 46 00 00 00 d0 07'}, bytearray(b'\x00\x1a\xb1\xf6\xff\xa9\xdfF\x00\x00\x00\xd0\x07')
2025-12-12 20:45:22,575 BTPWorkerThread-3672 (_rx_task) root DEBUG client.py                 82    logger_log                : event_handler Header(svc_id=1, op=130, ctrl_index=0, data_len=13) (b'\x00\x1a\xb1\xf6\xff\xa9\xdfF\x00\x00\x00\xd0\x07',)
2025-12-12 20:45:22,585 BTPWorkerThread-3672 (_rx_task) root DEBUG client.py                 82    logger_log                : gap_connected_ev_ b'\x00\x1a\xb1\xf6\xff\xa9\xdfF\x00\x00\x00\xd0\x07'
2025-12-12 20:45:22,595 LT1-thread root DEBUG client.py                 82    logger_log                : Sending response 'OK' to wid 1 test case GATT/CL/GAW/BI-11-C
2025-12-12 20:45:22,595 BTPWorkerThread-3672 (_rx_task) root DEBUG client.py                 82    logger_log                : Read 5 bytes
2025-12-12 20:45:22,596 BTPWorkerThread-3672 (_rx_task) root DEBUG client.py                 82    logger_log                : Received: hdr: Header(svc_id=0x01, op=0x80, ctrl_index=0x00, data_len=0x04) bytearray(b'\x01\x80\x00\x04\x00')
2025-12-12 20:45:22,596 BTPWorkerThread-3672 (_rx_task) root DEBUG client.py                 82    logger_log                : Read 4 bytes data
2025-12-12 20:45:22,596 BTPWorkerThread-3672 (_rx_task) root DEBUG client.py                 82    logger_log                : Received data: {'1b 82 00 00'}, bytearray(b'\x1b\x82\x00\x00')
2025-12-12 20:45:22,596 BTPWorkerThread-3672 (_rx_task) root DEBUG client.py                 82    logger_log                : event_handler Header(svc_id=1, op=128, ctrl_index=0, data_len=4) (b'\x1b\x82\x00\x00',)
2025-12-12 20:45:22,596 BTPWorkerThread-3672 (_rx_task) root DEBUG client.py                 82    logger_log                : gap_new_settings_ev_ b'\x1b\x82\x00\x00'
2025-12-12 20:45:22,596 BTPWorkerThread-3672 (_rx_task) root DEBUG client.py                 82    logger_log                : __gap_current_settings_update 33307
2025-12-12 20:45:22,597 LT1-thread root DEBUG client.py                 82    logger_log                : ClientCallback.get_result run_test_case
2025-12-12 20:45:22,599 LT1-callback ClientCallback.log INFO client.py                 82    logger_log                : PTS_LOGTYPE_IMPLICIT_SEND PTS ControlServer  GATT/CL/GAW/BI-11-C Server: SUCCESS with response=OK
2025-12-12 20:45:25,696 LT1-callback ClientCallback.on_implicit_send INFO client.py                 82    logger_log                : 
    ********************
    BEGIN OnImplicitSend:
    project_name: GATT
    wid: 76
    test_case_name: GATT/CL/GAW/BI-11-C
    description: Please send prepare write request with handle = '019E'O <= '50' byte of any octet value to the PTS.

Description: Verify that the Implementation Under Test (IUT) can send prepare write request.
    style: MMI_Style_Ok_Cancel2 0x11141
2025-12-12 20:45:25,696 LT1-callback ClientCallback.on_implicit_send INFO client.py                 82    logger_log                : Calling test cases on_implicit_send
2025-12-12 20:45:25,696 LT1-callback ClientCallback.on_implicit_send INFO client.py                 82    logger_log                : 
    on_implicit_send returned response: WAIT
    END OnImplicitSend
    ********************
2025-12-12 20:45:26,598 LT1-thread root DEBUG client.py                 82    logger_log                : GATT GATT/CL/GAW/BI-11-C on_implicit_send
2025-12-12 20:45:26,598 LT1-thread root DEBUG client.py                 82    logger_log                : gatt_wid_hdl, 76, Please send prepare write request with handle = '019E'O <= '50' byte of any octet value to the PTS.

Description: Verify that the Implementation Under Test (IUT) can send prepare write request., GATT/CL/GAW/BI-11-C
2025-12-12 20:45:26,599 LT1-thread root DEBUG client.py                 82    logger_log                : gattc_write_long 0 '019E' 0 '12' 50
2025-12-12 20:45:26,599 LT1-thread root DEBUG client.py                 82    logger_log                : send, 2 24 0 "bytearray(b'\\x00\\x1a\\xb1\\xf6\\xff\\xa9\\xdf\\x9e\\x01\\x00\\x002\\x00\\x12\\x12\\x12\\x12\\x12\\x12\\x12\\x12\\x12\\x12\\x12\\x12\\x12\\x12\\x12\\x12\\x12\\x12\\x12\\x12\\x12\\x12\\x12\\x12\\x12\\x12\\x12\\x12\\x12\\x12\\x12\\x12\\x12\\x12\\x12\\x12\\x12\\x12\\x12\\x12\\x12\\x12\\x12\\x12\\x12\\x12\\x12\\x12\\x12\\x12')"
2025-12-12 20:45:26,599 LT1-thread root DEBUG client.py                 82    logger_log                : sending frame '0218003f00001ab1f6ffa9df9e01000032001212121212121212121212121212121212121212121212121212121212121212121212121212121212121212121212121212'
2025-12-12 20:45:26,600 LT1-thread root DEBUG client.py                 82    logger_log                : read
2025-12-12 20:45:26,721 BTPWorkerThread-3672 (_rx_task) root DEBUG client.py                 82    logger_log                : Read 5 bytes
2025-12-12 20:45:26,731 BTPWorkerThread-3672 (_rx_task) root DEBUG client.py                 82    logger_log                : Received: hdr: Header(svc_id=0x02, op=0x18, ctrl_index=0x00, data_len=0x01) bytearray(b'\x02\x18\x00\x01\x00')
2025-12-12 20:45:26,747 BTPWorkerThread-3672 (_rx_task) root DEBUG client.py                 82    logger_log                : Read 1 bytes data
2025-12-12 20:45:26,757 BTPWorkerThread-3672 (_rx_task) root DEBUG client.py                 82    logger_log                : Received data: {'08'}, bytearray(b'\x08')
2025-12-12 20:45:26,762 LT1-thread root DEBUG client.py                 82    logger_log                : gattc_write_long_rsp received Header(svc_id=2, op=24, ctrl_index=0, data_len=1) (b'\x08',)
2025-12-12 20:45:26,762 LT1-thread root DEBUG client.py                 82    logger_log                : gattc_write_long_rsp 8
2025-12-12 20:45:26,762 LT1-thread root DEBUG client.py                 82    logger_log                : Sending response 'OK' to wid 76 test case GATT/CL/GAW/BI-11-C
2025-12-12 20:45:26,764 LT1-thread root DEBUG client.py                 82    logger_log                : ClientCallback.get_result run_test_case
2025-12-12 20:45:26,766 LT1-callback ClientCallback.on_implicit_send INFO client.py                 82    logger_log                : 
    ********************
    BEGIN OnImplicitSend:
    project_name: GATT
    wid: 63
    test_case_name: GATT/CL/GAW/BI-11-C
    description: Please confirm IUT received write authorization error. Click Yes if IUT received it, otherwise click No.

Description: Verify that the Implementation Under Test (IUT) indicate authorization error when write a characteristic.
    style: MMI_Style_Yes_No1 0x11044
2025-12-12 20:45:26,766 LT1-callback ClientCallback.on_implicit_send INFO client.py                 82    logger_log                : Calling test cases on_implicit_send
2025-12-12 20:45:26,766 LT1-callback ClientCallback.on_implicit_send INFO client.py                 82    logger_log                : 
    on_implicit_send returned response: WAIT
    END OnImplicitSend
    ********************
2025-12-12 20:45:27,764 LT1-thread root DEBUG client.py                 82    logger_log                : GATT GATT/CL/GAW/BI-11-C on_implicit_send
2025-12-12 20:45:27,764 LT1-thread root DEBUG client.py                 82    logger_log                : gatt_wid_hdl, 63, Please confirm IUT received write authorization error. Click Yes if IUT received it, otherwise click No.

Description: Verify that the Implementation Under Test (IUT) indicate authorization error when write a characteristic., GATT/CL/GAW/BI-11-C
2025-12-12 20:45:27,764 LT1-thread root DEBUG client.py                 82    logger_log                : description='Please confirm IUT received write authorization error. Click Yes if IUT received it, otherwise click No.\n\nDescription: Verify that the Implementation Under Test (IUT) indicate authorization error when write a characteristic.'
2025-12-12 20:45:27,764 LT1-thread root DEBUG client.py                 82    logger_log                : Verifying values: ['authorization error']
2025-12-12 20:45:27,764 LT1-thread root DEBUG client.py                 82    logger_log                : Description values: ['authorization error']
2025-12-12 20:45:27,764 LT1-thread root DEBUG client.py                 82    logger_log                : Verifying: 'authorization error'
2025-12-12 20:45:27,764 LT1-thread root DEBUG client.py                 82    logger_log                : All verifications passed
2025-12-12 20:45:27,764 LT1-thread root DEBUG client.py                 82    logger_log                : Sending response 'Yes' to wid 63 test case GATT/CL/GAW/BI-11-C
2025-12-12 20:45:27,766 LT1-thread root DEBUG client.py                 82    logger_log                : ClientCallback.get_result run_test_case
2025-12-12 20:45:27,768 LT1-callback ClientCallback.log INFO client.py                 82    logger_log                : PTS_LOGTYPE_IMPLICIT_SEND PTS ControlServer  GATT/CL/GAW/BI-11-C Server: SUCCESS with response=Yes
2025-12-12 20:45:27,770 LT1-callback ClientCallback.log INFO client.py                 82    logger_log                : PTS_LOGTYPE_IMPLICIT_SEND PTS ControlServer  GATT/CL/GAW/BI-11-C Server: SUCCESS with response=OK
2025-12-12 20:45:29,259 BTPWorkerThread-3672 (_rx_task) root DEBUG client.py                 82    logger_log                : Read 5 bytes
2025-12-12 20:45:29,260 BTPWorkerThread-3672 (_rx_task) root DEBUG client.py                 82    logger_log                : Received: hdr: Header(svc_id=0x01, op=0x83, ctrl_index=0x00, data_len=0x07) bytearray(b'\x01\x83\x00\x07\x00')
2025-12-12 20:45:29,260 BTPWorkerThread-3672 (_rx_task) root DEBUG client.py                 82    logger_log                : Read 7 bytes data
2025-12-12 20:45:29,261 BTPWorkerThread-3672 (_rx_task) root DEBUG client.py                 82    logger_log                : Received data: {'00 1a b1 f6 ff a9 df'}, bytearray(b'\x00\x1a\xb1\xf6\xff\xa9\xdf')
2025-12-12 20:45:29,261 BTPWorkerThread-3672 (_rx_task) root DEBUG client.py                 82    logger_log                : event_handler Header(svc_id=1, op=131, ctrl_index=0, data_len=7) (b'\x00\x1a\xb1\xf6\xff\xa9\xdf',)
2025-12-12 20:45:29,261 BTPWorkerThread-3672 (_rx_task) root DEBUG client.py                 82    logger_log                : gap_disconnected_ev_ b'\x00\x1a\xb1\xf6\xff\xa9\xdf'
2025-12-12 20:45:32,836 LT1-callback ClientCallback.log INFO client.py                 82    logger_log                : PTS_LOGTYPE_RECEIVE_EVENT Receive Event 

+0 ms
 GATT/CL/GAW/BI-11-C HCI?HCI_RESET_COMPLETE_EVENT{
                           status=HCI_OK
                         }
2025-12-12 20:45:32,840 LT1-callback ClientCallback.log INFO client.py                 82    logger_log                : PTS_LOGTYPE_MESSAGE Message 

+1609 ms
 GATT/CL/GAW/BI-11-C MindTree Stack Version - 026.000.000

2025-12-12 20:45:32,855 LT1-callback ClientCallback.log INFO client.py                 82    logger_log                : PTS_LOGTYPE_MESSAGE Verdict Description 

+1609 ms
 GATT/CL/GAW/BI-11-C Running test case with ATT bearer setup over LE.

2025-12-12 20:45:32,867 LT1-callback ClientCallback.log INFO client.py                 82    logger_log                : PTS_LOGTYPE_PRELIMINARY_VERDICT Initialize Test Case 

+1609 ms
 GATT/CL/GAW/BI-11-C Build date: Oct 27 2025, 12:06:26

2025-12-12 20:45:32,877 LT1-callback ClientCallback.log INFO client.py                 82    logger_log                : PTS_LOGTYPE_START_TEST Start Test Case 

+1609 ms
 GATT/CL/GAW/BI-11-C GATT/CL/GAW/BI-11-C

2025-12-12 20:45:32,900 LT1-callback ClientCallback.log INFO client.py                 82    logger_log                : PTS_LOGTYPE_PRELIMINARY_VERDICT Preliminary Verdict 

+2609 ms
 GATT/CL/GAW/BI-11-C PASS

2025-12-12 20:45:32,905 LT1-callback ClientCallback.log INFO client.py                 82    logger_log                : PTS_LOGTYPE_SEND_EVENT Send Event 

+2640 ms
 GATT/CL/GAW/BI-11-C HCI!HCI_RESET
2025-12-12 20:45:32,909 LT1-callback ClientCallback.log INFO client.py                 82    logger_log                : PTS_LOGTYPE_RECEIVE_EVENT Receive Event 

+2640 ms
 GATT/CL/GAW/BI-11-C HCI?HCI_RESET_COMPLETE_EVENT{
                           status=HCI_OK
                         }
2025-12-12 20:45:32,912 LT1-callback ClientCallback.log INFO client.py                 82    logger_log                : PTS_LOGTYPE_PRELIMINARY_VERDICT Preliminary Verdict 

+2640 ms
 GATT/CL/GAW/BI-11-C PASS

2025-12-12 20:45:32,917 LT1-callback ClientCallback.log INFO client.py                 82    logger_log                : PTS_LOGTYPE_SEND_EVENT Send Event 

+2640 ms
 GATT/CL/GAW/BI-11-C HCI!HCI_READ_LOCAL_VERSION_INFORMATION
2025-12-12 20:45:32,920 LT1-callback ClientCallback.log INFO client.py                 82    logger_log                : PTS_LOGTYPE_RECEIVE_EVENT Receive Event 

+2640 ms
 GATT/CL/GAW/BI-11-C HCI?HCI_READ_LOCAL_VERSION_INFORMATION_COMPLETE_EVENT{
                           status=HCI_OK,
                           hciVersion=0x0E,
                           hciRevision=0x304E,
                           lmpVersion=0x0E,
                           manufacturerName=0x0059,
                           lmpSubversion=0x304E
                         }
2025-12-12 20:45:32,923 LT1-callback ClientCallback.log INFO client.py                 82    logger_log                : PTS_LOGTYPE_PRELIMINARY_VERDICT Preliminary Verdict 

+2640 ms
 GATT/CL/GAW/BI-11-C PASS

2025-12-12 20:45:32,926 LT1-callback ClientCallback.log INFO client.py                 82    logger_log                : PTS_LOGTYPE_SEND_EVENT Send Event 

+2640 ms
 GATT/CL/GAW/BI-11-C HCI!HCI_LE_SET_EVENT_MASK{
                           leEventMask=0x0007FCFE7F8FFFFF
                         }
2025-12-12 20:45:32,928 LT1-callback ClientCallback.log INFO client.py                 82    logger_log                : PTS_LOGTYPE_RECEIVE_EVENT Receive Event 

+2656 ms
 GATT/CL/GAW/BI-11-C HCI?HCI_LE_SET_EVENT_MASK_COMPLETE_EVENT{
                           status=HCI_OK
                         }
2025-12-12 20:45:32,931 LT1-callback ClientCallback.log INFO client.py                 82    logger_log                : PTS_LOGTYPE_SEND_EVENT Send Event 

+2656 ms
 GATT/CL/GAW/BI-11-C HCI!HCI_SET_EVENT_MASK{
                           eventMask=0x3FFFFFFFFFFFFFFF
                         }
2025-12-12 20:45:32,934 LT1-callback ClientCallback.log INFO client.py                 82    logger_log                : PTS_LOGTYPE_RECEIVE_EVENT Receive Event 

+2656 ms
 GATT/CL/GAW/BI-11-C HCI?HCI_SET_EVENT_MASK_COMPLETE_EVENT{
                           status=HCI_OK
                         }
2025-12-12 20:45:32,937 LT1-callback ClientCallback.log INFO client.py                 82    logger_log                : PTS_LOGTYPE_PRELIMINARY_VERDICT Preliminary Verdict 

+2656 ms
 GATT/CL/GAW/BI-11-C PASS

2025-12-12 20:45:32,940 LT1-callback ClientCallback.log INFO client.py                 82    logger_log                : PTS_LOGTYPE_SEND_EVENT Send Event 

+2656 ms
 GATT/CL/GAW/BI-11-C HCI!HCI_READ_LOCAL_SUPPORTED_FEATURES
2025-12-12 20:45:32,942 LT1-callback ClientCallback.log INFO client.py                 82    logger_log                : PTS_LOGTYPE_RECEIVE_EVENT Receive Event 

+2656 ms
 GATT/CL/GAW/BI-11-C HCI?HCI_READ_LOCAL_SUPPORTED_FEATURES_COMPLETE_EVENT{
                           status=HCI_OK,
                           lmpFeatures=0x0000006000000000
                         }
2025-12-12 20:45:32,945 LT1-callback ClientCallback.log INFO client.py                 82    logger_log                : PTS_LOGTYPE_PRELIMINARY_VERDICT Preliminary Verdict 

+2656 ms
 GATT/CL/GAW/BI-11-C PASS

2025-12-12 20:45:32,948 LT1-callback ClientCallback.log INFO client.py                 82    logger_log                : PTS_LOGTYPE_SEND_EVENT Send Event 

+2656 ms
 GATT/CL/GAW/BI-11-C HCI!HCI_READ_LOCAL_SUPPORTED_COMMANDS
2025-12-12 20:45:32,951 LT1-callback ClientCallback.log INFO client.py                 82    logger_log                : PTS_LOGTYPE_RECEIVE_EVENT Receive Event 

+2671 ms
 GATT/CL/GAW/BI-11-C HCI?HCI_READ_LOCAL_SUPPORTED_COMMANDS_COMPLETE_EVENT{
                           status=HCI_OK,
                           supported_commands=0x0000000000000000000000000000000003E3419FFFFFE7E007FFFFFFFE7FC0300000077FFFFFF782180400E0000000C02228000C00E400000C00C00000800020
                         }
2025-12-12 20:45:32,985 LT1-callback ClientCallback.log INFO client.py                 82    logger_log                : PTS_LOGTYPE_PRELIMINARY_VERDICT Preliminary Verdict 

+2671 ms
 GATT/CL/GAW/BI-11-C PASS

2025-12-12 20:45:32,988 LT1-callback ClientCallback.log INFO client.py                 82    logger_log                : PTS_LOGTYPE_SEND_EVENT Send Event 

+2671 ms
 GATT/CL/GAW/BI-11-C HCI!HCI_READ_BD_ADDR
2025-12-12 20:45:32,990 LT1-callback ClientCallback.log INFO client.py                 82    logger_log                : PTS_LOGTYPE_RECEIVE_EVENT Receive Event 

+2671 ms
 GATT/CL/GAW/BI-11-C HCI?HCI_READ_BD_ADDR_COMPLETE_EVENT{
                           status=HCI_OK,
                           bdAddress=0xDFA9FFF6B11A
                         }
2025-12-12 20:45:32,994 LT1-callback ClientCallback.log INFO client.py                 82    logger_log                : PTS_LOGTYPE_PRELIMINARY_VERDICT Preliminary Verdict 

+2671 ms
 GATT/CL/GAW/BI-11-C PASS

2025-12-12 20:45:32,996 LT1-callback ClientCallback.log INFO client.py                 82    logger_log                : PTS_LOGTYPE_SEND_EVENT Send Event 

+2671 ms
 GATT/CL/GAW/BI-11-C HCI!HCI_LE_LOCAL_SUPPORTED_FEATURES
2025-12-12 20:45:32,999 LT1-callback ClientCallback.log INFO client.py                 82    logger_log                : PTS_LOGTYPE_RECEIVE_EVENT Receive Event 

+2687 ms
 GATT/CL/GAW/BI-11-C HCI?HCI_LE_READ_LOCAL_SUPPORTED_FEATURES_COMPLETE_EVENT{
                           status=HCI_OK,
                           leFeatures=0x00015836F70079FD
                         }
2025-12-12 20:45:33,002 LT1-callback ClientCallback.log INFO client.py                 82    logger_log                : PTS_LOGTYPE_PRELIMINARY_VERDICT Preliminary Verdict 

+2687 ms
 GATT/CL/GAW/BI-11-C PASS

2025-12-12 20:45:33,005 LT1-callback ClientCallback.log INFO client.py                 82    logger_log                : PTS_LOGTYPE_PRELIMINARY_VERDICT Preliminary Verdict 

+2687 ms
 GATT/CL/GAW/BI-11-C PASS

2025-12-12 20:45:33,008 LT1-callback ClientCallback.log INFO client.py                 82    logger_log                : PTS_LOGTYPE_SEND_EVENT Send Event 

+2687 ms
 GATT/CL/GAW/BI-11-C HCI!HCI_LE_SET_EVENT_MASK{
                           leEventMask=0x0007FCFE7F8FFFFF
                         }
2025-12-12 20:45:33,011 LT1-callback ClientCallback.log INFO client.py                 82    logger_log                : PTS_LOGTYPE_RECEIVE_EVENT Receive Event 

+2687 ms
 GATT/CL/GAW/BI-11-C HCI?HCI_LE_SET_EVENT_MASK_COMPLETE_EVENT{
                           status=HCI_OK
                         }
2025-12-12 20:45:33,015 LT1-callback ClientCallback.log INFO client.py                 82    logger_log                : PTS_LOGTYPE_SEND_EVENT Send Event 

+2687 ms
 GATT/CL/GAW/BI-11-C HCI!HCI_SET_EVENT_MASK{
                           eventMask=0x3FFFFFFFFFFFFFFF
                         }
2025-12-12 20:45:33,018 LT1-callback ClientCallback.log INFO client.py                 82    logger_log                : PTS_LOGTYPE_RECEIVE_EVENT Receive Event 

+2687 ms
 GATT/CL/GAW/BI-11-C HCI?HCI_SET_EVENT_MASK_COMPLETE_EVENT{
                           status=HCI_OK
                         }
2025-12-12 20:45:33,021 LT1-callback ClientCallback.log INFO client.py                 82    logger_log                : PTS_LOGTYPE_PRELIMINARY_VERDICT Preliminary Verdict 

+2687 ms
 GATT/CL/GAW/BI-11-C PASS

2025-12-12 20:45:33,024 LT1-callback ClientCallback.log INFO client.py                 82    logger_log                : PTS_LOGTYPE_SEND_EVENT Send Event 

+2687 ms
 GATT/CL/GAW/BI-11-C HCI!HCI_LE_SET_HOST_FEATURE{
                           bit_number=0x20,
                           bit_value=0x01
                         }
2025-12-12 20:45:33,027 LT1-callback ClientCallback.log INFO client.py                 82    logger_log                : PTS_LOGTYPE_RECEIVE_EVENT Receive Event 

+2687 ms
 GATT/CL/GAW/BI-11-C HCI?HCI_LE_SET_HOST_FEATURE_COMPLETE_EVENT{
                           status=HCI_OK
                         }
2025-12-12 20:45:33,030 LT1-callback ClientCallback.log INFO client.py                 82    logger_log                : PTS_LOGTYPE_PRELIMINARY_VERDICT Preliminary Verdict 

+2687 ms
 GATT/CL/GAW/BI-11-C PASS

2025-12-12 20:45:33,032 LT1-callback ClientCallback.log INFO client.py                 82    logger_log                : PTS_LOGTYPE_SEND_EVENT Send Event 

+2687 ms
 GATT/CL/GAW/BI-11-C HCI!HCI_LE_SET_HOST_FEATURE{
                           bit_number=0x26,
                           bit_value=0x01
                         }
2025-12-12 20:45:33,035 LT1-callback ClientCallback.log INFO client.py                 82    logger_log                : PTS_LOGTYPE_RECEIVE_EVENT Receive Event 

+2703 ms
 GATT/CL/GAW/BI-11-C HCI?HCI_LE_SET_HOST_FEATURE_COMPLETE_EVENT{
                           status=HCI_OK
                         }
2025-12-12 20:45:33,039 LT1-callback ClientCallback.log INFO client.py                 82    logger_log                : PTS_LOGTYPE_PRELIMINARY_VERDICT Preliminary Verdict 

+2703 ms
 GATT/CL/GAW/BI-11-C PASS

2025-12-12 20:45:33,042 LT1-callback ClientCallback.log INFO client.py                 82    logger_log                : PTS_LOGTYPE_SEND_EVENT Send Event 

+2703 ms
 GATT/CL/GAW/BI-11-C HCI!HCI_LE_SET_HOST_FEATURE{
                           bit_number=0x2F,
                           bit_value=0x01
                         }
2025-12-12 20:45:33,044 LT1-callback ClientCallback.log INFO client.py                 82    logger_log                : PTS_LOGTYPE_RECEIVE_EVENT Receive Event 

+2703 ms
 GATT/CL/GAW/BI-11-C HCI?HCI_LE_SET_HOST_FEATURE_COMPLETE_EVENT{
                           status=HCI_OK
                         }
2025-12-12 20:45:33,047 LT1-callback ClientCallback.log INFO client.py                 82    logger_log                : PTS_LOGTYPE_PRELIMINARY_VERDICT Preliminary Verdict 

+2703 ms
 GATT/CL/GAW/BI-11-C PASS

2025-12-12 20:45:33,050 LT1-callback ClientCallback.log INFO client.py                 82    logger_log                : PTS_LOGTYPE_SEND_EVENT Send Event 

+2703 ms
 GATT/CL/GAW/BI-11-C HCI!HCI_LE_READ_BUFFER_V2
2025-12-12 20:45:33,053 LT1-callback ClientCallback.log INFO client.py                 82    logger_log                : PTS_LOGTYPE_SEND_EVENT Send Event 

+2703 ms
 GATT/CL/GAW/BI-11-C HCI!HCI_LE_READ_RESOLVING_LIST_SIZE
2025-12-12 20:45:33,055 LT1-callback ClientCallback.log INFO client.py                 82    logger_log                : PTS_LOGTYPE_RECEIVE_EVENT Receive Event 

+2703 ms
 GATT/CL/GAW/BI-11-C HCI?HCI_LE_READ_BUFFER_SIZE_V2_COMPLETE_EVENT{
                           status=HCI_OK,
                           HC_LE_Data_Packet_Length=0x00FB,
                           HC_Total_Num_LE_Data_Packets=0x03,
                           HC_LE_ISO_Packet_Length=0x00FF,
                           HC_Total_Num_LE_ISO_Packets=0x03
                         }
2025-12-12 20:45:33,059 LT1-callback ClientCallback.log INFO client.py                 82    logger_log                : PTS_LOGTYPE_RECEIVE_EVENT Receive Event 

+2718 ms
 GATT/CL/GAW/BI-11-C HCI?HCI_LE_READ_RESOLVING_LIST_SIZE_COMPLETE_EVENT{
                           status=HCI_OK,
                           res_list_size=0x08
                         }
2025-12-12 20:45:33,062 LT1-callback ClientCallback.log INFO client.py                 82    logger_log                : PTS_LOGTYPE_SEND_EVENT Send Event 

+2718 ms
 GATT/CL/GAW/BI-11-C HCI!HCI_LE_CLEAR_FILTER_ACCEPT_LIST
2025-12-12 20:45:33,064 LT1-callback ClientCallback.log INFO client.py                 82    logger_log                : PTS_LOGTYPE_RECEIVE_EVENT Receive Event 

+2718 ms
 GATT/CL/GAW/BI-11-C HCI?HCI_LE_CLEAR_FILTER_ACCEPT_LIST_COMPLETE_EVENT{
                           status=HCI_OK
                         }
2025-12-12 20:45:33,067 LT1-callback ClientCallback.log INFO client.py                 82    logger_log                : PTS_LOGTYPE_PRELIMINARY_VERDICT Preliminary Verdict 

+2718 ms
 GATT/CL/GAW/BI-11-C PASS

2025-12-12 20:45:33,070 LT1-callback ClientCallback.log INFO client.py                 82    logger_log                : PTS_LOGTYPE_SEND_EVENT Send Event 

+2718 ms
 GATT/CL/GAW/BI-11-C HCI!HCI_LE_ADD_DEVICE_TO_FILTER_ACCEPT_LIST{
                           addressType=HCI_LE_PUBLIC_DEVICE_ADDRESS,
                           address=0xD5B6CC31DB3B
                         }
2025-12-12 20:45:33,073 LT1-callback ClientCallback.log INFO client.py                 82    logger_log                : PTS_LOGTYPE_RECEIVE_EVENT Receive Event 

+2718 ms
 GATT/CL/GAW/BI-11-C HCI?HCI_LE_ADD_DEVICE_TO_FILTER_ACCEPT_LIST_COMPLETE_EVENT{
                           status=HCI_OK
                         }
2025-12-12 20:45:33,076 LT1-callback ClientCallback.log INFO client.py                 82    logger_log                : PTS_LOGTYPE_SEND_EVENT Send Event 

+2718 ms
 GATT/CL/GAW/BI-11-C HCI!HCI_LE_ADD_DEVICE_TO_FILTER_ACCEPT_LIST{
                           addressType=HCI_LE_RANDOM_DEVICE_ADDRESS,
                           address=0xD5B6CC31DB3B
                         }
2025-12-12 20:45:33,079 LT1-callback ClientCallback.log INFO client.py                 82    logger_log                : PTS_LOGTYPE_RECEIVE_EVENT Receive Event 

+2734 ms
 GATT/CL/GAW/BI-11-C HCI?HCI_LE_ADD_DEVICE_TO_FILTER_ACCEPT_LIST_COMPLETE_EVENT{
                           status=HCI_OK
                         }
2025-12-12 20:45:33,081 LT1-callback ClientCallback.log INFO client.py                 82    logger_log                : PTS_LOGTYPE_PRELIMINARY_VERDICT Preliminary Verdict 

+2734 ms
 GATT/CL/GAW/BI-11-C PASS

2025-12-12 20:45:33,087 LT1-callback ClientCallback.log INFO client.py                 82    logger_log                : PTS_LOGTYPE_PRELIMINARY_VERDICT Preliminary Verdict 

+2734 ms
 GATT/CL/GAW/BI-11-C PASS

2025-12-12 20:45:33,093 LT1-callback ClientCallback.log INFO client.py                 82    logger_log                : PTS_LOGTYPE_SEND_EVENT Send Event 

+2734 ms
 GATT/CL/GAW/BI-11-C HCI!HCI_LE_SET_SCAN_PARAMETERS{
                           leScanType=HCI_LE_ACTIVE_SCANNING,
                           leScanInterval=0x001E,
                           leScanWindow=0x001E,
                           ownAddressType=HCI_LE_PUBLIC_DEVICE_ADDRESS,
                           scanningFilterPolicy=HCI_LE_ACCEPT_FILTER_ACCEPT_LIST_ADVERTISING_PACKETS
                         }
2025-12-12 20:45:33,098 LT1-callback ClientCallback.log INFO client.py                 82    logger_log                : PTS_LOGTYPE_RECEIVE_EVENT Receive Event 

+2734 ms
 GATT/CL/GAW/BI-11-C HCI?HCI_LE_SET_SCAN_PARAMETERS_COMPLETE_EVENT{
                           status=HCI_OK
                         }
2025-12-12 20:45:33,103 LT1-callback ClientCallback.log INFO client.py                 82    logger_log                : PTS_LOGTYPE_PRELIMINARY_VERDICT Preliminary Verdict 

+2734 ms
 GATT/CL/GAW/BI-11-C PASS

2025-12-12 20:45:33,106 LT1-callback ClientCallback.log INFO client.py                 82    logger_log                : PTS_LOGTYPE_PRELIMINARY_VERDICT Preliminary Verdict 

+2734 ms
 GATT/CL/GAW/BI-11-C PASS

2025-12-12 20:45:33,109 LT1-callback ClientCallback.log INFO client.py                 82    logger_log                : PTS_LOGTYPE_PRELIMINARY_VERDICT Preliminary Verdict 

+2734 ms
 GATT/CL/GAW/BI-11-C PASS

2025-12-12 20:45:33,111 LT1-callback ClientCallback.log INFO client.py                 82    logger_log                : PTS_LOGTYPE_PRELIMINARY_VERDICT Preliminary Verdict 

+2843 ms
 GATT/CL/GAW/BI-11-C PASS

2025-12-12 20:45:33,113 LT1-callback ClientCallback.log INFO client.py                 82    logger_log                : PTS_LOGTYPE_MESSAGE Verdict Description 

+2843 ms
 GATT/CL/GAW/BI-11-C Found characteristic handle='019E'O successfully.

2025-12-12 20:45:33,117 LT1-callback ClientCallback.log INFO client.py                 82    logger_log                : PTS_LOGTYPE_PRELIMINARY_VERDICT Preliminary Verdict 

+2843 ms
 GATT/CL/GAW/BI-11-C PASS

2025-12-12 20:45:33,125 LT1-callback ClientCallback.log INFO client.py                 82    logger_log                : PTS_LOGTYPE_MESSAGE User Action Required 

+2843 ms
 GATT/CL/GAW/BI-11-C MMI_1 (MMI_Style_Ok_Cancel2=0x00011141): Please prepare IUT into a connectable mode.

Description: Verify that the Implementation Under Test (IUT) can accept GATT connect request from PTS.

2025-12-12 20:45:33,128 LT1-callback ClientCallback.log INFO client.py                 82    logger_log                : PTS_LOGTYPE_SEND_EVENT Send Event 

+2843 ms
 GATT/CL/GAW/BI-11-C HCI!HCI_LE_SET_SCAN_ENABLE{
                           leScanEnable=HCI_LE_SCAN_ENABLE,
                           filterDuplicates=HCI_LE_DUPLICATE_FILTERING_DISABLE
                         }
2025-12-12 20:45:33,131 LT1-callback ClientCallback.log INFO client.py                 82    logger_log                : PTS_LOGTYPE_RECEIVE_EVENT Receive Event 

+2843 ms
 GATT/CL/GAW/BI-11-C HCI?HCI_LE_SET_SCAN_ENABLE_COMPLETE_EVENT{
                           status=HCI_OK
                         }
2025-12-12 20:45:33,134 LT1-callback ClientCallback.log INFO client.py                 82    logger_log                : PTS_LOGTYPE_SEND_EVENT Send Event 

+3953 ms
 GATT/CL/GAW/BI-11-C HCI!HCI_LE_SET_SCAN_ENABLE{
                           leScanEnable=HCI_LE_SCAN_DISABLE,
                           filterDuplicates=HCI_LE_DUPLICATE_FILTERING_DISABLE
                         }
2025-12-12 20:45:33,136 LT1-callback ClientCallback.log INFO client.py                 82    logger_log                : PTS_LOGTYPE_RECEIVE_EVENT Receive Event 

+3953 ms
 GATT/CL/GAW/BI-11-C HCI?HCI_LE_SET_SCAN_ENABLE_COMPLETE_EVENT{
                           status=HCI_OK
                         }
2025-12-12 20:45:33,139 LT1-callback ClientCallback.log INFO client.py                 82    logger_log                : PTS_LOGTYPE_SEND_EVENT Send Event 

+3968 ms
 GATT/CL/GAW/BI-11-C HCI!HCI_LE_CREATE_CONNECTION{
                           peerAddr=0xD5B6CC31DB3B,
                           peerAddrType=HCI_LE_RANDOM_DEVICE_ADDRESS,
                           ownAddrType=HCI_LE_PUBLIC_DEVICE_ADDRESS,
                           scanInterval=0x0020,
                           scanWindow=0x0012,
                           filterPolicy=0x00,
                           minConnInterval=0x0032,
                           maxConnInterval=0x0046,
                           latency=0x0000,
                           supervisionTimeout=0x07D0,
                           minCELength=0x0000,
                           maxCELength=0x0000
                         }
2025-12-12 20:45:33,143 LT1-callback ClientCallback.log INFO client.py                 82    logger_log                : PTS_LOGTYPE_RECEIVE_EVENT Receive Event 

+3968 ms
 GATT/CL/GAW/BI-11-C HCI?HCI_LE_CREATE_CONNECTION_STATUS_EVENT{
                           status=HCI_OK
                         }
2025-12-12 20:45:33,146 LT1-callback ClientCallback.log INFO client.py                 82    logger_log                : PTS_LOGTYPE_RECEIVE_EVENT Receive Event 

+4062 ms
 GATT/CL/GAW/BI-11-C ATT?ATT_CONNECT_IND{
                           bdAddr=0xD5B6CC31DB3B,
                           peerAddrType=HCI_LE_RANDOM_DEVICE_ADDRESS,
                           lcid=0x1205,
                           status=0x0000
                         }
2025-12-12 20:45:33,149 LT1-callback ClientCallback.log INFO client.py                 82    logger_log                : PTS_LOGTYPE_RECEIVE_EVENT Receive Event 

+4062 ms
 GATT/CL/GAW/BI-11-C HCI?HCI_LE_ENHANCED_CONNECTION_COMPLETE_EVENT{
                           status=HCI_OK,
                           conn_handle=0x0000,
                           role=0x00,
                           peerAddrType=0x01,
                           peer_addr=0xD5B6CC31DB3B,
                           local_rpa=0x000000000000,
                           peer_rpa=0x000000000000,
                           conn_interval=0x0046,
                           conn_latency=0x0000,
                           conn_timeout=0x07D0,
                           central_clock_accuracy=0x00
                         }
2025-12-12 20:45:33,153 LT1-callback ClientCallback.log INFO client.py                 82    logger_log                : PTS_LOGTYPE_SEND_EVENT Send Event 

+4062 ms
 GATT/CL/GAW/BI-11-C HCI!GET_CONNECTION_HANDLE{
                           addr=0xD5B6CC31DB3B,
                           addr_type=0x01,
                           conn_handle=0xFFFF
                         }
2025-12-12 20:45:33,156 LT1-callback ClientCallback.log INFO client.py                 82    logger_log                : PTS_LOGTYPE_SEND_EVENT Send Event 

+4062 ms
 GATT/CL/GAW/BI-11-C HCI!GET_CONNECTION_HANDLE{
                           addr=0xD5B6CC31DB3B,
                           addr_type=0x01,
                           conn_handle=0x0000
                         }
2025-12-12 20:45:33,159 LT1-callback ClientCallback.log INFO client.py                 82    logger_log                : PTS_LOGTYPE_PRELIMINARY_VERDICT Preliminary Verdict 

+4062 ms
 GATT/CL/GAW/BI-11-C PASS

2025-12-12 20:45:33,161 LT1-callback ClientCallback.log INFO client.py                 82    logger_log                : PTS_LOGTYPE_RECEIVE_EVENT Receive Event 

+4062 ms
 GATT/CL/GAW/BI-11-C HCI?HCI_LE_CHANNEL_SELECTION_ALGORITHM_EVENT{
                           conn_handle=0x0000,
                           used_ch_algorithm=0x01
                         }.Thiseventwon'ttransfertoTestCaseHandler!
2025-12-12 20:45:33,164 LT1-callback ClientCallback.log INFO client.py                 82    logger_log                : PTS_LOGTYPE_MESSAGE Verdict Description 

+4734 ms
 GATT/CL/GAW/BI-11-C Connection setup successfully.

2025-12-12 20:45:33,167 LT1-callback ClientCallback.log INFO client.py                 82    logger_log                : PTS_LOGTYPE_PRELIMINARY_VERDICT Preliminary Verdict 

+4734 ms
 GATT/CL/GAW/BI-11-C PASS

2025-12-12 20:45:33,169 LT1-callback ClientCallback.log INFO client.py                 82    logger_log                : PTS_LOGTYPE_PRELIMINARY_VERDICT Preliminary Verdict 

+4734 ms
 GATT/CL/GAW/BI-11-C PASS

2025-12-12 20:45:33,172 LT1-callback ClientCallback.log INFO client.py                 82    logger_log                : PTS_LOGTYPE_SEND_EVENT Send Event 

+4734 ms
 GATT/CL/GAW/BI-11-C HCI!GET_CONNECTION_HANDLE{
                           addr=0xD5B6CC31DB3B,
                           addr_type=0x01,
                           conn_handle=0x0000
                         }
2025-12-12 20:45:33,175 LT1-callback ClientCallback.log INFO client.py                 82    logger_log                : PTS_LOGTYPE_MESSAGE Verdict Description 

+6750 ms
 GATT/CL/GAW/BI-11-C LE Security not initiated due to TSPX_security_enabled value.

2025-12-12 20:45:33,177 LT1-callback ClientCallback.log INFO client.py                 82    logger_log                : PTS_LOGTYPE_PRELIMINARY_VERDICT Preliminary Verdict 

+6750 ms
 GATT/CL/GAW/BI-11-C PASS

2025-12-12 20:45:33,180 LT1-callback ClientCallback.log INFO client.py                 82    logger_log                : PTS_LOGTYPE_PRELIMINARY_VERDICT Preliminary Verdict 

+7250 ms
 GATT/CL/GAW/BI-11-C PASS

2025-12-12 20:45:33,183 LT1-callback ClientCallback.log INFO client.py                 82    logger_log                : PTS_LOGTYPE_MESSAGE User Action Required 

+7250 ms
 GATT/CL/GAW/BI-11-C MMI_76 (MMI_Style_Ok_Cancel2=0x00011141): Please send prepare write request with handle = '019E'O (lt)= '50' byte of any octet value to the PTS.

Description: Verify that the Implementation Under Test (IUT) can send prepare write request.

2025-12-12 20:45:33,188 LT1-callback ClientCallback.log INFO client.py                 82    logger_log                : PTS_LOGTYPE_RECEIVE_EVENT Receive Event 

+8171 ms
 GATT/CL/GAW/BI-11-C ATT?ATT_PREPARE_WRITE_IND{
                           lcid=0x1205,
                           attributeHandle=0x019E,
                           valueOffset=0x0000,
                           length=0x0012,
                           partAttributeValue=0x121212121212121212121212121212121212
                         }
2025-12-12 20:45:33,193 LT1-callback ClientCallback.log INFO client.py                 82    logger_log                : PTS_LOGTYPE_MESSAGE Verdict Description 

+8171 ms
 GATT/CL/GAW/BI-11-C Attribute property requires Authentication/Authorization. If the test case requires higher security level, please invoke security process with authentication.

2025-12-12 20:45:33,215 LT1-callback ClientCallback.log INFO client.py                 82    logger_log                : PTS_LOGTYPE_SEND_EVENT Send Event 

+8171 ms
 GATT/CL/GAW/BI-11-C ATT!ATT_ERROR_RSP{
                           lcid=0x1205,
                           errorOpcode=0x16,
                           attributeHandleInError=0x019E,
                           errorCode=0x0008
                         }
2025-12-12 20:45:33,219 LT1-callback ClientCallback.log INFO client.py                 82    logger_log                : PTS_LOGTYPE_PRELIMINARY_VERDICT Preliminary Verdict 

+8171 ms
 GATT/CL/GAW/BI-11-C PASS

2025-12-12 20:45:33,222 LT1-callback ClientCallback.log INFO client.py                 82    logger_log                : PTS_LOGTYPE_MESSAGE User Action Required 

+8171 ms
 GATT/CL/GAW/BI-11-C MMI_63 (MMI_Style_Yes_No1=0x00011044): Please confirm IUT received write authorization error. Click Yes if IUT received it, otherwise click No.

Description: Verify that the Implementation Under Test (IUT) indicate authorization error when write a characteristic.

2025-12-12 20:45:33,227 LT1-callback ClientCallback.log INFO client.py                 82    logger_log                : PTS_LOGTYPE_RECEIVE_EVENT Receive Event 

+9140 ms
 GATT/CL/GAW/BI-11-C L2CAP?L2CAP_LE_CONNECTION_UPDATE_IND{
                           peerAddr=0xD5B6CC31DB3B,
                           peerAddrType=HCI_LE_RANDOM_DEVICE_ADDRESS,
                           minInterval=0x0018,
                           maxInterval=0x0028,
                           peripheralLatency=0x0000,
                           supervision_timeout=0x002A
                         }
2025-12-12 20:45:33,230 LT1-callback ClientCallback.log INFO client.py                 82    logger_log                : PTS_LOGTYPE_SEND_EVENT Send Event 

+9140 ms
 GATT/CL/GAW/BI-11-C L2CAP!L2CA_LE_CONNECTION_UPDATE_RSP{
                           peerAddr=0xD5B6CC31DB3B,
                           peerAddrType=0x01,
                           paramAccepted=1
                         }
2025-12-12 20:45:33,233 LT1-callback ClientCallback.log INFO client.py                 82    logger_log                : PTS_LOGTYPE_PRELIMINARY_VERDICT Preliminary Verdict 

+9312 ms
 GATT/CL/GAW/BI-11-C PASS

2025-12-12 20:45:33,236 LT1-callback ClientCallback.log INFO client.py                 82    logger_log                : PTS_LOGTYPE_PRELIMINARY_VERDICT Preliminary Verdict 

+9312 ms
 GATT/CL/GAW/BI-11-C PASS

2025-12-12 20:45:33,238 LT1-callback ClientCallback.log INFO client.py                 82    logger_log                : PTS_LOGTYPE_MESSAGE Verdict Description 

+9312 ms
 GATT/CL/GAW/BI-11-C IUT confirmed insufficient authorization received successfully.

2025-12-12 20:45:33,241 LT1-callback ClientCallback.log INFO client.py                 82    logger_log                : PTS_LOGTYPE_SEND_EVENT Send Event 

+10640 ms
 GATT/CL/GAW/BI-11-C HCI!GET_CONNECTION_HANDLE{
                           addr=0xD5B6CC31DB3B,
                           addr_type=0x01,
                           conn_handle=0x0000
                         }
2025-12-12 20:45:33,244 LT1-callback ClientCallback.log INFO client.py                 82    logger_log                : PTS_LOGTYPE_SEND_EVENT Send Event 

+10640 ms
 GATT/CL/GAW/BI-11-C HCI!HCI_DISCONNECT{
                           connectionHandle=0x0000,
                           reason=HCI_REMOTE_USER_TERMINATED_CONNECTION
                         }
2025-12-12 20:45:33,247 LT1-callback ClientCallback.log INFO client.py                 82    logger_log                : PTS_LOGTYPE_RECEIVE_EVENT Receive Event 

+10640 ms
 GATT/CL/GAW/BI-11-C HCI?HCI_DISCONNECT_STATUS_EVENT{
                           status=HCI_OK
                         }
2025-12-12 20:45:33,250 LT1-callback ClientCallback.log INFO client.py                 82    logger_log                : PTS_LOGTYPE_RECEIVE_EVENT Receive Event 

+10796 ms
 GATT/CL/GAW/BI-11-C ATT?ATT_DISCONNECT_IND{
                           lcid=0x1205
                         }
2025-12-12 20:45:33,253 LT1-callback ClientCallback.log INFO client.py                 82    logger_log                : PTS_LOGTYPE_RECEIVE_EVENT Receive Event 

+10796 ms
 GATT/CL/GAW/BI-11-C HCI?HCI_DISCONNECTION_COMPLETE_EVENT{
                           status=HCI_OK,
                           connectionHandle=0x0000,
                           reason=HCI_CONNECTION_TERMINATED_BY_LOCAL_HOST
                         }
2025-12-12 20:45:33,256 LT1-callback ClientCallback.log INFO client.py                 82    logger_log                : PTS_LOGTYPE_MESSAGE Verdict Description 

+10796 ms
 GATT/CL/GAW/BI-11-C Received HCI disconnection event. Handle = 0x0000

2025-12-12 20:45:33,258 LT1-callback ClientCallback.log INFO client.py                 82    logger_log                : PTS_LOGTYPE_MESSAGE Verdict Description 

+10796 ms
 GATT/CL/GAW/BI-11-C Connection terminated successfully.

2025-12-12 20:45:33,261 LT1-callback ClientCallback.log INFO client.py                 82    logger_log                : PTS_LOGTYPE_PRELIMINARY_VERDICT Preliminary Verdict 

+10796 ms
 GATT/CL/GAW/BI-11-C PASS

2025-12-12 20:45:33,263 LT1-callback ClientCallback.log INFO client.py                 82    logger_log                : PTS_LOGTYPE_PRELIMINARY_VERDICT Preliminary Verdict 

+10796 ms
 GATT/CL/GAW/BI-11-C PASS

2025-12-12 20:45:33,266 LT1-callback ClientCallback.log INFO client.py                 82    logger_log                : PTS_LOGTYPE_SEND_EVENT Send Event 

+11812 ms
 GATT/CL/GAW/BI-11-C HCI!HCI_RESET
2025-12-12 20:45:33,268 LT1-callback ClientCallback.log INFO client.py                 82    logger_log                : PTS_LOGTYPE_RECEIVE_EVENT Receive Event 

+11812 ms
 GATT/CL/GAW/BI-11-C HCI?HCI_RESET_COMPLETE_EVENT{
                           status=HCI_OK
                         }
2025-12-12 20:45:33,271 LT1-callback ClientCallback.log INFO client.py                 82    logger_log                : PTS_LOGTYPE_RECEIVE_EVENT Receive Event 

+12812 ms
 GATT/CL/GAW/BI-11-C HCI?HCI_RESET_COMPLETE_EVENT{
                           status=HCI_OK
                         }
2025-12-12 20:45:33,274 LT1-callback ClientCallback.log INFO client.py                 82    logger_log                : PTS_LOGTYPE_FINAL_VERDICT Final Verdict 

+14375 ms
 GATT/CL/GAW/BI-11-C PASS

2025-12-12 20:45:33,277 LT1-callback ClientCallback.log INFO client.py                 82    logger_log                : PTS_LOGTYPE_FINAL_VERDICT Encrypted Verdict 

+14375 ms
 GATT/CL/GAW/BI-11-C A1#YTEyNzQxYTZmNmU0MTUxOWIzNTY5YjEzMmViN2E1NDc5MDM0MmFiNmE1YWNiMDU2NGNmZjcyZjc5YzkyNWQ3OA==#3UIcy08x2Ln5/8kyQI/VK2bgllqTcn431yTUNCnm4rOqsVuWfXO2iGmvtcNY4Eg/

2025-12-12 20:45:33,280 LT1-callback ClientCallback.log INFO client.py                 82    logger_log                : PTS_LOGTYPE_END_TEST Test Case Ended 

+14375 ms
 GATT/CL/GAW/BI-11-C GATT/CL/GAW/BI-11-C

2025-12-12 20:45:35,767 LT1-callback root DEBUG client.py                 82    logger_log                : ClientCallback, set_result, run_test_case, PASS
2025-12-12 20:45:35,767 LT1-thread root DEBUG client.py                 82    logger_log                : After run_test_case error_code=0 status='PASS'
2025-12-12 20:45:35,767 LT1-thread root DEBUG client.py                 82    logger_log                : post_run GATT GATT/CL/GAW/BI-11-C 0
2025-12-12 20:45:35,768 LT1-thread root DEBUG client.py                 82    logger_log                : Starting test function: class=<class 'autopts.ptsprojects.testcase.TestFuncCleanUp'>, func=<bound method Stack.cleanup of <autopts.ptsprojects.stack.stack.Stack object at 0x7ab19c777a40>> start_wid=None stop_wid=None post_wid=None skip_call=None call_count=1 args=() kwds={}
2025-12-12 20:45:35,768 LT1-thread root DEBUG client.py                 82    logger_log                : Test function parameters: args=(), kwds={}
2025-12-12 20:45:35,768 LT1-thread root DEBUG client.py                 82    logger_log                : Starting test function: class=<class 'autopts.ptsprojects.testcase.TestFuncCleanUp'>, func=<bound method ZephyrCtl.stop of <autopts.ptsprojects.zephyr.iutctl.ZephyrCtl object at 0x7ab19c54bc20>> start_wid=None stop_wid=None post_wid=None skip_call=None call_count=1 args=() kwds={}
2025-12-12 20:45:35,768 LT1-thread root DEBUG client.py                 82    logger_log                : Test function parameters: args=(), kwds={}
2025-12-12 20:45:35,768 LT1-thread root DEBUG client.py                 82    logger_log                : <class 'autopts.ptsprojects.zephyr.iutctl.ZephyrCtl'>.stop
2025-12-12 20:45:35,768 LT1-thread root DEBUG client.py                 82    logger_log                : gap_set_powered_off
2025-12-12 20:45:35,768 LT1-thread root DEBUG client.py                 82    logger_log                : send, 1 5 0 '0'
2025-12-12 20:45:35,769 LT1-thread root DEBUG client.py                 82    logger_log                : sending frame '010500010000'
2025-12-12 20:45:35,769 LT1-thread root DEBUG client.py                 82    logger_log                : gap_command_rsp_succ
2025-12-12 20:45:35,769 LT1-thread root DEBUG client.py                 82    logger_log                : read
2025-12-12 20:45:35,803 BTPWorkerThread-3672 (_rx_task) root DEBUG client.py                 82    logger_log                : Read 5 bytes
2025-12-12 20:45:35,803 BTPWorkerThread-3672 (_rx_task) root DEBUG client.py                 82    logger_log                : Received: hdr: Header(svc_id=0x01, op=0x05, ctrl_index=0x00, data_len=0x04) bytearray(b'\x01\x05\x00\x04\x00')
2025-12-12 20:45:35,809 BTPWorkerThread-3672 (_rx_task) root DEBUG client.py                 82    logger_log                : Read 4 bytes data
2025-12-12 20:45:35,819 BTPWorkerThread-3672 (_rx_task) root DEBUG client.py                 82    logger_log                : Received data: {'1a 82 00 00'}, bytearray(b'\x1a\x82\x00\x00')
2025-12-12 20:45:35,829 LT1-thread root DEBUG client.py                 82    logger_log                : received Header(svc_id=1, op=5, ctrl_index=0, data_len=4) (b'\x1a\x82\x00\x00',)
2025-12-12 20:45:35,829 LT1-thread root DEBUG client.py                 82    logger_log                : __gap_current_settings_update (b'\x1a\x82\x00\x00',)
2025-12-12 20:45:35,829 LT1-thread root DEBUG client.py                 82    logger_log                : Waiting for _rx_worker to finish ...
2025-12-12 20:45:36,830 LT1-thread root DEBUG client.py                 82    logger_log                : Waiting for _rx_worker to finish ...
2025-12-12 20:45:36,830 BTPWorkerThread-3672 (_rx_task) root DEBUG client.py                 82    logger_log                : BTPWorkerThread-3672 (_rx_task) finishing...
2025-12-12 20:45:36,838 LT1-thread root DEBUG client.py                 82    logger_log                : <class 'autopts.rtt.BTMON'>.stop
2025-12-12 20:45:36,838 LT1-thread root DEBUG client.py                 82    logger_log                : <class 'autopts.rtt.RTT'>.stop
2025-12-12 20:45:39,839 LT1-thread root DEBUG client.py                 82    logger_log                : post_run, cleanup running post test case script
2025-12-12 20:45:39,840 LT1-thread root DEBUG client.py                 82    logger_log                : post_run, run post test case script
2025-12-12 20:45:39,883 LT1-thread root DEBUG client.py                 82    logger_log                : Done TestCase _run_test_case GATT GATT/CL/GAW/BI-11-C
