Applying system reset.
Run.
Applying system reset.
Run.
< 2022/08/27 04:26:14.390132  length=5 from=0 to=4
 00 80 ff 00 00                                   .....
--
> 2022/08/27 04:26:14.517879  length=6 from=0 to=5
 00 03 ff 01 00 01                                ......
--
< 2022/08/27 04:26:14.533980  length=5 from=5 to=9
 00 03 ff 00 00                                   .....
--
> 2022/08/27 04:26:14.629889  length=6 from=6 to=11
 00 03 ff 01 00 04                                ......
--
< 2022/08/27 04:26:14.645989  length=5 from=10 to=14
 00 03 ff 00 00                                   .....
--
> 2022/08/27 04:26:14.805871  length=5 from=12 to=16
 01 03 00 00 00                                   .....
--
< 2022/08/27 04:26:14.821970  length=145 from=15 to=159
 01 03 00 15 01 70 1f c4 76 e7 dc 13 06 00 00 13  .....p..v.......
 82 00 00 00 00 00 62 74 70 5f 74 65 73 74 65 72  ......btp_tester
 00 00 00 00 00 00 00 00 00 00 00 00 00 00 00 00  ................
 00 00 00 00 00 00 00 00 00 00 00 00 00 00 00 00  ................
 00 00 00 00 00 00 00 00 00 00 00 00 00 00 00 00  ................
 00 00 00 00 00 00 00 00 00 00 00 00 00 00 00 00  ................
 00 00 00 00 00 00 00 00 00 00 00 00 00 00 00 00  ................
 00 00 00 00 00 00 00 00 00 00 00 00 00 00 00 00  ................
 00 00 00 00 00 00 00 00 00 00 00 00 00 00 00 00  ................
 00                                               .
--
< 2022/08/27 04:26:14.823536  length=13 from=160 to=172
 00 00 00 00 00 00 00 00 00 00 00 00 00           .............
--
< 2022/08/27 04:26:14.838100  length=124 from=173 to=296
 00 00 00 00 00 00 00 00 00 00 00 00 00 00 00 00  ................
 00 00 00 00 00 00 00 00 00 00 00 00 00 00 00 00  ................
 00 00 00 00 00 00 00 00 00 00 00 00 00 00 00 00  ................
 00 00 00 00 00 00 00 00 00 00 00 00 00 00 00 00  ................
 00 00 00 00 00 00 00 00 00 00 00 00 00 00 00 00  ................
 00 00 00 00 00 00 00 00 00 00 00 00 00 00 00 00  ................
 00 00 00 00 00 00 00 00 00 00 00 00 00 00 00 00  ................
 00 00 00 00 00 00 00 00 00 00 00 00              ............
--
> 2022/08/27 04:26:21.359014  length=44 from=17 to=60
 04 02 00 27 00 ef 08 f0 af ce 6b 49 4a a6 b6 fb  ...'......kIJ...
 5e bc 0f e1 fb 00 00 00 00 00 00 00 00 00 00 00  ^...............
 00 00 00 00 00 01 08 00 02 04 00 00              ............
--
< 2022/08/27 04:26:21.375098  length=5 from=297 to=301
 04 02 00 00 00                                   .....
--
> 2022/08/27 04:26:21.455004  length=5 from=61 to=65
 04 04 00 00 00                                   .....
--
< 2022/08/27 04:26:21.471095  length=5 from=302 to=306
 04 04 00 00 00                                   .....
--
> 2022/08/27 04:26:21.646975  length=50 from=66 to=115
 04 03 00 2d 00 01 23 45 67 89 ab cd ef 01 23 45  ...-..#Eg.....#E
 67 89 ab cd ef 00 00 00 00 00 00 00 00 00 00 00  g...............
 03 00 01 23 45 67 89 ab cd ef 01 23 45 67 89 ab  ...#Eg.....#Eg..
 cd ef                                            ..
--
< 2022/08/27 04:26:21.663070  length=10 from=307 to=316
 04 83 00 00 00 04 03 00 00 00                    ..........
--
> 2022/08/27 04:26:21.966952  length=42 from=116 to=157
 04 4a 00 25 00 ef 08 f0 af ce 6b 49 4a a6 b6 fb  .J.%......kIJ...
 5e bc 0f e1 fb 00 00 01 00 00 01 23 45 67 89 ab  ^..........#Eg..
 cd ef 01 23 45 67 89 ab cd ef                    ...#Eg....
--
< 2022/08/27 04:26:21.983114  length=5 from=317 to=321
 04 4a 00 00 00                                   .J...
--
< 2022/08/27 04:26:22.507595  length=6 from=322 to=327
 04 84 00 01 00 00                                ......
--
< 2022/08/27 04:26:24.916420  length=26 from=328 to=353
 04 8e 00 15 00 00 00 01 00 ef 08 f0 af ce 6b 49  ..............kI
 4a a6 b6 fb 5e bc 0f e1 fb 01                    J...^.....
--
< 2022/08/27 04:26:25.152502  length=6 from=354 to=359
 04 85 00 01 00 00                                ......
--
> 2022/08/27 04:26:27.292288  length=10 from=158 to=167
 04 14 00 05 00 00 00 01 00 00                    ..........
--
< 2022/08/27 04:26:27.468415  length=28 from=360 to=387
 04 86 00 17 00 03 00 01 00 03 00 10 80 80 00 05  ................
 26 12 5a 33 af 47 ad e9 bc 24 60 2e              &.Z3.G...$`.
--
< 2022/08/27 04:26:27.500417  length=28 from=388 to=415
 04 86 00 17 00 03 00 01 00 03 00 10 80 80 00 25  ...............%
 71 8c 6c cd f6 5b f1 80 26 3f 99 81              q.l..[..&?..
--
< 2022/08/27 04:26:27.516358  length=5 from=416 to=420
 04 86 00 17 00                                   .....
--
< 2022/08/27 04:26:27.532458  length=23 from=421 to=443
 03 00 01 00 03 00 10 80 80 00 45 5c ed db e5 ba  ..........E\....
 eb a5 53 68 d1 03 67                             ..Sh..g
--
< 2022/08/27 04:26:27.564430  length=28 from=444 to=471
 04 86 00 17 00 03 00 01 00 03 00 10 80 80 00 65  ...............e
 01 41 7b 7d 54 b2 13 7e b5 80 e5 cb              .A{}T..~....
--
< 2022/08/27 04:26:27.580477  length=20 from=472 to=491
 04 86 00 17 00 03 00 01 00 03 00 10 80 80 00 85  ................
 4e 89 e7 cc                                      N...
--
< 2022/08/27 04:26:27.596289  length=8 from=492 to=499
 f4 d6 32 8f 88 61 20 dd                          ..2..a .
--
< 2022/08/27 04:26:28.092332  length=4 from=500 to=503
 04 86 00 17                                      ....
--
< 2022/08/27 04:26:28.108316  length=24 from=504 to=527
 00 03 00 01 00 03 00 10 80 80 00 05 26 12 5a 33  ............&.Z3
 af 47 ad e9 bc 24 60 2e                          .G...$`.
--
< 2022/08/27 04:26:28.139308  length=28 from=528 to=555
 04 86 00 17 00 03 00 01 00 03 00 10 80 80 00 25  ...............%
 71 8c 6c cd f6 5b f1 80 26 3f 99 81              q.l..[..&?..
--
< 2022/08/27 04:26:28.187286  length=28 from=556 to=583
 04 86 00 17 00 03 00 01 00 03 00 10 80 80 00 45  ...............E
 5c ed db e5 ba eb a5 53 68 d1 03 67              \......Sh..g
--
< 2022/08/27 04:26:28.219487  length=28 from=584 to=611
 04 86 00 17 00 03 00 01 00 03 00 10 80 80 00 65  ...............e
 01 41 7b 7d 54 b2 13 7e b5 80 e5 cb              .A{}T..~....
--
< 2022/08/27 04:26:28.251356  length=28 from=612 to=639
 04 86 00 17 00 03 00 01 00 03 00 10 80 80 00 85  ................
 4e 89 e7 cc f4 d6 32 8f 88 61 20 dd              N.....2..a .
--
< 2022/08/27 04:26:28.283204  length=77 from=640 to=716
 04 86 00 13 00 03 00 01 00 03 00 0c 80 80 00 a5  ................
 9d c4 99 49 b9 f7 47 bc 04 14 00 3a 00 3f 00 1a  ...I..G....:.?..
 00 00 01 08 00 03 00 07 00 16 00 00 00 02 00 04  ................
 00 30 bf 40 bf 32 bf 50 bf 52 bf 54 bf 56 bf 58  .0.@.2.P.R.T.V.X
 bf 01 00 03 00 05 00 31 bf 41 bf 33 bf           .......1.A.3.
--
< 2022/08/27 04:26:28.284108  length=10 from=717 to=726
 51 bf 53 bf 55 bf 57 bf 59 bf                    Q.S.U.W.Y.
--
> 2022/08/27 04:26:29.433679  length=9 from=168 to=176
 04 1c 00 04 00 00 00 01 00                       .........
--
< 2022/08/27 04:26:29.497813  length=33 from=727 to=759
 04 86 00 16 00 03 00 01 00 03 00 0f 80 80 30 00  ..............0.
 b8 ab a3 12 7b c6 4c 2f 8c 98 9f 04 1c 00 01 00  ....{.L/........
 01                                               .
--
> 2022/08/27 04:26:29.673633  length=10 from=177 to=186
 04 1d 00 05 00 00 00 01 00 00                    ..........
--
< 2022/08/27 04:26:29.737747  length=33 from=760 to=792
 04 86 00 16 00 03 00 01 00 03 00 0f 80 80 34 00  ..............4.
 46 d3 05 d5 14 50 8a aa 0d 58 3e 04 1d 00 01 00  F....P...X>.....
 00                                               .
--
Applying system reset.
Run.
