< 2024/08/24 16:04:47.441295  length=6 from=0 to=5
 00 03 ff 01 00 01                                ......
--
> 2024/08/24 16:04:47.455946  length=1 from=0 to=0
 00                                               .
--
> 2024/08/24 16:04:47.456945  length=4 from=1 to=4
 03 ff 00 00                                      ....
--
< 2024/08/24 16:04:47.487546  length=6 from=6 to=11
 00 03 ff 01 00 04                                ......
--
> 2024/08/24 16:04:47.488909  length=5 from=5 to=9
 00 03 ff 00 00                                   .....
--
< 2024/08/24 16:04:47.499912  length=6 from=12 to=17
 04 04 00 01 00 00                                ......
--
> 2024/08/24 16:04:47.763933  length=5 from=10 to=14
 04 04 00 00 00                                   .....
--
< 2024/08/24 16:04:47.805502  length=6 from=18 to=23
 00 03 ff 01 00 05                                ......
--
> 2024/08/24 16:04:47.806922  length=3 from=15 to=17
 00 03 ff                                         ...
--
> 2024/08/24 16:04:47.806990  length=2 from=18 to=19
 00 00                                            ..
--
< 2024/08/24 16:04:47.848654  length=5 from=24 to=28
 01 03 00 00 00                                   .....
--
> 2024/08/24 16:04:47.849938  length=6 from=20 to=25
 01 03 00 15 01 00                                ......
--
> 2024/08/24 16:04:47.850918  length=11 from=26 to=36
 00 00 00 00 00 13 06 02 00 13 02                 ...........
--
> 2024/08/24 16:04:47.850999  length=2 from=37 to=38
 00 00                                            ..
--
> 2024/08/24 16:04:47.851909  length=10 from=39 to=48
 00 00 00 62 74 70 5f 74 65 73                    ...btp_tes
--
> 2024/08/24 16:04:47.851988  length=1 from=49 to=49
 74                                               t
--
> 2024/08/24 16:04:47.852918  length=11 from=50 to=60
 65 72 00 00 00 00 00 00 00 00 00                 er.........
--
> 2024/08/24 16:04:47.853932  length=11 from=61 to=71
 00 00 00 00 00 00 00 00 00 00 00                 ...........
--
> 2024/08/24 16:04:47.854014  length=1 from=72 to=72
 00                                               .
--
> 2024/08/24 16:04:47.854909  length=11 from=73 to=83
 00 00 00 00 00 00 00 00 00 00 00                 ...........
--
> 2024/08/24 16:04:47.855927  length=12 from=84 to=95
 00 00 00 00 00 00 00 00 00 00 00 00              ............
--
> 2024/08/24 16:04:47.856917  length=11 from=96 to=106
 00 00 00 00 00 00 00 00 00 00 00                 ...........
--
> 2024/08/24 16:04:47.856998  length=1 from=107 to=107
 00                                               .
--
> 2024/08/24 16:04:47.857904  length=11 from=108 to=118
 00 00 00 00 00 00 00 00 00 00 00                 ...........
--
> 2024/08/24 16:04:47.858923  length=11 from=119 to=129
 00 00 00 00 00 00 00 00 00 00 00                 ...........
--
> 2024/08/24 16:04:47.859004  length=2 from=130 to=131
 00 00                                            ..
--
> 2024/08/24 16:04:47.859920  length=11 from=132 to=142
 00 00 00 00 00 00 00 00 00 00 00                 ...........
--
> 2024/08/24 16:04:47.860904  length=4 from=143 to=146
 00 00 00 00                                      ....
--
> 2024/08/24 16:04:47.860972  length=7 from=147 to=153
 00 00 00 00 00 00 00                             .......
--
> 2024/08/24 16:04:47.861037  length=1 from=154 to=154
 00                                               .
--
> 2024/08/24 16:04:47.861087  length=1 from=155 to=155
 00                                               .
--
> 2024/08/24 16:04:47.861928  length=9 from=156 to=164
 00 00 00 00 00 00 00 00 00                       .........
--
> 2024/08/24 16:04:47.862006  length=1 from=165 to=165
 00                                               .
--
> 2024/08/24 16:04:47.862057  length=1 from=166 to=166
 00                                               .
--
> 2024/08/24 16:04:47.862914  length=10 from=167 to=176
 00 00 00 00 00 00 00 00 00 00                    ..........
--
> 2024/08/24 16:04:47.863931  length=12 from=177 to=188
 00 00 00 00 00 00 00 00 00 00 00 00              ............
--
> 2024/08/24 16:04:47.864916  length=11 from=189 to=199
 00 00 00 00 00 00 00 00 00 00 00                 ...........
--
> 2024/08/24 16:04:47.864998  length=1 from=200 to=200
 00                                               .
--
> 2024/08/24 16:04:47.865920  length=11 from=201 to=211
 00 00 00 00 00 00 00 00 00 00 00                 ...........
--
> 2024/08/24 16:04:47.866003  length=1 from=212 to=212
 00                                               .
--
> 2024/08/24 16:04:47.866918  length=10 from=213 to=222
 00 00 00 00 00 00 00 00 00 00                    ..........
--
> 2024/08/24 16:04:47.866998  length=2 from=223 to=224
 00 00                                            ..
--
> 2024/08/24 16:04:47.867920  length=10 from=225 to=234
 00 00 00 00 00 00 00 00 00 00                    ..........
--
> 2024/08/24 16:04:47.868000  length=1 from=235 to=235
 00                                               .
--
> 2024/08/24 16:04:47.868908  length=11 from=236 to=246
 00 00 00 00 00 00 00 00 00 00 00                 ...........
--
> 2024/08/24 16:04:47.869919  length=11 from=247 to=257
 00 00 00 00 00 00 00 00 00 00 00                 ...........
--
> 2024/08/24 16:04:47.870001  length=2 from=258 to=259
 00 00                                            ..
--
> 2024/08/24 16:04:47.870920  length=10 from=260 to=269
 00 00 00 00 00 00 00 00 00 00                    ..........
--
> 2024/08/24 16:04:47.871000  length=1 from=270 to=270
 00                                               .
--
> 2024/08/24 16:04:47.871934  length=5 from=271 to=275
 00 00 00 00 00                                   .....
--
> 2024/08/24 16:04:47.872004  length=7 from=276 to=282
 00 00 00 00 00 00 00                             .......
--
> 2024/08/24 16:04:47.872906  length=10 from=283 to=292
 00 00 00 00 00 00 00 00 00 00                    ..........
--
> 2024/08/24 16:04:47.872985  length=1 from=293 to=293
 00                                               .
--
> 2024/08/24 16:04:47.873893  length=8 from=294 to=301
 00 00 00 00 00 00 00 00                          ........
--
< 2024/08/24 16:04:53.943686  length=61 from=29 to=89
 04 02 00 38 00 c7 e1 f6 42 17 77 4e 58 a0 53 e8  ...8....B.wNX.S.
 b4 ea ca 1a a4 00 00 00 00 00 00 00 00 00 00 00  ................
 00 00 00 00 00 00 00 00 00 00 00 00 00 00 00 00  ................
 00 00 00 00 00 10 00 00 00 00 00 00 00           .............
--
> 2024/08/24 16:04:53.951017  length=5 from=302 to=306
 04 02 00 00 00                                   .....
--
< 2024/08/24 16:04:53.967116  length=5 from=90 to=94
 04 78 00 00 00                                   .x...
--
> 2024/08/24 16:04:54.002985  length=1 from=307 to=307
 04                                               .
--
> 2024/08/24 16:04:54.003072  length=1 from=308 to=308
 83                                               .
--
> 2024/08/24 16:04:54.003973  length=8 from=309 to=316
 00 00 00 04 78 00 00 00                          ....x...
--
< 2024/08/24 16:04:54.097106  length=5 from=95 to=99
 04 05 00 00 00                                   .....
--
> 2024/08/24 16:04:54.490014  length=3 from=317 to=319
 04 05 00                                         ...
--
> 2024/08/24 16:04:54.490980  length=2 from=320 to=321
 00 00                                            ..
--
> 2024/08/24 16:04:54.559048  length=5 from=322 to=326
 04 84 00 01 00                                   .....
--
> 2024/08/24 16:04:54.560028  length=1 from=327 to=327
 00                                               .
--
> 2024/08/24 16:04:57.498068  length=5 from=328 to=332
 04 83 00 00 00                                   .....
--
> 2024/08/24 16:04:59.074101  length=6 from=333 to=338
 04 85 00 01 00 00                                ......
--
> 2024/08/24 16:04:59.946102  length=9 from=339 to=347
 04 86 00 16 00 03 00 01 00                       .........
--
> 2024/08/24 16:04:59.947117  length=11 from=348 to=358
 02 00 0f 80 80 00 00 00 be e9 a0                 ...........
--
> 2024/08/24 16:04:59.948116  length=7 from=359 to=365
 d7 1b 74 9a 64 d7 4b                             ..t.d.K
--
> 2024/08/24 16:04:59.949104  length=11 from=366 to=376
 04 8f 00 08 00 01 00 02 00 03 80                 ...........
--
> 2024/08/24 16:04:59.950153  length=2 from=377 to=378
 08 7f                                            ..
--
> 2024/08/24 16:05:00.070169  length=6 from=379 to=384
 04 86 00 16 00 03                                ......
--
> 2024/08/24 16:05:00.070264  length=1 from=385 to=385
 00                                               .
--
> 2024/08/24 16:05:00.071089  length=11 from=386 to=396
 01 00 02 00 0f 80 80 04 00 a3 cc                 ...........
--
> 2024/08/24 16:05:00.072126  length=9 from=397 to=405
 61 69 aa c8 29 5a 74 9b 9d                       ai..)Zt..
--
> 2024/08/24 16:05:00.072230  length=1 from=406 to=406
 04                                               .
--
> 2024/08/24 16:05:00.073082  length=11 from=407 to=417
 8f 00 08 00 01 00 02 00 03 80 08                 ...........
--
> 2024/08/24 16:05:00.074119  length=1 from=418 to=418
 01                                               .
--
> 2024/08/24 16:05:00.364192  length=3 from=419 to=421
 04 86 00                                         ...
--
> 2024/08/24 16:05:00.365172  length=11 from=422 to=432
 0e 00 07 01 01 00 02 00 07 00 00                 ...........
--
> 2024/08/24 16:05:00.366171  length=5 from=433 to=437
 0c 00 00 00 0f                                   .....
--
> 2024/08/24 16:05:00.516120  length=6 from=438 to=443
 04 86 00 16 00 03                                ......
--
> 2024/08/24 16:05:00.517141  length=12 from=444 to=455
 00 01 00 02 00 0f 80 80 0c 00 d3 d8              ............
--
> 2024/08/24 16:05:00.518071  length=9 from=456 to=464
 66 31 46 ec ab a4 0a                             f1F....
 52 c3                                            R.
--
> 2024/08/24 16:05:00.519140  length=9 from=465 to=473
 04 8f 00 08 00 01 00 02 00                       .........
--
> 2024/08/24 16:05:00.520122  length=4 from=474 to=477
 03 80 08 00                                      ....
--
> 2024/08/24 16:05:00.952134  length=10 from=478 to=487
 04 86 00 0e 00 07 01 01 00 02                    ..........
--
> 2024/08/24 16:05:00.953121  length=9 from=488 to=496
 00 07 00 00 20 00 00 00 3f                       .... ...?
--
> 2024/08/24 16:05:01.063202  length=5 from=497 to=501
 04 86 00 17 00                                   .....
--
> 2024/08/24 16:05:01.064232  length=12 from=502 to=513
 03 00 01 00 02 00 10 80 00 14 01 22              ..........."
--
> 2024/08/24 16:05:01.065190  length=11 from=514 to=524
 8e 47 cb 83 d1 77 a8 14 a0 ad 93                 .G...w.....
--
> 2024/08/24 16:05:01.120153  length=10 from=525 to=534
 04 86 00 17 00 03 00 01 00 02                    ..........
--
> 2024/08/24 16:05:01.120263  length=1 from=535 to=535
 00                                               .
--
> 2024/08/24 16:05:01.121113  length=11 from=536 to=546
 10 80 00 14 21 64 96 37 19 51 c4                 ....!d.7.Q.
--
> 2024/08/24 16:05:01.122144  length=6 from=547 to=552
 ce 6f 06 fa 1f 52                                .o...R
--
> 2024/08/24 16:05:01.123118  length=11 from=553 to=563
 04 8f 00 19 00 01 00 02 00 14 00                 ...........
--
> 2024/08/24 16:05:01.124182  length=12 from=564 to=575
 00 00 00 e4 b4 e2 7a 35 9b 8b 53 f4              ......z5..S.
--
> 2024/08/24 16:05:01.125169  length=7 from=576 to=582
 a3 9d 1b 30 1a 2a 79                             ...0.*y
--
> 2024/08/24 16:05:01.261118  length=3 from=583 to=585
 04 86 00                                         ...
--
> 2024/08/24 16:05:01.262160  length=12 from=586 to=597
 17 00 03 00 01 00 02 00 10 80 00 1c              ............
--
> 2024/08/24 16:05:01.263134  length=11 from=598 to=608
 00 66 30 31 22 f6 90 70 aa c1 a1                 .f01"..p...
--
> 2024/08/24 16:05:01.264151  length=9 from=609 to=617
 a0 8f 04 8f 00 0d 00 01 00                       .........
--
> 2024/08/24 16:05:01.264239  length=1 from=618 to=618
 02                                               .
--
> 2024/08/24 16:05:01.265067  length=10 from=619 to=628
 00 08 80 3d 02 00 00 00 02 00                    ...=......
--
> 2024/08/24 16:05:01.419113  length=3 from=629 to=631
 04 86 00                                         ...
--
> 2024/08/24 16:05:01.419205  length=1 from=632 to=632
 17                                               .
--
> 2024/08/24 16:05:01.420231  length=11 from=633 to=643
 00 03 00 01 00 02 00 10 80 00 20                 .......... 
--
> 2024/08/24 16:05:01.421194  length=12 from=644 to=655
 00 a1 6d 84 a5 35 98 c6 3c 25 56 a5              ..m..5..<%V.
--
> 2024/08/24 16:05:01.422211  length=9 from=656 to=664
 5f 04 8f 00 0d 00 01 00 02                       _........
--
> 2024/08/24 16:05:01.422292  length=1 from=665 to=665
 00                                               .
--
> 2024/08/24 16:05:01.423228  length=9 from=666 to=674
 08 80 3d 02 00 00 00 03 00                       ..=......
--
> 2024/08/24 16:05:01.544181  length=12 from=675 to=686
 04 86 00 17 00 03 00 01 00 02 00 10              ............
--
> 2024/08/24 16:05:01.545203  length=11 from=687 to=697
 80 00 24 00 d4 9a c8 38 d8 55 61                 ..$....8.Ua
--
> 2024/08/24 16:05:01.546148  length=9 from=698 to=706
 36 bd 25 b7 02 04 8f 00 0d                       6.%......
--
> 2024/08/24 16:05:01.547176  length=11 from=707 to=717
 00 01 00 02 00 08 80 3d 02 00 00                 .......=...
--
> 2024/08/24 16:05:01.548212  length=3 from=718 to=720
 00 01 14                                         ...
--
> 2024/08/24 16:05:01.685214  length=7 from=721 to=727
 04 86 00 17 00 03 00                             .......
--
> 2024/08/24 16:05:01.686230  length=13 from=728 to=740
 01 00 02 00 10 80 00 28 00 c9 87 f8 4e           .......(....N
--
> 2024/08/24 16:05:01.687232  length=9 from=741 to=749
 79 13 82 56 1e ed ad 76 04                       y..V...v.
--
> 2024/08/24 16:05:01.688210  length=11 from=750 to=760
 8f 00 0d 00 01 00 02 00 08 80 3d                 ..........=
--
> 2024/08/24 16:05:01.689204  length=6 from=761 to=766
 02 00 00 00 03 14                                ......
--
> 2024/08/24 16:05:01.827164  length=8 from=767 to=774
 04 86 00 17 00 03 00 01                          ........
--
> 2024/08/24 16:05:01.828235  length=11 from=775 to=785
 00 02 00 10 80 00 2c 00 f8 f2 9b                 ......,....
--
> 2024/08/24 16:05:01.829196  length=10 from=786 to=795
 dd f6 c5 16 cd c0 9d c6 fa 04                    ..........
--
> 2024/08/24 16:05:01.829279  length=1 from=796 to=796
 8f                                               .
--
> 2024/08/24 16:05:01.830135  length=10 from=797 to=806
 00 0d 00 01 00 02 00 08 80 3d                    .........=
--
> 2024/08/24 16:05:01.830218  length=1 from=807 to=807
 02                                               .
--
> 2024/08/24 16:05:01.831105  length=5 from=808 to=812
 00 00 00 00 14                                   .....
--
> 2024/08/24 16:05:01.967182  length=3 from=813 to=815
 04 86 00                                         ...
--
> 2024/08/24 16:05:01.968285  length=12 from=816 to=827
 17 00 03 00 01 00 02 00 10 80 00 30              ...........0
--
> 2024/08/24 16:05:01.969197  length=11 from=828 to=838
 00 71 06 40 d7 83 01 87 f5 4a a4                 .q.@.....J.
--
> 2024/08/24 16:05:01.970240  length=10 from=839 to=848
 5c fc 04 8f 00 0d 00 01 00 02                    \.........
--
> 2024/08/24 16:05:01.971137  length=10 from=849 to=858
 00 08 80 3d 02 00 00 00 04 14                    ...=......
--
> 2024/08/24 16:05:02.109119  length=7 from=859 to=865
 04 86 00 17 00 03 00                             .......
--
> 2024/08/24 16:05:02.110147  length=12 from=866 to=877
 01 00 02 00 10 80 00 34 00 27 1e 1c              .......4.'..
--
> 2024/08/24 16:05:02.111138  length=9 from=878 to=886
 33 e5 d3 42 bc 74 90 ef f0                       3..B.t...
--
> 2024/08/24 16:05:02.112168  length=12 from=887 to=898
 04 8f 00 0d 00 01 00 02 00 08 80 3d              ...........=
--
> 2024/08/24 16:05:02.113141  length=6 from=899 to=904
 02 00 00 00 14 00                                ......
--
> 2024/08/24 16:05:03.273177  length=5 from=905 to=909
 04 86 00 17 00                                   .....
--
> 2024/08/24 16:05:03.273283  length=1 from=910 to=910
 03                                               .
--
> 2024/08/24 16:05:03.274180  length=11 from=911 to=921
 00 01 00 02 00 10 80 00 38 00 1d                 ........8..
--
> 2024/08/24 16:05:03.275153  length=11 from=922 to=932
 68 8a 02 19 d5 83 9c 8f 40 81 4d                 h.......@.M
--
> 2024/08/24 16:05:03.276188  length=9 from=933 to=941
 04 8f 00 0d 00 01 00 02 00                       .........
--
> 2024/08/24 16:05:03.277241  length=9 from=942 to=950
 08 80 1b 02 00 00 c0 00 14                       .........
--
> 2024/08/24 16:05:03.414266  length=2 from=951 to=952
 04 86                                            ..
--
> 2024/08/24 16:05:03.415166  length=10 from=953 to=962
 00 15 00 03 00 01 00 02 00 0e                    ..........
--
> 2024/08/24 16:05:03.415255  length=2 from=963 to=964
 e5 80                                            ..
--
> 2024/08/24 16:05:03.416179  length=11 from=965 to=975
 3c 00 c3 0c 5f f4 1d 53 9e 96 e8                 <..._..S...
--
> 2024/08/24 16:05:03.417237  length=9 from=976 to=984
 67 04 8f 00 07 00 01 00 02                       g........
--
> 2024/08/24 16:05:03.418187  length=4 from=985 to=988
 00 02 83 06                                      ....
--
> 2024/08/24 16:05:03.574122  length=6 from=989 to=994
 04 86 00 0e 00 07                                ......
--
> 2024/08/24 16:05:03.575104  length=11 from=995 to=1005
 01 01 00 02 00 07 00 00 84 00 00                 ...........
--
> 2024/08/24 16:05:03.576090  length=2 from=1006 to=1007
 00 03                                            ..
--
> 2024/08/24 16:05:03.725194  length=10 from=1008 to=1017
 04 86 00 15 00 03 00 01 00 02                    ..........
--
> 2024/08/24 16:05:03.725295  length=1 from=1018 to=1018
 00                                               .
--
> 2024/08/24 16:05:03.726203  length=11 from=1019 to=1029
 0e e5 80 44 00 79 90 dd e9 56 69                 ...D.y...Vi
--
> 2024/08/24 16:05:03.727159  length=4 from=1030 to=1033
 19 f9 b1 13                                      ....
--
> 2024/08/24 16:05:03.728215  length=12 from=1034 to=1045
 04 8f 00 07 00 01 00 02 00 02 83 00              ............
--
< 2024/08/24 16:05:04.536024  length=16 from=100 to=115
 05 65 00 0b 00 11 00 00 00 00 00 00 11 05 00 03  .e..............
--
> 2024/08/24 16:05:04.556202  length=5 from=1046 to=1050
 05 65 00 00 00                                   .e...
--
> 2024/08/24 16:05:04.616232  length=7 from=1051 to=1057
 04 86 00 17 00 03 00                             .......
--
> 2024/08/24 16:05:04.616330  length=2 from=1058 to=1059
 01 00                                            ..
--
> 2024/08/24 16:05:04.617191  length=10 from=1060 to=1069
 02 00 10 e5 00 48 01 1b 5d 16                    .....H..].
--
> 2024/08/24 16:05:04.618200  length=9 from=1070 to=1078
 ff 4f 73 59 f0 26 d7 8e f2                       .OsY.&...
--
> 2024/08/24 16:05:04.671266  length=2 from=1079 to=1080
 04 86                                            ..
--
> 2024/08/24 16:05:04.672180  length=11 from=1081 to=1091
 00 15 00 03 00 01 00 02 00 0e e5                 ...........
--
> 2024/08/24 16:05:04.672279  length=2 from=1092 to=1093
 00 48                                            .H
--
> 2024/08/24 16:05:04.673135  length=10 from=1094 to=1103
 21 20 a2 e6 3c 38 17 3e 0e d9                    ! ..<8.>..
--
> 2024/08/24 16:05:04.674184  length=10 from=1104 to=1113
 9a 04 8f 00 17 00 01 00 02 00                    ..........
--
> 2024/08/24 16:05:04.675129  length=11 from=1114 to=1124
 12 83 01 40 11 00 00 00 00 00 00                 ...@.......
--
> 2024/08/24 16:05:04.676201  length=8 from=1125 to=1132
 11 00 0a                                         ...
 00 00 08 ff ff                                   .....
--
> 2024/08/24 16:05:04.897193  length=6 from=1133 to=1138
 04 86 00 0e 00 03                                ......
--
> 2024/08/24 16:05:04.897298  length=1 from=1139 to=1139
 01                                               .
--
> 2024/08/24 16:05:04.898143  length=10 from=1140 to=1149
 01 00 02 00 07 00 00 98 00 00                    ..........
--
> 2024/08/24 16:05:04.898229  length=1 from=1150 to=1150
 00                                               .
--
> 2024/08/24 16:05:04.899251  length=1 from=1151 to=1151
 07                                               .
--
> 2024/08/24 16:05:05.065243  length=10 from=1152 to=1161
 04 86 00 15 00 03 00 01 00 02                    ..........
--
> 2024/08/24 16:05:05.066259  length=12 from=1162 to=1173
 00 0e e5 00 54 00 21 e0 fd b4 e4 56              ....T.!....V
--
> 2024/08/24 16:05:05.067199  length=6 from=1174 to=1179
 97 1b f3 d2 04 8f                                ......
--
> 2024/08/24 16:05:05.068180  length=12 from=1180 to=1191
 00 0b 00 01 00 02 00 06 83 04 00 00              ............
--
> 2024/08/24 16:05:05.069231  length=2 from=1192 to=1193
 69 00                                            i.
--
> 2024/08/24 16:05:05.189157  length=2 from=1194 to=1195
 04 86                                            ..
--
> 2024/08/24 16:05:05.189244  length=1 from=1196 to=1196
 00                                               .
--
> 2024/08/24 16:05:05.190186  length=11 from=1197 to=1207
 17 00 03 00 01 00 02 00 10 e5 80                 ...........
--
> 2024/08/24 16:05:05.190273  length=1 from=1208 to=1208
 58                                               X
--
> 2024/08/24 16:05:05.191157  length=10 from=1209 to=1218
 01 aa a4 c7 91 bf ab 65 e5 9a                    .......e..
--
> 2024/08/24 16:05:05.191239  length=1 from=1219 to=1219
 9f                                               .
--
> 2024/08/24 16:05:05.192178  length=2 from=1220 to=1221
 f5 05                                            ..
--
> 2024/08/24 16:05:05.244271  length=4 from=1222 to=1225
 04 86 00 11                                      ....
--
> 2024/08/24 16:05:05.245278  length=12 from=1226 to=1237
 00 03 00 01 00 02 00 0a                          ........
 e5 80 58 21                                      ..X!
--
> 2024/08/24 16:05:05.246178  length=9 from=1238 to=1246
 59 d1 98 d0 d7 91 04 8f 00                       Y........
--
> 2024/08/24 16:05:05.247231  length=12 from=1247 to=1258
 0f 00 01 00 02 00 0a                             .......
 83 02 11 00 00                                   .....
--
> 2024/08/24 16:05:05.248181  length=5 from=1259 to=1263
 00 00 00 00 11                                   .....
--
> 2024/08/24 16:05:21.412392  length=5 from=1264 to=1268
 00 80 ff 00 00                                   .....
--
