Applying system reset.
Run.
Applying system reset.
Run.
< 2022/09/10 12:52:37.816492  length=5 from=0 to=4
 00 80 ff 00 00                                   .....
--
> 2022/09/10 12:52:37.910135  length=6 from=0 to=5
 00 03 ff 01 00 01                                ......
--
< 2022/09/10 12:52:37.925874  length=5 from=5 to=9
 00 03 ff 00 00                                   .....
--
> 2022/09/10 12:52:38.035095  length=5 from=6 to=10
 01 03 00 00 00                                   .....
--
< 2022/09/10 12:52:38.191495  length=74 from=10 to=83
 01 03 00 15 01 70 1f c4 76 e7 dc 13 06 00 00 13  .....p..v.......
 82 00 00 00 00 00 62 74 70 5f 74 65 73 74 65 72  ......btp_tester
 00 00 00 00 00 00 00 00 00 00 00 00 00 00 00 00  ................
 00 00 00 00 00 00 00 00 00 00 00 00 00 00 00 00  ................
 00 00 00 00 00 00 00 00 00 00                    ..........
--
< 2022/09/10 12:52:38.192887  length=22 from=84 to=105
 00 00 00 00 00 00 00 00 00 00 00 00 00 00 00 00  ................
 00 00 00 00 00 00                                ......
--
< 2022/09/10 12:52:38.193315  length=2 from=106 to=107
 00 00                                            ..
--
< 2022/09/10 12:52:38.207202  length=163 from=108 to=270
 00 00 00 00 00 00 00 00 00 00 00 00 00 00 00 00  ................
 00 00 00 00 00 00 00 00 00 00 00 00 00 00 00 00  ................
 00 00 00 00 00 00 00 00 00 00 00 00 00 00 00 00  ................
 00 00 00 00 00 00 00 00 00 00 00 00 00 00 00 00  ................
 00 00 00 00 00 00 00 00 00 00 00 00 00 00 00 00  ................
 00 00 00 00 00 00 00 00 00 00 00 00 00 00 00 00  ................
 00 00 00 00 00 00 00 00 00 00 00 00 00 00 00 00  ................
 00 00 00 00 00 00 00 00 00 00 00 00 00 00 00 00  ................
 00 00 00 00 00 00 00 00 00 00 00 00 00 00 00 00  ................
 00 00 00 00 00 00 00 00 00 00 00 00 00 00 00 00  ................
 00 00 00                                         ...
--
< 2022/09/10 12:52:38.208896  length=21 from=271 to=291
 00 00 00 00 00 00 00 00 00 00 00 00 00 00 00 00  ................
 00 00 00 00 00                                   .....
--
> 2022/09/10 12:52:38.348108  length=6 from=11 to=16
 00 03 ff 01 00 02                                ......
--
< 2022/09/10 12:52:38.363348  length=5 from=292 to=296
 00 03 ff 00 00                                   .....
--
> 2022/09/10 12:52:41.425725  length=6 from=17 to=22
 01 10 00 01 00 03                                ......
--
< 2022/09/10 12:52:41.441467  length=5 from=297 to=301
 01 10 00 00 00                                   .....
--
> 2022/09/10 12:52:42.831969  length=27 from=23 to=49
 01 0a                                            ..
 00 16 00 0f 00 09 0d 54 65 73 74 65 72 5f 35 36  .......Tester_56
 43 39 45 46 ff ff ff ff 00                       C9EF.....
--
< 2022/09/10 12:52:42.847716  length=9 from=302 to=310
 01 0a                                            ..
 00 04 00 13 86 00 00                             .......
--
< 2022/09/10 12:52:43.176507  length=18 from=311 to=328
 01 82 00 0d 00 00 ef c9 56 e8 07 c0 38 00 00 00  ........V...8...
 d0 07                                            ..
--
< 2022/09/10 12:52:44.457063  length=5 from=329 to=333
 01 89 00 08 00                                   .....
--
< 2022/09/10 12:52:44.472822  length=8 from=334 to=341
 00 ef c9 56 e8 07 c0 02                          ...V....
--
> 2022/09/10 12:52:44.535101  length=15 from=50 to=64
 02 1b 00 0a                                      ....
 00 00 ef c9 56 e8 07 c0 01 0d 00                 ....V......
--
< 2022/09/10 12:52:44.925819  length=5 from=342 to=346
 02 1b 00 00 00                                   .....
--
< 2022/09/10 12:53:15.301004  length=12 from=347 to=358
 01 83 00 07 00 00 ef c9 56 e8 07 c0              ........V...
--
< 2022/09/10 12:53:15.863529  length=18 from=359 to=376
 01 82 00 0d 00 00 ef c9 56 e8 07 c0 38 00 00 00  ........V...8...
 d0 07                                            ..
--
> 2022/09/10 12:53:21.467414  length=12 from=65 to=76
 01 11 00 07 00 00 ef c9 56 e8 07 c0              ........V...
--
< 2022/09/10 12:53:21.483091  length=6 from=377 to=382
 01 00 00 01 00 01                                ......
--
< 2022/09/10 12:53:21.608946  length=13 from=383 to=395
 01 89 00 08 00 00 ef c9 56 e8 07 c0 02           ........V....
--
< 2022/09/10 12:53:21.749398  length=18 from=396 to=413
 02 80 00 0d 00 00 ef c9 56 e8 07 c0 02 0b 00 01  ........V.......
 00 62                                            .b
--
< 2022/09/10 12:53:22.029316  length=12 from=414 to=425
 01 83 00 07 00 00 ef c9 56 e8 07 c0              ........V...
--
Applying system reset.
Run.
