*** Booting Zephyr OS build 4.1.99 ***
[00:00:00.250,732] <dbg> bttester: tester_init: Initializing tester
[00:00:05.873,992] <dbg> bttester: cmd_handler: cmd service 0x00 opcode 0x03 index 0xff
[00:00:05.879,974] <inf> bt_hci_core: HW Platform: Nordic Semiconductor (0x0002)
[00:00:05.880,004] <inf> bt_hci_core: HW Variant: nRF52x (0x0002)
[00:00:05.880,035] <inf> bt_hci_core: Firmware: Standard Bluetooth controller (0x00) Version 4.1 Build 99
[00:00:05.880,981] <inf> bt_hci_core: Identity: DC:E7:76:C4:1F:70 (random)
[00:00:05.881,011] <inf> bt_hci_core: HCI: version 5.4 (0x0d) revision 0x0000, manufacturer 0x05f1
[00:00:05.881,042] <inf> bt_hci_core: LMP: version 5.4 (0x0d) subver 0xffff
[00:00:05.881,072] <dbg> bttester: tester_rsp_with_index: service 0x00 opcode 0x03 index 0xff status 0x00
[00:00:05.943,298] <dbg> bttester: cmd_handler: cmd service 0x00 opcode 0x03 index 0xff
[00:00:05.943,328] <dbg> bttester: tester_rsp_with_index: service 0x00 opcode 0x03 index 0xff status 0x00
[00:00:05.964,599] <dbg> bttester: cmd_handler: cmd service 0x00 opcode 0x03 index 0xff
[00:00:05.964,630] <dbg> bttester: tester_rsp_with_index: service 0x00 opcode 0x03 index 0xff status 0x00
[00:00:06.007,171] <dbg> bttester: cmd_handler: cmd service 0x04 opcode 0x04 index 0x00
[00:00:06.007,171] <wrn> bttester_mesh: Loading default comp data
[00:00:06.007,446] <wrn> bt_mesh_access: Unused space in relation list: 2
[00:00:06.434,356] <dbg> bttester: tester_rsp_with_index: service 0x04 opcode 0x04 index 0x00 status 0x00
[00:00:06.469,238] <dbg> bttester: cmd_handler: cmd service 0x01 opcode 0x03 index 0x00
[00:00:12.841,613] <dbg> bttester: cmd_handler: cmd service 0x04 opcode 0x02 index 0x00
[00:00:12.841,644] <dbg> bttester_mesh: config_prov: 
[00:00:12.841,674] <dbg> bttester: tester_rsp_with_index: service 0x04 opcode 0x02 index 0x00 status 0x00
[00:00:12.879,028] <dbg> bttester: cmd_handler: cmd service 0x04 opcode 0x78 index 0x00
[00:00:12.879,058] <dbg> bttester_mesh: start: 
[00:00:12.879,180] <inf> bt_mesh_provisionee: Device UUID: 35d2fa06-8cd6-4f96-a7af-2a6aea232d4d
[00:00:12.880,737] <inf> bt_mesh_provisionee: Device UUID: 35d2fa06-8cd6-4f96-a7af-2a6aea232d4d
[00:00:12.880,767] <dbg> bttester: tester_rsp_with_index: service 0x04 opcode 0x78 index 0x00 status 0x00
[00:00:12.900,665] <dbg> bttester_mesh: link_open: bearer 0x01
[00:00:12.900,665] <dbg> bttester: tester_event: service 0x04 opcode 0x84
[00:00:14.872,344] <inf> bt_mesh_main: Primary Element: 0x0002
[00:00:14.879,302] <dbg> bttester_mesh: prov_complete: net_idx 0x0000 addr 0x0002
[00:00:14.879,302] <dbg> bttester: tester_event: service 0x04 opcode 0x83
[00:00:16.617,401] <dbg> bttester_mesh: link_close: bearer 0x01
[00:00:16.617,431] <dbg> bttester: tester_event: service 0x04 opcode 0x85
[00:00:17.304,992] <dbg> bttester_mesh: net_recv_ev: ttl 0x03 ctl 0x00 src 0x0001 dst 0x0002 payload_len 15
[00:00:17.304,992] <dbg> bttester: tester_event: service 0x04 opcode 0x86
[00:00:17.308,319] <dbg> bttester_mesh: model_recv_ev: src 0x0001 dst 0x0002 payload_len 3
[00:00:17.308,349] <dbg> bttester: tester_event: service 0x04 opcode 0x8f
[00:00:17.395,080] <dbg> bttester_mesh: net_recv_ev: ttl 0x03 ctl 0x00 src 0x0001 dst 0x0002 payload_len 15
[00:00:17.395,111] <dbg> bttester: tester_event: service 0x04 opcode 0x86
[00:00:17.398,406] <dbg> bttester_mesh: model_recv_ev: src 0x0001 dst 0x0002 payload_len 3
[00:00:17.398,406] <dbg> bttester: tester_event: service 0x04 opcode 0x8f
[00:00:17.740,539] <dbg> bttester_mesh: net_recv_ev: ttl 0x07 ctl 0x01 src 0x0001 dst 0x0002 payload_len 7
[00:00:17.740,600] <dbg> bttester: tester_event: service 0x04 opcode 0x86
[00:00:17.891,235] <dbg> bttester_mesh: net_recv_ev: ttl 0x03 ctl 0x00 src 0x0001 dst 0x0002 payload_len 15
[00:00:17.891,265] <dbg> bttester: tester_event: service 0x04 opcode 0x86
[00:00:17.894,592] <dbg> bttester_mesh: model_recv_ev: src 0x0001 dst 0x0002 payload_len 3
[00:00:17.894,592] <dbg> bttester: tester_event: service 0x04 opcode 0x8f
[00:00:18.407,745] <dbg> bttester_mesh: net_recv_ev: ttl 0x07 ctl 0x01 src 0x0001 dst 0x0002 payload_len 7
[00:00:18.407,775] <dbg> bttester: tester_event: service 0x04 opcode 0x86
[00:00:19.565,124] <dbg> bttester_mesh: net_recv_ev: ttl 0x03 ctl 0x00 src 0x0001 dst 0x0002 payload_len 15
[00:00:19.565,185] <dbg> bttester: tester_event: service 0x04 opcode 0x86
[00:00:19.568,481] <dbg> bttester_mesh: model_recv_ev: src 0x0001 dst 0x0002 payload_len 3
[00:00:19.568,511] <dbg> bttester: tester_event: service 0x04 opcode 0x8f
[00:00:19.656,372] <dbg> bttester_mesh: net_recv_ev: ttl 0x03 ctl 0x00 src 0x0001 dst 0x0002 payload_len 15
[00:00:19.656,402] <dbg> bttester: tester_event: service 0x04 opcode 0x86
[00:00:19.659,698] <dbg> bttester_mesh: model_recv_ev: src 0x0001 dst 0x0002 payload_len 3
[00:00:19.659,729] <dbg> bttester: tester_event: service 0x04 opcode 0x8f
[00:00:19.662,658] <wrn> bt_mesh_crypto: Enc beacon: 0x00, 0x0000000a
[00:00:50.926,696] <dbg> bttester: cmd_handler: cmd service 0x04 opcode 0x08 index 0x00
[00:00:50.926,727] <dbg> bttester_mesh: ivu_test_mode: enable 0x01
[00:00:50.926,727] <dbg> bttester: tester_rsp_with_index: service 0x04 opcode 0x08 index 0x00 status 0x00
[00:01:09.800,292] <wrn> bt_mesh_crypto: Enc beacon: 0x02, 0x0000000b
[00:01:29.827,697] <wrn> bt_mesh_crypto: Enc beacon: 0x00, 0x0000000b
[00:01:40.977,661] <dbg> bttester: cmd_handler: cmd service 0x04 opcode 0x08 index 0x00
[00:01:40.977,722] <dbg> bttester_mesh: ivu_test_mode: enable 0x00
[00:01:40.977,722] <dbg> bttester: tester_rsp_with_index: service 0x04 opcode 0x08 index 0x00 status 0x00
[00:01:42.067,230] <wrn> bt_mesh_net: IV Update before minimum duration
