2023-12-16 06:35:37,723 LT1-thread root DEBUG client.py                 898   _run_test_case            : Starting TestCase _run_test_case HAS HAS/SR/SPE/BI-08-C
2023-12-16 06:35:37,723 LT1-thread root DEBUG testcase.py               707   pre_run                   : pre_run HAS HAS/SR/SPE/BI-08-C
2023-12-16 06:35:37,723 LT1-thread root DEBUG testcase.py               709   pre_run                   : About to run test case HAS HAS/SR/SPE/BI-08-C with commands:
2023-12-16 06:35:37,724 LT1-thread root DEBUG testcase.py               712   pre_run                   : 0) class=<class 'autopts.ptsprojects.testcase.TestFunc'>, func=<bound method Stack.core_init of <autopts.ptsprojects.stack.Stack object at 0x00000279553EE350>> start_wid=None stop_wid=None post_wid=None skip_call=None call_count=0 args=() kwds={}
2023-12-16 06:35:37,724 LT1-thread root DEBUG testcase.py               712   pre_run                   : 1) class=<class 'autopts.ptsprojects.testcase.TestFunc'>, func=<bound method ZephyrCtl.hw_reset of <autopts.ptsprojects.zephyr.iutctl.ZephyrCtl object at 0x00000279553BA8C0>> start_wid=None stop_wid=None post_wid=None skip_call=None call_count=0 args=() kwds={}
2023-12-16 06:35:37,724 LT1-thread root DEBUG testcase.py               712   pre_run                   : 2) class=<class 'autopts.ptsprojects.testcase.TestFunc'>, func=<bound method ZephyrCtl.start of <autopts.ptsprojects.zephyr.iutctl.ZephyrCtl object at 0x00000279553BA8C0>> start_wid=None stop_wid=None post_wid=None skip_call=None call_count=0 args=(<autopts.ptsprojects.zephyr.ztestcase.ZTestCase object at 0x00000279554C7FA0>,) kwds={}
2023-12-16 06:35:37,724 LT1-thread root DEBUG testcase.py               712   pre_run                   : 3) class=<class 'autopts.ptsprojects.testcase.TestFunc'>, func=<bound method ZephyrCtl.hw_reset of <autopts.ptsprojects.zephyr.iutctl.ZephyrCtl object at 0x00000279553BA8C0>> start_wid=None stop_wid=None post_wid=None skip_call=None call_count=0 args=() kwds={}
2023-12-16 06:35:37,724 LT1-thread root DEBUG testcase.py               712   pre_run                   : 4) class=<class 'autopts.ptsprojects.testcase.TestFunc'>, func=<bound method ZephyrCtl.wait_iut_ready_event of <autopts.ptsprojects.zephyr.iutctl.ZephyrCtl object at 0x00000279553BA8C0>> start_wid=None stop_wid=None post_wid=None skip_call=None call_count=0 args=(False,) kwds={}
2023-12-16 06:35:37,724 LT1-thread root DEBUG testcase.py               712   pre_run                   : 5) class=<class 'autopts.ptsprojects.testcase.TestFunc'>, func=<function core_reg_svc_gap at 0x0000027953894040> start_wid=None stop_wid=None post_wid=None skip_call=None call_count=28 args=() kwds={}
2023-12-16 06:35:37,724 LT1-thread root DEBUG testcase.py               712   pre_run                   : 6) class=<class 'autopts.ptsprojects.testcase.TestFunc'>, func=<bound method Stack.gap_init of <autopts.ptsprojects.stack.Stack object at 0x00000279553EE350>> start_wid=None stop_wid=None post_wid=None skip_call=None call_count=28 args=(b'Tester_790D90',) kwds={}
2023-12-16 06:35:37,724 LT1-thread root DEBUG testcase.py               712   pre_run                   : 7) class=<class 'autopts.ptsprojects.testcase.TestFunc'>, func=<function gap_read_ctrl_info at 0x0000027953897A30> start_wid=None stop_wid=None post_wid=None skip_call=None call_count=28 args=() kwds={}
2023-12-16 06:35:37,724 LT1-thread root DEBUG testcase.py               712   pre_run                   : 8) class=<class 'autopts.ptsprojects.testcase.TestFunc'>, func=<function test_cases.<locals>.<lambda> at 0x0000027955438670> start_wid=None stop_wid=None post_wid=None skip_call=None call_count=28 args=() kwds={}
2023-12-16 06:35:37,724 LT1-thread root DEBUG testcase.py               712   pre_run                   : 9) class=<class 'autopts.ptsprojects.testcase.TestFunc'>, func=<function core_reg_svc_gatt at 0x0000027953894160> start_wid=None stop_wid=None post_wid=None skip_call=None call_count=28 args=() kwds={}
2023-12-16 06:35:37,724 LT1-thread root DEBUG testcase.py               712   pre_run                   : 10) class=<class 'autopts.ptsprojects.testcase.TestFunc'>, func=<function set_pts_addr at 0x0000027953807D90> start_wid=None stop_wid=None post_wid=None skip_call=None call_count=28 args=('C0:07:E8:79:0D:90', 0) kwds={}
2023-12-16 06:35:37,724 LT1-thread root DEBUG testcase.py               712   pre_run                   : 11) class=<class 'autopts.ptsprojects.testcase.TestFunc'>, func=<function gap_set_conn at 0x0000027953897400> start_wid=None stop_wid=None post_wid=None skip_call=None call_count=28 args=() kwds={}
2023-12-16 06:35:37,725 LT1-thread root DEBUG testcase.py               712   pre_run                   : 12) class=<class 'autopts.ptsprojects.testcase.TestFunc'>, func=<function gap_set_gendiscov at 0x00000279538975B0> start_wid=None stop_wid=None post_wid=None skip_call=None call_count=28 args=() kwds={}
2023-12-16 06:35:37,725 LT1-thread root DEBUG testcase.py               712   pre_run                   : 13) class=<class 'autopts.ptsprojects.testcase.TestFunc'>, func=<function core_reg_svc_has at 0x0000027953894A60> start_wid=None stop_wid=None post_wid=None skip_call=None call_count=28 args=() kwds={}
2023-12-16 06:35:37,725 LT1-thread root DEBUG testcase.py               712   pre_run                   : 14) class=<class 'autopts.ptsprojects.testcase.TestFunc'>, func=<function has_add_preset at 0x00000279539568C0> start_wid=None stop_wid=None post_wid=None skip_call=None call_count=28 args=(1, <PresetProperty.BT_HAS_PROP_AVAILABLE|BT_HAS_PROP_WRITABLE: 3>, 'PRESET_1') kwds={}
2023-12-16 06:35:37,725 LT1-thread root DEBUG testcase.py               712   pre_run                   : 15) class=<class 'autopts.ptsprojects.testcase.TestFunc'>, func=<function has_add_preset at 0x00000279539568C0> start_wid=None stop_wid=None post_wid=None skip_call=None call_count=28 args=(2, <PresetProperty.BT_HAS_PROP_AVAILABLE|BT_HAS_PROP_WRITABLE: 3>, 'PRESET_2') kwds={}
2023-12-16 06:35:37,725 LT1-thread root DEBUG testcase.py               712   pre_run                   : 16) class=<class 'autopts.ptsprojects.testcase.TestFunc'>, func=<function has_add_preset at 0x00000279539568C0> start_wid=None stop_wid=None post_wid=None skip_call=None call_count=28 args=(4, <PresetProperty.BT_HAS_PROP_AVAILABLE: 2>, 'PRESET_4') kwds={}
2023-12-16 06:35:37,725 LT1-thread root DEBUG testcase.py               712   pre_run                   : 17) class=<class 'autopts.ptsprojects.testcase.TestFunc'>, func=<function has_add_preset at 0x00000279539568C0> start_wid=None stop_wid=None post_wid=None skip_call=None call_count=28 args=(3, <PresetProperty.BT_HAS_PROP_NONE: 0>, 'PRESET_3') kwds={}
2023-12-16 06:35:37,725 LT1-thread root DEBUG testcase.py               712   pre_run                   : 18) class=<class 'autopts.ptsprojects.testcase.TestFuncCleanUp'>, func=<bound method Stack.cleanup of <autopts.ptsprojects.stack.Stack object at 0x00000279553EE350>> start_wid=None stop_wid=None post_wid=None skip_call=None call_count=0 args=() kwds={}
2023-12-16 06:35:37,725 LT1-thread root DEBUG testcase.py               712   pre_run                   : 19) class=<class 'autopts.ptsprojects.testcase.TestFuncCleanUp'>, func=<bound method ZephyrCtl.stop of <autopts.ptsprojects.zephyr.iutctl.ZephyrCtl object at 0x00000279553BA8C0>> start_wid=None stop_wid=None post_wid=None skip_call=None call_count=0 args=() kwds={}
2023-12-16 06:35:37,725 LT1-thread root DEBUG testcase.py               719   pre_run                   : pre_run, run pre test case script
2023-12-16 06:35:37,729 LT1-thread root DEBUG testcase.py               253   start                     : Starting test function: class=<class 'autopts.ptsprojects.testcase.TestFunc'>, func=<bound method Stack.core_init of <autopts.ptsprojects.stack.Stack object at 0x00000279553EE350>> start_wid=None stop_wid=None post_wid=None skip_call=None call_count=1 args=() kwds={}
2023-12-16 06:35:37,729 LT1-thread root DEBUG testcase.py               265   start                     : Test function parameters: args=(), kwds={}
2023-12-16 06:35:37,729 LT1-thread root DEBUG testcase.py               253   start                     : Starting test function: class=<class 'autopts.ptsprojects.testcase.TestFunc'>, func=<bound method ZephyrCtl.hw_reset of <autopts.ptsprojects.zephyr.iutctl.ZephyrCtl object at 0x00000279553BA8C0>> start_wid=None stop_wid=None post_wid=None skip_call=None call_count=1 args=() kwds={}
2023-12-16 06:35:37,729 LT1-thread root DEBUG testcase.py               265   start                     : Test function parameters: args=(), kwds={}
2023-12-16 06:35:37,729 LT1-thread root DEBUG testcase.py               253   start                     : Starting test function: class=<class 'autopts.ptsprojects.testcase.TestFunc'>, func=<bound method ZephyrCtl.start of <autopts.ptsprojects.zephyr.iutctl.ZephyrCtl object at 0x00000279553BA8C0>> start_wid=None stop_wid=None post_wid=None skip_call=None call_count=1 args=(<autopts.ptsprojects.zephyr.ztestcase.ZTestCase object at 0x00000279554C7FA0>,) kwds={}
2023-12-16 06:35:37,729 LT1-thread root DEBUG testcase.py               265   start                     : Test function parameters: args=(<autopts.ptsprojects.zephyr.ztestcase.ZTestCase object at 0x00000279554C7FA0>,), kwds={}
2023-12-16 06:35:37,729 LT1-thread root DEBUG iutctl.py                 103   start                     : <class 'autopts.ptsprojects.zephyr.iutctl.ZephyrCtl'>.start
2023-12-16 06:35:37,730 LT1-thread root DEBUG iutctl.py                 168   flush_serial              : <class 'autopts.ptsprojects.zephyr.iutctl.ZephyrCtl'>.flush_serial
2023-12-16 06:35:38,848 LT1-thread root DEBUG iutctl.py                 133   start                     : Starting socat process: socat.exe -x -v tcp:192.168.9.44:50251,retry=100,interval=1 /dev/ttyS7,raw,b115200
2023-12-16 06:35:38,852 LT1-thread root DEBUG iutctl_common.py          293   accept                    : accept
2023-12-16 06:35:38,878 BTPWorkerThread-15465 (_rx_task) root DEBUG iutctl_common.py          198   _rx_task                  : BTPWorkerThread-15465 (_rx_task) started
2023-12-16 06:35:38,878 LT1-thread root DEBUG testcase.py               253   start                     : Starting test function: class=<class 'autopts.ptsprojects.testcase.TestFunc'>, func=<bound method ZephyrCtl.hw_reset of <autopts.ptsprojects.zephyr.iutctl.ZephyrCtl object at 0x00000279553BA8C0>> start_wid=None stop_wid=None post_wid=None skip_call=None call_count=1 args=() kwds={}
2023-12-16 06:35:38,878 LT1-thread root DEBUG testcase.py               265   start                     : Test function parameters: args=(), kwds={}
2023-12-16 06:35:38,878 LT1-thread root DEBUG testcase.py               253   start                     : Starting test function: class=<class 'autopts.ptsprojects.testcase.TestFunc'>, func=<bound method ZephyrCtl.wait_iut_ready_event of <autopts.ptsprojects.zephyr.iutctl.ZephyrCtl object at 0x00000279553BA8C0>> start_wid=None stop_wid=None post_wid=None skip_call=None call_count=1 args=(False,) kwds={}
2023-12-16 06:35:38,878 LT1-thread root DEBUG testcase.py               265   start                     : Test function parameters: args=(False,), kwds={}
2023-12-16 06:35:38,880 LT1-thread root DEBUG iutctl.py                 227   wait_iut_ready_event      : IUT ready event received OK
2023-12-16 06:35:38,880 LT1-thread root DEBUG rtt.py                    227   start                     : <class 'autopts.rtt.RTTLogger'>.start
2023-12-16 06:35:38,880 LT1-thread root DEBUG rtt.py                    87    start                     : <class 'autopts.rtt.RTT'>.start
2023-12-16 06:35:40,667 LT1-thread root DEBUG testcase.py               253   start                     : Starting test function: class=<class 'autopts.ptsprojects.testcase.TestFunc'>, func=<function core_reg_svc_gap at 0x0000027953894040> start_wid=None stop_wid=None post_wid=None skip_call=None call_count=29 args=() kwds={}
2023-12-16 06:35:40,668 LT1-thread root DEBUG testcase.py               265   start                     : Test function parameters: args=(), kwds={}
2023-12-16 06:35:40,668 LT1-thread root DEBUG btp.py                    424   core_reg_svc_gap          : core_reg_svc_gap
2023-12-16 06:35:40,668 LT1-thread root DEBUG iutctl_common.py          106   send                      : send, 0 3 255 '1'
2023-12-16 06:35:40,669 LT1-thread root DEBUG iutctl_common.py          111   send                      : sending frame '0003ff010001'
2023-12-16 06:35:40,670 LT1-thread root DEBUG btp.py                    632   core_reg_svc_rsp_succ     : core_reg_svc_rsp_succ
2023-12-16 06:35:40,670 LT1-thread root DEBUG iutctl_common.py          230   read                      : read
2023-12-16 06:35:40,826 BTPWorkerThread-15465 (_rx_task) root DEBUG iutctl_common.py          76    read                      : Read 5 bytes
2023-12-16 06:35:40,842 BTPWorkerThread-15465 (_rx_task) root DEBUG iutctl_common.py          83    read                      : Received: hdr: Header(svc_id=0, op=3, ctrl_index=255, data_len=0) bytearray(b'\x00\x03\xff\x00\x00')
2023-12-16 06:35:40,842 BTPWorkerThread-15465 (_rx_task) root DEBUG iutctl_common.py          99    read                      : Received data: {''}, bytearray(b'')
2023-12-16 06:35:40,858 LT1-thread root DEBUG btp.py                    643   core_reg_svc_rsp_succ     : received Header(svc_id=0, op=3, ctrl_index=255, data_len=0) (b'',)
2023-12-16 06:35:40,858 LT1-thread root DEBUG btp.py                    644   core_reg_svc_rsp_succ     : expected ((0, 3, 255, 0), (b'',))
2023-12-16 06:35:40,858 LT1-thread root DEBUG btp.py                    649   core_reg_svc_rsp_succ     : response is valid
2023-12-16 06:35:40,858 LT1-thread root DEBUG testcase.py               253   start                     : Starting test function: class=<class 'autopts.ptsprojects.testcase.TestFunc'>, func=<bound method Stack.gap_init of <autopts.ptsprojects.stack.Stack object at 0x00000279553EE350>> start_wid=None stop_wid=None post_wid=None skip_call=None call_count=29 args=(b'Tester_790D90',) kwds={}
2023-12-16 06:35:40,858 LT1-thread root DEBUG testcase.py               265   start                     : Test function parameters: args=(b'Tester_790D90',), kwds={}
2023-12-16 06:35:40,858 LT1-thread root DEBUG testcase.py               253   start                     : Starting test function: class=<class 'autopts.ptsprojects.testcase.TestFunc'>, func=<function gap_read_ctrl_info at 0x0000027953897A30> start_wid=None stop_wid=None post_wid=None skip_call=None call_count=29 args=() kwds={}
2023-12-16 06:35:40,858 LT1-thread root DEBUG testcase.py               265   start                     : Test function parameters: args=(), kwds={}
2023-12-16 06:35:40,859 LT1-thread root DEBUG gap.py                    932   gap_read_ctrl_info        : gap_read_ctrl_info
2023-12-16 06:35:40,859 LT1-thread root DEBUG iutctl_common.py          106   send                      : send, 1 3 0 ''
2023-12-16 06:35:40,859 LT1-thread root DEBUG iutctl_common.py          111   send                      : sending frame '0103000000'
2023-12-16 06:35:40,859 LT1-thread root DEBUG iutctl_common.py          230   read                      : read
2023-12-16 06:35:40,985 BTPWorkerThread-15465 (_rx_task) root DEBUG iutctl_common.py          76    read                      : Read 5 bytes
2023-12-16 06:35:41,001 BTPWorkerThread-15465 (_rx_task) root DEBUG iutctl_common.py          83    read                      : Received: hdr: Header(svc_id=1, op=3, ctrl_index=0, data_len=277) bytearray(b'\x01\x03\x00\x15\x01')
2023-12-16 06:35:41,033 BTPWorkerThread-15465 (_rx_task) root DEBUG iutctl_common.py          91    read                      : Read 277 bytes data
2023-12-16 06:35:41,048 BTPWorkerThread-15465 (_rx_task) root DEBUG iutctl_common.py          99    read                      : Received data: {'c3 51 0b 1b b8 d7 13 06 02 00 13 82 00 00 00 00 00 62 74 70 5f 74 65 73 74 65 72 00 00 00 00 00 00 00 00 00 00 00 00 00 00 00 00 00 00 00 00 00 00 00 00 00 00 00 00 00 00 00 00 00 00 00 00 00 00 00 00 00 00 00 00 00 00 00 00 00 00 00 00 00 00 00 00 00 00 00 00 00 00 00 00 00 00 00 00 00 00 00 00 00 00 00 00 00 00 00 00 00 00 00 00 00 00 00 00 00 00 00 00 00 00 00 00 00 00 00 00 00 00 00 00 00 00 00 00 00 00 00 00 00 00 00 00 00 00 00 00 00 00 00 00 00 00 00 00 00 00 00 00 00 00 00 00 00 00 00 00 00 00 00 00 00 00 00 00 00 00 00 00 00 00 00 00 00 00 00 00 00 00 00 00 00 00 00 00 00 00 00 00 00 00 00 00 00 00 00 00 00 00 00 00 00 00 00 00 00 00 00 00 00 00 00 00 00 00 00 00 00 00 00 00 00 00 00 00 00 00 00 00 00 00 00 00 00 00 00 00 00 00 00 00 00 00 00 00 00 00 00 00 00 00 00 00 00 00 00 00 00 00 00 00 00 00 00 00 00 00'}, bytearray(b'\xc3Q\x0b\x1b\xb8\xd7\x13\x06\x02\x00\x13\x82\x00\x00\x00\x00\x00btp_tester\x00\x00\x00\x00\x00\x00\x00\x00\x00\x00\x00\x00\x00\x00\x00\x00\x00\x00\x00\x00\x00\x00\x00\x00\x00\x00\x00\x00\x00\x00\x00\x00\x00\x00\x00\x00\x00\x00\x00\x00\x00\x00\x00\x00\x00\x00\x00\x00\x00\x00\x00\x00\x00\x00\x00\x00\x00\x00\x00\x00\x00\x00\x00\x00\x00\x00\x00\x00\x00\x00\x00\x00\x00\x00\x00\x00\x00\x00\x00\x00\x00\x00\x00\x00\x00\x00\x00\x00\x00\x00\x00\x00\x00\x00\x00\x00\x00\x00\x00\x00\x00\x00\x00\x00\x00\x00\x00\x00\x00\x00\x00\x00\x00\x00\x00\x00\x00\x00\x00\x00\x00\x00\x00\x00\x00\x00\x00\x00\x00\x00\x00\x00\x00\x00\x00\x00\x00\x00\x00\x00\x00\x00\x00\x00\x00\x00\x00\x00\x00\x00\x00\x00\x00\x00\x00\x00\x00\x00\x00\x00\x00\x00\x00\x00\x00\x00\x00\x00\x00\x00\x00\x00\x00\x00\x00\x00\x00\x00\x00\x00\x00\x00\x00\x00\x00\x00\x00\x00\x00\x00\x00\x00\x00\x00\x00\x00\x00\x00\x00\x00\x00\x00\x00\x00\x00\x00\x00\x00\x00\x00\x00\x00\x00\x00\x00\x00\x00\x00\x00\x00\x00\x00\x00\x00\x00\x00\x00\x00\x00\x00\x00\x00\x00\x00\x00\x00\x00\x00\x00\x00\x00\x00\x00\x00\x00\x00\x00\x00\x00\x00')
2023-12-16 06:35:41,128 LT1-thread root DEBUG gap.py                    939   gap_read_ctrl_info        : received Header(svc_id=1, op=3, ctrl_index=0, data_len=277) (b'\xc3Q\x0b\x1b\xb8\xd7\x13\x06\x02\x00\x13\x82\x00\x00\x00\x00\x00btp_tester\x00\x00\x00\x00\x00\x00\x00\x00\x00\x00\x00\x00\x00\x00\x00\x00\x00\x00\x00\x00\x00\x00\x00\x00\x00\x00\x00\x00\x00\x00\x00\x00\x00\x00\x00\x00\x00\x00\x00\x00\x00\x00\x00\x00\x00\x00\x00\x00\x00\x00\x00\x00\x00\x00\x00\x00\x00\x00\x00\x00\x00\x00\x00\x00\x00\x00\x00\x00\x00\x00\x00\x00\x00\x00\x00\x00\x00\x00\x00\x00\x00\x00\x00\x00\x00\x00\x00\x00\x00\x00\x00\x00\x00\x00\x00\x00\x00\x00\x00\x00\x00\x00\x00\x00\x00\x00\x00\x00\x00\x00\x00\x00\x00\x00\x00\x00\x00\x00\x00\x00\x00\x00\x00\x00\x00\x00\x00\x00\x00\x00\x00\x00\x00\x00\x00\x00\x00\x00\x00\x00\x00\x00\x00\x00\x00\x00\x00\x00\x00\x00\x00\x00\x00\x00\x00\x00\x00\x00\x00\x00\x00\x00\x00\x00\x00\x00\x00\x00\x00\x00\x00\x00\x00\x00\x00\x00\x00\x00\x00\x00\x00\x00\x00\x00\x00\x00\x00\x00\x00\x00\x00\x00\x00\x00\x00\x00\x00\x00\x00\x00\x00\x00\x00\x00\x00\x00\x00\x00\x00\x00\x00\x00\x00\x00\x00\x00\x00\x00\x00\x00\x00\x00\x00\x00\x00\x00\x00\x00\x00\x00\x00\x00\x00\x00\x00\x00\x00\x00\x00\x00\x00\x00\x00\x00\x00\x00\x00\x00\x00\x00',)
2023-12-16 06:35:41,128 LT1-thread root DEBUG gap.py                    960   gap_read_ctrl_info        : IUT address 'd7b81b0b51c3' 'random'
2023-12-16 06:35:41,128 LT1-thread root DEBUG gap.py                    395   __gap_current_settings_update : __gap_current_settings_update 33299
2023-12-16 06:35:41,128 LT1-thread root DEBUG testcase.py               253   start                     : Starting test function: class=<class 'autopts.ptsprojects.testcase.TestFunc'>, func=<function test_cases.<locals>.<lambda> at 0x0000027955438670> start_wid=None stop_wid=None post_wid=None skip_call=None call_count=29 args=() kwds={}
2023-12-16 06:35:41,128 LT1-thread root DEBUG testcase.py               265   start                     : Test function parameters: args=(), kwds={}
2023-12-16 06:35:41,131 LT1-thread root DEBUG testcase.py               253   start                     : Starting test function: class=<class 'autopts.ptsprojects.testcase.TestFunc'>, func=<function core_reg_svc_gatt at 0x0000027953894160> start_wid=None stop_wid=None post_wid=None skip_call=None call_count=29 args=() kwds={}
2023-12-16 06:35:41,131 LT1-thread root DEBUG testcase.py               265   start                     : Test function parameters: args=(), kwds={}
2023-12-16 06:35:41,131 LT1-thread root DEBUG btp.py                    442   core_reg_svc_gatt         : core_reg_svc_gatt
2023-12-16 06:35:41,131 LT1-thread root DEBUG iutctl_common.py          106   send                      : send, 0 3 255 '2'
2023-12-16 06:35:41,131 LT1-thread root DEBUG iutctl_common.py          111   send                      : sending frame '0003ff010002'
2023-12-16 06:35:41,131 LT1-thread root DEBUG btp.py                    632   core_reg_svc_rsp_succ     : core_reg_svc_rsp_succ
2023-12-16 06:35:41,132 LT1-thread root DEBUG iutctl_common.py          230   read                      : read
2023-12-16 06:35:41,208 BTPWorkerThread-15465 (_rx_task) root DEBUG iutctl_common.py          76    read                      : Read 5 bytes
2023-12-16 06:35:41,224 BTPWorkerThread-15465 (_rx_task) root DEBUG iutctl_common.py          83    read                      : Received: hdr: Header(svc_id=0, op=3, ctrl_index=255, data_len=0) bytearray(b'\x00\x03\xff\x00\x00')
2023-12-16 06:35:41,272 BTPWorkerThread-15465 (_rx_task) root DEBUG iutctl_common.py          99    read                      : Received data: {''}, bytearray(b'')
2023-12-16 06:35:41,288 LT1-thread root DEBUG btp.py                    643   core_reg_svc_rsp_succ     : received Header(svc_id=0, op=3, ctrl_index=255, data_len=0) (b'',)
2023-12-16 06:35:41,288 LT1-thread root DEBUG btp.py                    644   core_reg_svc_rsp_succ     : expected ((0, 3, 255, 0), (b'',))
2023-12-16 06:35:41,288 LT1-thread root DEBUG btp.py                    649   core_reg_svc_rsp_succ     : response is valid
2023-12-16 06:35:41,288 LT1-thread root DEBUG testcase.py               253   start                     : Starting test function: class=<class 'autopts.ptsprojects.testcase.TestFunc'>, func=<function set_pts_addr at 0x0000027953807D90> start_wid=None stop_wid=None post_wid=None skip_call=None call_count=29 args=('C0:07:E8:79:0D:90', 0) kwds={}
2023-12-16 06:35:41,289 LT1-thread root DEBUG testcase.py               265   start                     : Test function parameters: args=('C0:07:E8:79:0D:90', 0), kwds={}
2023-12-16 06:35:41,289 LT1-thread root DEBUG testcase.py               253   start                     : Starting test function: class=<class 'autopts.ptsprojects.testcase.TestFunc'>, func=<function gap_set_conn at 0x0000027953897400> start_wid=None stop_wid=None post_wid=None skip_call=None call_count=29 args=() kwds={}
2023-12-16 06:35:41,289 LT1-thread root DEBUG testcase.py               265   start                     : Test function parameters: args=(), kwds={}
2023-12-16 06:35:41,289 LT1-thread root DEBUG gap.py                    753   gap_set_conn              : gap_set_conn
2023-12-16 06:35:41,289 LT1-thread root DEBUG testcase.py               253   start                     : Starting test function: class=<class 'autopts.ptsprojects.testcase.TestFunc'>, func=<function gap_set_gendiscov at 0x00000279538975B0> start_wid=None stop_wid=None post_wid=None skip_call=None call_count=29 args=() kwds={}
2023-12-16 06:35:41,289 LT1-thread root DEBUG testcase.py               265   start                     : Test function parameters: args=(), kwds={}
2023-12-16 06:35:41,289 LT1-thread root DEBUG gap.py                    804   gap_set_gendiscov         : gap_set_gendiscov
2023-12-16 06:35:41,289 LT1-thread root DEBUG iutctl_common.py          106   send                      : send, 1 8 0 '1'
2023-12-16 06:35:41,289 LT1-thread root DEBUG iutctl_common.py          111   send                      : sending frame '010800010001'
2023-12-16 06:35:41,289 LT1-thread root DEBUG gap.py                    967   gap_command_rsp_succ      : gap_command_rsp_succ
2023-12-16 06:35:41,289 LT1-thread root DEBUG iutctl_common.py          230   read                      : read
2023-12-16 06:35:41,400 BTPWorkerThread-15465 (_rx_task) root DEBUG iutctl_common.py          76    read                      : Read 5 bytes
2023-12-16 06:35:41,400 BTPWorkerThread-15465 (_rx_task) root DEBUG iutctl_common.py          83    read                      : Received: hdr: Header(svc_id=1, op=8, ctrl_index=0, data_len=4) bytearray(b'\x01\x08\x00\x04\x00')
2023-12-16 06:35:41,431 BTPWorkerThread-15465 (_rx_task) root DEBUG iutctl_common.py          91    read                      : Read 4 bytes data
2023-12-16 06:35:41,431 BTPWorkerThread-15465 (_rx_task) root DEBUG iutctl_common.py          99    read                      : Received data: {'1b 82 00 00'}, bytearray(b'\x1b\x82\x00\x00')
2023-12-16 06:35:41,433 LT1-thread root DEBUG gap.py                    972   gap_command_rsp_succ      : received Header(svc_id=1, op=8, ctrl_index=0, data_len=4) (b'\x1b\x82\x00\x00',)
2023-12-16 06:35:41,433 LT1-thread root DEBUG gap.py                    395   __gap_current_settings_update : __gap_current_settings_update (b'\x1b\x82\x00\x00',)
2023-12-16 06:35:41,433 LT1-thread root DEBUG testcase.py               253   start                     : Starting test function: class=<class 'autopts.ptsprojects.testcase.TestFunc'>, func=<function core_reg_svc_has at 0x0000027953894A60> start_wid=None stop_wid=None post_wid=None skip_call=None call_count=29 args=() kwds={}
2023-12-16 06:35:41,434 LT1-thread root DEBUG testcase.py               265   start                     : Test function parameters: args=(), kwds={}
2023-12-16 06:35:41,434 LT1-thread root DEBUG btp.py                    561   core_reg_svc_has          : core_reg_svc_has
2023-12-16 06:35:41,434 LT1-thread root DEBUG iutctl_common.py          106   send                      : send, 0 3 255 '15'
2023-12-16 06:35:41,435 LT1-thread root DEBUG iutctl_common.py          111   send                      : sending frame '0003ff01000f'
2023-12-16 06:35:41,436 LT1-thread root DEBUG iutctl_common.py          230   read                      : read
2023-12-16 06:35:41,495 BTPWorkerThread-15465 (_rx_task) root DEBUG iutctl_common.py          76    read                      : Read 5 bytes
2023-12-16 06:35:41,527 BTPWorkerThread-15465 (_rx_task) root DEBUG iutctl_common.py          83    read                      : Received: hdr: Header(svc_id=0, op=3, ctrl_index=255, data_len=0) bytearray(b'\x00\x03\xff\x00\x00')
2023-12-16 06:35:41,559 BTPWorkerThread-15465 (_rx_task) root DEBUG iutctl_common.py          99    read                      : Received data: {''}, bytearray(b'')
2023-12-16 06:35:41,575 LT1-thread root DEBUG testcase.py               253   start                     : Starting test function: class=<class 'autopts.ptsprojects.testcase.TestFunc'>, func=<function has_add_preset at 0x00000279539568C0> start_wid=None stop_wid=None post_wid=None skip_call=None call_count=29 args=(1, <PresetProperty.BT_HAS_PROP_AVAILABLE|BT_HAS_PROP_WRITABLE: 3>, 'PRESET_1') kwds={}
2023-12-16 06:35:41,575 LT1-thread root DEBUG testcase.py               265   start                     : Test function parameters: args=(1, <PresetProperty.BT_HAS_PROP_AVAILABLE|BT_HAS_PROP_WRITABLE: 3>, 'PRESET_1'), kwds={}
2023-12-16 06:35:41,575 LT1-thread root DEBUG has.py                    108   has_add_preset            : has_add_preset
2023-12-16 06:35:41,575 LT1-thread root DEBUG iutctl_common.py          106   send                      : send, 15 5 0 "bytearray(b'\\x00\\x90\\ry\\xe8\\x07\\xc0\\x01\\x03\\x08PRESET_1')"
2023-12-16 06:35:41,575 LT1-thread root DEBUG iutctl_common.py          111   send                      : sending frame '0f0500120000900d79e807c00103085052455345545f31'
2023-12-16 06:35:41,576 LT1-thread root DEBUG has.py                    49    has_command_rsp_succ      : has_command_rsp_succ
2023-12-16 06:35:41,576 LT1-thread root DEBUG iutctl_common.py          230   read                      : read
2023-12-16 06:35:41,655 BTPWorkerThread-15465 (_rx_task) root DEBUG iutctl_common.py          76    read                      : Read 5 bytes
2023-12-16 06:35:41,671 BTPWorkerThread-15465 (_rx_task) root DEBUG iutctl_common.py          83    read                      : Received: hdr: Header(svc_id=15, op=5, ctrl_index=0, data_len=0) bytearray(b'\x0f\x05\x00\x00\x00')
2023-12-16 06:35:41,687 BTPWorkerThread-15465 (_rx_task) root DEBUG iutctl_common.py          99    read                      : Received data: {''}, bytearray(b'')
2023-12-16 06:35:41,719 LT1-thread root DEBUG has.py                    54    has_command_rsp_succ      : received Header(svc_id=15, op=5, ctrl_index=0, data_len=0) (b'',)
2023-12-16 06:35:41,719 LT1-thread root DEBUG testcase.py               253   start                     : Starting test function: class=<class 'autopts.ptsprojects.testcase.TestFunc'>, func=<function has_add_preset at 0x00000279539568C0> start_wid=None stop_wid=None post_wid=None skip_call=None call_count=29 args=(2, <PresetProperty.BT_HAS_PROP_AVAILABLE|BT_HAS_PROP_WRITABLE: 3>, 'PRESET_2') kwds={}
2023-12-16 06:35:41,719 LT1-thread root DEBUG testcase.py               265   start                     : Test function parameters: args=(2, <PresetProperty.BT_HAS_PROP_AVAILABLE|BT_HAS_PROP_WRITABLE: 3>, 'PRESET_2'), kwds={}
2023-12-16 06:35:41,719 LT1-thread root DEBUG has.py                    108   has_add_preset            : has_add_preset
2023-12-16 06:35:41,719 LT1-thread root DEBUG iutctl_common.py          106   send                      : send, 15 5 0 "bytearray(b'\\x00\\x90\\ry\\xe8\\x07\\xc0\\x02\\x03\\x08PRESET_2')"
2023-12-16 06:35:41,719 LT1-thread root DEBUG iutctl_common.py          111   send                      : sending frame '0f0500120000900d79e807c00203085052455345545f32'
2023-12-16 06:35:41,720 LT1-thread root DEBUG has.py                    49    has_command_rsp_succ      : has_command_rsp_succ
2023-12-16 06:35:41,720 LT1-thread root DEBUG iutctl_common.py          230   read                      : read
2023-12-16 06:35:41,783 BTPWorkerThread-15465 (_rx_task) root DEBUG iutctl_common.py          76    read                      : Read 5 bytes
2023-12-16 06:35:41,783 BTPWorkerThread-15465 (_rx_task) root DEBUG iutctl_common.py          83    read                      : Received: hdr: Header(svc_id=15, op=5, ctrl_index=0, data_len=0) bytearray(b'\x0f\x05\x00\x00\x00')
2023-12-16 06:35:41,783 BTPWorkerThread-15465 (_rx_task) root DEBUG iutctl_common.py          99    read                      : Received data: {''}, bytearray(b'')
2023-12-16 06:35:41,815 LT1-thread root DEBUG has.py                    54    has_command_rsp_succ      : received Header(svc_id=15, op=5, ctrl_index=0, data_len=0) (b'',)
2023-12-16 06:35:41,815 LT1-thread root DEBUG testcase.py               253   start                     : Starting test function: class=<class 'autopts.ptsprojects.testcase.TestFunc'>, func=<function has_add_preset at 0x00000279539568C0> start_wid=None stop_wid=None post_wid=None skip_call=None call_count=29 args=(4, <PresetProperty.BT_HAS_PROP_AVAILABLE: 2>, 'PRESET_4') kwds={}
2023-12-16 06:35:41,815 LT1-thread root DEBUG testcase.py               265   start                     : Test function parameters: args=(4, <PresetProperty.BT_HAS_PROP_AVAILABLE: 2>, 'PRESET_4'), kwds={}
2023-12-16 06:35:41,815 LT1-thread root DEBUG has.py                    108   has_add_preset            : has_add_preset
2023-12-16 06:35:41,815 LT1-thread root DEBUG iutctl_common.py          106   send                      : send, 15 5 0 "bytearray(b'\\x00\\x90\\ry\\xe8\\x07\\xc0\\x04\\x02\\x08PRESET_4')"
2023-12-16 06:35:41,815 LT1-thread root DEBUG iutctl_common.py          111   send                      : sending frame '0f0500120000900d79e807c00402085052455345545f34'
2023-12-16 06:35:41,815 LT1-thread root DEBUG has.py                    49    has_command_rsp_succ      : has_command_rsp_succ
2023-12-16 06:35:41,816 LT1-thread root DEBUG iutctl_common.py          230   read                      : read
2023-12-16 06:35:41,879 BTPWorkerThread-15465 (_rx_task) root DEBUG iutctl_common.py          76    read                      : Read 5 bytes
2023-12-16 06:35:41,879 BTPWorkerThread-15465 (_rx_task) root DEBUG iutctl_common.py          83    read                      : Received: hdr: Header(svc_id=15, op=5, ctrl_index=0, data_len=0) bytearray(b'\x0f\x05\x00\x00\x00')
2023-12-16 06:35:41,879 BTPWorkerThread-15465 (_rx_task) root DEBUG iutctl_common.py          99    read                      : Received data: {''}, bytearray(b'')
2023-12-16 06:35:41,911 LT1-thread root DEBUG has.py                    54    has_command_rsp_succ      : received Header(svc_id=15, op=5, ctrl_index=0, data_len=0) (b'',)
2023-12-16 06:35:41,911 LT1-thread root DEBUG testcase.py               253   start                     : Starting test function: class=<class 'autopts.ptsprojects.testcase.TestFunc'>, func=<function has_add_preset at 0x00000279539568C0> start_wid=None stop_wid=None post_wid=None skip_call=None call_count=29 args=(3, <PresetProperty.BT_HAS_PROP_NONE: 0>, 'PRESET_3') kwds={}
2023-12-16 06:35:41,911 LT1-thread root DEBUG testcase.py               265   start                     : Test function parameters: args=(3, <PresetProperty.BT_HAS_PROP_NONE: 0>, 'PRESET_3'), kwds={}
2023-12-16 06:35:41,912 LT1-thread root DEBUG has.py                    108   has_add_preset            : has_add_preset
2023-12-16 06:35:41,912 LT1-thread root DEBUG iutctl_common.py          106   send                      : send, 15 5 0 "bytearray(b'\\x00\\x90\\ry\\xe8\\x07\\xc0\\x03\\x00\\x08PRESET_3')"
2023-12-16 06:35:41,912 LT1-thread root DEBUG iutctl_common.py          111   send                      : sending frame '0f0500120000900d79e807c00300085052455345545f33'
2023-12-16 06:35:41,912 LT1-thread root DEBUG has.py                    49    has_command_rsp_succ      : has_command_rsp_succ
2023-12-16 06:35:41,912 LT1-thread root DEBUG iutctl_common.py          230   read                      : read
2023-12-16 06:35:41,975 BTPWorkerThread-15465 (_rx_task) root DEBUG iutctl_common.py          76    read                      : Read 5 bytes
2023-12-16 06:35:41,991 BTPWorkerThread-15465 (_rx_task) root DEBUG iutctl_common.py          83    read                      : Received: hdr: Header(svc_id=15, op=5, ctrl_index=0, data_len=0) bytearray(b'\x0f\x05\x00\x00\x00')
2023-12-16 06:35:41,991 BTPWorkerThread-15465 (_rx_task) root DEBUG iutctl_common.py          99    read                      : Received data: {''}, bytearray(b'')
2023-12-16 06:35:41,991 LT1-thread root DEBUG has.py                    54    has_command_rsp_succ      : received Header(svc_id=15, op=5, ctrl_index=0, data_len=0) (b'',)
2023-12-16 06:35:41,992 LT1-thread root DEBUG client.py                 301   get_result                : ClientCallback.get_result run_test_case
2023-12-16 06:35:47,184 LT1-callback ClientCallback.on_implicit_send INFO client.py                 251   on_implicit_send          : 
    ********************
    BEGIN OnImplicitSend:
    project_name: HAS
    wid: 20001
    test_case_name: HAS/SR/SPE/BI-08-C
    description: Please prepare IUT into a connectable mode.

Description: Verify that the Implementation Under Test (IUT) can accept GATT connect request from PTS.
    style: MMI_Style_Ok_Cancel2 0x11141
2023-12-16 06:35:47,184 LT1-callback ClientCallback.on_implicit_send INFO client.py                 264   on_implicit_send          : Calling test cases on_implicit_send
2023-12-16 06:35:47,184 LT1-callback ClientCallback.on_implicit_send INFO client.py                 277   on_implicit_send          : 
    on_implicit_send returned response: WAIT
    END OnImplicitSend
    ********************
2023-12-16 06:35:48,030 LT1-thread root DEBUG testcase.py               666   run_wid                   : HAS HAS/SR/SPE/BI-08-C on_implicit_send
2023-12-16 06:35:48,030 LT1-thread root DEBUG has_wid.py                24    has_wid_hdl               : has_wid_hdl, 20001, Please prepare IUT into a connectable mode.

Description: Verify that the Implementation Under Test (IUT) can accept GATT connect request from PTS., HAS/SR/SPE/BI-08-C
2023-12-16 06:35:48,030 LT1-thread root DEBUG gap.py                    753   gap_set_conn              : gap_set_conn
2023-12-16 06:35:48,030 LT1-thread root DEBUG gap.py                    444   gap_adv_ind_on            : gap_adv_ind_on {9: b'Tester_790D90'} None
2023-12-16 06:35:48,030 LT1-thread root DEBUG iutctl_common.py          106   send                      : send, 1 10 0 "bytearray(b'\\x0f\\x00\\t\\rTester_790D90\\xff\\xff\\xff\\xff\\x00')"
2023-12-16 06:35:48,030 LT1-thread root DEBUG iutctl_common.py          111   send                      : sending frame '010a0016000f00090d5465737465725f373930443930ffffffff00'
2023-12-16 06:35:48,031 LT1-thread root DEBUG gap.py                    967   gap_command_rsp_succ      : gap_command_rsp_succ
2023-12-16 06:35:48,031 LT1-thread root DEBUG iutctl_common.py          230   read                      : read
2023-12-16 06:35:48,094 BTPWorkerThread-15465 (_rx_task) root DEBUG iutctl_common.py          76    read                      : Read 5 bytes
2023-12-16 06:35:48,110 BTPWorkerThread-15465 (_rx_task) root DEBUG iutctl_common.py          83    read                      : Received: hdr: Header(svc_id=1, op=10, ctrl_index=0, data_len=4) bytearray(b'\x01\n\x00\x04\x00')
2023-12-16 06:35:48,126 BTPWorkerThread-15465 (_rx_task) root DEBUG iutctl_common.py          91    read                      : Read 4 bytes data
2023-12-16 06:35:48,126 BTPWorkerThread-15465 (_rx_task) root DEBUG iutctl_common.py          99    read                      : Received data: {'1b 86 00 00'}, bytearray(b'\x1b\x86\x00\x00')
2023-12-16 06:35:48,127 LT1-thread root DEBUG gap.py                    972   gap_command_rsp_succ      : received Header(svc_id=1, op=10, ctrl_index=0, data_len=4) (b'\x1b\x86\x00\x00',)
2023-12-16 06:35:48,127 LT1-thread root DEBUG gap.py                    395   __gap_current_settings_update : __gap_current_settings_update (b'\x1b\x86\x00\x00',)
2023-12-16 06:35:48,127 LT1-thread root DEBUG testcase.py               702   run_wid                   : Sending response 'OK' to wid 20001 test case HAS/SR/SPE/BI-08-C
2023-12-16 06:35:48,130 LT1-thread root DEBUG client.py                 301   get_result                : ClientCallback.get_result run_test_case
2023-12-16 06:35:48,190 BTPWorkerThread-15465 (_rx_task) root DEBUG iutctl_common.py          76    read                      : Read 5 bytes
2023-12-16 06:35:48,190 BTPWorkerThread-15465 (_rx_task) root DEBUG iutctl_common.py          83    read                      : Received: hdr: Header(svc_id=1, op=130, ctrl_index=0, data_len=13) bytearray(b'\x01\x82\x00\r\x00')
2023-12-16 06:35:48,191 BTPWorkerThread-15465 (_rx_task) root DEBUG iutctl_common.py          91    read                      : Read 13 bytes data
2023-12-16 06:35:48,191 BTPWorkerThread-15465 (_rx_task) root DEBUG iutctl_common.py          99    read                      : Received data: {'00 90 0d 79 e8 07 c0 78 00 00 00 d0 09'}, bytearray(b'\x00\x90\ry\xe8\x07\xc0x\x00\x00\x00\xd0\t')
2023-12-16 06:35:48,191 BTPWorkerThread-15465 (_rx_task) root DEBUG btp.py                    728   event_handler             : event_handler Header(svc_id=1, op=130, ctrl_index=0, data_len=13) (b'\x00\x90\ry\xe8\x07\xc0x\x00\x00\x00\xd0\t',)
2023-12-16 06:35:48,191 BTPWorkerThread-15465 (_rx_task) root DEBUG gap.py                    170   gap_connected_ev_         : gap_connected_ev_ b'\x00\x90\ry\xe8\x07\xc0x\x00\x00\x00\xd0\t'
2023-12-16 06:35:48,191 BTPWorkerThread-15465 (_rx_task) root DEBUG iutctl_common.py          76    read                      : Read 5 bytes
2023-12-16 06:35:48,191 BTPWorkerThread-15465 (_rx_task) root DEBUG iutctl_common.py          83    read                      : Received: hdr: Header(svc_id=1, op=128, ctrl_index=0, data_len=4) bytearray(b'\x01\x80\x00\x04\x00')
2023-12-16 06:35:48,191 BTPWorkerThread-15465 (_rx_task) root DEBUG iutctl_common.py          91    read                      : Read 4 bytes data
2023-12-16 06:35:48,191 BTPWorkerThread-15465 (_rx_task) root DEBUG iutctl_common.py          99    read                      : Received data: {'1b 82 00 00'}, bytearray(b'\x1b\x82\x00\x00')
2023-12-16 06:35:48,192 BTPWorkerThread-15465 (_rx_task) root DEBUG btp.py                    728   event_handler             : event_handler Header(svc_id=1, op=128, ctrl_index=0, data_len=4) (b'\x1b\x82\x00\x00',)
2023-12-16 06:35:48,192 BTPWorkerThread-15465 (_rx_task) root DEBUG gap.py                    138   gap_new_settings_ev_      : gap_new_settings_ev_ b'\x1b\x82\x00\x00'
2023-12-16 06:35:48,192 BTPWorkerThread-15465 (_rx_task) root DEBUG gap.py                    395   __gap_current_settings_update : __gap_current_settings_update 33307
2023-12-16 06:35:53,297 BTPWorkerThread-15465 (_rx_task) root DEBUG iutctl_common.py          76    read                      : Read 5 bytes
2023-12-16 06:35:53,297 BTPWorkerThread-15465 (_rx_task) root DEBUG iutctl_common.py          83    read                      : Received: hdr: Header(svc_id=1, op=137, ctrl_index=0, data_len=8) bytearray(b'\x01\x89\x00\x08\x00')
2023-12-16 06:35:53,297 BTPWorkerThread-15465 (_rx_task) root DEBUG iutctl_common.py          91    read                      : Read 8 bytes data
2023-12-16 06:35:53,297 BTPWorkerThread-15465 (_rx_task) root DEBUG iutctl_common.py          99    read                      : Received data: {'00 90 0d 79 e8 07 c0 02'}, bytearray(b'\x00\x90\ry\xe8\x07\xc0\x02')
2023-12-16 06:35:53,297 BTPWorkerThread-15465 (_rx_task) root DEBUG btp.py                    728   event_handler             : event_handler Header(svc_id=1, op=137, ctrl_index=0, data_len=8) (b'\x00\x90\ry\xe8\x07\xc0\x02',)
2023-12-16 06:35:53,298 BTPWorkerThread-15465 (_rx_task) root DEBUG gap.py                    251   gap_sec_level_changed_ev_ : gap_sec_level_changed_ev_
2023-12-16 06:35:53,298 BTPWorkerThread-15465 (_rx_task) root DEBUG gap.py                    253   gap_sec_level_changed_ev_ : received b'\x00\x90\ry\xe8\x07\xc0\x02'
2023-12-16 06:35:53,298 BTPWorkerThread-15465 (_rx_task) root DEBUG gap.py                    264   gap_sec_level_changed_ev_ : received (0, 'c007e8790d90', 2)
2023-12-16 06:35:53,487 BTPWorkerThread-15465 (_rx_task) root DEBUG iutctl_common.py          76    read                      : Read 5 bytes
2023-12-16 06:35:53,487 BTPWorkerThread-15465 (_rx_task) root DEBUG iutctl_common.py          83    read                      : Received: hdr: Header(svc_id=1, op=136, ctrl_index=0, data_len=13) bytearray(b'\x01\x88\x00\r\x00')
2023-12-16 06:35:53,488 BTPWorkerThread-15465 (_rx_task) root DEBUG iutctl_common.py          91    read                      : Read 13 bytes data
2023-12-16 06:35:53,488 BTPWorkerThread-15465 (_rx_task) root DEBUG iutctl_common.py          99    read                      : Received data: {'00 90 0d 79 e8 07 c0 78 00 00 00 d0 09'}, bytearray(b'\x00\x90\ry\xe8\x07\xc0x\x00\x00\x00\xd0\t')
2023-12-16 06:35:53,488 BTPWorkerThread-15465 (_rx_task) root DEBUG btp.py                    728   event_handler             : event_handler Header(svc_id=1, op=136, ctrl_index=0, data_len=13) (b'\x00\x90\ry\xe8\x07\xc0x\x00\x00\x00\xd0\t',)
2023-12-16 06:35:53,488 BTPWorkerThread-15465 (_rx_task) root DEBUG gap.py                    230   gap_conn_param_update_ev_ : gap_conn_param_update_ev_
2023-12-16 06:35:53,488 BTPWorkerThread-15465 (_rx_task) root DEBUG gap.py                    232   gap_conn_param_update_ev_ : received b'\x00\x90\ry\xe8\x07\xc0x\x00\x00\x00\xd0\t'
2023-12-16 06:35:53,488 BTPWorkerThread-15465 (_rx_task) root DEBUG gap.py                    245   gap_conn_param_update_ev_ : received (0, b'c007e8790d90', 120, 0, 2512)
2023-12-16 06:35:57,535 LT1-callback ClientCallback.on_implicit_send INFO client.py                 251   on_implicit_send          : 
    ********************
    BEGIN OnImplicitSend:
    project_name: HAS
    wid: 20109
    test_case_name: HAS/SR/SPE/BI-08-C
    description: Please send indications for Characteristic 'Hearing Aid Preset Control Point' to the PTS.

Description: Verify that the Implementation Under Test (IUT) can send indication.Expected Value: Any value
    style: MMI_Style_Ok_Cancel2 0x11141
2023-12-16 06:35:57,535 LT1-callback ClientCallback.on_implicit_send INFO client.py                 264   on_implicit_send          : Calling test cases on_implicit_send
2023-12-16 06:35:57,536 LT1-callback ClientCallback.on_implicit_send INFO client.py                 277   on_implicit_send          : 
    on_implicit_send returned response: WAIT
    END OnImplicitSend
    ********************
2023-12-16 06:35:58,178 LT1-thread root DEBUG testcase.py               666   run_wid                   : HAS HAS/SR/SPE/BI-08-C on_implicit_send
2023-12-16 06:35:58,178 LT1-thread root DEBUG has_wid.py                24    has_wid_hdl               : has_wid_hdl, 20109, Please send indications for Characteristic 'Hearing Aid Preset Control Point' to the PTS.

Description: Verify that the Implementation Under Test (IUT) can send indication.Expected Value: Any value, HAS/SR/SPE/BI-08-C
2023-12-16 06:35:58,178 LT1-thread root DEBUG testcase.py               702   run_wid                   : Sending response 'OK' to wid 20109 test case HAS/SR/SPE/BI-08-C
2023-12-16 06:35:58,179 LT1-thread root DEBUG client.py                 301   get_result                : ClientCallback.get_result run_test_case
2023-12-16 06:36:00,095 BTPWorkerThread-15465 (_rx_task) root DEBUG iutctl_common.py          76    read                      : Read 5 bytes
2023-12-16 06:36:00,095 BTPWorkerThread-15465 (_rx_task) root DEBUG iutctl_common.py          83    read                      : Received: hdr: Header(svc_id=1, op=131, ctrl_index=0, data_len=7) bytearray(b'\x01\x83\x00\x07\x00')
2023-12-16 06:36:00,096 BTPWorkerThread-15465 (_rx_task) root DEBUG iutctl_common.py          91    read                      : Read 7 bytes data
2023-12-16 06:36:00,096 BTPWorkerThread-15465 (_rx_task) root DEBUG iutctl_common.py          99    read                      : Received data: {'00 90 0d 79 e8 07 c0'}, bytearray(b'\x00\x90\ry\xe8\x07\xc0')
2023-12-16 06:36:00,096 BTPWorkerThread-15465 (_rx_task) root DEBUG btp.py                    728   event_handler             : event_handler Header(svc_id=1, op=131, ctrl_index=0, data_len=7) (b'\x00\x90\ry\xe8\x07\xc0',)
2023-12-16 06:36:00,096 BTPWorkerThread-15465 (_rx_task) root DEBUG gap.py                    185   gap_disconnected_ev_      : gap_disconnected_ev_ b'\x00\x90\ry\xe8\x07\xc0'
2023-12-16 06:36:02,626 LT1-callback ClientCallback.log INFO client.py                 227   log                       : PTS_LOGTYPE_START_TEST Start Test Case 

+0 ms
 HAS/SR/SPE/BI-08-C HAS/SR/SPE/BI-08-C

2023-12-16 06:36:03,113 LT1-callback ClientCallback.log INFO client.py                 227   log                       : PTS_LOGTYPE_FINAL_VERDICT Final Verdict 

+19484 ms
 HAS/SR/SPE/BI-08-C PASS

2023-12-16 06:36:03,116 LT1-callback ClientCallback.log INFO client.py                 227   log                       : PTS_LOGTYPE_FINAL_VERDICT Encrypted Verdict 

+19484 ms
 HAS/SR/SPE/BI-08-C A1#ZWY4MzQ5MDg3MmQwNTIxOGQzMzQ5YjY2ODA5M2MzNjQ5ZDY4NmY0Yjc2MzIzM2VkNTUyNTFhNGU4Mjg1MjI0NA==#VpcMTI7HDfXd7KogziFJoo1wt+MS2zyrnmXiRV3qGOobQmmvIxC4cdJq3fJVTyop

2023-12-16 06:36:03,119 LT1-callback ClientCallback.log INFO client.py                 227   log                       : PTS_LOGTYPE_END_TEST Test Case Ended 

+19484 ms
 HAS/SR/SPE/BI-08-C HAS/SR/SPE/BI-08-C

2023-12-16 06:36:03,154 LT1-callback root DEBUG client.py                 289   set_result                : ClientCallback, set_result, run_test_case, PASS
2023-12-16 06:36:03,154 LT1-thread root DEBUG client.py                 960   _run_test_case            : After run_test_case error_code=0 status='PASS'
2023-12-16 06:36:03,154 LT1-thread root DEBUG testcase.py               747   post_run                  : post_run HAS HAS/SR/SPE/BI-08-C 0
2023-12-16 06:36:03,154 LT1-thread root DEBUG testcase.py               253   start                     : Starting test function: class=<class 'autopts.ptsprojects.testcase.TestFuncCleanUp'>, func=<bound method Stack.cleanup of <autopts.ptsprojects.stack.Stack object at 0x00000279553EE350>> start_wid=None stop_wid=None post_wid=None skip_call=None call_count=1 args=() kwds={}
2023-12-16 06:36:03,154 LT1-thread root DEBUG testcase.py               265   start                     : Test function parameters: args=(), kwds={}
2023-12-16 06:36:03,154 LT1-thread root DEBUG testcase.py               253   start                     : Starting test function: class=<class 'autopts.ptsprojects.testcase.TestFuncCleanUp'>, func=<bound method ZephyrCtl.stop of <autopts.ptsprojects.zephyr.iutctl.ZephyrCtl object at 0x00000279553BA8C0>> start_wid=None stop_wid=None post_wid=None skip_call=None call_count=1 args=() kwds={}
2023-12-16 06:36:03,154 LT1-thread root DEBUG testcase.py               265   start                     : Test function parameters: args=(), kwds={}
2023-12-16 06:36:03,154 LT1-thread root DEBUG iutctl.py                 248   stop                      : <class 'autopts.ptsprojects.zephyr.iutctl.ZephyrCtl'>.stop
2023-12-16 06:36:03,154 LT1-thread root DEBUG rtt.py                    232   stop                      : <class 'autopts.rtt.RTTLogger'>.stop
2023-12-16 06:36:03,154 LT1-thread root DEBUG rtt.py                    102   stop                      : <class 'autopts.rtt.RTT'>.stop
2023-12-16 06:36:03,200 LT1-thread root DEBUG __init__.py               48    reset                     : About to reset DUT: 'nrfjprog -r -s 1050060770'
2023-12-16 06:36:03,940 BTPWorkerThread-15465 (_rx_task) root DEBUG iutctl_common.py          76    read                      : Read 5 bytes
2023-12-16 06:36:03,956 BTPWorkerThread-15465 (_rx_task) root DEBUG iutctl_common.py          83    read                      : Received: hdr: Header(svc_id=0, op=128, ctrl_index=255, data_len=0) bytearray(b'\x00\x80\xff\x00\x00')
2023-12-16 06:36:03,972 BTPWorkerThread-15465 (_rx_task) root DEBUG iutctl_common.py          99    read                      : Received data: {''}, bytearray(b'')
2023-12-16 06:36:03,988 BTPWorkerThread-15465 (_rx_task) root DEBUG btp.py                    728   event_handler             : event_handler Header(svc_id=0, op=128, ctrl_index=255, data_len=0) (b'',)
2023-12-16 06:36:04,004 BTPWorkerThread-15465 (_rx_task) root DEBUG core.py                   28    core_iut_ready_ev         : core_iut_ready_ev
2023-12-16 06:36:04,004 LT1-thread root DEBUG iutctl.py                 266   stop                      : IUT ready event received OK
2023-12-16 06:36:04,004 LT1-thread root DEBUG iutctl_common.py          307   close                     : Waiting for _rx_worker to finish ...
2023-12-16 06:36:05,004 BTPWorkerThread-15465 (_rx_task) root DEBUG iutctl_common.py          223   _rx_task                  : BTPWorkerThread-15465 (_rx_task) finishing...
2023-12-16 06:36:08,044 LT1-thread root DEBUG testcase.py               773   post_run                  : post_run, cleanup running post test case script
2023-12-16 06:36:08,045 LT1-thread root DEBUG testcase.py               783   post_run                  : post_run, run post test case script
2023-12-16 06:36:08,139 LT1-thread root DEBUG client.py                 987   _run_test_case            : Done TestCase _run_test_case HAS HAS/SR/SPE/BI-08-C
