2022-10-23 10:51:11,549 root DEBUG client.py                 778   run_test_case_thread_entry : Starting TestCase wrapper MESH MESH/NODE/RLY/BV-02-C
2022-10-23 10:51:11,549 root DEBUG testcase.py               718   pre_run                   : pre_run MESH MESH/NODE/RLY/BV-02-C
2022-10-23 10:51:11,549 root DEBUG testcase.py               720   pre_run                   : About to run test case MESH MESH/NODE/RLY/BV-02-C with commands:
2022-10-23 10:51:11,550 root DEBUG testcase.py               723   pre_run                   : 0) class=<class 'autopts.ptsprojects.testcase.TestFunc'>, func=<bound method ZephyrCtl.start of <autopts.ptsprojects.zephyr.iutctl.ZephyrCtl object at 0x000001A0E57B98E0>> start_wid=None stop_wid=None post_wid=None skip_call=None call_count=0 args=(<autopts.ptsprojects.zephyr.ztestcase.ZTestCase object at 0x000001A0E58A29D0>,) kwds={}
2022-10-23 10:51:11,550 root DEBUG testcase.py               723   pre_run                   : 1) class=<class 'autopts.ptsprojects.testcase.TestFunc'>, func=<bound method ZephyrCtl.wait_iut_ready_event of <autopts.ptsprojects.zephyr.iutctl.ZephyrCtl object at 0x000001A0E57B98E0>> start_wid=None stop_wid=None post_wid=None skip_call=None call_count=0 args=() kwds={}
2022-10-23 10:51:11,550 root DEBUG testcase.py               723   pre_run                   : 2) class=<class 'autopts.ptsprojects.testcase.TestFunc'>, func=<function core_reg_svc_gap at 0x000001A0E3F27CA0> start_wid=None stop_wid=None post_wid=None skip_call=None call_count=73 args=() kwds={}
2022-10-23 10:51:11,550 root DEBUG testcase.py               723   pre_run                   : 3) class=<class 'autopts.ptsprojects.testcase.TestFunc'>, func=<function core_reg_svc_mesh at 0x000001A0E3F2D040> start_wid=None stop_wid=None post_wid=None skip_call=None call_count=73 args=() kwds={}
2022-10-23 10:51:11,550 root DEBUG testcase.py               723   pre_run                   : 4) class=<class 'autopts.ptsprojects.testcase.TestFunc'>, func=<function gap_read_ctrl_info at 0x000001A0E3F6B8B0> start_wid=None stop_wid=None post_wid=None skip_call=None call_count=73 args=() kwds={}
2022-10-23 10:51:11,550 root DEBUG testcase.py               723   pre_run                   : 5) class=<class 'autopts.ptsprojects.testcase.TestFunc'>, func=<function test_cases.<locals>.<lambda> at 0x000001A0E5813F70> start_wid=None stop_wid=None post_wid=None skip_call=None call_count=73 args=() kwds={}
2022-10-23 10:51:11,550 root DEBUG testcase.py               723   pre_run                   : 6) class=<class 'autopts.ptsprojects.testcase.TestFunc'>, func=<function test_cases.<locals>.<lambda> at 0x000001A0E57FDC10> start_wid=None stop_wid=None post_wid=None skip_call=None call_count=73 args=() kwds={}
2022-10-23 10:51:11,550 root DEBUG testcase.py               723   pre_run                   : 7) class=<class 'autopts.ptsprojects.testcase.TestFunc'>, func=<function test_cases.<locals>.<lambda> at 0x000001A0E57FDB80> start_wid=None stop_wid=None post_wid=None skip_call=None call_count=73 args=() kwds={}
2022-10-23 10:51:11,550 root DEBUG testcase.py               723   pre_run                   : 8) class=<class 'autopts.ptsprojects.testcase.TestFunc'>, func=<function test_cases.<locals>.<lambda> at 0x000001A0E57FDDC0> start_wid=None stop_wid=None post_wid=None skip_call=None call_count=73 args=() kwds={}
2022-10-23 10:51:11,550 root DEBUG testcase.py               723   pre_run                   : 9) class=<class 'autopts.ptsprojects.testcase.TestFunc'>, func=<function test_cases.<locals>.<lambda> at 0x000001A0E57FDCA0> start_wid=None stop_wid=None post_wid=None skip_call=None call_count=73 args=() kwds={}
2022-10-23 10:51:11,550 root DEBUG testcase.py               723   pre_run                   : 10) class=<class 'autopts.ptsprojects.testcase.TestFunc'>, func=<function test_cases.<locals>.<lambda> at 0x000001A0E5840040> start_wid=None stop_wid=None post_wid=None skip_call=None call_count=73 args=() kwds={}
2022-10-23 10:51:11,550 root DEBUG testcase.py               723   pre_run                   : 11) class=<class 'autopts.ptsprojects.testcase.TestFunc'>, func=<function test_cases.<locals>.<lambda> at 0x000001A0E58400D0> start_wid=None stop_wid=None post_wid=None skip_call=None call_count=73 args=() kwds={}
2022-10-23 10:51:11,550 root DEBUG testcase.py               723   pre_run                   : 12) class=<class 'autopts.ptsprojects.testcase.TestFunc'>, func=<function test_cases.<locals>.<lambda> at 0x000001A0E5840160> start_wid=None stop_wid=None post_wid=None skip_call=None call_count=73 args=() kwds={}
2022-10-23 10:51:11,551 root DEBUG testcase.py               723   pre_run                   : 13) class=<class 'autopts.ptsprojects.testcase.TestFunc'>, func=<function test_cases.<locals>.<lambda> at 0x000001A0E58401F0> start_wid=None stop_wid=None post_wid=None skip_call=None call_count=73 args=() kwds={}
2022-10-23 10:51:11,551 root DEBUG testcase.py               723   pre_run                   : 14) class=<class 'autopts.ptsprojects.testcase.TestFuncCleanUp'>, func=<bound method Stack.cleanup of <autopts.ptsprojects.stack.Stack object at 0x000001A0E57B9700>> start_wid=None stop_wid=None post_wid=None skip_call=None call_count=0 args=() kwds={}
2022-10-23 10:51:11,551 root DEBUG testcase.py               723   pre_run                   : 15) class=<class 'autopts.ptsprojects.testcase.TestFuncCleanUp'>, func=<bound method ZephyrCtl.stop of <autopts.ptsprojects.zephyr.iutctl.ZephyrCtl object at 0x000001A0E57B98E0>> start_wid=None stop_wid=None post_wid=None skip_call=None call_count=0 args=() kwds={}
2022-10-23 10:51:11,551 root DEBUG testcase.py               730   pre_run                   : post_run, run pre test case script
2022-10-23 10:51:11,553 root DEBUG testcase.py               246   start                     : Starting test function: class=<class 'autopts.ptsprojects.testcase.TestFunc'>, func=<bound method ZephyrCtl.start of <autopts.ptsprojects.zephyr.iutctl.ZephyrCtl object at 0x000001A0E57B98E0>> start_wid=None stop_wid=None post_wid=None skip_call=None call_count=1 args=(<autopts.ptsprojects.zephyr.ztestcase.ZTestCase object at 0x000001A0E58A29D0>,) kwds={}
2022-10-23 10:51:11,553 root DEBUG testcase.py               258   start                     : Test function parameters: args=(<autopts.ptsprojects.zephyr.ztestcase.ZTestCase object at 0x000001A0E58A29D0>,), kwds={}
2022-10-23 10:51:11,554 root DEBUG iutctl.py                 97    start                     : <class 'autopts.ptsprojects.zephyr.iutctl.ZephyrCtl'>.start
2022-10-23 10:51:11,554 root DEBUG iutctl.py                 158   flush_serial              : <class 'autopts.ptsprojects.zephyr.iutctl.ZephyrCtl'>.flush_serial
2022-10-23 10:51:12,617 root DEBUG iutctl.py                 123   start                     : Starting socat process: socat.exe -x -v tcp:192.168.9.43:51830,retry=100,interval=1 /dev/ttyS4,raw,b115200
2022-10-23 10:51:12,620 root DEBUG iutctl_common.py          276   accept                    : accept
2022-10-23 10:51:12,639 root DEBUG testcase.py               246   start                     : Starting test function: class=<class 'autopts.ptsprojects.testcase.TestFunc'>, func=<bound method ZephyrCtl.wait_iut_ready_event of <autopts.ptsprojects.zephyr.iutctl.ZephyrCtl object at 0x000001A0E57B98E0>> start_wid=None stop_wid=None post_wid=None skip_call=None call_count=1 args=() kwds={}
2022-10-23 10:51:12,639 root DEBUG testcase.py               258   start                     : Test function parameters: args=(), kwds={}
2022-10-23 10:51:12,639 root DEBUG iutctl.py                 197   reset                     : <class 'autopts.ptsprojects.zephyr.iutctl.ZephyrCtl'>.reset
2022-10-23 10:51:12,639 root DEBUG iutctl.py                 232   stop                      : <class 'autopts.ptsprojects.zephyr.iutctl.ZephyrCtl'>.stop
2022-10-23 10:51:13,646 root DEBUG __init__.py               48    reset                     : About to reset DUT: 'nrfjprog -r -s 683989059'
2022-10-23 10:51:14,175 root DEBUG iutctl.py                 97    start                     : <class 'autopts.ptsprojects.zephyr.iutctl.ZephyrCtl'>.start
2022-10-23 10:51:14,175 root DEBUG iutctl.py                 158   flush_serial              : <class 'autopts.ptsprojects.zephyr.iutctl.ZephyrCtl'>.flush_serial
2022-10-23 10:51:15,245 root DEBUG iutctl.py                 123   start                     : Starting socat process: socat.exe -x -v tcp:192.168.9.43:51832,retry=100,interval=1 /dev/ttyS4,raw,b115200
2022-10-23 10:51:15,247 root DEBUG iutctl_common.py          276   accept                    : accept
2022-10-23 10:51:15,263 root DEBUG iutctl.py                 158   flush_serial              : <class 'autopts.ptsprojects.zephyr.iutctl.ZephyrCtl'>.flush_serial
2022-10-23 10:51:15,263 root DEBUG __init__.py               48    reset                     : About to reset DUT: 'nrfjprog -r -s 683989059'
2022-10-23 10:51:15,796 root DEBUG iutctl_common.py          215   read                      : read
2022-10-23 10:51:16,054 root DEBUG iutctl_common.py          74    read                      : Read 5 bytes
2022-10-23 10:51:16,070 root DEBUG iutctl_common.py          83    read                      : Received: hdr: Header(svc_id=0, op=128, ctrl_index=255, data_len=0) bytearray(b'\x00\x80\xff\x00\x00')
2022-10-23 10:51:16,086 root DEBUG iutctl_common.py          96    read                      : Received data: "('',)", bytearray(b'')
2022-10-23 10:51:16,102 root DEBUG btp.py                    552   event_handler             : event_handler Header(svc_id=0, op=128, ctrl_index=255, data_len=0) (b'',)
2022-10-23 10:51:16,102 root ERROR btp.py                    590   event_handler             : Unhandled event! svc_id 0 op 128
2022-10-23 10:51:16,102 root DEBUG iutctl.py                 225   wait_iut_ready_event      : IUT ready event received OK
2022-10-23 10:51:16,102 root DEBUG testcase.py               246   start                     : Starting test function: class=<class 'autopts.ptsprojects.testcase.TestFunc'>, func=<function core_reg_svc_gap at 0x000001A0E3F27CA0> start_wid=None stop_wid=None post_wid=None skip_call=None call_count=74 args=() kwds={}
2022-10-23 10:51:16,102 root DEBUG testcase.py               258   start                     : Test function parameters: args=(), kwds={}
2022-10-23 10:51:16,102 root DEBUG btp.py                    388   core_reg_svc_gap          : core_reg_svc_gap
2022-10-23 10:51:16,102 root DEBUG iutctl_common.py          102   send                      : send, 0 3 255 '1'
2022-10-23 10:51:16,102 root DEBUG iutctl_common.py          107   send                      : sending frame '0003ff010001'
2022-10-23 10:51:16,102 root DEBUG btp.py                    470   core_reg_svc_rsp_succ     : core_reg_svc_rsp_succ
2022-10-23 10:51:16,102 root DEBUG iutctl_common.py          215   read                      : read
2022-10-23 10:51:16,166 root DEBUG iutctl_common.py          74    read                      : Read 5 bytes
2022-10-23 10:51:16,198 root DEBUG iutctl_common.py          83    read                      : Received: hdr: Header(svc_id=0, op=3, ctrl_index=255, data_len=0) bytearray(b'\x00\x03\xff\x00\x00')
2022-10-23 10:51:16,230 root DEBUG iutctl_common.py          96    read                      : Received data: "('',)", bytearray(b'')
2022-10-23 10:51:16,246 root DEBUG btp.py                    481   core_reg_svc_rsp_succ     : received Header(svc_id=0, op=3, ctrl_index=255, data_len=0) (b'',)
2022-10-23 10:51:16,246 root DEBUG btp.py                    482   core_reg_svc_rsp_succ     : expected ((0, 3, 255, 0), (b'',))
2022-10-23 10:51:16,246 root DEBUG btp.py                    487   core_reg_svc_rsp_succ     : response is valid
2022-10-23 10:51:16,246 root DEBUG testcase.py               246   start                     : Starting test function: class=<class 'autopts.ptsprojects.testcase.TestFunc'>, func=<function core_reg_svc_mesh at 0x000001A0E3F2D040> start_wid=None stop_wid=None post_wid=None skip_call=None call_count=74 args=() kwds={}
2022-10-23 10:51:16,246 root DEBUG testcase.py               258   start                     : Test function parameters: args=(), kwds={}
2022-10-23 10:51:16,246 root DEBUG btp.py                    438   core_reg_svc_mesh         : core_reg_svc_mesh
2022-10-23 10:51:16,246 root DEBUG iutctl_common.py          102   send                      : send, 0 3 255 '4'
2022-10-23 10:51:16,246 root DEBUG iutctl_common.py          107   send                      : sending frame '0003ff010004'
2022-10-23 10:51:16,246 root DEBUG btp.py                    470   core_reg_svc_rsp_succ     : core_reg_svc_rsp_succ
2022-10-23 10:51:16,246 root DEBUG iutctl_common.py          215   read                      : read
2022-10-23 10:51:16,310 root DEBUG iutctl_common.py          74    read                      : Read 5 bytes
2022-10-23 10:51:16,326 root DEBUG iutctl_common.py          83    read                      : Received: hdr: Header(svc_id=0, op=3, ctrl_index=255, data_len=0) bytearray(b'\x00\x03\xff\x00\x00')
2022-10-23 10:51:16,342 root DEBUG iutctl_common.py          96    read                      : Received data: "('',)", bytearray(b'')
2022-10-23 10:51:16,357 root DEBUG btp.py                    481   core_reg_svc_rsp_succ     : received Header(svc_id=0, op=3, ctrl_index=255, data_len=0) (b'',)
2022-10-23 10:51:16,357 root DEBUG btp.py                    482   core_reg_svc_rsp_succ     : expected ((0, 3, 255, 0), (b'',))
2022-10-23 10:51:16,357 root DEBUG btp.py                    487   core_reg_svc_rsp_succ     : response is valid
2022-10-23 10:51:16,357 root DEBUG testcase.py               246   start                     : Starting test function: class=<class 'autopts.ptsprojects.testcase.TestFunc'>, func=<function gap_read_ctrl_info at 0x000001A0E3F6B8B0> start_wid=None stop_wid=None post_wid=None skip_call=None call_count=74 args=() kwds={}
2022-10-23 10:51:16,357 root DEBUG testcase.py               258   start                     : Test function parameters: args=(), kwds={}
2022-10-23 10:51:16,357 root DEBUG gap.py                    871   gap_read_ctrl_info        : gap_read_ctrl_info
2022-10-23 10:51:16,357 root DEBUG iutctl_common.py          102   send                      : send, 1 3 0 ''
2022-10-23 10:51:16,357 root DEBUG iutctl_common.py          107   send                      : sending frame '0103000000'
2022-10-23 10:51:16,357 root DEBUG iutctl_common.py          215   read                      : read
2022-10-23 10:51:16,421 root DEBUG iutctl_common.py          74    read                      : Read 5 bytes
2022-10-23 10:51:16,438 root DEBUG iutctl_common.py          83    read                      : Received: hdr: Header(svc_id=1, op=3, ctrl_index=0, data_len=277) bytearray(b'\x01\x03\x00\x15\x01')
2022-10-23 10:51:16,438 root DEBUG iutctl_common.py          96    read                      : Received data: "('p\x1fÄvçÜ\x13\x06\x00\x00\x13\x82\x00\x00\x00\x00\x00btp_tester\x00\x00\x00\x00\x00\x00\x00\x00\x00\x00\x00\x00\x00\x00\x00\x00\x00\x00\x00\x00\x00\x00\x00\x00\x00\x00\x00\x00\x00\x00\x00\x00\x00\x00\x00\x00\x00\x00\x00\x00\x00\x00\x00\x00\x00\x00\x00\x00\x00\x00\x00\x00\x00\x00\x00\x00\x00\x00\x00\x00\x00\x00\x00\x00\x00\x00\x00\x00\x00\x00\x00\x00\x00\x00\x00\x00\x00\x00\x00\x00\x00\x00\x00\x00\x00\x00\x00\x00\x00\x00\x00\x00\x00\x00\x00\x00\x00\x00\x00\x00\x00\x00\x00\x00\x00\x00\x00\x00\x00\x00\x00\x00\x00\x00\x00\x00\x00\x00\x00\x00\x00\x00\x00\x00\x00\x00\x00\x00\x00\x00\x00\x00\x00\x00\x00\x00\x00\x00\x00\x00\x00\x00\x00\x00\x00\x00\x00\x00\x00\x00\x00\x00\x00\x00\x00\x00\x00\x00\x00\x00\x00\x00\x00\x00\x00\x00\x00\x00\x00\x00\x00\x00\x00\x00\x00\x00\x00\x00\x00\x00\x00\x00\x00\x00\x00\x00\x00\x00\x00\x00\x00\x00\x00\x00\x00\x00\x00\x00\x00\x00\x00\x00\x00\x00\x00\x00\x00\x00\x00\x00\x00\x00\x00\x00\x00\x00\x00\x00\x00\x00\x00\x00\x00\x00\x00\x00\x00\x00\x00\x00\x00\x00\x00\x00\x00\x00\x00\x00\x00\x00\x00\x00\x00\x00\x00\x00\x00\x00\x00\x00',)", bytearray(b'p\x1f\xc4v\xe7\xdc\x13\x06\x00\x00\x13\x82\x00\x00\x00\x00\x00btp_tester\x00\x00\x00\x00\x00\x00\x00\x00\x00\x00\x00\x00\x00\x00\x00\x00\x00\x00\x00\x00\x00\x00\x00\x00\x00\x00\x00\x00\x00\x00\x00\x00\x00\x00\x00\x00\x00\x00\x00\x00\x00\x00\x00\x00\x00\x00\x00\x00\x00\x00\x00\x00\x00\x00\x00\x00\x00\x00\x00\x00\x00\x00\x00\x00\x00\x00\x00\x00\x00\x00\x00\x00\x00\x00\x00\x00\x00\x00\x00\x00\x00\x00\x00\x00\x00\x00\x00\x00\x00\x00\x00\x00\x00\x00\x00\x00\x00\x00\x00\x00\x00\x00\x00\x00\x00\x00\x00\x00\x00\x00\x00\x00\x00\x00\x00\x00\x00\x00\x00\x00\x00\x00\x00\x00\x00\x00\x00\x00\x00\x00\x00\x00\x00\x00\x00\x00\x00\x00\x00\x00\x00\x00\x00\x00\x00\x00\x00\x00\x00\x00\x00\x00\x00\x00\x00\x00\x00\x00\x00\x00\x00\x00\x00\x00\x00\x00\x00\x00\x00\x00\x00\x00\x00\x00\x00\x00\x00\x00\x00\x00\x00\x00\x00\x00\x00\x00\x00\x00\x00\x00\x00\x00\x00\x00\x00\x00\x00\x00\x00\x00\x00\x00\x00\x00\x00\x00\x00\x00\x00\x00\x00\x00\x00\x00\x00\x00\x00\x00\x00\x00\x00\x00\x00\x00\x00\x00\x00\x00\x00\x00\x00\x00\x00\x00\x00\x00\x00\x00\x00\x00\x00\x00\x00\x00\x00\x00\x00\x00\x00\x00')
2022-10-23 10:51:16,454 root DEBUG gap.py                    878   gap_read_ctrl_info        : received Header(svc_id=1, op=3, ctrl_index=0, data_len=277) (b'p\x1f\xc4v\xe7\xdc\x13\x06\x00\x00\x13\x82\x00\x00\x00\x00\x00btp_tester\x00\x00\x00\x00\x00\x00\x00\x00\x00\x00\x00\x00\x00\x00\x00\x00\x00\x00\x00\x00\x00\x00\x00\x00\x00\x00\x00\x00\x00\x00\x00\x00\x00\x00\x00\x00\x00\x00\x00\x00\x00\x00\x00\x00\x00\x00\x00\x00\x00\x00\x00\x00\x00\x00\x00\x00\x00\x00\x00\x00\x00\x00\x00\x00\x00\x00\x00\x00\x00\x00\x00\x00\x00\x00\x00\x00\x00\x00\x00\x00\x00\x00\x00\x00\x00\x00\x00\x00\x00\x00\x00\x00\x00\x00\x00\x00\x00\x00\x00\x00\x00\x00\x00\x00\x00\x00\x00\x00\x00\x00\x00\x00\x00\x00\x00\x00\x00\x00\x00\x00\x00\x00\x00\x00\x00\x00\x00\x00\x00\x00\x00\x00\x00\x00\x00\x00\x00\x00\x00\x00\x00\x00\x00\x00\x00\x00\x00\x00\x00\x00\x00\x00\x00\x00\x00\x00\x00\x00\x00\x00\x00\x00\x00\x00\x00\x00\x00\x00\x00\x00\x00\x00\x00\x00\x00\x00\x00\x00\x00\x00\x00\x00\x00\x00\x00\x00\x00\x00\x00\x00\x00\x00\x00\x00\x00\x00\x00\x00\x00\x00\x00\x00\x00\x00\x00\x00\x00\x00\x00\x00\x00\x00\x00\x00\x00\x00\x00\x00\x00\x00\x00\x00\x00\x00\x00\x00\x00\x00\x00\x00\x00\x00\x00\x00\x00\x00\x00\x00\x00\x00\x00\x00\x00\x00\x00\x00\x00\x00\x00\x00',)
2022-10-23 10:51:16,454 root DEBUG gap.py                    899   gap_read_ctrl_info        : IUT address 'dce776c41f70' 'random'
2022-10-23 10:51:16,454 root DEBUG gap.py                    342   __gap_current_settings_update : __gap_current_settings_update 33299
2022-10-23 10:51:16,454 root ERROR stack.py                  221   current_settings_clear    : current_settings_clear SC Only not in current_settings
2022-10-23 10:51:16,454 root DEBUG testcase.py               246   start                     : Starting test function: class=<class 'autopts.ptsprojects.testcase.TestFunc'>, func=<function test_cases.<locals>.<lambda> at 0x000001A0E5813F70> start_wid=None stop_wid=None post_wid=None skip_call=None call_count=74 args=() kwds={}
2022-10-23 10:51:16,454 root DEBUG testcase.py               258   start                     : Test function parameters: args=(), kwds={}
2022-10-23 10:51:16,457 root DEBUG testcase.py               246   start                     : Starting test function: class=<class 'autopts.ptsprojects.testcase.TestFunc'>, func=<function test_cases.<locals>.<lambda> at 0x000001A0E57FDC10> start_wid=None stop_wid=None post_wid=None skip_call=None call_count=74 args=() kwds={}
2022-10-23 10:51:16,457 root DEBUG testcase.py               258   start                     : Test function parameters: args=(), kwds={}
2022-10-23 10:51:16,460 root DEBUG testcase.py               246   start                     : Starting test function: class=<class 'autopts.ptsprojects.testcase.TestFunc'>, func=<function test_cases.<locals>.<lambda> at 0x000001A0E57FDB80> start_wid=None stop_wid=None post_wid=None skip_call=None call_count=74 args=() kwds={}
2022-10-23 10:51:16,460 root DEBUG testcase.py               258   start                     : Test function parameters: args=(), kwds={}
2022-10-23 10:51:16,463 root DEBUG testcase.py               246   start                     : Starting test function: class=<class 'autopts.ptsprojects.testcase.TestFunc'>, func=<function test_cases.<locals>.<lambda> at 0x000001A0E57FDDC0> start_wid=None stop_wid=None post_wid=None skip_call=None call_count=74 args=() kwds={}
2022-10-23 10:51:16,463 root DEBUG testcase.py               258   start                     : Test function parameters: args=(), kwds={}
2022-10-23 10:51:16,466 root DEBUG testcase.py               246   start                     : Starting test function: class=<class 'autopts.ptsprojects.testcase.TestFunc'>, func=<function test_cases.<locals>.<lambda> at 0x000001A0E57FDCA0> start_wid=None stop_wid=None post_wid=None skip_call=None call_count=74 args=() kwds={}
2022-10-23 10:51:16,466 root DEBUG testcase.py               258   start                     : Test function parameters: args=(), kwds={}
2022-10-23 10:51:16,468 root DEBUG testcase.py               246   start                     : Starting test function: class=<class 'autopts.ptsprojects.testcase.TestFunc'>, func=<function test_cases.<locals>.<lambda> at 0x000001A0E5840040> start_wid=None stop_wid=None post_wid=None skip_call=None call_count=74 args=() kwds={}
2022-10-23 10:51:16,469 root DEBUG testcase.py               258   start                     : Test function parameters: args=(), kwds={}
2022-10-23 10:51:16,470 root DEBUG testcase.py               246   start                     : Starting test function: class=<class 'autopts.ptsprojects.testcase.TestFunc'>, func=<function test_cases.<locals>.<lambda> at 0x000001A0E58400D0> start_wid=None stop_wid=None post_wid=None skip_call=None call_count=74 args=() kwds={}
2022-10-23 10:51:16,470 root DEBUG testcase.py               258   start                     : Test function parameters: args=(), kwds={}
2022-10-23 10:51:16,470 root DEBUG testcase.py               246   start                     : Starting test function: class=<class 'autopts.ptsprojects.testcase.TestFunc'>, func=<function test_cases.<locals>.<lambda> at 0x000001A0E5840160> start_wid=None stop_wid=None post_wid=None skip_call=None call_count=74 args=() kwds={}
2022-10-23 10:51:16,470 root DEBUG testcase.py               258   start                     : Test function parameters: args=(), kwds={}
2022-10-23 10:51:16,474 root DEBUG testcase.py               246   start                     : Starting test function: class=<class 'autopts.ptsprojects.testcase.TestFunc'>, func=<function test_cases.<locals>.<lambda> at 0x000001A0E58401F0> start_wid=None stop_wid=None post_wid=None skip_call=None call_count=74 args=() kwds={}
2022-10-23 10:51:16,474 root DEBUG testcase.py               258   start                     : Test function parameters: args=(), kwds={}
2022-10-23 10:51:16,477 root DEBUG client.py                 272   set_current_test_case     : CallbackThread.set_current_test_case MESH/NODE/RLY/BV-02-C
2022-10-23 10:51:22,882 ClientCallback.on_implicit_send INFO client.py                 171   on_implicit_send          : ********************
2022-10-23 10:51:22,882 ClientCallback.on_implicit_send INFO client.py                 172   on_implicit_send          : BEGIN OnImplicitSend:
2022-10-23 10:51:22,882 ClientCallback.on_implicit_send INFO client.py                 173   on_implicit_send          : project_name: MESH
2022-10-23 10:51:22,882 ClientCallback.on_implicit_send INFO client.py                 174   on_implicit_send          : wid: 13
2022-10-23 10:51:22,882 ClientCallback.on_implicit_send INFO client.py                 175   on_implicit_send          : test_case_name: MESH/NODE/RLY/BV-02-C
2022-10-23 10:51:22,882 ClientCallback.on_implicit_send INFO client.py                 176   on_implicit_send          : description: There is no shared security information. Please remove any security information if any. PTS is waiting for beacon to start provisioning from IUT with UUID value indicated in 'TSPX_device_uuid'
2022-10-23 10:51:22,882 ClientCallback.on_implicit_send INFO client.py                 177   on_implicit_send          : style: MMI_Style_Ok_Cancel2 0x11141
2022-10-23 10:51:22,882 ClientCallback.on_implicit_send INFO client.py                 183   on_implicit_send          : Calling test cases on_implicit_send
2022-10-23 10:51:22,882 root DEBUG testcase.py               675   on_implicit_send          : MESH MESH/NODE/RLY/BV-02-C on_implicit_send
2022-10-23 10:51:22,882 root DEBUG testcase.py               619   join_post_wid_thread      : MESH MESH/NODE/RLY/BV-02-C join_post_wid_thread
2022-10-23 10:51:22,882 root DEBUG testcase.py               621   join_post_wid_thread      : self.post_wid_thread None
2022-10-23 10:51:22,882 root DEBUG mesh.py                   49    mesh_wid_hdl              : mesh_wid_hdl, 13, "There is no shared security information. Please remove any security information if any. PTS is waiting for beacon to start provisioning from IUT with UUID value indicated in 'TSPX_device_uuid'", MESH/NODE/RLY/BV-02-C
2022-10-23 10:51:22,882 root DEBUG mesh.py                   257   mesh_config_prov          : mesh_config_prov
2022-10-23 10:51:22,882 root DEBUG iutctl_common.py          102   send                      : send, 4 2 0 "bytearray(b'\\x0c&\\xa8\\xa5\\xcb\\x87M\\x11\\xaf$\\x8a\\x1b\\x91m\\xe7n\\x00\\x00\\x00\\x00\\x00\\x00\\x00\\x00\\x00\\x00\\x00\\x00\\x00\\x00\\x00\\x00\\x01\\x18\\x00\\x00\\x00\\x00\\x00')"
2022-10-23 10:51:22,883 root DEBUG iutctl_common.py          107   send                      : sending frame '04020027000c26a8a5cb874d11af248a1b916de76e0000000000000000000000000000000001180000000000'
2022-10-23 10:51:22,883 root DEBUG iutctl_common.py          215   read                      : read
2022-10-23 10:51:22,954 root DEBUG iutctl_common.py          74    read                      : Read 5 bytes
2022-10-23 10:51:22,970 root DEBUG iutctl_common.py          83    read                      : Received: hdr: Header(svc_id=4, op=2, ctrl_index=0, data_len=0) bytearray(b'\x04\x02\x00\x00\x00')
2022-10-23 10:51:22,986 root DEBUG iutctl_common.py          96    read                      : Received data: "('',)", bytearray(b'')
2022-10-23 10:51:23,018 root DEBUG mesh.py                   321   mesh_init                 : mesh_init
2022-10-23 10:51:23,018 root DEBUG iutctl_common.py          102   send                      : send, 4 4 0 ''
2022-10-23 10:51:23,018 root DEBUG iutctl_common.py          107   send                      : sending frame '0404000000'
2022-10-23 10:51:23,018 root DEBUG iutctl_common.py          215   read                      : read
2022-10-23 10:51:23,098 root DEBUG iutctl_common.py          74    read                      : Read 5 bytes
2022-10-23 10:51:23,114 root DEBUG iutctl_common.py          83    read                      : Received: hdr: Header(svc_id=4, op=4, ctrl_index=0, data_len=0) bytearray(b'\x04\x04\x00\x00\x00')
2022-10-23 10:51:23,130 root DEBUG iutctl_common.py          96    read                      : Received data: "('',)", bytearray(b'')
2022-10-23 10:51:23,178 root DEBUG testcase.py               713   on_implicit_send          : Sending response 'OK' to wid 13 test case MESH/NODE/RLY/BV-02-C
2022-10-23 10:51:23,178 root DEBUG iutctl_common.py          74    read                      : Read 5 bytes
2022-10-23 10:51:23,178 ClientCallback.on_implicit_send INFO client.py                 188   on_implicit_send          : test case returned on_implicit_send, response: OK
2022-10-23 10:51:23,178 root DEBUG iutctl_common.py          83    read                      : Received: hdr: Header(svc_id=4, op=132, ctrl_index=0, data_len=1) bytearray(b'\x04\x84\x00\x01\x00')
2022-10-23 10:51:23,178 ClientCallback.on_implicit_send INFO client.py                 198   on_implicit_send          : END OnImplicitSend:
2022-10-23 10:51:23,178 root DEBUG iutctl_common.py          96    read                      : Received data: "('\x00',)", bytearray(b'\x00')
2022-10-23 10:51:23,178 ClientCallback.on_implicit_send INFO client.py                 199   on_implicit_send          : ********************
2022-10-23 10:51:23,178 root DEBUG btp.py                    552   event_handler             : event_handler Header(svc_id=4, op=132, ctrl_index=0, data_len=1) (b'\x00',)
2022-10-23 10:51:23,179 root DEBUG mesh.py                   576   mesh_prov_link_open_ev    : mesh_prov_link_open_ev b'\x00'
2022-10-23 10:51:25,114 root DEBUG iutctl_common.py          74    read                      : Read 5 bytes
2022-10-23 10:51:25,114 root DEBUG iutctl_common.py          83    read                      : Received: hdr: Header(svc_id=4, op=131, ctrl_index=0, data_len=0) bytearray(b'\x04\x83\x00\x00\x00')
2022-10-23 10:51:25,114 root DEBUG iutctl_common.py          96    read                      : Received data: "('',)", bytearray(b'')
2022-10-23 10:51:25,114 root DEBUG btp.py                    552   event_handler             : event_handler Header(svc_id=4, op=131, ctrl_index=0, data_len=0) (b'',)
2022-10-23 10:51:25,114 root DEBUG mesh.py                   566   mesh_provisioned_ev       : mesh_provisioned_ev b''
2022-10-23 10:51:26,896 root DEBUG iutctl_common.py          74    read                      : Read 5 bytes
2022-10-23 10:51:26,896 root DEBUG iutctl_common.py          83    read                      : Received: hdr: Header(svc_id=4, op=133, ctrl_index=0, data_len=1) bytearray(b'\x04\x85\x00\x01\x00')
2022-10-23 10:51:26,897 root DEBUG iutctl_common.py          96    read                      : Received data: "('\x00',)", bytearray(b'\x00')
2022-10-23 10:51:26,897 root DEBUG btp.py                    552   event_handler             : event_handler Header(svc_id=4, op=133, ctrl_index=0, data_len=1) (b'\x00',)
2022-10-23 10:51:26,897 root DEBUG mesh.py                   584   mesh_prov_link_closed_ev  : mesh_prov_link_closed_ev b'\x00'
2022-10-23 10:51:27,505 root DEBUG iutctl_common.py          74    read                      : Read 5 bytes
2022-10-23 10:51:27,505 root DEBUG iutctl_common.py          83    read                      : Received: hdr: Header(svc_id=4, op=134, ctrl_index=0, data_len=23) bytearray(b'\x04\x86\x00\x17\x00')
2022-10-23 10:51:27,506 root DEBUG iutctl_common.py          96    read                      : Received data: "('\x03\x00\x01\x00\x02\x00\x10\x80\x80\x00\x00Ï¾¿\x14(\x92\x13)q\x08;\x0e',)", bytearray(b'\x03\x00\x01\x00\x02\x00\x10\x80\x80\x00\x00\xcf\xbe\xbf\x14(\x92\x13)q\x08;\x0e')
2022-10-23 10:51:27,506 root DEBUG btp.py                    552   event_handler             : event_handler Header(svc_id=4, op=134, ctrl_index=0, data_len=23) (b'\x03\x00\x01\x00\x02\x00\x10\x80\x80\x00\x00\xcf\xbe\xbf\x14(\x92\x13)q\x08;\x0e',)
2022-10-23 10:51:27,648 root DEBUG iutctl_common.py          74    read                      : Read 5 bytes
2022-10-23 10:51:27,648 root DEBUG iutctl_common.py          83    read                      : Received: hdr: Header(svc_id=4, op=134, ctrl_index=0, data_len=15) bytearray(b'\x04\x86\x00\x0f\x00')
2022-10-23 10:51:27,648 root DEBUG iutctl_common.py          96    read                      : Received data: "(':\x00\x01\x00f\x00\x08\x01\x02\x03\x04\x05\x06\x07\x08',)", bytearray(b':\x00\x01\x00f\x00\x08\x01\x02\x03\x04\x05\x06\x07\x08')
2022-10-23 10:51:27,649 root DEBUG btp.py                    552   event_handler             : event_handler Header(svc_id=4, op=134, ctrl_index=0, data_len=15) (b':\x00\x01\x00f\x00\x08\x01\x02\x03\x04\x05\x06\x07\x08',)
2022-10-23 10:51:30,790 root DEBUG iutctl_common.py          74    read                      : Read 5 bytes
2022-10-23 10:51:30,790 root DEBUG iutctl_common.py          83    read                      : Received: hdr: Header(svc_id=4, op=134, ctrl_index=0, data_len=15) bytearray(b'\x04\x86\x00\x0f\x00')
2022-10-23 10:51:30,791 root DEBUG iutctl_common.py          96    read                      : Received data: "(':\x00\x01\x00f\x00\x08\x01\x02\x03\x04\x05\x06\x07\x08',)", bytearray(b':\x00\x01\x00f\x00\x08\x01\x02\x03\x04\x05\x06\x07\x08')
2022-10-23 10:51:30,791 root DEBUG btp.py                    552   event_handler             : event_handler Header(svc_id=4, op=134, ctrl_index=0, data_len=15) (b':\x00\x01\x00f\x00\x08\x01\x02\x03\x04\x05\x06\x07\x08',)
2022-10-23 10:51:33,938 root DEBUG iutctl_common.py          74    read                      : Read 5 bytes
2022-10-23 10:51:33,939 root DEBUG iutctl_common.py          83    read                      : Received: hdr: Header(svc_id=4, op=134, ctrl_index=0, data_len=15) bytearray(b'\x04\x86\x00\x0f\x00')
2022-10-23 10:51:33,939 root DEBUG iutctl_common.py          96    read                      : Received data: "(':\x00\x01\x00f\x00\x08\x01\x02\x03\x04\x05\x06\x07\x08',)", bytearray(b':\x00\x01\x00f\x00\x08\x01\x02\x03\x04\x05\x06\x07\x08')
2022-10-23 10:51:33,939 root DEBUG btp.py                    552   event_handler             : event_handler Header(svc_id=4, op=134, ctrl_index=0, data_len=15) (b':\x00\x01\x00f\x00\x08\x01\x02\x03\x04\x05\x06\x07\x08',)
2022-10-23 10:51:37,146 root DEBUG iutctl_common.py          74    read                      : Read 5 bytes
2022-10-23 10:51:37,147 root DEBUG iutctl_common.py          83    read                      : Received: hdr: Header(svc_id=4, op=134, ctrl_index=0, data_len=15) bytearray(b'\x04\x86\x00\x0f\x00')
2022-10-23 10:51:37,148 root DEBUG iutctl_common.py          96    read                      : Received data: "(':\x00\x01\x00f\x00\x08\x01\x02\x03\x04\x05\x06\x07\x08',)", bytearray(b':\x00\x01\x00f\x00\x08\x01\x02\x03\x04\x05\x06\x07\x08')
2022-10-23 10:51:37,148 root DEBUG btp.py                    552   event_handler             : event_handler Header(svc_id=4, op=134, ctrl_index=0, data_len=15) (b':\x00\x01\x00f\x00\x08\x01\x02\x03\x04\x05\x06\x07\x08',)
2022-10-23 10:51:40,304 root DEBUG iutctl_common.py          74    read                      : Read 5 bytes
2022-10-23 10:51:40,305 root DEBUG iutctl_common.py          83    read                      : Received: hdr: Header(svc_id=4, op=134, ctrl_index=0, data_len=15) bytearray(b'\x04\x86\x00\x0f\x00')
2022-10-23 10:51:40,305 root DEBUG iutctl_common.py          96    read                      : Received data: "(':\x00\x01\x00f\x00\x08\x01\x02\x03\x04\x05\x06\x07\x08',)", bytearray(b':\x00\x01\x00f\x00\x08\x01\x02\x03\x04\x05\x06\x07\x08')
2022-10-23 10:51:40,305 root DEBUG btp.py                    552   event_handler             : event_handler Header(svc_id=4, op=134, ctrl_index=0, data_len=15) (b':\x00\x01\x00f\x00\x08\x01\x02\x03\x04\x05\x06\x07\x08',)
2022-10-23 10:51:43,528 root DEBUG iutctl_common.py          74    read                      : Read 5 bytes
2022-10-23 10:51:43,528 root DEBUG iutctl_common.py          83    read                      : Received: hdr: Header(svc_id=4, op=134, ctrl_index=0, data_len=15) bytearray(b'\x04\x86\x00\x0f\x00')
2022-10-23 10:51:43,528 root DEBUG iutctl_common.py          96    read                      : Received data: "(':\x00\x01\x00f\x00\x08\x01\x02\x03\x04\x05\x06\x07\x08',)", bytearray(b':\x00\x01\x00f\x00\x08\x01\x02\x03\x04\x05\x06\x07\x08')
2022-10-23 10:51:43,529 root DEBUG btp.py                    552   event_handler             : event_handler Header(svc_id=4, op=134, ctrl_index=0, data_len=15) (b':\x00\x01\x00f\x00\x08\x01\x02\x03\x04\x05\x06\x07\x08',)
2022-10-23 10:51:46,735 root DEBUG iutctl_common.py          74    read                      : Read 5 bytes
2022-10-23 10:51:46,736 root DEBUG iutctl_common.py          83    read                      : Received: hdr: Header(svc_id=4, op=134, ctrl_index=0, data_len=15) bytearray(b'\x04\x86\x00\x0f\x00')
2022-10-23 10:51:46,736 root DEBUG iutctl_common.py          96    read                      : Received data: "(':\x00\x01\x00f\x00\x08\x01\x02\x03\x04\x05\x06\x07\x08',)", bytearray(b':\x00\x01\x00f\x00\x08\x01\x02\x03\x04\x05\x06\x07\x08')
2022-10-23 10:51:46,736 root DEBUG btp.py                    552   event_handler             : event_handler Header(svc_id=4, op=134, ctrl_index=0, data_len=15) (b':\x00\x01\x00f\x00\x08\x01\x02\x03\x04\x05\x06\x07\x08',)
2022-10-23 10:51:49,887 root DEBUG iutctl_common.py          74    read                      : Read 5 bytes
2022-10-23 10:51:49,888 root DEBUG iutctl_common.py          83    read                      : Received: hdr: Header(svc_id=4, op=134, ctrl_index=0, data_len=15) bytearray(b'\x04\x86\x00\x0f\x00')
2022-10-23 10:51:49,888 root DEBUG iutctl_common.py          96    read                      : Received data: "(':\x00\x01\x00f\x00\x08\x01\x02\x03\x04\x05\x06\x07\x08',)", bytearray(b':\x00\x01\x00f\x00\x08\x01\x02\x03\x04\x05\x06\x07\x08')
2022-10-23 10:51:49,889 root DEBUG btp.py                    552   event_handler             : event_handler Header(svc_id=4, op=134, ctrl_index=0, data_len=15) (b':\x00\x01\x00f\x00\x08\x01\x02\x03\x04\x05\x06\x07\x08',)
2022-10-23 10:51:53,050 root DEBUG iutctl_common.py          74    read                      : Read 5 bytes
2022-10-23 10:51:53,051 root DEBUG iutctl_common.py          83    read                      : Received: hdr: Header(svc_id=4, op=134, ctrl_index=0, data_len=15) bytearray(b'\x04\x86\x00\x0f\x00')
2022-10-23 10:51:53,051 root DEBUG iutctl_common.py          96    read                      : Received data: "(':\x00\x01\x00f\x00\x08\x01\x02\x03\x04\x05\x06\x07\x08',)", bytearray(b':\x00\x01\x00f\x00\x08\x01\x02\x03\x04\x05\x06\x07\x08')
2022-10-23 10:51:53,052 root DEBUG btp.py                    552   event_handler             : event_handler Header(svc_id=4, op=134, ctrl_index=0, data_len=15) (b':\x00\x01\x00f\x00\x08\x01\x02\x03\x04\x05\x06\x07\x08',)
2022-10-23 10:51:56,205 root DEBUG iutctl_common.py          74    read                      : Read 5 bytes
2022-10-23 10:51:56,206 root DEBUG iutctl_common.py          83    read                      : Received: hdr: Header(svc_id=4, op=134, ctrl_index=0, data_len=15) bytearray(b'\x04\x86\x00\x0f\x00')
2022-10-23 10:51:56,206 root DEBUG iutctl_common.py          96    read                      : Received data: "(':\x00\x01\x00f\x00\x08\x01\x02\x03\x04\x05\x06\x07\x08',)", bytearray(b':\x00\x01\x00f\x00\x08\x01\x02\x03\x04\x05\x06\x07\x08')
2022-10-23 10:51:56,207 root DEBUG btp.py                    552   event_handler             : event_handler Header(svc_id=4, op=134, ctrl_index=0, data_len=15) (b':\x00\x01\x00f\x00\x08\x01\x02\x03\x04\x05\x06\x07\x08',)
2022-10-23 10:51:59,551 root DEBUG iutctl_common.py          74    read                      : Read 5 bytes
2022-10-23 10:51:59,551 root DEBUG iutctl_common.py          83    read                      : Received: hdr: Header(svc_id=4, op=134, ctrl_index=0, data_len=15) bytearray(b'\x04\x86\x00\x0f\x00')
2022-10-23 10:51:59,551 root DEBUG iutctl_common.py          96    read                      : Received data: "(':\x00\x01\x00f\x00\x08\x01\x02\x03\x04\x05\x06\x07\x08',)", bytearray(b':\x00\x01\x00f\x00\x08\x01\x02\x03\x04\x05\x06\x07\x08')
2022-10-23 10:51:59,551 root DEBUG btp.py                    552   event_handler             : event_handler Header(svc_id=4, op=134, ctrl_index=0, data_len=15) (b':\x00\x01\x00f\x00\x08\x01\x02\x03\x04\x05\x06\x07\x08',)
2022-10-23 10:52:23,117 root DEBUG iutctl_common.py          74    read                      : Read 5 bytes
2022-10-23 10:52:23,117 root DEBUG iutctl_common.py          83    read                      : Received: hdr: Header(svc_id=4, op=134, ctrl_index=0, data_len=15) bytearray(b'\x04\x86\x00\x0f\x00')
2022-10-23 10:52:23,117 root DEBUG iutctl_common.py          96    read                      : Received data: "(':\x00\x01\x00f\x00\x08\x01\x02\x03\x04\x05\x06\x07\x08',)", bytearray(b':\x00\x01\x00f\x00\x08\x01\x02\x03\x04\x05\x06\x07\x08')
2022-10-23 10:52:23,117 root DEBUG btp.py                    552   event_handler             : event_handler Header(svc_id=4, op=134, ctrl_index=0, data_len=15) (b':\x00\x01\x00f\x00\x08\x01\x02\x03\x04\x05\x06\x07\x08',)
2022-10-23 10:52:23,354 root DEBUG iutctl_common.py          74    read                      : Read 5 bytes
2022-10-23 10:52:23,355 root DEBUG iutctl_common.py          83    read                      : Received: hdr: Header(svc_id=4, op=134, ctrl_index=0, data_len=23) bytearray(b'\x04\x86\x00\x17\x00')
2022-10-23 10:52:23,355 root DEBUG iutctl_common.py          96    read                      : Received data: "('\x0c\x00\x01\x00f\x00\x10\x01\x02\x03\x04\x05\x06\x07\x08\t\x10\x11\x12\x13\x14\x15\x16',)", bytearray(b'\x0c\x00\x01\x00f\x00\x10\x01\x02\x03\x04\x05\x06\x07\x08\t\x10\x11\x12\x13\x14\x15\x16')
2022-10-23 10:52:23,356 root DEBUG btp.py                    552   event_handler             : event_handler Header(svc_id=4, op=134, ctrl_index=0, data_len=23) (b'\x0c\x00\x01\x00f\x00\x10\x01\x02\x03\x04\x05\x06\x07\x08\t\x10\x11\x12\x13\x14\x15\x16',)
2022-10-23 10:52:26,382 ClientCallback.on_implicit_send INFO client.py                 171   on_implicit_send          : ********************
2022-10-23 10:52:26,382 ClientCallback.on_implicit_send INFO client.py                 172   on_implicit_send          : BEGIN OnImplicitSend:
2022-10-23 10:52:26,382 ClientCallback.on_implicit_send INFO client.py                 173   on_implicit_send          : project_name: MESH
2022-10-23 10:52:26,382 ClientCallback.on_implicit_send INFO client.py                 174   on_implicit_send          : wid: 19
2022-10-23 10:52:26,382 ClientCallback.on_implicit_send INFO client.py                 175   on_implicit_send          : test_case_name: MESH/NODE/RLY/BV-02-C
2022-10-23 10:52:26,382 ClientCallback.on_implicit_send INFO client.py                 176   on_implicit_send          : description: Please send a network packet with maximum TransportPDU size with the following network header: Network Header: 
    NID: <WildCard: Exists>
    IVI: <WildCard: Exists>
    TTL: <WildCard: Exists>
    CTL: [0x00]
    SEQ: <WildCard: Exists>
    SRC: [0x0002]
    DST: [0xFFFF]
    TransportPDU: <WildCard: Exists>
2022-10-23 10:52:26,382 ClientCallback.on_implicit_send INFO client.py                 177   on_implicit_send          : style: MMI_Style_Ok 0x11040
2022-10-23 10:52:26,382 ClientCallback.on_implicit_send INFO client.py                 183   on_implicit_send          : Calling test cases on_implicit_send
2022-10-23 10:52:26,382 root DEBUG testcase.py               675   on_implicit_send          : MESH MESH/NODE/RLY/BV-02-C on_implicit_send
2022-10-23 10:52:26,382 root DEBUG testcase.py               619   join_post_wid_thread      : MESH MESH/NODE/RLY/BV-02-C join_post_wid_thread
2022-10-23 10:52:26,382 root DEBUG testcase.py               621   join_post_wid_thread      : self.post_wid_thread None
2022-10-23 10:52:26,382 root DEBUG mesh.py                   49    mesh_wid_hdl              : mesh_wid_hdl, 19, 'Please send a network packet with maximum TransportPDU size with the following network header: Network Header: \n    NID: <WildCard: Exists>\n    IVI: <WildCard: Exists>\n    TTL: <WildCard: Exists>\n    CTL: [0x00]\n    SEQ: <WildCard: Exists>\n    SRC: [0x0002]\n    DST: [0xFFFF]\n    TransportPDU: <WildCard: Exists>', MESH/NODE/RLY/BV-02-C
2022-10-23 10:52:26,382 root DEBUG mesh.py                   402   mesh_net_send             : mesh_net_send None '0x0002' '0xFFFF' '01020304'
2022-10-23 10:52:26,382 root DEBUG iutctl_common.py          102   send                      : send, 4 10 0 "bytearray(b'\\xff\\x02\\x00\\xff\\xff\\x04\\x01\\x02\\x03\\x04')"
2022-10-23 10:52:26,383 root DEBUG iutctl_common.py          107   send                      : sending frame '040a000a00ff0200ffff0401020304'
2022-10-23 10:52:26,383 root DEBUG iutctl_common.py          215   read                      : read
2022-10-23 10:52:26,435 root DEBUG iutctl_common.py          74    read                      : Read 5 bytes
2022-10-23 10:52:26,451 root DEBUG iutctl_common.py          83    read                      : Received: hdr: Header(svc_id=4, op=10, ctrl_index=0, data_len=0) bytearray(b'\x04\n\x00\x00\x00')
2022-10-23 10:52:26,467 root DEBUG iutctl_common.py          96    read                      : Received data: "('',)", bytearray(b'')
2022-10-23 10:52:26,515 root DEBUG testcase.py               713   on_implicit_send          : Sending response 'Ok' to wid 19 test case MESH/NODE/RLY/BV-02-C
2022-10-23 10:52:26,515 root DEBUG iutctl_common.py          74    read                      : Read 5 bytes
2022-10-23 10:52:26,515 ClientCallback.on_implicit_send INFO client.py                 188   on_implicit_send          : test case returned on_implicit_send, response: Ok
2022-10-23 10:52:26,515 root DEBUG iutctl_common.py          83    read                      : Received: hdr: Header(svc_id=4, op=134, ctrl_index=0, data_len=16) bytearray(b'\x04\x86\x00\x10\x00')
2022-10-23 10:52:26,515 ClientCallback.on_implicit_send INFO client.py                 198   on_implicit_send          : END OnImplicitSend:
2022-10-23 10:52:26,515 root DEBUG iutctl_common.py          96    read                      : Received data: "('\x07\x00\x02\x00ÿÿ\tx²\x9c\x18£\x87OÂÓ',)", bytearray(b'\x07\x00\x02\x00\xff\xff\tx\xb2\x9c\x18\xa3\x87O\xc2\xd3')
2022-10-23 10:52:26,515 ClientCallback.on_implicit_send INFO client.py                 199   on_implicit_send          : ********************
2022-10-23 10:52:26,516 root DEBUG btp.py                    552   event_handler             : event_handler Header(svc_id=4, op=134, ctrl_index=0, data_len=16) (b'\x07\x00\x02\x00\xff\xff\tx\xb2\x9c\x18\xa3\x87O\xc2\xd3',)
2022-10-23 10:52:32,753 ClientCallback.log INFO client.py                 135   log                       : PTS_LOGTYPE_START_TEST Start Test Case 

+0 ms
 MESH/NODE/RLY/BV-02-C MESH/NODE/RLY/BV-02-C

2022-10-23 10:52:32,753 root DEBUG testcase.py               464   log                       : New status MESH MESH/NODE/RLY/BV-02-C - Started
2022-10-23 10:52:36,024 ClientCallback.log INFO client.py                 135   log                       : PTS_LOGTYPE_FINAL_VERDICT Final Verdict 

+73969 ms
 MESH/NODE/RLY/BV-02-C PASS

2022-10-23 10:52:36,024 root DEBUG testcase.py               464   log                       : New status MESH MESH/NODE/RLY/BV-02-C - PASS
2022-10-23 10:52:36,027 ClientCallback.log INFO client.py                 135   log                       : PTS_LOGTYPE_FINAL_VERDICT Encrypted Verdict 

+73969 ms
 MESH/NODE/RLY/BV-02-C A1#ZWY4MzQ5MDg3MmQwNTIxOGQzMzQ5YjY2ODA5M2MzNjQ5ZDY4NmY0Yjc2MzIzM2VkNTUyNTFhNGU4Mjg1MjI0NA==#TFnbaEnhCPnW3/cq/+FEGNTunfvom3YsOVwdiWiqPLNF/EicbAxLpWBuvqLVc5Se

2022-10-23 10:52:36,030 ClientCallback.log INFO client.py                 135   log                       : PTS_LOGTYPE_END_TEST Test Case Ended 

+73969 ms
 MESH/NODE/RLY/BV-02-C MESH/NODE/RLY/BV-02-C

2022-10-23 10:52:36,159 root DEBUG client.py                 799   run_test_case_thread_entry : After run_test_case error_code='' status='PASS'
2022-10-23 10:52:36,159 root DEBUG client.py                 280   error_code                : CallbackThread.error_code
2022-10-23 10:52:36,159 root DEBUG client.py                 294   cleanup                   : CallbackThread.cleanup
2022-10-23 10:52:37,188 root DEBUG testcase.py               758   post_run                  : post_run MESH MESH/NODE/RLY/BV-02-C 
2022-10-23 10:52:37,188 root DEBUG testcase.py               246   start                     : Starting test function: class=<class 'autopts.ptsprojects.testcase.TestFuncCleanUp'>, func=<bound method Stack.cleanup of <autopts.ptsprojects.stack.Stack object at 0x000001A0E57B9700>> start_wid=None stop_wid=None post_wid=None skip_call=None call_count=1 args=() kwds={}
2022-10-23 10:52:37,189 root DEBUG testcase.py               258   start                     : Test function parameters: args=(), kwds={}
2022-10-23 10:52:37,190 root DEBUG client.py                 289   clear_pending_responses   : CallbackThread.clear_pending_responses
2022-10-23 10:52:37,190 root DEBUG client.py                 289   clear_pending_responses   : CallbackThread.clear_pending_responses
2022-10-23 10:52:37,190 root DEBUG testcase.py               246   start                     : Starting test function: class=<class 'autopts.ptsprojects.testcase.TestFuncCleanUp'>, func=<bound method ZephyrCtl.stop of <autopts.ptsprojects.zephyr.iutctl.ZephyrCtl object at 0x000001A0E57B98E0>> start_wid=None stop_wid=None post_wid=None skip_call=None call_count=1 args=() kwds={}
2022-10-23 10:52:37,190 root DEBUG testcase.py               258   start                     : Test function parameters: args=(), kwds={}
2022-10-23 10:52:37,191 root DEBUG iutctl.py                 232   stop                      : <class 'autopts.ptsprojects.zephyr.iutctl.ZephyrCtl'>.stop
2022-10-23 10:52:37,580 root DEBUG __init__.py               48    reset                     : About to reset DUT: 'nrfjprog -r -s 683989059'
2022-10-23 10:52:41,115 root DEBUG testcase.py               783   post_run                  : post_run, cleanup running pre test case script
2022-10-23 10:52:41,115 root DEBUG testcase.py               793   post_run                  : post_run, run post test case script
2022-10-23 10:52:41,175 root DEBUG client.py                 829   run_test_case_thread_entry : Done TestCase wrapper MESH MESH/NODE/RLY/BV-02-C
