*** Booting Zephyr OS build v4.1.0-rc2-177-g5efaf9d8c1f0 ***
[00:00:00.253,265] <dbg> bttester: tester_init: Initializing tester
[00:00:06.133,026] <dbg> bttester: cmd_handler: cmd service 0x00 opcode 0x03 index 0xff
[00:00:06.160,858] <inf> bt_hci_core: HW Platform: Nordic Semiconductor (0x0002)
[00:00:06.160,888] <inf> bt_hci_core: HW Variant: nRF53x (0x0003)
[00:00:06.160,919] <inf> bt_hci_core: Firmware: Standard Bluetooth controller (0x00) Version 4.1 Build 0
[00:00:06.162,719] <inf> bt_hci_core: Identity: D7:B8:1B:0B:51:C3 (random)
[00:00:06.162,750] <inf> bt_hci_core: HCI: version 5.4 (0x0d) revision 0x0000, manufacturer 0x05f1
[00:00:06.162,780] <inf> bt_hci_core: LMP: version 5.4 (0x0d) subver 0xffff
[00:00:06.162,811] <dbg> bttester: tester_rsp_with_index: service 0x00 opcode 0x03 index 0xff status 0x00
[00:00:06.186,798] <dbg> bttester: cmd_handler: cmd service 0x01 opcode 0x03 index 0x00
[00:00:06.186,828] <wrn> bt_ecc: Callback already registered
[00:00:06.606,079] <dbg> bttester: cmd_handler: cmd service 0x00 opcode 0x03 index 0xff
[00:00:06.606,109] <dbg> bttester: tester_rsp_with_index: service 0x00 opcode 0x03 index 0xff status 0x00
[00:00:06.616,699] <dbg> bttester: cmd_handler: cmd service 0x01 opcode 0x08 index 0x00
[00:00:06.624,664] <dbg> bttester: cmd_handler: cmd service 0x00 opcode 0x03 index 0xff
[00:00:06.625,366] <dbg> bttester: tester_rsp_with_index: service 0x00 opcode 0x03 index 0xff status 0x00
[00:00:06.633,972] <dbg> bttester: cmd_handler: cmd service 0x00 opcode 0x03 index 0xff
[00:00:06.634,002] <dbg> bttester: tester_rsp_with_index: service 0x00 opcode 0x03 index 0xff status 0x00
[00:00:06.650,817] <dbg> bttester: cmd_handler: cmd service 0x00 opcode 0x03 index 0xff
[00:00:06.650,939] <dbg> bttester: tester_rsp_with_index: service 0x00 opcode 0x03 index 0xff status 0x00
[00:00:06.656,433] <dbg> bttester: cmd_handler: cmd service 0x01 opcode 0x21 index 0x00
[00:00:06.656,463] <dbg> bttester_gap: set_extended_advertising: ext adv settings: 1
[00:00:06.671,752] <dbg> bttester: cmd_handler: cmd service 0x01 opcode 0x0a index 0x00
[00:00:13.169,616] <dbg> bttester_gap: le_connected: C0:07:E8:1C:28:DF (public): 0x00
[00:00:13.169,647] <dbg> bttester: tester_event: service 0x01 opcode 0x82
[00:00:13.171,142] <dbg> bttester: tester_event: service 0x01 opcode 0x80
[00:00:13.171,997] <dbg> bttester_bap_unicast: connected: Connected: C0:07:E8:1C:28:DF (public)
[00:00:13.692,474] <dbg> bttester: cmd_handler: cmd service 0x01 opcode 0x0a index 0x00
[00:00:16.873,291] <dbg> bttester: tester_event: service 0x01 opcode 0x89
[00:00:18.291,503] <dbg> bttester: tester_event: service 0x01 opcode 0x88
[00:00:23.412,292] <dbg> bttester_bap_unicast: lc3_config: ASE Codec Config: ep 0x2000e15c dir 1
[00:00:23.412,322] <dbg> bttester_bap_unicast: print_codec_cfg: codec_cfg 0x06 cid 0x0000 vid 0x0000 count 16
[00:00:23.412,353] <dbg> bttester_bap_unicast: print_cb: data: type 0x01 value_len 1
[00:00:23.412,353] <dbg> bttester_bap_unicast: print_cb: 
                                               03                                               |.                
[00:00:23.412,384] <dbg> bttester_bap_unicast: print_cb: data: type 0x02 value_len 1
[00:00:23.412,414] <dbg> bttester_bap_unicast: print_cb: 
                                               01                                               |.                
[00:00:23.412,414] <dbg> bttester_bap_unicast: print_cb: data: type 0x04 value_len 2
[00:00:23.412,445] <dbg> bttester_bap_unicast: print_cb: 
                                               28 00                                            |(.               
[00:00:23.412,475] <dbg> bttester_bap_unicast: print_cb: data: type 0x03 value_len 4
[00:00:23.412,506] <dbg> bttester_bap_unicast: print_cb: 
                                               02 00 00 00                                      |....             
[00:00:23.412,536] <dbg> bttester_bap_unicast: print_codec_cfg:   Frequency: 16000 Hz
[00:00:23.412,536] <dbg> bttester_bap_unicast: print_codec_cfg:   Frame Duration: 10000 us
[00:00:23.412,567] <dbg> bttester_bap_unicast: print_codec_cfg:   Channel allocation: 0x2
[00:00:23.412,567] <dbg> bttester_bap_unicast: print_codec_cfg:   Octets per frame: 40 (negative means value not pressent)
[00:00:23.412,597] <dbg> bttester_bap_unicast: print_codec_cfg:   Frames per SDU: 1
[00:00:23.412,628] <dbg> bttester_bap_unicast: lc3_config: ASE Codec Config stream 0x200126a8
[00:00:23.412,963] <dbg> bttester_bap_unicast: stream_configured: Configured stream 0x200126a8, ep 1, dir 1
[00:00:23.412,963] <dbg> bttester: tester_event: service 0x0d opcode 0x80
[00:00:23.571,777] <dbg> bttester_bap_unicast: lc3_qos: QoS: stream 0x200126a8 qos 0x2002047c
[00:00:23.571,807] <dbg> bttester_bap_unicast: print_qos: QoS: interval 10000 framing 0x00 phy 0x02 sdu 40 rtn 2 latency 10 pd 25000
[00:00:23.572,204] <dbg> bttester_bap_unicast: stream_qos_set: QoS set stream 0x200126a8
[00:00:23.572,235] <dbg> bttester: tester_event: service 0x0d opcode 0x80
[00:00:23.731,750] <dbg> bttester_bap_unicast: lc3_release: Release: stream 0x200126a8
[00:00:23.732,391] <dbg> bttester_bap_unicast: stream_released: Released stream 0x200126a8
[00:00:25.252,105] <dbg> bttester_gap: le_disconnected: C0:07:E8:1C:28:DF (public): 0x13
[00:00:25.252,136] <dbg> bttester: tester_event: service 0x01 opcode 0x83
[00:00:25.253,173] <dbg> bttester_bap_unicast: disconnected: Disconnected: C0:07:E8:1C:28:DF (public) (reason 0x13)
