*** Booting Zephyr OS build v3.7.0-3920-g8068cb256750 ***
[00:00:00.250,762] <dbg> bttester: tester_init: Initializing tester
[00:00:05.970,642] <inf> bt_hci_core: HW Platform: Nordic Semiconductor (0x0002)
[00:00:05.970,672] <inf> bt_hci_core: HW Variant: nRF52x (0x0002)
[00:00:05.970,733] <inf> bt_hci_core: Firmware: Standard Bluetooth controller (0x00) Version 3.7 Build 99
[00:00:05.971,893] <inf> bt_hci_core: Identity: DC:E7:76:C4:1F:70 (random)
[00:00:05.971,923] <inf> bt_hci_core: HCI: version 5.4 (0x0d) revision 0x0000, manufacturer 0x05f1
[00:00:05.971,954] <inf> bt_hci_core: LMP: version 5.4 (0x0d) subver 0xffff
[00:00:06.078,399] <wrn> bttester_mesh: Loading default comp data
[00:00:06.078,643] <wrn> bt_mesh_access: Unused space in relation list: 2
[00:00:15.098,693] <dbg> bttester_mesh: config_prov: 
[00:00:15.121,612] <dbg> bttester_mesh: start: 
[00:00:15.121,704] <inf> bt_mesh_provisionee: Device UUID: 7494de62-90aa-4f02-b355-27fca6b3200f
[00:00:15.123,596] <inf> bt_mesh_provisionee: Device UUID: 7494de62-90aa-4f02-b355-27fca6b3200f
[00:00:15.150,024] <dbg> bttester_mesh: link_open: bearer 0x01
[00:00:18.013,824] <inf> bt_mesh_main: Primary Element: 0x0002
[00:00:18.024,353] <dbg> bttester_mesh: prov_complete: net_idx 0x0000 addr 0x0002
[00:00:19.586,944] <dbg> bttester_mesh: link_close: bearer 0x01
[00:00:20.684,448] <dbg> bttester_mesh: net_recv_ev: ttl 0x03 ctl 0x00 src 0x0001 dst 0x0002 payload_len 15
[00:00:20.687,286] <dbg> bttester_mesh: model_recv_ev: src 0x0001 dst 0x0002 payload_len 3
[00:00:20.775,085] <dbg> bttester_mesh: net_recv_ev: ttl 0x03 ctl 0x00 src 0x0001 dst 0x0002 payload_len 15
[00:00:20.777,587] <dbg> bttester_mesh: model_recv_ev: src 0x0001 dst 0x0002 payload_len 3
[00:00:21.086,334] <dbg> bttester_mesh: net_recv_ev: ttl 0x07 ctl 0x01 src 0x0001 dst 0x0002 payload_len 7
[00:00:21.703,216] <dbg> bttester_mesh: net_recv_ev: ttl 0x03 ctl 0x00 src 0x0001 dst 0x0002 payload_len 15
[00:00:21.706,054] <dbg> bttester_mesh: model_recv_ev: src 0x0001 dst 0x0002 payload_len 3
[00:00:22.205,810] <dbg> bttester_mesh: net_recv_ev: ttl 0x07 ctl 0x01 src 0x0001 dst 0x0002 payload_len 7
[00:00:22.300,750] <dbg> bttester_mesh: net_recv_ev: ttl 0x03 ctl 0x00 src 0x0001 dst 0x0002 payload_len 16
[00:00:22.340,820] <dbg> bttester_mesh: net_recv_ev: ttl 0x03 ctl 0x00 src 0x0001 dst 0x0002 payload_len 16
[00:00:22.343,750] <dbg> bttester_mesh: model_recv_ev: src 0x0001 dst 0x0002 payload_len 20
[00:00:22.464,019] <dbg> bttester_mesh: net_recv_ev: ttl 0x03 ctl 0x00 src 0x0001 dst 0x0002 payload_len 16
[00:00:22.466,644] <dbg> bttester_mesh: model_recv_ev: src 0x0001 dst 0x0002 payload_len 8
[00:00:22.468,170] <dbg> bttester_mesh: model_bound_cb: remote addr 0x0001 key_idx 0x0000 model 0x6b628
[00:00:22.572,113] <dbg> bttester_mesh: net_recv_ev: ttl 0x03 ctl 0x00 src 0x0001 dst 0x0002 payload_len 16
[00:00:22.574,798] <dbg> bttester_mesh: model_recv_ev: src 0x0001 dst 0x0002 payload_len 8
[00:00:22.576,507] <dbg> bttester_mesh: model_bound_cb: remote addr 0x0001 key_idx 0x0000 model 0x6b654
[00:00:22.695,312] <dbg> bttester_mesh: net_recv_ev: ttl 0x03 ctl 0x00 src 0x0001 dst 0x0002 payload_len 16
[00:00:22.697,967] <dbg> bttester_mesh: model_recv_ev: src 0x0001 dst 0x0002 payload_len 8
[00:00:22.699,493] <dbg> bttester_mesh: model_bound_cb: remote addr 0x0001 key_idx 0x0000 model 0x6b7e0
[00:00:22.802,551] <dbg> bttester_mesh: net_recv_ev: ttl 0x03 ctl 0x00 src 0x0001 dst 0x0002 payload_len 16
[00:00:22.805,297] <dbg> bttester_mesh: model_recv_ev: src 0x0001 dst 0x0002 payload_len 8
[00:00:22.806,884] <dbg> bttester_mesh: model_bound_cb: remote addr 0x0001 key_idx 0x0000 model 0x6b80c
[00:00:22.893,249] <dbg> bttester_mesh: net_recv_ev: ttl 0x03 ctl 0x00 src 0x0001 dst 0x0002 payload_len 16
[00:00:22.895,874] <dbg> bttester_mesh: model_recv_ev: src 0x0001 dst 0x0002 payload_len 8
[00:00:22.897,399] <dbg> bttester_mesh: model_bound_cb: remote addr 0x0001 key_idx 0x0000 model 0x6b838
[00:00:23.051,208] <dbg> bttester_mesh: net_recv_ev: ttl 0x03 ctl 0x00 src 0x0001 dst 0x0002 payload_len 16
[00:00:23.053,894] <dbg> bttester_mesh: model_recv_ev: src 0x0001 dst 0x0002 payload_len 8
[00:00:23.055,511] <dbg> bttester_mesh: model_bound_cb: remote addr 0x0001 key_idx 0x0000 model 0x6b864
[00:00:23.227,142] <dbg> bttester_mesh: net_recv_ev: ttl 0x03 ctl 0x00 src 0x0001 dst 0x0002 payload_len 16
[00:00:23.229,827] <dbg> bttester_mesh: model_recv_ev: src 0x0001 dst 0x0002 payload_len 8
[00:00:23.231,353] <dbg> bttester_mesh: model_bound_cb: remote addr 0x0001 key_idx 0x0000 model 0x6b8bc
[00:00:23.867,004] <dbg> bttester_mesh: net_recv_ev: ttl 0x03 ctl 0x00 src 0x0001 dst 0x0002 payload_len 16
[00:00:23.869,628] <dbg> bttester_mesh: model_recv_ev: src 0x0001 dst 0x0002 payload_len 8
[00:00:23.871,154] <dbg> bttester_mesh: model_bound_cb: remote addr 0x0001 key_idx 0x0000 model 0x6b940
[00:00:23.974,151] <dbg> bttester_mesh: net_recv_ev: ttl 0x03 ctl 0x00 src 0x0001 dst 0x0002 payload_len 9
[00:00:23.976,043] <dbg> bttester_mesh: model_recv_ev: src 0x0001 dst 0x0002 payload_len 4
[00:00:23.977,416] <dbg> bttester_mesh: fault_get_reg: company_id 0x05f1
[00:00:24.150,329] <dbg> bttester_mesh: model_send: src 0x0002 dst 0x0001 model 0x6b628 payload_len 24
[00:00:24.302,825] <dbg> bttester_mesh: net_recv_ev: ttl 0x03 ctl 0x01 src 0x0001 dst 0x0002 payload_len 7
[00:00:24.304,534] <wrn> bt_mesh_transport: SDU canceled
[00:00:24.357,879] <dbg> bttester_mesh: net_recv_ev: ttl 0x03 ctl 0x01 src 0x0001 dst 0x0002 payload_len 7
[00:00:24.396,697] <dbg> bttester_mesh: net_recv_ev: ttl 0x03 ctl 0x01 src 0x0001 dst 0x0002 payload_len 7
