*** Booting Zephyr OS build v4.0.0-5465-gd39d420c5482 ***
[00:00:00.253,265] <dbg> bttester: tester_init: Initializing tester
[00:00:06.000,305] <dbg> bttester: cmd_handler: cmd service 0x00 opcode 0x03 index 0xff
[00:00:06.028,472] <inf> bt_hci_core: HW Platform: Nordic Semiconductor (0x0002)
[00:00:06.028,503] <inf> bt_hci_core: HW Variant: nRF53x (0x0003)
[00:00:06.028,503] <inf> bt_hci_core: Firmware: Standard Bluetooth controller (0x00) Version 4.0 Build 99
[00:00:06.030,303] <inf> bt_hci_core: Identity: D7:B8:1B:0B:51:C3 (random)
[00:00:06.030,334] <inf> bt_hci_core: HCI: version 5.4 (0x0d) revision 0x0000, manufacturer 0x05f1
[00:00:06.030,364] <inf> bt_hci_core: LMP: version 5.4 (0x0d) subver 0xffff
[00:00:06.030,395] <dbg> bttester: tester_rsp_with_index: service 0x00 opcode 0x03 index 0xff status 0x00
[00:00:06.119,384] <dbg> bttester: cmd_handler: cmd service 0x01 opcode 0x03 index 0x00
[00:00:06.464,233] <dbg> bttester: cmd_handler: cmd service 0x00 opcode 0x03 index 0xff
[00:00:06.464,294] <dbg> bttester: tester_rsp_with_index: service 0x00 opcode 0x03 index 0xff status 0x00
[00:00:06.502,014] <dbg> bttester: cmd_handler: cmd service 0x01 opcode 0x08 index 0x00
[00:00:06.611,389] <dbg> bttester: cmd_handler: cmd service 0x00 opcode 0x03 index 0xff
[00:00:06.612,030] <dbg> bttester: tester_rsp_with_index: service 0x00 opcode 0x03 index 0xff status 0x00
[00:00:06.683,837] <dbg> bttester: cmd_handler: cmd service 0x00 opcode 0x03 index 0xff
[00:00:06.683,868] <dbg> bttester: tester_rsp_with_index: service 0x00 opcode 0x03 index 0xff status 0x00
[00:00:06.711,303] <dbg> bttester: cmd_handler: cmd service 0x00 opcode 0x03 index 0xff
[00:00:06.711,395] <dbg> bttester: tester_rsp_with_index: service 0x00 opcode 0x03 index 0xff status 0x00
[00:00:13.870,208] <dbg> bttester: cmd_handler: cmd service 0x0e opcode 0x0a index 0x00
[00:00:13.870,239] <dbg> bttester_bap_broadcast: btp_bap_broadcast_sink_setup: 
[00:00:13.870,391] <dbg> bttester: tester_rsp_with_index: service 0x0e opcode 0x0a index 0x00 status 0x00
[00:00:13.886,383] <dbg> bttester: cmd_handler: cmd service 0x0e opcode 0x0c index 0x00
[00:00:13.886,413] <dbg> bttester_bap_broadcast: btp_bap_broadcast_scan_start: 
[00:00:13.888,183] <dbg> bttester: tester_rsp_with_index: service 0x0e opcode 0x0c index 0x00 status 0x00
[00:00:13.979,827] <dbg> bttester_bap_broadcast: baa_check: Found BAA with ID 0x63B7CB, addr C0:07:E8:1C:28:DF (public), sid 0x00, interval 0x0258
[00:00:13.979,827] <dbg> bttester: tester_event: service 0x0e opcode 0x84
