WARNING: Using a test - not safe - entropy source
uart connected to pseudotty: /dev/pts/7
*** Booting Zephyr OS build v4.4.0-8659-gcdba7c81c2ba ***
[00:00:00.000,000] [0m<dbg> bttester.tester_init: Initializing tester[0m
[00:00:00.110,000] [0m<dbg> bttester.cmd_handler: cmd service 0x00 opcode 0x03 index 0xff[0m
[00:00:00.290,000] [1;33m<wrn> bt_hci_core: Num of Controller's ISO packets != ISO bt_conn_tx contexts(3 != 4)[0m
[00:00:00.470,000] [0m<inf> bt_hci_core: HCI transport: HCI User Channel[0m
[00:00:00.470,000] [0m<inf> bt_hci_core: Identity: D5:B6:CC:31:DB:3B (random)[0m
[00:00:00.470,000] [0m<inf> bt_hci_core: HCI: version 6.1 (0x0f) revision 0x3069, manufacturer 0x0059[0m
[00:00:00.470,000] [0m<inf> bt_hci_core: LMP: version 6.1 (0x0f) subver 0x3069[0m
[00:00:00.470,000] [0m<dbg> bttester.cmd_handler: Command returns status 0[0m
[00:00:00.470,000] [0m<dbg> bttester.tester_rsp_with_index: service 0x00 opcode 0x03 index 0xff status 0x00[0m
[00:00:00.480,000] [0m<dbg> bttester.cmd_handler: cmd service 0x01 opcode 0x01 index 0xff[0m
[00:00:00.480,000] [0m<dbg> bttester.cmd_handler: Command returns status 0[0m
[00:00:00.540,000] [0m<dbg> bttester.cmd_handler: cmd service 0x01 opcode 0x03 index 0x00[0m
[00:00:00.540,000] [0m<dbg> bttester.cmd_handler: Command returns status 0[0m
[00:00:00.610,000] [0m<dbg> bttester.cmd_handler: cmd service 0x00 opcode 0x03 index 0xff[0m
[00:00:00.610,000] [0m<dbg> bttester.cmd_handler: Command returns status 0[0m
[00:00:00.610,000] [0m<dbg> bttester.tester_rsp_with_index: service 0x00 opcode 0x03 index 0xff status 0x00[0m
[00:00:00.620,000] [0m<dbg> bttester.cmd_handler: cmd service 0x02 opcode 0x01 index 0xff[0m
[00:00:00.620,000] [0m<dbg> bttester.cmd_handler: Command returns status 0[0m
[00:00:00.680,000] [0m<dbg> bttester.cmd_handler: cmd service 0x01 opcode 0x08 index 0x00[0m
[00:00:00.680,000] [0m<dbg> bttester.cmd_handler: Command returns status 0[0m
[00:00:00.740,000] [0m<dbg> bttester.cmd_handler: cmd service 0x00 opcode 0x03 index 0xff[0m
[00:00:00.740,000] [0m<dbg> bttester.cmd_handler: Command returns status 0[0m
[00:00:00.740,000] [0m<dbg> bttester.tester_rsp_with_index: service 0x00 opcode 0x03 index 0xff status 0x00[0m
[00:00:00.790,000] [0m<dbg> bttester.cmd_handler: cmd service 0x0c opcode 0x01 index 0xff[0m
[00:00:00.790,000] [0m<dbg> bttester.cmd_handler: Command returns status 0[0m
[00:00:00.850,000] [0m<dbg> bttester.cmd_handler: cmd service 0x00 opcode 0x03 index 0xff[0m
[00:00:00.850,000] [0m<dbg> bttester.cmd_handler: Command returns status 0[0m
[00:00:00.850,000] [0m<dbg> bttester.tester_rsp_with_index: service 0x00 opcode 0x03 index 0xff status 0x00[0m
[00:00:00.900,000] [0m<dbg> bttester.cmd_handler: cmd service 0x0d opcode 0x01 index 0xff[0m
[00:00:00.900,000] [0m<dbg> bttester.cmd_handler: Command returns status 0[0m
[00:00:00.960,000] [0m<dbg> bttester.cmd_handler: cmd service 0x00 opcode 0x03 index 0xff[0m
[00:00:00.960,000] [0m<dbg> bttester.cmd_handler: Command returns status 0[0m
[00:00:00.960,000] [0m<dbg> bttester.tester_rsp_with_index: service 0x00 opcode 0x03 index 0xff status 0x00[0m
[00:00:01.010,000] [0m<dbg> bttester.cmd_handler: cmd service 0x0e opcode 0x01 index 0xff[0m
[00:00:01.010,000] [0m<dbg> bttester.cmd_handler: Command returns status 0[0m
[00:00:04.070,000] [0m<dbg> bttester.cmd_handler: cmd service 0x0e opcode 0x0a index 0x00[0m
[00:00:04.070,000] [0m<dbg> bttester_bap_broadcast.btp_bap_broadcast_sink_setup: [0m
[00:00:04.070,000] [0m<dbg> bttester.cmd_handler: Command returns status 0[0m
[00:00:04.070,000] [0m<dbg> bttester.tester_rsp_with_index: service 0x0e opcode 0x0a index 0x00 status 0x00[0m
[00:00:04.090,000] [0m<dbg> bttester.cmd_handler: cmd service 0x0e opcode 0x0c index 0x00[0m
[00:00:04.090,000] [0m<dbg> bttester_bap_broadcast.btp_bap_broadcast_scan_start: [0m
[00:00:04.150,000] [0m<dbg> bttester.cmd_handler: Command returns status 0[0m
[00:00:04.150,000] [0m<dbg> bttester.tester_rsp_with_index: service 0x0e opcode 0x0c index 0x00 status 0x00[0m
[00:00:05.770,000] [0m<dbg> bttester_bap_broadcast.baa_check: Found BAA with ID 0x505453, addr DF:A9:FF:F6:B1:1A (public), sid 0x00, interval 0x0258[0m
[00:00:05.770,000] [0m<dbg> bttester.tester_event: service 0x0e opcode 0x84[0m
[00:00:05.800,000] [0m<dbg> bttester.cmd_handler: cmd service 0x0e opcode 0x0d index 0x00[0m
[00:00:05.800,000] [0m<dbg> bttester_bap_broadcast.btp_bap_broadcast_scan_stop: [0m
[00:00:05.810,000] [0m<dbg> bttester.cmd_handler: Command returns status 0[0m
[00:00:05.810,000] [0m<dbg> bttester.tester_rsp_with_index: service 0x0e opcode 0x0d index 0x00 status 0x00[0m
[00:00:05.850,000] [0m<dbg> bttester.cmd_handler: cmd service 0x0e opcode 0x0e index 0x00[0m
[00:00:05.850,000] [0m<dbg> bttester_bap_broadcast.btp_bap_broadcast_sink_sync: [0m
[00:00:05.930,000] [0m<dbg> bttester.cmd_handler: Command returns status 0[0m
[00:00:05.930,000] [0m<dbg> bttester.tester_rsp_with_index: service 0x0e opcode 0x0e index 0x00 status 0x00[0m
[00:00:08.030,000] [0m<dbg> bttester_gap.pa_sync_synced_cb: [0m
[00:00:08.030,000] [0m<dbg> bttester.tester_event: service 0x01 opcode 0x8d[0m
[00:00:08.030,000] [0m<dbg> bttester_bap_broadcast.bap_pa_sync_synced_cb: Sync info: service_data 0x0000[0m
[00:00:08.030,000] [0m<dbg> bttester_bap_broadcast.recv_state_updated_cb: Receive state with ID 0 updated[0m
[00:00:08.030,000] [0m<dbg> bttester.tester_event: service 0x0e opcode 0x89[0m
[00:00:08.030,000] [0m<dbg> bttester_bap_broadcast.recv_state_updated_cb: Receive state with ID 0 updated[0m
[00:00:08.030,000] [0m<dbg> bttester.tester_event: service 0x0e opcode 0x89[0m
[00:00:08.030,000] [0m<dbg> bttester_bap_broadcast.base_recv_cb: [0m
[00:00:08.030,000] [0m<dbg> bttester_bap_broadcast.base_recv_cb: Received BASE: broadcast sink 0x828c580 subgroups 1[0m
[00:00:08.030,000] [0m<dbg> bttester.tester_event: service 0x0e opcode 0x85[0m
[00:00:08.030,000] [0m<dbg> bttester_bap_broadcast.base_recv_cb: bis_index_bitfield 0x00000001[0m
[00:00:08.030,000] [0m<dbg> bttester_gap.pa_sync_recv_cb: [0m
[00:00:08.030,000] [0m<dbg> bttester.tester_event: service 0x01 opcode 0x8f[0m
[00:00:08.030,000] [0m<dbg> bttester_bap_broadcast.syncable_cb: Broadcaster PA found, encrypted 0, requested_bis_sync 0[0m
[00:00:08.030,000] [0m<dbg> bttester_bap_broadcast.syncable_cb: BIGInfo received, but have not yet received request to sync to broadcast[0m
[00:00:08.030,000] [0m<dbg> bttester_gap.pa_sync_biginfo_cb: [0m
[00:00:08.030,000] [0m<dbg> bttester.tester_event: service 0x01 opcode 0x97[0m
[00:00:08.080,000] [0m<dbg> bttester.cmd_handler: cmd service 0x0e opcode 0x10 index 0x00[0m
[00:00:08.080,000] [0m<dbg> bttester_bap_broadcast.btp_bap_broadcast_sink_bis_sync: [0m
[00:00:08.090,000] [0m<dbg> bttester.cmd_handler: Command returns status 0[0m
[00:00:08.090,000] [0m<dbg> bttester.tester_rsp_with_index: service 0x0e opcode 0x10 index 0x00 status 0x00[0m
[00:00:08.750,000] [0m<dbg> bttester_bap_broadcast.base_recv_cb: [0m
[00:00:08.750,000] [0m<dbg> bttester_bap_broadcast.base_recv_cb: Received BASE: broadcast sink 0x828c580 subgroups 1[0m
[00:00:08.750,000] [0m<dbg> bttester.tester_event: service 0x0e opcode 0x85[0m
[00:00:08.750,000] [0m<dbg> bttester_bap_broadcast.base_recv_cb: bis_index_bitfield 0x00000001[0m
[00:00:08.750,000] [0m<dbg> bttester_gap.pa_sync_recv_cb: [0m
[00:00:08.750,000] [0m<dbg> bttester.tester_event: service 0x01 opcode 0x8f[0m
[00:00:08.750,000] [0m<dbg> bttester_gap.pa_sync_biginfo_cb: [0m
[00:00:08.750,000] [0m<dbg> bttester.tester_event: service 0x01 opcode 0x97[0m
[00:00:08.770,000] [0m<dbg> bttester_bap_broadcast.stream_started: Started stream 0x827b88c[0m
[00:00:08.770,000] [0m<dbg> bttester.tester_event: service 0x0e opcode 0x86[0m
[00:00:08.770,000] [0m<dbg> bttester_bap_broadcast.recv_state_updated_cb: Receive state with ID 0 updated[0m
[00:00:08.770,000] [0m<dbg> bttester.tester_event: service 0x0e opcode 0x89[0m
[00:00:08.770,000] [0m<dbg> bttester_bap_broadcast.stream_recv: Incoming audio on stream 0x827b88c len 0 flags 0x0C seq_num 524 and ts 4040399768[0m
[00:00:08.770,000] [0m<dbg> bttester_bap_broadcast.stream_recv: Incoming audio on stream 0x827b88c len 0 flags 0x0C seq_num 525 and ts 4040409768[0m
[00:00:08.770,000] [0m<dbg> bttester_bap_broadcast.stream_recv: Incoming audio on stream 0x827b88c len 0 flags 0x0C seq_num 526 and ts 4040419768[0m
[00:00:08.770,000] [0m<dbg> bttester_bap_broadcast.stream_recv: Incoming audio on stream 0x827b88c len 0 flags 0x0C seq_num 527 and ts 4040429768[0m
[00:00:08.790,000] [0m<dbg> bttester_bap_broadcast.stream_recv: Incoming audio on stream 0x827b88c len 0 flags 0x0C seq_num 528 and ts 4040439768[0m
[00:00:08.790,000] [0m<dbg> bttester_bap_broadcast.stream_recv: Incoming audio on stream 0x827b88c len 0 flags 0x0C seq_num 529 and ts 4040449768[0m
[00:00:08.810,000] [0m<dbg> bttester_bap_broadcast.stream_recv: Incoming audio on stream 0x827b88c len 0 flags 0x0C seq_num 530 and ts 4040459768[0m
[00:00:08.810,000] [0m<dbg> bttester_bap_broadcast.stream_recv: Incoming audio on stream 0x827b88c len 0 flags 0x0C seq_num 531 and ts 4040469769[0m
[00:00:08.830,000] [0m<dbg> bttester_bap_broadcast.stream_recv: Incoming audio on stream 0x827b88c len 0 flags 0x0C seq_num 532 and ts 4040479769[0m
[00:00:08.830,000] [0m<dbg> bttester_bap_broadcast.stream_recv: Incoming audio on stream 0x827b88c len 0 flags 0x0C seq_num 533 and ts 4040489769[0m
[00:00:08.850,000] [0m<dbg> bttester_bap_broadcast.stream_recv: Incoming audio on stream 0x827b88c len 0 flags 0x0C seq_num 534 and ts 4040499769[0m
[00:00:08.850,000] [0m<dbg> bttester_bap_broadcast.stream_recv: Incoming audio on stream 0x827b88c len 0 flags 0x0C seq_num 535 and ts 4040509769[0m
[00:00:08.870,000] [0m<dbg> bttester_bap_broadcast.stream_recv: Incoming audio on stream 0x827b88c len 0 flags 0x0C seq_num 536 and ts 4040519769[0m
[00:00:08.870,000] [0m<dbg> bttester_bap_broadcast.stream_recv: Incoming audio on stream 0x827b88c len 0 flags 0x0C seq_num 537 and ts 4040529769[0m
[00:00:08.890,000] [0m<dbg> bttester_bap_broadcast.stream_recv: Incoming audio on stream 0x827b88c len 0 flags 0x0C seq_num 538 and ts 4040539769[0m
[00:00:08.890,000] [0m<dbg> bttester_bap_broadcast.stream_recv: Incoming audio on stream 0x827b88c len 0 flags 0x0C seq_num 539 and ts 4040549769[0m
[00:00:08.910,000] [0m<dbg> bttester_bap_broadcast.stream_recv: Incoming audio on stream 0x827b88c len 0 flags 0x0C seq_num 540 and ts 4040559769[0m
[00:00:08.910,000] [0m<dbg> bttester_bap_broadcast.stream_recv: Incoming audio on stream 0x827b88c len 0 flags 0x0C seq_num 541 and ts 4040569769[0m
[00:00:08.930,000] [0m<dbg> bttester_bap_broadcast.stream_recv: Incoming audio on stream 0x827b88c len 0 flags 0x0C seq_num 542 and ts 4040579769[0m
[00:00:08.930,000] [0m<dbg> bttester_bap_broadcast.stream_recv: Incoming audio on stream 0x827b88c len 0 flags 0x0C seq_num 543 and ts 4040589769[0m
[00:00:08.950,000] [0m<dbg> bttester_bap_broadcast.stream_recv: Incoming audio on stream 0x827b88c len 0 flags 0x0C seq_num 544 and ts 4040599769[0m
[00:00:08.950,000] [0m<dbg> bttester_bap_broadcast.stream_recv: Incoming audio on stream 0x827b88c len 0 flags 0x0C seq_num 545 and ts 4040609769[0m
[00:00:08.970,000] [0m<dbg> bttester_bap_broadcast.stream_recv: Incoming audio on stream 0x827b88c len 0 flags 0x0C seq_num 546 and ts 4040619769[0m
[00:00:08.970,000] [0m<dbg> bttester_bap_broadcast.stream_recv: Incoming audio on stream 0x827b88c len 0 flags 0x0C seq_num 547 and ts 4040629769[0m
[00:00:08.990,000] [0m<dbg> bttester_bap_broadcast.stream_recv: Incoming audio on stream 0x827b88c len 0 flags 0x0C seq_num 548 and ts 4040639769[0m
[00:00:08.990,000] [0m<dbg> bttester_bap_broadcast.stream_recv: Incoming audio on stream 0x827b88c len 0 flags 0x0C seq_num 549 and ts 4040649770[0m
[00:00:09.010,000] [0m<dbg> bttester_bap_broadcast.stream_recv: Incoming audio on stream 0x827b88c len 0 flags 0x0C seq_num 550 and ts 4040659770[0m
[00:00:09.010,000] [0m<dbg> bttester_bap_broadcast.stream_recv: Incoming audio on stream 0x827b88c len 0 flags 0x0C seq_num 551 and ts 4040669770[0m
[00:00:09.030,000] [0m<dbg> bttester_bap_broadcast.stream_recv: Incoming audio on stream 0x827b88c len 0 flags 0x0C seq_num 552 and ts 4040679770[0m
[00:00:09.030,000] [0m<dbg> bttester_bap_broadcast.stream_recv: Incoming audio on stream 0x827b88c len 0 flags 0x0C seq_num 553 and ts 4040689770[0m
[00:00:09.050,000] [0m<dbg> bttester_bap_broadcast.stream_recv: Incoming audio on stream 0x827b88c len 0 flags 0x0C seq_num 554 and ts 4040699770[0m
[00:00:09.050,000] [0m<dbg> bttester_bap_broadcast.stream_recv: Incoming audio on stream 0x827b88c len 0 flags 0x0C seq_num 555 and ts 4040709770[0m
[00:00:09.070,000] [0m<dbg> bttester_bap_broadcast.stream_recv: Incoming audio on stream 0x827b88c len 0 flags 0x0C seq_num 556 and ts 4040719770[0m
[00:00:09.070,000] [0m<dbg> bttester_bap_broadcast.stream_recv: Incoming audio on stream 0x827b88c len 0 flags 0x0C seq_num 557 and ts 4040729770[0m
[00:00:09.090,000] [0m<dbg> bttester_bap_broadcast.stream_recv: Incoming audio on stream 0x827b88c len 0 flags 0x0C seq_num 558 and ts 4040739770[0m
[00:00:09.090,000] [0m<dbg> bttester_bap_broadcast.stream_recv: Incoming audio on stream 0x827b88c len 0 flags 0x0C seq_num 559 and ts 4040749770[0m
[00:00:09.110,000] [0m<dbg> bttester_bap_broadcast.stream_recv: Incoming audio on stream 0x827b88c len 0 flags 0x0C seq_num 560 and ts 4040759770[0m
[00:00:09.110,000] [0m<dbg> bttester_bap_broadcast.stream_recv: Incoming audio on stream 0x827b88c len 0 flags 0x0C seq_num 561 and ts 4040769770[0m
[00:00:09.130,000] [0m<dbg> bttester_bap_broadcast.stream_recv: Incoming audio on stream 0x827b88c len 0 flags 0x0C seq_num 562 and ts 4040779770[0m
[00:00:09.130,000] [0m<dbg> bttester_bap_broadcast.stream_recv: Incoming audio on stream 0x827b88c len 0 flags 0x0C seq_num 563 and ts 4040789770[0m
[00:00:09.150,000] [0m<dbg> bttester_bap_broadcast.stream_recv: Incoming audio on stream 0x827b88c len 0 flags 0x0C seq_num 564 and ts 4040799770[0m
[00:00:09.150,000] [0m<dbg> bttester_bap_broadcast.stream_recv: Incoming audio on stream 0x827b88c len 0 flags 0x0C seq_num 565 and ts 4040809770[0m
[00:00:09.170,000] [0m<dbg> bttester_bap_broadcast.stream_recv: Incoming audio on stream 0x827b88c len 0 flags 0x0C seq_num 566 and ts 4040819770[0m
[00:00:09.170,000] [0m<dbg> bttester_bap_broadcast.stream_recv: Incoming audio on stream 0x827b88c len 0 flags 0x0C seq_num 567 and ts 4040829770[0m
[00:00:09.190,000] [0m<dbg> bttester_bap_broadcast.stream_recv: Incoming audio on stream 0x827b88c len 0 flags 0x0C seq_num 568 and ts 4040839771[0m
[00:00:09.190,000] [0m<dbg> bttester_bap_broadcast.stream_recv: Incoming audio on stream 0x827b88c len 0 flags 0x0C seq_num 569 and ts 4040849771[0m
[00:00:09.210,000] [0m<dbg> bttester_bap_broadcast.stream_recv: Incoming audio on stream 0x827b88c len 0 flags 0x0C seq_num 570 and ts 4040859771[0m
[00:00:09.210,000] [0m<dbg> bttester_bap_broadcast.stream_recv: Incoming audio on stream 0x827b88c len 0 flags 0x0C seq_num 571 and ts 4040869771[0m
[00:00:09.230,000] [0m<dbg> bttester_bap_broadcast.stream_recv: Incoming audio on stream 0x827b88c len 0 flags 0x0C seq_num 572 and ts 4040879771[0m
[00:00:09.230,000] [0m<dbg> bttester_bap_broadcast.stream_recv: Incoming audio on stream 0x827b88c len 0 flags 0x0C seq_num 573 and ts 4040889771[0m
[00:00:09.250,000] [0m<dbg> bttester_bap_broadcast.stream_recv: Incoming audio on stream 0x827b88c len 0 flags 0x0C seq_num 574 and ts 4040899771[0m
[00:00:09.250,000] [0m<dbg> bttester_bap_broadcast.stream_recv: Incoming audio on stream 0x827b88c len 0 flags 0x0C seq_num 575 and ts 4040909771[0m
[00:00:09.270,000] [0m<dbg> bttester_bap_broadcast.stream_recv: Incoming audio on stream 0x827b88c len 0 flags 0x0C seq_num 576 and ts 4040919771[0m
[00:00:09.270,000] [0m<dbg> bttester_bap_broadcast.stream_recv: Incoming audio on stream 0x827b88c len 0 flags 0x0C seq_num 577 and ts 4040929771[0m
[00:00:09.290,000] [0m<dbg> bttester_bap_broadcast.stream_recv: Incoming audio on stream 0x827b88c len 0 flags 0x0C seq_num 578 and ts 4040939771[0m
[00:00:09.290,000] [0m<dbg> bttester_bap_broadcast.stream_recv: Incoming audio on stream 0x827b88c len 0 flags 0x0C seq_num 579 and ts 4040949771[0m
[00:00:09.310,000] [0m<dbg> bttester_bap_broadcast.stream_recv: Incoming audio on stream 0x827b88c len 0 flags 0x0C seq_num 580 and ts 4040959771[0m
[00:00:09.310,000] [0m<dbg> bttester_bap_broadcast.stream_recv: Incoming audio on stream 0x827b88c len 0 flags 0x0C seq_num 581 and ts 4040969771[0m
[00:00:09.330,000] [0m<dbg> bttester_bap_broadcast.stream_recv: Incoming audio on stream 0x827b88c len 0 flags 0x0C seq_num 582 and ts 4040979771[0m
[00:00:09.330,000] [0m<dbg> bttester_bap_broadcast.stream_recv: Incoming audio on stream 0x827b88c len 0 flags 0x0C seq_num 583 and ts 4040989771[0m
[00:00:09.350,000] [0m<dbg> bttester_bap_broadcast.stream_recv: Incoming audio on stream 0x827b88c len 0 flags 0x0C seq_num 584 and ts 4040999771[0m
[00:00:09.350,000] [0m<dbg> bttester_bap_broadcast.stream_recv: Incoming audio on stream 0x827b88c len 0 flags 0x0C seq_num 585 and ts 4041009772[0m
[00:00:09.370,000] [0m<dbg> bttester_bap_broadcast.stream_recv: Incoming audio on stream 0x827b88c len 0 flags 0x0C seq_num 586 and ts 4041019772[0m
[00:00:09.370,000] [0m<dbg> bttester_bap_broadcast.stream_recv: Incoming audio on stream 0x827b88c len 0 flags 0x0C seq_num 587 and ts 4041029772[0m
[00:00:09.390,000] [0m<dbg> bttester_bap_broadcast.stream_recv: Incoming audio on stream 0x827b88c len 0 flags 0x0C seq_num 588 and ts 4041039772[0m
[00:00:09.390,000] [0m<dbg> bttester_bap_broadcast.stream_recv: Incoming audio on stream 0x827b88c len 0 flags 0x0C seq_num 589 and ts 4041049772[0m
[00:00:09.410,000] [0m<dbg> bttester_bap_broadcast.stream_recv: Incoming audio on stream 0x827b88c len 0 flags 0x0C seq_num 590 and ts 4041059772[0m
[00:00:09.410,000] [0m<dbg> bttester_bap_broadcast.stream_recv: Incoming audio on stream 0x827b88c len 0 flags 0x0C seq_num 591 and ts 4041069772[0m
[00:00:09.430,000] [0m<dbg> bttester_bap_broadcast.stream_recv: Incoming audio on stream 0x827b88c len 0 flags 0x0C seq_num 592 and ts 4041079772[0m
[00:00:09.430,000] [0m<dbg> bttester_bap_broadcast.stream_recv: Incoming audio on stream 0x827b88c len 0 flags 0x0C seq_num 593 and ts 4041089772[0m
[00:00:09.450,000] [0m<dbg> bttester_bap_broadcast.stream_recv: Incoming audio on stream 0x827b88c len 0 flags 0x0C seq_num 594 and ts 4041099772[0m
[00:00:09.450,000] [0m<dbg> bttester_bap_broadcast.stream_recv: Incoming audio on stream 0x827b88c len 0 flags 0x0C seq_num 595 and ts 4041109772[0m
[00:00:09.470,000] [0m<dbg> bttester_bap_broadcast.stream_recv: Incoming audio on stream 0x827b88c len 0 flags 0x0C seq_num 596 and ts 4041119772[0m
[00:00:09.470,000] [0m<dbg> bttester_bap_broadcast.stream_recv: Incoming audio on stream 0x827b88c len 0 flags 0x0C seq_num 597 and ts 4041129772[0m
[00:00:09.490,000] [0m<dbg> bttester_bap_broadcast.stream_recv: Incoming audio on stream 0x827b88c len 0 flags 0x0C seq_num 598 and ts 4041139772[0m
[00:00:09.490,000] [0m<dbg> bttester_bap_broadcast.stream_recv: Incoming audio on stream 0x827b88c len 0 flags 0x0C seq_num 599 and ts 4041149772[0m
[00:00:09.510,000] [0m<dbg> bttester_bap_broadcast.base_recv_cb: [0m
[00:00:09.510,000] [0m<dbg> bttester_bap_broadcast.base_recv_cb: Received BASE: broadcast sink 0x828c580 subgroups 1[0m
[00:00:09.510,000] [0m<dbg> bttester.tester_event: service 0x0e opcode 0x85[0m
[00:00:09.510,000] [0m<dbg> bttester_bap_broadcast.base_recv_cb: bis_index_bitfield 0x00000001[0m
[00:00:09.510,000] [0m<dbg> bttester_gap.pa_sync_recv_cb: [0m
[00:00:09.510,000] [0m<dbg> bttester.tester_event: service 0x01 opcode 0x8f[0m
[00:00:09.510,000] [0m<dbg> bttester_gap.pa_sync_biginfo_cb: [0m
[00:00:09.510,000] [0m<dbg> bttester.tester_event: service 0x01 opcode 0x97[0m
[00:00:09.510,000] [0m<dbg> bttester_bap_broadcast.stream_recv: Incoming audio on stream 0x827b88c len 0 flags 0x0C seq_num 600 and ts 4041159772[0m
[00:00:09.510,000] [0m<dbg> bttester_bap_broadcast.stream_recv: Incoming audio on stream 0x827b88c len 0 flags 0x0C seq_num 601 and ts 4041169772[0m
[00:00:09.530,000] [0m<dbg> bttester_bap_broadcast.stream_recv: Incoming audio on stream 0x827b88c len 0 flags 0x0C seq_num 602 and ts 4041179772[0m
[00:00:09.530,000] [0m<dbg> bttester_bap_broadcast.stream_recv: Incoming audio on stream 0x827b88c len 0 flags 0x0C seq_num 603 and ts 4041189772[0m
[00:00:09.550,000] [0m<dbg> bttester_bap_broadcast.stream_recv: Incoming audio on stream 0x827b88c len 0 flags 0x0C seq_num 604 and ts 4041199773[0m
[00:00:09.550,000] [0m<dbg> bttester_bap_broadcast.stream_recv: Incoming audio on stream 0x827b88c len 0 flags 0x0C seq_num 605 and ts 4041209773[0m
[00:00:09.570,000] [0m<dbg> bttester_bap_broadcast.stream_recv: Incoming audio on stream 0x827b88c len 0 flags 0x0C seq_num 606 and ts 4041219773[0m
[00:00:09.570,000] [0m<dbg> bttester_bap_broadcast.stream_recv: Incoming audio on stream 0x827b88c len 0 flags 0x0C seq_num 607 and ts 4041229773[0m
[00:00:09.590,000] [0m<dbg> bttester_bap_broadcast.stream_recv: Incoming audio on stream 0x827b88c len 0 flags 0x0C seq_num 608 and ts 4041239773[0m
[00:00:09.590,000] [0m<dbg> bttester_bap_broadcast.stream_recv: Incoming audio on stream 0x827b88c len 0 flags 0x0C seq_num 609 and ts 4041249773[0m
[00:00:09.610,000] [0m<dbg> bttester_bap_broadcast.stream_recv: Incoming audio on stream 0x827b88c len 0 flags 0x0C seq_num 610 and ts 4041259773[0m
[00:00:09.610,000] [0m<dbg> bttester_bap_broadcast.stream_recv: Incoming audio on stream 0x827b88c len 0 flags 0x0C seq_num 611 and ts 4041269773[0m
[00:00:09.630,000] [0m<dbg> bttester_bap_broadcast.stream_recv: Incoming audio on stream 0x827b88c len 0 flags 0x0C seq_num 612 and ts 4041279773[0m
[00:00:09.630,000] [0m<dbg> bttester_bap_broadcast.stream_recv: Incoming audio on stream 0x827b88c len 0 flags 0x0C seq_num 613 and ts 4041289773[0m
[00:00:09.650,000] [0m<dbg> bttester_bap_broadcast.stream_recv: Incoming audio on stream 0x827b88c len 0 flags 0x0C seq_num 614 and ts 4041299773[0m
[00:00:09.650,000] [0m<dbg> bttester_bap_broadcast.stream_recv: Incoming audio on stream 0x827b88c len 0 flags 0x0C seq_num 615 and ts 4041309773[0m
[00:00:09.670,000] [0m<dbg> bttester_bap_broadcast.stream_recv: Incoming audio on stream 0x827b88c len 0 flags 0x0C seq_num 616 and ts 4041319773[0m
[00:00:09.670,000] [0m<dbg> bttester_bap_broadcast.stream_recv: Incoming audio on stream 0x827b88c len 0 flags 0x0C seq_num 617 and ts 4041329773[0m
[00:00:09.690,000] [0m<dbg> bttester_bap_broadcast.stream_recv: Incoming audio on stream 0x827b88c len 0 flags 0x0C seq_num 618 and ts 4041339773[0m
[00:00:09.690,000] [0m<dbg> bttester_bap_broadcast.stream_recv: Incoming audio on stream 0x827b88c len 0 flags 0x0C seq_num 619 and ts 4041349773[0m
[00:00:09.710,000] [0m<dbg> bttester_bap_broadcast.stream_recv: Incoming audio on stream 0x827b88c len 0 flags 0x0C seq_num 620 and ts 4041359773[0m
[00:00:09.710,000] [0m<dbg> bttester_bap_broadcast.stream_recv: Incoming audio on stream 0x827b88c len 0 flags 0x0C seq_num 621 and ts 4041369773[0m
[00:00:09.730,000] [0m<dbg> bttester_bap_broadcast.stream_recv: Incoming audio on stream 0x827b88c len 0 flags 0x0C seq_num 622 and ts 4041379773[0m
[00:00:09.730,000] [0m<dbg> bttester_bap_broadcast.stream_recv: Incoming audio on stream 0x827b88c len 0 flags 0x0C seq_num 623 and ts 4041389774[0m
[00:00:09.750,000] [0m<dbg> bttester_bap_broadcast.stream_recv: Incoming audio on stream 0x827b88c len 0 flags 0x0C seq_num 624 and ts 4041399774[0m
[00:00:09.750,000] [0m<dbg> bttester_bap_broadcast.stream_recv: Incoming audio on stream 0x827b88c len 0 flags 0x0C seq_num 625 and ts 4041409774[0m
[00:00:09.770,000] [0m<dbg> bttester_bap_broadcast.stream_recv: Incoming audio on stream 0x827b88c len 0 flags 0x0C seq_num 626 and ts 4041419774[0m
[00:00:09.770,000] [0m<dbg> bttester_bap_broadcast.stream_recv: Incoming audio on stream 0x827b88c len 0 flags 0x0C seq_num 627 and ts 4041429774[0m
[00:00:09.790,000] [0m<dbg> bttester_bap_broadcast.stream_recv: Incoming audio on stream 0x827b88c len 0 flags 0x0C seq_num 628 and ts 4041439774[0m
[00:00:09.790,000] [0m<dbg> bttester_bap_broadcast.stream_recv: Incoming audio on stream 0x827b88c len 0 flags 0x0C seq_num 629 and ts 4041449774[0m
[00:00:09.810,000] [0m<dbg> bttester_bap_broadcast.stream_recv: Incoming audio on stream 0x827b88c len 0 flags 0x0C seq_num 630 and ts 4041459774[0m
[00:00:09.810,000] [0m<dbg> bttester_bap_broadcast.stream_recv: Incoming audio on stream 0x827b88c len 0 flags 0x0C seq_num 631 and ts 4041469774[0m
[00:00:09.830,000] [0m<dbg> bttester_bap_broadcast.stream_recv: Incoming audio on stream 0x827b88c len 0 flags 0x0C seq_num 632 and ts 4041479774[0m
[00:00:09.830,000] [0m<dbg> bttester_bap_broadcast.stream_recv: Incoming audio on stream 0x827b88c len 0 flags 0x0C seq_num 633 and ts 4041489774[0m
[00:00:09.850,000] [0m<dbg> bttester_bap_broadcast.stream_recv: Incoming audio on stream 0x827b88c len 0 flags 0x0C seq_num 634 and ts 4041499774[0m
[00:00:09.870,000] [0m<dbg> bttester_bap_broadcast.stream_recv: Incoming audio on stream 0x827b88c len 160 flags 0x09 seq_num 635 and ts 4041509774[0m
[00:00:09.870,000] [0m<dbg> bttester_bap_broadcast.send_bis_stream_received_ev: Stream received, len 160[0m
[00:00:09.870,000] [0m<dbg> bttester.tester_event: service 0x0e opcode 0x87[0m
[00:00:10.250,000] [0m<dbg> bttester_bap_broadcast.base_recv_cb: [0m
[00:00:10.250,000] [0m<dbg> bttester_bap_broadcast.base_recv_cb: Received BASE: broadcast sink 0x828c580 subgroups 1[0m
[00:00:10.250,000] [0m<dbg> bttester.tester_event: service 0x0e opcode 0x85[0m
[00:00:10.250,000] [0m<dbg> bttester_bap_broadcast.base_recv_cb: bis_index_bitfield 0x00000001[0m
[00:00:10.250,000] [0m<dbg> bttester_gap.pa_sync_recv_cb: [0m
[00:00:10.250,000] [0m<dbg> bttester.tester_event: service 0x01 opcode 0x8f[0m
[00:00:10.250,000] [0m<dbg> bttester_gap.pa_sync_biginfo_cb: [0m
[00:00:10.250,000] [0m<dbg> bttester.tester_event: service 0x01 opcode 0x97[0m
[00:00:11.010,000] [0m<dbg> bttester_bap_broadcast.base_recv_cb: [0m
[00:00:11.010,000] [0m<dbg> bttester_bap_broadcast.base_recv_cb: Received BASE: broadcast sink 0x828c580 subgroups 1[0m
[00:00:11.010,000] [0m<dbg> bttester.tester_event: service 0x0e opcode 0x85[0m
[00:00:11.010,000] [0m<dbg> bttester_bap_broadcast.base_recv_cb: bis_index_bitfield 0x00000001[0m
[00:00:11.010,000] [0m<dbg> bttester_gap.pa_sync_recv_cb: [0m
[00:00:11.010,000] [0m<dbg> bttester.tester_event: service 0x01 opcode 0x8f[0m
[00:00:11.010,000] [0m<dbg> bttester_gap.pa_sync_biginfo_cb: [0m
[00:00:11.010,000] [0m<dbg> bttester.tester_event: service 0x01 opcode 0x97[0m
[00:00:11.750,000] [0m<dbg> bttester_bap_broadcast.base_recv_cb: [0m
[00:00:11.750,000] [0m<dbg> bttester_bap_broadcast.base_recv_cb: Received BASE: broadcast sink 0x828c580 subgroups 1[0m
[00:00:11.750,000] [0m<dbg> bttester.tester_event: service 0x0e opcode 0x85[0m
[00:00:11.750,000] [0m<dbg> bttester_bap_broadcast.base_recv_cb: bis_index_bitfield 0x00000001[0m
[00:00:11.750,000] [0m<dbg> bttester_gap.pa_sync_recv_cb: [0m
[00:00:11.750,000] [0m<dbg> bttester.tester_event: service 0x01 opcode 0x8f[0m
[00:00:11.750,000] [0m<dbg> bttester_gap.pa_sync_biginfo_cb: [0m
[00:00:11.750,000] [0m<dbg> bttester.tester_event: service 0x01 opcode 0x97[0m
[00:00:12.510,000] [0m<dbg> bttester_bap_broadcast.base_recv_cb: [0m
[00:00:12.510,000] [0m<dbg> bttester_bap_broadcast.base_recv_cb: Received BASE: broadcast sink 0x828c580 subgroups 1[0m
[00:00:12.510,000] [0m<dbg> bttester.tester_event: service 0x0e opcode 0x85[0m
[00:00:12.510,000] [0m<dbg> bttester_bap_broadcast.base_recv_cb: bis_index_bitfield 0x00000001[0m
[00:00:12.510,000] [0m<dbg> bttester_gap.pa_sync_recv_cb: [0m
[00:00:12.510,000] [0m<dbg> bttester.tester_event: service 0x01 opcode 0x8f[0m
[00:00:12.510,000] [0m<dbg> bttester_gap.pa_sync_biginfo_cb: [0m
[00:00:12.510,000] [0m<dbg> bttester.tester_event: service 0x01 opcode 0x97[0m
[00:00:13.250,000] [0m<dbg> bttester_bap_broadcast.base_recv_cb: [0m
[00:00:13.250,000] [0m<dbg> bttester_bap_broadcast.base_recv_cb: Received BASE: broadcast sink 0x828c580 subgroups 1[0m
[00:00:13.250,000] [0m<dbg> bttester.tester_event: service 0x0e opcode 0x85[0m
[00:00:13.250,000] [0m<dbg> bttester_bap_broadcast.base_recv_cb: bis_index_bitfield 0x00000001[0m
[00:00:13.250,000] [0m<dbg> bttester_gap.pa_sync_recv_cb: [0m
[00:00:13.250,000] [0m<dbg> bttester.tester_event: service 0x01 opcode 0x8f[0m
[00:00:13.250,000] [0m<dbg> bttester_gap.pa_sync_biginfo_cb: [0m
[00:00:13.250,000] [0m<dbg> bttester.tester_event: service 0x01 opcode 0x97[0m
[00:00:14.010,000] [0m<dbg> bttester_bap_broadcast.base_recv_cb: [0m
[00:00:14.010,000] [0m<dbg> bttester_bap_broadcast.base_recv_cb: Received BASE: broadcast sink 0x828c580 subgroups 1[0m
[00:00:14.010,000] [0m<dbg> bttester.tester_event: service 0x0e opcode 0x85[0m
[00:00:14.010,000] [0m<dbg> bttester_bap_broadcast.base_recv_cb: bis_index_bitfield 0x00000001[0m
[00:00:14.010,000] [0m<dbg> bttester_gap.pa_sync_recv_cb: [0m
[00:00:14.010,000] [0m<dbg> bttester.tester_event: service 0x01 opcode 0x8f[0m
[00:00:14.010,000] [0m<dbg> bttester_gap.pa_sync_biginfo_cb: [0m
[00:00:14.010,000] [0m<dbg> bttester.tester_event: service 0x01 opcode 0x97[0m
[00:00:14.750,000] [0m<dbg> bttester_bap_broadcast.base_recv_cb: [0m
[00:00:14.750,000] [0m<dbg> bttester_bap_broadcast.base_recv_cb: Received BASE: broadcast sink 0x828c580 subgroups 1[0m
[00:00:14.750,000] [0m<dbg> bttester.tester_event: service 0x0e opcode 0x85[0m
[00:00:14.750,000] [0m<dbg> bttester_bap_broadcast.base_recv_cb: bis_index_bitfield 0x00000001[0m
[00:00:14.750,000] [0m<dbg> bttester_gap.pa_sync_recv_cb: [0m
[00:00:14.750,000] [0m<dbg> bttester.tester_event: service 0x01 opcode 0x8f[0m
[00:00:14.750,000] [0m<dbg> bttester_gap.pa_sync_biginfo_cb: [0m
[00:00:14.750,000] [0m<dbg> bttester.tester_event: service 0x01 opcode 0x97[0m
[00:00:15.510,000] [0m<dbg> bttester_bap_broadcast.base_recv_cb: [0m
[00:00:15.510,000] [0m<dbg> bttester_bap_broadcast.base_recv_cb: Received BASE: broadcast sink 0x828c580 subgroups 1[0m
[00:00:15.510,000] [0m<dbg> bttester.tester_event: service 0x0e opcode 0x85[0m
[00:00:15.510,000] [0m<dbg> bttester_bap_broadcast.base_recv_cb: bis_index_bitfield 0x00000001[0m
[00:00:15.510,000] [0m<dbg> bttester_gap.pa_sync_recv_cb: [0m
[00:00:15.510,000] [0m<dbg> bttester.tester_event: service 0x01 opcode 0x8f[0m
[00:00:15.510,000] [0m<dbg> bttester_gap.pa_sync_biginfo_cb: [0m
[00:00:15.510,000] [0m<dbg> bttester.tester_event: service 0x01 opcode 0x97[0m
[00:00:16.250,000] [0m<dbg> bttester_bap_broadcast.base_recv_cb: [0m
[00:00:16.250,000] [0m<dbg> bttester_bap_broadcast.base_recv_cb: Received BASE: broadcast sink 0x828c580 subgroups 1[0m
[00:00:16.250,000] [0m<dbg> bttester.tester_event: service 0x0e opcode 0x85[0m
[00:00:16.250,000] [0m<dbg> bttester_bap_broadcast.base_recv_cb: bis_index_bitfield 0x00000001[0m
[00:00:16.250,000] [0m<dbg> bttester_gap.pa_sync_recv_cb: [0m
[00:00:16.250,000] [0m<dbg> bttester.tester_event: service 0x01 opcode 0x8f[0m
[00:00:16.250,000] [0m<dbg> bttester_gap.pa_sync_biginfo_cb: [0m
[00:00:16.250,000] [0m<dbg> bttester.tester_event: service 0x01 opcode 0x97[0m
[00:00:17.010,000] [0m<dbg> bttester_bap_broadcast.base_recv_cb: [0m
[00:00:17.010,000] [0m<dbg> bttester_bap_broadcast.base_recv_cb: Received BASE: broadcast sink 0x828c580 subgroups 1[0m
[00:00:17.010,000] [0m<dbg> bttester.tester_event: service 0x0e opcode 0x85[0m
[00:00:17.010,000] [0m<dbg> bttester_bap_broadcast.base_recv_cb: bis_index_bitfield 0x00000001[0m
[00:00:17.010,000] [0m<dbg> bttester_gap.pa_sync_recv_cb: [0m
[00:00:17.010,000] [0m<dbg> bttester.tester_event: service 0x01 opcode 0x8f[0m
[00:00:17.010,000] [0m<dbg> bttester_gap.pa_sync_biginfo_cb: [0m
[00:00:17.010,000] [0m<dbg> bttester.tester_event: service 0x01 opcode 0x97[0m
[00:00:17.750,000] [0m<dbg> bttester_bap_broadcast.base_recv_cb: [0m
[00:00:17.750,000] [0m<dbg> bttester_bap_broadcast.base_recv_cb: Received BASE: broadcast sink 0x828c580 subgroups 1[0m
[00:00:17.750,000] [0m<dbg> bttester.tester_event: service 0x0e opcode 0x85[0m
[00:00:17.750,000] [0m<dbg> bttester_bap_broadcast.base_recv_cb: bis_index_bitfield 0x00000001[0m
[00:00:17.750,000] [0m<dbg> bttester_gap.pa_sync_recv_cb: [0m
[00:00:17.750,000] [0m<dbg> bttester.tester_event: service 0x01 opcode 0x8f[0m
[00:00:17.750,000] [0m<dbg> bttester_gap.pa_sync_biginfo_cb: [0m
[00:00:17.750,000] [0m<dbg> bttester.tester_event: service 0x01 opcode 0x97[0m
[00:00:18.510,000] [0m<dbg> bttester_bap_broadcast.base_recv_cb: [0m
[00:00:18.510,000] [0m<dbg> bttester_bap_broadcast.base_recv_cb: Received BASE: broadcast sink 0x828c580 subgroups 1[0m
[00:00:18.510,000] [0m<dbg> bttester.tester_event: service 0x0e opcode 0x85[0m
[00:00:18.510,000] [0m<dbg> bttester_bap_broadcast.base_recv_cb: bis_index_bitfield 0x00000001[0m
[00:00:18.510,000] [0m<dbg> bttester_gap.pa_sync_recv_cb: [0m
[00:00:18.510,000] [0m<dbg> bttester.tester_event: service 0x01 opcode 0x8f[0m
[00:00:18.510,000] [0m<dbg> bttester_gap.pa_sync_biginfo_cb: [0m
[00:00:18.510,000] [0m<dbg> bttester.tester_event: service 0x01 opcode 0x97[0m
[00:00:18.910,000] [0m<dbg> bttester_bap_broadcast.stream_stopped: Stopped stream 0x827b88c with reason 0x13[0m
[00:00:18.910,000] [0m<dbg> bttester_bap_broadcast.recv_state_updated_cb: Receive state with ID 0 updated[0m
[00:00:18.910,000] [0m<dbg> bttester.tester_event: service 0x0e opcode 0x89[0m
[00:00:19.250,000] [0m<dbg> bttester_bap_broadcast.recv_state_updated_cb: Receive state with ID 0 updated[0m
[00:00:19.250,000] [0m<dbg> bttester.tester_event: service 0x0e opcode 0x89[0m
[00:00:19.250,000] [0m<dbg> bttester_gap.pa_sync_terminated_cb: [0m
[00:00:19.250,000] [0m<dbg> bttester_gap.pa_sync_terminated_cb: PA sync lost with reason 31[0m
[00:00:19.250,000] [0m<dbg> bttester.tester_event: service 0x01 opcode 0x8e[0m
[00:00:23.230,000] [0m<dbg> bttester.cmd_handler: cmd service 0x01 opcode 0x05 index 0x00[0m
[00:00:23.250,000] [0m<dbg> bttester.cmd_handler: Command returns status 0[0m

Stopped at 24.310s
2026/07/18 18:37:04 socat[1786909] W cannot restore terminal settings on fd 5: Input/output error
==1786906==LeakSanitizer has encountered a fatal error.
==1786906==HINT: For debugging, try setting environment variable LSAN_OPTIONS=verbosity=1:log_threads=1
==1786906==HINT: LeakSanitizer does not work under ptrace (strace, gdb, etc)
