> 2024/02/16 23:35:11.415941  length=6 from=0 to=5
 00 03 ff 01 00 01                                ......
--
< 2024/02/16 23:35:11.447485  length=5 from=0 to=4
 00 03 ff 00 00                                   .....
--
> 2024/02/16 23:35:11.511376  length=5 from=6 to=10
 01 03 00 00 00                                   .....
--
< 2024/02/16 23:35:11.671567  length=22 from=5 to=26
 01 03 00 15 01 c3 51 0b 1b b8 d7 13 06 02 00 13  ......Q.........
 82 00 00 00 00 00                                ......
--
< 2024/02/16 23:35:11.672547  length=10 from=27 to=36
 62 74 70 5f 74 65 73 74 65 72                    btp_tester
--
< 2024/02/16 23:35:11.674402  length=26 from=37 to=62
 00 00 00 00 00 00 00 00 00 00 00 00 00 00 00 00  ................
 00 00 00 00 00 00 00 00 00 00                    ..........
--
< 2024/02/16 23:35:11.674891  length=9 from=63 to=71
 00 00 00 00 00 00 00 00 00                       .........
--
< 2024/02/16 23:35:11.687507  length=138 from=72 to=209
 00 00 00 00 00 00 00 00 00 00 00 00 00 00 00 00  ................
 00 00 00 00 00 00 00 00 00 00 00 00 00 00 00 00  ................
 00 00 00 00 00 00 00 00 00 00 00 00 00 00 00 00  ................
 00 00 00 00 00 00 00 00 00 00 00 00 00 00 00 00  ................
 00 00 00 00 00 00 00 00 00 00 00 00 00 00 00 00  ................
 00 00 00 00 00 00 00 00 00 00 00 00 00 00 00 00  ................
 00 00 00 00 00 00 00 00 00 00 00 00 00 00 00 00  ................
 00 00 00 00 00 00 00 00 00 00 00 00 00 00 00 00  ................
 00 00 00 00 00 00 00 00 00 00                    ..........
--
< 2024/02/16 23:35:11.688893  length=23 from=210 to=232
 00 00 00 00 00 00 00 00 00 00 00 00 00 00 00 00  ................
 00 00 00 00 00 00 00                             .......
--
< 2024/02/16 23:35:11.703608  length=54 from=233 to=286
 00 00 00 00 00 00 00 00 00 00 00 00 00 00 00 00  ................
 00 00 00 00 00 00 00 00 00 00 00 00 00 00 00 00  ................
 00 00 00 00 00 00 00 00 00 00 00 00 00 00 00 00  ................
 00 00 00 00 00 00                                ......
--
> 2024/02/16 23:35:11.799424  length=6 from=11 to=16
 00 03 ff 01 00 02                                ......
--
< 2024/02/16 23:35:11.815585  length=5 from=287 to=291
 00 03 ff 00 00                                   .....
--
> 2024/02/16 23:35:11.879365  length=6 from=17 to=22
 01 08 00 01 00 01                                ......
--
< 2024/02/16 23:35:11.895442  length=9 from=292 to=300
 01 08 00 04 00 1b 82 00 00                       .........
--
> 2024/02/16 23:35:11.975413  length=6 from=23 to=28
 00 03 ff 01 00 0c                                ......
--
< 2024/02/16 23:35:11.991511  length=5 from=301 to=305
 00 03 ff 00 00                                   .....
--
> 2024/02/16 23:35:12.103885  length=6 from=29 to=34
 00 03 ff 01 00 0d                                ......
--
< 2024/02/16 23:35:12.119498  length=5 from=306 to=310
 00 03 ff 00 00                                   .....
--
> 2024/02/16 23:35:12.231406  length=6 from=35 to=40
 00 03 ff 01 00 0e                                ......
--
< 2024/02/16 23:35:12.247555  length=5 from=311 to=315
 00 03 ff 00 00                                   .....
--
> 2024/02/16 23:35:12.359432  length=6 from=41 to=46
 01 21 00 01 00 01                                .!....
--
< 2024/02/16 23:35:12.375576  length=9 from=316 to=324
 01 21 00 04 00 1b 82 02 00                       .!.......
--
> 2024/02/16 23:35:12.615359  length=44 from=47 to=90
 01 0a                                            ..
 00 27 00 20 00 09 0d 54 65 73 74 65 72 5f 35 36  .'. ...Tester_56
 43 39 45 46 01 01 06 03 02 4e 18 16 08 4e 18 01  C9EF.....N...N..
 ff 0f ff 0f 00 ff ff ff ff 00                    ..........
--
< 2024/02/16 23:35:12.631483  length=9 from=325 to=333
 01 0a                                            ..
 00 04 00 1b 86 02 00                             .......
--
< 2024/02/16 23:35:18.910492  length=27 from=334 to=360
 01 82 00 0d 00 00 ef c9 56 e8 07 c0 78 00 00 00  ........V...x...
 d0 09 01 80 00 04 00 1b 82 02 00                 ...........
--
< 2024/02/16 23:35:24.015431  length=13 from=361 to=373
 01 89 00 08 00 00 ef c9 56 e8 07 c0 02           ........V....
--
< 2024/02/16 23:35:24.205085  length=18 from=374 to=391
 01 88 00 0d 00 00 ef c9 56 e8 07 c0 78 00 00 00  ........V...x...
 d0 09                                            ..
--
< 2024/02/16 23:35:36.804905  length=16 from=392 to=407
 0d 80 00 0b 00 00 ef c9 56 e8 07 c0 03 01 00 00  ........V.......
--
< 2024/02/16 23:35:37.101999  length=16 from=408 to=423
 0d 80 00 0b 00 00 ef c9 56 e8 07 c0 03 01 00 00  ........V.......
--
< 2024/02/16 23:35:37.415034  length=16 from=424 to=439
 0d 80 00 0b 00 00 ef c9 56 e8 07 c0 03 02 00 00  ........V.......
--
< 2024/02/16 23:35:37.713247  length=16 from=440 to=455
 0d 80 00 0b 00 00 ef c9 56 e8 07 c0 03 01 00 00  ........V.......
--
< 2024/02/16 23:35:39.352714  length=12 from=456 to=467
 01 83 00 07 00 00 ef c9 56 e8 07 c0              ........V...
--
< 2024/02/16 23:35:44.357582  length=5 from=468 to=472
 00 80 ff 00 00                                   .....
--
