*** Booting Zephyr OS build v3.7.0-1987-g1540bd7d4930 ***
[00:00:00.250,701] <dbg> bttester: tester_init: Initializing tester
[00:00:05.964,904] <inf> bt_hci_core: HW Platform: Nordic Semiconductor (0x0002)
[00:00:05.964,935] <inf> bt_hci_core: HW Variant: nRF52x (0x0002)
[00:00:05.964,965] <inf> bt_hci_core: Firmware: Standard Bluetooth controller (0x00) Version 3.7 Build 99
[00:00:05.966,156] <inf> bt_hci_core: Identity: DC:E7:76:C4:1F:70 (random)
[00:00:05.966,186] <inf> bt_hci_core: HCI: version 5.4 (0x0d) revision 0x0000, manufacturer 0x05f1
[00:00:05.966,217] <inf> bt_hci_core: LMP: version 5.4 (0x0d) subver 0xffff
[00:00:06.320,953] <dbg> bttester_gap: set_io_cap: io_cap: 0
[00:00:06.380,432] <dbg> bttester_gatt: gatt_db_add: handle 0x0000
[00:00:06.438,629] <dbg> bttester_gatt: gatt_db_add: handle 0x0000
[00:00:06.438,659] <dbg> bttester_gatt: gatt_db_add: handle 0x0000
[00:00:06.523,986] <dbg> bttester_gatt: gatt_db_add: handle 0x0000
[00:00:06.524,047] <dbg> bttester_gatt: gatt_db_add: handle 0x0000
[00:00:06.679,290] <dbg> bttester_gatt: gatt_db_add: handle 0x0000
[00:00:06.679,290] <dbg> bttester_gatt: gatt_db_add: handle 0x0000
[00:00:06.842,041] <dbg> bttester_gatt: gatt_db_add: handle 0x0000
[00:00:06.842,071] <dbg> bttester_gatt: gatt_db_add: handle 0x0000
[00:00:06.947,448] <dbg> bttester_gatt: gatt_db_add: handle 0x0000
[00:00:06.947,479] <dbg> bttester_gatt: gatt_db_add: handle 0x0000
[00:00:07.077,880] <dbg> bttester_gatt: gatt_db_add: handle 0x0000
[00:00:07.181,549] <dbg> bttester_gatt: gatt_db_add: handle 0x0000
[00:00:07.181,579] <dbg> bttester_gatt: gatt_db_add: handle 0x0000
[00:00:07.298,065] <dbg> bttester_gatt: gatt_db_add: handle 0x0000
[00:00:07.357,574] <dbg> bttester_gatt: gatt_db_add: handle 0x0000
[00:00:07.357,574] <dbg> bttester_gatt: gatt_db_add: handle 0x0000
[00:00:07.492,828] <dbg> bttester_gatt: gatt_db_add: handle 0x0000
[00:00:07.492,858] <dbg> bttester_gatt: gatt_db_add: handle 0x0000
[00:00:07.608,947] <dbg> bttester_gatt: gatt_db_add: handle 0x0000
[00:00:07.608,978] <dbg> bttester_gatt: gatt_db_add: handle 0x0000
[00:00:07.705,291] <dbg> bttester_gatt: gatt_db_add: handle 0x0000
[00:00:07.842,712] <dbg> bttester_gatt: gatt_db_add: handle 0x0000
[00:00:07.842,742] <dbg> bttester_gatt: gatt_db_add: handle 0x0000
[00:00:07.960,296] <dbg> bttester_gatt: gatt_db_add: handle 0x0000
[00:00:07.960,357] <dbg> bttester_gatt: gatt_db_add: handle 0x0000
[00:00:08.129,852] <dbg> bttester_gatt: gatt_db_add: handle 0x0000
[00:00:08.129,882] <dbg> bttester_gatt: gatt_db_add: handle 0x0000
[00:00:08.275,726] <dbg> bttester_gatt: gatt_db_add: handle 0x0000
[00:00:08.339,813] <dbg> bttester_gatt: gatt_db_add: handle 0x0000
[00:00:08.416,595] <dbg> bttester_gatt: gatt_db_add: handle 0x0000
[00:00:08.416,625] <dbg> bttester_gatt: gatt_db_add: handle 0x0000
[00:00:08.562,866] <dbg> bttester_gatt: gatt_db_add: handle 0x0000
[00:00:08.562,896] <dbg> bttester_gatt: gatt_db_add: handle 0x0000
[00:00:08.673,736] <dbg> bttester_gatt: gatt_db_add: handle 0x0000
[00:00:08.673,797] <dbg> bttester_gatt: gatt_db_add: handle 0x0000
[00:00:08.868,743] <dbg> bttester_gatt: gatt_db_add: handle 0x0000
[00:00:08.868,774] <dbg> bttester_gatt: gatt_db_add: handle 0x0000
[00:00:09.011,169] <dbg> bttester_gatt: gatt_db_add: handle 0x0000
[00:00:09.116,821] <dbg> bttester_gatt: gatt_db_add: handle 0x0000
[00:00:09.116,851] <dbg> bttester_gatt: gatt_db_add: handle 0x0000
[00:00:09.227,478] <dbg> bttester_gatt: gatt_db_add: handle 0x0000
[00:00:09.227,508] <dbg> bttester_gatt: gatt_db_add: handle 0x0000
