2022-10-26 19:00:16,826 root DEBUG client.py                 778   run_test_case_thread_entry : Starting TestCase wrapper MESH MESH/NODE/IVU/BV-02-C
2022-10-26 19:00:16,826 root DEBUG testcase.py               718   pre_run                   : pre_run MESH MESH/NODE/IVU/BV-02-C
2022-10-26 19:00:16,826 root DEBUG testcase.py               720   pre_run                   : About to run test case MESH MESH/NODE/IVU/BV-02-C with commands:
2022-10-26 19:00:16,826 root DEBUG testcase.py               723   pre_run                   : 0) class=<class 'autopts.ptsprojects.testcase.TestFunc'>, func=<bound method ZephyrCtl.start of <autopts.ptsprojects.zephyr.iutctl.ZephyrCtl object at 0x0000023BD4435850>> start_wid=None stop_wid=None post_wid=None skip_call=None call_count=1 args=(<autopts.ptsprojects.zephyr.ztestcase.ZTestCase object at 0x0000023BD46A2E20>,) kwds={}
2022-10-26 19:00:16,827 root DEBUG testcase.py               723   pre_run                   : 1) class=<class 'autopts.ptsprojects.testcase.TestFunc'>, func=<bound method ZephyrCtl.wait_iut_ready_event of <autopts.ptsprojects.zephyr.iutctl.ZephyrCtl object at 0x0000023BD4435850>> start_wid=None stop_wid=None post_wid=None skip_call=None call_count=1 args=() kwds={}
2022-10-26 19:00:16,827 root DEBUG testcase.py               723   pre_run                   : 2) class=<class 'autopts.ptsprojects.testcase.TestFunc'>, func=<function core_reg_svc_gap at 0x0000023BD2B67CA0> start_wid=None stop_wid=None post_wid=None skip_call=None call_count=99 args=() kwds={}
2022-10-26 19:00:16,827 root DEBUG testcase.py               723   pre_run                   : 3) class=<class 'autopts.ptsprojects.testcase.TestFunc'>, func=<function core_reg_svc_mesh at 0x0000023BD2B6E040> start_wid=None stop_wid=None post_wid=None skip_call=None call_count=99 args=() kwds={}
2022-10-26 19:00:16,827 root DEBUG testcase.py               723   pre_run                   : 4) class=<class 'autopts.ptsprojects.testcase.TestFunc'>, func=<function gap_read_ctrl_info at 0x0000023BD2BAB8B0> start_wid=None stop_wid=None post_wid=None skip_call=None call_count=99 args=() kwds={}
2022-10-26 19:00:16,827 root DEBUG testcase.py               723   pre_run                   : 5) class=<class 'autopts.ptsprojects.testcase.TestFunc'>, func=<function test_cases.<locals>.<lambda> at 0x0000023BD45C93A0> start_wid=None stop_wid=None post_wid=None skip_call=None call_count=99 args=() kwds={}
2022-10-26 19:00:16,828 root DEBUG testcase.py               723   pre_run                   : 6) class=<class 'autopts.ptsprojects.testcase.TestFunc'>, func=<function test_cases.<locals>.<lambda> at 0x0000023BD45C9310> start_wid=None stop_wid=None post_wid=None skip_call=None call_count=99 args=() kwds={}
2022-10-26 19:00:16,828 root DEBUG testcase.py               723   pre_run                   : 7) class=<class 'autopts.ptsprojects.testcase.TestFunc'>, func=<function test_cases.<locals>.<lambda> at 0x0000023BD45C99D0> start_wid=None stop_wid=None post_wid=None skip_call=None call_count=99 args=() kwds={}
2022-10-26 19:00:16,828 root DEBUG testcase.py               723   pre_run                   : 8) class=<class 'autopts.ptsprojects.testcase.TestFunc'>, func=<function test_cases.<locals>.<lambda> at 0x0000023BD45C9940> start_wid=None stop_wid=None post_wid=None skip_call=None call_count=99 args=() kwds={}
2022-10-26 19:00:16,828 root DEBUG testcase.py               723   pre_run                   : 9) class=<class 'autopts.ptsprojects.testcase.TestFunc'>, func=<function test_cases.<locals>.<lambda> at 0x0000023BD45C9A60> start_wid=None stop_wid=None post_wid=None skip_call=None call_count=99 args=() kwds={}
2022-10-26 19:00:16,828 root DEBUG testcase.py               723   pre_run                   : 10) class=<class 'autopts.ptsprojects.testcase.TestFunc'>, func=<function test_cases.<locals>.<lambda> at 0x0000023BD45C9AF0> start_wid=None stop_wid=None post_wid=None skip_call=None call_count=99 args=() kwds={}
2022-10-26 19:00:16,828 root DEBUG testcase.py               723   pre_run                   : 11) class=<class 'autopts.ptsprojects.testcase.TestFunc'>, func=<function test_cases.<locals>.<lambda> at 0x0000023BD45C9B80> start_wid=None stop_wid=None post_wid=None skip_call=None call_count=99 args=() kwds={}
2022-10-26 19:00:16,828 root DEBUG testcase.py               723   pre_run                   : 12) class=<class 'autopts.ptsprojects.testcase.TestFunc'>, func=<function test_cases.<locals>.<lambda> at 0x0000023BD45C9C10> start_wid=None stop_wid=None post_wid=None skip_call=None call_count=99 args=() kwds={}
2022-10-26 19:00:16,828 root DEBUG testcase.py               723   pre_run                   : 13) class=<class 'autopts.ptsprojects.testcase.TestFunc'>, func=<function test_cases.<locals>.<lambda> at 0x0000023BD45C9CA0> start_wid=None stop_wid=None post_wid=None skip_call=None call_count=99 args=() kwds={}
2022-10-26 19:00:16,828 root DEBUG testcase.py               723   pre_run                   : 14) class=<class 'autopts.ptsprojects.testcase.TestFuncCleanUp'>, func=<bound method Stack.cleanup of <autopts.ptsprojects.stack.Stack object at 0x0000023BD4453B50>> start_wid=None stop_wid=None post_wid=None skip_call=None call_count=1 args=() kwds={}
2022-10-26 19:00:16,828 root DEBUG testcase.py               723   pre_run                   : 15) class=<class 'autopts.ptsprojects.testcase.TestFuncCleanUp'>, func=<bound method ZephyrCtl.stop of <autopts.ptsprojects.zephyr.iutctl.ZephyrCtl object at 0x0000023BD4435850>> start_wid=None stop_wid=None post_wid=None skip_call=None call_count=1 args=() kwds={}
2022-10-26 19:00:16,828 root DEBUG testcase.py               730   pre_run                   : post_run, run pre test case script
2022-10-26 19:00:16,831 root DEBUG testcase.py               246   start                     : Starting test function: class=<class 'autopts.ptsprojects.testcase.TestFunc'>, func=<bound method ZephyrCtl.start of <autopts.ptsprojects.zephyr.iutctl.ZephyrCtl object at 0x0000023BD4435850>> start_wid=None stop_wid=None post_wid=None skip_call=None call_count=2 args=(<autopts.ptsprojects.zephyr.ztestcase.ZTestCase object at 0x0000023BD46A2E20>,) kwds={}
2022-10-26 19:00:16,831 root DEBUG testcase.py               258   start                     : Test function parameters: args=(<autopts.ptsprojects.zephyr.ztestcase.ZTestCase object at 0x0000023BD46A2E20>,), kwds={}
2022-10-26 19:00:16,831 root DEBUG iutctl.py                 97    start                     : <class 'autopts.ptsprojects.zephyr.iutctl.ZephyrCtl'>.start
2022-10-26 19:00:16,832 root DEBUG iutctl.py                 158   flush_serial              : <class 'autopts.ptsprojects.zephyr.iutctl.ZephyrCtl'>.flush_serial
2022-10-26 19:00:17,901 root DEBUG iutctl.py                 123   start                     : Starting socat process: socat.exe -x -v tcp:192.168.9.43:64992,retry=100,interval=1 /dev/ttyS4,raw,b115200
2022-10-26 19:00:17,905 root DEBUG iutctl_common.py          276   accept                    : accept
2022-10-26 19:00:17,925 root DEBUG testcase.py               246   start                     : Starting test function: class=<class 'autopts.ptsprojects.testcase.TestFunc'>, func=<bound method ZephyrCtl.wait_iut_ready_event of <autopts.ptsprojects.zephyr.iutctl.ZephyrCtl object at 0x0000023BD4435850>> start_wid=None stop_wid=None post_wid=None skip_call=None call_count=2 args=() kwds={}
2022-10-26 19:00:17,925 root DEBUG testcase.py               258   start                     : Test function parameters: args=(), kwds={}
2022-10-26 19:00:17,925 root DEBUG iutctl.py                 197   reset                     : <class 'autopts.ptsprojects.zephyr.iutctl.ZephyrCtl'>.reset
2022-10-26 19:00:17,925 root DEBUG iutctl.py                 232   stop                      : <class 'autopts.ptsprojects.zephyr.iutctl.ZephyrCtl'>.stop
2022-10-26 19:00:18,935 root DEBUG __init__.py               48    reset                     : About to reset DUT: 'nrfjprog -r -s 683989059'
2022-10-26 19:00:19,496 root DEBUG iutctl.py                 97    start                     : <class 'autopts.ptsprojects.zephyr.iutctl.ZephyrCtl'>.start
2022-10-26 19:00:19,496 root DEBUG iutctl.py                 158   flush_serial              : <class 'autopts.ptsprojects.zephyr.iutctl.ZephyrCtl'>.flush_serial
2022-10-26 19:00:20,569 root DEBUG iutctl.py                 123   start                     : Starting socat process: socat.exe -x -v tcp:192.168.9.43:64995,retry=100,interval=1 /dev/ttyS4,raw,b115200
2022-10-26 19:00:20,572 root DEBUG iutctl_common.py          276   accept                    : accept
2022-10-26 19:00:20,592 root DEBUG iutctl.py                 158   flush_serial              : <class 'autopts.ptsprojects.zephyr.iutctl.ZephyrCtl'>.flush_serial
2022-10-26 19:00:20,592 root DEBUG __init__.py               48    reset                     : About to reset DUT: 'nrfjprog -r -s 683989059'
2022-10-26 19:00:21,150 root DEBUG iutctl_common.py          215   read                      : read
2022-10-26 19:00:21,399 root DEBUG iutctl_common.py          74    read                      : Read 5 bytes
2022-10-26 19:00:21,415 root DEBUG iutctl_common.py          83    read                      : Received: hdr: Header(svc_id=0, op=128, ctrl_index=255, data_len=0) bytearray(b'\x00\x80\xff\x00\x00')
2022-10-26 19:00:21,463 root DEBUG iutctl_common.py          96    read                      : Received data: "('',)", bytearray(b'')
2022-10-26 19:00:21,479 root DEBUG btp.py                    552   event_handler             : event_handler Header(svc_id=0, op=128, ctrl_index=255, data_len=0) (b'',)
2022-10-26 19:00:21,479 root ERROR btp.py                    590   event_handler             : Unhandled event! svc_id 0 op 128
2022-10-26 19:00:21,479 root DEBUG iutctl.py                 225   wait_iut_ready_event      : IUT ready event received OK
2022-10-26 19:00:21,479 root DEBUG testcase.py               246   start                     : Starting test function: class=<class 'autopts.ptsprojects.testcase.TestFunc'>, func=<function core_reg_svc_gap at 0x0000023BD2B67CA0> start_wid=None stop_wid=None post_wid=None skip_call=None call_count=100 args=() kwds={}
2022-10-26 19:00:21,479 root DEBUG testcase.py               258   start                     : Test function parameters: args=(), kwds={}
2022-10-26 19:00:21,479 root DEBUG btp.py                    388   core_reg_svc_gap          : core_reg_svc_gap
2022-10-26 19:00:21,479 root DEBUG iutctl_common.py          102   send                      : send, 0 3 255 '1'
2022-10-26 19:00:21,479 root DEBUG iutctl_common.py          107   send                      : sending frame '0003ff010001'
2022-10-26 19:00:21,480 root DEBUG btp.py                    470   core_reg_svc_rsp_succ     : core_reg_svc_rsp_succ
2022-10-26 19:00:21,480 root DEBUG iutctl_common.py          215   read                      : read
2022-10-26 19:00:21,527 root DEBUG iutctl_common.py          74    read                      : Read 5 bytes
2022-10-26 19:00:21,543 root DEBUG iutctl_common.py          83    read                      : Received: hdr: Header(svc_id=0, op=3, ctrl_index=255, data_len=0) bytearray(b'\x00\x03\xff\x00\x00')
2022-10-26 19:00:21,559 root DEBUG iutctl_common.py          96    read                      : Received data: "('',)", bytearray(b'')
2022-10-26 19:00:21,575 root DEBUG btp.py                    481   core_reg_svc_rsp_succ     : received Header(svc_id=0, op=3, ctrl_index=255, data_len=0) (b'',)
2022-10-26 19:00:21,575 root DEBUG btp.py                    482   core_reg_svc_rsp_succ     : expected ((0, 3, 255, 0), (b'',))
2022-10-26 19:00:21,575 root DEBUG btp.py                    487   core_reg_svc_rsp_succ     : response is valid
2022-10-26 19:00:21,575 root DEBUG testcase.py               246   start                     : Starting test function: class=<class 'autopts.ptsprojects.testcase.TestFunc'>, func=<function core_reg_svc_mesh at 0x0000023BD2B6E040> start_wid=None stop_wid=None post_wid=None skip_call=None call_count=100 args=() kwds={}
2022-10-26 19:00:21,575 root DEBUG testcase.py               258   start                     : Test function parameters: args=(), kwds={}
2022-10-26 19:00:21,575 root DEBUG btp.py                    438   core_reg_svc_mesh         : core_reg_svc_mesh
2022-10-26 19:00:21,575 root DEBUG iutctl_common.py          102   send                      : send, 0 3 255 '4'
2022-10-26 19:00:21,575 root DEBUG iutctl_common.py          107   send                      : sending frame '0003ff010004'
2022-10-26 19:00:21,576 root DEBUG btp.py                    470   core_reg_svc_rsp_succ     : core_reg_svc_rsp_succ
2022-10-26 19:00:21,576 root DEBUG iutctl_common.py          215   read                      : read
2022-10-26 19:00:21,639 root DEBUG iutctl_common.py          74    read                      : Read 5 bytes
2022-10-26 19:00:21,639 root DEBUG iutctl_common.py          83    read                      : Received: hdr: Header(svc_id=0, op=3, ctrl_index=255, data_len=0) bytearray(b'\x00\x03\xff\x00\x00')
2022-10-26 19:00:21,639 root DEBUG iutctl_common.py          96    read                      : Received data: "('',)", bytearray(b'')
2022-10-26 19:00:21,639 root DEBUG btp.py                    481   core_reg_svc_rsp_succ     : received Header(svc_id=0, op=3, ctrl_index=255, data_len=0) (b'',)
2022-10-26 19:00:21,639 root DEBUG btp.py                    482   core_reg_svc_rsp_succ     : expected ((0, 3, 255, 0), (b'',))
2022-10-26 19:00:21,639 root DEBUG btp.py                    487   core_reg_svc_rsp_succ     : response is valid
2022-10-26 19:00:21,640 root DEBUG testcase.py               246   start                     : Starting test function: class=<class 'autopts.ptsprojects.testcase.TestFunc'>, func=<function gap_read_ctrl_info at 0x0000023BD2BAB8B0> start_wid=None stop_wid=None post_wid=None skip_call=None call_count=100 args=() kwds={}
2022-10-26 19:00:21,640 root DEBUG testcase.py               258   start                     : Test function parameters: args=(), kwds={}
2022-10-26 19:00:21,640 root DEBUG gap.py                    871   gap_read_ctrl_info        : gap_read_ctrl_info
2022-10-26 19:00:21,640 root DEBUG iutctl_common.py          102   send                      : send, 1 3 0 ''
2022-10-26 19:00:21,640 root DEBUG iutctl_common.py          107   send                      : sending frame '0103000000'
2022-10-26 19:00:21,640 root DEBUG iutctl_common.py          215   read                      : read
2022-10-26 19:00:21,783 root DEBUG iutctl_common.py          74    read                      : Read 5 bytes
2022-10-26 19:00:21,799 root DEBUG iutctl_common.py          83    read                      : Received: hdr: Header(svc_id=1, op=3, ctrl_index=0, data_len=277) bytearray(b'\x01\x03\x00\x15\x01')
2022-10-26 19:00:21,831 root DEBUG iutctl_common.py          96    read                      : Received data: "('p\x1fÄvçÜ\x13\x06\x00\x00\x13\x82\x00\x00\x00\x00\x00btp_tester\x00\x00\x00\x00\x00\x00\x00\x00\x00\x00\x00\x00\x00\x00\x00\x00\x00\x00\x00\x00\x00\x00\x00\x00\x00\x00\x00\x00\x00\x00\x00\x00\x00\x00\x00\x00\x00\x00\x00\x00\x00\x00\x00\x00\x00\x00\x00\x00\x00\x00\x00\x00\x00\x00\x00\x00\x00\x00\x00\x00\x00\x00\x00\x00\x00\x00\x00\x00\x00\x00\x00\x00\x00\x00\x00\x00\x00\x00\x00\x00\x00\x00\x00\x00\x00\x00\x00\x00\x00\x00\x00\x00\x00\x00\x00\x00\x00\x00\x00\x00\x00\x00\x00\x00\x00\x00\x00\x00\x00\x00\x00\x00\x00\x00\x00\x00\x00\x00\x00\x00\x00\x00\x00\x00\x00\x00\x00\x00\x00\x00\x00\x00\x00\x00\x00\x00\x00\x00\x00\x00\x00\x00\x00\x00\x00\x00\x00\x00\x00\x00\x00\x00\x00\x00\x00\x00\x00\x00\x00\x00\x00\x00\x00\x00\x00\x00\x00\x00\x00\x00\x00\x00\x00\x00\x00\x00\x00\x00\x00\x00\x00\x00\x00\x00\x00\x00\x00\x00\x00\x00\x00\x00\x00\x00\x00\x00\x00\x00\x00\x00\x00\x00\x00\x00\x00\x00\x00\x00\x00\x00\x00\x00\x00\x00\x00\x00\x00\x00\x00\x00\x00\x00\x00\x00\x00\x00\x00\x00\x00\x00\x00\x00\x00\x00\x00\x00\x00\x00\x00\x00\x00\x00\x00\x00\x00\x00\x00\x00\x00\x00',)", bytearray(b'p\x1f\xc4v\xe7\xdc\x13\x06\x00\x00\x13\x82\x00\x00\x00\x00\x00btp_tester\x00\x00\x00\x00\x00\x00\x00\x00\x00\x00\x00\x00\x00\x00\x00\x00\x00\x00\x00\x00\x00\x00\x00\x00\x00\x00\x00\x00\x00\x00\x00\x00\x00\x00\x00\x00\x00\x00\x00\x00\x00\x00\x00\x00\x00\x00\x00\x00\x00\x00\x00\x00\x00\x00\x00\x00\x00\x00\x00\x00\x00\x00\x00\x00\x00\x00\x00\x00\x00\x00\x00\x00\x00\x00\x00\x00\x00\x00\x00\x00\x00\x00\x00\x00\x00\x00\x00\x00\x00\x00\x00\x00\x00\x00\x00\x00\x00\x00\x00\x00\x00\x00\x00\x00\x00\x00\x00\x00\x00\x00\x00\x00\x00\x00\x00\x00\x00\x00\x00\x00\x00\x00\x00\x00\x00\x00\x00\x00\x00\x00\x00\x00\x00\x00\x00\x00\x00\x00\x00\x00\x00\x00\x00\x00\x00\x00\x00\x00\x00\x00\x00\x00\x00\x00\x00\x00\x00\x00\x00\x00\x00\x00\x00\x00\x00\x00\x00\x00\x00\x00\x00\x00\x00\x00\x00\x00\x00\x00\x00\x00\x00\x00\x00\x00\x00\x00\x00\x00\x00\x00\x00\x00\x00\x00\x00\x00\x00\x00\x00\x00\x00\x00\x00\x00\x00\x00\x00\x00\x00\x00\x00\x00\x00\x00\x00\x00\x00\x00\x00\x00\x00\x00\x00\x00\x00\x00\x00\x00\x00\x00\x00\x00\x00\x00\x00\x00\x00\x00\x00\x00\x00\x00\x00\x00\x00\x00\x00\x00\x00\x00')
2022-10-26 19:00:21,863 root DEBUG gap.py                    878   gap_read_ctrl_info        : received Header(svc_id=1, op=3, ctrl_index=0, data_len=277) (b'p\x1f\xc4v\xe7\xdc\x13\x06\x00\x00\x13\x82\x00\x00\x00\x00\x00btp_tester\x00\x00\x00\x00\x00\x00\x00\x00\x00\x00\x00\x00\x00\x00\x00\x00\x00\x00\x00\x00\x00\x00\x00\x00\x00\x00\x00\x00\x00\x00\x00\x00\x00\x00\x00\x00\x00\x00\x00\x00\x00\x00\x00\x00\x00\x00\x00\x00\x00\x00\x00\x00\x00\x00\x00\x00\x00\x00\x00\x00\x00\x00\x00\x00\x00\x00\x00\x00\x00\x00\x00\x00\x00\x00\x00\x00\x00\x00\x00\x00\x00\x00\x00\x00\x00\x00\x00\x00\x00\x00\x00\x00\x00\x00\x00\x00\x00\x00\x00\x00\x00\x00\x00\x00\x00\x00\x00\x00\x00\x00\x00\x00\x00\x00\x00\x00\x00\x00\x00\x00\x00\x00\x00\x00\x00\x00\x00\x00\x00\x00\x00\x00\x00\x00\x00\x00\x00\x00\x00\x00\x00\x00\x00\x00\x00\x00\x00\x00\x00\x00\x00\x00\x00\x00\x00\x00\x00\x00\x00\x00\x00\x00\x00\x00\x00\x00\x00\x00\x00\x00\x00\x00\x00\x00\x00\x00\x00\x00\x00\x00\x00\x00\x00\x00\x00\x00\x00\x00\x00\x00\x00\x00\x00\x00\x00\x00\x00\x00\x00\x00\x00\x00\x00\x00\x00\x00\x00\x00\x00\x00\x00\x00\x00\x00\x00\x00\x00\x00\x00\x00\x00\x00\x00\x00\x00\x00\x00\x00\x00\x00\x00\x00\x00\x00\x00\x00\x00\x00\x00\x00\x00\x00\x00\x00\x00\x00\x00\x00\x00\x00',)
2022-10-26 19:00:21,863 root DEBUG gap.py                    899   gap_read_ctrl_info        : IUT address 'dce776c41f70' 'random'
2022-10-26 19:00:21,863 root DEBUG gap.py                    342   __gap_current_settings_update : __gap_current_settings_update 33299
2022-10-26 19:00:21,863 root ERROR stack.py                  221   current_settings_clear    : current_settings_clear SC Only not in current_settings
2022-10-26 19:00:21,864 root DEBUG testcase.py               246   start                     : Starting test function: class=<class 'autopts.ptsprojects.testcase.TestFunc'>, func=<function test_cases.<locals>.<lambda> at 0x0000023BD45C93A0> start_wid=None stop_wid=None post_wid=None skip_call=None call_count=100 args=() kwds={}
2022-10-26 19:00:21,864 root DEBUG testcase.py               258   start                     : Test function parameters: args=(), kwds={}
2022-10-26 19:00:21,868 root DEBUG testcase.py               246   start                     : Starting test function: class=<class 'autopts.ptsprojects.testcase.TestFunc'>, func=<function test_cases.<locals>.<lambda> at 0x0000023BD45C9310> start_wid=None stop_wid=None post_wid=None skip_call=None call_count=100 args=() kwds={}
2022-10-26 19:00:21,868 root DEBUG testcase.py               258   start                     : Test function parameters: args=(), kwds={}
2022-10-26 19:00:21,870 root DEBUG testcase.py               246   start                     : Starting test function: class=<class 'autopts.ptsprojects.testcase.TestFunc'>, func=<function test_cases.<locals>.<lambda> at 0x0000023BD45C99D0> start_wid=None stop_wid=None post_wid=None skip_call=None call_count=100 args=() kwds={}
2022-10-26 19:00:21,870 root DEBUG testcase.py               258   start                     : Test function parameters: args=(), kwds={}
2022-10-26 19:00:21,871 root DEBUG testcase.py               246   start                     : Starting test function: class=<class 'autopts.ptsprojects.testcase.TestFunc'>, func=<function test_cases.<locals>.<lambda> at 0x0000023BD45C9940> start_wid=None stop_wid=None post_wid=None skip_call=None call_count=100 args=() kwds={}
2022-10-26 19:00:21,871 root DEBUG testcase.py               258   start                     : Test function parameters: args=(), kwds={}
2022-10-26 19:00:21,872 root DEBUG testcase.py               246   start                     : Starting test function: class=<class 'autopts.ptsprojects.testcase.TestFunc'>, func=<function test_cases.<locals>.<lambda> at 0x0000023BD45C9A60> start_wid=None stop_wid=None post_wid=None skip_call=None call_count=100 args=() kwds={}
2022-10-26 19:00:21,872 root DEBUG testcase.py               258   start                     : Test function parameters: args=(), kwds={}
2022-10-26 19:00:21,873 root DEBUG testcase.py               246   start                     : Starting test function: class=<class 'autopts.ptsprojects.testcase.TestFunc'>, func=<function test_cases.<locals>.<lambda> at 0x0000023BD45C9AF0> start_wid=None stop_wid=None post_wid=None skip_call=None call_count=100 args=() kwds={}
2022-10-26 19:00:21,874 root DEBUG testcase.py               258   start                     : Test function parameters: args=(), kwds={}
2022-10-26 19:00:21,875 root DEBUG testcase.py               246   start                     : Starting test function: class=<class 'autopts.ptsprojects.testcase.TestFunc'>, func=<function test_cases.<locals>.<lambda> at 0x0000023BD45C9B80> start_wid=None stop_wid=None post_wid=None skip_call=None call_count=100 args=() kwds={}
2022-10-26 19:00:21,875 root DEBUG testcase.py               258   start                     : Test function parameters: args=(), kwds={}
2022-10-26 19:00:21,875 root DEBUG testcase.py               246   start                     : Starting test function: class=<class 'autopts.ptsprojects.testcase.TestFunc'>, func=<function test_cases.<locals>.<lambda> at 0x0000023BD45C9C10> start_wid=None stop_wid=None post_wid=None skip_call=None call_count=100 args=() kwds={}
2022-10-26 19:00:21,875 root DEBUG testcase.py               258   start                     : Test function parameters: args=(), kwds={}
2022-10-26 19:00:21,876 root DEBUG testcase.py               246   start                     : Starting test function: class=<class 'autopts.ptsprojects.testcase.TestFunc'>, func=<function test_cases.<locals>.<lambda> at 0x0000023BD45C9CA0> start_wid=None stop_wid=None post_wid=None skip_call=None call_count=100 args=() kwds={}
2022-10-26 19:00:21,876 root DEBUG testcase.py               258   start                     : Test function parameters: args=(), kwds={}
2022-10-26 19:00:21,877 root DEBUG client.py                 272   set_current_test_case     : CallbackThread.set_current_test_case MESH/NODE/IVU/BV-02-C
2022-10-26 19:00:30,050 ClientCallback.on_implicit_send INFO client.py                 171   on_implicit_send          : ********************
2022-10-26 19:00:30,050 ClientCallback.on_implicit_send INFO client.py                 172   on_implicit_send          : BEGIN OnImplicitSend:
2022-10-26 19:00:30,050 ClientCallback.on_implicit_send INFO client.py                 173   on_implicit_send          : project_name: MESH
2022-10-26 19:00:30,050 ClientCallback.on_implicit_send INFO client.py                 174   on_implicit_send          : wid: 13
2022-10-26 19:00:30,050 ClientCallback.on_implicit_send INFO client.py                 175   on_implicit_send          : test_case_name: MESH/NODE/IVU/BV-02-C
2022-10-26 19:00:30,051 ClientCallback.on_implicit_send INFO client.py                 176   on_implicit_send          : description: There is no shared security information. Please remove any security information if any. PTS is waiting for beacon to start provisioning from IUT with UUID value indicated in 'TSPX_device_uuid'
2022-10-26 19:00:30,051 ClientCallback.on_implicit_send INFO client.py                 177   on_implicit_send          : style: MMI_Style_Ok_Cancel2 0x11141
2022-10-26 19:00:30,051 ClientCallback.on_implicit_send INFO client.py                 183   on_implicit_send          : Calling test cases on_implicit_send
2022-10-26 19:00:30,051 root DEBUG testcase.py               675   on_implicit_send          : MESH MESH/NODE/IVU/BV-02-C on_implicit_send
2022-10-26 19:00:30,051 root DEBUG testcase.py               619   join_post_wid_thread      : MESH MESH/NODE/IVU/BV-02-C join_post_wid_thread
2022-10-26 19:00:30,051 root DEBUG testcase.py               621   join_post_wid_thread      : self.post_wid_thread None
2022-10-26 19:00:30,051 root DEBUG mesh.py                   49    mesh_wid_hdl              : mesh_wid_hdl, 13, "There is no shared security information. Please remove any security information if any. PTS is waiting for beacon to start provisioning from IUT with UUID value indicated in 'TSPX_device_uuid'", MESH/NODE/IVU/BV-02-C
2022-10-26 19:00:30,051 root DEBUG mesh.py                   257   mesh_config_prov          : mesh_config_prov
2022-10-26 19:00:30,051 root DEBUG iutctl_common.py          102   send                      : send, 4 2 0 "bytearray(b'\\xf8\\xee\\x0cG\\xd8\\xe1I\\x08\\x9e\\x05\\xa0\\xa3\\x80\\xef\\x8c\\x83\\x00\\x00\\x00\\x00\\x00\\x00\\x00\\x00\\x00\\x00\\x00\\x00\\x00\\x00\\x00\\x00\\x02\\x10\\x00\\x02\\x08\\x00\\x00')"
2022-10-26 19:00:30,051 root DEBUG iutctl_common.py          107   send                      : sending frame '0402002700f8ee0c47d8e149089e05a0a380ef8c830000000000000000000000000000000002100002080000'
2022-10-26 19:00:30,051 root DEBUG iutctl_common.py          215   read                      : read
2022-10-26 19:00:30,128 root DEBUG iutctl_common.py          74    read                      : Read 5 bytes
2022-10-26 19:00:30,159 root DEBUG iutctl_common.py          83    read                      : Received: hdr: Header(svc_id=4, op=2, ctrl_index=0, data_len=0) bytearray(b'\x04\x02\x00\x00\x00')
2022-10-26 19:00:30,190 root DEBUG iutctl_common.py          96    read                      : Received data: "('',)", bytearray(b'')
2022-10-26 19:00:30,206 root DEBUG mesh.py                   321   mesh_init                 : mesh_init
2022-10-26 19:00:30,206 root DEBUG iutctl_common.py          102   send                      : send, 4 4 0 ''
2022-10-26 19:00:30,206 root DEBUG iutctl_common.py          107   send                      : sending frame '0404000000'
2022-10-26 19:00:30,206 root DEBUG iutctl_common.py          215   read                      : read
2022-10-26 19:00:30,286 root DEBUG iutctl_common.py          74    read                      : Read 5 bytes
2022-10-26 19:00:30,301 root DEBUG iutctl_common.py          83    read                      : Received: hdr: Header(svc_id=4, op=4, ctrl_index=0, data_len=0) bytearray(b'\x04\x04\x00\x00\x00')
2022-10-26 19:00:30,317 root DEBUG iutctl_common.py          96    read                      : Received data: "('',)", bytearray(b'')
2022-10-26 19:00:30,349 root DEBUG testcase.py               713   on_implicit_send          : Sending response 'OK' to wid 13 test case MESH/NODE/IVU/BV-02-C
2022-10-26 19:00:30,349 root DEBUG iutctl_common.py          74    read                      : Read 5 bytes
2022-10-26 19:00:30,349 ClientCallback.on_implicit_send INFO client.py                 188   on_implicit_send          : test case returned on_implicit_send, response: OK
2022-10-26 19:00:30,349 root DEBUG iutctl_common.py          83    read                      : Received: hdr: Header(svc_id=4, op=132, ctrl_index=0, data_len=1) bytearray(b'\x04\x84\x00\x01\x00')
2022-10-26 19:00:30,349 ClientCallback.on_implicit_send INFO client.py                 198   on_implicit_send          : END OnImplicitSend:
2022-10-26 19:00:30,350 root DEBUG iutctl_common.py          96    read                      : Received data: "('\x00',)", bytearray(b'\x00')
2022-10-26 19:00:30,350 ClientCallback.on_implicit_send INFO client.py                 199   on_implicit_send          : ********************
2022-10-26 19:00:30,350 root DEBUG btp.py                    552   event_handler             : event_handler Header(svc_id=4, op=132, ctrl_index=0, data_len=1) (b'\x00',)
2022-10-26 19:00:30,350 root DEBUG mesh.py                   576   mesh_prov_link_open_ev    : mesh_prov_link_open_ev b'\x00'
2022-10-26 19:00:33,166 root DEBUG iutctl_common.py          74    read                      : Read 5 bytes
2022-10-26 19:00:33,166 root DEBUG iutctl_common.py          83    read                      : Received: hdr: Header(svc_id=4, op=131, ctrl_index=0, data_len=0) bytearray(b'\x04\x83\x00\x00\x00')
2022-10-26 19:00:33,166 root DEBUG iutctl_common.py          96    read                      : Received data: "('',)", bytearray(b'')
2022-10-26 19:00:33,166 root DEBUG btp.py                    552   event_handler             : event_handler Header(svc_id=4, op=131, ctrl_index=0, data_len=0) (b'',)
2022-10-26 19:00:33,167 root DEBUG mesh.py                   566   mesh_provisioned_ev       : mesh_provisioned_ev b''
2022-10-26 19:00:34,552 root DEBUG iutctl_common.py          74    read                      : Read 5 bytes
2022-10-26 19:00:34,552 root DEBUG iutctl_common.py          83    read                      : Received: hdr: Header(svc_id=4, op=133, ctrl_index=0, data_len=1) bytearray(b'\x04\x85\x00\x01\x00')
2022-10-26 19:00:34,553 root DEBUG iutctl_common.py          96    read                      : Received data: "('\x00',)", bytearray(b'\x00')
2022-10-26 19:00:34,553 root DEBUG btp.py                    552   event_handler             : event_handler Header(svc_id=4, op=133, ctrl_index=0, data_len=1) (b'\x00',)
2022-10-26 19:00:34,553 root DEBUG mesh.py                   584   mesh_prov_link_closed_ev  : mesh_prov_link_closed_ev b'\x00'
2022-10-26 19:00:35,681 root DEBUG iutctl_common.py          74    read                      : Read 5 bytes
2022-10-26 19:00:35,682 root DEBUG iutctl_common.py          83    read                      : Received: hdr: Header(svc_id=4, op=134, ctrl_index=0, data_len=22) bytearray(b'\x04\x86\x00\x16\x00')
2022-10-26 19:00:35,682 root DEBUG iutctl_common.py          96    read                      : Received data: "('\x03\x00\x01\x00\x02\x00\x0f\x80\x80\x00\x00Ö×ßÍ\x8d3\x9cK$\x95%',)", bytearray(b'\x03\x00\x01\x00\x02\x00\x0f\x80\x80\x00\x00\xd6\xd7\xdf\xcd\x8d3\x9cK$\x95%')
2022-10-26 19:00:35,682 root DEBUG btp.py                    552   event_handler             : event_handler Header(svc_id=4, op=134, ctrl_index=0, data_len=22) (b'\x03\x00\x01\x00\x02\x00\x0f\x80\x80\x00\x00\xd6\xd7\xdf\xcd\x8d3\x9cK$\x95%',)
2022-10-26 19:00:36,031 root DEBUG iutctl_common.py          74    read                      : Read 5 bytes
2022-10-26 19:00:36,031 root DEBUG iutctl_common.py          83    read                      : Received: hdr: Header(svc_id=4, op=134, ctrl_index=0, data_len=14) bytearray(b'\x04\x86\x00\x0e\x00')
2022-10-26 19:00:36,047 root DEBUG iutctl_common.py          96    read                      : Received data: "('\x07\x01\x01\x00\x02\x00\x07\x00\x00\x04\x00\x00\x00\x07',)", bytearray(b'\x07\x01\x01\x00\x02\x00\x07\x00\x00\x04\x00\x00\x00\x07')
2022-10-26 19:00:36,047 root DEBUG btp.py                    552   event_handler             : event_handler Header(svc_id=4, op=134, ctrl_index=0, data_len=14) (b'\x07\x01\x01\x00\x02\x00\x07\x00\x00\x04\x00\x00\x00\x07',)
2022-10-26 19:00:37,177 root DEBUG iutctl_common.py          74    read                      : Read 5 bytes
2022-10-26 19:00:37,178 root DEBUG iutctl_common.py          83    read                      : Received: hdr: Header(svc_id=4, op=134, ctrl_index=0, data_len=22) bytearray(b'\x04\x86\x00\x16\x00')
2022-10-26 19:00:37,178 root DEBUG iutctl_common.py          96    read                      : Received data: "('\x03\x00\x01\x00\x02\x00\x0f\x80\x80\x08\x00\x9eô-\x0bãºµ\x16[\x95\x17',)", bytearray(b'\x03\x00\x01\x00\x02\x00\x0f\x80\x80\x08\x00\x9e\xf4-\x0b\xe3\xba\xb5\x16[\x95\x17')
2022-10-26 19:00:37,178 root DEBUG btp.py                    552   event_handler             : event_handler Header(svc_id=4, op=134, ctrl_index=0, data_len=22) (b'\x03\x00\x01\x00\x02\x00\x0f\x80\x80\x08\x00\x9e\xf4-\x0b\xe3\xba\xb5\x16[\x95\x17',)
2022-10-26 19:00:43,360 ClientCallback.on_implicit_send INFO client.py                 171   on_implicit_send          : ********************
2022-10-26 19:00:43,360 ClientCallback.on_implicit_send INFO client.py                 172   on_implicit_send          : BEGIN OnImplicitSend:
2022-10-26 19:00:43,360 ClientCallback.on_implicit_send INFO client.py                 173   on_implicit_send          : project_name: MESH
2022-10-26 19:00:43,360 ClientCallback.on_implicit_send INFO client.py                 174   on_implicit_send          : wid: 201
2022-10-26 19:00:43,360 ClientCallback.on_implicit_send INFO client.py                 175   on_implicit_send          : test_case_name: MESH/NODE/IVU/BV-02-C
2022-10-26 19:00:43,360 ClientCallback.on_implicit_send INFO client.py                 176   on_implicit_send          : description: Order IUT to generate a non-connectable Secure Network beacon (Mesh Beacon with Beacon type = 0x01).
2022-10-26 19:00:43,360 ClientCallback.on_implicit_send INFO client.py                 177   on_implicit_send          : style: MMI_Style_Ok_Cancel2 0x11141
2022-10-26 19:00:43,360 ClientCallback.on_implicit_send INFO client.py                 183   on_implicit_send          : Calling test cases on_implicit_send
2022-10-26 19:00:43,361 root DEBUG testcase.py               675   on_implicit_send          : MESH MESH/NODE/IVU/BV-02-C on_implicit_send
2022-10-26 19:00:43,361 root DEBUG testcase.py               619   join_post_wid_thread      : MESH MESH/NODE/IVU/BV-02-C join_post_wid_thread
2022-10-26 19:00:43,361 root DEBUG testcase.py               621   join_post_wid_thread      : self.post_wid_thread None
2022-10-26 19:00:43,361 root DEBUG mesh.py                   49    mesh_wid_hdl              : mesh_wid_hdl, 201, 'Order IUT to generate a non-connectable Secure Network beacon (Mesh Beacon with Beacon type = 0x01).', MESH/NODE/IVU/BV-02-C
2022-10-26 19:00:43,361 root DEBUG testcase.py               713   on_implicit_send          : Sending response 'OK' to wid 201 test case MESH/NODE/IVU/BV-02-C
2022-10-26 19:00:43,361 ClientCallback.on_implicit_send INFO client.py                 188   on_implicit_send          : test case returned on_implicit_send, response: OK
2022-10-26 19:00:43,361 ClientCallback.on_implicit_send INFO client.py                 198   on_implicit_send          : END OnImplicitSend:
2022-10-26 19:00:43,361 ClientCallback.on_implicit_send INFO client.py                 199   on_implicit_send          : ********************
2022-10-26 19:00:43,419 root DEBUG iutctl_common.py          74    read                      : Read 5 bytes
2022-10-26 19:00:43,419 root DEBUG iutctl_common.py          83    read                      : Received: hdr: Header(svc_id=4, op=134, ctrl_index=0, data_len=21) bytearray(b'\x04\x86\x00\x15\x00')
2022-10-26 19:00:43,419 root DEBUG iutctl_common.py          96    read                      : Received data: "('\x03\x00e\x00\x02\x00\x0e\x80\x80\x0c\x00J|¤\x0eq©\x16\x13=\x96',)", bytearray(b'\x03\x00e\x00\x02\x00\x0e\x80\x80\x0c\x00J|\xa4\x0eq\xa9\x16\x13=\x96')
2022-10-26 19:00:43,419 root DEBUG btp.py                    552   event_handler             : event_handler Header(svc_id=4, op=134, ctrl_index=0, data_len=21) (b'\x03\x00e\x00\x02\x00\x0e\x80\x80\x0c\x00J|\xa4\x0eq\xa9\x16\x13=\x96',)
2022-10-26 19:00:43,562 root DEBUG iutctl_common.py          74    read                      : Read 5 bytes
2022-10-26 19:00:43,562 root DEBUG iutctl_common.py          83    read                      : Received: hdr: Header(svc_id=4, op=134, ctrl_index=0, data_len=21) bytearray(b'\x04\x86\x00\x15\x00')
2022-10-26 19:00:43,562 root DEBUG iutctl_common.py          96    read                      : Received data: "('\x03\x00\x01\x00\x02\x00\x0e\x80\x80\x10\x00Í\x9a\x1f\x07h\x12\x03\x87²Ø',)", bytearray(b'\x03\x00\x01\x00\x02\x00\x0e\x80\x80\x10\x00\xcd\x9a\x1f\x07h\x12\x03\x87\xb2\xd8')
2022-10-26 19:00:43,563 root DEBUG btp.py                    552   event_handler             : event_handler Header(svc_id=4, op=134, ctrl_index=0, data_len=21) (b'\x03\x00\x01\x00\x02\x00\x0e\x80\x80\x10\x00\xcd\x9a\x1f\x07h\x12\x03\x87\xb2\xd8',)
2022-10-26 19:00:43,765 ClientCallback.on_implicit_send INFO client.py                 171   on_implicit_send          : ********************
2022-10-26 19:00:43,766 ClientCallback.on_implicit_send INFO client.py                 172   on_implicit_send          : BEGIN OnImplicitSend:
2022-10-26 19:00:43,766 ClientCallback.on_implicit_send INFO client.py                 173   on_implicit_send          : project_name: MESH
2022-10-26 19:00:43,766 ClientCallback.on_implicit_send INFO client.py                 174   on_implicit_send          : wid: 202
2022-10-26 19:00:43,766 ClientCallback.on_implicit_send INFO client.py                 175   on_implicit_send          : test_case_name: MESH/NODE/IVU/BV-02-C
2022-10-26 19:00:43,766 ClientCallback.on_implicit_send INFO client.py                 176   on_implicit_send          : description: Order IUT to enter the 'IV Update in Progress' state and set the 'IV Update in progress' flag in the secure network beacon. Click OK when ready.
2022-10-26 19:00:43,766 ClientCallback.on_implicit_send INFO client.py                 177   on_implicit_send          : style: MMI_Style_Ok_Cancel1 0x11041
2022-10-26 19:00:43,766 ClientCallback.on_implicit_send INFO client.py                 183   on_implicit_send          : Calling test cases on_implicit_send
2022-10-26 19:00:43,766 root DEBUG testcase.py               675   on_implicit_send          : MESH MESH/NODE/IVU/BV-02-C on_implicit_send
2022-10-26 19:00:43,766 root DEBUG testcase.py               619   join_post_wid_thread      : MESH MESH/NODE/IVU/BV-02-C join_post_wid_thread
2022-10-26 19:00:43,766 root DEBUG testcase.py               621   join_post_wid_thread      : self.post_wid_thread None
2022-10-26 19:00:43,766 root DEBUG mesh.py                   49    mesh_wid_hdl              : mesh_wid_hdl, 202, "Order IUT to enter the 'IV Update in Progress' state and set the 'IV Update in progress' flag in the secure network beacon. Click OK when ready.", MESH/NODE/IVU/BV-02-C
2022-10-26 19:00:43,766 root DEBUG mesh.py                   374   mesh_iv_update_test_mode  : mesh_iv_update_test_mode
2022-10-26 19:00:43,767 root DEBUG iutctl_common.py          102   send                      : send, 4 8 0 "bytearray(b'\\x01')"
2022-10-26 19:00:43,767 root DEBUG iutctl_common.py          107   send                      : sending frame '040800010001'
2022-10-26 19:00:43,767 root DEBUG iutctl_common.py          215   read                      : read
2022-10-26 19:00:43,817 root DEBUG iutctl_common.py          74    read                      : Read 5 bytes
2022-10-26 19:00:43,817 root DEBUG iutctl_common.py          83    read                      : Received: hdr: Header(svc_id=4, op=8, ctrl_index=0, data_len=0) bytearray(b'\x04\x08\x00\x00\x00')
2022-10-26 19:00:43,817 root DEBUG iutctl_common.py          96    read                      : Received data: "('',)", bytearray(b'')
2022-10-26 19:00:43,817 root DEBUG mesh.py                   390   mesh_iv_update_toggle     : mesh_iv_update_toggle
2022-10-26 19:00:43,817 root DEBUG iutctl_common.py          102   send                      : send, 4 9 0 ''
2022-10-26 19:00:43,817 root DEBUG iutctl_common.py          107   send                      : sending frame '0409000000'
2022-10-26 19:00:43,818 root DEBUG iutctl_common.py          215   read                      : read
2022-10-26 19:00:43,865 root DEBUG iutctl_common.py          74    read                      : Read 5 bytes
2022-10-26 19:00:43,865 root DEBUG iutctl_common.py          83    read                      : Received: hdr: Header(svc_id=4, op=9, ctrl_index=0, data_len=0) bytearray(b'\x04\t\x00\x00\x00')
2022-10-26 19:00:43,865 root DEBUG iutctl_common.py          96    read                      : Received data: "('',)", bytearray(b'')
2022-10-26 19:00:43,865 root DEBUG testcase.py               713   on_implicit_send          : Sending response 'OK' to wid 202 test case MESH/NODE/IVU/BV-02-C
2022-10-26 19:00:43,865 ClientCallback.on_implicit_send INFO client.py                 188   on_implicit_send          : test case returned on_implicit_send, response: OK
2022-10-26 19:00:43,865 ClientCallback.on_implicit_send INFO client.py                 198   on_implicit_send          : END OnImplicitSend:
2022-10-26 19:00:43,866 ClientCallback.on_implicit_send INFO client.py                 199   on_implicit_send          : ********************
2022-10-26 19:02:47,571 ClientCallback.log INFO client.py                 135   log                       : PTS_LOGTYPE_START_TEST Start Test Case 

+1531 ms
 MESH/NODE/IVU/BV-02-C MESH/NODE/IVU/BV-02-C

2022-10-26 19:02:47,571 root DEBUG testcase.py               464   log                       : New status MESH MESH/NODE/IVU/BV-02-C - Started
2022-10-26 19:02:48,611 ClientCallback.log INFO client.py                 135   log                       : PTS_LOGTYPE_FINAL_VERDICT Final Verdict 

+143234 ms
 MESH/NODE/IVU/BV-02-C INCONC

2022-10-26 19:02:48,612 root DEBUG testcase.py               464   log                       : New status MESH MESH/NODE/IVU/BV-02-C - INCONC
2022-10-26 19:02:48,614 ClientCallback.log INFO client.py                 135   log                       : PTS_LOGTYPE_FINAL_VERDICT Encrypted Verdict 

+143234 ms
 MESH/NODE/IVU/BV-02-C A1#YTc2ODRiYmE0YjVjY2U3NDM1ZjljYzJhYTY2YzliYWM5MmMwYWNhZTg1MjMwNzY1OTcyYjk3YjMwOGQ4MzI4MA==#4ZBQFqre/QG2JE3+u6Y5sY74vbJQWDKoHdd9E886GYSTnGL/02W0BBdCCfzlwK33

2022-10-26 19:02:48,617 ClientCallback.log INFO client.py                 135   log                       : PTS_LOGTYPE_END_TEST Test Case Ended 

+143234 ms
 MESH/NODE/IVU/BV-02-C MESH/NODE/IVU/BV-02-C

2022-10-26 19:02:48,703 root DEBUG client.py                 799   run_test_case_thread_entry : After run_test_case error_code='' status='INCONC'
2022-10-26 19:02:48,703 root DEBUG client.py                 280   error_code                : CallbackThread.error_code
2022-10-26 19:02:48,703 root DEBUG client.py                 294   cleanup                   : CallbackThread.cleanup
2022-10-26 19:02:49,721 root DEBUG testcase.py               758   post_run                  : post_run MESH MESH/NODE/IVU/BV-02-C 
2022-10-26 19:02:49,722 root DEBUG testcase.py               246   start                     : Starting test function: class=<class 'autopts.ptsprojects.testcase.TestFuncCleanUp'>, func=<bound method Stack.cleanup of <autopts.ptsprojects.stack.Stack object at 0x0000023BD4453B50>> start_wid=None stop_wid=None post_wid=None skip_call=None call_count=2 args=() kwds={}
2022-10-26 19:02:49,722 root DEBUG testcase.py               258   start                     : Test function parameters: args=(), kwds={}
2022-10-26 19:02:49,723 root DEBUG client.py                 289   clear_pending_responses   : CallbackThread.clear_pending_responses
2022-10-26 19:02:49,723 root DEBUG client.py                 289   clear_pending_responses   : CallbackThread.clear_pending_responses
2022-10-26 19:02:49,723 root DEBUG testcase.py               246   start                     : Starting test function: class=<class 'autopts.ptsprojects.testcase.TestFuncCleanUp'>, func=<bound method ZephyrCtl.stop of <autopts.ptsprojects.zephyr.iutctl.ZephyrCtl object at 0x0000023BD4435850>> start_wid=None stop_wid=None post_wid=None skip_call=None call_count=2 args=() kwds={}
2022-10-26 19:02:49,724 root DEBUG testcase.py               258   start                     : Test function parameters: args=(), kwds={}
2022-10-26 19:02:49,724 root DEBUG iutctl.py                 232   stop                      : <class 'autopts.ptsprojects.zephyr.iutctl.ZephyrCtl'>.stop
2022-10-26 19:02:50,531 root DEBUG __init__.py               48    reset                     : About to reset DUT: 'nrfjprog -r -s 683989059'
2022-10-26 19:02:54,141 root DEBUG testcase.py               783   post_run                  : post_run, cleanup running pre test case script
2022-10-26 19:02:54,141 root DEBUG testcase.py               793   post_run                  : post_run, run post test case script
2022-10-26 19:02:54,205 root DEBUG client.py                 829   run_test_case_thread_entry : Done TestCase wrapper MESH MESH/NODE/IVU/BV-02-C
