Applying system reset.
Run.
< 2021/11/20 19:22:44.495722  length=5 from=0 to=4
 00 80 ff 00 00                                   .....
--
> 2021/11/20 19:22:44.589366  length=6 from=0 to=5
 00 03 ff 01 00 01                                ......
--
< 2021/11/20 19:22:44.605003  length=5 from=5 to=9
 00 03 ff 00 00                                   .....
--
> 2021/11/20 19:22:44.667447  length=6 from=6 to=11
 00 03 ff 01 00 04                                ......
--
< 2021/11/20 19:22:44.683188  length=5 from=10 to=14
 00 03 ff 00 00                                   .....
--
> 2021/11/20 19:22:44.792418  length=5 from=12 to=16
 01 03 00 00 00                                   .....
--
< 2021/11/20 19:22:44.871136  length=148 from=15 to=162
 01 03 00 15 01 36 a7 20 ad 80 fc 13 06 00 00 13  .....6. ........
 82 00 00 00 00 00 62 74 70 5f 74 65 73 74 65 72  ......btp_tester
 00 00 00 00 00 00 00 00 00 00 00 00 00 00 00 00  ................
 00 00 00 00 00 00 00 00 00 00 00 00 00 00 00 00  ................
 00 00 00 00 00 00 00 00 00 00 00 00 00 00 00 00  ................
 00 00 00 00 00 00 00 00 00 00 00 00 00 00 00 00  ................
 00 00 00 00 00 00 00 00 00 00 00 00 00 00 00 00  ................
 00 00 00 00 00 00 00 00 00 00 00 00 00 00 00 00  ................
 00 00 00 00 00 00 00 00 00 00 00 00 00 00 00 00  ................
 00 00 00 00                                      ....
--
< 2021/11/20 19:22:44.872453  length=11 from=163 to=173
 00 00 00 00 00 00 00 00 00 00 00                 ...........
--
< 2021/11/20 19:22:44.872691  length=13 from=174 to=186
 00 00 00 00 00 00 00 00 00 00 00 00 00           .............
--
< 2021/11/20 19:22:44.886844  length=110 from=187 to=296
 00 00 00 00 00 00 00 00 00 00 00 00 00 00 00 00  ................
 00 00 00 00 00 00 00 00 00 00 00 00 00 00 00 00  ................
 00 00 00 00 00 00 00 00 00 00 00 00 00 00 00 00  ................
 00 00 00 00 00 00 00 00 00 00 00 00 00 00 00 00  ................
 00 00 00 00 00 00 00 00 00 00 00 00 00 00 00 00  ................
 00 00 00 00 00 00 00 00 00 00 00 00 00 00 00 00  ................
 00 00 00 00 00 00 00 00 00 00 00 00 00 00        ..............
--
> 2021/11/20 19:22:48.749414  length=44 from=17 to=60
 04 02 00 27 00 71 6e a9 a1 78 b6 4b 43 b3 91 e4  ...'.qn..x.KC...
 57 15 20 52 12 00 00 00 00 00 00 00 00 00 00 00  W. R............
 00 00 00 00 00 02 18 00 01 0c 00 00              ............
--
< 2021/11/20 19:22:48.765104  length=5 from=297 to=301
 04 02 00 00 00                                   .....
--
> 2021/11/20 19:22:48.874407  length=5 from=61 to=65
 04 04 00 00 00                                   .....
--
< 2021/11/20 19:22:48.890146  length=5 from=302 to=306
 04 04 00 00 00                                   .....
--
> 2021/11/20 19:22:48.936902  length=50 from=66 to=115
 04 03 00 2d 00 01 23 45 67 89 ab cd ef 01 23 45  ...-..#Eg.....#E
 67 89 ab cd ef 00 00 00 00 00 00 00 00 00 00 00  g...............
 03 00 01 23 45 67 89 ab cd ef 01 23 45 67 89 ab  ...#Eg.....#Eg..
 cd ef                                            ..
--
< 2021/11/20 19:22:48.952653  length=10 from=307 to=316
 04 83 00 00 00 04 03 00 00 00                    ..........
--
> 2021/11/20 19:22:49.061920  length=42 from=116 to=157
 04 4a 00 25 00 71 6e a9 a1 78 b6 4b 43 b3 91 e4  .J.%.qn..x.KC...
 57 15 20 52 12 00 00 01 00 00 01 23 45 67 89 ab  W. R.......#Eg..
 cd ef 01 23 45 67 89 ab cd ef                    ...#Eg....
--
< 2021/11/20 19:22:49.077659  length=5 from=317 to=321
 04 4a 00 00 00                                   .J...
--
< 2021/11/20 19:22:49.734741  length=6 from=322 to=327
 04 84 00 01 00 00                                ......
--
< 2021/11/20 19:23:28.264162  length=26 from=328 to=353
 04 8e 00 15 00 00 00 01 00 71 6e a9 a1 78 b6 4b  .........qn..x.K
 43 b3 91 e4 57 15 20 52 12 01                    C...W. R..
--
< 2021/11/20 19:23:28.483054  length=3 from=354 to=356
 04 85 00                                         ...
--
< 2021/11/20 19:23:28.498651  length=3 from=357 to=359
 01 00 00                                         ...
--
> 2021/11/20 19:23:30.468958  length=10 from=158 to=167
 04 14 00 05 00 00 00 01 00 00                    ..........
--
< 2021/11/20 19:23:30.640856  length=28 from=360 to=387
 04 86 00 17 00 03 00 01 00 03 00 10 80 80 00 25  ...............%
 11 0c c4 11 21 40 71 eb ac 54 d2 46              ....!@q..T.F
--
< 2021/11/20 19:23:31.391868  length=28 from=388 to=415
 04 86 00 17 00 03 00 01 00 03 00 10 80 80 00 85  ................
 ed d8 c4 d4 3a 96 55 62 b0 e2 a1 fe              ....:.Ub....
--
< 2021/11/20 19:23:32.345717  length=28 from=416 to=443
 04 86 00 17 00 03 00 01 00 03 00 10 80 80 00 05  ................
 3b 04 84 76 af f0 fd c4 7d 84 b7 7f              ;..v....}...
--
< 2021/11/20 19:23:37.459297  length=28 from=444 to=471
 04 86 00 17 00 03 00 01 00 03 00 10 80 80 00 45  ...............E
 de 8e a6 49 56 ff 42 c8 93 bb 81 c0              ...IV.B.....
--
< 2021/11/20 19:23:39.664012  length=28 from=472 to=499
 04 86 00 17 00 03 00 01 00 03 00 10 80 80 00 65  ...............e
 93 b7 90 a1 7f d1 db 5a e3 0d 48 61              .......Z..Ha
--
< 2021/11/20 19:23:40.477454  length=6 from=500 to=505
 04 00 00 01 00 01                                ......
--
