*** Booting Zephyr OS build v4.0.0-rc3-87-g1bf22569fc5e ***
[00:00:00.250,762] <dbg> bttester: tester_init: Initializing tester
[00:00:05.978,759] <dbg> bttester: cmd_handler: cmd service 0 opcode 3 index 255
[00:00:05.983,215] <wrn> net_buf: Timeout discarded. No blocking in syswq
[00:00:05.983,398] <wrn> net_buf: Timeout discarded. No blocking in syswq
[00:00:05.983,551] <wrn> net_buf: Timeout discarded. No blocking in syswq
[00:00:05.983,734] <wrn> net_buf: Timeout discarded. No blocking in syswq
[00:00:05.983,917] <wrn> net_buf: Timeout discarded. No blocking in syswq
[00:00:05.984,069] <wrn> net_buf: Timeout discarded. No blocking in syswq
[00:00:05.984,222] <wrn> net_buf: Timeout discarded. No blocking in syswq
[00:00:05.984,405] <wrn> net_buf: Timeout discarded. No blocking in syswq
[00:00:05.984,558] <wrn> net_buf: Timeout discarded. No blocking in syswq
[00:00:05.984,741] <wrn> net_buf: Timeout discarded. No blocking in syswq
[00:00:05.984,924] <wrn> net_buf: Timeout discarded. No blocking in syswq
[00:00:05.985,076] <wrn> net_buf: Timeout discarded. No blocking in syswq
[00:00:05.985,260] <wrn> net_buf: Timeout discarded. No blocking in syswq
[00:00:05.985,382] <inf> bt_hci_core: HW Platform: Nordic Semiconductor (0x0002)
[00:00:05.985,412] <inf> bt_hci_core: HW Variant: nRF52x (0x0002)
[00:00:05.985,443] <inf> bt_hci_core: Firmware: Standard Bluetooth controller (0x00) Version 4.0 Build 0
[00:00:05.985,534] <wrn> net_buf: Timeout discarded. No blocking in syswq
[00:00:05.985,717] <wrn> net_buf: Timeout discarded. No blocking in syswq
[00:00:05.985,870] <wrn> net_buf: Timeout discarded. No blocking in syswq
[00:00:05.986,053] <wrn> net_buf: Timeout discarded. No blocking in syswq
[00:00:05.986,236] <wrn> net_buf: Timeout discarded. No blocking in syswq
[00:00:05.986,480] <wrn> net_buf: Timeout discarded. No blocking in syswq
[00:00:05.986,663] <inf> bt_hci_core: Identity: DC:E7:76:C4:1F:70 (random)
[00:00:05.986,694] <inf> bt_hci_core: HCI: version 5.4 (0x0d) revision 0x0000, manufacturer 0x05f1
[00:00:05.986,724] <inf> bt_hci_core: LMP: version 5.4 (0x0d) subver 0xffff
[00:00:05.986,755] <dbg> bttester: tester_rsp_with_index: service 0 opcode 3 index 255 status 0
[00:00:06.021,575] <dbg> bttester: cmd_handler: cmd service 0 opcode 3 index 255
[00:00:06.021,606] <dbg> bttester: tester_rsp_with_index: service 0 opcode 3 index 255 status 0
[00:00:06.063,385] <dbg> bttester: cmd_handler: cmd service 0 opcode 3 index 255
[00:00:06.063,385] <dbg> bttester: tester_rsp_with_index: service 0 opcode 3 index 255 status 0
[00:00:06.121,429] <dbg> bttester: cmd_handler: cmd service 4 opcode 4 index 0
[00:00:06.121,459] <wrn> bttester_mesh: Loading default comp data
[00:00:06.121,704] <wrn> bt_mesh_access: Unused space in relation list: 2
[00:00:06.392,700] <dbg> bttester: tester_rsp_with_index: service 4 opcode 4 index 0 status 0
[00:00:06.419,677] <dbg> bttester: cmd_handler: cmd service 1 opcode 3 index 0
[00:00:13.633,911] <dbg> bttester: cmd_handler: cmd service 4 opcode 2 index 0
[00:00:13.633,941] <dbg> bttester_mesh: config_prov: 
[00:00:13.633,972] <dbg> bttester: tester_rsp_with_index: service 4 opcode 2 index 0 status 0
[00:00:13.675,140] <dbg> bttester: cmd_handler: cmd service 4 opcode 120 index 0
[00:00:13.675,170] <dbg> bttester_mesh: start: 
[00:00:13.675,292] <inf> bt_mesh_provisionee: Device UUID: 952d734c-1f88-44a1-9848-770a5b2610b1
[00:00:13.675,415] <wrn> net_buf: Timeout discarded. No blocking in syswq
[00:00:13.675,598] <wrn> net_buf: Timeout discarded. No blocking in syswq
[00:00:13.676,177] <wrn> net_buf: Timeout discarded. No blocking in syswq
[00:00:13.676,361] <wrn> net_buf: Timeout discarded. No blocking in syswq
[00:00:13.676,666] <wrn> net_buf: Timeout discarded. No blocking in syswq
[00:00:13.676,940] <inf> bt_mesh_provisionee: Device UUID: 952d734c-1f88-44a1-9848-770a5b2610b1
[00:00:13.676,971] <dbg> bttester: tester_rsp_with_index: service 4 opcode 120 index 0 status 0
[00:00:13.677,764] <wrn> net_buf: Timeout discarded. No blocking in syswq
[00:00:13.678,436] <wrn> net_buf: Timeout discarded. No blocking in syswq
[00:00:13.678,649] <wrn> net_buf: Timeout discarded. No blocking in syswq
[00:00:13.678,802] <wrn> net_buf: Timeout discarded. No blocking in syswq
[00:00:13.679,107] <wrn> net_buf: Timeout discarded. No blocking in syswq
[00:00:13.679,382] <wrn> net_buf: Timeout discarded. No blocking in syswq
[00:00:13.679,656] <wrn> net_buf: Timeout discarded. No blocking in syswq
[00:00:13.679,840] <wrn> net_buf: Timeout discarded. No blocking in syswq
[00:00:13.680,053] <wrn> net_buf: Timeout discarded. No blocking in syswq
[00:00:13.680,419] <wrn> net_buf: Timeout discarded. No blocking in syswq
[00:00:13.680,694] <wrn> net_buf: Timeout discarded. No blocking in syswq
[00:00:13.735,229] <wrn> net_buf: Timeout discarded. No blocking in syswq
[00:00:13.735,504] <wrn> net_buf: Timeout discarded. No blocking in syswq
[00:00:13.735,778] <wrn> net_buf: Timeout discarded. No blocking in syswq
[00:00:13.738,098] <dbg> bttester: cmd_handler: cmd service 4 opcode 3 index 0
[00:00:13.738,128] <dbg> bttester_mesh: provision_node: 
[00:00:13.738,128] <inf> bt_mesh_main: Primary Element: 0x0003
[00:00:13.747,528] <dbg> bttester_mesh: prov_complete: net_idx 0x0000 addr 0x0003
[00:00:13.747,528] <dbg> bttester: tester_event: service 4 opcode 131
[00:00:13.747,924] <dbg> bttester: tester_rsp_with_index: service 4 opcode 3 index 0 status 0
[00:00:13.790,985] <wrn> net_buf: Timeout discarded. No blocking in syswq
[00:00:13.791,168] <wrn> net_buf: Timeout discarded. No blocking in syswq
[00:00:13.791,442] <wrn> net_buf: Timeout discarded. No blocking in syswq
[00:00:13.795,257] <wrn> net_buf: Timeout discarded. No blocking in syswq
[00:00:13.795,440] <wrn> net_buf: Timeout discarded. No blocking in syswq
[00:00:13.795,623] <wrn> net_buf: Timeout discarded. No blocking in syswq
[00:00:13.795,806] <wrn> net_buf: Timeout discarded. No blocking in syswq
[00:00:13.796,081] <wrn> net_buf: Timeout discarded. No blocking in syswq
[00:00:13.796,356] <wrn> net_buf: Timeout discarded. No blocking in syswq
[00:00:13.796,630] <wrn> net_buf: Timeout discarded. No blocking in syswq
[00:00:13.796,813] <wrn> net_buf: Timeout discarded. No blocking in syswq
[00:00:13.796,997] <wrn> net_buf: Timeout discarded. No blocking in syswq
[00:00:13.797,180] <wrn> net_buf: Timeout discarded. No blocking in syswq
[00:00:13.797,454] <wrn> net_buf: Timeout discarded. No blocking in syswq
[00:00:13.805,480] <dbg> bttester: cmd_handler: cmd service 4 opcode 74 index 0
[00:00:13.805,541] <dbg> bttester_mesh: provision_adv: 
[00:00:13.805,633] <dbg> bttester: tester_rsp_with_index: service 4 opcode 74 index 0 status 0
[00:00:13.842,742] <wrn> net_buf: Timeout discarded. No blocking in syswq
[00:00:13.842,834] <wrn> net_buf: Timeout discarded. No blocking in syswq
[00:00:13.843,109] <wrn> net_buf: Timeout discarded. No blocking in syswq
[00:00:13.843,292] <wrn> net_buf: Timeout discarded. No blocking in syswq
[00:00:13.843,505] <wrn> net_buf: Timeout discarded. No blocking in syswq
[00:00:13.843,994] <wrn> net_buf: Timeout discarded. No blocking in syswq
[00:00:13.844,238] <wrn> net_buf: Timeout discarded. No blocking in syswq
[00:00:13.848,083] <wrn> net_buf: Timeout discarded. No blocking in syswq
[00:00:13.848,266] <wrn> net_buf: Timeout discarded. No blocking in syswq
[00:00:13.848,480] <wrn> net_buf: Timeout discarded. No blocking in syswq
[00:00:13.848,632] <wrn> net_buf: Timeout discarded. No blocking in syswq
[00:00:13.848,937] <wrn> net_buf: Timeout discarded. No blocking in syswq
[00:00:13.873,962] <dbg> bttester_mesh: link_open: bearer 0x01
[00:00:13.873,992] <dbg> bttester: tester_event: service 4 opcode 132
[00:00:13.891,082] <wrn> net_buf: Timeout discarded. No blocking in syswq
[00:00:13.891,174] <wrn> net_buf: Timeout discarded. No blocking in syswq
[00:00:13.891,693] <wrn> net_buf: Timeout discarded. No blocking in syswq
[00:00:13.891,876] <wrn> net_buf: Timeout discarded. No blocking in syswq
[00:00:13.892,089] <wrn> net_buf: Timeout discarded. No blocking in syswq
[00:00:13.892,578] <wrn> net_buf: Timeout discarded. No blocking in syswq
[00:00:13.892,852] <wrn> net_buf: Timeout discarded. No blocking in syswq
[00:00:13.897,918] <wrn> net_buf: Timeout discarded. No blocking in syswq
[00:00:13.898,101] <wrn> net_buf: Timeout discarded. No blocking in syswq
[00:00:13.898,284] <wrn> net_buf: Timeout discarded. No blocking in syswq
[00:00:13.898,468] <wrn> net_buf: Timeout discarded. No blocking in syswq
[00:00:13.898,773] <wrn> net_buf: Timeout discarded. No blocking in syswq
[00:00:14.240,203] <wrn> net_buf: Timeout discarded. No blocking in syswq
[00:00:14.240,325] <wrn> net_buf: Timeout discarded. No blocking in syswq
[00:00:14.240,570] <wrn> net_buf: Timeout discarded. No blocking in syswq
[00:00:14.240,753] <wrn> net_buf: Timeout discarded. No blocking in syswq
[00:00:14.240,966] <wrn> net_buf: Timeout discarded. No blocking in syswq
[00:00:14.241,241] <wrn> net_buf: Timeout discarded. No blocking in syswq
[00:00:14.241,485] <wrn> net_buf: Timeout discarded. No blocking in syswq
[00:00:14.291,809] <wrn> net_buf: Timeout discarded. No blocking in syswq
[00:00:14.291,961] <wrn> net_buf: Timeout discarded. No blocking in syswq
[00:00:14.292,175] <wrn> net_buf: Timeout discarded. No blocking in syswq
[00:00:14.292,358] <wrn> net_buf: Timeout discarded. No blocking in syswq
[00:00:14.292,663] <wrn> net_buf: Timeout discarded. No blocking in syswq
[00:00:14.333,770] <wrn> net_buf: Timeout discarded. No blocking in syswq
[00:00:14.333,892] <wrn> net_buf: Timeout discarded. No blocking in syswq
[00:00:14.334,167] <wrn> net_buf: Timeout discarded. No blocking in syswq
[00:00:14.334,350] <wrn> net_buf: Timeout discarded. No blocking in syswq
[00:00:14.334,564] <wrn> net_buf: Timeout discarded. No blocking in syswq
[00:00:14.334,869] <wrn> net_buf: Timeout discarded. No blocking in syswq
[00:00:14.335,144] <wrn> net_buf: Timeout discarded. No blocking in syswq
[00:00:14.338,806] <wrn> net_buf: Timeout discarded. No blocking in syswq
[00:00:14.338,989] <wrn> net_buf: Timeout discarded. No blocking in syswq
[00:00:14.339,233] <wrn> net_buf: Timeout discarded. No blocking in syswq
[00:00:14.339,416] <wrn> net_buf: Timeout discarded. No blocking in syswq
[00:00:14.339,721] <wrn> net_buf: Timeout discarded. No blocking in syswq
[00:00:14.446,014] <wrn> net_buf: Timeout discarded. No blocking in syswq
[00:00:14.446,136] <wrn> net_buf: Timeout discarded. No blocking in syswq
[00:00:14.446,655] <wrn> net_buf: Timeout discarded. No blocking in syswq
[00:00:14.446,838] <wrn> net_buf: Timeout discarded. No blocking in syswq
[00:00:14.447,052] <wrn> net_buf: Timeout discarded. No blocking in syswq
[00:00:14.447,540] <wrn> net_buf: Timeout discarded. No blocking in syswq
[00:00:14.447,784] <wrn> net_buf: Timeout discarded. No blocking in syswq
[00:00:14.451,812] <wrn> net_buf: Timeout discarded. No blocking in syswq
[00:00:14.451,965] <wrn> net_buf: Timeout discarded. No blocking in syswq
[00:00:14.452,178] <wrn> net_buf: Timeout discarded. No blocking in syswq
[00:00:14.452,362] <wrn> net_buf: Timeout discarded. No blocking in syswq
[00:00:14.452,667] <wrn> net_buf: Timeout discarded. No blocking in syswq
[00:00:14.493,774] <wrn> net_buf: Timeout discarded. No blocking in syswq
[00:00:14.493,896] <wrn> net_buf: Timeout discarded. No blocking in syswq
[00:00:14.494,140] <wrn> net_buf: Timeout discarded. No blocking in syswq
[00:00:14.494,323] <wrn> net_buf: Timeout discarded. No blocking in syswq
[00:00:14.494,537] <wrn> net_buf: Timeout discarded. No blocking in syswq
[00:00:14.494,873] <wrn> net_buf: Timeout discarded. No blocking in syswq
[00:00:14.495,147] <wrn> net_buf: Timeout discarded. No blocking in syswq
[00:00:14.499,176] <wrn> net_buf: Timeout discarded. No blocking in syswq
[00:00:14.499,328] <wrn> net_buf: Timeout discarded. No blocking in syswq
[00:00:14.499,542] <wrn> net_buf: Timeout discarded. No blocking in syswq
[00:00:14.499,725] <wrn> net_buf: Timeout discarded. No blocking in syswq
[00:00:14.500,030] <wrn> net_buf: Timeout discarded. No blocking in syswq
[00:00:14.523,132] <wrn> net_buf: Timeout discarded. No blocking in syswq
[00:00:14.523,254] <wrn> net_buf: Timeout discarded. No blocking in syswq
[00:00:14.523,529] <wrn> net_buf: Timeout discarded. No blocking in syswq
[00:00:14.523,681] <wrn> net_buf: Timeout discarded. No blocking in syswq
[00:00:14.523,895] <wrn> net_buf: Timeout discarded. No blocking in syswq
[00:00:14.524,414] <wrn> net_buf: Timeout discarded. No blocking in syswq
[00:00:14.524,688] <wrn> net_buf: Timeout discarded. No blocking in syswq
[00:00:14.528,656] <wrn> net_buf: Timeout discarded. No blocking in syswq
[00:00:14.528,808] <wrn> net_buf: Timeout discarded. No blocking in syswq
[00:00:14.529,022] <wrn> net_buf: Timeout discarded. No blocking in syswq
[00:00:14.529,205] <wrn> net_buf: Timeout discarded. No blocking in syswq
[00:00:14.529,510] <wrn> net_buf: Timeout discarded. No blocking in syswq
[00:00:14.788,604] <err> bt_mesh_crypto_tc: Public key is not valid
[00:00:14.788,604] <err> bt_mesh_provisioner: Failed to generate DHKey
[00:00:14.823,364] <wrn> net_buf: Timeout discarded. No blocking in syswq
[00:00:14.823,455] <wrn> net_buf: Timeout discarded. No blocking in syswq
[00:00:14.823,699] <wrn> net_buf: Timeout discarded. No blocking in syswq
[00:00:14.823,883] <wrn> net_buf: Timeout discarded. No blocking in syswq
[00:00:14.824,096] <wrn> net_buf: Timeout discarded. No blocking in syswq
[00:00:14.824,523] <wrn> net_buf: Timeout discarded. No blocking in syswq
[00:00:14.824,737] <wrn> net_buf: Timeout discarded. No blocking in syswq
[00:00:14.884,399] <wrn> net_buf: Timeout discarded. No blocking in syswq
[00:00:14.884,582] <wrn> net_buf: Timeout discarded. No blocking in syswq
[00:00:14.884,765] <wrn> net_buf: Timeout discarded. No blocking in syswq
[00:00:14.884,948] <wrn> net_buf: Timeout discarded. No blocking in syswq
[00:00:14.885,253] <wrn> net_buf: Timeout discarded. No blocking in syswq
[00:00:14.931,365] <wrn> net_buf: Timeout discarded. No blocking in syswq
[00:00:14.931,488] <wrn> net_buf: Timeout discarded. No blocking in syswq
[00:00:14.931,732] <wrn> net_buf: Timeout discarded. No blocking in syswq
[00:00:14.931,915] <wrn> net_buf: Timeout discarded. No blocking in syswq
[00:00:14.932,128] <wrn> net_buf: Timeout discarded. No blocking in syswq
[00:00:14.932,495] <wrn> net_buf: Timeout discarded. No blocking in syswq
[00:00:14.932,769] <wrn> net_buf: Timeout discarded. No blocking in syswq
[00:00:15.257,110] <dbg> bttester_mesh: link_close: bearer 0x01
[00:00:15.257,110] <dbg> bttester: tester_event: service 4 opcode 133
[00:00:15.258,117] <wrn> net_buf: Timeout discarded. No blocking in syswq
[00:00:15.258,300] <wrn> net_buf: Timeout discarded. No blocking in syswq
[00:00:15.258,514] <wrn> net_buf: Timeout discarded. No blocking in syswq
[00:00:15.258,697] <wrn> net_buf: Timeout discarded. No blocking in syswq
[00:00:15.258,972] <wrn> net_buf: Timeout discarded. No blocking in syswq
[00:00:23.815,277] <wrn> net_buf: Timeout discarded. No blocking in syswq
[00:00:23.815,399] <wrn> net_buf: Timeout discarded. No blocking in syswq
[00:00:23.815,673] <wrn> net_buf: Timeout discarded. No blocking in syswq
[00:00:23.815,856] <wrn> net_buf: Timeout discarded. No blocking in syswq
[00:00:23.816,040] <wrn> net_buf: Timeout discarded. No blocking in syswq
[00:00:23.816,619] <wrn> net_buf: Timeout discarded. No blocking in syswq
[00:00:23.816,864] <wrn> net_buf: Timeout discarded. No blocking in syswq
[00:00:23.820,800] <wrn> net_buf: Timeout discarded. No blocking in syswq
[00:00:23.820,953] <wrn> net_buf: Timeout discarded. No blocking in syswq
[00:00:23.821,166] <wrn> net_buf: Timeout discarded. No blocking in syswq
[00:00:23.821,350] <wrn> net_buf: Timeout discarded. No blocking in syswq
[00:00:23.821,655] <wrn> net_buf: Timeout discarded. No blocking in syswq
[00:00:33.840,820] <wrn> net_buf: Timeout discarded. No blocking in syswq
[00:00:33.840,942] <wrn> net_buf: Timeout discarded. No blocking in syswq
[00:00:33.841,217] <wrn> net_buf: Timeout discarded. No blocking in syswq
[00:00:33.841,400] <wrn> net_buf: Timeout discarded. No blocking in syswq
[00:00:33.841,613] <wrn> net_buf: Timeout discarded. No blocking in syswq
[00:00:33.841,949] <wrn> net_buf: Timeout discarded. No blocking in syswq
[00:00:33.842,285] <wrn> net_buf: Timeout discarded. No blocking in syswq
[00:00:33.846,130] <wrn> net_buf: Timeout discarded. No blocking in syswq
[00:00:33.846,282] <wrn> net_buf: Timeout discarded. No blocking in syswq
[00:00:33.846,496] <wrn> net_buf: Timeout discarded. No blocking in syswq
[00:00:33.846,679] <wrn> net_buf: Timeout discarded. No blocking in syswq
[00:00:33.846,984] <wrn> net_buf: Timeout discarded. No blocking in syswq
[00:00:43.866,149] <wrn> net_buf: Timeout discarded. No blocking in syswq
[00:00:43.866,271] <wrn> net_buf: Timeout discarded. No blocking in syswq
[00:00:43.866,546] <wrn> net_buf: Timeout discarded. No blocking in syswq
[00:00:43.866,729] <wrn> net_buf: Timeout discarded. No blocking in syswq
[00:00:43.866,943] <wrn> net_buf: Timeout discarded. No blocking in syswq
[00:00:43.867,340] <wrn> net_buf: Timeout discarded. No blocking in syswq
[00:00:43.867,645] <wrn> net_buf: Timeout discarded. No blocking in syswq
[00:00:43.871,490] <wrn> net_buf: Timeout discarded. No blocking in syswq
[00:00:43.871,643] <wrn> net_buf: Timeout discarded. No blocking in syswq
[00:00:43.871,856] <wrn> net_buf: Timeout discarded. No blocking in syswq
[00:00:43.872,039] <wrn> net_buf: Timeout discarded. No blocking in syswq
[00:00:43.872,344] <wrn> net_buf: Timeout discarded. No blocking in syswq
[00:00:53.891,510] <wrn> net_buf: Timeout discarded. No blocking in syswq
[00:00:53.891,632] <wrn> net_buf: Timeout discarded. No blocking in syswq
[00:00:53.891,906] <wrn> net_buf: Timeout discarded. No blocking in syswq
[00:00:53.892,089] <wrn> net_buf: Timeout discarded. No blocking in syswq
[00:00:53.892,303] <wrn> net_buf: Timeout discarded. No blocking in syswq
[00:00:53.892,761] <wrn> net_buf: Timeout discarded. No blocking in syswq
[00:00:53.893,005] <wrn> net_buf: Timeout discarded. No blocking in syswq
[00:00:53.896,850] <wrn> net_buf: Timeout discarded. No blocking in syswq
[00:00:53.897,003] <wrn> net_buf: Timeout discarded. No blocking in syswq
[00:00:53.897,216] <wrn> net_buf: Timeout discarded. No blocking in syswq
[00:00:53.897,399] <wrn> net_buf: Timeout discarded. No blocking in syswq
[00:00:53.897,705] <wrn> net_buf: Timeout discarded. No blocking in syswq
[00:01:03.916,870] <wrn> net_buf: Timeout discarded. No blocking in syswq
[00:01:03.916,992] <wrn> net_buf: Timeout discarded. No blocking in syswq
[00:01:03.917,266] <wrn> net_buf: Timeout discarded. No blocking in syswq
[00:01:03.917,449] <wrn> net_buf: Timeout discarded. No blocking in syswq
[00:01:03.917,663] <wrn> net_buf: Timeout discarded. No blocking in syswq
[00:01:03.918,060] <wrn> net_buf: Timeout discarded. No blocking in syswq
[00:01:03.918,304] <wrn> net_buf: Timeout discarded. No blocking in syswq
[00:01:03.922,149] <wrn> net_buf: Timeout discarded. No blocking in syswq
[00:01:03.922,302] <wrn> net_buf: Timeout discarded. No blocking in syswq
[00:01:03.922,515] <wrn> net_buf: Timeout discarded. No blocking in syswq
[00:01:03.922,698] <wrn> net_buf: Timeout discarded. No blocking in syswq
[00:01:03.923,004] <wrn> net_buf: Timeout discarded. No blocking in syswq
[00:01:13.942,169] <wrn> net_buf: Timeout discarded. No blocking in syswq
[00:01:13.942,291] <wrn> net_buf: Timeout discarded. No blocking in syswq
[00:01:13.942,565] <wrn> net_buf: Timeout discarded. No blocking in syswq
[00:01:13.942,749] <wrn> net_buf: Timeout discarded. No blocking in syswq
[00:01:13.942,962] <wrn> net_buf: Timeout discarded. No blocking in syswq
[00:01:13.943,267] <wrn> net_buf: Timeout discarded. No blocking in syswq
[00:01:13.943,542] <wrn> net_buf: Timeout discarded. No blocking in syswq
[00:01:13.947,387] <wrn> net_buf: Timeout discarded. No blocking in syswq
[00:01:13.947,540] <wrn> net_buf: Timeout discarded. No blocking in syswq
[00:01:13.947,753] <wrn> net_buf: Timeout discarded. No blocking in syswq
[00:01:13.947,937] <wrn> net_buf: Timeout discarded. No blocking in syswq
[00:01:13.948,242] <wrn> net_buf: Timeout discarded. No blocking in syswq
[00:01:18.857,604] <dbg> bttester: cmd_handler: cmd service 4 opcode 74 index 0
[00:01:18.857,666] <dbg> bttester_mesh: provision_adv: 
[00:01:18.857,757] <dbg> bttester: tester_rsp_with_index: service 4 opcode 74 index 0 status 0
[00:01:18.905,853] <wrn> net_buf: Timeout discarded. No blocking in syswq
[00:01:18.905,944] <wrn> net_buf: Timeout discarded. No blocking in syswq
[00:01:18.906,219] <wrn> net_buf: Timeout discarded. No blocking in syswq
[00:01:18.906,402] <wrn> net_buf: Timeout discarded. No blocking in syswq
[00:01:18.906,616] <wrn> net_buf: Timeout discarded. No blocking in syswq
[00:01:18.907,104] <wrn> net_buf: Timeout discarded. No blocking in syswq
[00:01:18.907,348] <wrn> net_buf: Timeout discarded. No blocking in syswq
[00:01:18.911,224] <wrn> net_buf: Timeout discarded. No blocking in syswq
[00:01:18.911,376] <wrn> net_buf: Timeout discarded. No blocking in syswq
[00:01:18.911,590] <wrn> net_buf: Timeout discarded. No blocking in syswq
[00:01:18.911,743] <wrn> net_buf: Timeout discarded. No blocking in syswq
[00:01:18.912,048] <wrn> net_buf: Timeout discarded. No blocking in syswq
[00:01:18.928,314] <dbg> bttester_mesh: link_open: bearer 0x01
[00:01:18.928,344] <dbg> bttester: tester_event: service 4 opcode 132
[00:01:18.958,190] <wrn> net_buf: Timeout discarded. No blocking in syswq
[00:01:18.958,282] <wrn> net_buf: Timeout discarded. No blocking in syswq
[00:01:18.958,831] <wrn> net_buf: Timeout discarded. No blocking in syswq
[00:01:18.958,984] <wrn> net_buf: Timeout discarded. No blocking in syswq
[00:01:18.959,197] <wrn> net_buf: Timeout discarded. No blocking in syswq
[00:01:18.959,564] <wrn> net_buf: Timeout discarded. No blocking in syswq
[00:01:18.959,808] <wrn> net_buf: Timeout discarded. No blocking in syswq
[00:01:18.963,409] <wrn> net_buf: Timeout discarded. No blocking in syswq
[00:01:18.963,592] <wrn> net_buf: Timeout discarded. No blocking in syswq
[00:01:18.963,775] <wrn> net_buf: Timeout discarded. No blocking in syswq
[00:01:18.963,958] <wrn> net_buf: Timeout discarded. No blocking in syswq
[00:01:18.964,233] <wrn> net_buf: Timeout discarded. No blocking in syswq
[00:01:19.219,360] <wrn> net_buf: Timeout discarded. No blocking in syswq
[00:01:19.219,482] <wrn> net_buf: Timeout discarded. No blocking in syswq
[00:01:19.219,726] <wrn> net_buf: Timeout discarded. No blocking in syswq
[00:01:19.219,909] <wrn> net_buf: Timeout discarded. No blocking in syswq
[00:01:19.220,123] <wrn> net_buf: Timeout discarded. No blocking in syswq
[00:01:19.220,489] <wrn> net_buf: Timeout discarded. No blocking in syswq
[00:01:19.220,733] <wrn> net_buf: Timeout discarded. No blocking in syswq
[00:01:19.277,099] <wrn> net_buf: Timeout discarded. No blocking in syswq
[00:01:19.277,252] <wrn> net_buf: Timeout discarded. No blocking in syswq
[00:01:19.277,465] <wrn> net_buf: Timeout discarded. No blocking in syswq
[00:01:19.277,648] <wrn> net_buf: Timeout discarded. No blocking in syswq
[00:01:19.277,954] <wrn> net_buf: Timeout discarded. No blocking in syswq
[00:01:19.304,046] <wrn> net_buf: Timeout discarded. No blocking in syswq
[00:01:19.304,168] <wrn> net_buf: Timeout discarded. No blocking in syswq
[00:01:19.304,412] <wrn> net_buf: Timeout discarded. No blocking in syswq
[00:01:19.304,626] <wrn> net_buf: Timeout discarded. No blocking in syswq
[00:01:19.304,840] <wrn> net_buf: Timeout discarded. No blocking in syswq
[00:01:19.305,175] <wrn> net_buf: Timeout discarded. No blocking in syswq
[00:01:19.305,419] <wrn> net_buf: Timeout discarded. No blocking in syswq
[00:01:19.309,112] <wrn> net_buf: Timeout discarded. No blocking in syswq
[00:01:19.309,265] <wrn> net_buf: Timeout discarded. No blocking in syswq
[00:01:19.309,478] <wrn> net_buf: Timeout discarded. No blocking in syswq
[00:01:19.309,661] <wrn> net_buf: Timeout discarded. No blocking in syswq
[00:01:19.309,967] <wrn> net_buf: Timeout discarded. No blocking in syswq
[00:01:19.392,608] <wrn> net_buf: Timeout discarded. No blocking in syswq
[00:01:19.392,730] <wrn> net_buf: Timeout discarded. No blocking in syswq
[00:01:19.393,218] <wrn> net_buf: Timeout discarded. No blocking in syswq
[00:01:19.393,402] <wrn> net_buf: Timeout discarded. No blocking in syswq
[00:01:19.393,646] <wrn> net_buf: Timeout discarded. No blocking in syswq
[00:01:19.393,920] <wrn> net_buf: Timeout discarded. No blocking in syswq
[00:01:19.394,165] <wrn> net_buf: Timeout discarded. No blocking in syswq
[00:01:19.398,193] <wrn> net_buf: Timeout discarded. No blocking in syswq
[00:01:19.398,345] <wrn> net_buf: Timeout discarded. No blocking in syswq
[00:01:19.398,559] <wrn> net_buf: Timeout discarded. No blocking in syswq
[00:01:19.398,742] <wrn> net_buf: Timeout discarded. No blocking in syswq
[00:01:19.399,047] <wrn> net_buf: Timeout discarded. No blocking in syswq
[00:01:19.423,156] <wrn> net_buf: Timeout discarded. No blocking in syswq
[00:01:19.423,278] <wrn> net_buf: Timeout discarded. No blocking in syswq
[00:01:19.423,522] <wrn> net_buf: Timeout discarded. No blocking in syswq
[00:01:19.423,706] <wrn> net_buf: Timeout discarded. No blocking in syswq
[00:01:19.423,919] <wrn> net_buf: Timeout discarded. No blocking in syswq
[00:01:19.424,346] <wrn> net_buf: Timeout discarded. No blocking in syswq
[00:01:19.424,591] <wrn> net_buf: Timeout discarded. No blocking in syswq
[00:01:19.428,619] <wrn> net_buf: Timeout discarded. No blocking in syswq
[00:01:19.428,771] <wrn> net_buf: Timeout discarded. No blocking in syswq
[00:01:19.428,985] <wrn> net_buf: Timeout discarded. No blocking in syswq
[00:01:19.429,168] <wrn> net_buf: Timeout discarded. No blocking in syswq
[00:01:19.429,473] <wrn> net_buf: Timeout discarded. No blocking in syswq
[00:01:19.452,575] <wrn> net_buf: Timeout discarded. No blocking in syswq
[00:01:19.452,697] <wrn> net_buf: Timeout discarded. No blocking in syswq
[00:01:19.452,972] <wrn> net_buf: Timeout discarded. No blocking in syswq
[00:01:19.453,155] <wrn> net_buf: Timeout discarded. No blocking in syswq
[00:01:19.453,369] <wrn> net_buf: Timeout discarded. No blocking in syswq
[00:01:19.453,765] <wrn> net_buf: Timeout discarded. No blocking in syswq
[00:01:19.454,040] <wrn> net_buf: Timeout discarded. No blocking in syswq
[00:01:19.458,038] <wrn> net_buf: Timeout discarded. No blocking in syswq
[00:01:19.458,190] <wrn> net_buf: Timeout discarded. No blocking in syswq
[00:01:19.458,404] <wrn> net_buf: Timeout discarded. No blocking in syswq
[00:01:19.458,587] <wrn> net_buf: Timeout discarded. No blocking in syswq
[00:01:19.458,892] <wrn> net_buf: Timeout discarded. No blocking in syswq
[00:01:19.988,006] <wrn> net_buf: Timeout discarded. No blocking in syswq
[00:01:19.988,220] <wrn> net_buf: Timeout discarded. No blocking in syswq
[00:01:19.988,677] <wrn> net_buf: Timeout discarded. No blocking in syswq
[00:01:19.988,861] <wrn> net_buf: Timeout discarded. No blocking in syswq
[00:01:19.989,074] <wrn> net_buf: Timeout discarded. No blocking in syswq
[00:01:19.989,440] <wrn> net_buf: Timeout discarded. No blocking in syswq
[00:01:19.989,776] <wrn> net_buf: Timeout discarded. No blocking in syswq
[00:01:19.993,804] <wrn> net_buf: Timeout discarded. No blocking in syswq
[00:01:19.993,957] <wrn> net_buf: Timeout discarded. No blocking in syswq
[00:01:19.994,171] <wrn> net_buf: Timeout discarded. No blocking in syswq
[00:01:19.994,354] <wrn> net_buf: Timeout discarded. No blocking in syswq
[00:01:19.994,659] <wrn> net_buf: Timeout discarded. No blocking in syswq
[00:01:20.013,763] <wrn> net_buf: Timeout discarded. No blocking in syswq
[00:01:20.013,885] <wrn> net_buf: Timeout discarded. No blocking in syswq
[00:01:20.014,129] <wrn> net_buf: Timeout discarded. No blocking in syswq
[00:01:20.014,312] <wrn> net_buf: Timeout discarded. No blocking in syswq
[00:01:20.014,526] <wrn> net_buf: Timeout discarded. No blocking in syswq
[00:01:20.015,045] <wrn> net_buf: Timeout discarded. No blocking in syswq
[00:01:20.015,289] <wrn> net_buf: Timeout discarded. No blocking in syswq
[00:01:20.019,317] <wrn> net_buf: Timeout discarded. No blocking in syswq
[00:01:20.019,500] <wrn> net_buf: Timeout discarded. No blocking in syswq
[00:01:20.019,744] <wrn> net_buf: Timeout discarded. No blocking in syswq
[00:01:20.019,958] <wrn> net_buf: Timeout discarded. No blocking in syswq
[00:01:20.020,233] <wrn> net_buf: Timeout discarded. No blocking in syswq
[00:01:20.054,260] <wrn> net_buf: Timeout discarded. No blocking in syswq
[00:01:20.054,382] <wrn> net_buf: Timeout discarded. No blocking in syswq
[00:01:20.054,656] <wrn> net_buf: Timeout discarded. No blocking in syswq
[00:01:20.054,840] <wrn> net_buf: Timeout discarded. No blocking in syswq
[00:01:20.055,053] <wrn> net_buf: Timeout discarded. No blocking in syswq
[00:01:20.055,450] <wrn> net_buf: Timeout discarded. No blocking in syswq
[00:01:20.055,694] <wrn> net_buf: Timeout discarded. No blocking in syswq
[00:01:20.067,779] <wrn> net_buf: Timeout discarded. No blocking in syswq
[00:01:20.067,932] <wrn> net_buf: Timeout discarded. No blocking in syswq
[00:01:20.068,145] <wrn> net_buf: Timeout discarded. No blocking in syswq
[00:01:20.068,328] <wrn> net_buf: Timeout discarded. No blocking in syswq
[00:01:20.068,634] <wrn> net_buf: Timeout discarded. No blocking in syswq
[00:01:20.256,896] <err> bt_mesh_crypto_tc: Public key is not valid
[00:01:20.256,927] <err> bt_mesh_provisioner: Failed to generate DHKey
[00:01:20.291,687] <wrn> net_buf: Timeout discarded. No blocking in syswq
[00:01:20.291,778] <wrn> net_buf: Timeout discarded. No blocking in syswq
[00:01:20.292,022] <wrn> net_buf: Timeout discarded. No blocking in syswq
[00:01:20.292,205] <wrn> net_buf: Timeout discarded. No blocking in syswq
[00:01:20.292,419] <wrn> net_buf: Timeout discarded. No blocking in syswq
[00:01:20.292,846] <wrn> net_buf: Timeout discarded. No blocking in syswq
[00:01:20.293,121] <wrn> net_buf: Timeout discarded. No blocking in syswq
[00:01:20.349,365] <wrn> net_buf: Timeout discarded. No blocking in syswq
[00:01:20.349,609] <wrn> net_buf: Timeout discarded. No blocking in syswq
[00:01:20.349,822] <wrn> net_buf: Timeout discarded. No blocking in syswq
[00:01:20.349,975] <wrn> net_buf: Timeout discarded. No blocking in syswq
[00:01:20.350,280] <wrn> net_buf: Timeout discarded. No blocking in syswq
[00:01:20.387,329] <wrn> net_buf: Timeout discarded. No blocking in syswq
[00:01:20.387,451] <wrn> net_buf: Timeout discarded. No blocking in syswq
[00:01:20.387,695] <wrn> net_buf: Timeout discarded. No blocking in syswq
[00:01:20.387,878] <wrn> net_buf: Timeout discarded. No blocking in syswq
[00:01:20.388,092] <wrn> net_buf: Timeout discarded. No blocking in syswq
[00:01:20.388,397] <wrn> net_buf: Timeout discarded. No blocking in syswq
[00:01:20.388,671] <wrn> net_buf: Timeout discarded. No blocking in syswq
[00:01:20.716,491] <dbg> bttester_mesh: link_close: bearer 0x01
[00:01:20.716,522] <dbg> bttester: tester_event: service 4 opcode 133
[00:01:20.717,590] <wrn> net_buf: Timeout discarded. No blocking in syswq
[00:01:20.717,773] <wrn> net_buf: Timeout discarded. No blocking in syswq
[00:01:20.717,956] <wrn> net_buf: Timeout discarded. No blocking in syswq
[00:01:20.718,139] <wrn> net_buf: Timeout discarded. No blocking in syswq
[00:01:20.718,444] <wrn> net_buf: Timeout discarded. No blocking in syswq
[00:01:23.967,407] <wrn> net_buf: Timeout discarded. No blocking in syswq
[00:01:23.967,529] <wrn> net_buf: Timeout discarded. No blocking in syswq
[00:01:23.967,803] <wrn> net_buf: Timeout discarded. No blocking in syswq
[00:01:23.967,987] <wrn> net_buf: Timeout discarded. No blocking in syswq
[00:01:23.968,200] <wrn> net_buf: Timeout discarded. No blocking in syswq
[00:01:23.968,658] <wrn> net_buf: Timeout discarded. No blocking in syswq
[00:01:23.968,902] <wrn> net_buf: Timeout discarded. No blocking in syswq
[00:01:23.972,747] <wrn> net_buf: Timeout discarded. No blocking in syswq
[00:01:23.972,900] <wrn> net_buf: Timeout discarded. No blocking in syswq
[00:01:23.973,114] <wrn> net_buf: Timeout discarded. No blocking in syswq
[00:01:23.973,297] <wrn> net_buf: Timeout discarded. No blocking in syswq
[00:01:23.973,602] <wrn> net_buf: Timeout discarded. No blocking in syswq
[00:01:33.992,767] <wrn> net_buf: Timeout discarded. No blocking in syswq
[00:01:33.992,889] <wrn> net_buf: Timeout discarded. No blocking in syswq
[00:01:33.993,164] <wrn> net_buf: Timeout discarded. No blocking in syswq
[00:01:33.993,347] <wrn> net_buf: Timeout discarded. No blocking in syswq
[00:01:33.993,560] <wrn> net_buf: Timeout discarded. No blocking in syswq
[00:01:33.993,927] <wrn> net_buf: Timeout discarded. No blocking in syswq
[00:01:33.994,201] <wrn> net_buf: Timeout discarded. No blocking in syswq
[00:01:33.998,046] <wrn> net_buf: Timeout discarded. No blocking in syswq
[00:01:33.998,199] <wrn> net_buf: Timeout discarded. No blocking in syswq
[00:01:33.998,413] <wrn> net_buf: Timeout discarded. No blocking in syswq
[00:01:33.998,596] <wrn> net_buf: Timeout discarded. No blocking in syswq
[00:01:33.998,901] <wrn> net_buf: Timeout discarded. No blocking in syswq
[00:01:44.018,066] <wrn> net_buf: Timeout discarded. No blocking in syswq
[00:01:44.018,188] <wrn> net_buf: Timeout discarded. No blocking in syswq
[00:01:44.018,463] <wrn> net_buf: Timeout discarded. No blocking in syswq
[00:01:44.018,646] <wrn> net_buf: Timeout discarded. No blocking in syswq
[00:01:44.018,859] <wrn> net_buf: Timeout discarded. No blocking in syswq
[00:01:44.019,073] <wrn> net_buf: Timeout discarded. No blocking in syswq
[00:01:44.019,348] <wrn> net_buf: Timeout discarded. No blocking in syswq
[00:01:44.023,162] <wrn> net_buf: Timeout discarded. No blocking in syswq
[00:01:44.023,315] <wrn> net_buf: Timeout discarded. No blocking in syswq
[00:01:44.023,529] <wrn> net_buf: Timeout discarded. No blocking in syswq
[00:01:44.023,712] <wrn> net_buf: Timeout discarded. No blocking in syswq
[00:01:44.024,017] <wrn> net_buf: Timeout discarded. No blocking in syswq
[00:01:54.043,182] <wrn> net_buf: Timeout discarded. No blocking in syswq
[00:01:54.043,304] <wrn> net_buf: Timeout discarded. No blocking in syswq
[00:01:54.043,579] <wrn> net_buf: Timeout discarded. No blocking in syswq
[00:01:54.043,762] <wrn> net_buf: Timeout discarded. No blocking in syswq
[00:01:54.043,975] <wrn> net_buf: Timeout discarded. No blocking in syswq
[00:01:54.044,403] <wrn> net_buf: Timeout discarded. No blocking in syswq
[00:01:54.044,677] <wrn> net_buf: Timeout discarded. No blocking in syswq
[00:01:54.048,492] <wrn> net_buf: Timeout discarded. No blocking in syswq
[00:01:54.048,675] <wrn> net_buf: Timeout discarded. No blocking in syswq
[00:01:54.048,858] <wrn> net_buf: Timeout discarded. No blocking in syswq
[00:01:54.049,072] <wrn> net_buf: Timeout discarded. No blocking in syswq
[00:01:54.049,407] <wrn> net_buf: Timeout discarded. No blocking in syswq
[00:02:04.068,542] <wrn> net_buf: Timeout discarded. No blocking in syswq
[00:02:04.068,664] <wrn> net_buf: Timeout discarded. No blocking in syswq
[00:02:04.068,939] <wrn> net_buf: Timeout discarded. No blocking in syswq
[00:02:04.069,213] <wrn> net_buf: Timeout discarded. No blocking in syswq
[00:02:04.069,427] <wrn> net_buf: Timeout discarded. No blocking in syswq
[00:02:04.069,732] <wrn> net_buf: Timeout discarded. No blocking in syswq
[00:02:04.069,976] <wrn> net_buf: Timeout discarded. No blocking in syswq
[00:02:04.073,822] <wrn> net_buf: Timeout discarded. No blocking in syswq
[00:02:04.073,974] <wrn> net_buf: Timeout discarded. No blocking in syswq
[00:02:04.074,188] <wrn> net_buf: Timeout discarded. No blocking in syswq
[00:02:04.074,371] <wrn> net_buf: Timeout discarded. No blocking in syswq
[00:02:04.074,676] <wrn> net_buf: Timeout discarded. No blocking in syswq
[00:02:14.093,841] <wrn> net_buf: Timeout discarded. No blocking in syswq
[00:02:14.093,963] <wrn> net_buf: Timeout discarded. No blocking in syswq
[00:02:14.094,268] <wrn> net_buf: Timeout discarded. No blocking in syswq
[00:02:14.094,665] <wrn> net_buf: Timeout discarded. No blocking in syswq
[00:02:14.094,879] <wrn> net_buf: Timeout discarded. No blocking in syswq
[00:02:14.095,153] <wrn> net_buf: Timeout discarded. No blocking in syswq
[00:02:14.095,397] <wrn> net_buf: Timeout discarded. No blocking in syswq
[00:02:14.099,243] <wrn> net_buf: Timeout discarded. No blocking in syswq
[00:02:14.099,395] <wrn> net_buf: Timeout discarded. No blocking in syswq
[00:02:14.099,609] <wrn> net_buf: Timeout discarded. No blocking in syswq
[00:02:14.099,792] <wrn> net_buf: Timeout discarded. No blocking in syswq
[00:02:14.100,097] <wrn> net_buf: Timeout discarded. No blocking in syswq
[00:02:24.119,354] <wrn> net_buf: Timeout discarded. No blocking in syswq
[00:02:24.119,476] <wrn> net_buf: Timeout discarded. No blocking in syswq
[00:02:24.119,750] <wrn> net_buf: Timeout discarded. No blocking in syswq
[00:02:24.119,934] <wrn> net_buf: Timeout discarded. No blocking in syswq
[00:02:24.120,147] <wrn> net_buf: Timeout discarded. No blocking in syswq
[00:02:24.120,513] <wrn> net_buf: Timeout discarded. No blocking in syswq
[00:02:24.120,758] <wrn> net_buf: Timeout discarded. No blocking in syswq
[00:02:24.124,603] <wrn> net_buf: Timeout discarded. No blocking in syswq
[00:02:24.124,755] <wrn> net_buf: Timeout discarded. No blocking in syswq
[00:02:24.124,969] <wrn> net_buf: Timeout discarded. No blocking in syswq
[00:02:24.125,152] <wrn> net_buf: Timeout discarded. No blocking in syswq
[00:02:24.125,457] <wrn> net_buf: Timeout discarded. No blocking in syswq
[00:02:24.898,681] <dbg> bttester: cmd_handler: cmd service 4 opcode 74 index 0
[00:02:24.898,742] <dbg> bttester_mesh: provision_adv: 
[00:02:24.898,834] <dbg> bttester: tester_rsp_with_index: service 4 opcode 74 index 0 status 0
[00:02:24.940,948] <wrn> net_buf: Timeout discarded. No blocking in syswq
[00:02:24.941,040] <wrn> net_buf: Timeout discarded. No blocking in syswq
[00:02:24.941,314] <wrn> net_buf: Timeout discarded. No blocking in syswq
[00:02:24.941,497] <wrn> net_buf: Timeout discarded. No blocking in syswq
[00:02:24.941,711] <wrn> net_buf: Timeout discarded. No blocking in syswq
[00:02:24.942,169] <wrn> net_buf: Timeout discarded. No blocking in syswq
[00:02:24.942,413] <wrn> net_buf: Timeout discarded. No blocking in syswq
[00:02:24.946,289] <wrn> net_buf: Timeout discarded. No blocking in syswq
[00:02:24.946,441] <wrn> net_buf: Timeout discarded. No blocking in syswq
[00:02:24.946,624] <wrn> net_buf: Timeout discarded. No blocking in syswq
[00:02:24.946,807] <wrn> net_buf: Timeout discarded. No blocking in syswq
[00:02:24.947,113] <wrn> net_buf: Timeout discarded. No blocking in syswq
[00:02:24.969,421] <dbg> bttester_mesh: link_open: bearer 0x01
[00:02:24.969,451] <dbg> bttester: tester_event: service 4 opcode 132
[00:02:24.993,255] <wrn> net_buf: Timeout discarded. No blocking in syswq
[00:02:24.993,347] <wrn> net_buf: Timeout discarded. No blocking in syswq
[00:02:24.993,865] <wrn> net_buf: Timeout discarded. No blocking in syswq
[00:02:24.994,049] <wrn> net_buf: Timeout discarded. No blocking in syswq
[00:02:24.994,262] <wrn> net_buf: Timeout discarded. No blocking in syswq
[00:02:24.994,781] <wrn> net_buf: Timeout discarded. No blocking in syswq
[00:02:24.995,025] <wrn> net_buf: Timeout discarded. No blocking in syswq
[00:02:24.998,626] <wrn> net_buf: Timeout discarded. No blocking in syswq
[00:02:24.998,809] <wrn> net_buf: Timeout discarded. No blocking in syswq
[00:02:24.998,992] <wrn> net_buf: Timeout discarded. No blocking in syswq
[00:02:24.999,176] <wrn> net_buf: Timeout discarded. No blocking in syswq
[00:02:24.999,450] <wrn> net_buf: Timeout discarded. No blocking in syswq
[00:02:25.278,564] <wrn> net_buf: Timeout discarded. No blocking in syswq
[00:02:25.278,686] <wrn> net_buf: Timeout discarded. No blocking in syswq
[00:02:25.278,930] <wrn> net_buf: Timeout discarded. No blocking in syswq
[00:02:25.279,113] <wrn> net_buf: Timeout discarded. No blocking in syswq
[00:02:25.279,327] <wrn> net_buf: Timeout discarded. No blocking in syswq
[00:02:25.279,846] <wrn> net_buf: Timeout discarded. No blocking in syswq
[00:02:25.280,120] <wrn> net_buf: Timeout discarded. No blocking in syswq
[00:02:25.329,528] <wrn> net_buf: Timeout discarded. No blocking in syswq
[00:02:25.329,681] <wrn> net_buf: Timeout discarded. No blocking in syswq
[00:02:25.329,895] <wrn> net_buf: Timeout discarded. No blocking in syswq
[00:02:25.330,078] <wrn> net_buf: Timeout discarded. No blocking in syswq
[00:02:25.330,383] <wrn> net_buf: Timeout discarded. No blocking in syswq
[00:02:25.373,565] <wrn> net_buf: Timeout discarded. No blocking in syswq
[00:02:25.373,687] <wrn> net_buf: Timeout discarded. No blocking in syswq
[00:02:25.373,962] <wrn> net_buf: Timeout discarded. No blocking in syswq
[00:02:25.374,145] <wrn> net_buf: Timeout discarded. No blocking in syswq
[00:02:25.374,359] <wrn> net_buf: Timeout discarded. No blocking in syswq
[00:02:25.374,694] <wrn> net_buf: Timeout discarded. No blocking in syswq
[00:02:25.374,969] <wrn> net_buf: Timeout discarded. No blocking in syswq
[00:02:25.378,631] <wrn> net_buf: Timeout discarded. No blocking in syswq
[00:02:25.378,784] <wrn> net_buf: Timeout discarded. No blocking in syswq
[00:02:25.378,997] <wrn> net_buf: Timeout discarded. No blocking in syswq
[00:02:25.379,180] <wrn> net_buf: Timeout discarded. No blocking in syswq
[00:02:25.379,486] <wrn> net_buf: Timeout discarded. No blocking in syswq
[00:02:25.454,315] <wrn> net_buf: Timeout discarded. No blocking in syswq
[00:02:25.454,437] <wrn> net_buf: Timeout discarded. No blocking in syswq
[00:02:25.454,956] <wrn> net_buf: Timeout discarded. No blocking in syswq
[00:02:25.455,169] <wrn> net_buf: Timeout discarded. No blocking in syswq
[00:02:25.455,383] <wrn> net_buf: Timeout discarded. No blocking in syswq
[00:02:25.455,871] <wrn> net_buf: Timeout discarded. No blocking in syswq
[00:02:25.456,115] <wrn> net_buf: Timeout discarded. No blocking in syswq
[00:02:25.460,144] <wrn> net_buf: Timeout discarded. No blocking in syswq
[00:02:25.460,296] <wrn> net_buf: Timeout discarded. No blocking in syswq
[00:02:25.460,510] <wrn> net_buf: Timeout discarded. No blocking in syswq
[00:02:25.460,693] <wrn> net_buf: Timeout discarded. No blocking in syswq
[00:02:25.460,998] <wrn> net_buf: Timeout discarded. No blocking in syswq
[00:02:25.485,107] <wrn> net_buf: Timeout discarded. No blocking in syswq
[00:02:25.485,229] <wrn> net_buf: Timeout discarded. No blocking in syswq
[00:02:25.485,473] <wrn> net_buf: Timeout discarded. No blocking in syswq
[00:02:25.485,656] <wrn> net_buf: Timeout discarded. No blocking in syswq
[00:02:25.485,870] <wrn> net_buf: Timeout discarded. No blocking in syswq
[00:02:25.486,328] <wrn> net_buf: Timeout discarded. No blocking in syswq
[00:02:25.486,572] <wrn> net_buf: Timeout discarded. No blocking in syswq
[00:02:25.490,600] <wrn> net_buf: Timeout discarded. No blocking in syswq
[00:02:25.490,753] <wrn> net_buf: Timeout discarded. No blocking in syswq
[00:02:25.490,966] <wrn> net_buf: Timeout discarded. No blocking in syswq
[00:02:25.491,149] <wrn> net_buf: Timeout discarded. No blocking in syswq
[00:02:25.491,455] <wrn> net_buf: Timeout discarded. No blocking in syswq
[00:02:25.523,559] <wrn> net_buf: Timeout discarded. No blocking in syswq
[00:02:25.523,681] <wrn> net_buf: Timeout discarded. No blocking in syswq
[00:02:25.523,925] <wrn> net_buf: Timeout discarded. No blocking in syswq
[00:02:25.524,139] <wrn> net_buf: Timeout discarded. No blocking in syswq
[00:02:25.524,353] <wrn> net_buf: Timeout discarded. No blocking in syswq
[00:02:25.524,780] <wrn> net_buf: Timeout discarded. No blocking in syswq
[00:02:25.525,024] <wrn> net_buf: Timeout discarded. No blocking in syswq
[00:02:25.529,022] <wrn> net_buf: Timeout discarded. No blocking in syswq
[00:02:25.529,205] <wrn> net_buf: Timeout discarded. No blocking in syswq
[00:02:25.529,388] <wrn> net_buf: Timeout discarded. No blocking in syswq
[00:02:25.529,602] <wrn> net_buf: Timeout discarded. No blocking in syswq
[00:02:25.529,876] <wrn> net_buf: Timeout discarded. No blocking in syswq
[00:02:25.786,376] <err> bt_mesh_crypto_tc: Public key is not valid
[00:02:25.786,376] <err> bt_mesh_provisioner: Failed to generate DHKey
[00:02:25.821,350] <wrn> net_buf: Timeout discarded. No blocking in syswq
[00:02:25.821,441] <wrn> net_buf: Timeout discarded. No blocking in syswq
[00:02:25.821,685] <wrn> net_buf: Timeout discarded. No blocking in syswq
[00:02:25.821,868] <wrn> net_buf: Timeout discarded. No blocking in syswq
[00:02:25.822,082] <wrn> net_buf: Timeout discarded. No blocking in syswq
[00:02:25.822,631] <wrn> net_buf: Timeout discarded. No blocking in syswq
[00:02:25.822,875] <wrn> net_buf: Timeout discarded. No blocking in syswq
[00:02:25.879,638] <wrn> net_buf: Timeout discarded. No blocking in syswq
[00:02:25.879,821] <wrn> net_buf: Timeout discarded. No blocking in syswq
[00:02:25.880,004] <wrn> net_buf: Timeout discarded. No blocking in syswq
[00:02:25.880,187] <wrn> net_buf: Timeout discarded. No blocking in syswq
[00:02:25.880,493] <wrn> net_buf: Timeout discarded. No blocking in syswq
[00:02:25.910,583] <wrn> net_buf: Timeout discarded. No blocking in syswq
[00:02:25.910,705] <wrn> net_buf: Timeout discarded. No blocking in syswq
[00:02:25.910,949] <wrn> net_buf: Timeout discarded. No blocking in syswq
[00:02:25.911,132] <wrn> net_buf: Timeout discarded. No blocking in syswq
[00:02:25.911,346] <wrn> net_buf: Timeout discarded. No blocking in syswq
[00:02:25.911,743] <wrn> net_buf: Timeout discarded. No blocking in syswq
[00:02:25.911,987] <wrn> net_buf: Timeout discarded. No blocking in syswq
[00:02:26.234,161] <dbg> bttester_mesh: link_close: bearer 0x01
[00:02:26.234,191] <dbg> bttester: tester_event: service 4 opcode 133
[00:02:26.235,260] <wrn> net_buf: Timeout discarded. No blocking in syswq
[00:02:26.235,443] <wrn> net_buf: Timeout discarded. No blocking in syswq
[00:02:26.235,626] <wrn> net_buf: Timeout discarded. No blocking in syswq
[00:02:26.235,809] <wrn> net_buf: Timeout discarded. No blocking in syswq
[00:02:26.236,083] <wrn> net_buf: Timeout discarded. No blocking in syswq
[00:02:34.144,622] <wrn> net_buf: Timeout discarded. No blocking in syswq
[00:02:34.144,744] <wrn> net_buf: Timeout discarded. No blocking in syswq
[00:02:34.145,019] <wrn> net_buf: Timeout discarded. No blocking in syswq
[00:02:34.145,202] <wrn> net_buf: Timeout discarded. No blocking in syswq
[00:02:34.145,416] <wrn> net_buf: Timeout discarded. No blocking in syswq
[00:02:34.145,721] <wrn> net_buf: Timeout discarded. No blocking in syswq
[00:02:34.145,965] <wrn> net_buf: Timeout discarded. No blocking in syswq
[00:02:34.149,810] <wrn> net_buf: Timeout discarded. No blocking in syswq
[00:02:34.149,963] <wrn> net_buf: Timeout discarded. No blocking in syswq
[00:02:34.150,177] <wrn> net_buf: Timeout discarded. No blocking in syswq
[00:02:34.150,360] <wrn> net_buf: Timeout discarded. No blocking in syswq
[00:02:34.150,665] <wrn> net_buf: Timeout discarded. No blocking in syswq
[00:02:44.169,830] <wrn> net_buf: Timeout discarded. No blocking in syswq
[00:02:44.169,952] <wrn> net_buf: Timeout discarded. No blocking in syswq
[00:02:44.170,227] <wrn> net_buf: Timeout discarded. No blocking in syswq
[00:02:44.170,410] <wrn> net_buf: Timeout discarded. No blocking in syswq
[00:02:44.170,623] <wrn> net_buf: Timeout discarded. No blocking in syswq
[00:02:44.171,020] <wrn> net_buf: Timeout discarded. No blocking in syswq
[00:02:44.171,264] <wrn> net_buf: Timeout discarded. No blocking in syswq
[00:02:44.175,109] <wrn> net_buf: Timeout discarded. No blocking in syswq
[00:02:44.175,262] <wrn> net_buf: Timeout discarded. No blocking in syswq
[00:02:44.175,476] <wrn> net_buf: Timeout discarded. No blocking in syswq
[00:02:44.175,659] <wrn> net_buf: Timeout discarded. No blocking in syswq
[00:02:44.175,964] <wrn> net_buf: Timeout discarded. No blocking in syswq
[00:02:54.195,129] <wrn> net_buf: Timeout discarded. No blocking in syswq
[00:02:54.195,251] <wrn> net_buf: Timeout discarded. No blocking in syswq
[00:02:54.195,526] <wrn> net_buf: Timeout discarded. No blocking in syswq
[00:02:54.195,709] <wrn> net_buf: Timeout discarded. No blocking in syswq
[00:02:54.195,922] <wrn> net_buf: Timeout discarded. No blocking in syswq
[00:02:54.196,350] <wrn> net_buf: Timeout discarded. No blocking in syswq
[00:02:54.196,594] <wrn> net_buf: Timeout discarded. No blocking in syswq
[00:02:54.200,439] <wrn> net_buf: Timeout discarded. No blocking in syswq
[00:02:54.200,592] <wrn> net_buf: Timeout discarded. No blocking in syswq
[00:02:54.200,805] <wrn> net_buf: Timeout discarded. No blocking in syswq
[00:02:54.200,988] <wrn> net_buf: Timeout discarded. No blocking in syswq
[00:02:54.201,293] <wrn> net_buf: Timeout discarded. No blocking in syswq
[00:03:04.220,458] <wrn> net_buf: Timeout discarded. No blocking in syswq
[00:03:04.220,581] <wrn> net_buf: Timeout discarded. No blocking in syswq
[00:03:04.220,855] <wrn> net_buf: Timeout discarded. No blocking in syswq
[00:03:04.221,038] <wrn> net_buf: Timeout discarded. No blocking in syswq
[00:03:04.221,252] <wrn> net_buf: Timeout discarded. No blocking in syswq
[00:03:04.221,557] <wrn> net_buf: Timeout discarded. No blocking in syswq
[00:03:04.221,801] <wrn> net_buf: Timeout discarded. No blocking in syswq
[00:03:04.225,646] <wrn> net_buf: Timeout discarded. No blocking in syswq
[00:03:04.225,799] <wrn> net_buf: Timeout discarded. No blocking in syswq
[00:03:04.226,013] <wrn> net_buf: Timeout discarded. No blocking in syswq
[00:03:04.226,196] <wrn> net_buf: Timeout discarded. No blocking in syswq
[00:03:04.226,501] <wrn> net_buf: Timeout discarded. No blocking in syswq
[00:03:14.245,666] <wrn> net_buf: Timeout discarded. No blocking in syswq
[00:03:14.245,788] <wrn> net_buf: Timeout discarded. No blocking in syswq
[00:03:14.246,063] <wrn> net_buf: Timeout discarded. No blocking in syswq
[00:03:14.246,246] <wrn> net_buf: Timeout discarded. No blocking in syswq
[00:03:14.246,459] <wrn> net_buf: Timeout discarded. No blocking in syswq
[00:03:14.246,917] <wrn> net_buf: Timeout discarded. No blocking in syswq
[00:03:14.247,161] <wrn> net_buf: Timeout discarded. No blocking in syswq
[00:03:14.251,007] <wrn> net_buf: Timeout discarded. No blocking in syswq
[00:03:14.251,159] <wrn> net_buf: Timeout discarded. No blocking in syswq
[00:03:14.251,373] <wrn> net_buf: Timeout discarded. No blocking in syswq
[00:03:14.251,556] <wrn> net_buf: Timeout discarded. No blocking in syswq
[00:03:14.251,861] <wrn> net_buf: Timeout discarded. No blocking in syswq
[00:03:24.271,026] <wrn> net_buf: Timeout discarded. No blocking in syswq
[00:03:24.271,148] <wrn> net_buf: Timeout discarded. No blocking in syswq
[00:03:24.271,423] <wrn> net_buf: Timeout discarded. No blocking in syswq
[00:03:24.271,606] <wrn> net_buf: Timeout discarded. No blocking in syswq
[00:03:24.271,820] <wrn> net_buf: Timeout discarded. No blocking in syswq
[00:03:24.272,369] <wrn> net_buf: Timeout discarded. No blocking in syswq
[00:03:24.272,613] <wrn> net_buf: Timeout discarded. No blocking in syswq
[00:03:24.276,458] <wrn> net_buf: Timeout discarded. No blocking in syswq
[00:03:24.276,611] <wrn> net_buf: Timeout discarded. No blocking in syswq
[00:03:24.276,824] <wrn> net_buf: Timeout discarded. No blocking in syswq
[00:03:24.277,008] <wrn> net_buf: Timeout discarded. No blocking in syswq
[00:03:24.277,313] <wrn> net_buf: Timeout discarded. No blocking in syswq
[00:03:29.944,396] <dbg> bttester: cmd_handler: cmd service 4 opcode 74 index 0
[00:03:29.944,458] <dbg> bttester_mesh: provision_adv: 
[00:03:29.944,549] <dbg> bttester: tester_rsp_with_index: service 4 opcode 74 index 0 status 0
[00:03:29.981,658] <wrn> net_buf: Timeout discarded. No blocking in syswq
[00:03:29.981,750] <wrn> net_buf: Timeout discarded. No blocking in syswq
[00:03:29.982,025] <wrn> net_buf: Timeout discarded. No blocking in syswq
[00:03:29.982,299] <wrn> net_buf: Timeout discarded. No blocking in syswq
[00:03:29.982,513] <wrn> net_buf: Timeout discarded. No blocking in syswq
[00:03:29.982,849] <wrn> net_buf: Timeout discarded. No blocking in syswq
[00:03:29.983,093] <wrn> net_buf: Timeout discarded. No blocking in syswq
[00:03:29.986,968] <wrn> net_buf: Timeout discarded. No blocking in syswq
[00:03:29.987,121] <wrn> net_buf: Timeout discarded. No blocking in syswq
[00:03:29.987,335] <wrn> net_buf: Timeout discarded. No blocking in syswq
[00:03:29.987,487] <wrn> net_buf: Timeout discarded. No blocking in syswq
[00:03:29.987,792] <wrn> net_buf: Timeout discarded. No blocking in syswq
[00:03:30.518,066] <wrn> net_buf: Timeout discarded. No blocking in syswq
[00:03:30.518,188] <wrn> net_buf: Timeout discarded. No blocking in syswq
[00:03:30.518,737] <wrn> net_buf: Timeout discarded. No blocking in syswq
[00:03:30.518,890] <wrn> net_buf: Timeout discarded. No blocking in syswq
[00:03:30.519,134] <wrn> net_buf: Timeout discarded. No blocking in syswq
[00:03:30.519,500] <wrn> net_buf: Timeout discarded. No blocking in syswq
[00:03:30.519,744] <wrn> net_buf: Timeout discarded. No blocking in syswq
[00:03:30.523,681] <wrn> net_buf: Timeout discarded. No blocking in syswq
[00:03:30.523,834] <wrn> net_buf: Timeout discarded. No blocking in syswq
[00:03:30.524,047] <wrn> net_buf: Timeout discarded. No blocking in syswq
[00:03:30.524,230] <wrn> net_buf: Timeout discarded. No blocking in syswq
[00:03:30.524,505] <wrn> net_buf: Timeout discarded. No blocking in syswq
[00:03:30.584,716] <dbg> bttester_mesh: link_open: bearer 0x01
[00:03:30.584,747] <dbg> bttester: tester_event: service 4 opcode 132
[00:03:30.609,405] <wrn> net_buf: Timeout discarded. No blocking in syswq
[00:03:30.609,497] <wrn> net_buf: Timeout discarded. No blocking in syswq
[00:03:30.610,046] <wrn> net_buf: Timeout discarded. No blocking in syswq
[00:03:30.610,229] <wrn> net_buf: Timeout discarded. No blocking in syswq
[00:03:30.610,443] <wrn> net_buf: Timeout discarded. No blocking in syswq
[00:03:30.610,656] <wrn> net_buf: Timeout discarded. No blocking in syswq
[00:03:30.610,931] <wrn> net_buf: Timeout discarded. No blocking in syswq
[00:03:30.614,562] <wrn> net_buf: Timeout discarded. No blocking in syswq
[00:03:30.614,746] <wrn> net_buf: Timeout discarded. No blocking in syswq
[00:03:30.614,929] <wrn> net_buf: Timeout discarded. No blocking in syswq
[00:03:30.615,112] <wrn> net_buf: Timeout discarded. No blocking in syswq
[00:03:30.615,417] <wrn> net_buf: Timeout discarded. No blocking in syswq
[00:03:30.953,002] <wrn> net_buf: Timeout discarded. No blocking in syswq
[00:03:30.953,125] <wrn> net_buf: Timeout discarded. No blocking in syswq
[00:03:30.953,369] <wrn> net_buf: Timeout discarded. No blocking in syswq
[00:03:30.953,552] <wrn> net_buf: Timeout discarded. No blocking in syswq
[00:03:30.953,765] <wrn> net_buf: Timeout discarded. No blocking in syswq
[00:03:30.954,071] <wrn> net_buf: Timeout discarded. No blocking in syswq
[00:03:30.954,315] <wrn> net_buf: Timeout discarded. No blocking in syswq
[00:03:31.012,023] <wrn> net_buf: Timeout discarded. No blocking in syswq
[00:03:31.012,176] <wrn> net_buf: Timeout discarded. No blocking in syswq
[00:03:31.012,390] <wrn> net_buf: Timeout discarded. No blocking in syswq
[00:03:31.012,573] <wrn> net_buf: Timeout discarded. No blocking in syswq
[00:03:31.012,878] <wrn> net_buf: Timeout discarded. No blocking in syswq
[00:03:31.053,985] <wrn> net_buf: Timeout discarded. No blocking in syswq
[00:03:31.054,107] <wrn> net_buf: Timeout discarded. No blocking in syswq
[00:03:31.054,351] <wrn> net_buf: Timeout discarded. No blocking in syswq
[00:03:31.054,565] <wrn> net_buf: Timeout discarded. No blocking in syswq
[00:03:31.054,748] <wrn> net_buf: Timeout discarded. No blocking in syswq
[00:03:31.055,206] <wrn> net_buf: Timeout discarded. No blocking in syswq
[00:03:31.055,450] <wrn> net_buf: Timeout discarded. No blocking in syswq
[00:03:31.059,143] <wrn> net_buf: Timeout discarded. No blocking in syswq
[00:03:31.059,295] <wrn> net_buf: Timeout discarded. No blocking in syswq
[00:03:31.059,509] <wrn> net_buf: Timeout discarded. No blocking in syswq
[00:03:31.059,692] <wrn> net_buf: Timeout discarded. No blocking in syswq
[00:03:31.059,997] <wrn> net_buf: Timeout discarded. No blocking in syswq
[00:03:31.126,159] <wrn> net_buf: Timeout discarded. No blocking in syswq
[00:03:31.126,281] <wrn> net_buf: Timeout discarded. No blocking in syswq
[00:03:31.126,770] <wrn> net_buf: Timeout discarded. No blocking in syswq
[00:03:31.126,922] <wrn> net_buf: Timeout discarded. No blocking in syswq
[00:03:31.127,136] <wrn> net_buf: Timeout discarded. No blocking in syswq
[00:03:31.127,655] <wrn> net_buf: Timeout discarded. No blocking in syswq
[00:03:31.127,899] <wrn> net_buf: Timeout discarded. No blocking in syswq
[00:03:31.131,927] <wrn> net_buf: Timeout discarded. No blocking in syswq
[00:03:31.132,080] <wrn> net_buf: Timeout discarded. No blocking in syswq
[00:03:31.132,293] <wrn> net_buf: Timeout discarded. No blocking in syswq
[00:03:31.132,476] <wrn> net_buf: Timeout discarded. No blocking in syswq
[00:03:31.132,781] <wrn> net_buf: Timeout discarded. No blocking in syswq
[00:03:31.162,902] <wrn> net_buf: Timeout discarded. No blocking in syswq
[00:03:31.163,024] <wrn> net_buf: Timeout discarded. No blocking in syswq
[00:03:31.163,482] <wrn> net_buf: Timeout discarded. No blocking in syswq
[00:03:31.163,665] <wrn> net_buf: Timeout discarded. No blocking in syswq
[00:03:31.163,879] <wrn> net_buf: Timeout discarded. No blocking in syswq
[00:03:31.164,093] <wrn> net_buf: Timeout discarded. No blocking in syswq
[00:03:31.164,337] <wrn> net_buf: Timeout discarded. No blocking in syswq
[00:03:31.168,365] <wrn> net_buf: Timeout discarded. No blocking in syswq
[00:03:31.168,518] <wrn> net_buf: Timeout discarded. No blocking in syswq
[00:03:31.168,731] <wrn> net_buf: Timeout discarded. No blocking in syswq
[00:03:31.168,914] <wrn> net_buf: Timeout discarded. No blocking in syswq
[00:03:31.169,219] <wrn> net_buf: Timeout discarded. No blocking in syswq
[00:03:31.199,310] <wrn> net_buf: Timeout discarded. No blocking in syswq
[00:03:31.199,432] <wrn> net_buf: Timeout discarded. No blocking in syswq
[00:03:31.199,676] <wrn> net_buf: Timeout discarded. No blocking in syswq
[00:03:31.199,890] <wrn> net_buf: Timeout discarded. No blocking in syswq
[00:03:31.200,103] <wrn> net_buf: Timeout discarded. No blocking in syswq
[00:03:31.200,500] <wrn> net_buf: Timeout discarded. No blocking in syswq
[00:03:31.200,744] <wrn> net_buf: Timeout discarded. No blocking in syswq
[00:03:31.204,742] <wrn> net_buf: Timeout discarded. No blocking in syswq
[00:03:31.204,895] <wrn> net_buf: Timeout discarded. No blocking in syswq
[00:03:31.205,108] <wrn> net_buf: Timeout discarded. No blocking in syswq
[00:03:31.205,291] <wrn> net_buf: Timeout discarded. No blocking in syswq
[00:03:31.205,596] <wrn> net_buf: Timeout discarded. No blocking in syswq
[00:03:31.724,853] <wrn> net_buf: Timeout discarded. No blocking in syswq
[00:03:31.724,975] <wrn> net_buf: Timeout discarded. No blocking in syswq
[00:03:31.725,494] <wrn> net_buf: Timeout discarded. No blocking in syswq
[00:03:31.725,677] <wrn> net_buf: Timeout discarded. No blocking in syswq
[00:03:31.725,891] <wrn> net_buf: Timeout discarded. No blocking in syswq
[00:03:31.726,196] <wrn> net_buf: Timeout discarded. No blocking in syswq
[00:03:31.726,470] <wrn> net_buf: Timeout discarded. No blocking in syswq
[00:03:31.730,499] <wrn> net_buf: Timeout discarded. No blocking in syswq
[00:03:31.730,651] <wrn> net_buf: Timeout discarded. No blocking in syswq
[00:03:31.730,865] <wrn> net_buf: Timeout discarded. No blocking in syswq
[00:03:31.731,048] <wrn> net_buf: Timeout discarded. No blocking in syswq
[00:03:31.731,353] <wrn> net_buf: Timeout discarded. No blocking in syswq
[00:03:31.755,462] <wrn> net_buf: Timeout discarded. No blocking in syswq
[00:03:31.755,584] <wrn> net_buf: Timeout discarded. No blocking in syswq
[00:03:31.755,828] <wrn> net_buf: Timeout discarded. No blocking in syswq
[00:03:31.756,011] <wrn> net_buf: Timeout discarded. No blocking in syswq
[00:03:31.756,225] <wrn> net_buf: Timeout discarded. No blocking in syswq
[00:03:31.756,530] <wrn> net_buf: Timeout discarded. No blocking in syswq
[00:03:31.756,805] <wrn> net_buf: Timeout discarded. No blocking in syswq
[00:03:31.760,833] <wrn> net_buf: Timeout discarded. No blocking in syswq
[00:03:31.760,986] <wrn> net_buf: Timeout discarded. No blocking in syswq
[00:03:31.761,199] <wrn> net_buf: Timeout discarded. No blocking in syswq
[00:03:31.761,383] <wrn> net_buf: Timeout discarded. No blocking in syswq
[00:03:31.761,688] <wrn> net_buf: Timeout discarded. No blocking in syswq
[00:03:31.803,802] <wrn> net_buf: Timeout discarded. No blocking in syswq
[00:03:31.803,924] <wrn> net_buf: Timeout discarded. No blocking in syswq
[00:03:31.804,168] <wrn> net_buf: Timeout discarded. No blocking in syswq
[00:03:31.804,382] <wrn> net_buf: Timeout discarded. No blocking in syswq
[00:03:31.804,595] <wrn> net_buf: Timeout discarded. No blocking in syswq
[00:03:31.804,962] <wrn> net_buf: Timeout discarded. No blocking in syswq
[00:03:31.805,206] <wrn> net_buf: Timeout discarded. No blocking in syswq
[00:03:31.809,204] <wrn> net_buf: Timeout discarded. No blocking in syswq
[00:03:31.809,356] <wrn> net_buf: Timeout discarded. No blocking in syswq
[00:03:31.809,570] <wrn> net_buf: Timeout discarded. No blocking in syswq
[00:03:31.809,753] <wrn> net_buf: Timeout discarded. No blocking in syswq
[00:03:31.810,058] <wrn> net_buf: Timeout discarded. No blocking in syswq
[00:03:31.995,147] <err> bt_mesh_provisioner: Public keys are identical
[00:03:32.022,186] <wrn> net_buf: Timeout discarded. No blocking in syswq
[00:03:32.022,277] <wrn> net_buf: Timeout discarded. No blocking in syswq
[00:03:32.022,521] <wrn> net_buf: Timeout discarded. No blocking in syswq
[00:03:32.022,949] <wrn> net_buf: Timeout discarded. No blocking in syswq
[00:03:32.023,162] <wrn> net_buf: Timeout discarded. No blocking in syswq
[00:03:32.023,468] <wrn> net_buf: Timeout discarded. No blocking in syswq
[00:03:32.023,712] <wrn> net_buf: Timeout discarded. No blocking in syswq
[00:03:32.080,108] <wrn> net_buf: Timeout discarded. No blocking in syswq
[00:03:32.080,261] <wrn> net_buf: Timeout discarded. No blocking in syswq
[00:03:32.080,474] <wrn> net_buf: Timeout discarded. No blocking in syswq
[00:03:32.080,657] <wrn> net_buf: Timeout discarded. No blocking in syswq
[00:03:32.080,963] <wrn> net_buf: Timeout discarded. No blocking in syswq
[00:03:32.121,063] <wrn> net_buf: Timeout discarded. No blocking in syswq
[00:03:32.121,185] <wrn> net_buf: Timeout discarded. No blocking in syswq
[00:03:32.121,429] <wrn> net_buf: Timeout discarded. No blocking in syswq
[00:03:32.121,612] <wrn> net_buf: Timeout discarded. No blocking in syswq
[00:03:32.121,826] <wrn> net_buf: Timeout discarded. No blocking in syswq
[00:03:32.122,131] <wrn> net_buf: Timeout discarded. No blocking in syswq
[00:03:32.122,650] <wrn> net_buf: Timeout discarded. No blocking in syswq
[00:03:32.454,040] <dbg> bttester_mesh: link_close: bearer 0x01
[00:03:32.454,040] <dbg> bttester: tester_event: service 4 opcode 133
[00:03:32.455,047] <wrn> net_buf: Timeout discarded. No blocking in syswq
[00:03:32.455,230] <wrn> net_buf: Timeout discarded. No blocking in syswq
[00:03:32.455,413] <wrn> net_buf: Timeout discarded. No blocking in syswq
[00:03:32.455,596] <wrn> net_buf: Timeout discarded. No blocking in syswq
[00:03:32.455,902] <wrn> net_buf: Timeout discarded. No blocking in syswq
[00:03:34.296,478] <wrn> net_buf: Timeout discarded. No blocking in syswq
[00:03:34.296,600] <wrn> net_buf: Timeout discarded. No blocking in syswq
[00:03:34.296,875] <wrn> net_buf: Timeout discarded. No blocking in syswq
[00:03:34.297,058] <wrn> net_buf: Timeout discarded. No blocking in syswq
[00:03:34.297,271] <wrn> net_buf: Timeout discarded. No blocking in syswq
[00:03:34.297,515] <wrn> net_buf: Timeout discarded. No blocking in syswq
[00:03:34.297,760] <wrn> net_buf: Timeout discarded. No blocking in syswq
[00:03:34.301,605] <wrn> net_buf: Timeout discarded. No blocking in syswq
[00:03:34.301,757] <wrn> net_buf: Timeout discarded. No blocking in syswq
[00:03:34.301,971] <wrn> net_buf: Timeout discarded. No blocking in syswq
[00:03:34.302,154] <wrn> net_buf: Timeout discarded. No blocking in syswq
[00:03:34.302,459] <wrn> net_buf: Timeout discarded. No blocking in syswq
[00:03:44.321,685] <wrn> net_buf: Timeout discarded. No blocking in syswq
[00:03:44.321,807] <wrn> net_buf: Timeout discarded. No blocking in syswq
[00:03:44.322,235] <wrn> net_buf: Timeout discarded. No blocking in syswq
[00:03:44.322,418] <wrn> net_buf: Timeout discarded. No blocking in syswq
[00:03:44.322,631] <wrn> net_buf: Timeout discarded. No blocking in syswq
[00:03:44.322,875] <wrn> net_buf: Timeout discarded. No blocking in syswq
[00:03:44.323,120] <wrn> net_buf: Timeout discarded. No blocking in syswq
[00:03:44.326,965] <wrn> net_buf: Timeout discarded. No blocking in syswq
[00:03:44.327,148] <wrn> net_buf: Timeout discarded. No blocking in syswq
[00:03:44.327,392] <wrn> net_buf: Timeout discarded. No blocking in syswq
[00:03:44.327,606] <wrn> net_buf: Timeout discarded. No blocking in syswq
[00:03:44.327,880] <wrn> net_buf: Timeout discarded. No blocking in syswq
[00:03:54.347,015] <wrn> net_buf: Timeout discarded. No blocking in syswq
[00:03:54.347,137] <wrn> net_buf: Timeout discarded. No blocking in syswq
[00:03:54.347,503] <wrn> net_buf: Timeout discarded. No blocking in syswq
[00:03:54.347,686] <wrn> net_buf: Timeout discarded. No blocking in syswq
[00:03:54.347,900] <wrn> net_buf: Timeout discarded. No blocking in syswq
[00:03:54.348,419] <wrn> net_buf: Timeout discarded. No blocking in syswq
[00:03:54.348,693] <wrn> net_buf: Timeout discarded. No blocking in syswq
[00:03:54.352,508] <wrn> net_buf: Timeout discarded. No blocking in syswq
[00:03:54.352,691] <wrn> net_buf: Timeout discarded. No blocking in syswq
[00:03:54.352,874] <wrn> net_buf: Timeout discarded. No blocking in syswq
[00:03:54.353,057] <wrn> net_buf: Timeout discarded. No blocking in syswq
[00:03:54.353,363] <wrn> net_buf: Timeout discarded. No blocking in syswq
[00:04:04.372,558] <wrn> net_buf: Timeout discarded. No blocking in syswq
[00:04:04.372,680] <wrn> net_buf: Timeout discarded. No blocking in syswq
[00:04:04.372,955] <wrn> net_buf: Timeout discarded. No blocking in syswq
[00:04:04.373,138] <wrn> net_buf: Timeout discarded. No blocking in syswq
[00:04:04.373,352] <wrn> net_buf: Timeout discarded. No blocking in syswq
[00:04:04.373,687] <wrn> net_buf: Timeout discarded. No blocking in syswq
[00:04:04.373,931] <wrn> net_buf: Timeout discarded. No blocking in syswq
[00:04:04.377,777] <wrn> net_buf: Timeout discarded. No blocking in syswq
[00:04:04.377,960] <wrn> net_buf: Timeout discarded. No blocking in syswq
[00:04:04.378,143] <wrn> net_buf: Timeout discarded. No blocking in syswq
[00:04:04.378,326] <wrn> net_buf: Timeout discarded. No blocking in syswq
[00:04:04.378,631] <wrn> net_buf: Timeout discarded. No blocking in syswq
[00:04:14.397,796] <wrn> net_buf: Timeout discarded. No blocking in syswq
[00:04:14.397,918] <wrn> net_buf: Timeout discarded. No blocking in syswq
[00:04:14.398,193] <wrn> net_buf: Timeout discarded. No blocking in syswq
[00:04:14.398,376] <wrn> net_buf: Timeout discarded. No blocking in syswq
[00:04:14.398,590] <wrn> net_buf: Timeout discarded. No blocking in syswq
[00:04:14.398,864] <wrn> net_buf: Timeout discarded. No blocking in syswq
[00:04:14.399,139] <wrn> net_buf: Timeout discarded. No blocking in syswq
[00:04:14.402,954] <wrn> net_buf: Timeout discarded. No blocking in syswq
[00:04:14.403,106] <wrn> net_buf: Timeout discarded. No blocking in syswq
[00:04:14.403,320] <wrn> net_buf: Timeout discarded. No blocking in syswq
[00:04:14.403,503] <wrn> net_buf: Timeout discarded. No blocking in syswq
[00:04:14.403,808] <wrn> net_buf: Timeout discarded. No blocking in syswq
[00:04:24.423,004] <wrn> net_buf: Timeout discarded. No blocking in syswq
[00:04:24.423,126] <wrn> net_buf: Timeout discarded. No blocking in syswq
[00:04:24.423,400] <wrn> net_buf: Timeout discarded. No blocking in syswq
[00:04:24.423,583] <wrn> net_buf: Timeout discarded. No blocking in syswq
[00:04:24.423,797] <wrn> net_buf: Timeout discarded. No blocking in syswq
[00:04:24.424,255] <wrn> net_buf: Timeout discarded. No blocking in syswq
[00:04:24.424,499] <wrn> net_buf: Timeout discarded. No blocking in syswq
[00:04:24.428,344] <wrn> net_buf: Timeout discarded. No blocking in syswq
[00:04:24.428,497] <wrn> net_buf: Timeout discarded. No blocking in syswq
[00:04:24.428,710] <wrn> net_buf: Timeout discarded. No blocking in syswq
[00:04:24.428,894] <wrn> net_buf: Timeout discarded. No blocking in syswq
[00:04:24.429,199] <wrn> net_buf: Timeout discarded. No blocking in syswq
[00:04:34.448,364] <wrn> net_buf: Timeout discarded. No blocking in syswq
[00:04:34.448,486] <wrn> net_buf: Timeout discarded. No blocking in syswq
[00:04:34.448,760] <wrn> net_buf: Timeout discarded. No blocking in syswq
[00:04:34.448,944] <wrn> net_buf: Timeout discarded. No blocking in syswq
[00:04:34.449,157] <wrn> net_buf: Timeout discarded. No blocking in syswq
[00:04:34.449,584] <wrn> net_buf: Timeout discarded. No blocking in syswq
[00:04:34.449,829] <wrn> net_buf: Timeout discarded. No blocking in syswq
[00:04:34.453,674] <wrn> net_buf: Timeout discarded. No blocking in syswq
[00:04:34.453,826] <wrn> net_buf: Timeout discarded. No blocking in syswq
[00:04:34.454,040] <wrn> net_buf: Timeout discarded. No blocking in syswq
[00:04:34.454,223] <wrn> net_buf: Timeout discarded. No blocking in syswq
[00:04:34.454,528] <wrn> net_buf: Timeout discarded. No blocking in syswq
