2025-05-03 12:59:18,188 LT1-thread root DEBUG client.py                 988   _run_test_case            : Starting TestCase _run_test_case DFUM DFUM/SR/FD/BV-06-C
2025-05-03 12:59:18,188 LT1-thread root DEBUG testcase.py               712   pre_run                   : pre_run DFUM DFUM/SR/FD/BV-06-C
2025-05-03 12:59:18,188 LT1-thread root DEBUG testcase.py               714   pre_run                   : About to run test case DFUM DFUM/SR/FD/BV-06-C with commands:
2025-05-03 12:59:18,188 LT1-thread root DEBUG testcase.py               717   pre_run                   : 0) class=<class 'autopts.ptsprojects.testcase.TestFunc'>, func=<bound method Stack.core_init of <autopts.ptsprojects.stack.stack.Stack object at 0x7fe33cbd3a00>> start_wid=None stop_wid=None post_wid=None skip_call=None call_count=1 args=() kwds={}
2025-05-03 12:59:18,188 LT1-thread root DEBUG testcase.py               717   pre_run                   : 1) class=<class 'autopts.ptsprojects.testcase.TestFunc'>, func=<bound method ZephyrCtl.hw_reset of <autopts.ptsprojects.zephyr.iutctl.ZephyrCtl object at 0x7fe33cb9ba60>> start_wid=None stop_wid=None post_wid=None skip_call=None call_count=1 args=() kwds={}
2025-05-03 12:59:18,188 LT1-thread root DEBUG testcase.py               717   pre_run                   : 2) class=<class 'autopts.ptsprojects.testcase.TestFunc'>, func=<bound method ZephyrCtl.start of <autopts.ptsprojects.zephyr.iutctl.ZephyrCtl object at 0x7fe33cb9ba60>> start_wid=None stop_wid=None post_wid=None skip_call=None call_count=1 args=(<autopts.ptsprojects.zephyr.ztestcase.ZTestCase object at 0x7fe33c1b89d0>,) kwds={}
2025-05-03 12:59:18,188 LT1-thread root DEBUG testcase.py               717   pre_run                   : 3) class=<class 'autopts.ptsprojects.testcase.TestFunc'>, func=<bound method ZephyrCtl.hw_reset of <autopts.ptsprojects.zephyr.iutctl.ZephyrCtl object at 0x7fe33cb9ba60>> start_wid=None stop_wid=None post_wid=None skip_call=None call_count=1 args=() kwds={}
2025-05-03 12:59:18,188 LT1-thread root DEBUG testcase.py               717   pre_run                   : 4) class=<class 'autopts.ptsprojects.testcase.TestFunc'>, func=<bound method ZephyrCtl.wait_iut_ready_event of <autopts.ptsprojects.zephyr.iutctl.ZephyrCtl object at 0x7fe33cb9ba60>> start_wid=None stop_wid=None post_wid=None skip_call=None call_count=1 args=(False,) kwds={}
2025-05-03 12:59:18,188 LT1-thread root DEBUG testcase.py               717   pre_run                   : 5) class=<class 'autopts.ptsprojects.testcase.TestFunc'>, func=<function core_reg_svc_gap at 0x7fe33fb71000> start_wid=None stop_wid=None post_wid=None skip_call=None call_count=13 args=() kwds={}
2025-05-03 12:59:18,188 LT1-thread root DEBUG testcase.py               717   pre_run                   : 6) class=<class 'autopts.ptsprojects.testcase.TestFunc'>, func=<function core_reg_svc_mesh at 0x7fe33fb71360> start_wid=None stop_wid=None post_wid=None skip_call=None call_count=13 args=() kwds={}
2025-05-03 12:59:18,188 LT1-thread root DEBUG testcase.py               717   pre_run                   : 7) class=<class 'autopts.ptsprojects.testcase.TestFunc'>, func=<function mesh_init at 0x7fe33fb9b0a0> start_wid=None stop_wid=None post_wid=None skip_call=None call_count=11 args=() kwds={}
2025-05-03 12:59:18,188 LT1-thread root DEBUG testcase.py               717   pre_run                   : 8) class=<class 'autopts.ptsprojects.testcase.TestFunc'>, func=<function core_reg_svc_mmdl at 0x7fe33fb71480> start_wid=None stop_wid=None post_wid=None skip_call=None call_count=11 args=() kwds={}
2025-05-03 12:59:18,189 LT1-thread root DEBUG testcase.py               717   pre_run                   : 9) class=<class 'autopts.ptsprojects.testcase.TestFunc'>, func=<function gap_read_ctrl_info at 0x7fe33fb8d1b0> start_wid=None stop_wid=None post_wid=None skip_call=None call_count=11 args=() kwds={}
2025-05-03 12:59:18,189 LT1-thread root DEBUG testcase.py               717   pre_run                   : 10) class=<class 'autopts.ptsprojects.testcase.TestFunc'>, func=<bound method Stack.gap_init of <autopts.ptsprojects.stack.stack.Stack object at 0x7fe33cbd3a00>> start_wid=None stop_wid=None post_wid=None skip_call=None call_count=11 args=(b'Tester_1C28DF',) kwds={}
2025-05-03 12:59:18,189 LT1-thread root DEBUG testcase.py               717   pre_run                   : 11) class=<class 'autopts.ptsprojects.testcase.TestFunc'>, func=<bound method Stack.mesh_init of <autopts.ptsprojects.stack.stack.Stack object at 0x7fe33cbd3a00>> start_wid=None stop_wid=None post_wid=None skip_call=None call_count=11 args=(b'640b9e1c3e354b39b2c28d34fc5aaf4f', b'58c1f2976baf4d39a3e8c0cad63706e0') kwds={}
2025-05-03 12:59:18,189 LT1-thread root DEBUG testcase.py               717   pre_run                   : 12) class=<class 'autopts.ptsprojects.testcase.TestFunc'>, func=<function test_cases.<locals>.<lambda> at 0x7fe33ca7cc10> start_wid=None stop_wid=None post_wid=None skip_call=None call_count=11 args=() kwds={}
2025-05-03 12:59:18,189 LT1-thread root DEBUG testcase.py               717   pre_run                   : 13) class=<class 'autopts.ptsprojects.testcase.TestFunc'>, func=<function test_cases.<locals>.<lambda> at 0x7fe33ca7cca0> start_wid=None stop_wid=None post_wid=None skip_call=None call_count=11 args=() kwds={}
2025-05-03 12:59:18,189 LT1-thread root DEBUG testcase.py               717   pre_run                   : 14) class=<class 'autopts.ptsprojects.testcase.TestFunc'>, func=<function test_cases.<locals>.<lambda> at 0x7fe33ca7cd30> start_wid=None stop_wid=None post_wid=None skip_call=None call_count=11 args=() kwds={}
2025-05-03 12:59:18,189 LT1-thread root DEBUG testcase.py               717   pre_run                   : 15) class=<class 'autopts.ptsprojects.testcase.TestFunc'>, func=<function test_cases.<locals>.<lambda> at 0x7fe33ca7cdc0> start_wid=None stop_wid=None post_wid=None skip_call=None call_count=11 args=() kwds={}
2025-05-03 12:59:18,189 LT1-thread root DEBUG testcase.py               717   pre_run                   : 16) class=<class 'autopts.ptsprojects.testcase.TestFunc'>, func=<function test_cases.<locals>.<lambda> at 0x7fe33ca7ce50> start_wid=None stop_wid=None post_wid=None skip_call=None call_count=11 args=() kwds={}
2025-05-03 12:59:18,189 LT1-thread root DEBUG testcase.py               717   pre_run                   : 17) class=<class 'autopts.ptsprojects.testcase.TestFunc'>, func=<function test_cases.<locals>.<lambda> at 0x7fe33ca7cee0> start_wid=None stop_wid=None post_wid=None skip_call=None call_count=11 args=() kwds={}
2025-05-03 12:59:18,189 LT1-thread root DEBUG testcase.py               717   pre_run                   : 18) class=<class 'autopts.ptsprojects.testcase.TestFunc'>, func=<function test_cases.<locals>.<lambda> at 0x7fe33ca7cf70> start_wid=None stop_wid=None post_wid=None skip_call=None call_count=11 args=() kwds={}
2025-05-03 12:59:18,189 LT1-thread root DEBUG testcase.py               717   pre_run                   : 19) class=<class 'autopts.ptsprojects.testcase.TestFunc'>, func=<function test_cases.<locals>.<lambda> at 0x7fe33ca7d000> start_wid=None stop_wid=None post_wid=None skip_call=None call_count=11 args=() kwds={}
2025-05-03 12:59:18,189 LT1-thread root DEBUG testcase.py               717   pre_run                   : 20) class=<class 'autopts.ptsprojects.testcase.TestFuncCleanUp'>, func=<bound method Stack.cleanup of <autopts.ptsprojects.stack.stack.Stack object at 0x7fe33cbd3a00>> start_wid=None stop_wid=None post_wid=None skip_call=None call_count=1 args=() kwds={}
2025-05-03 12:59:18,189 LT1-thread root DEBUG testcase.py               717   pre_run                   : 21) class=<class 'autopts.ptsprojects.testcase.TestFuncCleanUp'>, func=<bound method ZephyrCtl.stop of <autopts.ptsprojects.zephyr.iutctl.ZephyrCtl object at 0x7fe33cb9ba60>> start_wid=None stop_wid=None post_wid=None skip_call=None call_count=1 args=() kwds={}
2025-05-03 12:59:18,189 LT1-thread root DEBUG testcase.py               724   pre_run                   : pre_run, run pre test case script
2025-05-03 12:59:18,189 LT1-thread root DEBUG testcase.py               253   start                     : Starting test function: class=<class 'autopts.ptsprojects.testcase.TestFunc'>, func=<bound method Stack.core_init of <autopts.ptsprojects.stack.stack.Stack object at 0x7fe33cbd3a00>> start_wid=None stop_wid=None post_wid=None skip_call=None call_count=2 args=() kwds={}
2025-05-03 12:59:18,190 LT1-thread root DEBUG testcase.py               265   start                     : Test function parameters: args=(), kwds={}
2025-05-03 12:59:18,190 LT1-thread root DEBUG testcase.py               253   start                     : Starting test function: class=<class 'autopts.ptsprojects.testcase.TestFunc'>, func=<bound method ZephyrCtl.hw_reset of <autopts.ptsprojects.zephyr.iutctl.ZephyrCtl object at 0x7fe33cb9ba60>> start_wid=None stop_wid=None post_wid=None skip_call=None call_count=2 args=() kwds={}
2025-05-03 12:59:18,190 LT1-thread root DEBUG testcase.py               265   start                     : Test function parameters: args=(), kwds={}
2025-05-03 12:59:18,190 LT1-thread root DEBUG testcase.py               253   start                     : Starting test function: class=<class 'autopts.ptsprojects.testcase.TestFunc'>, func=<bound method ZephyrCtl.start of <autopts.ptsprojects.zephyr.iutctl.ZephyrCtl object at 0x7fe33cb9ba60>> start_wid=None stop_wid=None post_wid=None skip_call=None call_count=2 args=(<autopts.ptsprojects.zephyr.ztestcase.ZTestCase object at 0x7fe33c1b89d0>,) kwds={}
2025-05-03 12:59:18,190 LT1-thread root DEBUG testcase.py               265   start                     : Test function parameters: args=(<autopts.ptsprojects.zephyr.ztestcase.ZTestCase object at 0x7fe33c1b89d0>,), kwds={}
2025-05-03 12:59:18,190 LT1-thread root DEBUG iutctl.py                 104   start                     : <class 'autopts.ptsprojects.zephyr.iutctl.ZephyrCtl'>.start
2025-05-03 12:59:18,190 LT1-thread root DEBUG iutctl.py                 170   flush_serial              : <class 'autopts.ptsprojects.zephyr.iutctl.ZephyrCtl'>.flush_serial
2025-05-03 12:59:19,193 LT1-thread root DEBUG iutctl.py                 133   start                     : Starting socat process: socat -x -v /dev/ttyACM0,rawer,b115200 UNIX-CONNECT:/tmp/bt-stack-tester683989059
2025-05-03 12:59:19,194 LT1-thread root DEBUG iutctl_common.py          387   accept                    : accept
2025-05-03 12:59:19,195 BTPWorkerThread-9211 (_rx_task) root DEBUG iutctl_common.py          292   _rx_task                  : BTPWorkerThread-9211 (_rx_task) started
2025-05-03 12:59:19,195 LT1-thread root DEBUG testcase.py               253   start                     : Starting test function: class=<class 'autopts.ptsprojects.testcase.TestFunc'>, func=<bound method ZephyrCtl.hw_reset of <autopts.ptsprojects.zephyr.iutctl.ZephyrCtl object at 0x7fe33cb9ba60>> start_wid=None stop_wid=None post_wid=None skip_call=None call_count=2 args=() kwds={}
2025-05-03 12:59:19,195 LT1-thread root DEBUG testcase.py               265   start                     : Test function parameters: args=(), kwds={}
2025-05-03 12:59:19,196 LT1-thread root DEBUG testcase.py               253   start                     : Starting test function: class=<class 'autopts.ptsprojects.testcase.TestFunc'>, func=<bound method ZephyrCtl.wait_iut_ready_event of <autopts.ptsprojects.zephyr.iutctl.ZephyrCtl object at 0x7fe33cb9ba60>> start_wid=None stop_wid=None post_wid=None skip_call=None call_count=2 args=(False,) kwds={}
2025-05-03 12:59:19,196 LT1-thread root DEBUG testcase.py               265   start                     : Test function parameters: args=(False,), kwds={}
2025-05-03 12:59:19,196 LT1-thread root DEBUG iutctl.py                 232   wait_iut_ready_event      : IUT ready event received OK
2025-05-03 12:59:19,196 LT1-thread root DEBUG rtt.py                    238   start                     : <class 'autopts.rtt.RTTLogger'>.start
2025-05-03 12:59:19,196 LT1-thread root DEBUG rtt.py                    93    start                     : <class 'autopts.rtt.RTT'>.start
2025-05-03 12:59:19,773 LT1-thread root DEBUG testcase.py               253   start                     : Starting test function: class=<class 'autopts.ptsprojects.testcase.TestFunc'>, func=<function core_reg_svc_gap at 0x7fe33fb71000> start_wid=None stop_wid=None post_wid=None skip_call=None call_count=14 args=() kwds={}
2025-05-03 12:59:19,773 LT1-thread root DEBUG testcase.py               265   start                     : Test function parameters: args=(), kwds={}
2025-05-03 12:59:19,773 LT1-thread root DEBUG btp.py                    116   core_reg_svc_univ         : core_reg_svc_univ: gap_reg (GAP)
2025-05-03 12:59:19,773 LT1-thread root DEBUG iutctl_common.py          160   send                      : send, 0 3 255 '1'
2025-05-03 12:59:19,773 LT1-thread root DEBUG iutctl_common.py          165   send                      : sending frame '0003ff010001'
2025-05-03 12:59:19,773 LT1-thread root DEBUG btp.py                    606   core_reg_svc_rsp_succ     : core_reg_svc_rsp_succ
2025-05-03 12:59:19,773 LT1-thread root DEBUG iutctl_common.py          324   read                      : read
2025-05-03 12:59:39,775 LT1-thread root ERROR client.py                 1077  _run_test_case            : 
Traceback (most recent call last):
  File "/home/codecoup/workspace/autopts/auto-pts/autopts/client.py", line 1004, in _run_test_case
    test_case.pre_run()
  File "/home/codecoup/workspace/autopts/auto-pts/autopts/ptsprojects/testcase.py", line 745, in pre_run
    cmd.start()
  File "/home/codecoup/workspace/autopts/auto-pts/autopts/ptsprojects/testcase.py", line 267, in start
    self.func(*args, **self.kwds)
  File "/home/codecoup/workspace/autopts/auto-pts/autopts/pybtp/btp/btp.py", line 445, in core_reg_svc_gap
    core_reg_svc_univ("gap_reg", "GAP")
  File "/home/codecoup/workspace/autopts/auto-pts/autopts/pybtp/btp/btp.py", line 125, in core_reg_svc_univ
    core_reg_svc_rsp_succ(service_name)
  File "/home/codecoup/workspace/autopts/auto-pts/autopts/pybtp/btp/btp.py", line 615, in core_reg_svc_rsp_succ
    tuple_hdr, tuple_data = iutctl.btp_socket.read()
  File "/home/codecoup/workspace/autopts/auto-pts/autopts/pybtp/iutctl_common.py", line 345, in read
    raise socket.timeout
TimeoutError
2025-05-03 12:59:39,775 LT1-thread root DEBUG client.py                 905   get_error_code            : get_error_code returning error code 'BTP TIMEOUT' for exception TimeoutError()
2025-05-03 12:59:39,775 LT1-thread root DEBUG testcase.py               752   post_run                  : post_run DFUM DFUM/SR/FD/BV-06-C BTP TIMEOUT
2025-05-03 12:59:39,775 LT1-thread root DEBUG testcase.py               253   start                     : Starting test function: class=<class 'autopts.ptsprojects.testcase.TestFuncCleanUp'>, func=<bound method Stack.cleanup of <autopts.ptsprojects.stack.stack.Stack object at 0x7fe33cbd3a00>> start_wid=None stop_wid=None post_wid=None skip_call=None call_count=2 args=() kwds={}
2025-05-03 12:59:39,775 LT1-thread root DEBUG testcase.py               265   start                     : Test function parameters: args=(), kwds={}
2025-05-03 12:59:39,775 MainThread root DEBUG client.py                 1177  run_test_case             : Interrupting DFUM DFUM/SR/FD/BV-06-C test case of thread LT1-thread
2025-05-03 12:59:39,776 LT1-thread root DEBUG testcase.py               253   start                     : Starting test function: class=<class 'autopts.ptsprojects.testcase.TestFuncCleanUp'>, func=<bound method ZephyrCtl.stop of <autopts.ptsprojects.zephyr.iutctl.ZephyrCtl object at 0x7fe33cb9ba60>> start_wid=None stop_wid=None post_wid=None skip_call=None call_count=2 args=() kwds={}
2025-05-03 12:59:39,776 LT1-thread root DEBUG testcase.py               265   start                     : Test function parameters: args=(), kwds={}
2025-05-03 12:59:39,776 LT1-thread root DEBUG iutctl.py                 250   stop                      : <class 'autopts.ptsprojects.zephyr.iutctl.ZephyrCtl'>.stop
2025-05-03 12:59:39,876 LT1-thread root DEBUG rtt.py                    243   stop                      : <class 'autopts.rtt.RTTLogger'>.stop
2025-05-03 12:59:39,876 LT1-thread root DEBUG rtt.py                    107   stop                      : <class 'autopts.rtt.RTT'>.stop
2025-05-03 12:59:39,898 LT1-thread root DEBUG __init__.py               49    reset                     : About to reset DUT: nrfjprog -r -s 683989059
2025-05-03 12:59:42,106 BTPWorkerThread-9211 (_rx_task) root DEBUG iutctl_common.py          122   read                      : Read 5 bytes
2025-05-03 12:59:42,106 BTPWorkerThread-9211 (_rx_task) root DEBUG iutctl_common.py          130   read                      : Received: hdr: Header(svc_id=0x00, op=0x80, ctrl_index=0xff, data_len=0x00) bytearray(b'\x00\x80\xff\x00\x00')
2025-05-03 12:59:42,106 BTPWorkerThread-9211 (_rx_task) root DEBUG iutctl_common.py          153   read                      : Received data: {''}, bytearray(b'')
2025-05-03 12:59:42,106 BTPWorkerThread-9211 (_rx_task) root DEBUG btp.py                    718   event_handler             : event_handler Header(svc_id=0, op=128, ctrl_index=255, data_len=0) (b'',)
2025-05-03 12:59:42,106 BTPWorkerThread-9211 (_rx_task) root DEBUG core.py                   28    core_iut_ready_ev         : core_iut_ready_ev
2025-05-03 12:59:42,111 LT1-thread root DEBUG iutctl.py                 268   stop                      : IUT ready event received OK
2025-05-03 12:59:42,111 LT1-thread root DEBUG iutctl_common.py          401   close                     : Waiting for _rx_worker to finish ...
2025-05-03 12:59:43,111 BTPWorkerThread-9211 (_rx_task) root DEBUG iutctl_common.py          317   _rx_task                  : BTPWorkerThread-9211 (_rx_task) finishing...
2025-05-03 12:59:46,115 LT1-thread root DEBUG testcase.py               781   post_run                  : post_run, cleanup running post test case script
2025-05-03 12:59:46,116 LT1-thread root DEBUG testcase.py               791   post_run                  : post_run, run post test case script
2025-05-03 12:59:46,138 LT1-thread root DEBUG client.py                 1096  _run_test_case            : Done TestCase _run_test_case DFUM DFUM/SR/FD/BV-06-C
