Applying system reset.
Run.
Applying system reset.
Run.
< 2023/02/18 00:18:53.874414  length=5 from=0 to=4
 00 80 ff 00 00                                   .....
--
> 2023/02/18 00:18:54.017301  length=6 from=0 to=5
 00 03 ff 01 00 01                                ......
--
< 2023/02/18 00:18:54.033971  length=5 from=5 to=9
 00 03 ff 00 00                                   .....
--
> 2023/02/18 00:18:54.097307  length=5 from=6 to=10
 01 03 00 00 00                                   .....
--
< 2023/02/18 00:18:54.303395  length=62 from=10 to=71
 01 03 00 15 01 07 9c b8 84 0e 66 13 06 00 00 13  ..........f.....
 22 00 00 00 00 00 62 74 70 5f 74 65 73 74 65 72  ".....btp_tester
 00 00 00 00 00 00 00 00 00 00 00 00 00 00 00 00  ................
 00 00 00 00 00 00 00 00 00 00 00 00 00 00        ..............
--
< 2023/02/18 00:18:54.304860  length=23 from=72 to=94
 00 00 00 00 00 00 00 00 00 00 00 00 00 00 00 00  ................
 00 00 00 00 00 00 00                             .......
--
< 2023/02/18 00:18:54.319571  length=177 from=95 to=271
 00 00 00 00 00 00 00 00 00 00 00 00 00 00 00 00  ................
 00 00 00 00 00 00 00 00 00 00 00 00 00 00 00 00  ................
 00 00 00 00 00 00 00 00 00 00 00 00 00 00 00 00  ................
 00 00 00 00 00 00 00 00 00 00 00 00 00 00 00 00  ................
 00 00 00 00 00 00 00 00 00 00 00 00 00 00 00 00  ................
 00 00 00 00 00 00 00 00 00 00 00 00 00 00 00 00  ................
 00 00 00 00 00 00 00 00 00 00 00 00 00 00 00 00  ................
 00 00 00 00 00 00 00 00 00 00 00 00 00 00 00 00  ................
 00 00 00 00 00 00 00 00 00 00 00 00 00 00 00 00  ................
 00 00 00 00 00 00 00 00 00 00 00 00 00 00 00 00  ................
 00 00 00 00 00 00 00 00 00 00 00 00 00 00 00 00  ................
 00                                               .
--
< 2023/02/18 00:18:54.321840  length=20 from=272 to=291
 00 00 00 00 00 00 00 00 00 00 00 00 00 00 00 00  ................
 00 00 00 00                                      ....
--
> 2023/02/18 00:18:54.554332  length=6 from=11 to=16
 00 03 ff 01 00 02                                ......
--
< 2023/02/18 00:18:54.570430  length=5 from=292 to=296
 00 03 ff 00 00                                   .....
--
> 2023/02/18 00:19:01.334859  length=6 from=17 to=22
 01 06 00 01 00 00                                ......
--
< 2023/02/18 00:19:01.351407  length=9 from=297 to=305
 01 06 00 04 00 11 22 00 00                       ......"..
--
> 2023/02/18 00:19:01.462888  length=27 from=23 to=49
 01 0a                                            ..
 00 16 00 0f 00 09 0d 54 65 73 74 65 72 5f 36 30  .......Tester_60
 31 35 42 39 ff ff ff ff 00                       15B9.....
--
< 2023/02/18 00:19:01.479006  length=9 from=306 to=314
 01 0a                                            ..
 00 04 00 11 26 00 00                             ....&..
--
Applying system reset.
Run.
