< 2024/08/31 03:47:11.185724  length=6 from=0 to=5
 00 03 ff 01 00 01                                ......
--
> 2024/08/31 03:47:11.194377  length=1 from=0 to=0
 00                                               .
--
> 2024/08/31 03:47:11.195663  length=4 from=1 to=4
 03 ff 00 00                                      ....
--
< 2024/08/31 03:47:11.244381  length=6 from=6 to=11
 00 03 ff 01 00 02                                ......
--
> 2024/08/31 03:47:11.247058  length=5 from=5 to=9
 00 03 ff 00 00                                   .....
--
< 2024/08/31 03:47:11.281582  length=6 from=12 to=17
 00 03 ff 01 00 04                                ......
--
> 2024/08/31 03:47:11.283926  length=5 from=10 to=14
 00 03 ff 00 00                                   .....
--
< 2024/08/31 03:47:11.304257  length=6 from=18 to=23
 04 04 00 01 00 00                                ......
--
> 2024/08/31 03:47:11.577793  length=5 from=15 to=19
 04 04 00 00 00                                   .....
--
< 2024/08/31 03:47:11.616758  length=5 from=24 to=28
 01 03 00 00 00                                   .....
--
> 2024/08/31 03:47:11.733789  length=4 from=20 to=23
 01 03 00 15                                      ....
--
> 2024/08/31 03:47:11.735131  length=16 from=24 to=39
 01 70 1f c4 76 e7 dc 13 06 02 00 13 82 00 00 00  .p..v...........
--
> 2024/08/31 03:47:11.736476  length=16 from=40 to=55
 00 00 62 74 70 5f 74 65 73 74 65 72 00 00 00 00  ..btp_tester....
--
> 2024/08/31 03:47:11.737846  length=16 from=56 to=71
 00 00 00 00 00 00 00 00 00 00 00 00 00 00 00 00  ................
--
> 2024/08/31 03:47:11.739162  length=15 from=72 to=86
 00 00 00 00 00 00 00 00 00 00 00 00 00 00 00     ...............
--
> 2024/08/31 03:47:11.740503  length=6 from=87 to=92
 00 00 00 00 00 00                                ......
--
> 2024/08/31 03:47:11.741859  length=26 from=93 to=118
 00 00 00 00 00 00 00 00 00 00 00 00 00 00 00 00  ................
 00 00 00 00 00 00 00 00 00 00                    ..........
--
> 2024/08/31 03:47:11.743200  length=15 from=119 to=133
 00 00 00 00 00 00 00 00 00 00 00 00 00 00 00     ...............
--
> 2024/08/31 03:47:11.744538  length=16 from=134 to=149
 00 00 00 00 00 00 00 00 00 00 00 00 00 00 00 00  ................
--
> 2024/08/31 03:47:11.745934  length=16 from=150 to=165
 00 00 00 00 00 00 00 00 00 00 00 00 00 00 00 00  ................
--
> 2024/08/31 03:47:11.747285  length=16 from=166 to=181
 00 00 00 00 00 00 00 00 00 00 00 00 00 00 00 00  ................
--
> 2024/08/31 03:47:11.748598  length=15 from=182 to=196
 00 00 00 00 00 00 00 00 00 00 00 00 00 00 00     ...............
--
> 2024/08/31 03:47:11.749972  length=16 from=197 to=212
 00 00 00 00 00 00 00 00 00 00 00 00 00 00 00 00  ................
--
> 2024/08/31 03:47:11.751280  length=9 from=213 to=221
 00 00 00 00 00 00 00 00 00                       .........
--
> 2024/08/31 03:47:11.752632  length=23 from=222 to=244
 00 00 00 00 00 00 00 00 00 00 00 00 00 00 00 00  ................
 00 00 00 00 00 00 00                             .......
--
> 2024/08/31 03:47:11.753978  length=15 from=245 to=259
 00 00 00 00 00 00 00 00 00 00 00 00 00 00 00     ...............
--
> 2024/08/31 03:47:11.755318  length=16 from=260 to=275
 00 00 00 00 00 00 00 00 00 00 00 00 00 00 00 00  ................
--
> 2024/08/31 03:47:11.756702  length=16 from=276 to=291
 00 00 00 00 00 00 00 00 00 00 00 00 00 00 00 00  ................
--
> 2024/08/31 03:47:11.758221  length=10 from=292 to=301
 00 00 00 00 00 00 00 00 00 00                    ..........
--
< 2024/08/31 03:47:23.833169  length=61 from=29 to=89
 04 02 00 38 00 a0 83 77 c3 38 5c 44 6e a9 f8 06  ...8...w.8\Dn...
 25 ad 13 66 b3 00 01 02 03 04 05 06 07 08 09 0a  %..f............
 0b 0c 0d 0e 0f 00 00 00 00 00 00 00 00 00 00 00  ................
 00 00 00 00 00 10 01 18 00 02 08 00 00           .............
--
> 2024/08/31 03:47:23.840469  length=5 from=302 to=306
 04 02 00 00 00                                   .....
--
< 2024/08/31 03:47:23.875660  length=5 from=90 to=94
 04 78 00 00 00                                   .x...
--
> 2024/08/31 03:47:23.879117  length=3 from=307 to=309
 04 78 00                                         .x.
--
> 2024/08/31 03:47:23.880424  length=2 from=310 to=311
 00 00                                            ..
--
> 2024/08/31 03:47:54.716164  length=6 from=312 to=317
 04 84 00 01 00 00                                ......
--
> 2024/08/31 03:47:55.089542  length=6 from=318 to=323
 04 85 00 01 00 00                                ......
--
> 2024/08/31 03:48:07.924308  length=5 from=324 to=328
 00 80 ff 00 00                                   .....
--
