01:32:18:016    < BTP_CORE_EV_IUT_READY (0x00|0x80|0xff)
                  raw data (0): 00 80 ff 00 00|
01:32:18:517    > BTP_CORE_CMD_REGISTER_SERVICE (0x00|0x03|0xff)
                  raw data (1): 00 03 ff 01 00|01
01:32:18:891    < BTP_CORE_CMD_REGISTER_SERVICE (0x00|0x03|0xff)
                  raw data (0): 00 03 ff 00 00|
01:32:18:892    > BTP_GAP_CMD_READ_SUPPORTED_COMMANDS (0x01|0x01|0xff)
                  raw data (0): 01 01 ff 00 00|
01:32:18:956    < BTP_GAP_CMD_READ_SUPPORTED_COMMANDS (0x01|0x01|0xff)
                  raw data (7): 01 01 ff 07 00|6e ff 7f 1f fe f7 0e
01:32:18:967    > BTP_GAP_CMD_READ_CONTROLLER_INFO (0x01|0x03|0x00)
                  raw data (0): 01 03 00 00 00|
01:32:19:007    < BTP_GAP_CMD_READ_CONTROLLER_INFO (0x01|0x03|0x00)
                  raw data (277): 
                  01 03 00 15 01|3b db 31 cc b6 d5 13 06 02 00 13 
                  82 00 00 00 00 00 62 74 70 5f 74 65 73 74 65 72 
                  00 00 00 00 00 00 00 00 00 00 00 00 00 00 00 00 
                  00 00 00 00 00 00 00 00 00 00 00 00 00 00 00 00 
                  00 00 00 00 00 00 00 00 00 00 00 00 00 00 00 00 
                  00 00 00 00 00 00 00 00 00 00 00 00 00 00 00 00 
                  00 00 00 00 00 00 00 00 00 00 00 00 00 00 00 00 
                  00 00 00 00 00 00 00 00 00 00 00 00 00 00 00 00 
                  00 00 00 00 00 00 00 00 00 00 00 00 00 00 00 00 
                  00 00 00 00 00 00 00 00 00 00 00 00 00 00 00 00 
                  00 00 00 00 00 00 00 00 00 00 00 00 00 00 00 00 
                  00 00 00 00 00 00 00 00 00 00 00 00 00 00 00 00 
                  00 00 00 00 00 00 00 00 00 00 00 00 00 00 00 00 
                  00 00 00 00 00 00 00 00 00 00 00 00 00 00 00 00 
                  00 00 00 00 00 00 00 00 00 00 00 00 00 00 00 00 
                  00 00 00 00 00 00 00 00 00 00 00 00 00 00 00 00 
                  00 00 00 00 00 00 00 00 00 00 00 00 00 00 00 00 
                  00 00 00 00 00 00 00 00 00 00
01:32:19:018    > BTP_CORE_CMD_REGISTER_SERVICE (0x00|0x03|0xff)
                  raw data (2): 00 03 ff 01 00|02
01:32:19:052    < BTP_CORE_CMD_REGISTER_SERVICE (0x00|0x03|0xff)
                  raw data (0): 00 03 ff 00 00|
01:32:19:062    > BTP_GATT_CMD_READ_SUPPORTED_COMMANDS (0x02|0x01|0xff)
                  raw data (0): 02 01 ff 00 00|
01:32:19:112    < BTP_GATT_CMD_READ_SUPPORTED_COMMANDS (0x02|0x01|0xff)
                  raw data (5): 02 01 ff 05 00|fe fe bf fd 0f
01:32:19:123    > BTP_GAP_CMD_SET_DISCOVERABLE (0x01|0x08|0x00)
                  raw data (1): 01 08 00 01 00|01
01:32:19:172    < BTP_GAP_CMD_SET_DISCOVERABLE (0x01|0x08|0x00)
                  raw data (4): 01 08 00 04 00|1b 82 00 00
01:32:19:182    > BTP_CORE_CMD_REGISTER_SERVICE (0x00|0x03|0xff)
                  raw data (18): 00 03 ff 01 00|12
01:32:19:222    < BTP_CORE_CMD_REGISTER_SERVICE (0x00|0x03|0xff)
                  raw data (0): 00 03 ff 00 00|
01:32:19:227    > BTP_MICS_CMD_READ_SUPPORTED_COMMANDS (0x12|0x01|0xff)
                  raw data (0): 12 01 ff 00 00|
01:32:19:272    < BTP_MICS_CMD_READ_SUPPORTED_COMMANDS (0x12|0x01|0xff)
                  raw data (1): 12 01 ff 01 00|3e
01:32:19:283    > BTP_CORE_CMD_REGISTER_SERVICE (0x00|0x03|0xff)
                  raw data (8): 00 03 ff 01 00|08
01:32:19:322    < BTP_CORE_CMD_REGISTER_SERVICE (0x00|0x03|0xff)
                  raw data (0): 00 03 ff 00 00|
01:32:19:332    > BTP_VCS_CMD_READ_SUPPORTED_COMMANDS (0x08|0x01|0xff)
                  raw data (0): 08 01 ff 00 00|
01:32:19:382    < BTP_VCS_CMD_READ_SUPPORTED_COMMANDS (0x08|0x01|0xff)
                  raw data (1): 08 01 ff 01 00|fe
01:32:19:393    > BTP_VCS_CMD_REGISTER (0x08|0x07|0x00)
                  raw data (3): 08 07 00 03 00|01 00 64
01:32:19:432    < BTP_VCS_CMD_REGISTER (0x08|0x07|0x00)
                  raw data (0): 08 07 00 00 00|
01:32:19:438    > BTP_CORE_CMD_REGISTER_SERVICE (0x00|0x03|0xff)
                  raw data (10): 00 03 ff 01 00|0a
01:32:19:446    < BTP_CORE_CMD_REGISTER_SERVICE (0x00|0x03|0xff)
                  raw data (0): 00 03 ff 00 00|
01:32:19:447    > BTP_AICS_CMD_READ_SUPPORTED_COMMANDS (0x0a|0x01|0xff)
                  raw data (0): 0a 01 ff 00 00|
01:32:19:497    < BTP_AICS_CMD_READ_SUPPORTED_COMMANDS (0x0a|0x01|0xff)
                  raw data (2): 0a 01 ff 02 00|fe ff
01:32:19:508    > BTP_CORE_CMD_REGISTER_SERVICE (0x00|0x03|0xff)
                  raw data (11): 00 03 ff 01 00|0b
01:32:19:542    < BTP_CORE_CMD_REGISTER_SERVICE (0x00|0x03|0xff)
                  raw data (0): 00 03 ff 00 00|
01:32:19:552    > BTP_VOCS_CMD_READ_SUPPORTED_COMMANDS (0x0b|0x01|0xff)
                  raw data (0): 0b 01 ff 00 00|
01:32:19:613    < BTP_VOCS_CMD_READ_SUPPORTED_COMMANDS (0x0b|0x01|0xff)
                  raw data (1): 0b 01 ff 01 00|7e
01:32:19:623    > BTP_CORE_CMD_REGISTER_SERVICE (0x00|0x03|0xff)
                  raw data (23): 00 03 ff 01 00|17
01:32:19:658    < BTP_CORE_CMD_REGISTER_SERVICE (0x00|0x03|0xff)
                  raw data (0): 00 03 ff 00 00|
01:32:19:668    > BTP_GMCS_CMD_READ_SUPPORTED_COMMANDS (0x17|0x01|0xff)
                  raw data (0): 17 01 ff 00 00|
01:32:19:712    < BTP_GMCS_CMD_READ_SUPPORTED_COMMANDS (0x17|0x01|0xff)
                  raw data (1): 17 01 ff 01 00|7e
01:32:19:723    > BTP_CORE_CMD_REGISTER_SERVICE (0x00|0x03|0xff)
                  raw data (27): 00 03 ff 01 00|1b
01:32:19:762    < BTP_CORE_CMD_REGISTER_SERVICE (0x00|0x03|0xff)
                  raw data (0): 00 03 ff 00 00|
01:32:19:777    > BTP_TBS_CMD_READ_SUPPORTED_COMMANDS (0x1b|0x01|0xff)
                  raw data (0): 1b 01 ff 00 00|
01:32:19:827    < BTP_TBS_CMD_READ_SUPPORTED_COMMANDS (0x1b|0x01|0xff)
                  raw data (2): 1b 01 ff 02 00|fe 1f
01:32:19:833    > BTP_CORE_CMD_REGISTER_SERVICE (0x00|0x03|0xff)
                  raw data (25): 00 03 ff 01 00|19
01:32:19:872    < BTP_CORE_CMD_REGISTER_SERVICE (0x00|0x03|0xff)
                  raw data (0): 00 03 ff 00 00|
01:32:19:882    > BTP_CSIP_CMD_READ_SUPPORTED_COMMANDS (0x19|0x01|0xff)
                  raw data (0): 19 01 ff 00 00|
01:32:19:896    < BTP_CSIP_CMD_READ_SUPPORTED_COMMANDS (0x19|0x01|0xff)
                  raw data (1): 19 01 ff 01 00|3e
01:32:19:897    > BTP_CORE_CMD_REGISTER_SERVICE (0x00|0x03|0xff)
                  raw data (12): 00 03 ff 01 00|0c
01:32:19:911    < BTP_CORE_CMD_REGISTER_SERVICE (0x00|0x03|0xff)
                  raw data (0): 00 03 ff 00 00|
01:32:19:912    > BTP_PACS_CMD_READ_SUPPORTED_COMMANDS (0x0c|0x01|0xff)
                  raw data (0): 0c 01 ff 00 00|
01:32:19:962    < BTP_PACS_CMD_READ_SUPPORTED_COMMANDS (0x0c|0x01|0xff)
                  raw data (1): 0c 01 ff 01 00|3e
01:32:19:978    > BTP_CORE_CMD_REGISTER_SERVICE (0x00|0x03|0xff)
                  raw data (13): 00 03 ff 01 00|0d
01:32:20:017    < BTP_CORE_CMD_REGISTER_SERVICE (0x00|0x03|0xff)
                  raw data (0): 00 03 ff 00 00|
01:32:20:027    > BTP_ASCS_CMD_READ_SUPPORTED_COMMANDS (0x0d|0x01|0xff)
                  raw data (0): 0d 01 ff 00 00|
01:32:20:072    < BTP_ASCS_CMD_READ_SUPPORTED_COMMANDS (0x0d|0x01|0xff)
                  raw data (2): 0d 01 ff 02 00|fe 0f
01:32:20:083    > BTP_CORE_CMD_REGISTER_SERVICE (0x00|0x03|0xff)
                  raw data (14): 00 03 ff 01 00|0e
01:32:20:122    < BTP_CORE_CMD_REGISTER_SERVICE (0x00|0x03|0xff)
                  raw data (0): 00 03 ff 00 00|
01:32:20:132    > BTP_BAP_CMD_READ_SUPPORTED_COMMANDS (0x0e|0x01|0xff)
                  raw data (0): 0e 01 ff 00 00|
01:32:20:182    < BTP_BAP_CMD_READ_SUPPORTED_COMMANDS (0x0e|0x01|0xff)
                  raw data (4): 0e 01 ff 04 00|fe ff ff 07
01:32:20:193    > BTP_CORE_CMD_REGISTER_SERVICE (0x00|0x03|0xff)
                  raw data (26): 00 03 ff 01 00|1a
01:32:20:232    < BTP_CORE_CMD_REGISTER_SERVICE (0x00|0x03|0xff)
                  raw data (0): 00 03 ff 00 00|
01:32:20:242    > BTP_CAP_CMD_READ_SUPPORTED_COMMANDS (0x1a|0x01|0xff)
                  raw data (0): 1a 01 ff 00 00|
01:32:20:287    < BTP_CAP_CMD_READ_SUPPORTED_COMMANDS (0x1a|0x01|0xff)
                  raw data (2): 1a 01 ff 02 00|fe ff
01:32:20:287    > BTP_CORE_CMD_REGISTER_SERVICE (0x00|0x03|0xff)
                  raw data (21): 00 03 ff 01 00|15
01:32:20:322    < BTP_CORE_CMD_REGISTER_SERVICE (0x00|0x03|0xff)
                  raw data (0): 00 03 ff 00 00|
01:32:20:332    > BTP_CORE_CMD_REGISTER_SERVICE (0x00|0x03|0xff)
                  raw data (16): 00 03 ff 01 00|10
01:32:20:372    < BTP_CORE_CMD_REGISTER_SERVICE (0x00|0x03|0xff)
                  raw data (0): 00 03 ff 00 00|
01:32:20:382    > BTP_MICP_CMD_READ_SUPPORTED_COMMANDS (0x10|0x01|0xff)
                  raw data (0): 10 01 ff 00 00|
01:32:20:437    < BTP_MICP_CMD_READ_SUPPORTED_COMMANDS (0x10|0x01|0xff)
                  raw data (1): 10 01 ff 01 00|1e
01:32:20:448    > BTP_CORE_CMD_REGISTER_SERVICE (0x00|0x03|0xff)
                  raw data (20): 00 03 ff 01 00|14
01:32:20:482    < BTP_CORE_CMD_REGISTER_SERVICE (0x00|0x03|0xff)
                  raw data (0): 00 03 ff 00 00|
01:32:20:492    > BTP_VCP_CMD_READ_SUPPORTED_COMMANDS (0x14|0x01|0xff)
                  raw data (0): 14 01 ff 00 00|
01:32:20:542    < BTP_VCP_CMD_READ_SUPPORTED_COMMANDS (0x14|0x01|0xff)
                  raw data (2): 14 01 ff 02 00|fe 0f
01:32:20:548    > BTP_GAP_CMD_SET_EXTENDED_ADVERTISING (0x01|0x21|0x00)
                  raw data (1): 01 21 00 01 00|01
01:32:20:592    < BTP_GAP_CMD_SET_EXTENDED_ADVERTISING (0x01|0x21|0x00)
                  raw data (4): 01 21 00 04 00|1b 82 02 00
01:32:23:611    > BTP_GAP_CMD_CONNECT (0x01|0x0e|0x00)
                  raw data (8): 01 0e 00 08 00|00 1a b1 f6 ff a9 df 00
01:32:23:652    < BTP_GAP_CMD_CONNECT (0x01|0x0e|0x00)
                  raw data (0): 01 0e 00 00 00|
01:32:23:691    < BTP_GAP_EV_DEVICE_CONNECTED (0x01|0x82|0x00)
                  raw data (13): 
                  01 82 00 0d 00|00 1a b1 f6 ff a9 df 38 00 00 00 
                  90 01
01:32:26:037    < BTP_GAP_EV_ENCRYPTION_CHANGE (0x01|0x91|0x00)
                  raw data (9): 01 91 00 09 00|00 1a b1 f6 ff a9 df 01 10
01:32:26:136    < BTP_GAP_EV_SEC_LEVEL_CHANGED (0x01|0x89|0x00)
                  raw data (8): 01 89 00 08 00|00 1a b1 f6 ff a9 df 02
01:32:26:178    > BTP_CAP_CMD_DISCOVER (0x1a|0x02|0x00)
                  raw data (7): 1a 02 00 07 00|00 1a b1 f6 ff a9 df
01:32:26:212    < BTP_CAP_CMD_DISCOVER (0x1a|0x02|0x00)
                  raw data (0): 1a 02 00 00 00|
01:32:28:103    < BTP_CSIP_EV_SIRK (0x19|0x81|0x00)
                  raw data (23): 
                  19 81 00 17 00|00 1a b1 f6 ff a9 df b8 03 ea c6 
                  af bb 65 a2 5a 41 f1 53 05 68 8e 83
01:32:28:106    < BTP_CSIP_EV_DISCOVERED (0x19|0x80|0x00)
                  raw data (16): 
                  19 80 00 10 00|00 1a b1 f6 ff a9 df 00 42 02 47 
                  02 44 02 4a 02
01:32:28:109    < BTP_CAP_EV_DISCOVERY_COMPLETED (0x1a|0x80|0x00)
                  raw data (8): 1a 80 00 08 00|00 1a b1 f6 ff a9 df 00
01:32:28:219    > BTP_BAP_CMD_DISCOVER (0x0e|0x02|0x00)
                  raw data (7): 0e 02 00 07 00|00 1a b1 f6 ff a9 df
01:32:28:232    < BTP_BAP_CMD_DISCOVER (0x0e|0x02|0x00)
                  raw data (0): 0e 02 00 00 00|
01:32:28:745    < BTP_BAP_EV_CODEC_CAP_FOUND (0x0e|0x81|0x00)
                  raw data (17): 
                  0e 81 00 11 00|00 1a b1 f6 ff a9 df 01 06 04 00 
                  02 28 00 28 00 01
01:32:31:823    < BTP_BAP_EV_ASE_FOUND (0x0e|0x82|0x00)
                  raw data (9): 0e 82 00 09 00|00 1a b1 f6 ff a9 df 01 01
01:32:34:622    < BTP_BAP_EV_DISCOVERY_COMPLETED (0x0e|0x80|0x00)
                  raw data (8): 0e 80 00 08 00|00 1a b1 f6 ff a9 df 00
01:32:34:750    > BTP_GAP_CMD_CONNECT (0x01|0x0e|0x00)
                  raw data (8): 01 0e 00 08 00|00 f1 c5 94 b5 23 64 00
01:32:34:773    < BTP_GAP_CMD_CONNECT (0x01|0x0e|0x00)
                  raw data (0): 01 0e 00 00 00|
01:32:34:927    < BTP_GAP_EV_DEVICE_CONNECTED (0x01|0x82|0x00)
                  raw data (13): 
                  01 82 00 0d 00|00 f1 c5 94 b5 23 64 38 00 00 00 
                  90 01
01:32:37:142    < BTP_GAP_EV_ENCRYPTION_CHANGE (0x01|0x91|0x00)
                  raw data (9): 01 91 00 09 00|00 f1 c5 94 b5 23 64 01 10
01:32:37:230    < BTP_GAP_EV_SEC_LEVEL_CHANGED (0x01|0x89|0x00)
                  raw data (8): 01 89 00 08 00|00 f1 c5 94 b5 23 64 02
01:32:37:251    > BTP_CAP_CMD_DISCOVER (0x1a|0x02|0x00)
                  raw data (7): 1a 02 00 07 00|00 f1 c5 94 b5 23 64
01:32:37:292    < BTP_CAP_CMD_DISCOVER (0x1a|0x02|0x00)
                  raw data (0): 1a 02 00 00 00|
01:32:39:203    < BTP_CSIP_EV_SIRK (0x19|0x81|0x00)
                  raw data (23): 
                  19 81 00 17 00|00 f1 c5 94 b5 23 64 b8 03 ea c6 
                  af bb 65 a2 5a 41 f1 53 05 68 8e 83
01:32:39:206    < BTP_CSIP_EV_DISCOVERED (0x19|0x80|0x00)
                  raw data (16): 
                  19 80 00 10 00|00 f1 c5 94 b5 23 64 00 00 00 00 
                  00 00 00 00 00
01:32:39:209    < BTP_CAP_EV_DISCOVERY_COMPLETED (0x1a|0x80|0x00)
                  raw data (8): 1a 80 00 08 00|00 f1 c5 94 b5 23 64 00
01:32:39:299    > BTP_BAP_CMD_DISCOVER (0x0e|0x02|0x00)
                  raw data (7): 0e 02 00 07 00|00 f1 c5 94 b5 23 64
01:32:39:313    < BTP_BAP_CMD_DISCOVER (0x0e|0x02|0x00)
                  raw data (0): 0e 02 00 00 00|
01:32:39:823    < BTP_BAP_EV_CODEC_CAP_FOUND (0x0e|0x81|0x00)
                  raw data (17): 
                  0e 81 00 11 00|00 f1 c5 94 b5 23 64 01 06 04 00 
                  02 28 00 28 00 01
01:32:42:903    < BTP_BAP_EV_ASE_FOUND (0x0e|0x82|0x00)
                  raw data (9): 0e 82 00 09 00|00 f1 c5 94 b5 23 64 01 01
01:32:45:703    < BTP_BAP_EV_DISCOVERY_COMPLETED (0x0e|0x80|0x00)
                  raw data (8): 0e 80 00 08 00|00 f1 c5 94 b5 23 64 00
01:32:52:869    > BTP_CSIP_CMD_START_ORDERED_ACCESS (0x19|0x03|0x00)
                  raw data (b'\x00'): 19 03 00 01 00|00
01:32:52:883    < BTP_CSIP_CMD_START_ORDERED_ACCESS (0x19|0x03|0x00)
                  raw data (0): 19 03 00 00 00|
01:32:53:901    > BTP_CAP_CMD_UNICAST_SETUP_ASE (0x1a|0x03|0x00)
                  raw data (55): 
                  1a 03 00 37 00|00 1a b1 f6 ff a9 df 01 00 00 06 
                  00 00 00 00 10 27 00 00 28 00 02 0a 00 40 9c 00 
                  13 07 02 01 03 02 02 01 05 03 01 00 00 00 03 04 
                  28 00 02 05 01 03 02 00 02 02 05 00
01:32:53:922    < BTP_CAP_CMD_UNICAST_SETUP_ASE (0x1a|0x03|0x00)
                  raw data (0): 1a 03 00 00 00|
01:32:53:929    > BTP_CAP_CMD_UNICAST_SETUP_ASE (0x1a|0x03|0x00)
                  raw data (55): 
                  1a 03 00 37 00|00 f1 c5 94 b5 23 64 01 01 00 06 
                  00 00 00 00 10 27 00 00 28 00 02 0a 00 40 9c 00 
                  13 07 02 01 03 02 02 01 05 03 01 00 00 00 03 04 
                  28 00 02 05 01 03 02 00 02 02 05 00
01:32:53:967    < BTP_CAP_CMD_UNICAST_SETUP_ASE (0x1a|0x03|0x00)
                  raw data (0): 1a 03 00 00 00|
01:32:53:973    > BTP_CAP_CMD_UNICAST_AUDIO_START (0x1a|0x04|0x00)
                  raw data (b'\x00\x00'): 1a 04 00 02 00|00 00
01:32:54:032    < BTP_CAP_CMD_UNICAST_AUDIO_START (0x1a|0x04|0x00)
                  raw data (0): 1a 04 00 00 00|
01:32:54:202    < BTP_ASCS_EV_OPERATION_COMPLETED (0x0d|0x80|0x00)
                  raw data (11): 0d 80 00 0b 00|00 1a b1 f6 ff a9 df 01 01 00 00
01:32:54:422    < BTP_ASCS_EV_ASE_STATE_CHANGED (0x0d|0x82|0x00)
                  raw data (9): 0d 82 00 09 00|00 1a b1 f6 ff a9 df 01 01
01:32:54:582    < BTP_ASCS_EV_OPERATION_COMPLETED (0x0d|0x80|0x00)
                  raw data (11): 0d 80 00 0b 00|00 f1 c5 94 b5 23 64 01 01 00 00
01:32:54:802    < BTP_ASCS_EV_ASE_STATE_CHANGED (0x0d|0x82|0x00)
                  raw data (9): 0d 82 00 09 00|00 f1 c5 94 b5 23 64 01 01
01:32:54:982    < BTP_ASCS_EV_OPERATION_COMPLETED (0x0d|0x80|0x00)
                  raw data (11): 0d 80 00 0b 00|00 1a b1 f6 ff a9 df 01 02 00 00
01:32:55:002    < BTP_ASCS_EV_OPERATION_COMPLETED (0x0d|0x80|0x00)
                  raw data (11): 0d 80 00 0b 00|00 f1 c5 94 b5 23 64 01 02 00 00
01:32:55:122    < BTP_ASCS_EV_ASE_STATE_CHANGED (0x0d|0x82|0x00)
                  raw data (9): 0d 82 00 09 00|00 1a b1 f6 ff a9 df 01 02
01:32:55:142    < BTP_ASCS_EV_ASE_STATE_CHANGED (0x0d|0x82|0x00)
                  raw data (9): 0d 82 00 09 00|00 f1 c5 94 b5 23 64 01 02
01:32:55:402    < BTP_ASCS_EV_OPERATION_COMPLETED (0x0d|0x80|0x00)
                  raw data (11): 0d 80 00 0b 00|00 1a b1 f6 ff a9 df 01 03 00 00
01:32:55:602    < BTP_ASCS_EV_ASE_STATE_CHANGED (0x0d|0x82|0x00)
                  raw data (9): 0d 82 00 09 00|00 1a b1 f6 ff a9 df 01 03
01:32:55:782    < BTP_ASCS_EV_OPERATION_COMPLETED (0x0d|0x80|0x00)
                  raw data (11): 0d 80 00 0b 00|00 f1 c5 94 b5 23 64 01 03 00 00
01:32:55:982    < BTP_ASCS_EV_ASE_STATE_CHANGED (0x0d|0x82|0x00)
                  raw data (9): 0d 82 00 09 00|00 f1 c5 94 b5 23 64 01 03
01:32:56:323    < BTP_ASCS_EV_OPERATION_COMPLETED (0x0d|0x80|0x00)
                  raw data (11): 0d 80 00 0b 00|00 1a b1 f6 ff a9 df 01 04 00 00
01:32:56:326    < BTP_ASCS_EV_CIS_CONNECTED (0x0d|0x83|0x00)
                  raw data (9): 0d 83 00 09 00|00 1a b1 f6 ff a9 df 01 00
01:32:56:623    < BTP_ASCS_EV_OPERATION_COMPLETED (0x0d|0x80|0x00)
                  raw data (11): 0d 80 00 0b 00|00 f1 c5 94 b5 23 64 01 04 00 00
01:32:56:625    < BTP_ASCS_EV_CIS_CONNECTED (0x0d|0x83|0x00)
                  raw data (9): 0d 83 00 09 00|00 f1 c5 94 b5 23 64 01 01
01:33:04:302    < BTP_ASCS_EV_CIS_DISCONNECTED (0x0d|0x84|0x00)
                  raw data (10): 0d 84 00 0a 00|00 1a b1 f6 ff a9 df 01 00 16
01:33:04:303    < BTP_ASCS_EV_ASE_STATE_CHANGED (0x0d|0x82|0x00)
                  raw data (9): 0d 82 00 09 00|00 1a b1 f6 ff a9 df 01 00
01:33:04:303    < BTP_CAP_EV_UNICAST_START_COMPLETED (0x1a|0x81|0x00)
                  raw data (2): 1a 81 00 02 00|00 01
01:33:05:304    < BTP_ASCS_EV_CIS_DISCONNECTED (0x0d|0x84|0x00)
                  raw data (10): 0d 84 00 0a 00|00 f1 c5 94 b5 23 64 01 01 16
01:33:05:307    < BTP_ASCS_EV_ASE_STATE_CHANGED (0x0d|0x82|0x00)
                  raw data (9): 0d 82 00 09 00|00 f1 c5 94 b5 23 64 01 00
01:33:06:064    > BTP_GAP_CMD_DISCONNECT (0x01|0x0f|0x00)
                  raw data (7): 01 0f 00 07 00|00 1a b1 f6 ff a9 df
01:33:06:094    < BTP_GAP_CMD_DISCONNECT (0x01|0x0f|0x00)
                  raw data (0): 01 0f 00 00 00|
01:33:06:104    > BTP_GAP_CMD_DISCONNECT (0x01|0x0f|0x00)
                  raw data (7): 01 0f 00 07 00|00 f1 c5 94 b5 23 64
01:33:06:155    < BTP_GAP_CMD_DISCONNECT (0x01|0x0f|0x00)
                  raw data (0): 01 0f 00 00 00|
01:33:06:182    < BTP_GAP_EV_DEVICE_DISCONNECTED (0x01|0x83|0x00)
                  raw data (7): 01 83 00 07 00|00 1a b1 f6 ff a9 df
01:33:06:204    < BTP_GAP_EV_DEVICE_DISCONNECTED (0x01|0x83|0x00)
                  raw data (7): 01 83 00 07 00|00 f1 c5 94 b5 23 64
01:33:13:614    > BTP_GAP_CMD_SET_POWERED (0x01|0x05|0x00)
                  raw data (0): 01 05 00 01 00|00
01:33:13:657    < BTP_GAP_CMD_SET_POWERED (0x01|0x05|0x00)
                  raw data (4): 01 05 00 04 00|1a 82 02 00
