2023-12-15 23:25:28,661 LT1-thread root DEBUG client.py                 898   _run_test_case            : Starting TestCase _run_test_case L2CAP L2CAP/LE/CFC/BV-09-C
2023-12-15 23:25:28,661 LT1-thread root DEBUG testcase.py               707   pre_run                   : pre_run L2CAP L2CAP/LE/CFC/BV-09-C
2023-12-15 23:25:28,661 LT1-thread root DEBUG testcase.py               709   pre_run                   : About to run test case L2CAP L2CAP/LE/CFC/BV-09-C with commands:
2023-12-15 23:25:28,661 LT1-thread root DEBUG testcase.py               712   pre_run                   : 0) class=<class 'autopts.ptsprojects.testcase.TestFunc'>, func=<bound method Stack.core_init of <autopts.ptsprojects.stack.Stack object at 0x00000219E311EFA0>> start_wid=None stop_wid=None post_wid=None skip_call=None call_count=0 args=() kwds={}
2023-12-15 23:25:28,661 LT1-thread root DEBUG testcase.py               712   pre_run                   : 1) class=<class 'autopts.ptsprojects.testcase.TestFunc'>, func=<bound method ZephyrCtl.hw_reset of <autopts.ptsprojects.zephyr.iutctl.ZephyrCtl object at 0x00000219E311E0A0>> start_wid=None stop_wid=None post_wid=None skip_call=None call_count=0 args=() kwds={}
2023-12-15 23:25:28,662 LT1-thread root DEBUG testcase.py               712   pre_run                   : 2) class=<class 'autopts.ptsprojects.testcase.TestFunc'>, func=<bound method ZephyrCtl.start of <autopts.ptsprojects.zephyr.iutctl.ZephyrCtl object at 0x00000219E311E0A0>> start_wid=None stop_wid=None post_wid=None skip_call=None call_count=0 args=(<autopts.ptsprojects.zephyr.ztestcase.ZTestCase object at 0x00000219E36CF790>,) kwds={}
2023-12-15 23:25:28,662 LT1-thread root DEBUG testcase.py               712   pre_run                   : 3) class=<class 'autopts.ptsprojects.testcase.TestFunc'>, func=<bound method ZephyrCtl.hw_reset of <autopts.ptsprojects.zephyr.iutctl.ZephyrCtl object at 0x00000219E311E0A0>> start_wid=None stop_wid=None post_wid=None skip_call=None call_count=0 args=() kwds={}
2023-12-15 23:25:28,662 LT1-thread root DEBUG testcase.py               712   pre_run                   : 4) class=<class 'autopts.ptsprojects.testcase.TestFunc'>, func=<bound method ZephyrCtl.wait_iut_ready_event of <autopts.ptsprojects.zephyr.iutctl.ZephyrCtl object at 0x00000219E311E0A0>> start_wid=None stop_wid=None post_wid=None skip_call=None call_count=0 args=(False,) kwds={}
2023-12-15 23:25:28,662 LT1-thread root DEBUG testcase.py               712   pre_run                   : 5) class=<class 'autopts.ptsprojects.testcase.TestFunc'>, func=<function core_reg_svc_gap at 0x00000219E157B310> start_wid=None stop_wid=None post_wid=None skip_call=None call_count=24 args=() kwds={}
2023-12-15 23:25:28,662 LT1-thread root DEBUG testcase.py               712   pre_run                   : 6) class=<class 'autopts.ptsprojects.testcase.TestFunc'>, func=<function core_reg_svc_l2cap at 0x00000219E157B550> start_wid=None stop_wid=None post_wid=None skip_call=None call_count=24 args=() kwds={}
2023-12-15 23:25:28,662 LT1-thread root DEBUG testcase.py               712   pre_run                   : 7) class=<class 'autopts.ptsprojects.testcase.TestFunc'>, func=<function gap_read_ctrl_info at 0x00000219E15BCE50> start_wid=None stop_wid=None post_wid=None skip_call=None call_count=24 args=() kwds={}
2023-12-15 23:25:28,662 LT1-thread root DEBUG testcase.py               712   pre_run                   : 8) class=<class 'autopts.ptsprojects.testcase.TestFunc'>, func=<function test_cases.<locals>.<lambda> at 0x00000219E357C310> start_wid=None stop_wid=None post_wid=None skip_call=None call_count=24 args=() kwds={}
2023-12-15 23:25:28,662 LT1-thread root DEBUG testcase.py               712   pre_run                   : 9) class=<class 'autopts.ptsprojects.testcase.TestFunc'>, func=<function test_cases.<locals>.<lambda> at 0x00000219E35E21F0> start_wid=None stop_wid=None post_wid=None skip_call=None call_count=24 args=() kwds={}
2023-12-15 23:25:28,662 LT1-thread root DEBUG testcase.py               712   pre_run                   : 10) class=<class 'autopts.ptsprojects.testcase.TestFunc'>, func=<function test_cases.<locals>.<lambda> at 0x00000219E35E2160> start_wid=None stop_wid=None post_wid=None skip_call=None call_count=24 args=() kwds={}
2023-12-15 23:25:28,662 LT1-thread root DEBUG testcase.py               712   pre_run                   : 11) class=<class 'autopts.ptsprojects.testcase.TestFunc'>, func=<function test_cases.<locals>.<lambda> at 0x00000219E35E2280> start_wid=None stop_wid=None post_wid=None skip_call=None call_count=24 args=() kwds={}
2023-12-15 23:25:28,662 LT1-thread root DEBUG testcase.py               712   pre_run                   : 12) class=<class 'autopts.ptsprojects.testcase.TestFunc'>, func=<function test_cases.<locals>.<lambda> at 0x00000219E35E2310> start_wid=None stop_wid=None post_wid=None skip_call=None call_count=24 args=() kwds={}
2023-12-15 23:25:28,662 LT1-thread root DEBUG testcase.py               712   pre_run                   : 13) class=<class 'autopts.ptsprojects.testcase.TestFunc'>, func=<function test_cases.<locals>.<lambda> at 0x00000219E35E23A0> start_wid=None stop_wid=None post_wid=None skip_call=None call_count=24 args=() kwds={}
2023-12-15 23:25:28,662 LT1-thread root DEBUG testcase.py               712   pre_run                   : 14) class=<class 'autopts.ptsprojects.testcase.TestFunc'>, func=<function test_cases.<locals>.<lambda> at 0x00000219E35E2430> start_wid=None stop_wid=None post_wid=None skip_call=None call_count=24 args=() kwds={}
2023-12-15 23:25:28,662 LT1-thread root DEBUG testcase.py               712   pre_run                   : 15) class=<class 'autopts.ptsprojects.testcase.TestFunc'>, func=<function test_cases.<locals>.<lambda> at 0x00000219E35E24C0> start_wid=None stop_wid=None post_wid=None skip_call=None call_count=24 args=() kwds={}
2023-12-15 23:25:28,663 LT1-thread root DEBUG testcase.py               712   pre_run                   : 16) class=<class 'autopts.ptsprojects.testcase.TestFunc'>, func=<function test_cases.<locals>.<lambda> at 0x00000219E35E2550> start_wid=None stop_wid=None post_wid=None skip_call=None call_count=24 args=() kwds={}
2023-12-15 23:25:28,663 LT1-thread root DEBUG testcase.py               712   pre_run                   : 17) class=<class 'autopts.ptsprojects.testcase.TestFunc'>, func=<function test_cases.<locals>.<lambda> at 0x00000219E35E25E0> start_wid=None stop_wid=None post_wid=None skip_call=None call_count=24 args=() kwds={}
2023-12-15 23:25:28,663 LT1-thread root DEBUG testcase.py               712   pre_run                   : 18) class=<class 'autopts.ptsprojects.testcase.TestFunc'>, func=<function test_cases.<locals>.<lambda> at 0x00000219E35E2670> start_wid=None stop_wid=None post_wid=None skip_call=None call_count=24 args=() kwds={}
2023-12-15 23:25:28,663 LT1-thread root DEBUG testcase.py               712   pre_run                   : 19) class=<class 'autopts.ptsprojects.testcase.TestFunc'>, func=<function test_cases.<locals>.<lambda> at 0x00000219E35E2700> start_wid=None stop_wid=None post_wid=None skip_call=None call_count=24 args=() kwds={}
2023-12-15 23:25:28,663 LT1-thread root DEBUG testcase.py               712   pre_run                   : 20) class=<class 'autopts.ptsprojects.testcase.TestFunc'>, func=<function test_cases.<locals>.<lambda> at 0x00000219E35E2790> start_wid=None stop_wid=None post_wid=None skip_call=None call_count=24 args=() kwds={}
2023-12-15 23:25:28,663 LT1-thread root DEBUG testcase.py               712   pre_run                   : 21) class=<class 'autopts.ptsprojects.testcase.TestFunc'>, func=<function test_cases.<locals>.<lambda> at 0x00000219E35E2820> start_wid=None stop_wid=None post_wid=None skip_call=None call_count=24 args=() kwds={}
2023-12-15 23:25:28,663 LT1-thread root DEBUG testcase.py               712   pre_run                   : 22) class=<class 'autopts.ptsprojects.testcase.TestFunc'>, func=<function test_cases.<locals>.<lambda> at 0x00000219E35E28B0> start_wid=None stop_wid=None post_wid=None skip_call=None call_count=24 args=() kwds={}
2023-12-15 23:25:28,663 LT1-thread root DEBUG testcase.py               712   pre_run                   : 23) class=<class 'autopts.ptsprojects.testcase.TestFunc'>, func=<function set_pts_addr at 0x00000219E157B0D0> start_wid=None stop_wid=None post_wid=None skip_call=None call_count=24 args=('C0:07:E8:56:C9:EF', 0) kwds={}
2023-12-15 23:25:28,663 LT1-thread root DEBUG testcase.py               712   pre_run                   : 24) class=<class 'autopts.ptsprojects.testcase.TestFunc'>, func=<bound method Stack.l2cap_init of <autopts.ptsprojects.stack.Stack object at 0x00000219E311EFA0>> start_wid=None stop_wid=None post_wid=None skip_call=None call_count=22 args=(128, 120) kwds={}
2023-12-15 23:25:28,663 LT1-thread root DEBUG testcase.py               712   pre_run                   : 25) class=<class 'autopts.ptsprojects.testcase.TestFunc'>, func=<function l2cap_le_listen at 0x00000219E15D5670> start_wid=None stop_wid=None post_wid=None skip_call=None call_count=22 args=(128, 120, 0) kwds={}
2023-12-15 23:25:28,663 LT1-thread root DEBUG testcase.py               712   pre_run                   : 26) class=<class 'autopts.ptsprojects.testcase.TestFuncCleanUp'>, func=<bound method Stack.cleanup of <autopts.ptsprojects.stack.Stack object at 0x00000219E311EFA0>> start_wid=None stop_wid=None post_wid=None skip_call=None call_count=0 args=() kwds={}
2023-12-15 23:25:28,663 LT1-thread root DEBUG testcase.py               712   pre_run                   : 27) class=<class 'autopts.ptsprojects.testcase.TestFuncCleanUp'>, func=<bound method ZephyrCtl.stop of <autopts.ptsprojects.zephyr.iutctl.ZephyrCtl object at 0x00000219E311E0A0>> start_wid=None stop_wid=None post_wid=None skip_call=None call_count=0 args=() kwds={}
2023-12-15 23:25:28,664 LT1-thread root DEBUG testcase.py               719   pre_run                   : pre_run, run pre test case script
2023-12-15 23:25:28,667 LT1-thread root DEBUG testcase.py               253   start                     : Starting test function: class=<class 'autopts.ptsprojects.testcase.TestFunc'>, func=<bound method Stack.core_init of <autopts.ptsprojects.stack.Stack object at 0x00000219E311EFA0>> start_wid=None stop_wid=None post_wid=None skip_call=None call_count=1 args=() kwds={}
2023-12-15 23:25:28,667 LT1-thread root DEBUG testcase.py               265   start                     : Test function parameters: args=(), kwds={}
2023-12-15 23:25:28,667 LT1-thread root DEBUG testcase.py               253   start                     : Starting test function: class=<class 'autopts.ptsprojects.testcase.TestFunc'>, func=<bound method ZephyrCtl.hw_reset of <autopts.ptsprojects.zephyr.iutctl.ZephyrCtl object at 0x00000219E311E0A0>> start_wid=None stop_wid=None post_wid=None skip_call=None call_count=1 args=() kwds={}
2023-12-15 23:25:28,667 LT1-thread root DEBUG testcase.py               265   start                     : Test function parameters: args=(), kwds={}
2023-12-15 23:25:28,667 LT1-thread root DEBUG testcase.py               253   start                     : Starting test function: class=<class 'autopts.ptsprojects.testcase.TestFunc'>, func=<bound method ZephyrCtl.start of <autopts.ptsprojects.zephyr.iutctl.ZephyrCtl object at 0x00000219E311E0A0>> start_wid=None stop_wid=None post_wid=None skip_call=None call_count=1 args=(<autopts.ptsprojects.zephyr.ztestcase.ZTestCase object at 0x00000219E36CF790>,) kwds={}
2023-12-15 23:25:28,667 LT1-thread root DEBUG testcase.py               265   start                     : Test function parameters: args=(<autopts.ptsprojects.zephyr.ztestcase.ZTestCase object at 0x00000219E36CF790>,), kwds={}
2023-12-15 23:25:28,667 LT1-thread root DEBUG iutctl.py                 103   start                     : <class 'autopts.ptsprojects.zephyr.iutctl.ZephyrCtl'>.start
2023-12-15 23:25:28,668 LT1-thread root DEBUG iutctl.py                 168   flush_serial              : <class 'autopts.ptsprojects.zephyr.iutctl.ZephyrCtl'>.flush_serial
2023-12-15 23:25:29,735 LT1-thread root DEBUG iutctl.py                 133   start                     : Starting socat process: socat.exe -x -v tcp:192.168.9.43:62432,retry=100,interval=1 /dev/ttyS2,raw,b115200
2023-12-15 23:25:29,739 LT1-thread root DEBUG iutctl_common.py          293   accept                    : accept
2023-12-15 23:25:29,758 BTPWorkerThread-10497 root DEBUG iutctl_common.py          198   _rx_task                  : BTPWorkerThread-10497 started
2023-12-15 23:25:29,758 LT1-thread root DEBUG testcase.py               253   start                     : Starting test function: class=<class 'autopts.ptsprojects.testcase.TestFunc'>, func=<bound method ZephyrCtl.hw_reset of <autopts.ptsprojects.zephyr.iutctl.ZephyrCtl object at 0x00000219E311E0A0>> start_wid=None stop_wid=None post_wid=None skip_call=None call_count=1 args=() kwds={}
2023-12-15 23:25:29,758 LT1-thread root DEBUG testcase.py               265   start                     : Test function parameters: args=(), kwds={}
2023-12-15 23:25:29,758 LT1-thread root DEBUG testcase.py               253   start                     : Starting test function: class=<class 'autopts.ptsprojects.testcase.TestFunc'>, func=<bound method ZephyrCtl.wait_iut_ready_event of <autopts.ptsprojects.zephyr.iutctl.ZephyrCtl object at 0x00000219E311E0A0>> start_wid=None stop_wid=None post_wid=None skip_call=None call_count=1 args=(False,) kwds={}
2023-12-15 23:25:29,758 LT1-thread root DEBUG testcase.py               265   start                     : Test function parameters: args=(False,), kwds={}
2023-12-15 23:25:29,758 LT1-thread root DEBUG iutctl.py                 227   wait_iut_ready_event      : IUT ready event received OK
2023-12-15 23:25:29,759 LT1-thread root DEBUG testcase.py               253   start                     : Starting test function: class=<class 'autopts.ptsprojects.testcase.TestFunc'>, func=<function core_reg_svc_gap at 0x00000219E157B310> start_wid=None stop_wid=None post_wid=None skip_call=None call_count=25 args=() kwds={}
2023-12-15 23:25:29,759 LT1-thread root DEBUG testcase.py               265   start                     : Test function parameters: args=(), kwds={}
2023-12-15 23:25:29,759 LT1-thread root DEBUG btp.py                    424   core_reg_svc_gap          : core_reg_svc_gap
2023-12-15 23:25:29,759 LT1-thread root DEBUG iutctl_common.py          106   send                      : send, 0 3 255 '1'
2023-12-15 23:25:29,759 LT1-thread root DEBUG iutctl_common.py          111   send                      : sending frame '0003ff010001'
2023-12-15 23:25:29,759 LT1-thread root DEBUG btp.py                    632   core_reg_svc_rsp_succ     : core_reg_svc_rsp_succ
2023-12-15 23:25:29,759 LT1-thread root DEBUG iutctl_common.py          230   read                      : read
2023-12-15 23:25:29,797 BTPWorkerThread-10497 root DEBUG iutctl_common.py          76    read                      : Read 5 bytes
2023-12-15 23:25:29,797 BTPWorkerThread-10497 root DEBUG iutctl_common.py          83    read                      : Received: hdr: Header(svc_id=0, op=3, ctrl_index=255, data_len=0) bytearray(b'\x00\x03\xff\x00\x00')
2023-12-15 23:25:29,797 BTPWorkerThread-10497 root DEBUG iutctl_common.py          99    read                      : Received data: {''}, bytearray(b'')
2023-12-15 23:25:29,798 LT1-thread root DEBUG btp.py                    643   core_reg_svc_rsp_succ     : received Header(svc_id=0, op=3, ctrl_index=255, data_len=0) (b'',)
2023-12-15 23:25:29,798 LT1-thread root DEBUG btp.py                    644   core_reg_svc_rsp_succ     : expected ((0, 3, 255, 0), (b'',))
2023-12-15 23:25:29,798 LT1-thread root DEBUG btp.py                    649   core_reg_svc_rsp_succ     : response is valid
2023-12-15 23:25:29,798 LT1-thread root DEBUG testcase.py               253   start                     : Starting test function: class=<class 'autopts.ptsprojects.testcase.TestFunc'>, func=<function core_reg_svc_l2cap at 0x00000219E157B550> start_wid=None stop_wid=None post_wid=None skip_call=None call_count=25 args=() kwds={}
2023-12-15 23:25:29,798 LT1-thread root DEBUG testcase.py               265   start                     : Test function parameters: args=(), kwds={}
2023-12-15 23:25:29,798 LT1-thread root DEBUG btp.py                    458   core_reg_svc_l2cap        : core_reg_svc_l2cap
2023-12-15 23:25:29,798 LT1-thread root DEBUG iutctl_common.py          106   send                      : send, 0 3 255 '3'
2023-12-15 23:25:29,798 LT1-thread root DEBUG iutctl_common.py          111   send                      : sending frame '0003ff010003'
2023-12-15 23:25:29,798 LT1-thread root DEBUG btp.py                    632   core_reg_svc_rsp_succ     : core_reg_svc_rsp_succ
2023-12-15 23:25:29,799 LT1-thread root DEBUG iutctl_common.py          230   read                      : read
2023-12-15 23:25:29,877 BTPWorkerThread-10497 root DEBUG iutctl_common.py          76    read                      : Read 5 bytes
2023-12-15 23:25:29,909 BTPWorkerThread-10497 root DEBUG iutctl_common.py          83    read                      : Received: hdr: Header(svc_id=0, op=3, ctrl_index=255, data_len=0) bytearray(b'\x00\x03\xff\x00\x00')
2023-12-15 23:25:29,941 BTPWorkerThread-10497 root DEBUG iutctl_common.py          99    read                      : Received data: {''}, bytearray(b'')
2023-12-15 23:25:29,957 LT1-thread root DEBUG btp.py                    643   core_reg_svc_rsp_succ     : received Header(svc_id=0, op=3, ctrl_index=255, data_len=0) (b'',)
2023-12-15 23:25:29,957 LT1-thread root DEBUG btp.py                    644   core_reg_svc_rsp_succ     : expected ((0, 3, 255, 0), (b'',))
2023-12-15 23:25:29,957 LT1-thread root DEBUG btp.py                    649   core_reg_svc_rsp_succ     : response is valid
2023-12-15 23:25:29,957 LT1-thread root DEBUG testcase.py               253   start                     : Starting test function: class=<class 'autopts.ptsprojects.testcase.TestFunc'>, func=<function gap_read_ctrl_info at 0x00000219E15BCE50> start_wid=None stop_wid=None post_wid=None skip_call=None call_count=25 args=() kwds={}
2023-12-15 23:25:29,957 LT1-thread root DEBUG testcase.py               265   start                     : Test function parameters: args=(), kwds={}
2023-12-15 23:25:29,957 LT1-thread root DEBUG gap.py                    932   gap_read_ctrl_info        : gap_read_ctrl_info
2023-12-15 23:25:29,957 LT1-thread root DEBUG iutctl_common.py          106   send                      : send, 1 3 0 ''
2023-12-15 23:25:29,957 LT1-thread root DEBUG iutctl_common.py          111   send                      : sending frame '0103000000'
2023-12-15 23:25:29,958 LT1-thread root DEBUG iutctl_common.py          230   read                      : read
2023-12-15 23:25:30,053 BTPWorkerThread-10497 root DEBUG iutctl_common.py          76    read                      : Read 5 bytes
2023-12-15 23:25:30,069 BTPWorkerThread-10497 root DEBUG iutctl_common.py          83    read                      : Received: hdr: Header(svc_id=1, op=3, ctrl_index=0, data_len=277) bytearray(b'\x01\x03\x00\x15\x01')
2023-12-15 23:25:30,085 BTPWorkerThread-10497 root DEBUG iutctl_common.py          91    read                      : Read 277 bytes data
2023-12-15 23:25:30,101 BTPWorkerThread-10497 root DEBUG iutctl_common.py          99    read                      : Received data: {'c8 04 09 c0 ec d7 13 06 02 00 13 82 00 00 00 00 00 62 74 70 5f 74 65 73 74 65 72 00 00 00 00 00 00 00 00 00 00 00 00 00 00 00 00 00 00 00 00 00 00 00 00 00 00 00 00 00 00 00 00 00 00 00 00 00 00 00 00 00 00 00 00 00 00 00 00 00 00 00 00 00 00 00 00 00 00 00 00 00 00 00 00 00 00 00 00 00 00 00 00 00 00 00 00 00 00 00 00 00 00 00 00 00 00 00 00 00 00 00 00 00 00 00 00 00 00 00 00 00 00 00 00 00 00 00 00 00 00 00 00 00 00 00 00 00 00 00 00 00 00 00 00 00 00 00 00 00 00 00 00 00 00 00 00 00 00 00 00 00 00 00 00 00 00 00 00 00 00 00 00 00 00 00 00 00 00 00 00 00 00 00 00 00 00 00 00 00 00 00 00 00 00 00 00 00 00 00 00 00 00 00 00 00 00 00 00 00 00 00 00 00 00 00 00 00 00 00 00 00 00 00 00 00 00 00 00 00 00 00 00 00 00 00 00 00 00 00 00 00 00 00 00 00 00 00 00 00 00 00 00 00 00 00 00 00 00 00 00 00 00 00 00 00 00 00 00 00 00'}, bytearray(b'\xc8\x04\t\xc0\xec\xd7\x13\x06\x02\x00\x13\x82\x00\x00\x00\x00\x00btp_tester\x00\x00\x00\x00\x00\x00\x00\x00\x00\x00\x00\x00\x00\x00\x00\x00\x00\x00\x00\x00\x00\x00\x00\x00\x00\x00\x00\x00\x00\x00\x00\x00\x00\x00\x00\x00\x00\x00\x00\x00\x00\x00\x00\x00\x00\x00\x00\x00\x00\x00\x00\x00\x00\x00\x00\x00\x00\x00\x00\x00\x00\x00\x00\x00\x00\x00\x00\x00\x00\x00\x00\x00\x00\x00\x00\x00\x00\x00\x00\x00\x00\x00\x00\x00\x00\x00\x00\x00\x00\x00\x00\x00\x00\x00\x00\x00\x00\x00\x00\x00\x00\x00\x00\x00\x00\x00\x00\x00\x00\x00\x00\x00\x00\x00\x00\x00\x00\x00\x00\x00\x00\x00\x00\x00\x00\x00\x00\x00\x00\x00\x00\x00\x00\x00\x00\x00\x00\x00\x00\x00\x00\x00\x00\x00\x00\x00\x00\x00\x00\x00\x00\x00\x00\x00\x00\x00\x00\x00\x00\x00\x00\x00\x00\x00\x00\x00\x00\x00\x00\x00\x00\x00\x00\x00\x00\x00\x00\x00\x00\x00\x00\x00\x00\x00\x00\x00\x00\x00\x00\x00\x00\x00\x00\x00\x00\x00\x00\x00\x00\x00\x00\x00\x00\x00\x00\x00\x00\x00\x00\x00\x00\x00\x00\x00\x00\x00\x00\x00\x00\x00\x00\x00\x00\x00\x00\x00\x00\x00\x00\x00\x00\x00\x00\x00\x00\x00\x00\x00\x00\x00\x00\x00\x00\x00\x00\x00\x00\x00\x00\x00')
2023-12-15 23:25:30,101 LT1-thread root DEBUG gap.py                    939   gap_read_ctrl_info        : received Header(svc_id=1, op=3, ctrl_index=0, data_len=277) (b'\xc8\x04\t\xc0\xec\xd7\x13\x06\x02\x00\x13\x82\x00\x00\x00\x00\x00btp_tester\x00\x00\x00\x00\x00\x00\x00\x00\x00\x00\x00\x00\x00\x00\x00\x00\x00\x00\x00\x00\x00\x00\x00\x00\x00\x00\x00\x00\x00\x00\x00\x00\x00\x00\x00\x00\x00\x00\x00\x00\x00\x00\x00\x00\x00\x00\x00\x00\x00\x00\x00\x00\x00\x00\x00\x00\x00\x00\x00\x00\x00\x00\x00\x00\x00\x00\x00\x00\x00\x00\x00\x00\x00\x00\x00\x00\x00\x00\x00\x00\x00\x00\x00\x00\x00\x00\x00\x00\x00\x00\x00\x00\x00\x00\x00\x00\x00\x00\x00\x00\x00\x00\x00\x00\x00\x00\x00\x00\x00\x00\x00\x00\x00\x00\x00\x00\x00\x00\x00\x00\x00\x00\x00\x00\x00\x00\x00\x00\x00\x00\x00\x00\x00\x00\x00\x00\x00\x00\x00\x00\x00\x00\x00\x00\x00\x00\x00\x00\x00\x00\x00\x00\x00\x00\x00\x00\x00\x00\x00\x00\x00\x00\x00\x00\x00\x00\x00\x00\x00\x00\x00\x00\x00\x00\x00\x00\x00\x00\x00\x00\x00\x00\x00\x00\x00\x00\x00\x00\x00\x00\x00\x00\x00\x00\x00\x00\x00\x00\x00\x00\x00\x00\x00\x00\x00\x00\x00\x00\x00\x00\x00\x00\x00\x00\x00\x00\x00\x00\x00\x00\x00\x00\x00\x00\x00\x00\x00\x00\x00\x00\x00\x00\x00\x00\x00\x00\x00\x00\x00\x00\x00\x00\x00\x00\x00\x00\x00\x00\x00\x00',)
2023-12-15 23:25:30,101 LT1-thread root DEBUG gap.py                    960   gap_read_ctrl_info        : IUT address 'd7ecc00904c8' 'random'
2023-12-15 23:25:30,101 LT1-thread root DEBUG gap.py                    395   __gap_current_settings_update : __gap_current_settings_update 33299
2023-12-15 23:25:30,101 LT1-thread root DEBUG testcase.py               253   start                     : Starting test function: class=<class 'autopts.ptsprojects.testcase.TestFunc'>, func=<function test_cases.<locals>.<lambda> at 0x00000219E357C310> start_wid=None stop_wid=None post_wid=None skip_call=None call_count=25 args=() kwds={}
2023-12-15 23:25:30,101 LT1-thread root DEBUG testcase.py               265   start                     : Test function parameters: args=(), kwds={}
2023-12-15 23:25:30,106 LT1-thread root DEBUG testcase.py               253   start                     : Starting test function: class=<class 'autopts.ptsprojects.testcase.TestFunc'>, func=<function test_cases.<locals>.<lambda> at 0x00000219E35E21F0> start_wid=None stop_wid=None post_wid=None skip_call=None call_count=25 args=() kwds={}
2023-12-15 23:25:30,106 LT1-thread root DEBUG testcase.py               265   start                     : Test function parameters: args=(), kwds={}
2023-12-15 23:25:30,110 LT1-thread root DEBUG testcase.py               253   start                     : Starting test function: class=<class 'autopts.ptsprojects.testcase.TestFunc'>, func=<function test_cases.<locals>.<lambda> at 0x00000219E35E2160> start_wid=None stop_wid=None post_wid=None skip_call=None call_count=25 args=() kwds={}
2023-12-15 23:25:30,110 LT1-thread root DEBUG testcase.py               265   start                     : Test function parameters: args=(), kwds={}
2023-12-15 23:25:30,115 LT1-thread root DEBUG testcase.py               253   start                     : Starting test function: class=<class 'autopts.ptsprojects.testcase.TestFunc'>, func=<function test_cases.<locals>.<lambda> at 0x00000219E35E2280> start_wid=None stop_wid=None post_wid=None skip_call=None call_count=25 args=() kwds={}
2023-12-15 23:25:30,115 LT1-thread root DEBUG testcase.py               265   start                     : Test function parameters: args=(), kwds={}
2023-12-15 23:25:30,119 LT1-thread root DEBUG testcase.py               253   start                     : Starting test function: class=<class 'autopts.ptsprojects.testcase.TestFunc'>, func=<function test_cases.<locals>.<lambda> at 0x00000219E35E2310> start_wid=None stop_wid=None post_wid=None skip_call=None call_count=25 args=() kwds={}
2023-12-15 23:25:30,119 LT1-thread root DEBUG testcase.py               265   start                     : Test function parameters: args=(), kwds={}
2023-12-15 23:25:30,123 LT1-thread root DEBUG testcase.py               253   start                     : Starting test function: class=<class 'autopts.ptsprojects.testcase.TestFunc'>, func=<function test_cases.<locals>.<lambda> at 0x00000219E35E23A0> start_wid=None stop_wid=None post_wid=None skip_call=None call_count=25 args=() kwds={}
2023-12-15 23:25:30,123 LT1-thread root DEBUG testcase.py               265   start                     : Test function parameters: args=(), kwds={}
2023-12-15 23:25:30,128 LT1-thread root DEBUG testcase.py               253   start                     : Starting test function: class=<class 'autopts.ptsprojects.testcase.TestFunc'>, func=<function test_cases.<locals>.<lambda> at 0x00000219E35E2430> start_wid=None stop_wid=None post_wid=None skip_call=None call_count=25 args=() kwds={}
2023-12-15 23:25:30,128 LT1-thread root DEBUG testcase.py               265   start                     : Test function parameters: args=(), kwds={}
2023-12-15 23:25:30,132 LT1-thread root DEBUG testcase.py               253   start                     : Starting test function: class=<class 'autopts.ptsprojects.testcase.TestFunc'>, func=<function test_cases.<locals>.<lambda> at 0x00000219E35E24C0> start_wid=None stop_wid=None post_wid=None skip_call=None call_count=25 args=() kwds={}
2023-12-15 23:25:30,132 LT1-thread root DEBUG testcase.py               265   start                     : Test function parameters: args=(), kwds={}
2023-12-15 23:25:30,136 LT1-thread root DEBUG testcase.py               253   start                     : Starting test function: class=<class 'autopts.ptsprojects.testcase.TestFunc'>, func=<function test_cases.<locals>.<lambda> at 0x00000219E35E2550> start_wid=None stop_wid=None post_wid=None skip_call=None call_count=25 args=() kwds={}
2023-12-15 23:25:30,136 LT1-thread root DEBUG testcase.py               265   start                     : Test function parameters: args=(), kwds={}
2023-12-15 23:25:30,140 LT1-thread root DEBUG testcase.py               253   start                     : Starting test function: class=<class 'autopts.ptsprojects.testcase.TestFunc'>, func=<function test_cases.<locals>.<lambda> at 0x00000219E35E25E0> start_wid=None stop_wid=None post_wid=None skip_call=None call_count=25 args=() kwds={}
2023-12-15 23:25:30,141 LT1-thread root DEBUG testcase.py               265   start                     : Test function parameters: args=(), kwds={}
2023-12-15 23:25:30,145 LT1-thread root DEBUG testcase.py               253   start                     : Starting test function: class=<class 'autopts.ptsprojects.testcase.TestFunc'>, func=<function test_cases.<locals>.<lambda> at 0x00000219E35E2670> start_wid=None stop_wid=None post_wid=None skip_call=None call_count=25 args=() kwds={}
2023-12-15 23:25:30,145 LT1-thread root DEBUG testcase.py               265   start                     : Test function parameters: args=(), kwds={}
2023-12-15 23:25:30,149 LT1-thread root DEBUG testcase.py               253   start                     : Starting test function: class=<class 'autopts.ptsprojects.testcase.TestFunc'>, func=<function test_cases.<locals>.<lambda> at 0x00000219E35E2700> start_wid=None stop_wid=None post_wid=None skip_call=None call_count=25 args=() kwds={}
2023-12-15 23:25:30,149 LT1-thread root DEBUG testcase.py               265   start                     : Test function parameters: args=(), kwds={}
2023-12-15 23:25:30,154 LT1-thread root DEBUG testcase.py               253   start                     : Starting test function: class=<class 'autopts.ptsprojects.testcase.TestFunc'>, func=<function test_cases.<locals>.<lambda> at 0x00000219E35E2790> start_wid=None stop_wid=None post_wid=None skip_call=None call_count=25 args=() kwds={}
2023-12-15 23:25:30,154 LT1-thread root DEBUG testcase.py               265   start                     : Test function parameters: args=(), kwds={}
2023-12-15 23:25:30,158 LT1-thread root DEBUG testcase.py               253   start                     : Starting test function: class=<class 'autopts.ptsprojects.testcase.TestFunc'>, func=<function test_cases.<locals>.<lambda> at 0x00000219E35E2820> start_wid=None stop_wid=None post_wid=None skip_call=None call_count=25 args=() kwds={}
2023-12-15 23:25:30,158 LT1-thread root DEBUG testcase.py               265   start                     : Test function parameters: args=(), kwds={}
2023-12-15 23:25:30,162 LT1-thread root DEBUG testcase.py               253   start                     : Starting test function: class=<class 'autopts.ptsprojects.testcase.TestFunc'>, func=<function test_cases.<locals>.<lambda> at 0x00000219E35E28B0> start_wid=None stop_wid=None post_wid=None skip_call=None call_count=25 args=() kwds={}
2023-12-15 23:25:30,162 LT1-thread root DEBUG testcase.py               265   start                     : Test function parameters: args=(), kwds={}
2023-12-15 23:25:30,167 LT1-thread root DEBUG testcase.py               253   start                     : Starting test function: class=<class 'autopts.ptsprojects.testcase.TestFunc'>, func=<function set_pts_addr at 0x00000219E157B0D0> start_wid=None stop_wid=None post_wid=None skip_call=None call_count=25 args=('C0:07:E8:56:C9:EF', 0) kwds={}
2023-12-15 23:25:30,167 LT1-thread root DEBUG testcase.py               265   start                     : Test function parameters: args=('C0:07:E8:56:C9:EF', 0), kwds={}
2023-12-15 23:25:30,167 LT1-thread root DEBUG testcase.py               253   start                     : Starting test function: class=<class 'autopts.ptsprojects.testcase.TestFunc'>, func=<bound method Stack.l2cap_init of <autopts.ptsprojects.stack.Stack object at 0x00000219E311EFA0>> start_wid=None stop_wid=None post_wid=None skip_call=None call_count=23 args=(128, 120) kwds={}
2023-12-15 23:25:30,167 LT1-thread root DEBUG testcase.py               265   start                     : Test function parameters: args=(128, 120), kwds={}
2023-12-15 23:25:30,167 LT1-thread root DEBUG testcase.py               253   start                     : Starting test function: class=<class 'autopts.ptsprojects.testcase.TestFunc'>, func=<function l2cap_le_listen at 0x00000219E15D5670> start_wid=None stop_wid=None post_wid=None skip_call=None call_count=23 args=(128, 120, 0) kwds={}
2023-12-15 23:25:30,167 LT1-thread root DEBUG testcase.py               265   start                     : Test function parameters: args=(128, 120, 0), kwds={}
2023-12-15 23:25:30,167 LT1-thread root DEBUG l2cap.py                  155   l2cap_listen              : l2cap_le_listen 128 1 120 0
2023-12-15 23:25:30,167 LT1-thread root DEBUG iutctl_common.py          106   send                      : send, 3 5 0 "bytearray(b'\\x80\\x00\\x01x\\x00\\x00\\x00')"
2023-12-15 23:25:30,167 LT1-thread root DEBUG iutctl_common.py          111   send                      : sending frame '030500070080000178000000'
2023-12-15 23:25:30,167 LT1-thread root DEBUG l2cap.py                  50    l2cap_command_rsp_succ    : l2cap_command_rsp_succ
2023-12-15 23:25:30,167 LT1-thread root DEBUG iutctl_common.py          230   read                      : read
2023-12-15 23:25:30,225 BTPWorkerThread-10497 root DEBUG iutctl_common.py          76    read                      : Read 5 bytes
2023-12-15 23:25:30,241 BTPWorkerThread-10497 root DEBUG iutctl_common.py          83    read                      : Received: hdr: Header(svc_id=3, op=5, ctrl_index=0, data_len=0) bytearray(b'\x03\x05\x00\x00\x00')
2023-12-15 23:25:30,257 BTPWorkerThread-10497 root DEBUG iutctl_common.py          99    read                      : Received data: {''}, bytearray(b'')
2023-12-15 23:25:30,257 LT1-thread root DEBUG l2cap.py                  55    l2cap_command_rsp_succ    : received Header(svc_id=3, op=5, ctrl_index=0, data_len=0) (b'',)
2023-12-15 23:25:30,258 LT1-thread root DEBUG client.py                 301   get_result                : ClientCallback.get_result run_test_case
2023-12-15 23:25:35,648 LT1-callback ClientCallback.on_implicit_send INFO client.py                 251   on_implicit_send          : 
    ********************
    BEGIN OnImplicitSend:
    project_name: L2CAP
    wid: 51
    test_case_name: L2CAP/LE/CFC/BV-09-C
    description: Initiate or create LE ACL connection to the PTS.
    style: MMI_Style_Ok_Cancel2 0x11141
2023-12-15 23:25:35,648 LT1-callback ClientCallback.on_implicit_send INFO client.py                 264   on_implicit_send          : Calling test cases on_implicit_send
2023-12-15 23:25:35,648 LT1-callback ClientCallback.on_implicit_send INFO client.py                 277   on_implicit_send          : 
    on_implicit_send returned response: WAIT
    END OnImplicitSend
    ********************
2023-12-15 23:25:36,317 LT1-thread root DEBUG testcase.py               666   run_wid                   : L2CAP L2CAP/LE/CFC/BV-09-C on_implicit_send
2023-12-15 23:25:36,317 LT1-thread root DEBUG l2cap.py                  30    l2cap_wid_hdl             : l2cap_wid_hdl, 51, Initiate or create LE ACL connection to the PTS., L2CAP/LE/CFC/BV-09-C
2023-12-15 23:25:36,317 LT1-thread root DEBUG gap.py                    556   gap_conn                  : gap_conn None None
2023-12-15 23:25:36,317 LT1-thread root DEBUG iutctl_common.py          106   send                      : send, 1 14 0 "bytearray(b'\\x00\\xef\\xc9V\\xe8\\x07\\xc0\\x00')"
2023-12-15 23:25:36,317 LT1-thread root DEBUG iutctl_common.py          111   send                      : sending frame '010e00080000efc956e807c000'
2023-12-15 23:25:36,317 LT1-thread root DEBUG iutctl_common.py          230   read                      : read
2023-12-15 23:25:36,380 BTPWorkerThread-10497 root DEBUG iutctl_common.py          76    read                      : Read 5 bytes
2023-12-15 23:25:36,396 BTPWorkerThread-10497 root DEBUG iutctl_common.py          83    read                      : Received: hdr: Header(svc_id=1, op=14, ctrl_index=0, data_len=0) bytearray(b'\x01\x0e\x00\x00\x00')
2023-12-15 23:25:36,412 BTPWorkerThread-10497 root DEBUG iutctl_common.py          99    read                      : Received data: {''}, bytearray(b'')
2023-12-15 23:25:36,444 LT1-thread root DEBUG testcase.py               702   run_wid                   : Sending response 'OK' to wid 51 test case L2CAP/LE/CFC/BV-09-C
2023-12-15 23:25:36,445 LT1-thread root DEBUG client.py                 301   get_result                : ClientCallback.get_result run_test_case
2023-12-15 23:25:36,635 BTPWorkerThread-10497 root DEBUG iutctl_common.py          76    read                      : Read 5 bytes
2023-12-15 23:25:36,635 BTPWorkerThread-10497 root DEBUG iutctl_common.py          83    read                      : Received: hdr: Header(svc_id=1, op=130, ctrl_index=0, data_len=13) bytearray(b'\x01\x82\x00\r\x00')
2023-12-15 23:25:36,636 BTPWorkerThread-10497 root DEBUG iutctl_common.py          91    read                      : Read 13 bytes data
2023-12-15 23:25:36,636 BTPWorkerThread-10497 root DEBUG iutctl_common.py          99    read                      : Received data: {'00 ef c9 56 e8 07 c0 28 00 00 00 90 01'}, bytearray(b'\x00\xef\xc9V\xe8\x07\xc0(\x00\x00\x00\x90\x01')
2023-12-15 23:25:36,636 BTPWorkerThread-10497 root DEBUG btp.py                    728   event_handler             : event_handler Header(svc_id=1, op=130, ctrl_index=0, data_len=13) (b'\x00\xef\xc9V\xe8\x07\xc0(\x00\x00\x00\x90\x01',)
2023-12-15 23:25:36,636 BTPWorkerThread-10497 root DEBUG gap.py                    170   gap_connected_ev_         : gap_connected_ev_ b'\x00\xef\xc9V\xe8\x07\xc0(\x00\x00\x00\x90\x01'
2023-12-15 23:25:37,642 LT1-callback ClientCallback.on_implicit_send INFO client.py                 251   on_implicit_send          : 
    ********************
    BEGIN OnImplicitSend:
    project_name: L2CAP
    wid: 41
    test_case_name: L2CAP/LE/CFC/BV-09-C
    description: Using the Implementation Under Test (IUT), send a LE Credit based connection request to PTS.

Description: Verify that IUT can setup LE credit based channel.
    style: MMI_Style_Ok_Cancel2 0x11141
2023-12-15 23:25:37,642 LT1-callback ClientCallback.on_implicit_send INFO client.py                 264   on_implicit_send          : Calling test cases on_implicit_send
2023-12-15 23:25:37,642 LT1-callback ClientCallback.on_implicit_send INFO client.py                 277   on_implicit_send          : 
    on_implicit_send returned response: WAIT
    END OnImplicitSend
    ********************
2023-12-15 23:25:38,461 LT1-thread root DEBUG testcase.py               666   run_wid                   : L2CAP L2CAP/LE/CFC/BV-09-C on_implicit_send
2023-12-15 23:25:38,461 LT1-thread root DEBUG l2cap.py                  30    l2cap_wid_hdl             : l2cap_wid_hdl, 41, Using the Implementation Under Test (IUT), send a LE Credit based connection request to PTS.

Description: Verify that IUT can setup LE credit based channel., L2CAP/LE/CFC/BV-09-C
2023-12-15 23:25:38,462 LT1-thread root DEBUG l2cap.py                  61    l2cap_conn                : l2cap_conn None None 128
2023-12-15 23:25:38,462 LT1-thread root DEBUG iutctl_common.py          106   send                      : send, 3 2 0 "bytearray(b'\\x00\\xef\\xc9V\\xe8\\x07\\xc0\\x80\\x00x\\x00\\x01\\x00')"
2023-12-15 23:25:38,462 LT1-thread root DEBUG iutctl_common.py          111   send                      : sending frame '0302000d0000efc956e807c0800078000100'
2023-12-15 23:25:38,463 LT1-thread root DEBUG l2cap.py                  107   l2cap_conn_rsp            : l2cap_conn_rsp
2023-12-15 23:25:38,463 LT1-thread root DEBUG iutctl_common.py          230   read                      : read
2023-12-15 23:25:38,525 BTPWorkerThread-10497 root DEBUG iutctl_common.py          76    read                      : Read 5 bytes
2023-12-15 23:25:38,525 BTPWorkerThread-10497 root DEBUG iutctl_common.py          83    read                      : Received: hdr: Header(svc_id=3, op=2, ctrl_index=0, data_len=2) bytearray(b'\x03\x02\x00\x02\x00')
2023-12-15 23:25:38,541 BTPWorkerThread-10497 root DEBUG iutctl_common.py          91    read                      : Read 2 bytes data
2023-12-15 23:25:38,557 BTPWorkerThread-10497 root DEBUG iutctl_common.py          99    read                      : Received data: {'01 00'}, bytearray(b'\x01\x00')
2023-12-15 23:25:38,573 LT1-thread root DEBUG l2cap.py                  112   l2cap_conn_rsp            : received Header(svc_id=3, op=2, ctrl_index=0, data_len=2) (b'\x01\x00',)
2023-12-15 23:25:38,573 LT1-thread root DEBUG l2cap.py                  91    l2cap_conn                : id [0]
2023-12-15 23:25:38,573 LT1-thread root DEBUG testcase.py               702   run_wid                   : Sending response 'OK' to wid 41 test case L2CAP/LE/CFC/BV-09-C
2023-12-15 23:25:38,574 LT1-thread root DEBUG client.py                 301   get_result                : ClientCallback.get_result run_test_case
2023-12-15 23:25:38,588 BTPWorkerThread-10497 root DEBUG iutctl_common.py          76    read                      : Read 5 bytes
2023-12-15 23:25:38,589 BTPWorkerThread-10497 root DEBUG iutctl_common.py          83    read                      : Received: hdr: Header(svc_id=3, op=129, ctrl_index=0, data_len=18) bytearray(b'\x03\x81\x00\x12\x00')
2023-12-15 23:25:38,589 BTPWorkerThread-10497 root DEBUG iutctl_common.py          91    read                      : Read 18 bytes data
2023-12-15 23:25:38,589 BTPWorkerThread-10497 root DEBUG iutctl_common.py          99    read                      : Received data: {'00 be 00 40 00 40 00 78 00 60 00 00 ef c9 56 e8 07 c0'}, bytearray(b'\x00\xbe\x00@\x00@\x00x\x00`\x00\x00\xef\xc9V\xe8\x07\xc0')
2023-12-15 23:25:38,589 BTPWorkerThread-10497 root DEBUG btp.py                    728   event_handler             : event_handler Header(svc_id=3, op=129, ctrl_index=0, data_len=18) (b'\x00\xbe\x00@\x00@\x00x\x00`\x00\x00\xef\xc9V\xe8\x07\xc0',)
2023-12-15 23:25:38,589 BTPWorkerThread-10497 root DEBUG l2cap.py                  229   l2cap_connected_ev        : l2cap_connected_ev b'\x00\xbe\x00@\x00@\x00x\x00`\x00\x00\xef\xc9V\xe8\x07\xc0' 18
2023-12-15 23:25:38,589 BTPWorkerThread-10497 root DEBUG l2cap.py                  237   l2cap_connected_ev        : id:0 on psm:190, peer_mtu:64, peer_mps:64, our_mtu:120, our_mps:96, addr b'\xef\xc9V\xe8\x07\xc0' type 0
2023-12-15 23:25:38,682 BTPWorkerThread-10497 root DEBUG iutctl_common.py          76    read                      : Read 5 bytes
2023-12-15 23:25:38,682 BTPWorkerThread-10497 root DEBUG iutctl_common.py          83    read                      : Received: hdr: Header(svc_id=3, op=130, ctrl_index=0, data_len=12) bytearray(b'\x03\x82\x00\x0c\x00')
2023-12-15 23:25:38,682 BTPWorkerThread-10497 root DEBUG iutctl_common.py          91    read                      : Read 8 bytes data
2023-12-15 23:25:38,698 BTPWorkerThread-10497 root DEBUG iutctl_common.py          91    read                      : Read 4 bytes data
2023-12-15 23:25:38,699 BTPWorkerThread-10497 root DEBUG iutctl_common.py          99    read                      : Received data: {'00 00 00 00 00 00 ef c9 56 e8 07 c0'}, bytearray(b'\x00\x00\x00\x00\x00\x00\xef\xc9V\xe8\x07\xc0')
2023-12-15 23:25:38,699 BTPWorkerThread-10497 root DEBUG btp.py                    728   event_handler             : event_handler Header(svc_id=3, op=130, ctrl_index=0, data_len=12) (b'\x00\x00\x00\x00\x00\x00\xef\xc9V\xe8\x07\xc0',)
2023-12-15 23:25:38,699 BTPWorkerThread-10497 root DEBUG l2cap.py                  244   l2cap_disconnected_ev     : l2cap_disconnected_ev b'\x00\x00\x00\x00\x00\x00\xef\xc9V\xe8\x07\xc0' 12
2023-12-15 23:25:38,699 BTPWorkerThread-10497 root DEBUG l2cap.py                  251   l2cap_disconnected_ev     : id:0 on psm:0, addr b'\xef\xc9V\xe8\x07\xc0' type 0, res 'Success'
2023-12-15 23:25:41,494 LT1-callback ClientCallback.log INFO client.py                 227   log                       : PTS_LOGTYPE_START_TEST Start Test Case 

+16 ms
 L2CAP/LE/CFC/BV-09-C L2CAP/LE/CFC/BV-09-C

2023-12-15 23:25:41,648 LT1-callback ClientCallback.log INFO client.py                 227   log                       : PTS_LOGTYPE_FINAL_VERDICT Final Verdict 

+9907 ms
 L2CAP/LE/CFC/BV-09-C PASS

2023-12-15 23:25:41,651 LT1-callback ClientCallback.log INFO client.py                 227   log                       : PTS_LOGTYPE_FINAL_VERDICT Encrypted Verdict 

+9907 ms
 L2CAP/LE/CFC/BV-09-C A1#ZWY4MzQ5MDg3MmQwNTIxOGQzMzQ5YjY2ODA5M2MzNjQ5ZDY4NmY0Yjc2MzIzM2VkNTUyNTFhNGU4Mjg1MjI0NA==#CnEdNqiaQiKbQ5yuxZLxQLpOFVLIOCr/17YgdA61edWaGcora02O6F1M8l2OpmQs

2023-12-15 23:25:41,653 LT1-callback ClientCallback.log INFO client.py                 227   log                       : PTS_LOGTYPE_END_TEST Test Case Ended 

+9907 ms
 L2CAP/LE/CFC/BV-09-C L2CAP/LE/CFC/BV-09-C

2023-12-15 23:25:41,691 LT1-callback root DEBUG client.py                 289   set_result                : ClientCallback, set_result, run_test_case, PASS
2023-12-15 23:25:41,691 LT1-thread root DEBUG client.py                 960   _run_test_case            : After run_test_case error_code=0 status='PASS'
2023-12-15 23:25:41,691 LT1-thread root DEBUG testcase.py               747   post_run                  : post_run L2CAP L2CAP/LE/CFC/BV-09-C 0
2023-12-15 23:25:41,691 LT1-thread root DEBUG testcase.py               253   start                     : Starting test function: class=<class 'autopts.ptsprojects.testcase.TestFuncCleanUp'>, func=<bound method Stack.cleanup of <autopts.ptsprojects.stack.Stack object at 0x00000219E311EFA0>> start_wid=None stop_wid=None post_wid=None skip_call=None call_count=1 args=() kwds={}
2023-12-15 23:25:41,691 LT1-thread root DEBUG testcase.py               265   start                     : Test function parameters: args=(), kwds={}
2023-12-15 23:25:41,691 LT1-thread root DEBUG testcase.py               253   start                     : Starting test function: class=<class 'autopts.ptsprojects.testcase.TestFuncCleanUp'>, func=<bound method ZephyrCtl.stop of <autopts.ptsprojects.zephyr.iutctl.ZephyrCtl object at 0x00000219E311E0A0>> start_wid=None stop_wid=None post_wid=None skip_call=None call_count=1 args=() kwds={}
2023-12-15 23:25:41,691 LT1-thread root DEBUG testcase.py               265   start                     : Test function parameters: args=(), kwds={}
2023-12-15 23:25:41,691 LT1-thread root DEBUG iutctl.py                 248   stop                      : <class 'autopts.ptsprojects.zephyr.iutctl.ZephyrCtl'>.stop
2023-12-15 23:25:41,691 LT1-thread root DEBUG __init__.py               48    reset                     : About to reset DUT: 'nrfjprog -r -s 683511993'
2023-12-15 23:25:42,460 BTPWorkerThread-10497 root DEBUG iutctl_common.py          76    read                      : Read 5 bytes
2023-12-15 23:25:42,476 BTPWorkerThread-10497 root DEBUG iutctl_common.py          83    read                      : Received: hdr: Header(svc_id=0, op=128, ctrl_index=255, data_len=0) bytearray(b'\x00\x80\xff\x00\x00')
2023-12-15 23:25:42,492 BTPWorkerThread-10497 root DEBUG iutctl_common.py          99    read                      : Received data: {''}, bytearray(b'')
2023-12-15 23:25:42,492 BTPWorkerThread-10497 root DEBUG btp.py                    728   event_handler             : event_handler Header(svc_id=0, op=128, ctrl_index=255, data_len=0) (b'',)
2023-12-15 23:25:42,492 BTPWorkerThread-10497 root DEBUG core.py                   28    core_iut_ready_ev         : core_iut_ready_ev
2023-12-15 23:25:42,492 LT1-thread root DEBUG iutctl.py                 266   stop                      : IUT ready event received OK
2023-12-15 23:25:42,492 LT1-thread root DEBUG iutctl_common.py          307   close                     : Waiting for _rx_worker to finish ...
2023-12-15 23:25:43,495 BTPWorkerThread-10497 root DEBUG iutctl_common.py          223   _rx_task                  : BTPWorkerThread-10497 finishing...
2023-12-15 23:25:46,518 LT1-thread root DEBUG testcase.py               773   post_run                  : post_run, cleanup running post test case script
2023-12-15 23:25:46,519 LT1-thread root DEBUG testcase.py               783   post_run                  : post_run, run post test case script
2023-12-15 23:25:46,592 LT1-thread root DEBUG client.py                 987   _run_test_case            : Done TestCase _run_test_case L2CAP L2CAP/LE/CFC/BV-09-C
