2024-06-10 03:58:33,737 LT1-thread root DEBUG client.py                 942   _run_test_case            : Starting TestCase _run_test_case HAS HAS/SR/FEAT/BV-07-C
2024-06-10 03:58:33,737 LT1-thread root DEBUG testcase.py               712   pre_run                   : pre_run HAS HAS/SR/FEAT/BV-07-C
2024-06-10 03:58:33,737 LT1-thread root DEBUG testcase.py               714   pre_run                   : About to run test case HAS HAS/SR/FEAT/BV-07-C with commands:
2024-06-10 03:58:33,737 LT1-thread root DEBUG testcase.py               717   pre_run                   : 0) class=<class 'autopts.ptsprojects.testcase.TestFunc'>, func=<bound method Stack.core_init of <autopts.ptsprojects.stack.stack.Stack object at 0x7f725703ee30>> start_wid=None stop_wid=None post_wid=None skip_call=None call_count=0 args=() kwds={}
2024-06-10 03:58:33,738 LT1-thread root DEBUG testcase.py               717   pre_run                   : 1) class=<class 'autopts.ptsprojects.testcase.TestFunc'>, func=<bound method ZephyrCtl.hw_reset of <autopts.ptsprojects.zephyr.iutctl.ZephyrCtl object at 0x7f725703f760>> start_wid=None stop_wid=None post_wid=None skip_call=None call_count=0 args=() kwds={}
2024-06-10 03:58:33,738 LT1-thread root DEBUG testcase.py               717   pre_run                   : 2) class=<class 'autopts.ptsprojects.testcase.TestFunc'>, func=<bound method ZephyrCtl.start of <autopts.ptsprojects.zephyr.iutctl.ZephyrCtl object at 0x7f725703f760>> start_wid=None stop_wid=None post_wid=None skip_call=None call_count=0 args=(<autopts.ptsprojects.zephyr.ztestcase.ZTestCase object at 0x7f725565bf10>,) kwds={}
2024-06-10 03:58:33,738 LT1-thread root DEBUG testcase.py               717   pre_run                   : 3) class=<class 'autopts.ptsprojects.testcase.TestFunc'>, func=<bound method ZephyrCtl.hw_reset of <autopts.ptsprojects.zephyr.iutctl.ZephyrCtl object at 0x7f725703f760>> start_wid=None stop_wid=None post_wid=None skip_call=None call_count=0 args=() kwds={}
2024-06-10 03:58:33,738 LT1-thread root DEBUG testcase.py               717   pre_run                   : 4) class=<class 'autopts.ptsprojects.testcase.TestFunc'>, func=<bound method ZephyrCtl.wait_iut_ready_event of <autopts.ptsprojects.zephyr.iutctl.ZephyrCtl object at 0x7f725703f760>> start_wid=None stop_wid=None post_wid=None skip_call=None call_count=0 args=(False,) kwds={}
2024-06-10 03:58:33,738 LT1-thread root DEBUG testcase.py               717   pre_run                   : 5) class=<class 'autopts.ptsprojects.testcase.TestFunc'>, func=<function core_reg_svc_gap at 0x7f725992d240> start_wid=None stop_wid=None post_wid=None skip_call=None call_count=9 args=() kwds={}
2024-06-10 03:58:33,738 LT1-thread root DEBUG testcase.py               717   pre_run                   : 6) class=<class 'autopts.ptsprojects.testcase.TestFunc'>, func=<bound method Stack.gap_init of <autopts.ptsprojects.stack.stack.Stack object at 0x7f725703ee30>> start_wid=None stop_wid=None post_wid=None skip_call=None call_count=9 args=(b'Tester_56C9EF',) kwds={}
2024-06-10 03:58:33,738 LT1-thread root DEBUG testcase.py               717   pre_run                   : 7) class=<class 'autopts.ptsprojects.testcase.TestFunc'>, func=<function gap_read_ctrl_info at 0x7f72599411b0> start_wid=None stop_wid=None post_wid=None skip_call=None call_count=9 args=() kwds={}
2024-06-10 03:58:33,738 LT1-thread root DEBUG testcase.py               717   pre_run                   : 8) class=<class 'autopts.ptsprojects.testcase.TestFunc'>, func=<function test_cases.<locals>.<lambda> at 0x7f72570639a0> start_wid=None stop_wid=None post_wid=None skip_call=None call_count=9 args=() kwds={}
2024-06-10 03:58:33,738 LT1-thread root DEBUG testcase.py               717   pre_run                   : 9) class=<class 'autopts.ptsprojects.testcase.TestFunc'>, func=<function core_reg_svc_gatt at 0x7f725992d360> start_wid=None stop_wid=None post_wid=None skip_call=None call_count=9 args=() kwds={}
2024-06-10 03:58:33,738 LT1-thread root DEBUG testcase.py               717   pre_run                   : 10) class=<class 'autopts.ptsprojects.testcase.TestFunc'>, func=<function set_pts_addr at 0x7f725992ce50> start_wid=None stop_wid=None post_wid=None skip_call=None call_count=9 args=('C0:07:E8:56:C9:EF', 0) kwds={}
2024-06-10 03:58:33,738 LT1-thread root DEBUG testcase.py               717   pre_run                   : 11) class=<class 'autopts.ptsprojects.testcase.TestFunc'>, func=<function gap_set_conn at 0x7f7259940b80> start_wid=None stop_wid=None post_wid=None skip_call=None call_count=9 args=() kwds={}
2024-06-10 03:58:33,738 LT1-thread root DEBUG testcase.py               717   pre_run                   : 12) class=<class 'autopts.ptsprojects.testcase.TestFunc'>, func=<function gap_set_gendiscov at 0x7f7259940d30> start_wid=None stop_wid=None post_wid=None skip_call=None call_count=9 args=() kwds={}
2024-06-10 03:58:33,738 LT1-thread root DEBUG testcase.py               717   pre_run                   : 13) class=<class 'autopts.ptsprojects.testcase.TestFunc'>, func=<function core_reg_svc_has at 0x7f725992dc60> start_wid=None stop_wid=None post_wid=None skip_call=None call_count=9 args=() kwds={}
2024-06-10 03:58:33,738 LT1-thread root DEBUG testcase.py               717   pre_run                   : 14) class=<class 'autopts.ptsprojects.testcase.TestFunc'>, func=<function has_add_preset at 0x7f72599f53f0> start_wid=None stop_wid=None post_wid=None skip_call=None call_count=9 args=(1, <PresetProperty.BT_HAS_PROP_AVAILABLE|BT_HAS_PROP_WRITABLE: 3>, 'PRESET_1') kwds={}
2024-06-10 03:58:33,738 LT1-thread root DEBUG testcase.py               717   pre_run                   : 15) class=<class 'autopts.ptsprojects.testcase.TestFunc'>, func=<function has_add_preset at 0x7f72599f53f0> start_wid=None stop_wid=None post_wid=None skip_call=None call_count=9 args=(2, <PresetProperty.BT_HAS_PROP_AVAILABLE|BT_HAS_PROP_WRITABLE: 3>, 'PRESET_2') kwds={}
2024-06-10 03:58:33,738 LT1-thread root DEBUG testcase.py               717   pre_run                   : 16) class=<class 'autopts.ptsprojects.testcase.TestFunc'>, func=<function has_add_preset at 0x7f72599f53f0> start_wid=None stop_wid=None post_wid=None skip_call=None call_count=9 args=(4, <PresetProperty.BT_HAS_PROP_AVAILABLE: 2>, 'PRESET_4') kwds={}
2024-06-10 03:58:33,738 LT1-thread root DEBUG testcase.py               717   pre_run                   : 17) class=<class 'autopts.ptsprojects.testcase.TestFunc'>, func=<function has_add_preset at 0x7f72599f53f0> start_wid=None stop_wid=None post_wid=None skip_call=None call_count=9 args=(3, <PresetProperty.BT_HAS_PROP_NONE: 0>, 'PRESET_3') kwds={}
2024-06-10 03:58:33,738 LT1-thread root DEBUG testcase.py               717   pre_run                   : 18) class=<class 'autopts.ptsprojects.testcase.TestFuncCleanUp'>, func=<bound method Stack.cleanup of <autopts.ptsprojects.stack.stack.Stack object at 0x7f725703ee30>> start_wid=None stop_wid=None post_wid=None skip_call=None call_count=0 args=() kwds={}
2024-06-10 03:58:33,738 LT1-thread root DEBUG testcase.py               717   pre_run                   : 19) class=<class 'autopts.ptsprojects.testcase.TestFuncCleanUp'>, func=<bound method ZephyrCtl.stop of <autopts.ptsprojects.zephyr.iutctl.ZephyrCtl object at 0x7f725703f760>> start_wid=None stop_wid=None post_wid=None skip_call=None call_count=0 args=() kwds={}
2024-06-10 03:58:33,739 LT1-thread root DEBUG testcase.py               724   pre_run                   : pre_run, run pre test case script
2024-06-10 03:58:33,739 LT1-thread root DEBUG testcase.py               253   start                     : Starting test function: class=<class 'autopts.ptsprojects.testcase.TestFunc'>, func=<bound method Stack.core_init of <autopts.ptsprojects.stack.stack.Stack object at 0x7f725703ee30>> start_wid=None stop_wid=None post_wid=None skip_call=None call_count=1 args=() kwds={}
2024-06-10 03:58:33,739 LT1-thread root DEBUG testcase.py               265   start                     : Test function parameters: args=(), kwds={}
2024-06-10 03:58:33,739 LT1-thread root DEBUG testcase.py               253   start                     : Starting test function: class=<class 'autopts.ptsprojects.testcase.TestFunc'>, func=<bound method ZephyrCtl.hw_reset of <autopts.ptsprojects.zephyr.iutctl.ZephyrCtl object at 0x7f725703f760>> start_wid=None stop_wid=None post_wid=None skip_call=None call_count=1 args=() kwds={}
2024-06-10 03:58:33,739 LT1-thread root DEBUG testcase.py               265   start                     : Test function parameters: args=(), kwds={}
2024-06-10 03:58:33,739 LT1-thread root DEBUG testcase.py               253   start                     : Starting test function: class=<class 'autopts.ptsprojects.testcase.TestFunc'>, func=<bound method ZephyrCtl.start of <autopts.ptsprojects.zephyr.iutctl.ZephyrCtl object at 0x7f725703f760>> start_wid=None stop_wid=None post_wid=None skip_call=None call_count=1 args=(<autopts.ptsprojects.zephyr.ztestcase.ZTestCase object at 0x7f725565bf10>,) kwds={}
2024-06-10 03:58:33,739 LT1-thread root DEBUG testcase.py               265   start                     : Test function parameters: args=(<autopts.ptsprojects.zephyr.ztestcase.ZTestCase object at 0x7f725565bf10>,), kwds={}
2024-06-10 03:58:33,739 LT1-thread root DEBUG iutctl.py                 104   start                     : <class 'autopts.ptsprojects.zephyr.iutctl.ZephyrCtl'>.start
2024-06-10 03:58:33,739 LT1-thread root DEBUG iutctl.py                 169   flush_serial              : <class 'autopts.ptsprojects.zephyr.iutctl.ZephyrCtl'>.flush_serial
2024-06-10 03:58:34,776 LT1-thread root DEBUG iutctl.py                 134   start                     : Starting socat process: socat -x -v /dev/ttyACM1,rawer,b115200 UNIX-CONNECT:/tmp/bt-stack-tester1050060770
2024-06-10 03:58:34,777 LT1-thread root DEBUG iutctl_common.py          293   accept                    : accept
2024-06-10 03:58:34,778 BTPWorkerThread-19415 (_rx_task) root DEBUG iutctl_common.py          198   _rx_task                  : BTPWorkerThread-19415 (_rx_task) started
2024-06-10 03:58:34,778 LT1-thread root DEBUG testcase.py               253   start                     : Starting test function: class=<class 'autopts.ptsprojects.testcase.TestFunc'>, func=<bound method ZephyrCtl.hw_reset of <autopts.ptsprojects.zephyr.iutctl.ZephyrCtl object at 0x7f725703f760>> start_wid=None stop_wid=None post_wid=None skip_call=None call_count=1 args=() kwds={}
2024-06-10 03:58:34,778 LT1-thread root DEBUG testcase.py               265   start                     : Test function parameters: args=(), kwds={}
2024-06-10 03:58:34,778 LT1-thread root DEBUG testcase.py               253   start                     : Starting test function: class=<class 'autopts.ptsprojects.testcase.TestFunc'>, func=<bound method ZephyrCtl.wait_iut_ready_event of <autopts.ptsprojects.zephyr.iutctl.ZephyrCtl object at 0x7f725703f760>> start_wid=None stop_wid=None post_wid=None skip_call=None call_count=1 args=(False,) kwds={}
2024-06-10 03:58:34,778 LT1-thread root DEBUG testcase.py               265   start                     : Test function parameters: args=(False,), kwds={}
2024-06-10 03:58:34,779 LT1-thread root DEBUG iutctl.py                 230   wait_iut_ready_event      : IUT ready event received OK
2024-06-10 03:58:34,779 LT1-thread root DEBUG testcase.py               253   start                     : Starting test function: class=<class 'autopts.ptsprojects.testcase.TestFunc'>, func=<function core_reg_svc_gap at 0x7f725992d240> start_wid=None stop_wid=None post_wid=None skip_call=None call_count=10 args=() kwds={}
2024-06-10 03:58:34,779 LT1-thread root DEBUG testcase.py               265   start                     : Test function parameters: args=(), kwds={}
2024-06-10 03:58:34,779 LT1-thread root DEBUG btp.py                    461   core_reg_svc_gap          : core_reg_svc_gap
2024-06-10 03:58:34,779 LT1-thread root DEBUG iutctl_common.py          106   send                      : send, 0 3 255 '1'
2024-06-10 03:58:34,779 LT1-thread root DEBUG iutctl_common.py          111   send                      : sending frame '0003ff010001'
2024-06-10 03:58:34,779 LT1-thread root DEBUG btp.py                    710   core_reg_svc_rsp_succ     : core_reg_svc_rsp_succ
2024-06-10 03:58:34,779 LT1-thread root DEBUG iutctl_common.py          230   read                      : read
2024-06-10 03:58:34,829 BTPWorkerThread-19415 (_rx_task) root DEBUG iutctl_common.py          76    read                      : Read 5 bytes
2024-06-10 03:58:34,840 BTPWorkerThread-19415 (_rx_task) root DEBUG iutctl_common.py          83    read                      : Received: hdr: Header(svc_id=0, op=3, ctrl_index=255, data_len=0) bytearray(b'\x00\x03\xff\x00\x00')
2024-06-10 03:58:34,850 BTPWorkerThread-19415 (_rx_task) root DEBUG iutctl_common.py          99    read                      : Received data: {''}, bytearray(b'')
2024-06-10 03:58:34,861 LT1-thread root DEBUG btp.py                    721   core_reg_svc_rsp_succ     : received Header(svc_id=0, op=3, ctrl_index=255, data_len=0) (b'',)
2024-06-10 03:58:34,861 LT1-thread root DEBUG btp.py                    722   core_reg_svc_rsp_succ     : expected ((0, 3, 255, 0), (b'',))
2024-06-10 03:58:34,861 LT1-thread root DEBUG btp.py                    727   core_reg_svc_rsp_succ     : response is valid
2024-06-10 03:58:34,861 LT1-thread root DEBUG testcase.py               253   start                     : Starting test function: class=<class 'autopts.ptsprojects.testcase.TestFunc'>, func=<bound method Stack.gap_init of <autopts.ptsprojects.stack.stack.Stack object at 0x7f725703ee30>> start_wid=None stop_wid=None post_wid=None skip_call=None call_count=10 args=(b'Tester_56C9EF',) kwds={}
2024-06-10 03:58:34,861 LT1-thread root DEBUG testcase.py               265   start                     : Test function parameters: args=(b'Tester_56C9EF',), kwds={}
2024-06-10 03:58:34,861 LT1-thread root DEBUG testcase.py               253   start                     : Starting test function: class=<class 'autopts.ptsprojects.testcase.TestFunc'>, func=<function gap_read_ctrl_info at 0x7f72599411b0> start_wid=None stop_wid=None post_wid=None skip_call=None call_count=10 args=() kwds={}
2024-06-10 03:58:34,861 LT1-thread root DEBUG testcase.py               265   start                     : Test function parameters: args=(), kwds={}
2024-06-10 03:58:34,861 LT1-thread root DEBUG gap.py                    937   gap_read_ctrl_info        : gap_read_ctrl_info
2024-06-10 03:58:34,861 LT1-thread root DEBUG iutctl_common.py          106   send                      : send, 1 3 0 ''
2024-06-10 03:58:34,861 LT1-thread root DEBUG iutctl_common.py          111   send                      : sending frame '0103000000'
2024-06-10 03:58:34,861 LT1-thread root DEBUG iutctl_common.py          230   read                      : read
2024-06-10 03:58:35,060 BTPWorkerThread-19415 (_rx_task) root DEBUG iutctl_common.py          76    read                      : Read 5 bytes
2024-06-10 03:58:35,070 BTPWorkerThread-19415 (_rx_task) root DEBUG iutctl_common.py          83    read                      : Received: hdr: Header(svc_id=1, op=3, ctrl_index=0, data_len=277) bytearray(b'\x01\x03\x00\x15\x01')
2024-06-10 03:58:35,086 BTPWorkerThread-19415 (_rx_task) root DEBUG iutctl_common.py          91    read                      : Read 73 bytes data
2024-06-10 03:58:35,101 BTPWorkerThread-19415 (_rx_task) root DEBUG iutctl_common.py          91    read                      : Read 204 bytes data
2024-06-10 03:58:35,111 BTPWorkerThread-19415 (_rx_task) root DEBUG iutctl_common.py          99    read                      : Received data: {'c3 51 0b 1b b8 d7 13 06 02 00 13 82 00 00 00 00 00 62 74 70 5f 74 65 73 74 65 72 00 00 00 00 00 00 00 00 00 00 00 00 00 00 00 00 00 00 00 00 00 00 00 00 00 00 00 00 00 00 00 00 00 00 00 00 00 00 00 00 00 00 00 00 00 00 00 00 00 00 00 00 00 00 00 00 00 00 00 00 00 00 00 00 00 00 00 00 00 00 00 00 00 00 00 00 00 00 00 00 00 00 00 00 00 00 00 00 00 00 00 00 00 00 00 00 00 00 00 00 00 00 00 00 00 00 00 00 00 00 00 00 00 00 00 00 00 00 00 00 00 00 00 00 00 00 00 00 00 00 00 00 00 00 00 00 00 00 00 00 00 00 00 00 00 00 00 00 00 00 00 00 00 00 00 00 00 00 00 00 00 00 00 00 00 00 00 00 00 00 00 00 00 00 00 00 00 00 00 00 00 00 00 00 00 00 00 00 00 00 00 00 00 00 00 00 00 00 00 00 00 00 00 00 00 00 00 00 00 00 00 00 00 00 00 00 00 00 00 00 00 00 00 00 00 00 00 00 00 00 00 00 00 00 00 00 00 00 00 00 00 00 00 00 00 00 00 00 00 00'}, bytearray(b'\xc3Q\x0b\x1b\xb8\xd7\x13\x06\x02\x00\x13\x82\x00\x00\x00\x00\x00btp_tester\x00\x00\x00\x00\x00\x00\x00\x00\x00\x00\x00\x00\x00\x00\x00\x00\x00\x00\x00\x00\x00\x00\x00\x00\x00\x00\x00\x00\x00\x00\x00\x00\x00\x00\x00\x00\x00\x00\x00\x00\x00\x00\x00\x00\x00\x00\x00\x00\x00\x00\x00\x00\x00\x00\x00\x00\x00\x00\x00\x00\x00\x00\x00\x00\x00\x00\x00\x00\x00\x00\x00\x00\x00\x00\x00\x00\x00\x00\x00\x00\x00\x00\x00\x00\x00\x00\x00\x00\x00\x00\x00\x00\x00\x00\x00\x00\x00\x00\x00\x00\x00\x00\x00\x00\x00\x00\x00\x00\x00\x00\x00\x00\x00\x00\x00\x00\x00\x00\x00\x00\x00\x00\x00\x00\x00\x00\x00\x00\x00\x00\x00\x00\x00\x00\x00\x00\x00\x00\x00\x00\x00\x00\x00\x00\x00\x00\x00\x00\x00\x00\x00\x00\x00\x00\x00\x00\x00\x00\x00\x00\x00\x00\x00\x00\x00\x00\x00\x00\x00\x00\x00\x00\x00\x00\x00\x00\x00\x00\x00\x00\x00\x00\x00\x00\x00\x00\x00\x00\x00\x00\x00\x00\x00\x00\x00\x00\x00\x00\x00\x00\x00\x00\x00\x00\x00\x00\x00\x00\x00\x00\x00\x00\x00\x00\x00\x00\x00\x00\x00\x00\x00\x00\x00\x00\x00\x00\x00\x00\x00\x00\x00\x00\x00\x00\x00\x00\x00\x00\x00\x00\x00\x00\x00\x00\x00\x00\x00\x00\x00\x00')
2024-06-10 03:58:35,122 LT1-thread root DEBUG gap.py                    944   gap_read_ctrl_info        : received Header(svc_id=1, op=3, ctrl_index=0, data_len=277) (b'\xc3Q\x0b\x1b\xb8\xd7\x13\x06\x02\x00\x13\x82\x00\x00\x00\x00\x00btp_tester\x00\x00\x00\x00\x00\x00\x00\x00\x00\x00\x00\x00\x00\x00\x00\x00\x00\x00\x00\x00\x00\x00\x00\x00\x00\x00\x00\x00\x00\x00\x00\x00\x00\x00\x00\x00\x00\x00\x00\x00\x00\x00\x00\x00\x00\x00\x00\x00\x00\x00\x00\x00\x00\x00\x00\x00\x00\x00\x00\x00\x00\x00\x00\x00\x00\x00\x00\x00\x00\x00\x00\x00\x00\x00\x00\x00\x00\x00\x00\x00\x00\x00\x00\x00\x00\x00\x00\x00\x00\x00\x00\x00\x00\x00\x00\x00\x00\x00\x00\x00\x00\x00\x00\x00\x00\x00\x00\x00\x00\x00\x00\x00\x00\x00\x00\x00\x00\x00\x00\x00\x00\x00\x00\x00\x00\x00\x00\x00\x00\x00\x00\x00\x00\x00\x00\x00\x00\x00\x00\x00\x00\x00\x00\x00\x00\x00\x00\x00\x00\x00\x00\x00\x00\x00\x00\x00\x00\x00\x00\x00\x00\x00\x00\x00\x00\x00\x00\x00\x00\x00\x00\x00\x00\x00\x00\x00\x00\x00\x00\x00\x00\x00\x00\x00\x00\x00\x00\x00\x00\x00\x00\x00\x00\x00\x00\x00\x00\x00\x00\x00\x00\x00\x00\x00\x00\x00\x00\x00\x00\x00\x00\x00\x00\x00\x00\x00\x00\x00\x00\x00\x00\x00\x00\x00\x00\x00\x00\x00\x00\x00\x00\x00\x00\x00\x00\x00\x00\x00\x00\x00\x00\x00\x00\x00\x00\x00\x00\x00\x00\x00',)
2024-06-10 03:58:35,122 LT1-thread root DEBUG gap.py                    965   gap_read_ctrl_info        : IUT address 'd7b81b0b51c3' 'random'
2024-06-10 03:58:35,122 LT1-thread root DEBUG gap.py                    400   __gap_current_settings_update : __gap_current_settings_update 33299
2024-06-10 03:58:35,122 LT1-thread root DEBUG testcase.py               253   start                     : Starting test function: class=<class 'autopts.ptsprojects.testcase.TestFunc'>, func=<function test_cases.<locals>.<lambda> at 0x7f72570639a0> start_wid=None stop_wid=None post_wid=None skip_call=None call_count=10 args=() kwds={}
2024-06-10 03:58:35,122 LT1-thread root DEBUG testcase.py               265   start                     : Test function parameters: args=(), kwds={}
2024-06-10 03:58:36,709 LT1-thread root DEBUG testcase.py               253   start                     : Starting test function: class=<class 'autopts.ptsprojects.testcase.TestFunc'>, func=<function core_reg_svc_gatt at 0x7f725992d360> start_wid=None stop_wid=None post_wid=None skip_call=None call_count=10 args=() kwds={}
2024-06-10 03:58:36,709 LT1-thread root DEBUG testcase.py               265   start                     : Test function parameters: args=(), kwds={}
2024-06-10 03:58:36,709 LT1-thread root DEBUG btp.py                    479   core_reg_svc_gatt         : core_reg_svc_gatt
2024-06-10 03:58:36,709 LT1-thread root DEBUG iutctl_common.py          106   send                      : send, 0 3 255 '2'
2024-06-10 03:58:36,709 LT1-thread root DEBUG iutctl_common.py          111   send                      : sending frame '0003ff010002'
2024-06-10 03:58:36,709 LT1-thread root DEBUG btp.py                    710   core_reg_svc_rsp_succ     : core_reg_svc_rsp_succ
2024-06-10 03:58:36,709 LT1-thread root DEBUG iutctl_common.py          230   read                      : read
2024-06-10 03:58:36,720 BTPWorkerThread-19415 (_rx_task) root DEBUG iutctl_common.py          76    read                      : Read 5 bytes
2024-06-10 03:58:36,721 BTPWorkerThread-19415 (_rx_task) root DEBUG iutctl_common.py          83    read                      : Received: hdr: Header(svc_id=0, op=3, ctrl_index=255, data_len=0) bytearray(b'\x00\x03\xff\x00\x00')
2024-06-10 03:58:36,721 BTPWorkerThread-19415 (_rx_task) root DEBUG iutctl_common.py          99    read                      : Received data: {''}, bytearray(b'')
2024-06-10 03:58:36,721 LT1-thread root DEBUG btp.py                    721   core_reg_svc_rsp_succ     : received Header(svc_id=0, op=3, ctrl_index=255, data_len=0) (b'',)
2024-06-10 03:58:36,721 LT1-thread root DEBUG btp.py                    722   core_reg_svc_rsp_succ     : expected ((0, 3, 255, 0), (b'',))
2024-06-10 03:58:36,721 LT1-thread root DEBUG btp.py                    727   core_reg_svc_rsp_succ     : response is valid
2024-06-10 03:58:36,721 LT1-thread root DEBUG testcase.py               253   start                     : Starting test function: class=<class 'autopts.ptsprojects.testcase.TestFunc'>, func=<function set_pts_addr at 0x7f725992ce50> start_wid=None stop_wid=None post_wid=None skip_call=None call_count=10 args=('C0:07:E8:56:C9:EF', 0) kwds={}
2024-06-10 03:58:36,721 LT1-thread root DEBUG testcase.py               265   start                     : Test function parameters: args=('C0:07:E8:56:C9:EF', 0), kwds={}
2024-06-10 03:58:36,721 LT1-thread root DEBUG testcase.py               253   start                     : Starting test function: class=<class 'autopts.ptsprojects.testcase.TestFunc'>, func=<function gap_set_conn at 0x7f7259940b80> start_wid=None stop_wid=None post_wid=None skip_call=None call_count=10 args=() kwds={}
2024-06-10 03:58:36,721 LT1-thread root DEBUG testcase.py               265   start                     : Test function parameters: args=(), kwds={}
2024-06-10 03:58:36,721 LT1-thread root DEBUG gap.py                    758   gap_set_conn              : gap_set_conn
2024-06-10 03:58:36,721 LT1-thread root DEBUG testcase.py               253   start                     : Starting test function: class=<class 'autopts.ptsprojects.testcase.TestFunc'>, func=<function gap_set_gendiscov at 0x7f7259940d30> start_wid=None stop_wid=None post_wid=None skip_call=None call_count=10 args=() kwds={}
2024-06-10 03:58:36,721 LT1-thread root DEBUG testcase.py               265   start                     : Test function parameters: args=(), kwds={}
2024-06-10 03:58:36,721 LT1-thread root DEBUG gap.py                    809   gap_set_gendiscov         : gap_set_gendiscov
2024-06-10 03:58:36,721 LT1-thread root DEBUG iutctl_common.py          106   send                      : send, 1 8 0 '1'
2024-06-10 03:58:36,721 LT1-thread root DEBUG iutctl_common.py          111   send                      : sending frame '010800010001'
2024-06-10 03:58:36,721 LT1-thread root DEBUG gap.py                    972   gap_command_rsp_succ      : gap_command_rsp_succ
2024-06-10 03:58:36,721 LT1-thread root DEBUG iutctl_common.py          230   read                      : read
2024-06-10 03:58:36,733 BTPWorkerThread-19415 (_rx_task) root DEBUG iutctl_common.py          76    read                      : Read 5 bytes
2024-06-10 03:58:36,748 BTPWorkerThread-19415 (_rx_task) root DEBUG iutctl_common.py          83    read                      : Received: hdr: Header(svc_id=1, op=8, ctrl_index=0, data_len=4) bytearray(b'\x01\x08\x00\x04\x00')
2024-06-10 03:58:36,764 BTPWorkerThread-19415 (_rx_task) root DEBUG iutctl_common.py          91    read                      : Read 4 bytes data
2024-06-10 03:58:36,774 BTPWorkerThread-19415 (_rx_task) root DEBUG iutctl_common.py          99    read                      : Received data: {'1b 82 00 00'}, bytearray(b'\x1b\x82\x00\x00')
2024-06-10 03:58:36,784 LT1-thread root DEBUG gap.py                    977   gap_command_rsp_succ      : received Header(svc_id=1, op=8, ctrl_index=0, data_len=4) (b'\x1b\x82\x00\x00',)
2024-06-10 03:58:36,784 LT1-thread root DEBUG gap.py                    400   __gap_current_settings_update : __gap_current_settings_update (b'\x1b\x82\x00\x00',)
2024-06-10 03:58:36,784 LT1-thread root DEBUG testcase.py               253   start                     : Starting test function: class=<class 'autopts.ptsprojects.testcase.TestFunc'>, func=<function core_reg_svc_has at 0x7f725992dc60> start_wid=None stop_wid=None post_wid=None skip_call=None call_count=10 args=() kwds={}
2024-06-10 03:58:36,784 LT1-thread root DEBUG testcase.py               265   start                     : Test function parameters: args=(), kwds={}
2024-06-10 03:58:36,784 LT1-thread root DEBUG btp.py                    598   core_reg_svc_has          : core_reg_svc_has
2024-06-10 03:58:36,784 LT1-thread root DEBUG iutctl_common.py          106   send                      : send, 0 3 255 '15'
2024-06-10 03:58:36,785 LT1-thread root DEBUG iutctl_common.py          111   send                      : sending frame '0003ff01000f'
2024-06-10 03:58:36,785 LT1-thread root DEBUG iutctl_common.py          230   read                      : read
2024-06-10 03:58:36,796 BTPWorkerThread-19415 (_rx_task) root DEBUG iutctl_common.py          76    read                      : Read 5 bytes
2024-06-10 03:58:36,807 BTPWorkerThread-19415 (_rx_task) root DEBUG iutctl_common.py          83    read                      : Received: hdr: Header(svc_id=0, op=3, ctrl_index=255, data_len=0) bytearray(b'\x00\x03\xff\x00\x00')
2024-06-10 03:58:36,817 BTPWorkerThread-19415 (_rx_task) root DEBUG iutctl_common.py          99    read                      : Received data: {''}, bytearray(b'')
2024-06-10 03:58:36,827 LT1-thread root DEBUG testcase.py               253   start                     : Starting test function: class=<class 'autopts.ptsprojects.testcase.TestFunc'>, func=<function has_add_preset at 0x7f72599f53f0> start_wid=None stop_wid=None post_wid=None skip_call=None call_count=10 args=(1, <PresetProperty.BT_HAS_PROP_AVAILABLE|BT_HAS_PROP_WRITABLE: 3>, 'PRESET_1') kwds={}
2024-06-10 03:58:36,827 LT1-thread root DEBUG testcase.py               265   start                     : Test function parameters: args=(1, <PresetProperty.BT_HAS_PROP_AVAILABLE|BT_HAS_PROP_WRITABLE: 3>, 'PRESET_1'), kwds={}
2024-06-10 03:58:36,827 LT1-thread root DEBUG has.py                    108   has_add_preset            : has_add_preset
2024-06-10 03:58:36,827 LT1-thread root DEBUG iutctl_common.py          106   send                      : send, 15 5 0 "bytearray(b'\\x00\\xef\\xc9V\\xe8\\x07\\xc0\\x01\\x03\\x08PRESET_1')"
2024-06-10 03:58:36,828 LT1-thread root DEBUG iutctl_common.py          111   send                      : sending frame '0f0500120000efc956e807c00103085052455345545f31'
2024-06-10 03:58:36,828 LT1-thread root DEBUG has.py                    49    has_command_rsp_succ      : has_command_rsp_succ
2024-06-10 03:58:36,828 LT1-thread root DEBUG iutctl_common.py          230   read                      : read
2024-06-10 03:58:36,840 BTPWorkerThread-19415 (_rx_task) root DEBUG iutctl_common.py          76    read                      : Read 5 bytes
2024-06-10 03:58:36,851 BTPWorkerThread-19415 (_rx_task) root DEBUG iutctl_common.py          83    read                      : Received: hdr: Header(svc_id=15, op=5, ctrl_index=0, data_len=0) bytearray(b'\x0f\x05\x00\x00\x00')
2024-06-10 03:58:36,861 BTPWorkerThread-19415 (_rx_task) root DEBUG iutctl_common.py          99    read                      : Received data: {''}, bytearray(b'')
2024-06-10 03:58:36,871 LT1-thread root DEBUG has.py                    54    has_command_rsp_succ      : received Header(svc_id=15, op=5, ctrl_index=0, data_len=0) (b'',)
2024-06-10 03:58:36,872 LT1-thread root DEBUG testcase.py               253   start                     : Starting test function: class=<class 'autopts.ptsprojects.testcase.TestFunc'>, func=<function has_add_preset at 0x7f72599f53f0> start_wid=None stop_wid=None post_wid=None skip_call=None call_count=10 args=(2, <PresetProperty.BT_HAS_PROP_AVAILABLE|BT_HAS_PROP_WRITABLE: 3>, 'PRESET_2') kwds={}
2024-06-10 03:58:36,872 LT1-thread root DEBUG testcase.py               265   start                     : Test function parameters: args=(2, <PresetProperty.BT_HAS_PROP_AVAILABLE|BT_HAS_PROP_WRITABLE: 3>, 'PRESET_2'), kwds={}
2024-06-10 03:58:36,872 LT1-thread root DEBUG has.py                    108   has_add_preset            : has_add_preset
2024-06-10 03:58:36,872 LT1-thread root DEBUG iutctl_common.py          106   send                      : send, 15 5 0 "bytearray(b'\\x00\\xef\\xc9V\\xe8\\x07\\xc0\\x02\\x03\\x08PRESET_2')"
2024-06-10 03:58:36,872 LT1-thread root DEBUG iutctl_common.py          111   send                      : sending frame '0f0500120000efc956e807c00203085052455345545f32'
2024-06-10 03:58:36,872 LT1-thread root DEBUG has.py                    49    has_command_rsp_succ      : has_command_rsp_succ
2024-06-10 03:58:36,872 LT1-thread root DEBUG iutctl_common.py          230   read                      : read
2024-06-10 03:58:36,885 BTPWorkerThread-19415 (_rx_task) root DEBUG iutctl_common.py          76    read                      : Read 5 bytes
2024-06-10 03:58:36,895 BTPWorkerThread-19415 (_rx_task) root DEBUG iutctl_common.py          83    read                      : Received: hdr: Header(svc_id=15, op=5, ctrl_index=0, data_len=0) bytearray(b'\x0f\x05\x00\x00\x00')
2024-06-10 03:58:36,905 BTPWorkerThread-19415 (_rx_task) root DEBUG iutctl_common.py          99    read                      : Received data: {''}, bytearray(b'')
2024-06-10 03:58:36,916 LT1-thread root DEBUG has.py                    54    has_command_rsp_succ      : received Header(svc_id=15, op=5, ctrl_index=0, data_len=0) (b'',)
2024-06-10 03:58:36,916 LT1-thread root DEBUG testcase.py               253   start                     : Starting test function: class=<class 'autopts.ptsprojects.testcase.TestFunc'>, func=<function has_add_preset at 0x7f72599f53f0> start_wid=None stop_wid=None post_wid=None skip_call=None call_count=10 args=(4, <PresetProperty.BT_HAS_PROP_AVAILABLE: 2>, 'PRESET_4') kwds={}
2024-06-10 03:58:36,916 LT1-thread root DEBUG testcase.py               265   start                     : Test function parameters: args=(4, <PresetProperty.BT_HAS_PROP_AVAILABLE: 2>, 'PRESET_4'), kwds={}
2024-06-10 03:58:36,916 LT1-thread root DEBUG has.py                    108   has_add_preset            : has_add_preset
2024-06-10 03:58:36,916 LT1-thread root DEBUG iutctl_common.py          106   send                      : send, 15 5 0 "bytearray(b'\\x00\\xef\\xc9V\\xe8\\x07\\xc0\\x04\\x02\\x08PRESET_4')"
2024-06-10 03:58:36,916 LT1-thread root DEBUG iutctl_common.py          111   send                      : sending frame '0f0500120000efc956e807c00402085052455345545f34'
2024-06-10 03:58:36,916 LT1-thread root DEBUG has.py                    49    has_command_rsp_succ      : has_command_rsp_succ
2024-06-10 03:58:36,916 LT1-thread root DEBUG iutctl_common.py          230   read                      : read
2024-06-10 03:58:36,929 BTPWorkerThread-19415 (_rx_task) root DEBUG iutctl_common.py          76    read                      : Read 5 bytes
2024-06-10 03:58:36,939 BTPWorkerThread-19415 (_rx_task) root DEBUG iutctl_common.py          83    read                      : Received: hdr: Header(svc_id=15, op=5, ctrl_index=0, data_len=0) bytearray(b'\x0f\x05\x00\x00\x00')
2024-06-10 03:58:36,950 BTPWorkerThread-19415 (_rx_task) root DEBUG iutctl_common.py          99    read                      : Received data: {''}, bytearray(b'')
2024-06-10 03:58:36,960 LT1-thread root DEBUG has.py                    54    has_command_rsp_succ      : received Header(svc_id=15, op=5, ctrl_index=0, data_len=0) (b'',)
2024-06-10 03:58:36,960 LT1-thread root DEBUG testcase.py               253   start                     : Starting test function: class=<class 'autopts.ptsprojects.testcase.TestFunc'>, func=<function has_add_preset at 0x7f72599f53f0> start_wid=None stop_wid=None post_wid=None skip_call=None call_count=10 args=(3, <PresetProperty.BT_HAS_PROP_NONE: 0>, 'PRESET_3') kwds={}
2024-06-10 03:58:36,960 LT1-thread root DEBUG testcase.py               265   start                     : Test function parameters: args=(3, <PresetProperty.BT_HAS_PROP_NONE: 0>, 'PRESET_3'), kwds={}
2024-06-10 03:58:36,960 LT1-thread root DEBUG has.py                    108   has_add_preset            : has_add_preset
2024-06-10 03:58:36,960 LT1-thread root DEBUG iutctl_common.py          106   send                      : send, 15 5 0 "bytearray(b'\\x00\\xef\\xc9V\\xe8\\x07\\xc0\\x03\\x00\\x08PRESET_3')"
2024-06-10 03:58:36,960 LT1-thread root DEBUG iutctl_common.py          111   send                      : sending frame '0f0500120000efc956e807c00300085052455345545f33'
2024-06-10 03:58:36,960 LT1-thread root DEBUG has.py                    49    has_command_rsp_succ      : has_command_rsp_succ
2024-06-10 03:58:36,960 LT1-thread root DEBUG iutctl_common.py          230   read                      : read
2024-06-10 03:58:36,973 BTPWorkerThread-19415 (_rx_task) root DEBUG iutctl_common.py          76    read                      : Read 5 bytes
2024-06-10 03:58:36,983 BTPWorkerThread-19415 (_rx_task) root DEBUG iutctl_common.py          83    read                      : Received: hdr: Header(svc_id=15, op=5, ctrl_index=0, data_len=0) bytearray(b'\x0f\x05\x00\x00\x00')
2024-06-10 03:58:36,994 BTPWorkerThread-19415 (_rx_task) root DEBUG iutctl_common.py          99    read                      : Received data: {''}, bytearray(b'')
2024-06-10 03:58:37,004 LT1-thread root DEBUG has.py                    54    has_command_rsp_succ      : received Header(svc_id=15, op=5, ctrl_index=0, data_len=0) (b'',)
2024-06-10 03:58:37,005 LT1-thread root DEBUG client.py                 306   get_result                : ClientCallback.get_result run_test_case
2024-06-10 03:58:42,574 LT1-callback ClientCallback.on_implicit_send INFO client.py                 253   on_implicit_send          : 
    ********************
    BEGIN OnImplicitSend:
    project_name: HAS
    wid: 20001
    test_case_name: HAS/SR/FEAT/BV-07-C
    description: Please prepare IUT into a connectable mode.

Description: Verify that the Implementation Under Test (IUT) can accept GATT connect request from PTS.
    style: MMI_Style_Ok_Cancel2 0x11141
2024-06-10 03:58:42,574 LT1-callback ClientCallback.on_implicit_send INFO client.py                 266   on_implicit_send          : Calling test cases on_implicit_send
2024-06-10 03:58:42,574 LT1-callback ClientCallback.on_implicit_send INFO client.py                 279   on_implicit_send          : 
    on_implicit_send returned response: WAIT
    END OnImplicitSend
    ********************
2024-06-10 03:58:43,006 LT1-thread root DEBUG testcase.py               671   run_wid                   : HAS HAS/SR/FEAT/BV-07-C on_implicit_send
2024-06-10 03:58:43,006 LT1-thread root DEBUG has_wid.py                24    has_wid_hdl               : has_wid_hdl, 20001, Please prepare IUT into a connectable mode.

Description: Verify that the Implementation Under Test (IUT) can accept GATT connect request from PTS., HAS/SR/FEAT/BV-07-C
2024-06-10 03:58:43,006 LT1-thread root DEBUG gap.py                    758   gap_set_conn              : gap_set_conn
2024-06-10 03:58:43,006 LT1-thread root DEBUG gap.py                    449   gap_adv_ind_on            : gap_adv_ind_on {9: b'Tester_56C9EF'} None
2024-06-10 03:58:43,006 LT1-thread root DEBUG iutctl_common.py          106   send                      : send, 1 10 0 "bytearray(b'\\x0f\\x00\\t\\rTester_56C9EF\\xff\\xff\\xff\\xff\\x00')"
2024-06-10 03:58:43,006 LT1-thread root DEBUG iutctl_common.py          111   send                      : sending frame '010a0016000f00090d5465737465725f353643394546ffffffff00'
2024-06-10 03:58:43,007 LT1-thread root DEBUG gap.py                    972   gap_command_rsp_succ      : gap_command_rsp_succ
2024-06-10 03:58:43,007 LT1-thread root DEBUG iutctl_common.py          230   read                      : read
2024-06-10 03:58:43,015 BTPWorkerThread-19415 (_rx_task) root DEBUG iutctl_common.py          76    read                      : Read 5 bytes
2024-06-10 03:58:43,015 BTPWorkerThread-19415 (_rx_task) root DEBUG iutctl_common.py          83    read                      : Received: hdr: Header(svc_id=1, op=10, ctrl_index=0, data_len=4) bytearray(b'\x01\n\x00\x04\x00')
2024-06-10 03:58:43,015 BTPWorkerThread-19415 (_rx_task) root DEBUG iutctl_common.py          91    read                      : Read 4 bytes data
2024-06-10 03:58:43,015 BTPWorkerThread-19415 (_rx_task) root DEBUG iutctl_common.py          99    read                      : Received data: {'1b 86 00 00'}, bytearray(b'\x1b\x86\x00\x00')
2024-06-10 03:58:43,015 LT1-thread root DEBUG gap.py                    977   gap_command_rsp_succ      : received Header(svc_id=1, op=10, ctrl_index=0, data_len=4) (b'\x1b\x86\x00\x00',)
2024-06-10 03:58:43,015 LT1-thread root DEBUG gap.py                    400   __gap_current_settings_update : __gap_current_settings_update (b'\x1b\x86\x00\x00',)
2024-06-10 03:58:43,015 LT1-thread root DEBUG testcase.py               707   run_wid                   : Sending response 'OK' to wid 20001 test case HAS/SR/FEAT/BV-07-C
2024-06-10 03:58:43,016 LT1-thread root DEBUG client.py                 306   get_result                : ClientCallback.get_result run_test_case
2024-06-10 03:58:43,123 BTPWorkerThread-19415 (_rx_task) root DEBUG iutctl_common.py          76    read                      : Read 1 bytes
2024-06-10 03:58:43,123 BTPWorkerThread-19415 (_rx_task) root DEBUG iutctl_common.py          76    read                      : Read 3 bytes
2024-06-10 03:58:43,123 BTPWorkerThread-19415 (_rx_task) root DEBUG iutctl_common.py          76    read                      : Read 1 bytes
2024-06-10 03:58:43,123 BTPWorkerThread-19415 (_rx_task) root DEBUG iutctl_common.py          83    read                      : Received: hdr: Header(svc_id=1, op=130, ctrl_index=0, data_len=13) bytearray(b'\x01\x82\x00\r\x00')
2024-06-10 03:58:43,123 BTPWorkerThread-19415 (_rx_task) root DEBUG iutctl_common.py          91    read                      : Read 4 bytes data
2024-06-10 03:58:43,123 BTPWorkerThread-19415 (_rx_task) root DEBUG iutctl_common.py          91    read                      : Read 1 bytes data
2024-06-10 03:58:43,123 BTPWorkerThread-19415 (_rx_task) root DEBUG iutctl_common.py          91    read                      : Read 1 bytes data
2024-06-10 03:58:43,124 BTPWorkerThread-19415 (_rx_task) root DEBUG iutctl_common.py          91    read                      : Read 1 bytes data
2024-06-10 03:58:43,124 BTPWorkerThread-19415 (_rx_task) root DEBUG iutctl_common.py          91    read                      : Read 1 bytes data
2024-06-10 03:58:43,124 BTPWorkerThread-19415 (_rx_task) root DEBUG iutctl_common.py          91    read                      : Read 1 bytes data
2024-06-10 03:58:43,124 BTPWorkerThread-19415 (_rx_task) root DEBUG iutctl_common.py          91    read                      : Read 1 bytes data
2024-06-10 03:58:43,124 BTPWorkerThread-19415 (_rx_task) root DEBUG iutctl_common.py          91    read                      : Read 1 bytes data
2024-06-10 03:58:43,124 BTPWorkerThread-19415 (_rx_task) root DEBUG iutctl_common.py          91    read                      : Read 1 bytes data
2024-06-10 03:58:43,124 BTPWorkerThread-19415 (_rx_task) root DEBUG iutctl_common.py          91    read                      : Read 1 bytes data
2024-06-10 03:58:43,124 BTPWorkerThread-19415 (_rx_task) root DEBUG iutctl_common.py          99    read                      : Received data: {'00 ef c9 56 e8 07 c0 30 00 00 00 d0 09'}, bytearray(b'\x00\xef\xc9V\xe8\x07\xc00\x00\x00\x00\xd0\t')
2024-06-10 03:58:43,124 BTPWorkerThread-19415 (_rx_task) root DEBUG btp.py                    814   event_handler             : event_handler Header(svc_id=1, op=130, ctrl_index=0, data_len=13) (b'\x00\xef\xc9V\xe8\x07\xc00\x00\x00\x00\xd0\t',)
2024-06-10 03:58:43,124 BTPWorkerThread-19415 (_rx_task) root DEBUG gap.py                    171   gap_connected_ev_         : gap_connected_ev_ b'\x00\xef\xc9V\xe8\x07\xc00\x00\x00\x00\xd0\t'
2024-06-10 03:58:43,124 BTPWorkerThread-19415 (_rx_task) root DEBUG iutctl_common.py          76    read                      : Read 3 bytes
2024-06-10 03:58:43,124 BTPWorkerThread-19415 (_rx_task) root DEBUG iutctl_common.py          76    read                      : Read 1 bytes
2024-06-10 03:58:43,124 BTPWorkerThread-19415 (_rx_task) root DEBUG iutctl_common.py          76    read                      : Read 1 bytes
2024-06-10 03:58:43,125 BTPWorkerThread-19415 (_rx_task) root DEBUG iutctl_common.py          83    read                      : Received: hdr: Header(svc_id=1, op=128, ctrl_index=0, data_len=4) bytearray(b'\x01\x80\x00\x04\x00')
2024-06-10 03:58:43,125 BTPWorkerThread-19415 (_rx_task) root DEBUG iutctl_common.py          91    read                      : Read 2 bytes data
2024-06-10 03:58:43,125 BTPWorkerThread-19415 (_rx_task) root DEBUG iutctl_common.py          91    read                      : Read 1 bytes data
2024-06-10 03:58:43,125 BTPWorkerThread-19415 (_rx_task) root DEBUG iutctl_common.py          91    read                      : Read 1 bytes data
2024-06-10 03:58:43,125 BTPWorkerThread-19415 (_rx_task) root DEBUG iutctl_common.py          99    read                      : Received data: {'1b 82 00 00'}, bytearray(b'\x1b\x82\x00\x00')
2024-06-10 03:58:43,125 BTPWorkerThread-19415 (_rx_task) root DEBUG btp.py                    814   event_handler             : event_handler Header(svc_id=1, op=128, ctrl_index=0, data_len=4) (b'\x1b\x82\x00\x00',)
2024-06-10 03:58:43,125 BTPWorkerThread-19415 (_rx_task) root DEBUG gap.py                    139   gap_new_settings_ev_      : gap_new_settings_ev_ b'\x1b\x82\x00\x00'
2024-06-10 03:58:43,125 BTPWorkerThread-19415 (_rx_task) root DEBUG gap.py                    400   __gap_current_settings_update : __gap_current_settings_update 33307
2024-06-10 03:58:46,465 BTPWorkerThread-19415 (_rx_task) root DEBUG iutctl_common.py          76    read                      : Read 1 bytes
2024-06-10 03:58:46,466 BTPWorkerThread-19415 (_rx_task) root DEBUG iutctl_common.py          76    read                      : Read 4 bytes
2024-06-10 03:58:46,466 BTPWorkerThread-19415 (_rx_task) root DEBUG iutctl_common.py          83    read                      : Received: hdr: Header(svc_id=1, op=137, ctrl_index=0, data_len=8) bytearray(b'\x01\x89\x00\x08\x00')
2024-06-10 03:58:46,466 BTPWorkerThread-19415 (_rx_task) root DEBUG iutctl_common.py          91    read                      : Read 1 bytes data
2024-06-10 03:58:46,466 BTPWorkerThread-19415 (_rx_task) root DEBUG iutctl_common.py          91    read                      : Read 1 bytes data
2024-06-10 03:58:46,466 BTPWorkerThread-19415 (_rx_task) root DEBUG iutctl_common.py          91    read                      : Read 1 bytes data
2024-06-10 03:58:46,466 BTPWorkerThread-19415 (_rx_task) root DEBUG iutctl_common.py          91    read                      : Read 2 bytes data
2024-06-10 03:58:46,466 BTPWorkerThread-19415 (_rx_task) root DEBUG iutctl_common.py          91    read                      : Read 1 bytes data
2024-06-10 03:58:46,466 BTPWorkerThread-19415 (_rx_task) root DEBUG iutctl_common.py          91    read                      : Read 1 bytes data
2024-06-10 03:58:46,466 BTPWorkerThread-19415 (_rx_task) root DEBUG iutctl_common.py          91    read                      : Read 1 bytes data
2024-06-10 03:58:46,467 BTPWorkerThread-19415 (_rx_task) root DEBUG iutctl_common.py          99    read                      : Received data: {'00 ef c9 56 e8 07 c0 02'}, bytearray(b'\x00\xef\xc9V\xe8\x07\xc0\x02')
2024-06-10 03:58:46,467 BTPWorkerThread-19415 (_rx_task) root DEBUG btp.py                    814   event_handler             : event_handler Header(svc_id=1, op=137, ctrl_index=0, data_len=8) (b'\x00\xef\xc9V\xe8\x07\xc0\x02',)
2024-06-10 03:58:46,467 BTPWorkerThread-19415 (_rx_task) root DEBUG gap.py                    256   gap_sec_level_changed_ev_ : gap_sec_level_changed_ev_
2024-06-10 03:58:46,467 BTPWorkerThread-19415 (_rx_task) root DEBUG gap.py                    258   gap_sec_level_changed_ev_ : received b'\x00\xef\xc9V\xe8\x07\xc0\x02'
2024-06-10 03:58:46,467 BTPWorkerThread-19415 (_rx_task) root DEBUG gap.py                    269   gap_sec_level_changed_ev_ : received (0, 'c007e856c9ef', 2)
2024-06-10 03:58:48,223 BTPWorkerThread-19415 (_rx_task) root DEBUG iutctl_common.py          76    read                      : Read 1 bytes
2024-06-10 03:58:48,224 BTPWorkerThread-19415 (_rx_task) root DEBUG iutctl_common.py          76    read                      : Read 1 bytes
2024-06-10 03:58:48,224 BTPWorkerThread-19415 (_rx_task) root DEBUG iutctl_common.py          76    read                      : Read 1 bytes
2024-06-10 03:58:48,224 BTPWorkerThread-19415 (_rx_task) root DEBUG iutctl_common.py          76    read                      : Read 2 bytes
2024-06-10 03:58:48,224 BTPWorkerThread-19415 (_rx_task) root DEBUG iutctl_common.py          83    read                      : Received: hdr: Header(svc_id=1, op=136, ctrl_index=0, data_len=13) bytearray(b'\x01\x88\x00\r\x00')
2024-06-10 03:58:48,224 BTPWorkerThread-19415 (_rx_task) root DEBUG iutctl_common.py          91    read                      : Read 2 bytes data
2024-06-10 03:58:48,224 BTPWorkerThread-19415 (_rx_task) root DEBUG iutctl_common.py          91    read                      : Read 2 bytes data
2024-06-10 03:58:48,224 BTPWorkerThread-19415 (_rx_task) root DEBUG iutctl_common.py          91    read                      : Read 1 bytes data
2024-06-10 03:58:48,224 BTPWorkerThread-19415 (_rx_task) root DEBUG iutctl_common.py          91    read                      : Read 2 bytes data
2024-06-10 03:58:48,224 BTPWorkerThread-19415 (_rx_task) root DEBUG iutctl_common.py          91    read                      : Read 1 bytes data
2024-06-10 03:58:48,224 BTPWorkerThread-19415 (_rx_task) root DEBUG iutctl_common.py          91    read                      : Read 1 bytes data
2024-06-10 03:58:48,225 BTPWorkerThread-19415 (_rx_task) root DEBUG iutctl_common.py          91    read                      : Read 1 bytes data
2024-06-10 03:58:48,225 BTPWorkerThread-19415 (_rx_task) root DEBUG iutctl_common.py          91    read                      : Read 1 bytes data
2024-06-10 03:58:48,225 BTPWorkerThread-19415 (_rx_task) root DEBUG iutctl_common.py          91    read                      : Read 1 bytes data
2024-06-10 03:58:48,225 BTPWorkerThread-19415 (_rx_task) root DEBUG iutctl_common.py          91    read                      : Read 1 bytes data
2024-06-10 03:58:48,225 BTPWorkerThread-19415 (_rx_task) root DEBUG iutctl_common.py          99    read                      : Received data: {'00 ef c9 56 e8 07 c0 30 00 00 00 d0 09'}, bytearray(b'\x00\xef\xc9V\xe8\x07\xc00\x00\x00\x00\xd0\t')
2024-06-10 03:58:48,225 BTPWorkerThread-19415 (_rx_task) root DEBUG btp.py                    814   event_handler             : event_handler Header(svc_id=1, op=136, ctrl_index=0, data_len=13) (b'\x00\xef\xc9V\xe8\x07\xc00\x00\x00\x00\xd0\t',)
2024-06-10 03:58:48,225 BTPWorkerThread-19415 (_rx_task) root DEBUG gap.py                    235   gap_conn_param_update_ev_ : gap_conn_param_update_ev_
2024-06-10 03:58:48,225 BTPWorkerThread-19415 (_rx_task) root DEBUG gap.py                    237   gap_conn_param_update_ev_ : received b'\x00\xef\xc9V\xe8\x07\xc00\x00\x00\x00\xd0\t'
2024-06-10 03:58:48,225 BTPWorkerThread-19415 (_rx_task) root DEBUG gap.py                    250   gap_conn_param_update_ev_ : received (0, b'c007e856c9ef', 48, 0, 2512)
2024-06-10 03:58:49,244 BTPWorkerThread-19415 (_rx_task) root DEBUG iutctl_common.py          76    read                      : Read 1 bytes
2024-06-10 03:58:49,244 BTPWorkerThread-19415 (_rx_task) root DEBUG iutctl_common.py          76    read                      : Read 3 bytes
2024-06-10 03:58:49,244 BTPWorkerThread-19415 (_rx_task) root DEBUG iutctl_common.py          76    read                      : Read 1 bytes
2024-06-10 03:58:49,245 BTPWorkerThread-19415 (_rx_task) root DEBUG iutctl_common.py          83    read                      : Received: hdr: Header(svc_id=1, op=131, ctrl_index=0, data_len=7) bytearray(b'\x01\x83\x00\x07\x00')
2024-06-10 03:58:49,245 BTPWorkerThread-19415 (_rx_task) root DEBUG iutctl_common.py          91    read                      : Read 4 bytes data
2024-06-10 03:58:49,245 BTPWorkerThread-19415 (_rx_task) root DEBUG iutctl_common.py          91    read                      : Read 1 bytes data
2024-06-10 03:58:49,245 BTPWorkerThread-19415 (_rx_task) root DEBUG iutctl_common.py          91    read                      : Read 2 bytes data
2024-06-10 03:58:49,245 BTPWorkerThread-19415 (_rx_task) root DEBUG iutctl_common.py          99    read                      : Received data: {'00 ef c9 56 e8 07 c0'}, bytearray(b'\x00\xef\xc9V\xe8\x07\xc0')
2024-06-10 03:58:49,245 BTPWorkerThread-19415 (_rx_task) root DEBUG btp.py                    814   event_handler             : event_handler Header(svc_id=1, op=131, ctrl_index=0, data_len=7) (b'\x00\xef\xc9V\xe8\x07\xc0',)
2024-06-10 03:58:49,245 BTPWorkerThread-19415 (_rx_task) root DEBUG gap.py                    184   gap_disconnected_ev_      : gap_disconnected_ev_ b'\x00\xef\xc9V\xe8\x07\xc0'
2024-06-10 03:58:51,843 LT1-callback ClientCallback.log INFO client.py                 229   log                       : PTS_LOGTYPE_START_TEST Start Test Case 

+110 ms
 HAS/SR/FEAT/BV-07-C HAS/SR/FEAT/BV-07-C

2024-06-10 03:58:53,165 LT1-callback ClientCallback.log INFO client.py                 229   log                       : PTS_LOGTYPE_FINAL_VERDICT Final Verdict 

+13703 ms
 HAS/SR/FEAT/BV-07-C PASS

2024-06-10 03:58:53,171 LT1-callback ClientCallback.log INFO client.py                 229   log                       : PTS_LOGTYPE_FINAL_VERDICT Encrypted Verdict 

+13703 ms
 HAS/SR/FEAT/BV-07-C A1#ZWY4MzQ5MDg3MmQwNTIxOGQzMzQ5YjY2ODA5M2MzNjQ5ZDY4NmY0Yjc2MzIzM2VkNTUyNTFhNGU4Mjg1MjI0NA==#lpuDRfagJgGLQoyp1aM+02u+CtcfMQ4FtpggAi79kXwb4e5WwTVShKsNYMr/YCMX

2024-06-10 03:58:53,178 LT1-callback ClientCallback.log INFO client.py                 229   log                       : PTS_LOGTYPE_END_TEST Test Case Ended 

+13703 ms
 HAS/SR/FEAT/BV-07-C HAS/SR/FEAT/BV-07-C

2024-06-10 03:58:53,267 LT1-callback root DEBUG client.py                 291   set_result                : ClientCallback, set_result, run_test_case, PASS
2024-06-10 03:58:53,267 LT1-thread root DEBUG client.py                 1020  _run_test_case            : After run_test_case error_code=0 status='PASS'
2024-06-10 03:58:53,267 LT1-thread root DEBUG testcase.py               752   post_run                  : post_run HAS HAS/SR/FEAT/BV-07-C 0
2024-06-10 03:58:53,267 LT1-thread root DEBUG testcase.py               253   start                     : Starting test function: class=<class 'autopts.ptsprojects.testcase.TestFuncCleanUp'>, func=<bound method Stack.cleanup of <autopts.ptsprojects.stack.stack.Stack object at 0x7f725703ee30>> start_wid=None stop_wid=None post_wid=None skip_call=None call_count=1 args=() kwds={}
2024-06-10 03:58:53,267 LT1-thread root DEBUG testcase.py               265   start                     : Test function parameters: args=(), kwds={}
2024-06-10 03:58:53,267 LT1-thread root DEBUG testcase.py               253   start                     : Starting test function: class=<class 'autopts.ptsprojects.testcase.TestFuncCleanUp'>, func=<bound method ZephyrCtl.stop of <autopts.ptsprojects.zephyr.iutctl.ZephyrCtl object at 0x7f725703f760>> start_wid=None stop_wid=None post_wid=None skip_call=None call_count=1 args=() kwds={}
2024-06-10 03:58:53,267 LT1-thread root DEBUG testcase.py               265   start                     : Test function parameters: args=(), kwds={}
2024-06-10 03:58:53,267 LT1-thread root DEBUG iutctl.py                 248   stop                      : <class 'autopts.ptsprojects.zephyr.iutctl.ZephyrCtl'>.stop
2024-06-10 03:58:53,267 LT1-thread root DEBUG __init__.py               49    reset                     : About to reset DUT: nrfjprog -r -s 1050060770
2024-06-10 03:58:55,563 BTPWorkerThread-19415 (_rx_task) root DEBUG iutctl_common.py          76    read                      : Read 5 bytes
2024-06-10 03:58:55,568 BTPWorkerThread-19415 (_rx_task) root DEBUG iutctl_common.py          83    read                      : Received: hdr: Header(svc_id=0, op=128, ctrl_index=255, data_len=0) bytearray(b'\x00\x80\xff\x00\x00')
2024-06-10 03:58:55,568 BTPWorkerThread-19415 (_rx_task) root DEBUG iutctl_common.py          99    read                      : Received data: {''}, bytearray(b'')
2024-06-10 03:58:55,568 BTPWorkerThread-19415 (_rx_task) root DEBUG btp.py                    814   event_handler             : event_handler Header(svc_id=0, op=128, ctrl_index=255, data_len=0) (b'',)
2024-06-10 03:58:55,568 BTPWorkerThread-19415 (_rx_task) root DEBUG core.py                   28    core_iut_ready_ev         : core_iut_ready_ev
2024-06-10 03:58:55,579 LT1-thread root DEBUG iutctl.py                 266   stop                      : IUT ready event received OK
2024-06-10 03:58:55,579 LT1-thread root DEBUG iutctl_common.py          307   close                     : Waiting for _rx_worker to finish ...
2024-06-10 03:58:56,579 LT1-thread root DEBUG iutctl_common.py          307   close                     : Waiting for _rx_worker to finish ...
2024-06-10 03:58:56,580 BTPWorkerThread-19415 (_rx_task) root DEBUG iutctl_common.py          223   _rx_task                  : BTPWorkerThread-19415 (_rx_task) finishing...
2024-06-10 03:58:59,618 LT1-thread root DEBUG testcase.py               781   post_run                  : post_run, cleanup running post test case script
2024-06-10 03:58:59,618 LT1-thread root DEBUG testcase.py               791   post_run                  : post_run, run post test case script
2024-06-10 03:58:59,639 LT1-thread root DEBUG client.py                 1050  _run_test_case            : Done TestCase _run_test_case HAS HAS/SR/FEAT/BV-07-C
