> 2024/03/30 10:52:01.878919  length=6 from=0 to=5
 00 03 ff 01 00 01                                ......
--
< 2024/03/30 10:52:01.889911  length=5 from=0 to=4
 00 03 ff 00 00                                   .....
--
> 2024/03/30 10:52:01.967588  length=6 from=6 to=11
 00 03 ff 01 00 02                                ......
--
< 2024/03/30 10:52:01.982785  length=5 from=5 to=9
 00 03 ff 00 00                                   .....
--
> 2024/03/30 10:52:02.126532  length=6 from=12 to=17
 00 03 ff 01 00 04                                ......
--
< 2024/03/30 10:52:02.142674  length=5 from=10 to=14
 00 03 ff 00 00                                   .....
--
> 2024/03/30 10:52:02.222530  length=6 from=18 to=23
 04 04 00 01 00 00                                ......
--
< 2024/03/30 10:52:02.494739  length=5 from=15 to=19
 04 04 00 00 00                                   .....
--
> 2024/03/30 10:52:02.589590  length=5 from=24 to=28
 01 03 00 00 00                                   .....
--
< 2024/03/30 10:52:02.605584  length=130 from=20 to=149
 01 03 00 15 01 c8 04 09 c0 ec d7 13 06 02 00 13  ................
 82 00 00 00 00 00 62 74 70 5f 74 65 73 74 65 72  ......btp_tester
 00 00 00 00 00 00 00 00 00 00 00 00 00 00 00 00  ................
 00 00 00 00 00 00 00 00 00 00 00 00 00 00 00 00  ................
 00 00 00 00 00 00 00 00 00 00 00 00 00 00 00 00  ................
 00 00 00 00 00 00 00 00 00 00 00 00 00 00 00 00  ................
 00 00 00 00 00 00 00 00 00 00 00 00 00 00 00 00  ................
 00 00 00 00 00 00 00 00 00 00 00 00 00 00 00 00  ................
 00 00                                            ..
--
< 2024/03/30 10:52:02.607224  length=23 from=150 to=172
 00 00 00 00 00 00 00 00 00 00 00 00 00 00 00 00  ................
 00 00 00 00 00 00 00                             .......
--
< 2024/03/30 10:52:02.621805  length=129 from=173 to=301
 00 00 00 00 00 00 00 00 00 00 00 00 00 00 00 00  ................
 00 00 00 00 00 00 00 00 00 00 00 00 00 00 00 00  ................
 00 00 00 00 00 00 00 00 00 00 00 00 00 00 00 00  ................
 00 00 00 00 00 00 00 00 00 00 00 00 00 00 00 00  ................
 00 00 00 00 00 00 00 00 00 00 00 00 00 00 00 00  ................
 00 00 00 00 00 00 00 00 00 00 00 00 00 00 00 00  ................
 00 00 00 00 00 00 00 00 00 00 00 00 00 00 00 00  ................
 00 00 00 00 00 00 00 00 00 00 00 00 00 00 00 00  ................
 00                                               .
--
> 2024/03/30 10:52:08.844769  length=61 from=29 to=89
 04 02 00 38 00 22 44 e9 ed 5b d6 47 73 90 74 72  ...8."D..[.Gs.tr
 3c 5a 49 4e 2e 00 01 02 03 04 05 06 07 08 09 0a  <ZIN............
 0b 0c 0d 0e 0f 00 00 00 00 00 00 00 00 00 00 00  ................
 00 00 00 00 00 10 02 18 00 02 0c 00 00           .............
--
< 2024/03/30 10:52:08.860860  length=5 from=302 to=306
 04 02 00 00 00                                   .....
--
> 2024/03/30 10:52:08.924808  length=5 from=90 to=94
 04 78 00 00 00                                   .x...
--
< 2024/03/30 10:52:08.940983  length=9 from=307 to=315
 04 78 00 00 00 04 84 00 01                       .x.......
--
< 2024/03/30 10:52:08.957001  length=2 from=316 to=317
 00 00                                            ..
--
< 2024/03/30 10:52:11.418741  length=5 from=318 to=322
 04 83 00 00 00                                   .....
--
< 2024/03/30 10:52:12.962531  length=6 from=323 to=328
 04 85 00 01 00 00                                ......
--
< 2024/03/30 10:52:13.825986  length=40 from=329 to=368
 04 86 00 16 00 03 00 01 00 02 00 0f 80 80 00 00  ................
 03 1f 9c dc 11 85 c8 d8 5c 06 73 04 8f 00 08 00  ........\.s.....
 01 00 02 00 03 80 08 7f                          ........
--
< 2024/03/30 10:52:13.921962  length=40 from=369 to=408
 04 86 00 16 00 03 00 01 00 02 00 0f 80 80 04 00  ................
 94 ec c2 51 2f 9e bb dd 5f b9 88 04 8f 00 08 00  ...Q/..._.......
 01 00 02 00 03 80 08 01                          ........
--
< 2024/03/30 10:52:14.223932  length=19 from=409 to=427
 04 86 00 0e 00 07 01 01 00 02 00 07 00 00 0c 00  ................
 00 00 0f                                         ...
--
< 2024/03/30 10:52:14.351828  length=40 from=428 to=467
 04 86 00 16 00 03 00 01 00 02 00 0f 80 80 0c 00  ................
 d2 ae 1a ec d9 18 92 2c 7a b1 22 04 8f 00 08 00  .......,z.".....
 01 00 02 00 03 80 08 00                          ........
--
< 2024/03/30 10:52:14.735443  length=13 from=468 to=480
 04 86 00 0e 00 07 01 01 00 02 00 07 00           .............
--
< 2024/03/30 10:52:14.751581  length=6 from=481 to=486
 00 20 00 00 00 3f                                . ...?
--
< 2024/03/30 10:52:15.880412  length=38 from=487 to=524
 04 86 00 15 00 03 00 01 00 02 00 0e 80 80 14 00  ................
 db 49 ff 85 87 01 f5 b2 27 d0 04 8f 00 07 00 01  .I......'.......
 00 02 00 02 80 26                                .....&
--
< 2024/03/30 10:52:15.976615  length=42 from=525 to=566
 04 86 00 17 00 03 00 01 00 02 00 10 80 80 18 00  ................
 a0 84 ec cc 65 cc fb a3 1b 3c e8 5d 04 8f 00 09  ....e....<.]....
 00 01 00 02 00 04 80 27 00 00                    .......'..
--
< 2024/03/30 10:52:16.072499  length=2 from=567 to=568
 04 86                                            ..
--
< 2024/03/30 10:52:16.088586  length=36 from=569 to=604
 00 15 00 03 00 01 00 02 00 0e 80 80 1c 00 26 14  ..............&.
 d5 ee b9 8a 77 db 07 c0 04 8f 00 07 00 01 00 02  ....w...........
 00 02 80 0f                                      ....
--
< 2024/03/30 10:52:16.248075  length=2 from=605 to=606
 04 86                                            ..
--
< 2024/03/30 10:52:16.264476  length=38 from=607 to=644
 00 16 00 03 00 01 00 02 00 0f 80 80 20 00 65 9e  ............ .e.
 45 30 f9 8f 6e 56 ee 2c 19 04 8f 00 08 00 01 00  E0..nV.,........
 02 00 03 80 10 00                                ......
--
< 2024/03/30 10:52:16.343920  length=38 from=645 to=682
 04 86 00 15 00 03 00 01 00 02 00 0e 80 80 24 00  ..............$.
 f8 7f f1 d1 41 be 80 52 42 67 04 8f 00 07 00 01  ....A..RBg......
 00 02 00 02 80 12                                ......
--
< 2024/03/30 10:52:16.455967  length=40 from=683 to=722
 04 86 00 16 00 03 00 01 00 02 00 0f 80 80 28 00  ..............(.
 c6 78 ac 27 7c 02 06 c8 cc 82 36 04 8f 00 08 00  .x.'|.....6.....
 01 00 02 00 03 80 13 00                          ........
--
< 2024/03/30 10:52:16.568002  length=28 from=723 to=750
 04 86 00 17 00 03 00 01 00 02 00 10 80 80 2c 01  ..............,.
 df 1a c3 7a 4d 29 3b 3a 9c 8c 29 11              ...zM);:..).
--
< 2024/03/30 10:52:16.600067  length=44 from=751 to=794
 04 86 00 12 00 03 00 01 00 02 00 0b 80 80 2c 21  ..............,!
 e7 f0 b0 52 27 76 c1 04 8f 00 10 00 01 00 02 00  ...R'v..........
 0b 80 39 01 00 00 00 7f 04 00 00 00              ..9.........
--
< 2024/03/30 10:52:16.696013  length=40 from=795 to=834
 04 86 00 16 00 03 00 01 00 02 00 0f 80 80 34 00  ..............4.
 0c 4c ee 54 e6 e3 f5 89 70 c9 12 04 8f 00 08 00  .L.T....p.......
 01 00 02 00 03 80 10 01                          ........
--
< 2024/03/30 10:52:16.871975  length=40 from=835 to=874
 04 86 00 16 00 03 00 01 00 02 00 0f 80 80 38 00  ..............8.
 1a c4 aa 4c 9c 14 1d 1f f5 3e 1d 04 8f 00 08 00  ...L.....>......
 01 00 02 00 03 80 10 00                          ........
--
< 2024/03/30 10:52:17.046796  length=23 from=875 to=897
 04 86 00 12 00 03 00 01 00 02 00 0b 80 80 3c 21  ..............<!
 24 81 b8 d2 6c 7e 45                             $...l~E
--
< 2024/03/30 10:52:17.158612  length=49 from=898 to=946
 04 86 00 17 00 03 00 01 00 02 00 10 80 80 3c 01  ..............<.
 6e c9 82 da d9 4e d1 f6 e8 11 b5 47 04 8f 00 10  n....N.....G....
 00 01 00 02 00 0b 80 39 01 00 00 00 7f 00 00 00  .......9........
 00                                               .
--
< 2024/03/30 10:52:17.270555  length=29 from=947 to=975
 04 86 00 16 00 03 00 01 00 02 00 0f 80 80 48 00  ..............H.
 1a 76 0e b4 fc cb 50 fd 70 6c da 04 8f           .v....P.pl...
--
< 2024/03/30 10:52:17.271081  length=11 from=976 to=986
 00 08 00 01 00 02 00 03 80 10 01                 ...........
--
< 2024/03/30 10:52:33.149768  length=5 from=987 to=991
 00 80 ff 00 00                                   .....
--
