< 2024/06/17 16:04:44.340713  length=6 from=0 to=5
 00 03 ff 01 00 01                                ......
--
> 2024/06/17 16:04:44.349679  length=5 from=0 to=4
 00 03 ff 00 00                                   .....
--
< 2024/06/17 16:04:44.360927  length=6 from=6 to=11
 00 03 ff 01 00 02                                ......
--
> 2024/06/17 16:04:44.362649  length=5 from=5 to=9
 00 03 ff 00 00                                   .....
--
< 2024/06/17 16:04:44.394094  length=6 from=12 to=17
 00 03 ff 01 00 04                                ......
--
> 2024/06/17 16:04:44.395671  length=5 from=10 to=14
 00 03 ff 00 00                                   .....
--
< 2024/06/17 16:04:44.437320  length=6 from=18 to=23
 04 04 00 01 00 00                                ......
--
> 2024/06/17 16:04:44.709673  length=2 from=15 to=16
 04 04                                            ..
--
> 2024/06/17 16:04:44.709810  length=1 from=17 to=17
 00                                               .
--
> 2024/06/17 16:04:44.710698  length=2 from=18 to=19
 00 00                                            ..
--
< 2024/06/17 16:04:44.751837  length=5 from=24 to=28
 01 03 00 00 00                                   .....
--
> 2024/06/17 16:04:44.888683  length=10 from=20 to=29
 01 03 00 15 01 70 1f c4 76 e7                    .....p..v.
--
> 2024/06/17 16:04:44.889679  length=12 from=30 to=41
 dc 13 06 02 00 13 82 00 00 00 00 00              ............
--
> 2024/06/17 16:04:44.889763  length=1 from=42 to=42
 62                                               b
--
> 2024/06/17 16:04:44.890671  length=11 from=43 to=53
 74 70 5f 74 65 73 74 65 72 00 00                 tp_tester..
--
> 2024/06/17 16:04:44.891701  length=11 from=54 to=64
 00 00 00 00 00 00 00 00 00 00 00                 ...........
--
> 2024/06/17 16:04:44.892697  length=11 from=65 to=75
 00 00 00 00 00 00 00 00 00 00 00                 ...........
--
> 2024/06/17 16:04:44.892778  length=2 from=76 to=77
 00 00                                            ..
--
> 2024/06/17 16:04:44.892909  length=1 from=78 to=78
 00                                               .
--
> 2024/06/17 16:04:44.892971  length=1 from=79 to=79
 00                                               .
--
> 2024/06/17 16:04:44.893693  length=8 from=80 to=87
 00 00 00 00 00 00 00 00                          ........
--
> 2024/06/17 16:04:44.893770  length=1 from=88 to=88
 00                                               .
--
> 2024/06/17 16:04:44.894674  length=11 from=89 to=99
 00 00 00 00 00 00 00 00 00 00 00                 ...........
--
> 2024/06/17 16:04:44.895664  length=12 from=100 to=111
 00 00 00 00 00 00 00 00 00 00 00 00              ............
--
> 2024/06/17 16:04:44.896673  length=12 from=112 to=123
 00 00 00 00 00 00 00 00 00 00 00 00              ............
--
> 2024/06/17 16:04:44.897704  length=11 from=124 to=134
 00 00 00 00 00 00 00 00 00 00 00                 ...........
--
> 2024/06/17 16:04:44.897785  length=1 from=135 to=135
 00                                               .
--
> 2024/06/17 16:04:44.898677  length=11 from=136 to=146
 00 00 00 00 00 00 00 00 00 00 00                 ...........
--
> 2024/06/17 16:04:44.899707  length=12 from=147 to=158
 00 00 00 00 00 00 00 00 00 00 00 00              ............
--
> 2024/06/17 16:04:44.900690  length=11 from=159 to=169
 00 00 00 00 00 00 00 00 00 00 00                 ...........
--
> 2024/06/17 16:04:44.901678  length=12 from=170 to=181
 00 00 00 00 00 00 00 00 00 00 00 00              ............
--
> 2024/06/17 16:04:44.901760  length=1 from=182 to=182
 00                                               .
--
> 2024/06/17 16:04:44.902681  length=11 from=183 to=193
 00 00 00 00 00 00 00 00 00 00 00                 ...........
--
> 2024/06/17 16:04:44.903715  length=12 from=194 to=205
 00 00 00 00 00 00 00 00 00 00 00 00              ............
--
> 2024/06/17 16:04:44.904684  length=11 from=206 to=216
 00 00 00 00 00 00 00 00 00 00 00                 ...........
--
> 2024/06/17 16:04:44.905708  length=11 from=217 to=227
 00 00 00 00 00 00 00 00 00 00 00                 ...........
--
> 2024/06/17 16:04:44.905797  length=2 from=228 to=229
 00 00                                            ..
--
> 2024/06/17 16:04:44.906698  length=6 from=230 to=235
 00 00 00 00 00 00                                ......
--
> 2024/06/17 16:04:44.906769  length=5 from=236 to=240
 00 00 00 00 00                                   .....
--
> 2024/06/17 16:04:44.906829  length=1 from=241 to=241
 00                                               .
--
> 2024/06/17 16:04:44.907704  length=10 from=242 to=251
 00 00 00 00 00 00 00 00 00 00                    ..........
--
> 2024/06/17 16:04:44.908701  length=12 from=252 to=263
 00 00 00 00 00 00 00 00 00 00 00 00              ............
--
> 2024/06/17 16:04:44.909674  length=11 from=264 to=274
 00 00 00 00 00 00 00 00 00 00 00                 ...........
--
> 2024/06/17 16:04:44.910650  length=11 from=275 to=285
 00 00 00 00 00 00 00 00 00 00 00                 ...........
--
> 2024/06/17 16:04:44.910765  length=1 from=286 to=286
 00                                               .
--
> 2024/06/17 16:04:44.911690  length=12 from=287 to=298
 00 00 00 00 00 00 00 00 00 00 00 00              ............
--
> 2024/06/17 16:04:44.911818  length=1 from=299 to=299
 00                                               .
--
> 2024/06/17 16:04:44.912676  length=2 from=300 to=301
 00 00                                            ..
--
< 2024/06/17 16:04:51.997244  length=61 from=29 to=89
 04 02 00 38 00 cf 53 f8 55 94 a0 49 0f 86 89 05  ...8..S.U..I....
 6b d8 f4 06 24 00 01 02 03 04 05 06 07 08 09 0a  k...$...........
 0b 0c 0d 0e 0f 00 00 00 00 00 00 00 00 00 00 00  ................
 00 00 00 00 00 10 01 18 00 01 0c 00 00           .............
--
> 2024/06/17 16:04:52.003741  length=1 from=302 to=302
 04                                               .
--
> 2024/06/17 16:04:52.003820  length=1 from=303 to=303
 02                                               .
--
> 2024/06/17 16:04:52.003912  length=1 from=304 to=304
 00                                               .
--
> 2024/06/17 16:04:52.004757  length=2 from=305 to=306
 00 00                                            ..
--
< 2024/06/17 16:04:52.014687  length=5 from=90 to=94
 04 78 00 00 00                                   .x...
--
> 2024/06/17 16:04:52.017737  length=3 from=307 to=309
 04 78 00                                         .x.
--
> 2024/06/17 16:04:52.017850  length=1 from=310 to=310
 00                                               .
--
> 2024/06/17 16:04:52.018728  length=1 from=311 to=311
 00                                               .
--
> 2024/06/17 16:04:52.076777  length=6 from=312 to=317
 04 84 00 01 00 00                                ......
--
> 2024/06/17 16:04:54.270866  length=5 from=318 to=322
 04 83 00 00 00                                   .....
--
> 2024/06/17 16:04:56.375898  length=3 from=323 to=325
 04 85 00                                         ...
--
> 2024/06/17 16:04:56.376897  length=3 from=326 to=328
 01 00 00                                         ...
--
> 2024/06/17 16:04:56.728844  length=7 from=329 to=335
 04 86 00 17 00 03 00                             .......
--
> 2024/06/17 16:04:56.728965  length=1 from=336 to=336
 01                                               .
--
> 2024/06/17 16:04:56.729802  length=11 from=337 to=347
 00 02 00 10 80 80 00 00 e1 a6 76                 ..........v
--
> 2024/06/17 16:04:56.730808  length=9 from=348 to=356
 a8 0b 3c 4b 0b 8d 50 44 9b                       ..<K..PD.
--
> 2024/06/17 16:04:56.731733  length=8 from=357 to=364
 04 8f 00 09 00 01 00 02                          ........
--
> 2024/06/17 16:04:56.732836  length=6 from=365 to=370
 00 04 80 27 01 4a                                ...'.J
--
> 2024/06/17 16:04:56.836832  length=6 from=371 to=376
 04 86 00 0f 00 0d                                ......
--
> 2024/06/17 16:04:56.837876  length=12 from=377 to=388
 00 01 00 66 00 08 01 02 03 04 05 06              ...f........
--
> 2024/06/17 16:04:56.837964  length=1 from=389 to=389
 07                                               .
--
> 2024/06/17 16:04:56.838894  length=1 from=390 to=390
 08                                               .
--
> 2024/06/17 16:05:00.091895  length=12 from=391 to=402
 04 86 00 0f 00 0d 00 01 00 66 00 08              .........f..
--
> 2024/06/17 16:05:00.092919  length=8 from=403 to=410
 01 02 03 04 05 06 07 08                          ........
--
> 2024/06/17 16:05:07.169012  length=7 from=411 to=417
 04 86 00 0f 00 0d 00                             .......
--
> 2024/06/17 16:05:07.169987  length=12 from=418 to=429
 01 00 66 00 08 01 02 03 04 05 06 07              ..f.........
--
> 2024/06/17 16:05:07.170996  length=1 from=430 to=430
 08                                               .
--
> 2024/06/17 16:05:17.205134  length=5 from=431 to=435
 04 86 00 0f 00                                   .....
--
> 2024/06/17 16:05:17.206094  length=11 from=436 to=446
 0d 00 01 00 66 00 08 01 02 03 04                 ....f......
--
> 2024/06/17 16:05:17.207115  length=4 from=447 to=450
 05 06 07 08                                      ....
--
> 2024/06/17 16:05:27.236235  length=10 from=451 to=460
 04 86 00 0f 00 0d 00 01 00 66                    .........f
--
> 2024/06/17 16:05:27.242797  length=10 from=461 to=470
 00 08 01 02 03 04 05 06 07 08                    ..........
--
> 2024/06/17 16:05:37.230344  length=3 from=471 to=473
 04 86 00                                         ...
--
> 2024/06/17 16:05:37.231331  length=12 from=474 to=485
 0f 00 0d 00 01 00 66 00 08 01 02 03              ......f.....
--
> 2024/06/17 16:05:37.232246  length=5 from=486 to=490
 04 05 06 07 08                                   .....
--
> 2024/06/17 16:05:47.240438  length=11 from=491 to=501
 04 86 00 0f 00 0d 00 01 00 66 00                 .........f.
--
> 2024/06/17 16:05:47.241454  length=9 from=502 to=510
 08 01 02 03 04 05 06 07 08                       .........
--
> 2024/06/17 16:05:57.325561  length=6 from=511 to=516
 04 86 00 0f 00 0d                                ......
--
> 2024/06/17 16:05:57.326522  length=11 from=517 to=527
 00 01 00 66 00 08 01 02 03 04 05                 ...f.......
--
> 2024/06/17 16:05:57.327503  length=3 from=528 to=530
 06 07 08                                         ...
--
> 2024/06/17 16:06:07.320590  length=3 from=531 to=533
 04 86 00                                         ...
--
> 2024/06/17 16:06:07.321705  length=12 from=534 to=545
 0f 00 0d 00 01 00 66 00 08 01 02 03              ......f.....
--
> 2024/06/17 16:06:07.322651  length=5 from=546 to=550
 04 05 06 07 08                                   .....
--
> 2024/06/17 16:06:17.335792  length=12 from=551 to=562
 04 86 00 0f 00 0d 00 01 00 66 00 08              .........f..
--
> 2024/06/17 16:06:17.336792  length=8 from=563 to=570
 01 02 03 04 05 06 07 08                          ........
--
> 2024/06/17 16:06:27.643891  length=3 from=571 to=573
 04 86 00                                         ...
--
> 2024/06/17 16:06:27.644886  length=11 from=574 to=584
 0f 00 0d 00 01 00 66 00 08 01 02                 ......f....
--
> 2024/06/17 16:06:27.645828  length=6 from=585 to=590
 03 04 05 06 07 08                                ......
--
> 2024/06/17 16:06:57.856263  length=10 from=591 to=600
 04 86 00 0f 00 0d 00 01 00 66                    .........f
--
> 2024/06/17 16:06:57.857161  length=10 from=601 to=610
 00 08 01 02 03 04 05 06 07 08                    ..........
--
> 2024/06/17 16:07:04.745247  length=5 from=611 to=615
 04 86 00 17 00                                   .....
--
> 2024/06/17 16:07:04.746275  length=12 from=616 to=627
 67 00 01 00 66 00 10 01 02 03 04 05              g...f.......
--
> 2024/06/17 16:07:04.746391  length=1 from=628 to=628
 06                                               .
--
> 2024/06/17 16:07:04.747294  length=10 from=629 to=638
 07 08 09 10 11 12 13 14 15 16                    ..........
--
< 2024/06/17 16:07:08.073034  length=15 from=95 to=109
 04 0a                                            ..
 00 0a                                            ..
 00 ff 02 00 ff ff 04 01 02 03 04                 ...........
--
> 2024/06/17 16:07:08.077260  length=8 from=639 to=646
 04 86 00 10 00 07 00 02                          ........
--
> 2024/06/17 16:07:08.077421  length=2 from=647 to=648
 00 ff                                            ..
--
> 2024/06/17 16:07:08.078241  length=11 from=649 to=659
 ff 09 78 b2 9c 18 a3 87 4f c2 d3                 ..x.....O..
--
> 2024/06/17 16:07:08.079173  length=10 from=660 to=669
 04 8f 00 09 00 02 00 ff ff 04                    ..........
--
> 2024/06/17 16:07:08.079261  length=1 from=670 to=670
 01                                               .
--
> 2024/06/17 16:07:08.080245  length=8 from=671 to=678
 02 03 04 04 0a                                   .....
 00 00 00                                         ...
--
> 2024/06/17 16:07:21.292419  length=2 from=679 to=680
 00 80                                            ..
--
> 2024/06/17 16:07:21.292524  length=2 from=681 to=682
 ff 00                                            ..
--
> 2024/06/17 16:07:21.293386  length=1 from=683 to=683
 00                                               .
--
