WARNING: Using a test - not safe - entropy source
uart connected to pseudotty: /dev/pts/11
*** Booting Zephyr OS build v4.2.0-1030-g2b42a1d81d98 ***
> 2025/08/02 20:24:57.705905  length=5 from=0 to=4
 00 80 ff 00 00                                   .....
--
< 2025/08/02 20:24:57.707660  length=6 from=0 to=5
 00 03 ff 01 00 01                                ......
--
[00:00:00.250,000] [1;33m<wrn> bt_hci_core: Num of Controller's ACL packets != ACL bt_conn_tx contexts (7 != 3)[0m
[00:00:00.250,000] [1;33m<wrn> bt_hci_core: Num of Controller's ISO packets != ISO bt_conn_tx contexts(8 != 4)[0m
[00:00:00.430,000] [0m<inf> bt_hci_core: HCI transport: HCI User Channel[0m
[00:00:00.430,000] [0m<inf> bt_hci_core: Identity: D5:B6:CC:31:DB:3B (random)[0m
[00:00:00.430,000] [0m<inf> bt_hci_core: HCI: version 5.4 (0x0d) revision 0x0000, manufacturer 0x05f1[0m
[00:00:00.430,000] [0m<inf> bt_hci_core: LMP: version 5.4 (0x0d) subver 0xffff[0m
> 2025/08/02 20:24:58.133874  length=5 from=5 to=9
 00 03 ff 00 00                                   .....
--
< 2025/08/02 20:24:58.165472  length=5 from=6 to=10
 01 01 ff 00 00                                   .....
--
> 2025/08/02 20:24:58.173839  length=11 from=10 to=20
 01 01 ff 06 00 6e ff 7f 1f fe 07                 .....n.....
--
< 2025/08/02 20:24:58.225991  length=5 from=11 to=15
 01 03 00 00 00                                   .....
--
> 2025/08/02 20:24:58.233831  length=71 from=21 to=91
 01 03 00 15 01 3b db 31 cc b6 d5 13 06 02 00 13  .....;.1........
 82 00 00 00 00 00 62 74 70 5f 74 65 73 74 65 72  ......btp_tester
 00 00 00 00 00 00 00 00 00 00 00 00 00 00 00 00  ................
 00 00 00 00 00 00 00 00 00 00 00 00 00 00 00 00  ................
 00 00 00 00 00 00 00                             .......
--
> 2025/08/02 20:24:58.234154  length=211 from=92 to=302
 00 00 00 00 00 00 00 00 00 00 00 00 00 00 00 00  ................
 00 00 00 00 00 00 00 00 00 00 00 00 00 00 00 00  ................
 00 00 00 00 00 00 00 00 00 00 00 00 00 00 00 00  ................
 00 00 00 00 00 00 00 00 00 00 00 00 00 00 00 00  ................
 00 00 00 00 00 00 00 00 00 00 00 00 00 00 00 00  ................
 00 00 00 00 00 00 00 00 00 00 00 00 00 00 00 00  ................
 00 00 00 00 00 00 00 00 00 00 00 00 00 00 00 00  ................
 00 00 00 00 00 00 00 00 00 00 00 00 00 00 00 00  ................
 00 00 00 00 00 00 00 00 00 00 00 00 00 00 00 00  ................
 00 00 00 00 00 00 00 00 00 00 00 00 00 00 00 00  ................
 00 00 00 00 00 00 00 00 00 00 00 00 00 00 00 00  ................
 00 00 00 00 00 00 00 00 00 00 00 00 00 00 00 00  ................
 00 00 00 00 00 00 00 00 00 00 00 00 00 00 00 00  ................
 00 00 00                                         ...
--
< 2025/08/02 20:24:58.308620  length=6 from=16 to=21
 00 03 ff 01 00 02                                ......
--
> 2025/08/02 20:24:58.313827  length=5 from=303 to=307
 00 03 ff 00 00                                   .....
--
< 2025/08/02 20:24:58.324940  length=5 from=22 to=26
 02 01 ff 00 00                                   .....
--
> 2025/08/02 20:24:58.333820  length=10 from=308 to=317
 02 01 ff 05 00 fe fe ff fd 03                    ..........
--
< 2025/08/02 20:24:58.391143  length=6 from=27 to=32
 01 08 00 01 00 01                                ......
--
> 2025/08/02 20:24:58.393828  length=9 from=318 to=326
 01 08 00 04 00 1b 82 00 00                       .........
--
< 2025/08/02 20:24:58.456028  length=6 from=33 to=38
 00 03 ff 01 00 0c                                ......
--
> 2025/08/02 20:24:58.463811  length=5 from=327 to=331
 00 03 ff 00 00                                   .....
--
< 2025/08/02 20:24:58.505587  length=5 from=39 to=43
 0c 01 ff 00 00                                   .....
--
> 2025/08/02 20:24:58.513827  length=6 from=332 to=337
 0c 01 ff 01 00 3e                                .....>
--
< 2025/08/02 20:24:58.571014  length=6 from=44 to=49
 00 03 ff 01 00 0d                                ......
--
> 2025/08/02 20:24:58.573794  length=5 from=338 to=342
 00 03 ff 00 00                                   .....
--
< 2025/08/02 20:24:58.615602  length=5 from=50 to=54
 0d 01 ff 00 00                                   .....
--
> 2025/08/02 20:24:58.623725  length=7 from=343 to=349
 0d 01 ff 02 00 fe 0f                             .......
--
< 2025/08/02 20:24:58.680805  length=6 from=55 to=60
 00 03 ff 01 00 0e                                ......
--
> 2025/08/02 20:24:58.683884  length=5 from=350 to=354
 00 03 ff 00 00                                   .....
--
< 2025/08/02 20:24:58.730831  length=5 from=61 to=65
 0e 01 ff 00 00                                   .....
--
> 2025/08/02 20:24:58.733827  length=9 from=355 to=363
 0e 01 ff 04 00 fe ff ff 03                       .........
--
< 2025/08/02 20:25:01.793462  length=13 from=66 to=78
 01 0e 00 08 00 00 df 28 1c e8 07 c0 00           .......(.....
--
> 2025/08/02 20:25:01.873868  length=5 from=364 to=368
 01 0e 00 00 00                                   .....
--
> 2025/08/02 20:25:01.893885  length=18 from=369 to=386
 01 82 00 0d 00 00 df 28 1c e8 07 c0 38 00 00 00  .......(....8...
 90 01                                            ..
--
> 2025/08/02 20:25:03.853950  length=27 from=387 to=413
 01 91 00 09 00 00 df 28 1c e8 07 c0 01 10 01 89  .......(........
 00 08 00 00 df 28 1c e8 07 c0 02                 .....(.....
--
< 2025/08/02 20:25:04.045085  length=12 from=79 to=90
 0e 02 00 07 00 00 df 28 1c e8 07 c0              .......(....
--
> 2025/08/02 20:25:04.053927  length=5 from=414 to=418
 0e 02 00 00 00                                   .....
--
> 2025/08/02 20:25:05.474192  length=44 from=419 to=462
 0e 81 00 11 00 00 df 28 1c e8 07 c0 02 06 f5 00  .......(........
 03 28 00 28 00 01 0e 81 00 11 00 00 df 28 1c e8  .(.(.........(..
 07 c0 02 06 f5 00 03 1a 00 c8 00 01              ............
--
> 2025/08/02 20:25:08.614080  length=14 from=463 to=476
 0e 82 00 09 00 00 df 28 1c e8 07 c0 02 0a        .......(......
--
> 2025/08/02 20:25:10.014086  length=13 from=477 to=489
 0e 80 00 08 00 00 df 28 1c e8 07 c0 00           .......(.....
--
< 2025/08/02 20:25:15.117414  length=15 from=91 to=105
 02 0c 00 0a                                      ....
 00 00 df 28 1c e8 07 c0 02 4e 18                 ...(.....N.
--
> 2025/08/02 20:25:15.474136  length=13 from=490 to=502
 02 0c 00 08 00 01 20 01 2f 01 02 4e 18           ...... ./..N.
--
< 2025/08/02 20:25:15.505895  length=19 from=106 to=124
 02 0f 00 0e 00 00 df 28 1c e8 07 c0 20 01 2f 01  .......(.... ./.
 02 c5 2b                                         ..+
--
> 2025/08/02 20:25:15.754167  length=14 from=503 to=516
 02 0f 00 09 00 01 27 01 28 01 12 02 c5 2b        ......'.(....+
--
< 2025/08/02 20:25:15.811274  length=16 from=125 to=140
 02 10 00 0b 00 00 df 28 1c e8 07 c0 29 01 29 01  .......(....).).
--
> 2025/08/02 20:25:15.974109  length=11 from=517 to=527
 02 10 00 06 00 01 29 01 02 02 29                 ......)...)
--
< 2025/08/02 20:25:16.021049  length=14 from=141 to=154
 02 11 00 09 00 00 df 28 1c e8 07 c0 28 01        .......(....(.
--
> 2025/08/02 20:25:16.174161  length=10 from=528 to=537
 02 11 00 05 00 00 02 00 0a                       .........
 00                                               .
--
< 2025/08/02 20:25:16.236555  length=32 from=155 to=186
 0d 02 00 1b 00 00 df 28 1c e8 07 c0 0a           .......(.....
 ff ff ff ff ff 0d 02 01 00 02 02 00 03 04 00 00  ................
 02 05 01                                         ...
--
> 2025/08/02 20:25:16.244005  length=5 from=538 to=542
 0d 02 00 00 00                                   .....
--
> 2025/08/02 20:25:16.394136  length=16 from=543 to=558
 0d 80 00 0b 00 00 df 28 1c e8 07 c0 00 01 00 00  .......(........
--
> 2025/08/02 20:25:16.534314  length=14 from=559 to=572
 0d 82 00 09 00 00 df 28 1c e8 07 c0 0a           .......(.....
 01                                               .
--
< 2025/08/02 20:25:46.522989  length=15 from=187 to=201
 0d 0a                                            ..
 00 0a                                            ..
 00 00 df 28 1c e8 07 c0 0a                       ...(.....
 00 00                                            ..
--
> 2025/08/02 20:25:46.524377  length=5 from=573 to=577
 0d 0a                                            ..
 00 00 00                                         ...
--
< 2025/08/02 20:25:46.535714  length=19 from=202 to=220
 0d 0b 00 0e 00 00 00 4c 1d 00 00 28 00 02 0a     .......L...(...
 00 40 9c 00                                      .@..
--
> 2025/08/02 20:25:46.544311  length=5 from=578 to=582
 0d 0b 00 00 00                                   .....
--
< 2025/08/02 20:25:46.555742  length=27 from=221 to=247
 0d 03 00 16 00 00 df 28 1c e8 07 c0 0a           .......(.....
 00 00 4c 1d 00 00 28 00 02 0a                    ..L...(...
 00 40 9c 00                                      .@..
--
> 2025/08/02 20:25:46.634434  length=5 from=583 to=587
 0d 03 00 00 00                                   .....
--
> 2025/08/02 20:25:46.774596  length=16 from=588 to=603
 0d 80 00 0b 00 00 df 28 1c e8 07 c0 0a           .......(.....
 02 00 00                                         ...
--
> 2025/08/02 20:25:46.914599  length=14 from=604 to=617
 0d 82 00 09 00 00 df 28 1c e8 07 c0 0a           .......(.....
 02                                               .
--
> 2025/08/02 20:25:48.174660  length=14 from=618 to=631
 0d 82 00 09 00 00 df 28 1c e8 07 c0 0a           .......(.....
 00                                               .
--
> 2025/08/02 20:25:49.634603  length=12 from=632 to=643
 01 83 00 07 00 00 df 28 1c e8 07 c0              .......(....
--

Stopped at 56.940s
