< 2024/10/12 08:58:30.804205  length=6 from=0 to=5
 00 03 ff 01 00 01                                ......
--
> 2024/10/12 08:58:30.814026  length=5 from=0 to=4
 00 03 ff 00 00                                   .....
--
< 2024/10/12 08:58:30.867466  length=6 from=6 to=11
 00 03 ff 01 00 02                                ......
--
> 2024/10/12 08:58:30.870115  length=5 from=5 to=9
 00 03 ff 00 00                                   .....
--
< 2024/10/12 08:58:30.946103  length=6 from=12 to=17
 00 03 ff 01 00 04                                ......
--
> 2024/10/12 08:58:30.947737  length=5 from=10 to=14
 00 03 ff 00 00                                   .....
--
< 2024/10/12 08:58:30.962803  length=6 from=18 to=23
 04 04 00 01 00 00                                ......
--
> 2024/10/12 08:58:31.225805  length=5 from=15 to=19
 04 04 00 00 00                                   .....
--
< 2024/10/12 08:58:31.286613  length=5 from=24 to=28
 01 03 00 00 00                                   .....
--
> 2024/10/12 08:58:31.334463  length=3 from=20 to=22
 01 03 00                                         ...
--
> 2024/10/12 08:58:31.335810  length=16 from=23 to=38
 15 01 70 1f c4 76 e7 dc 13 06 02 00 13 82 00 00  ..p..v..........
--
> 2024/10/12 08:58:31.337117  length=16 from=39 to=54
 00 00 00 62 74 70 5f 74 65 73 74 65 72 00 00 00  ...btp_tester...
--
> 2024/10/12 08:58:31.338534  length=15 from=55 to=69
 00 00 00 00 00 00 00 00 00 00 00 00 00 00 00     ...............
--
> 2024/10/12 08:58:31.340052  length=19 from=70 to=88
 00 00 00 00 00 00 00 00 00 00 00 00 00 00 00 00  ................
 00 00 00                                         ...
--
> 2024/10/12 08:58:31.341456  length=15 from=89 to=103
 00 00 00 00 00 00 00 00 00 00 00 00 00 00 00     ...............
--
> 2024/10/12 08:58:31.342811  length=16 from=104 to=119
 00 00 00 00 00 00 00 00 00 00 00 00 00 00 00 00  ................
--
> 2024/10/12 08:58:31.344130  length=16 from=120 to=135
 00 00 00 00 00 00 00 00 00 00 00 00 00 00 00 00  ................
--
> 2024/10/12 08:58:31.345504  length=16 from=136 to=151
 00 00 00 00 00 00 00 00 00 00 00 00 00 00 00 00  ................
--
> 2024/10/12 08:58:31.346835  length=15 from=152 to=166
 00 00 00 00 00 00 00 00 00 00 00 00 00 00 00     ...............
--
> 2024/10/12 08:58:31.348161  length=16 from=167 to=182
 00 00 00 00 00 00 00 00 00 00 00 00 00 00 00 00  ................
--
> 2024/10/12 08:58:31.349496  length=16 from=183 to=198
 00 00 00 00 00 00 00 00 00 00 00 00 00 00 00 00  ................
--
> 2024/10/12 08:58:31.350800  length=15 from=199 to=213
 00 00 00 00 00 00 00 00 00 00 00 00 00 00 00     ...............
--
> 2024/10/12 08:58:31.352257  length=16 from=214 to=229
 00 00 00 00 00 00 00 00 00 00 00 00 00 00 00 00  ................
--
> 2024/10/12 08:58:31.353593  length=16 from=230 to=245
 00 00 00 00 00 00 00 00 00 00 00 00 00 00 00 00  ................
--
> 2024/10/12 08:58:31.355204  length=18 from=246 to=263
 00 00 00 00 00 00 00 00 00 00 00 00 00 00 00 00  ................
 00 00                                            ..
--
> 2024/10/12 08:58:31.356502  length=16 from=264 to=279
 00 00 00 00 00 00 00 00 00 00 00 00 00 00 00 00  ................
--
> 2024/10/12 08:58:31.357860  length=1 from=280 to=280
 00                                               .
--
> 2024/10/12 08:58:31.359246  length=21 from=281 to=301
 00 00 00 00 00 00 00 00 00 00 00 00 00 00 00 00  ................
 00 00 00 00 00                                   .....
--
< 2024/10/12 08:58:39.416711  length=61 from=29 to=89
 04 02 00 38 00 42 c0 cf cb 8e 14 4b b1 af ea 37  ...8.B.....K...7
 a5 03 ba ba 31 00 01 02 03 04 05 06 07 08 09 0a  ....1...........
 0b 0c 0d 0e 0f 00 00 00 00 00 00 00 00 00 00 00  ................
 00 00 00 00 00 10 02 08 00 01 08 00 00           .............
--
> 2024/10/12 08:58:39.425067  length=5 from=302 to=306
 04 02 00 00 00                                   .....
--
< 2024/10/12 08:58:39.454662  length=5 from=90 to=94
 04 78 00 00 00                                   .x...
--
> 2024/10/12 08:58:39.458553  length=4 from=307 to=310
 04 78 00 00                                      .x..
--
> 2024/10/12 08:58:39.459838  length=1 from=311 to=311
 00                                               .
--
> 2024/10/12 08:58:39.678752  length=2 from=312 to=313
 01 82                                            ..
--
> 2024/10/12 08:58:39.680087  length=15 from=314 to=328
 00 0d 00 00 df 28 1c e8 07 c0 32 00 00 00 d0     .....(....2....
--
> 2024/10/12 08:58:39.681509  length=10 from=329 to=338
 07 01 80 00 04 00 13 82 00 00                    ..........
--
> 2024/10/12 08:58:40.867644  length=5 from=339 to=343
 04 84 00 01 00                                   .....
--
> 2024/10/12 08:58:40.868974  length=1 from=344 to=344
 01                                               .
--
< 2024/10/12 08:58:41.473078  length=12 from=95 to=106
 02 1c 00 07 00 01 00 ff ff 02 db 2a              ...........*
--
> 2024/10/12 08:58:41.477156  length=12 from=345 to=356
 02 1c 00 07 00 01 23 00 02 02 db 2a              ......#....*
--
< 2024/10/12 08:58:41.520568  length=12 from=107 to=118
 02 1c 00 07 00 01 00 ff ff 02 dc 2a              ...........*
--
> 2024/10/12 08:58:41.523653  length=12 from=357 to=368
 02 1c 00 07 00 01 25 00 00 02 dc 2a              ......%....*
--
> 2024/10/12 08:58:41.618146  length=7 from=369 to=375
 01 83 00 07 00 00 df                             .......
--
> 2024/10/12 08:58:41.619478  length=5 from=376 to=380
 28 1c e8 07 c0                                   (....
--
> 2024/10/12 08:58:41.883771  length=4 from=381 to=384
 04 85 00 01                                      ....
--
> 2024/10/12 08:58:41.885088  length=2 from=385 to=386
 00 01                                            ..
--
> 2024/10/12 08:58:47.390432  length=5 from=387 to=391
 00 80 ff 00 00                                   .....
--
