Applying system reset.
Run.
Applying system reset.
Run.
< 2023/04/22 00:52:07.569293  length=5 from=0 to=4
 00 80 ff 00 00                                   .....
--
> 2023/04/22 00:52:07.695151  length=6 from=0 to=5
 00 03 ff 01 00 01                                ......
--
< 2023/04/22 00:52:07.710202  length=5 from=5 to=9
 00 03 ff 00 00                                   .....
--
> 2023/04/22 00:52:07.805143  length=6 from=6 to=11
 00 03 ff 01 00 02                                ......
--
< 2023/04/22 00:52:07.821272  length=5 from=10 to=14
 00 03 ff 00 00                                   .....
--
> 2023/04/22 00:52:07.965140  length=6 from=12 to=17
 00 03 ff 01 00 04                                ......
--
< 2023/04/22 00:52:07.981314  length=5 from=15 to=19
 00 03 ff 00 00                                   .....
--
> 2023/04/22 00:52:08.061112  length=5 from=18 to=22
 01 03 00 00 00                                   .....
--
< 2023/04/22 00:52:08.077330  length=146 from=20 to=165
 01 03 00 15 01 70 1f c4 76 e7 dc 13 06 00 00 13  .....p..v.......
 82 00 00 00 00 00 62 74 70 5f 74 65 73 74 65 72  ......btp_tester
 00 00 00 00 00 00 00 00 00 00 00 00 00 00 00 00  ................
 00 00 00 00 00 00 00 00 00 00 00 00 00 00 00 00  ................
 00 00 00 00 00 00 00 00 00 00 00 00 00 00 00 00  ................
 00 00 00 00 00 00 00 00 00 00 00 00 00 00 00 00  ................
 00 00 00 00 00 00 00 00 00 00 00 00 00 00 00 00  ................
 00 00 00 00 00 00 00 00 00 00 00 00 00 00 00 00  ................
 00 00 00 00 00 00 00 00 00 00 00 00 00 00 00 00  ................
 00 00                                            ..
--
< 2023/04/22 00:52:08.079044  length=11 from=166 to=176
 00 00 00 00 00 00 00 00 00 00 00                 ...........
--
< 2023/04/22 00:52:08.079343  length=12 from=177 to=188
 00 00 00 00 00 00 00 00 00 00 00 00              ............
--
< 2023/04/22 00:52:08.093922  length=113 from=189 to=301
 00 00 00 00 00 00 00 00 00 00 00 00 00 00 00 00  ................
 00 00 00 00 00 00 00 00 00 00 00 00 00 00 00 00  ................
 00 00 00 00 00 00 00 00 00 00 00 00 00 00 00 00  ................
 00 00 00 00 00 00 00 00 00 00 00 00 00 00 00 00  ................
 00 00 00 00 00 00 00 00 00 00 00 00 00 00 00 00  ................
 00 00 00 00 00 00 00 00 00 00 00 00 00 00 00 00  ................
 00 00 00 00 00 00 00 00 00 00 00 00 00 00 00 00  ................
 00                                               .
--
> 2023/04/22 00:52:14.751809  length=44 from=23 to=66
 04 02 00 27 00 8e d1 2e 08 a3 43 43 56 bc 54 39  ...'......CCV.T9
 5a 8a ab c8 58 00 00 00 00 00 00 00 00 00 00 00  Z...X...........
 00 00 00 00 00 00 00 00 01 0c 00 00              ............
--
< 2023/04/22 00:52:14.767904  length=5 from=302 to=306
 04 02 00 00 00                                   .....
--
> 2023/04/22 00:52:14.879733  length=5 from=67 to=71
 04 04 00 00 00                                   .....
--
< 2023/04/22 00:52:15.151809  length=5 from=307 to=311
 04 04 00 00 00                                   .....
--
< 2023/04/22 00:52:15.168045  length=6 from=312 to=317
 04 84 00 01 00 00                                ......
--
< 2023/04/22 00:52:16.850640  length=5 from=318 to=322
 04 83 00 00 00                                   .....
--
< 2023/04/22 00:52:18.377143  length=6 from=323 to=328
 04 85 00 01 00 00                                ......
--
< 2023/04/22 00:52:19.236156  length=27 from=329 to=355
 04 86 00 16 00 03 00 01 00 02 00 0f 80 80 00 00  ................
 a9 6d b4 3f 50 7b 9a df b4 44 09                 .m.?P{...D.
--
< 2023/04/22 00:52:19.475294  length=19 from=356 to=374
 04 86 00 0e 00 07 01 01 00 02 00 07 00 00 04 00  ................
 00 00 07                                         ...
--
< 2023/04/22 00:52:19.569855  length=28 from=375 to=402
 04 86 00 17 00 03 00 01 00 02 00 10 80 00 08 01  ................
 3f ad 22 b0 83 99 8c a8 77 76 fb 61              ?.".....wv.a
--
< 2023/04/22 00:52:19.617953  length=28 from=403 to=430
 04 86 00 17 00 03 00 01 00 02 00 10 80 00 08 21  ...............!
 73 bb ee 5b fe 92 36 45 9d aa ca d3              s..[..6E....
--
< 2023/04/22 00:52:19.711992  length=10 from=431 to=440
 04 86 00 17 00 03 00 01 00 02                    ..........
--
< 2023/04/22 00:52:19.712365  length=12 from=441 to=452
 00 10 80 00 10 00 f9 52 cf e1 c1 07              .......R....
--
< 2023/04/22 00:52:19.728364  length=6 from=453 to=458
 b0 55 84 ec 66 e7                                .U..f.
--
< 2023/04/22 00:52:19.855846  length=28 from=459 to=486
 04 86 00 17 00 03 00 01 00 02 00 10 80 00 14 00  ................
 6c 4a 1f f1 09 e8 11 9e 09 2a 2b 91              lJ.......*+.
--
< 2023/04/22 00:52:20.047042  length=14 from=487 to=500
 04 86 00 12 00 03 00 01 00 02 00 0b 52 85        ............R.
--
< 2023/04/22 00:52:20.047421  length=9 from=501 to=509
 78 1b 1c c5 f9 b2 62 18 ad                       x.....b..
--
Applying system reset.
Run.
