< 2024/08/09 22:33:22.139636  length=6 from=0 to=5
 00 03 ff 01 00 01                                ......
--
> 2024/08/09 22:33:22.149039  length=5 from=0 to=4
 00 03 ff 00 00                                   .....
--
< 2024/08/09 22:33:22.190771  length=6 from=6 to=11
 00 03 ff 01 00 02                                ......
--
> 2024/08/09 22:33:22.192065  length=5 from=5 to=9
 00 03 ff 00 00                                   .....
--
< 2024/08/09 22:33:22.233757  length=5 from=12 to=16
 01 03 00 00 00                                   .....
--
> 2024/08/09 22:33:22.417087  length=2 from=10 to=11
 01 03                                            ..
--
> 2024/08/09 22:33:22.418098  length=12 from=12 to=23
 00 15 01 70 1f c4 76 e7 dc 13 06 02              ...p..v.....
--
> 2024/08/09 22:33:22.418168  length=1 from=24 to=24
 00                                               .
--
> 2024/08/09 22:33:22.419095  length=11 from=25 to=35
 13 82 00 00 00 00 00 62 74 70 5f                 .......btp_
--
> 2024/08/09 22:33:22.420096  length=12 from=36 to=47
 74 65 73 74 65 72 00 00 00 00 00 00              tester......
--
> 2024/08/09 22:33:22.421080  length=10 from=48 to=57
 00 00 00 00 00 00 00 00 00 00                    ..........
--
> 2024/08/09 22:33:22.421146  length=2 from=58 to=59
 00 00                                            ..
--
> 2024/08/09 22:33:22.422090  length=11 from=60 to=70
 00 00 00 00 00 00 00 00 00 00 00                 ...........
--
> 2024/08/09 22:33:22.423074  length=11 from=71 to=81
 00 00 00 00 00 00 00 00 00 00 00                 ...........
--
> 2024/08/09 22:33:22.424096  length=12 from=82 to=93
 00 00 00 00 00 00 00 00 00 00 00 00              ............
--
> 2024/08/09 22:33:22.425081  length=11 from=94 to=104
 00 00 00 00 00 00 00 00 00 00 00                 ...........
--
> 2024/08/09 22:33:22.425148  length=1 from=105 to=105
 00                                               .
--
> 2024/08/09 22:33:22.426095  length=11 from=106 to=116
 00 00 00 00 00 00 00 00 00 00 00                 ...........
--
> 2024/08/09 22:33:22.426164  length=1 from=117 to=117
 00                                               .
--
> 2024/08/09 22:33:22.427081  length=10 from=118 to=127
 00 00 00 00 00 00 00 00 00 00                    ..........
--
> 2024/08/09 22:33:22.427147  length=1 from=128 to=128
 00                                               .
--
> 2024/08/09 22:33:22.427190  length=1 from=129 to=129
 00                                               .
--
> 2024/08/09 22:33:22.428080  length=10 from=130 to=139
 00 00 00 00 00 00 00 00 00 00                    ..........
--
> 2024/08/09 22:33:22.428146  length=1 from=140 to=140
 00                                               .
--
> 2024/08/09 22:33:22.429081  length=5 from=141 to=145
 00 00 00 00 00                                   .....
--
> 2024/08/09 22:33:22.429139  length=7 from=146 to=152
 00 00 00 00 00 00 00                             .......
--
> 2024/08/09 22:33:22.429244  length=1 from=153 to=153
 00                                               .
--
> 2024/08/09 22:33:22.430120  length=10 from=154 to=163
 00 00 00 00 00 00 00 00 00 00                    ..........
--
> 2024/08/09 22:33:22.430203  length=1 from=164 to=164
 00                                               .
--
> 2024/08/09 22:33:22.431096  length=11 from=165 to=175
 00 00 00 00 00 00 00 00 00 00 00                 ...........
--
> 2024/08/09 22:33:22.432129  length=12 from=176 to=187
 00 00 00 00 00 00 00 00 00 00 00 00              ............
--
> 2024/08/09 22:33:22.433097  length=10 from=188 to=197
 00 00 00 00 00 00 00 00 00 00                    ..........
--
> 2024/08/09 22:33:22.433177  length=1 from=198 to=198
 00                                               .
--
> 2024/08/09 22:33:22.434100  length=12 from=199 to=210
 00 00 00 00 00 00 00 00 00 00 00 00              ............
--
> 2024/08/09 22:33:22.435133  length=11 from=211 to=221
 00 00 00 00 00 00 00 00 00 00 00                 ...........
--
> 2024/08/09 22:33:22.435214  length=1 from=222 to=222
 00                                               .
--
> 2024/08/09 22:33:22.436100  length=11 from=223 to=233
 00 00 00 00 00 00 00 00 00 00 00                 ...........
--
> 2024/08/09 22:33:22.437072  length=11 from=234 to=244
 00 00 00 00 00 00 00 00 00 00 00                 ...........
--
> 2024/08/09 22:33:22.438095  length=12 from=245 to=256
 00 00 00 00 00 00 00 00 00 00 00 00              ............
--
> 2024/08/09 22:33:22.439085  length=11 from=257 to=267
 00 00 00 00 00 00 00 00 00 00 00                 ...........
--
> 2024/08/09 22:33:22.439152  length=1 from=268 to=268
 00                                               .
--
> 2024/08/09 22:33:22.440095  length=11 from=269 to=279
 00 00 00 00 00 00 00 00 00 00 00                 ...........
--
> 2024/08/09 22:33:22.440163  length=1 from=280 to=280
 00                                               .
--
> 2024/08/09 22:33:22.441103  length=11 from=281 to=291
 00 00 00 00 00 00 00 00 00 00 00                 ...........
--
< 2024/08/09 22:33:22.455586  length=6 from=17 to=22
 01 10 00 01 00 00                                ......
--
> 2024/08/09 22:33:22.457073  length=5 from=292 to=296
 01 10 00 00 00                                   .....
--
< 2024/08/09 22:33:22.463218  length=9 from=23 to=31
 02 02 00 04 00 01 02 aa 40                       ........@
--
> 2024/08/09 22:33:22.465068  length=7 from=297 to=303
 02 02 00 02 00 00 00                             .......
--
< 2024/08/09 22:33:22.527118  length=12 from=32 to=43
 02 03 00 07 00 00 00 0a                          ........
 03 02 aa 50                                      ...P
--
> 2024/08/09 22:33:22.529042  length=5 from=304 to=308
 02 03 00 02 00                                   .....
--
> 2024/08/09 22:33:22.530106  length=2 from=309 to=310
 00 00                                            ..
--
< 2024/08/09 22:33:22.581072  length=17 from=44 to=60
 02 06 00 0c 00 00 00 08 00 01 23 45 67 89 ab cd  ..........#Eg...
 ef                                               .
--
> 2024/08/09 22:33:22.584099  length=5 from=311 to=315
 02 06 00 00 00                                   .....
--
< 2024/08/09 22:33:22.625671  length=12 from=61 to=72
 02 03 00 07 00 00 00 0a                          ........
 0c 02 aa 51                                      ...Q
--
> 2024/08/09 22:33:22.628104  length=7 from=316 to=322
 02 03 00 02 00 00 00                             .......
--
< 2024/08/09 22:33:22.690165  length=17 from=73 to=89
 02 06 00 0c 00 00 00 08 00 01 23 45 67 89 ab cd  ..........#Eg...
 ef                                               .
--
> 2024/08/09 22:33:22.693071  length=5 from=323 to=327
 02 06 00 00 00                                   .....
--
< 2024/08/09 22:33:22.735024  length=12 from=90 to=101
 02 03 00 07 00 00 00 0a                          ........
 30 02 aa 52                                      0..R
--
> 2024/08/09 22:33:22.737071  length=6 from=328 to=333
 02 03 00 02 00 00                                ......
--
> 2024/08/09 22:33:22.738046  length=1 from=334 to=334
 00                                               .
--
< 2024/08/09 22:33:22.768720  length=17 from=102 to=118
 02 06 00 0c 00 00 00 08 00 01 23 45 67 89 ab cd  ..........#Eg...
 ef                                               .
--
> 2024/08/09 22:33:22.771073  length=5 from=335 to=339
 02 06 00 00 00                                   .....
--
< 2024/08/09 22:33:22.812578  length=12 from=119 to=130
 02 03 00 07 00 00 00 0a                          ........
 c0 02 aa 53                                      ...S
--
> 2024/08/09 22:33:22.815045  length=7 from=340 to=346
 02 03 00 02 00 00 00                             .......
--
< 2024/08/09 22:33:22.871932  length=17 from=131 to=147
 02 06 00 0c 00 00 00 08 00 01 23 45 67 89 ab cd  ..........#Eg...
 ef                                               .
--
> 2024/08/09 22:33:22.874067  length=2 from=347 to=348
 02 06                                            ..
--
> 2024/08/09 22:33:22.874122  length=1 from=349 to=349
 00                                               .
--
> 2024/08/09 22:33:22.875049  length=2 from=350 to=351
 00 00                                            ..
--
< 2024/08/09 22:33:22.905647  length=12 from=148 to=159
 02 03 00 07 00 00 00 3a 03 02 aa 54              .......:...T
--
> 2024/08/09 22:33:22.908041  length=7 from=352 to=358
 02 03 00 02 00 00 00                             .......
--
< 2024/08/09 22:33:22.965020  length=17 from=160 to=176
 02 06 00 0c 00 00 00 08 00 01 23 45 67 89 ab cd  ..........#Eg...
 ef                                               .
--
> 2024/08/09 22:33:22.967041  length=1 from=359 to=359
 02                                               .
--
> 2024/08/09 22:33:22.968096  length=4 from=360 to=363
 06 00 00 00                                      ....
--
< 2024/08/09 22:33:23.008554  length=11 from=177 to=187
 02 04 00 06 00 00 00 03 02 02 29                 ..........)
--
> 2024/08/09 22:33:23.010073  length=1 from=364 to=364
 02                                               .
--
> 2024/08/09 22:33:23.010126  length=1 from=365 to=365
 04                                               .
--
> 2024/08/09 22:33:23.010169  length=1 from=366 to=366
 00                                               .
--
> 2024/08/09 22:33:23.011050  length=4 from=367 to=370
 02 00 00 00                                      ....
--
< 2024/08/09 22:33:23.067053  length=12 from=188 to=199
 02 03 00 07 00 00 00 3a 03 02 aa 55              .......:...U
--
> 2024/08/09 22:33:23.069042  length=6 from=371 to=376
 02 03 00 02 00 00                                ......
--
> 2024/08/09 22:33:23.070068  length=1 from=377 to=377
 00                                               .
--
< 2024/08/09 22:33:23.126237  length=17 from=200 to=216
 02 06 00 0c 00 00 00 08 00 01 23 45 67 89 ab cd  ..........#Eg...
 ef                                               .
--
> 2024/08/09 22:33:23.129047  length=5 from=378 to=382
 02 06 00 00 00                                   .....
--
< 2024/08/09 22:33:23.170645  length=11 from=217 to=227
 02 04 00 06 00 00 00 03 02 02 29                 ..........)
--
> 2024/08/09 22:33:23.173048  length=7 from=383 to=389
 02 04 00 02 00 00 00                             .......
--
< 2024/08/09 22:33:23.235280  length=12 from=228 to=239
 02 03 00 07 00 00 00 46 03 02 aa 56              .......F...V
--
> 2024/08/09 22:33:23.237055  length=3 from=390 to=392
 02 03 00                                         ...
--
> 2024/08/09 22:33:23.238073  length=4 from=393 to=396
 02 00 00 00                                      ....
--
< 2024/08/09 22:33:23.299289  length=17 from=240 to=256
 02 06 00 0c 00 00 00 08 00 01 23 45 67 89 ab cd  ..........#Eg...
 ef                                               .
--
> 2024/08/09 22:33:23.302075  length=5 from=397 to=401
 02 06 00 00 00                                   .....
--
< 2024/08/09 22:33:23.343770  length=12 from=257 to=268
 02 03 00 07 00 00 00 46 30 02 aa 57              .......F0..W
--
> 2024/08/09 22:33:23.346103  length=7 from=402 to=408
 02 03 00 02 00 00 00                             .......
--
< 2024/08/09 22:33:23.403109  length=17 from=269 to=285
 02 06 00 0c 00 00 00 08 00 01 23 45 67 89 ab cd  ..........#Eg...
 ef                                               .
--
> 2024/08/09 22:33:23.406077  length=5 from=409 to=413
 02 06 00 00 00                                   .....
--
< 2024/08/09 22:33:23.447672  length=12 from=286 to=297
 02 03 00 07 00 00 00 8a 03 02 aa 58              ...........X
--
> 2024/08/09 22:33:23.450070  length=7 from=414 to=420
 02 03 00 02 00 00 00                             .......
--
< 2024/08/09 22:33:23.506981  length=17 from=298 to=314
 02 06 00 0c 00 00 00 08 00 01 23 45 67 89 ab cd  ..........#Eg...
 ef                                               .
--
> 2024/08/09 22:33:23.509077  length=2 from=421 to=422
 02 06                                            ..
--
> 2024/08/09 22:33:23.509132  length=1 from=423 to=423
 00                                               .
--
> 2024/08/09 22:33:23.510076  length=2 from=424 to=425
 00 00                                            ..
--
< 2024/08/09 22:33:23.550723  length=11 from=315 to=325
 02 04 00 06 00 00 00 01 02 00 29                 ..........)
--
> 2024/08/09 22:33:23.553077  length=7 from=426 to=432
 02 04 00 02 00 00 00                             .......
--
< 2024/08/09 22:33:23.615112  length=11 from=326 to=336
 02 06 00 06 00 00 00 02 00 01 00                 ...........
--
> 2024/08/09 22:33:23.617049  length=5 from=433 to=437
 02 06 00 00 00                                   .....
--
< 2024/08/09 22:33:23.658647  length=12 from=337 to=348
 02 03 00 07 00 00 00 0a                          ........
 0c 02 aa 59                                      ...Y
--
> 2024/08/09 22:33:23.661048  length=7 from=438 to=444
 02 03 00 02 00 00 00                             .......
--
< 2024/08/09 22:33:23.718019  length=17 from=349 to=365
 02 06 00 0c 00 00 00 08 00 01 23 45 67 89 ab cd  ..........#Eg...
 ef                                               .
--
> 2024/08/09 22:33:23.720104  length=2 from=445 to=446
 02 06                                            ..
--
> 2024/08/09 22:33:23.720159  length=1 from=447 to=447
 00                                               .
--
> 2024/08/09 22:33:23.721052  length=2 from=448 to=449
 00 00                                            ..
--
< 2024/08/09 22:33:23.767148  length=8 from=366 to=373
 02 09 00 03 00 00 00 0f                          ........
--
> 2024/08/09 22:33:23.769053  length=5 from=450 to=454
 02 09 00 00 00                                   .....
--
< 2024/08/09 22:33:23.810592  length=12 from=374 to=385
 02 03 00 07 00 00 00 0a                          ........
 0c 02 aa 5a                                      ...Z
--
> 2024/08/09 22:33:23.813080  length=7 from=455 to=461
 02 03 00 02 00 00 00                             .......
--
< 2024/08/09 22:33:23.870045  length=17 from=386 to=402
 02 06 00 0c 00 00 00 08 00 01 23 45 67 89 ab cd  ..........#Eg...
 ef                                               .
--
> 2024/08/09 22:33:23.872079  length=1 from=462 to=462
 02                                               .
--
> 2024/08/09 22:33:23.873053  length=4 from=463 to=466
 06 00 00 00                                      ....
--
< 2024/08/09 22:33:23.913734  length=8 from=403 to=410
 02 09 00 03 00 00 00 0f                          ........
--
> 2024/08/09 22:33:23.915050  length=3 from=467 to=469
 02 09 00                                         ...
--
> 2024/08/09 22:33:23.916076  length=2 from=470 to=471
 00 00                                            ..
--
< 2024/08/09 22:33:23.956638  length=26 from=411 to=436
 02 03 00 15 00 00 00 0a                          ........
 03 10 f0 00 bb 50 04 51 40 00 b1 23 45 67 89 ab  .....P.Q@..#Eg..
 cd ef                                            ..
--
> 2024/08/09 22:33:23.960078  length=6 from=472 to=477
 02 03 00 02 00 00                                ......
--
> 2024/08/09 22:33:23.960140  length=1 from=478 to=478
 00                                               .
--
< 2024/08/09 22:33:24.017040  length=17 from=437 to=453
 02 06 00 0c 00 00 00 08 00 01 23 45 67 89 ab cd  ..........#Eg...
 ef                                               .
--
> 2024/08/09 22:33:24.020085  length=5 from=479 to=483
 02 06 00 00 00                                   .....
--
< 2024/08/09 22:33:24.061639  length=9 from=454 to=462
 02 02 00 04 00 00 02 aa 41                       ........A
--
> 2024/08/09 22:33:24.063082  length=3 from=484 to=486
 02 02 00                                         ...
--
> 2024/08/09 22:33:24.064106  length=4 from=487 to=490
 02 00 00 00                                      ....
--
< 2024/08/09 22:33:24.120166  length=7 from=463 to=469
 02 05 00 02 00 01 00                             .......
--
> 2024/08/09 22:33:24.122086  length=7 from=491 to=497
 02 05 00 02 00 00 00                             .......
--
< 2024/08/09 22:33:24.179253  length=12 from=470 to=481
 02 03 00 07 00 00 00 0a                          ........
 03 02 aa 50                                      ...P
--
> 2024/08/09 22:33:24.181080  length=4 from=498 to=501
 02 03 00 02                                      ....
--
> 2024/08/09 22:33:24.182101  length=3 from=502 to=504
 00 00 00                                         ...
--
< 2024/08/09 22:33:24.238184  length=41 from=482 to=522
 02 06 00 24 00 00 00 20 00 01 23 45 67 89 ab cd  ...$... ..#Eg...
 ef 01 23 45 67 89 ab cd ef 01 23 45 67 89 ab cd  ..#Eg.....#Eg...
 ef 01 23 45 67 89 ab cd ef                       ..#Eg....
--
> 2024/08/09 22:33:24.243086  length=5 from=505 to=509
 02 06 00 00 00                                   .....
--
< 2024/08/09 22:33:24.284804  length=12 from=523 to=534
 02 03 00 07 00 00 00 0a                          ........
 03 02 aa 51                                      ...Q
--
> 2024/08/09 22:33:24.287054  length=7 from=510 to=516
 02 03 00 02 00 00 00                             .......
--
< 2024/08/09 22:33:24.343979  length=41 from=535 to=575
 02 06 00 24 00 00 00 20 00 fe dc ba 98 76 54 32  ...$... .....vT2
 10 fe dc ba 98 76 54 32 10 fe dc ba 98 76 54 32  .....vT2.....vT2
 10 fe dc ba 98 76 54 32 10                       .....vT2.
--
> 2024/08/09 22:33:24.349056  length=5 from=517 to=521
 02 06 00 00 00                                   .....
--
< 2024/08/09 22:33:24.385838  length=12 from=576 to=587
 02 03 00 07 00 00 00 0a                          ........
 0c 02 aa 52                                      ...R
--
> 2024/08/09 22:33:24.388079  length=7 from=522 to=528
 02 03 00 02 00 00 00                             .......
--
< 2024/08/09 22:33:24.450183  length=65 from=588 to=652
 02 06 00 3c 00 00 00 38 00 fe dc ba 98 76 54 32  ...<...8.....vT2
 10 fe dc ba 98 76 54 32 10 fe dc ba 98 76 54 32  .....vT2.....vT2
 10 fe dc ba 98 76 54 32 10 fe dc ba 98 76 54 32  .....vT2.....vT2
 10 fe dc ba 98 76 54 32 10 fe dc ba 98 76 54 32  .....vT2.....vT2
 10                                               .
--
> 2024/08/09 22:33:24.457055  length=2 from=529 to=530
 02 06                                            ..
--
> 2024/08/09 22:33:24.457110  length=1 from=531 to=531
 00                                               .
--
> 2024/08/09 22:33:24.458080  length=1 from=532 to=532
 00                                               .
--
> 2024/08/09 22:33:24.458132  length=1 from=533 to=533
 00                                               .
--
< 2024/08/09 22:33:24.498625  length=8 from=653 to=660
 02 09 00 03 00 00 00 0f                          ........
--
> 2024/08/09 22:33:24.500076  length=5 from=534 to=538
 02 09 00 00 00                                   .....
--
< 2024/08/09 22:33:24.541651  length=12 from=661 to=672
 02 03 00 07 00 00 00 02 01 02 aa 53              ...........S
--
> 2024/08/09 22:33:24.544084  length=7 from=539 to=545
 02 03 00 02 00 00 00                             .......
--
< 2024/08/09 22:33:24.606223  length=89 from=673 to=761
 02 06 00 54 00 00 00 50 00 01 23 45 67 89 ab cd  ...T...P..#Eg...
 ef 01 23 45 67 89 ab cd ef 01 23 45 67 89 ab cd  ..#Eg.....#Eg...
 ef 01 23 45 67 89 ab cd ef 01 23 45 67 89 ab cd  ..#Eg.....#Eg...
 ef 01 23 45 67 89 ab cd ef 01 23 45 67 89 ab cd  ..#Eg.....#Eg...
 ef 01 23 45 67 89 ab cd ef 01 23 45 67 89 ab cd  ..#Eg.....#Eg...
 ef 01 23 45 67 89 ab cd ef                       ..#Eg....
--
> 2024/08/09 22:33:24.616087  length=5 from=546 to=550
 02 06 00 00 00                                   .....
--
< 2024/08/09 22:33:24.657666  length=11 from=762 to=772
 02 04 00 06 00 00 00 03 02 54 aa                 .........T.
--
> 2024/08/09 22:33:24.660080  length=7 from=551 to=557
 02 04 00 02 00 00 00                             .......
--
< 2024/08/09 22:33:24.717287  length=73 from=773 to=845
 02 06 00 44 00 00 00 40 00 01 01 01 01 01 01 01  ...D...@........
 01 01 01 01 01 01 01 01 01 01 01 01 01 01 01 01  ................
 01 01 01 01 01 01 01 01 01 01 01 01 01 01 01 01  ................
 01 01 01 01 01 01 01 01 01 01 01 01 01 01 01 01  ................
 01 01 01 01 01 01 01 01 01                       .........
--
> 2024/08/09 22:33:24.725057  length=3 from=558 to=560
 02 06 00                                         ...
--
> 2024/08/09 22:33:24.725114  length=1 from=561 to=561
 00                                               .
--
> 2024/08/09 22:33:24.726079  length=1 from=562 to=562
 00                                               .
--
< 2024/08/09 22:33:24.751680  length=12 from=846 to=857
 02 03 00 07 00 00 00 0a                          ........
 03 02 aa 55                                      ...U
--
> 2024/08/09 22:33:24.754096  length=7 from=563 to=569
 02 03 00 02 00 00 00                             .......
--
< 2024/08/09 22:33:24.806055  length=89 from=858 to=946
 02 06 00 54 00 00 00 50 00 01 23 45 67 89 ab cd  ...T...P..#Eg...
 ef 01 23 45 67 89 ab cd ef 01 23 45 67 89 ab cd  ..#Eg.....#Eg...
 ef 01 23 45 67 89 ab cd ef 01 23 45 67 89 ab cd  ..#Eg.....#Eg...
 ef 01 23 45 67 89 ab cd ef 01 23 45 67 89 ab cd  ..#Eg.....#Eg...
 ef 01 23 45 67 89 ab cd ef 01 23 45 67 89 ab cd  ..#Eg.....#Eg...
 ef 01 23 45 67 89 ab cd ef                       ..#Eg....
--
> 2024/08/09 22:33:24.816088  length=5 from=570 to=574
 02 06 00 00 00                                   .....
--
< 2024/08/09 22:33:24.857705  length=12 from=947 to=958
 02 03 00 07 00 00 00 0a                          ........
 03 02 aa 56                                      ...V
--
> 2024/08/09 22:33:24.860083  length=7 from=575 to=581
 02 03 00 02 00 00 00                             .......
--
< 2024/08/09 22:33:24.917187  length=521 from=959 to=1479
 02 06 00 04 02 00 00 00 02 02 02 02 02 02 02 02  ................
 02 02 02 02 02 02 02 02 02 02 02 02 02 02 02 02  ................
 02 02 02 02 02 02 02 02 02 02 02 02 02 02 02 02  ................
 02 02 02 02 02 02 02 02 02 02 02 02 02 02 02 02  ................
 02 02 02 02 02 02 02 02 02 02 02 02 02 02 02 02  ................
 02 02 02 02 02 02 02 02 02 02 02 02 02 02 02 02  ................
 02 02 02 02 02 02 02 02 02 02 02 02 02 02 02 02  ................
 02 02 02 02 02 02 02 02 02 02 02 02 02 02 02 02  ................
 02 02 02 02 02 02 02 02 02 02 02 02 02 02 02 02  ................
 02 02 02 02 02 02 02 02 02 02 02 02 02 02 02 02  ................
 02 02 02 02 02 02 02 02 02 02 02 02 02 02 02 02  ................
 02 02 02 02 02 02 02 02 02 02 02 02 02 02 02 02  ................
 02 02 02 02 02 02 02 02 02 02 02 02 02 02 02 02  ................
 02 02 02 02 02 02 02 02 02 02 02 02 02 02 02 02  ................
 02 02 02 02 02 02 02 02 02 02 02 02 02 02 02 02  ................
 02 02 02 02 02 02 02 02 02 02 02 02 02 02 02 02  ................
 02 02 02 02 02 02 02 02 02 02 02 02 02 02 02 02  ................
 02 02 02 02 02 02 02 02 02 02 02 02 02 02 02 02  ................
 02 02 02 02 02 02 02 02 02 02 02 02 02 02 02 02  ................
 02 02 02 02 02 02 02 02 02 02 02 02 02 02 02 02  ................
 02 02 02 02 02 02 02 02 02 02 02 02 02 02 02 02  ................
 02 02 02 02 02 02 02 02 02 02 02 02 02 02 02 02  ................
 02 02 02 02 02 02 02 02 02 02 02 02 02 02 02 02  ................
 02 02 02 02 02 02 02 02 02 02 02 02 02 02 02 02  ................
 02 02 02 02 02 02 02 02 02 02 02 02 02 02 02 02  ................
 02 02 02 02 02 02 02 02 02 02 02 02 02 02 02 02  ................
 02 02 02 02 02 02 02 02 02 02 02 02 02 02 02 02  ................
 02 02 02 02 02 02 02 02 02 02 02 02 02 02 02 02  ................
 02 02 02 02 02 02 02 02 02 02 02 02 02 02 02 02  ................
 02 02 02 02 02 02 02 02 02 02 02 02 02 02 02 02  ................
 02 02 02 02 02 02 02 02 02 02 02 02 02 02 02 02  ................
 02 02 02 02 02 02 02 02 02 02 02 02 02 02 02 02  ................
 02 02 02 02 02 02 02 02 02                       .........
--
> 2024/08/09 22:33:24.969064  length=2 from=582 to=583
 02 06                                            ..
--
> 2024/08/09 22:33:24.970086  length=3 from=584 to=586
 00 00 00                                         ...
--
< 2024/08/09 22:33:25.010665  length=5 from=1480 to=1484
 02 07 00 00 00                                   .....
--
> 2024/08/09 22:33:25.012089  length=7 from=587 to=593
 02 07 00 03 00 00 00                             .......
--
> 2024/08/09 22:33:25.012151  length=1 from=594 to=594
 00                                               .
--
< 2024/08/09 22:33:33.071691  length=6 from=1485 to=1490
 01 08 00 01 00 01                                ......
--
> 2024/08/09 22:33:33.073155  length=7 from=595 to=601
 01 08 00 04 00 1b 82                             .......
--
> 2024/08/09 22:33:33.073225  length=1 from=602 to=602
 00                                               .
--
> 2024/08/09 22:33:33.074184  length=1 from=603 to=603
 00                                               .
--
< 2024/08/09 22:33:33.089269  length=27 from=1491 to=1517
 01 0a                                            ..
 00 16 00 0f 00 09 0d 54 65 73 74 65 72 5f 31 43  .......Tester_1C
 32 38 44 46 ff ff ff ff 00                       28DF.....
--
> 2024/08/09 22:33:33.094177  length=9 from=604 to=612
 01 0a                                            ..
 00 04 00 1b 86 00 00                             .......
--
> 2024/08/09 22:33:33.728215  length=4 from=613 to=616
 01 82 00 0d                                      ....
--
> 2024/08/09 22:33:33.729181  length=11 from=617 to=627
 00 00 df 28 1c e8 07 c0 32 00 00                 ...(....2..
--
> 2024/08/09 22:33:33.729277  length=1 from=628 to=628
 00                                               .
--
> 2024/08/09 22:33:33.730137  length=11 from=629 to=639
 d0 07 01 80 00 04 00 1b 82 00 00                 ...........
--
> 2024/08/09 22:33:38.854303  length=6 from=640 to=645
 01 88 00 0d 00 00                                ......
--
> 2024/08/09 22:33:38.855246  length=11 from=646 to=656
 df 28 1c e8 07 c0 32 00 00 00 d0                 .(....2....
--
> 2024/08/09 22:33:38.856277  length=1 from=657 to=657
 07                                               .
--
> 2024/08/09 22:33:42.959280  length=6 from=658 to=663
 01 89 00 08 00 00                                ......
--
> 2024/08/09 22:33:42.959360  length=1 from=664 to=664
 df                                               .
--
> 2024/08/09 22:33:42.960283  length=6 from=665 to=670
 28 1c e8 07 c0 02                                (.....
--
> 2024/08/09 22:33:45.480328  length=6 from=671 to=676
 01 89 00 08 00 00                                ......
--
> 2024/08/09 22:33:45.480408  length=2 from=677 to=678
 df 28                                            .(
--
> 2024/08/09 22:33:45.481298  length=5 from=679 to=683
 1c e8 07 c0 02                                   .....
--
< 2024/08/09 22:33:51.772675  length=12 from=1518 to=1529
 02 1c 00 07 00 01 00 ff ff 02 03 28              ...........(
--
> 2024/08/09 22:33:51.775381  length=9 from=684 to=692
 02 1c 00 c1 00 20 02 00 01                       ..... ...
--
> 2024/08/09 22:33:51.776379  length=11 from=693 to=703
 02 03 28 05 00 01 02 03 28 07 00                 ..(.....(..
--
> 2024/08/09 22:33:51.776447  length=1 from=704 to=704
 01                                               .
--
> 2024/08/09 22:33:51.776490  length=1 from=705 to=705
 02                                               .
--
> 2024/08/09 22:33:51.777377  length=10 from=706 to=715
 03 28 09 00 01 02 03 28 0c 00                    .(.....(..
--
> 2024/08/09 22:33:51.777443  length=1 from=716 to=716
 01                                               .
--
> 2024/08/09 22:33:51.777487  length=1 from=717 to=717
 02                                               .
--
> 2024/08/09 22:33:51.778381  length=10 from=718 to=727
 03 28 0e 00 01 02 03 28 10 00                    .(.....(..
--
> 2024/08/09 22:33:51.779381  length=11 from=728 to=738
 01 02 03 28 13 00 01 02 03 28 15                 ...(.....(.
--
> 2024/08/09 22:33:51.779449  length=1 from=739 to=739
 00                                               .
--
> 2024/08/09 22:33:51.779491  length=1 from=740 to=740
 01                                               .
--
> 2024/08/09 22:33:51.780371  length=10 from=741 to=750
 02 03 28 17 00 01 02 03 28 19                    ..(.....(.
--
> 2024/08/09 22:33:51.780438  length=1 from=751 to=751
 00                                               .
--
> 2024/08/09 22:33:51.780481  length=1 from=752 to=752
 01                                               .
--
> 2024/08/09 22:33:51.781386  length=10 from=753 to=762
 02 03 28 1b 00 01 02 03 28 1d                    ..(.....(.
--
> 2024/08/09 22:33:51.781453  length=1 from=763 to=763
 00                                               .
--
> 2024/08/09 22:33:51.782379  length=10 from=764 to=773
 01 02 03 28 1f 00 01 02 03 28                    ...(.....(
--
> 2024/08/09 22:33:51.782446  length=1 from=774 to=774
 22                                               "
--
> 2024/08/09 22:33:51.782489  length=1 from=775 to=775
 00                                               .
--
> 2024/08/09 22:33:51.783375  length=10 from=776 to=785
 01 02 03 28 24 00 01 02 03 28                    ...($....(
--
> 2024/08/09 22:33:51.783441  length=1 from=786 to=786
 26                                               &
--
> 2024/08/09 22:33:51.784392  length=11 from=787 to=797
 00 01 02 03 28 28 00 01 02 03 28                 ....((....(
--
> 2024/08/09 22:33:51.784494  length=1 from=798 to=798
 2a                                               *
--
> 2024/08/09 22:33:51.785385  length=11 from=799 to=809
 00 01 02 03 28 2d 00 01 02 03 28                 ....(-....(
--
> 2024/08/09 22:33:51.786381  length=11 from=810 to=820
 30 00 01 02 03 28 32 00 01 02 03                 0....(2....
--
> 2024/08/09 22:33:51.786450  length=1 from=821 to=821
 28                                               (
--
> 2024/08/09 22:33:51.787367  length=10 from=822 to=831
 34 00 01 02 03 28 37 00 01 02                    4....(7...
--
> 2024/08/09 22:33:51.787434  length=2 from=832 to=833
 03 28                                            .(
--
> 2024/08/09 22:33:51.788381  length=11 from=834 to=844
 39 00 01 02 03 28 3b 00 01 02 03                 9....(;....
--
> 2024/08/09 22:33:51.789379  length=10 from=845 to=854
 28 3f 00 01 02 03 28 41 00 01                    (?....(A..
--
> 2024/08/09 22:33:51.789445  length=1 from=855 to=855
 02                                               .
--
> 2024/08/09 22:33:51.789488  length=1 from=856 to=856
 03                                               .
--
> 2024/08/09 22:33:51.790379  length=9 from=857 to=865
 28 43 00 01 02 03 28 45 00                       (C....(E.
--
> 2024/08/09 22:33:51.790445  length=2 from=866 to=867
 01 02                                            ..
--
> 2024/08/09 22:33:51.791380  length=9 from=868 to=876
 03 28 48 00 01 02 03 28 4a                       .(H....(J
--
> 2024/08/09 22:33:51.791445  length=1 from=877 to=877
 00                                               .
--
> 2024/08/09 22:33:51.791489  length=1 from=878 to=878
 01                                               .
--
> 2024/08/09 22:33:51.792379  length=3 from=879 to=881
 02 03 28                                         ..(
--
< 2024/08/09 22:33:51.823627  length=14 from=1530 to=1543
 02 1d 00 09 00 00 df 28 1c e8 07 c0 02 00        .......(......
--
> 2024/08/09 22:33:51.826382  length=11 from=882 to=892
 02 1d 00 08 00 00 05 00 20 03 00                 ........ ..
--
> 2024/08/09 22:33:51.826452  length=1 from=893 to=893
 05                                               .
--
> 2024/08/09 22:33:51.827393  length=1 from=894 to=894
 2a                                               *
--
< 2024/08/09 22:33:51.883413  length=14 from=1544 to=1557
 02 1d 00 09 00 00 df 28 1c e8 07 c0 05 00        .......(......
--
> 2024/08/09 22:33:51.885350  length=2 from=895 to=896
 02 1d                                            ..
--
> 2024/08/09 22:33:51.886380  length=11 from=897 to=907
 00 08 00 00 05 00 0a                             .......
 06 00 29 2b                                      ..)+
--
< 2024/08/09 22:33:51.947383  length=14 from=1558 to=1571
 02 1d 00 09 00 00 df 28 1c e8 07 c0 07 00        .......(......
--
> 2024/08/09 22:33:51.949361  length=2 from=908 to=909
 02 1d                                            ..
--
> 2024/08/09 22:33:51.950378  length=10 from=910 to=919
 00 08 00 00 05 00 02 08 00 2a                    .........*
--
> 2024/08/09 22:33:51.950446  length=1 from=920 to=920
 2b                                               +
--
< 2024/08/09 22:33:52.011314  length=14 from=1572 to=1585
 02 1d 00 09 00 00 df 28 1c e8 07 c0 09 00        .......(......
--
> 2024/08/09 22:33:52.013374  length=3 from=921 to=923
 02 1d 00                                         ...
--
> 2024/08/09 22:33:52.014371  length=10 from=924 to=933
 08 00 00 05 00 02 0a                             .......
 00 3a 2b                                         .:+
--
< 2024/08/09 22:33:52.075482  length=14 from=1586 to=1599
 02 1d 00 09 00 00 df 28 1c e8 07 c0 0c 00        .......(......
--
> 2024/08/09 22:33:52.077368  length=1 from=934 to=934
 02                                               .
--
> 2024/08/09 22:33:52.077447  length=1 from=935 to=935
 1d                                               .
--
> 2024/08/09 22:33:52.078385  length=10 from=936 to=945
 00 08 00 00 05 00 0a                             .......
 0d 00 00                                         ...
--
> 2024/08/09 22:33:52.078479  length=1 from=946 to=946
 2a                                               *
--
< 2024/08/09 22:33:52.134269  length=14 from=1600 to=1613
 02 1d 00 09 00 00 df 28 1c e8 07 c0 0e 00        .......(......
--
> 2024/08/09 22:33:52.136356  length=3 from=947 to=949
 02 1d 00                                         ...
--
> 2024/08/09 22:33:52.136413  length=1 from=950 to=950
 08                                               .
--
> 2024/08/09 22:33:52.136457  length=1 from=951 to=951
 00                                               .
--
> 2024/08/09 22:33:52.137350  length=8 from=952 to=959
 00 05 00 02 0f 00 01 2a                          .......*
--
< 2024/08/09 22:33:52.193389  length=14 from=1614 to=1627
 02 1d 00 09 00 00 df 28 1c e8 07 c0 10 00        .......(......
--
> 2024/08/09 22:33:52.195385  length=2 from=960 to=961
 02 1d                                            ..
--
> 2024/08/09 22:33:52.195440  length=2 from=962 to=963
 00 08                                            ..
--
> 2024/08/09 22:33:52.196380  length=9 from=964 to=972
 00 00 05 00 02 11 00 04 2a                       ........*
--
< 2024/08/09 22:33:52.242637  length=14 from=1628 to=1641
 02 1d 00 09 00 00 df 28 1c e8 07 c0 13 00        .......(......
--
> 2024/08/09 22:33:52.245385  length=11 from=973 to=983
 02 1d 00 08 00 00 05 00 02 14 00                 ...........
--
> 2024/08/09 22:33:52.246377  length=2 from=984 to=985
 24 2a                                            $*
--
< 2024/08/09 22:33:52.307449  length=14 from=1642 to=1655
 02 1d 00 09 00 00 df 28 1c e8 07 c0 15 00        .......(......
--
> 2024/08/09 22:33:52.309379  length=1 from=986 to=986
 02                                               .
--
> 2024/08/09 22:33:52.310373  length=11 from=987 to=997
 1d 00 08 00 00 05 00 02 16 00 29                 ..........)
--
> 2024/08/09 22:33:52.310442  length=1 from=998 to=998
 2a                                               *
--
< 2024/08/09 22:33:52.366219  length=14 from=1656 to=1669
 02 1d 00 09 00 00 df 28 1c e8 07 c0 17 00        .......(......
--
> 2024/08/09 22:33:52.368392  length=5 from=999 to=1003
 02 1d 00 08 00                                   .....
--
> 2024/08/09 22:33:52.369384  length=8 from=1004 to=1011
 00 05 00 02 18 00 50 2a                          ......P*
--
< 2024/08/09 22:33:52.430446  length=14 from=1670 to=1683
 02 1d 00 09 00 00 df 28 1c e8 07 c0 19 00        .......(......
--
> 2024/08/09 22:33:52.432351  length=1 from=1012 to=1012
 02                                               .
--
> 2024/08/09 22:33:52.432405  length=1 from=1013 to=1013
 1d                                               .
--
> 2024/08/09 22:33:52.432448  length=1 from=1014 to=1014
 00                                               .
--
> 2024/08/09 22:33:52.433353  length=10 from=1015 to=1024
 08 00 00 05 00 02 1a 00 25 2a                    ........%*
--
< 2024/08/09 22:33:52.494278  length=14 from=1684 to=1697
 02 1d 00 09 00 00 df 28 1c e8 07 c0 1b 00        .......(......
--
> 2024/08/09 22:33:52.496358  length=3 from=1025 to=1027
 02 1d 00                                         ...
--
> 2024/08/09 22:33:52.496419  length=1 from=1028 to=1028
 08                                               .
--
> 2024/08/09 22:33:52.496462  length=1 from=1029 to=1029
 00                                               .
--
> 2024/08/09 22:33:52.497353  length=8 from=1030 to=1037
 00 05 00 02 1c 00 26 2a                          ......&*
--
< 2024/08/09 22:33:52.553374  length=14 from=1698 to=1711
 02 1d 00 09 00 00 df 28 1c e8 07 c0 1d 00        .......(......
--
> 2024/08/09 22:33:52.555349  length=3 from=1038 to=1040
 02 1d 00                                         ...
--
> 2024/08/09 22:33:52.556344  length=8 from=1041 to=1048
 08 00 00 05 00 02 1e 00                          ........
--
> 2024/08/09 22:33:52.556407  length=2 from=1049 to=1050
 27 2a                                            '*
--
< 2024/08/09 22:33:52.617385  length=14 from=1712 to=1725
 02 1d 00 09 00 00 df 28 1c e8 07 c0 1f 00        .......(......
--
> 2024/08/09 22:33:52.619378  length=2 from=1051 to=1052
 02 1d                                            ..
--
> 2024/08/09 22:33:52.619434  length=1 from=1053 to=1053
 00                                               .
--
> 2024/08/09 22:33:52.620384  length=10 from=1054 to=1063
 08 00 00 05 00 02 20 00 28 2a                    ...... .(*
--
< 2024/08/09 22:33:52.681318  length=14 from=1726 to=1739
 02 1d 00 09 00 00 df 28 1c e8 07 c0 22 00        .......(....".
--
> 2024/08/09 22:33:52.683380  length=3 from=1064 to=1066
 02 1d 00                                         ...
--
> 2024/08/09 22:33:52.684385  length=10 from=1067 to=1076
 08 00 00 05 00 0a                                ......
 23 00 aa 50                                      #..P
--
< 2024/08/09 22:33:52.745687  length=14 from=1740 to=1753
 02 1d 00 09 00 00 df 28 1c e8 07 c0 24 00        .......(....$.
--
> 2024/08/09 22:33:52.748361  length=10 from=1077 to=1086
 02 1d 00 08 00 00 05 00 0a                       .........
 25                                               %
--
> 2024/08/09 22:33:52.748461  length=1 from=1087 to=1087
 00                                               .
--
> 2024/08/09 22:33:52.748505  length=1 from=1088 to=1088
 aa                                               .
--
> 2024/08/09 22:33:52.749391  length=1 from=1089 to=1089
 51                                               Q
--
< 2024/08/09 22:33:52.805364  length=14 from=1754 to=1767
 02 1d 00 09 00 00 df 28 1c e8 07 c0 26 00        .......(....&.
--
> 2024/08/09 22:33:52.807397  length=2 from=1090 to=1091
 02 1d                                            ..
--
> 2024/08/09 22:33:52.807503  length=2 from=1092 to=1093
 00 08                                            ..
--
> 2024/08/09 22:33:52.808394  length=9 from=1094 to=1102
 00 00 05 00 0a                                   .....
 27 00 aa 52                                      '..R
--
< 2024/08/09 22:33:52.859239  length=14 from=1768 to=1781
 02 1d 00 09 00 00 df 28 1c e8 07 c0 28 00        .......(....(.
--
> 2024/08/09 22:33:52.861390  length=4 from=1103 to=1106
 02 1d 00 08                                      ....
--
> 2024/08/09 22:33:52.862387  length=9 from=1107 to=1115
 00 00 05 00 0a                                   .....
 29 00 aa 53                                      )..S
--
< 2024/08/09 22:33:52.918252  length=14 from=1782 to=1795
 02 1d 00 09 00 00 df 28 1c e8 07 c0 2a 00        .......(....*.
--
> 2024/08/09 22:33:52.920384  length=4 from=1116 to=1119
 02 1d 00 08                                      ....
--
> 2024/08/09 22:33:52.920443  length=1 from=1120 to=1120
 00                                               .
--
> 2024/08/09 22:33:52.921381  length=8 from=1121 to=1128
 00 05 00 3a 2b 00 aa 54                          ...:+..T
--
< 2024/08/09 22:33:52.977276  length=14 from=1796 to=1809
 02 1d 00 09 00 00 df 28 1c e8 07 c0 2d 00        .......(....-.
--
> 2024/08/09 22:33:52.979393  length=4 from=1129 to=1132
 02 1d 00 08                                      ....
--
> 2024/08/09 22:33:52.980389  length=9 from=1133 to=1141
 00 00 05 00 3a 2e 00 aa 55                       ....:...U
--
< 2024/08/09 22:33:53.041425  length=14 from=1810 to=1823
 02 1d 00 09 00 00 df 28 1c e8 07 c0 30 00        .......(....0.
--
> 2024/08/09 22:33:53.043389  length=1 from=1142 to=1142
 02                                               .
--
> 2024/08/09 22:33:53.043443  length=1 from=1143 to=1143
 1d                                               .
--
> 2024/08/09 22:33:53.044396  length=11 from=1144 to=1154
 00 08 00 00 05 00 46 31 00 aa 56                 ......F1..V
--
< 2024/08/09 22:33:53.100192  length=14 from=1824 to=1837
 02 1d 00 09 00 00 df 28 1c e8 07 c0 32 00        .......(....2.
--
> 2024/08/09 22:33:53.102366  length=4 from=1155 to=1158
 02 1d 00 08                                      ....
--
> 2024/08/09 22:33:53.102425  length=1 from=1159 to=1159
 00                                               .
--
> 2024/08/09 22:33:53.103372  length=8 from=1160 to=1167
 00 05 00 46 33 00 aa 57                          ...F3..W
--
< 2024/08/09 22:33:53.159483  length=14 from=1838 to=1851
 02 1d 00 09 00 00 df 28 1c e8 07 c0 34 00        .......(....4.
--
> 2024/08/09 22:33:53.161355  length=1 from=1168 to=1168
 02                                               .
--
> 2024/08/09 22:33:53.162384  length=9 from=1169 to=1177
 1d 00 08 00 00 05 00 8a 35                       ........5
--
> 2024/08/09 22:33:53.162451  length=3 from=1178 to=1180
 00 aa 58                                         ..X
--
< 2024/08/09 22:33:53.197955  length=14 from=1852 to=1865
 02 1d 00 09 00 00 df 28 1c e8 07 c0 37 00        .......(....7.
--
> 2024/08/09 22:33:53.200402  length=7 from=1181 to=1187
 02 1d 00 08 00 00 05                             .......
--
> 2024/08/09 22:33:53.200465  length=1 from=1188 to=1188
 00                                               .
--
> 2024/08/09 22:33:53.200509  length=1 from=1189 to=1189
 0a                                               .
--
> 2024/08/09 22:33:53.201406  length=4 from=1190 to=1193
 38 00 aa 59                                      8..Y
--
< 2024/08/09 22:33:53.247308  length=14 from=1866 to=1879
 02 1d 00 09 00 00 df 28 1c e8 07 c0 39 00        .......(....9.
--
> 2024/08/09 22:33:53.249361  length=2 from=1194 to=1195
 02 1d                                            ..
--
> 2024/08/09 22:33:53.249417  length=2 from=1196 to=1197
 00 08                                            ..
--
> 2024/08/09 22:33:53.250353  length=9 from=1198 to=1206
 00 00 05 00 0a                                   .....
 3a 00 aa 5a                                      :..Z
--
< 2024/08/09 22:33:53.311325  length=14 from=1880 to=1893
 02 1d 00 09 00 00 df 28 1c e8 07 c0 3b 00        .......(....;.
--
> 2024/08/09 22:33:53.313400  length=2 from=1207 to=1208
 02 1d                                            ..
--
> 2024/08/09 22:33:53.313455  length=2 from=1209 to=1210
 00 16                                            ..
--
> 2024/08/09 22:33:53.313580  length=1 from=1211 to=1211
 00                                               .
--
> 2024/08/09 22:33:53.314404  length=9 from=1212 to=1220
 00 13 00 0a                                      ....
 3c 00 f0 00 bb                                   <....
--
> 2024/08/09 22:33:53.314496  length=2 from=1221 to=1222
 50 04                                            P.
--
> 2024/08/09 22:33:53.315398  length=10 from=1223 to=1232
 51 40 00 b1 23 45 67 89 ab cd                    Q@..#Eg...
--
> 2024/08/09 22:33:53.315464  length=1 from=1233 to=1233
 ef                                               .
--
< 2024/08/09 22:33:53.375302  length=14 from=1894 to=1907
 02 1d 00 09 00 00 df 28 1c e8 07 c0 3f 00        .......(....?.
--
> 2024/08/09 22:33:53.377410  length=3 from=1234 to=1236
 02 1d 00                                         ...
--
> 2024/08/09 22:33:53.377466  length=2 from=1237 to=1238
 08 00                                            ..
--
> 2024/08/09 22:33:53.378397  length=8 from=1239 to=1246
 00 05 00 0a                                      ....
 40 00 aa 50                                      @..P
--
< 2024/08/09 22:33:53.439360  length=14 from=1908 to=1921
 02 1d 00 09 00 00 df 28 1c e8 07 c0 41 00        .......(....A.
--
> 2024/08/09 22:33:53.441402  length=2 from=1247 to=1248
 02 1d                                            ..
--
> 2024/08/09 22:33:53.441456  length=2 from=1249 to=1250
 00 08                                            ..
--
> 2024/08/09 22:33:53.442403  length=9 from=1251 to=1259
 00 00 05 00 0a                                   .....
 42 00 aa 51                                      B..Q
--
< 2024/08/09 22:33:53.503439  length=14 from=1922 to=1935
 02 1d 00 09 00 00 df 28 1c e8 07 c0 43 00        .......(....C.
--
> 2024/08/09 22:33:53.505410  length=2 from=1260 to=1261
 02 1d                                            ..
--
> 2024/08/09 22:33:53.505531  length=1 from=1262 to=1262
 00                                               .
--
> 2024/08/09 22:33:53.506435  length=10 from=1263 to=1272
 08 00 00 05 00 0a                                ......
 44 00 aa 52                                      D..R
--
< 2024/08/09 22:33:53.567284  length=14 from=1936 to=1949
 02 1d 00 09 00 00 df 28 1c e8 07 c0 45 00        .......(....E.
--
> 2024/08/09 22:33:53.569424  length=4 from=1273 to=1276
 02 1d 00 08                                      ....
--
> 2024/08/09 22:33:53.570427  length=9 from=1277 to=1285
 00 00 05 00 02 46 00 aa 53                       .....F..S
--
< 2024/08/09 22:33:53.626329  length=14 from=1950 to=1963
 02 1d 00 09 00 00 df 28 1c e8 07 c0 48 00        .......(....H.
--
> 2024/08/09 22:33:53.628431  length=3 from=1286 to=1288
 02 1d 00                                         ...
--
> 2024/08/09 22:33:53.629432  length=10 from=1289 to=1298
 08 00 00 05 00 0a                                ......
 49 00 aa 55                                      I..U
--
< 2024/08/09 22:33:53.685308  length=14 from=1964 to=1977
 02 1d 00 09 00 00 df 28 1c e8 07 c0 4a 00        .......(....J.
--
> 2024/08/09 22:33:53.687414  length=3 from=1299 to=1301
 02 1d 00                                         ...
--
> 2024/08/09 22:33:53.687501  length=2 from=1302 to=1303
 08 00                                            ..
--
> 2024/08/09 22:33:53.688433  length=3 from=1304 to=1306
 00 05 00                                         ...
--
> 2024/08/09 22:33:53.688488  length=5 from=1307 to=1311
 0a                                               .
 4b 00 aa 56                                      K..V
--
> 2024/08/09 22:33:55.230450  length=11 from=1312 to=1322
 01 83 00 07 00 00 df 28 1c e8 07                 .......(...
--
> 2024/08/09 22:33:55.231460  length=1 from=1323 to=1323
 c0                                               .
--
> 2024/08/09 22:34:02.634540  length=5 from=1324 to=1328
 00 80 ff 00 00                                   .....
--
