2021-07-17 00:13:03,778 root DEBUG autoptsclient_common.py   782   run_test_case_thread_entry : Starting TestCase wrapper GATT GATT/SR/GAR/BI-06-C
2021-07-17 00:13:03,778 root DEBUG testcase.py               722   pre_run                   : pre_run GATT GATT/SR/GAR/BI-06-C
2021-07-17 00:13:03,778 root DEBUG testcase.py               724   pre_run                   : About to run test case GATT GATT/SR/GAR/BI-06-C with commands:
2021-07-17 00:13:03,779 root DEBUG testcase.py               727   pre_run                   : 0) class=<class 'ptsprojects.testcase.TestFunc'>, func=<bound method ZephyrCtl.start of <ptsprojects.zephyr.iutctl.ZephyrCtl object at 0x000001E207E72CA0>> start_wid=None stop_wid=None post_wid=None skip_call=None call_count=0 args=(<ptsprojects.zephyr.ztestcase.ZTestCase object at 0x000001E208122910>,) kwds={}
2021-07-17 00:13:03,779 root DEBUG testcase.py               727   pre_run                   : 1) class=<class 'ptsprojects.testcase.TestFunc'>, func=<bound method ZephyrCtl.wait_iut_ready_event of <ptsprojects.zephyr.iutctl.ZephyrCtl object at 0x000001E207E72CA0>> start_wid=None stop_wid=None post_wid=None skip_call=None call_count=0 args=() kwds={}
2021-07-17 00:13:03,779 root DEBUG testcase.py               727   pre_run                   : 2) class=<class 'ptsprojects.testcase.TestFunc'>, func=<function core_reg_svc_gap at 0x000001E20632B820> start_wid=None stop_wid=None post_wid=None skip_call=None call_count=15 args=() kwds={}
2021-07-17 00:13:03,779 root DEBUG testcase.py               727   pre_run                   : 3) class=<class 'ptsprojects.testcase.TestFunc'>, func=<function core_reg_svc_gatt at 0x000001E20632B940> start_wid=None stop_wid=None post_wid=None skip_call=None call_count=15 args=() kwds={}
2021-07-17 00:13:03,779 root DEBUG testcase.py               727   pre_run                   : 4) class=<class 'ptsprojects.testcase.TestFunc'>, func=<function gap_read_ctrl_info at 0x000001E20632E160> start_wid=None stop_wid=None post_wid=None skip_call=None call_count=15 args=() kwds={}
2021-07-17 00:13:03,779 root DEBUG testcase.py               727   pre_run                   : 5) class=<class 'ptsprojects.testcase.TestFunc'>, func=<function test_cases_server.<locals>.<lambda> at 0x000001E207E4A940> start_wid=None stop_wid=None post_wid=None skip_call=None call_count=15 args=() kwds={}
2021-07-17 00:13:03,779 root DEBUG testcase.py               727   pre_run                   : 6) class=<class 'ptsprojects.testcase.TestFunc'>, func=<function test_cases_server.<locals>.<lambda> at 0x000001E207E4A8B0> start_wid=None stop_wid=None post_wid=None skip_call=None call_count=15 args=() kwds={}
2021-07-17 00:13:03,779 root DEBUG testcase.py               727   pre_run                   : 7) class=<class 'ptsprojects.testcase.TestFunc'>, func=<bound method Stack.gatt_init of <ptsprojects.stack.Stack object at 0x000001E2079F5D60>> start_wid=None stop_wid=None post_wid=None skip_call=None call_count=15 args=() kwds={}
2021-07-17 00:13:03,779 root DEBUG testcase.py               727   pre_run                   : 8) class=<class 'ptsprojects.testcase.TestFuncCleanUp'>, func=<bound method Stack.cleanup of <ptsprojects.stack.Stack object at 0x000001E2079F5D60>> start_wid=None stop_wid=None post_wid=None skip_call=None call_count=0 args=() kwds={}
2021-07-17 00:13:03,779 root DEBUG testcase.py               727   pre_run                   : 9) class=<class 'ptsprojects.testcase.TestFuncCleanUp'>, func=<bound method ZephyrCtl.stop of <ptsprojects.zephyr.iutctl.ZephyrCtl object at 0x000001E207E72CA0>> start_wid=None stop_wid=None post_wid=None skip_call=None call_count=0 args=() kwds={}
2021-07-17 00:13:03,779 root DEBUG testcase.py               734   pre_run                   : post_run, run pre test case script
2021-07-17 00:13:03,782 root DEBUG testcase.py               242   start                     : Starting test function: class=<class 'ptsprojects.testcase.TestFunc'>, func=<bound method ZephyrCtl.start of <ptsprojects.zephyr.iutctl.ZephyrCtl object at 0x000001E207E72CA0>> start_wid=None stop_wid=None post_wid=None skip_call=None call_count=1 args=(<ptsprojects.zephyr.ztestcase.ZTestCase object at 0x000001E208122910>,) kwds={}
2021-07-17 00:13:03,782 root DEBUG testcase.py               254   start                     : Test function parameters: args=(<ptsprojects.zephyr.ztestcase.ZTestCase object at 0x000001E208122910>,), kwds={}
2021-07-17 00:13:03,782 root DEBUG iutctl.py                 114   start                     : <class 'ptsprojects.zephyr.iutctl.ZephyrCtl'>.start
2021-07-17 00:13:03,783 root DEBUG iutctl.py                 174   flush_serial              : <class 'ptsprojects.zephyr.iutctl.ZephyrCtl'>.flush_serial
2021-07-17 00:13:03,813 root DEBUG iutctl.py                 139   start                     : Starting socat process: socat.exe -x -v tcp:192.168.9.109:55223,retry=100,interval=1 /dev/ttyS2,raw,b115200
2021-07-17 00:13:03,815 root DEBUG iutctl_common.py          234   accept                    : accept
2021-07-17 00:13:03,828 root DEBUG testcase.py               242   start                     : Starting test function: class=<class 'ptsprojects.testcase.TestFunc'>, func=<bound method ZephyrCtl.wait_iut_ready_event of <ptsprojects.zephyr.iutctl.ZephyrCtl object at 0x000001E207E72CA0>> start_wid=None stop_wid=None post_wid=None skip_call=None call_count=1 args=() kwds={}
2021-07-17 00:13:03,828 root DEBUG testcase.py               254   start                     : Test function parameters: args=(), kwds={}
2021-07-17 00:13:03,828 root DEBUG iutctl.py                 205   reset                     : <class 'ptsprojects.zephyr.iutctl.ZephyrCtl'>.reset
2021-07-17 00:13:03,828 root DEBUG iutctl.py                 240   stop                      : <class 'ptsprojects.zephyr.iutctl.ZephyrCtl'>.stop
2021-07-17 00:13:04,840 root DEBUG iutctl.py                 114   start                     : <class 'ptsprojects.zephyr.iutctl.ZephyrCtl'>.start
2021-07-17 00:13:04,840 root DEBUG iutctl.py                 174   flush_serial              : <class 'ptsprojects.zephyr.iutctl.ZephyrCtl'>.flush_serial
2021-07-17 00:13:04,868 root DEBUG iutctl.py                 139   start                     : Starting socat process: socat.exe -x -v tcp:192.168.9.109:55225,retry=100,interval=1 /dev/ttyS2,raw,b115200
2021-07-17 00:13:04,870 root DEBUG iutctl_common.py          234   accept                    : accept
2021-07-17 00:13:04,883 root DEBUG iutctl.py                 174   flush_serial              : <class 'ptsprojects.zephyr.iutctl.ZephyrCtl'>.flush_serial
2021-07-17 00:13:04,883 root DEBUG iutctl.py                 317   reset                     : About to reset DUT: 'nrfjprog -f nrf52 -r -s 683357425'
2021-07-17 00:13:05,217 root DEBUG iutctl_common.py          177   read                      : read
2021-07-17 00:13:05,473 root DEBUG iutctl_common.py          101   read                      : Received: hdr: Header(svc_id=0, op=128, ctrl_index=255, data_len=0) bytearray(b'\x00\x80\xff\x00\x00')
2021-07-17 00:13:05,473 root DEBUG iutctl_common.py          114   read                      : Received data: "('',)", bytearray(b'')
2021-07-17 00:13:05,473 root DEBUG btp.py                    5603  event_handler             : event_handler Header(svc_id=0, op=128, ctrl_index=255, data_len=0) (b'',)
2021-07-17 00:13:05,473 root ERROR btp.py                    5637  event_handler             : Unhandled event! svc_id 0 op 128
2021-07-17 00:13:05,473 root DEBUG iutctl.py                 233   wait_iut_ready_event      : IUT ready event received OK
2021-07-17 00:13:05,473 root DEBUG testcase.py               242   start                     : Starting test function: class=<class 'ptsprojects.testcase.TestFunc'>, func=<function core_reg_svc_gap at 0x000001E20632B820> start_wid=None stop_wid=None post_wid=None skip_call=None call_count=16 args=() kwds={}
2021-07-17 00:13:05,473 root DEBUG testcase.py               254   start                     : Test function parameters: args=(), kwds={}
2021-07-17 00:13:05,473 root DEBUG btp.py                    736   core_reg_svc_gap          : core_reg_svc_gap
2021-07-17 00:13:05,473 root DEBUG iutctl_common.py          120   send                      : send, 0 3 255 '1'
2021-07-17 00:13:05,473 root DEBUG iutctl_common.py          123   send                      : btpclient command: send 0 3 255 '1'
2021-07-17 00:13:05,473 root DEBUG iutctl_common.py          128   send                      : sending frame b'\x00\x03\xff\x01\x00\x01'
2021-07-17 00:13:05,473 root DEBUG btp.py                    818   core_reg_svc_rsp_succ     : core_reg_svc_rsp_succ
2021-07-17 00:13:05,473 root DEBUG iutctl_common.py          177   read                      : read
2021-07-17 00:13:05,573 root DEBUG iutctl_common.py          101   read                      : Received: hdr: Header(svc_id=0, op=3, ctrl_index=255, data_len=0) bytearray(b'\x00\x03\xff\x00\x00')
2021-07-17 00:13:05,588 root DEBUG iutctl_common.py          114   read                      : Received data: "('',)", bytearray(b'')
2021-07-17 00:13:05,604 root DEBUG btp.py                    829   core_reg_svc_rsp_succ     : received Header(svc_id=0, op=3, ctrl_index=255, data_len=0) (b'',)
2021-07-17 00:13:05,604 root DEBUG btp.py                    830   core_reg_svc_rsp_succ     : expected ((0, 3, 255, 0), (b'',))
2021-07-17 00:13:05,604 root DEBUG btp.py                    836   core_reg_svc_rsp_succ     : response is valid
2021-07-17 00:13:05,604 root DEBUG testcase.py               242   start                     : Starting test function: class=<class 'ptsprojects.testcase.TestFunc'>, func=<function core_reg_svc_gatt at 0x000001E20632B940> start_wid=None stop_wid=None post_wid=None skip_call=None call_count=16 args=() kwds={}
2021-07-17 00:13:05,604 root DEBUG testcase.py               254   start                     : Test function parameters: args=(), kwds={}
2021-07-17 00:13:05,604 root DEBUG btp.py                    754   core_reg_svc_gatt         : core_reg_svc_gatt
2021-07-17 00:13:05,604 root DEBUG iutctl_common.py          120   send                      : send, 0 3 255 '2'
2021-07-17 00:13:05,604 root DEBUG iutctl_common.py          123   send                      : btpclient command: send 0 3 255 '2'
2021-07-17 00:13:05,604 root DEBUG iutctl_common.py          128   send                      : sending frame b'\x00\x03\xff\x01\x00\x02'
2021-07-17 00:13:05,604 root DEBUG btp.py                    818   core_reg_svc_rsp_succ     : core_reg_svc_rsp_succ
2021-07-17 00:13:05,604 root DEBUG iutctl_common.py          177   read                      : read
2021-07-17 00:13:05,706 root DEBUG iutctl_common.py          101   read                      : Received: hdr: Header(svc_id=0, op=3, ctrl_index=255, data_len=0) bytearray(b'\x00\x03\xff\x00\x00')
2021-07-17 00:13:05,706 root DEBUG iutctl_common.py          114   read                      : Received data: "('',)", bytearray(b'')
2021-07-17 00:13:05,706 root DEBUG btp.py                    829   core_reg_svc_rsp_succ     : received Header(svc_id=0, op=3, ctrl_index=255, data_len=0) (b'',)
2021-07-17 00:13:05,706 root DEBUG btp.py                    830   core_reg_svc_rsp_succ     : expected ((0, 3, 255, 0), (b'',))
2021-07-17 00:13:05,706 root DEBUG btp.py                    836   core_reg_svc_rsp_succ     : response is valid
2021-07-17 00:13:05,706 root DEBUG testcase.py               242   start                     : Starting test function: class=<class 'ptsprojects.testcase.TestFunc'>, func=<function gap_read_ctrl_info at 0x000001E20632E160> start_wid=None stop_wid=None post_wid=None skip_call=None call_count=16 args=() kwds={}
2021-07-17 00:13:05,706 root DEBUG testcase.py               254   start                     : Test function parameters: args=(), kwds={}
2021-07-17 00:13:05,706 root DEBUG btp.py                    1426  gap_read_ctrl_info        : gap_read_ctrl_info
2021-07-17 00:13:05,707 root DEBUG iutctl_common.py          120   send                      : send, 1 3 0 ''
2021-07-17 00:13:05,707 root DEBUG iutctl_common.py          123   send                      : btpclient command: send 1 3 0 ''
2021-07-17 00:13:05,707 root DEBUG iutctl_common.py          128   send                      : sending frame b'\x01\x03\x00\x00\x00'
2021-07-17 00:13:05,707 root DEBUG iutctl_common.py          177   read                      : read
2021-07-17 00:13:05,819 root DEBUG iutctl_common.py          101   read                      : Received: hdr: Header(svc_id=1, op=3, ctrl_index=0, data_len=277) bytearray(b'\x01\x03\x00\x15\x01')
2021-07-17 00:13:05,840 root DEBUG iutctl_common.py          114   read                      : Received data: "('6§ \xad\x80ü\x13\x06\x00\x00\x13\x82\x00\x00\x00\x00\x00btp_tester\x00\x00\x00\x00\x00\x00\x00\x00\x00\x00\x00\x00\x00\x00\x00\x00\x00\x00\x00\x00\x00\x00\x00\x00\x00\x00\x00\x00\x00\x00\x00\x00\x00\x00\x00\x00\x00\x00\x00\x00\x00\x00\x00\x00\x00\x00\x00\x00\x00\x00\x00\x00\x00\x00\x00\x00\x00\x00\x00\x00\x00\x00\x00\x00\x00\x00\x00\x00\x00\x00\x00\x00\x00\x00\x00\x00\x00\x00\x00\x00\x00\x00\x00\x00\x00\x00\x00\x00\x00\x00\x00\x00\x00\x00\x00\x00\x00\x00\x00\x00\x00\x00\x00\x00\x00\x00\x00\x00\x00\x00\x00\x00\x00\x00\x00\x00\x00\x00\x00\x00\x00\x00\x00\x00\x00\x00\x00\x00\x00\x00\x00\x00\x00\x00\x00\x00\x00\x00\x00\x00\x00\x00\x00\x00\x00\x00\x00\x00\x00\x00\x00\x00\x00\x00\x00\x00\x00\x00\x00\x00\x00\x00\x00\x00\x00\x00\x00\x00\x00\x00\x00\x00\x00\x00\x00\x00\x00\x00\x00\x00\x00\x00\x00\x00\x00\x00\x00\x00\x00\x00\x00\x00\x00\x00\x00\x00\x00\x00\x00\x00\x00\x00\x00\x00\x00\x00\x00\x00\x00\x00\x00\x00\x00\x00\x00\x00\x00\x00\x00\x00\x00\x00\x00\x00\x00\x00\x00\x00\x00\x00\x00\x00\x00\x00\x00\x00\x00\x00\x00\x00\x00\x00\x00\x00\x00\x00\x00\x00\x00\x00',)", bytearray(b'6\xa7 \xad\x80\xfc\x13\x06\x00\x00\x13\x82\x00\x00\x00\x00\x00btp_tester\x00\x00\x00\x00\x00\x00\x00\x00\x00\x00\x00\x00\x00\x00\x00\x00\x00\x00\x00\x00\x00\x00\x00\x00\x00\x00\x00\x00\x00\x00\x00\x00\x00\x00\x00\x00\x00\x00\x00\x00\x00\x00\x00\x00\x00\x00\x00\x00\x00\x00\x00\x00\x00\x00\x00\x00\x00\x00\x00\x00\x00\x00\x00\x00\x00\x00\x00\x00\x00\x00\x00\x00\x00\x00\x00\x00\x00\x00\x00\x00\x00\x00\x00\x00\x00\x00\x00\x00\x00\x00\x00\x00\x00\x00\x00\x00\x00\x00\x00\x00\x00\x00\x00\x00\x00\x00\x00\x00\x00\x00\x00\x00\x00\x00\x00\x00\x00\x00\x00\x00\x00\x00\x00\x00\x00\x00\x00\x00\x00\x00\x00\x00\x00\x00\x00\x00\x00\x00\x00\x00\x00\x00\x00\x00\x00\x00\x00\x00\x00\x00\x00\x00\x00\x00\x00\x00\x00\x00\x00\x00\x00\x00\x00\x00\x00\x00\x00\x00\x00\x00\x00\x00\x00\x00\x00\x00\x00\x00\x00\x00\x00\x00\x00\x00\x00\x00\x00\x00\x00\x00\x00\x00\x00\x00\x00\x00\x00\x00\x00\x00\x00\x00\x00\x00\x00\x00\x00\x00\x00\x00\x00\x00\x00\x00\x00\x00\x00\x00\x00\x00\x00\x00\x00\x00\x00\x00\x00\x00\x00\x00\x00\x00\x00\x00\x00\x00\x00\x00\x00\x00\x00\x00\x00\x00\x00\x00\x00\x00\x00\x00')
2021-07-17 00:13:05,840 root DEBUG btp.py                    1433  gap_read_ctrl_info        : received Header(svc_id=1, op=3, ctrl_index=0, data_len=277) (b'6\xa7 \xad\x80\xfc\x13\x06\x00\x00\x13\x82\x00\x00\x00\x00\x00btp_tester\x00\x00\x00\x00\x00\x00\x00\x00\x00\x00\x00\x00\x00\x00\x00\x00\x00\x00\x00\x00\x00\x00\x00\x00\x00\x00\x00\x00\x00\x00\x00\x00\x00\x00\x00\x00\x00\x00\x00\x00\x00\x00\x00\x00\x00\x00\x00\x00\x00\x00\x00\x00\x00\x00\x00\x00\x00\x00\x00\x00\x00\x00\x00\x00\x00\x00\x00\x00\x00\x00\x00\x00\x00\x00\x00\x00\x00\x00\x00\x00\x00\x00\x00\x00\x00\x00\x00\x00\x00\x00\x00\x00\x00\x00\x00\x00\x00\x00\x00\x00\x00\x00\x00\x00\x00\x00\x00\x00\x00\x00\x00\x00\x00\x00\x00\x00\x00\x00\x00\x00\x00\x00\x00\x00\x00\x00\x00\x00\x00\x00\x00\x00\x00\x00\x00\x00\x00\x00\x00\x00\x00\x00\x00\x00\x00\x00\x00\x00\x00\x00\x00\x00\x00\x00\x00\x00\x00\x00\x00\x00\x00\x00\x00\x00\x00\x00\x00\x00\x00\x00\x00\x00\x00\x00\x00\x00\x00\x00\x00\x00\x00\x00\x00\x00\x00\x00\x00\x00\x00\x00\x00\x00\x00\x00\x00\x00\x00\x00\x00\x00\x00\x00\x00\x00\x00\x00\x00\x00\x00\x00\x00\x00\x00\x00\x00\x00\x00\x00\x00\x00\x00\x00\x00\x00\x00\x00\x00\x00\x00\x00\x00\x00\x00\x00\x00\x00\x00\x00\x00\x00\x00\x00\x00\x00\x00\x00\x00\x00\x00\x00',)
2021-07-17 00:13:05,840 root DEBUG btp.py                    1454  gap_read_ctrl_info        : IUT address 'fc80ad20a736'
2021-07-17 00:13:05,840 root DEBUG btp.py                    878   __gap_current_settings_update : __gap_current_settings_update 33299
2021-07-17 00:13:05,840 root DEBUG testcase.py               242   start                     : Starting test function: class=<class 'ptsprojects.testcase.TestFunc'>, func=<function test_cases_server.<locals>.<lambda> at 0x000001E207E4A940> start_wid=None stop_wid=None post_wid=None skip_call=None call_count=16 args=() kwds={}
2021-07-17 00:13:05,840 root DEBUG testcase.py               254   start                     : Test function parameters: args=(), kwds={}
2021-07-17 00:13:05,840 root DEBUG testcase.py               242   start                     : Starting test function: class=<class 'ptsprojects.testcase.TestFunc'>, func=<function test_cases_server.<locals>.<lambda> at 0x000001E207E4A8B0> start_wid=None stop_wid=None post_wid=None skip_call=None call_count=16 args=() kwds={}
2021-07-17 00:13:05,840 root DEBUG testcase.py               254   start                     : Test function parameters: args=(), kwds={}
2021-07-17 00:13:05,840 root DEBUG testcase.py               242   start                     : Starting test function: class=<class 'ptsprojects.testcase.TestFunc'>, func=<bound method Stack.gatt_init of <ptsprojects.stack.Stack object at 0x000001E2079F5D60>> start_wid=None stop_wid=None post_wid=None skip_call=None call_count=16 args=() kwds={}
2021-07-17 00:13:05,840 root DEBUG testcase.py               254   start                     : Test function parameters: args=(), kwds={}
2021-07-17 00:13:05,840 root DEBUG autoptsclient_common.py   283   set_current_test_case     : CallbackThread.set_current_test_case GATT/SR/GAR/BI-06-C
2021-07-17 00:13:14,365 ClientCallback.on_implicit_send INFO autoptsclient_common.py   186   on_implicit_send          : ********************
2021-07-17 00:13:14,365 ClientCallback.on_implicit_send INFO autoptsclient_common.py   187   on_implicit_send          : BEGIN OnImplicitSend:
2021-07-17 00:13:14,365 ClientCallback.on_implicit_send INFO autoptsclient_common.py   188   on_implicit_send          : project_name: GATT
2021-07-17 00:13:14,365 ClientCallback.on_implicit_send INFO autoptsclient_common.py   189   on_implicit_send          : wid: 1
2021-07-17 00:13:14,365 ClientCallback.on_implicit_send INFO autoptsclient_common.py   190   on_implicit_send          : test_case_name: GATT/SR/GAR/BI-06-C
2021-07-17 00:13:14,365 ClientCallback.on_implicit_send INFO autoptsclient_common.py   191   on_implicit_send          : description: Please prepare IUT into a connectable mode.

Description: Verify that the Implementation Under Test (IUT) can accept GATT connect request from PTS.
2021-07-17 00:13:14,365 ClientCallback.on_implicit_send INFO autoptsclient_common.py   192   on_implicit_send          : style: MMI_Style_Ok_Cancel2 0x11141
2021-07-17 00:13:14,365 ClientCallback.on_implicit_send INFO autoptsclient_common.py   198   on_implicit_send          : Calling test cases on_implicit_send
2021-07-17 00:13:14,365 root DEBUG testcase.py               677   on_implicit_send          : GATT GATT/SR/GAR/BI-06-C on_implicit_send
2021-07-17 00:13:14,365 root DEBUG testcase.py               620   join_post_wid_thread      : GATT GATT/SR/GAR/BI-06-C join_post_wid_thread
2021-07-17 00:13:14,365 root DEBUG testcase.py               622   join_post_wid_thread      : self.post_wid_thread None
2021-07-17 00:13:14,365 root DEBUG gatt_wid.py               34    gatt_wid_hdl              : gatt_wid_hdl, 1, 'Please prepare IUT into a connectable mode.\n\nDescription: Verify that the Implementation Under Test (IUT) can accept GATT connect request from PTS.', GATT/SR/GAR/BI-06-C
2021-07-17 00:13:14,365 root DEBUG btp.py                    1198  gap_set_conn              : gap_set_conn
2021-07-17 00:13:14,365 root DEBUG btp.py                    1249  gap_set_gendiscov         : gap_set_gendiscov
2021-07-17 00:13:14,365 root DEBUG iutctl_common.py          120   send                      : send, 1 8 0 '1'
2021-07-17 00:13:14,365 root DEBUG iutctl_common.py          123   send                      : btpclient command: send 1 8 0 '1'
2021-07-17 00:13:14,365 root DEBUG iutctl_common.py          128   send                      : sending frame b'\x01\x08\x00\x01\x00\x01'
2021-07-17 00:13:14,365 root DEBUG btp.py                    1460  gap_command_rsp_succ      : gap_command_rsp_succ
2021-07-17 00:13:14,365 root DEBUG iutctl_common.py          177   read                      : read
2021-07-17 00:13:14,459 root DEBUG iutctl_common.py          101   read                      : Received: hdr: Header(svc_id=1, op=8, ctrl_index=0, data_len=4) bytearray(b'\x01\x08\x00\x04\x00')
2021-07-17 00:13:14,459 root DEBUG iutctl_common.py          114   read                      : Received data: "('\x1b\x82\x00\x00',)", bytearray(b'\x1b\x82\x00\x00')
2021-07-17 00:13:14,459 root DEBUG btp.py                    1465  gap_command_rsp_succ      : received Header(svc_id=1, op=8, ctrl_index=0, data_len=4) (b'\x1b\x82\x00\x00',)
2021-07-17 00:13:14,459 root DEBUG btp.py                    878   __gap_current_settings_update : __gap_current_settings_update (b'\x1b\x82\x00\x00',)
2021-07-17 00:13:14,459 root DEBUG btp.py                    909   gap_adv_ind_on            : gap_adv_ind_on {} {}
2021-07-17 00:13:14,459 root DEBUG iutctl_common.py          120   send                      : send, 1 10 0 "bytearray(b'\\x00\\x00\\xff\\xff\\xff\\xff\\x00')"
2021-07-17 00:13:14,459 root DEBUG iutctl_common.py          123   send                      : btpclient command: send 1 10 0 "bytearray(b'\\x00\\x00\\xff\\xff\\xff\\xff\\x00')"
2021-07-17 00:13:14,459 root DEBUG iutctl_common.py          128   send                      : sending frame b'\x01\n\x00\x07\x00\x00\x00\xff\xff\xff\xff\x00'
2021-07-17 00:13:14,460 root DEBUG btp.py                    1460  gap_command_rsp_succ      : gap_command_rsp_succ
2021-07-17 00:13:14,460 root DEBUG iutctl_common.py          177   read                      : read
2021-07-17 00:13:14,564 root DEBUG iutctl_common.py          101   read                      : Received: hdr: Header(svc_id=1, op=10, ctrl_index=0, data_len=4) bytearray(b'\x01\n\x00\x04\x00')
2021-07-17 00:13:14,579 root DEBUG iutctl_common.py          114   read                      : Received data: "('\x1b\x86\x00\x00',)", bytearray(b'\x1b\x86\x00\x00')
2021-07-17 00:13:14,580 root DEBUG btp.py                    1465  gap_command_rsp_succ      : received Header(svc_id=1, op=10, ctrl_index=0, data_len=4) (b'\x1b\x86\x00\x00',)
2021-07-17 00:13:14,580 root DEBUG btp.py                    878   __gap_current_settings_update : __gap_current_settings_update (b'\x1b\x86\x00\x00',)
2021-07-17 00:13:14,580 root DEBUG testcase.py               717   on_implicit_send          : Sending response 'OK'
2021-07-17 00:13:14,580 ClientCallback.on_implicit_send INFO autoptsclient_common.py   209   on_implicit_send          : test case returned on_implicit_send, response: OK
2021-07-17 00:13:14,580 ClientCallback.on_implicit_send INFO autoptsclient_common.py   219   on_implicit_send          : END OnImplicitSend:
2021-07-17 00:13:14,580 ClientCallback.on_implicit_send INFO autoptsclient_common.py   220   on_implicit_send          : ********************
2021-07-17 00:13:14,812 root DEBUG iutctl_common.py          101   read                      : Received: hdr: Header(svc_id=1, op=130, ctrl_index=0, data_len=13) bytearray(b'\x01\x82\x00\r\x00')
2021-07-17 00:13:14,812 root DEBUG iutctl_common.py          114   read                      : Received data: "('\x005\x1còÜ\x1b\x00<\x00\x00\x00Ð\x07',)", bytearray(b'\x005\x1c\xf2\xdc\x1b\x00<\x00\x00\x00\xd0\x07')
2021-07-17 00:13:14,813 root DEBUG btp.py                    5603  event_handler             : event_handler Header(svc_id=1, op=130, ctrl_index=0, data_len=13) (b'\x005\x1c\xf2\xdc\x1b\x00<\x00\x00\x00\xd0\x07',)
2021-07-17 00:13:14,813 root DEBUG btp.py                    3386  gap_connected_ev_         : gap_connected_ev_ b'\x005\x1c\xf2\xdc\x1b\x00<\x00\x00\x00\xd0\x07'
2021-07-17 00:13:18,350 ClientCallback.on_implicit_send INFO autoptsclient_common.py   186   on_implicit_send          : ********************
2021-07-17 00:13:18,350 ClientCallback.on_implicit_send INFO autoptsclient_common.py   187   on_implicit_send          : BEGIN OnImplicitSend:
2021-07-17 00:13:18,350 ClientCallback.on_implicit_send INFO autoptsclient_common.py   188   on_implicit_send          : project_name: GATT
2021-07-17 00:13:18,350 ClientCallback.on_implicit_send INFO autoptsclient_common.py   189   on_implicit_send          : wid: 400
2021-07-17 00:13:18,350 ClientCallback.on_implicit_send INFO autoptsclient_common.py   190   on_implicit_send          : test_case_name: GATT/SR/GAR/BI-06-C
2021-07-17 00:13:18,350 ClientCallback.on_implicit_send INFO autoptsclient_common.py   191   on_implicit_send          : description: Please prepare IUT into an L2CAP Credit Based Connection connectable mode using LE signaling channel.

Description: Verify that the Implementation Under Test (IUT) can accept L2CAP_CREDIT_BASED_CONNECTION_REQ from PTS.
2021-07-17 00:13:18,350 ClientCallback.on_implicit_send INFO autoptsclient_common.py   192   on_implicit_send          : style: MMI_Style_Ok_Cancel2 0x11141
2021-07-17 00:13:18,350 ClientCallback.on_implicit_send INFO autoptsclient_common.py   198   on_implicit_send          : Calling test cases on_implicit_send
2021-07-17 00:13:18,351 root DEBUG testcase.py               677   on_implicit_send          : GATT GATT/SR/GAR/BI-06-C on_implicit_send
2021-07-17 00:13:18,351 root DEBUG testcase.py               620   join_post_wid_thread      : GATT GATT/SR/GAR/BI-06-C join_post_wid_thread
2021-07-17 00:13:18,351 root DEBUG testcase.py               622   join_post_wid_thread      : self.post_wid_thread None
2021-07-17 00:13:18,351 root DEBUG gatt_wid.py               34    gatt_wid_hdl              : gatt_wid_hdl, 400, 'Please prepare IUT into an L2CAP Credit Based Connection connectable mode using LE signaling channel.\n\nDescription: Verify that the Implementation Under Test (IUT) can accept L2CAP_CREDIT_BASED_CONNECTION_REQ from PTS.', GATT/SR/GAR/BI-06-C
2021-07-17 00:13:18,351 root DEBUG testcase.py               717   on_implicit_send          : Sending response 'OK'
2021-07-17 00:13:18,351 ClientCallback.on_implicit_send INFO autoptsclient_common.py   209   on_implicit_send          : test case returned on_implicit_send, response: OK
2021-07-17 00:13:18,351 ClientCallback.on_implicit_send INFO autoptsclient_common.py   219   on_implicit_send          : END OnImplicitSend:
2021-07-17 00:13:18,351 ClientCallback.on_implicit_send INFO autoptsclient_common.py   220   on_implicit_send          : ********************
2021-07-17 00:13:20,452 ClientCallback.on_implicit_send INFO autoptsclient_common.py   186   on_implicit_send          : ********************
2021-07-17 00:13:20,452 ClientCallback.on_implicit_send INFO autoptsclient_common.py   187   on_implicit_send          : BEGIN OnImplicitSend:
2021-07-17 00:13:20,452 ClientCallback.on_implicit_send INFO autoptsclient_common.py   188   on_implicit_send          : project_name: GATT
2021-07-17 00:13:20,452 ClientCallback.on_implicit_send INFO autoptsclient_common.py   189   on_implicit_send          : wid: 111
2021-07-17 00:13:20,452 ClientCallback.on_implicit_send INFO autoptsclient_common.py   190   on_implicit_send          : test_case_name: GATT/SR/GAR/BI-06-C
2021-07-17 00:13:20,452 ClientCallback.on_implicit_send INFO autoptsclient_common.py   191   on_implicit_send          : description: Enter UUID(0x) response with Read Not Permitted. 

Description: Verify that the Implementation Under Test (IUT) can respond Read Not Permitted.
2021-07-17 00:13:20,452 ClientCallback.on_implicit_send INFO autoptsclient_common.py   192   on_implicit_send          : style: MMI_Style_Edit1 0x12040
2021-07-17 00:13:20,452 ClientCallback.on_implicit_send INFO autoptsclient_common.py   198   on_implicit_send          : Calling test cases on_implicit_send
2021-07-17 00:13:20,452 root DEBUG testcase.py               677   on_implicit_send          : GATT GATT/SR/GAR/BI-06-C on_implicit_send
2021-07-17 00:13:20,452 root DEBUG testcase.py               620   join_post_wid_thread      : GATT GATT/SR/GAR/BI-06-C join_post_wid_thread
2021-07-17 00:13:20,452 root DEBUG testcase.py               622   join_post_wid_thread      : self.post_wid_thread None
2021-07-17 00:13:20,452 root DEBUG gatt_wid.py               34    gatt_wid_hdl              : gatt_wid_hdl, 111, 'Enter UUID(0x) response with Read Not Permitted. \n\nDescription: Verify that the Implementation Under Test (IUT) can respond Read Not Permitted.', GATT/SR/GAR/BI-06-C
2021-07-17 00:13:20,452 root DEBUG btp.py                    1846  gatts_get_attrs           : gatts_get_attrs 1 65535 '2803'
2021-07-17 00:13:20,452 root DEBUG iutctl_common.py          120   send                      : send, 2 28 0 "bytearray(b'\\x01\\x00\\xff\\xff\\x02\\x03(')"
2021-07-17 00:13:20,452 root DEBUG iutctl_common.py          123   send                      : btpclient command: send 2 28 0 "bytearray(b'\\x01\\x00\\xff\\xff\\x02\\x03(')"
2021-07-17 00:13:20,452 root DEBUG iutctl_common.py          128   send                      : sending frame b'\x02\x1c\x00\x07\x00\x01\x00\xff\xff\x02\x03('
2021-07-17 00:13:20,452 root DEBUG iutctl_common.py          177   read                      : read
2021-07-17 00:13:20,557 root DEBUG iutctl_common.py          101   read                      : Received: hdr: Header(svc_id=2, op=28, ctrl_index=0, data_len=43) bytearray(b'\x02\x1c\x00+\x00')
2021-07-17 00:13:20,573 root DEBUG iutctl_common.py          114   read                      : Received data: "('\x07\x02\x00\x01\x02\x03(\x05\x00\x01\x02\x03(\x07\x00\x01\x02\x03(\t\x00\x01\x02\x03(\x0c\x00\x01\x02\x03(\x0e\x00\x01\x02\x03(\x10\x00\x01\x02\x03(',)", bytearray(b'\x07\x02\x00\x01\x02\x03(\x05\x00\x01\x02\x03(\x07\x00\x01\x02\x03(\t\x00\x01\x02\x03(\x0c\x00\x01\x02\x03(\x0e\x00\x01\x02\x03(\x10\x00\x01\x02\x03(')
2021-07-17 00:13:20,573 root DEBUG btp.py                    1877  gatts_get_attrs           : received Header(svc_id=2, op=28, ctrl_index=0, data_len=43) (b'\x07\x02\x00\x01\x02\x03(\x05\x00\x01\x02\x03(\x07\x00\x01\x02\x03(\t\x00\x01\x02\x03(\x0c\x00\x01\x02\x03(\x0e\x00\x01\x02\x03(\x10\x00\x01\x02\x03(',)
2021-07-17 00:13:20,573 root DEBUG btp.py                    1810  dec_gatts_get_attrs_rp    : dec_gatts_get_attrs_rp b'\x07\x02\x00\x01\x02\x03(\x05\x00\x01\x02\x03(\x07\x00\x01\x02\x03(\t\x00\x01\x02\x03(\x0c\x00\x01\x02\x03(\x0e\x00\x01\x02\x03(\x10\x00\x01\x02\x03(' 43
2021-07-17 00:13:20,573 root DEBUG btp.py                    1839  dec_gatts_get_attrs_rp    : handle 2 perm 1 type_uuid '2803'
2021-07-17 00:13:20,573 root DEBUG btp.py                    1839  dec_gatts_get_attrs_rp    : handle 5 perm 1 type_uuid '2803'
2021-07-17 00:13:20,573 root DEBUG btp.py                    1839  dec_gatts_get_attrs_rp    : handle 7 perm 1 type_uuid '2803'
2021-07-17 00:13:20,573 root DEBUG btp.py                    1839  dec_gatts_get_attrs_rp    : handle 9 perm 1 type_uuid '2803'
2021-07-17 00:13:20,573 root DEBUG btp.py                    1839  dec_gatts_get_attrs_rp    : handle 12 perm 1 type_uuid '2803'
2021-07-17 00:13:20,573 root DEBUG btp.py                    1839  dec_gatts_get_attrs_rp    : handle 14 perm 1 type_uuid '2803'
2021-07-17 00:13:20,573 root DEBUG btp.py                    1839  dec_gatts_get_attrs_rp    : handle 16 perm 1 type_uuid '2803'
2021-07-17 00:13:20,573 root DEBUG btp.py                    1886  gatts_get_attr_val        : gatts_get_attr_val 2
2021-07-17 00:13:20,573 root DEBUG iutctl_common.py          120   send                      : send, 2 29 0 "bytearray(b'\\x005\\x1c\\xf2\\xdc\\x1b\\x00\\x02\\x00')"
2021-07-17 00:13:20,574 root DEBUG iutctl_common.py          123   send                      : btpclient command: send 2 29 0 "bytearray(b'\\x005\\x1c\\xf2\\xdc\\x1b\\x00\\x02\\x00')"
2021-07-17 00:13:20,574 root DEBUG iutctl_common.py          128   send                      : sending frame b'\x02\x1d\x00\t\x00\x005\x1c\xf2\xdc\x1b\x00\x02\x00'
2021-07-17 00:13:20,574 root DEBUG iutctl_common.py          177   read                      : read
2021-07-17 00:13:20,649 root DEBUG iutctl_common.py          101   read                      : Received: hdr: Header(svc_id=2, op=29, ctrl_index=0, data_len=8) bytearray(b'\x02\x1d\x00\x08\x00')
2021-07-17 00:13:20,680 root DEBUG iutctl_common.py          114   read                      : Received data: "('\x00\x05\x00 \x03\x00\x05*',)", bytearray(b'\x00\x05\x00 \x03\x00\x05*')
2021-07-17 00:13:20,719 root DEBUG btp.py                    1905  gatts_get_attr_val        : received Header(svc_id=2, op=29, ctrl_index=0, data_len=8) (b'\x00\x05\x00 \x03\x00\x05*',)
2021-07-17 00:13:20,719 root DEBUG btp.py                    1846  gatts_get_attrs           : gatts_get_attrs 3 3 None
2021-07-17 00:13:20,719 root DEBUG iutctl_common.py          120   send                      : send, 2 28 0 "bytearray(b'\\x03\\x00\\x03\\x00\\x00')"
2021-07-17 00:13:20,719 root DEBUG iutctl_common.py          123   send                      : btpclient command: send 2 28 0 "bytearray(b'\\x03\\x00\\x03\\x00\\x00')"
2021-07-17 00:13:20,719 root DEBUG iutctl_common.py          128   send                      : sending frame b'\x02\x1c\x00\x05\x00\x03\x00\x03\x00\x00'
2021-07-17 00:13:20,719 root DEBUG iutctl_common.py          177   read                      : read
2021-07-17 00:13:20,803 root DEBUG iutctl_common.py          101   read                      : Received: hdr: Header(svc_id=2, op=28, ctrl_index=0, data_len=7) bytearray(b'\x02\x1c\x00\x07\x00')
2021-07-17 00:13:20,887 root DEBUG iutctl_common.py          114   read                      : Received data: "('\x01\x03\x00\x00\x02\x05*',)", bytearray(b'\x01\x03\x00\x00\x02\x05*')
2021-07-17 00:13:20,902 root DEBUG btp.py                    1877  gatts_get_attrs           : received Header(svc_id=2, op=28, ctrl_index=0, data_len=7) (b'\x01\x03\x00\x00\x02\x05*',)
2021-07-17 00:13:20,902 root DEBUG btp.py                    1810  dec_gatts_get_attrs_rp    : dec_gatts_get_attrs_rp b'\x01\x03\x00\x00\x02\x05*' 7
2021-07-17 00:13:20,902 root DEBUG btp.py                    1839  dec_gatts_get_attrs_rp    : handle 3 perm 0 type_uuid '2A05'
2021-07-17 00:13:20,902 root DEBUG testcase.py               717   on_implicit_send          : Sending response '2A05'
2021-07-17 00:13:20,902 ClientCallback.on_implicit_send INFO autoptsclient_common.py   209   on_implicit_send          : test case returned on_implicit_send, response: 2A05
2021-07-17 00:13:20,903 ClientCallback.on_implicit_send INFO autoptsclient_common.py   219   on_implicit_send          : END OnImplicitSend:
2021-07-17 00:13:20,903 ClientCallback.on_implicit_send INFO autoptsclient_common.py   220   on_implicit_send          : ********************
2021-07-17 00:13:20,905 ClientCallback.on_implicit_send INFO autoptsclient_common.py   186   on_implicit_send          : ********************
2021-07-17 00:13:20,905 ClientCallback.on_implicit_send INFO autoptsclient_common.py   187   on_implicit_send          : BEGIN OnImplicitSend:
2021-07-17 00:13:20,905 ClientCallback.on_implicit_send INFO autoptsclient_common.py   188   on_implicit_send          : project_name: GATT
2021-07-17 00:13:20,905 ClientCallback.on_implicit_send INFO autoptsclient_common.py   189   on_implicit_send          : wid: 110
2021-07-17 00:13:20,905 ClientCallback.on_implicit_send INFO autoptsclient_common.py   190   on_implicit_send          : test_case_name: GATT/SR/GAR/BI-06-C
2021-07-17 00:13:20,905 ClientCallback.on_implicit_send INFO autoptsclient_common.py   191   on_implicit_send          : description: Please input a handle(0x)(Range 0x0001-0xFFFF) that doesn't permit reading (i.e. Read Not Permitted) 

Description: Verify that the Implementation Under Test (IUT) can issue a Read Not Permitted Response.
2021-07-17 00:13:20,905 ClientCallback.on_implicit_send INFO autoptsclient_common.py   192   on_implicit_send          : style: MMI_Style_Edit1 0x12040
2021-07-17 00:13:20,905 ClientCallback.on_implicit_send INFO autoptsclient_common.py   198   on_implicit_send          : Calling test cases on_implicit_send
2021-07-17 00:13:20,906 root DEBUG testcase.py               677   on_implicit_send          : GATT GATT/SR/GAR/BI-06-C on_implicit_send
2021-07-17 00:13:20,906 root DEBUG testcase.py               620   join_post_wid_thread      : GATT GATT/SR/GAR/BI-06-C join_post_wid_thread
2021-07-17 00:13:20,906 root DEBUG testcase.py               622   join_post_wid_thread      : self.post_wid_thread None
2021-07-17 00:13:20,906 root DEBUG gatt_wid.py               34    gatt_wid_hdl              : gatt_wid_hdl, 110, "Please input a handle(0x)(Range 0x0001-0xFFFF) that doesn't permit reading (i.e. Read Not Permitted) \n\nDescription: Verify that the Implementation Under Test (IUT) can issue a Read Not Permitted Response.", GATT/SR/GAR/BI-06-C
2021-07-17 00:13:20,906 root DEBUG btp.py                    1846  gatts_get_attrs           : gatts_get_attrs 1 65535 '2803'
2021-07-17 00:13:20,906 root DEBUG iutctl_common.py          120   send                      : send, 2 28 0 "bytearray(b'\\x01\\x00\\xff\\xff\\x02\\x03(')"
2021-07-17 00:13:20,906 root DEBUG iutctl_common.py          123   send                      : btpclient command: send 2 28 0 "bytearray(b'\\x01\\x00\\xff\\xff\\x02\\x03(')"
2021-07-17 00:13:20,906 root DEBUG iutctl_common.py          128   send                      : sending frame b'\x02\x1c\x00\x07\x00\x01\x00\xff\xff\x02\x03('
2021-07-17 00:13:20,906 root DEBUG iutctl_common.py          177   read                      : read
2021-07-17 00:13:20,933 root DEBUG iutctl_common.py          101   read                      : Received: hdr: Header(svc_id=1, op=136, ctrl_index=0, data_len=13) bytearray(b'\x01\x88\x00\r\x00')
2021-07-17 00:13:20,933 root DEBUG iutctl_common.py          114   read                      : Received data: "('\x005\x1còÜ\x1b\x00(\x00\x00\x00*\x00',)", bytearray(b'\x005\x1c\xf2\xdc\x1b\x00(\x00\x00\x00*\x00')
2021-07-17 00:13:20,953 root DEBUG btp.py                    5603  event_handler             : event_handler Header(svc_id=1, op=136, ctrl_index=0, data_len=13) (b'\x005\x1c\xf2\xdc\x1b\x00(\x00\x00\x00*\x00',)
2021-07-17 00:13:20,984 root DEBUG btp.py                    3445  gap_conn_param_update_ev_ : gap_conn_param_update_ev_
2021-07-17 00:13:20,984 root DEBUG btp.py                    3447  gap_conn_param_update_ev_ : received b'\x005\x1c\xf2\xdc\x1b\x00(\x00\x00\x00*\x00'
2021-07-17 00:13:20,984 root DEBUG btp.py                    3460  gap_conn_param_update_ev_ : received (0, b'001bdcf21c35', 40, 0, 42)
2021-07-17 00:13:21,020 root DEBUG iutctl_common.py          101   read                      : Received: hdr: Header(svc_id=2, op=28, ctrl_index=0, data_len=43) bytearray(b'\x02\x1c\x00+\x00')
2021-07-17 00:13:21,087 root DEBUG iutctl_common.py          114   read                      : Received data: "('\x07\x02\x00\x01\x02\x03(\x05\x00\x01\x02\x03(\x07\x00\x01\x02\x03(\t\x00\x01\x02\x03(\x0c\x00\x01\x02\x03(\x0e\x00\x01\x02\x03(\x10\x00\x01\x02\x03(',)", bytearray(b'\x07\x02\x00\x01\x02\x03(\x05\x00\x01\x02\x03(\x07\x00\x01\x02\x03(\t\x00\x01\x02\x03(\x0c\x00\x01\x02\x03(\x0e\x00\x01\x02\x03(\x10\x00\x01\x02\x03(')
2021-07-17 00:13:21,153 root DEBUG btp.py                    1877  gatts_get_attrs           : received Header(svc_id=2, op=28, ctrl_index=0, data_len=43) (b'\x07\x02\x00\x01\x02\x03(\x05\x00\x01\x02\x03(\x07\x00\x01\x02\x03(\t\x00\x01\x02\x03(\x0c\x00\x01\x02\x03(\x0e\x00\x01\x02\x03(\x10\x00\x01\x02\x03(',)
2021-07-17 00:13:21,153 root DEBUG btp.py                    1810  dec_gatts_get_attrs_rp    : dec_gatts_get_attrs_rp b'\x07\x02\x00\x01\x02\x03(\x05\x00\x01\x02\x03(\x07\x00\x01\x02\x03(\t\x00\x01\x02\x03(\x0c\x00\x01\x02\x03(\x0e\x00\x01\x02\x03(\x10\x00\x01\x02\x03(' 43
2021-07-17 00:13:21,153 root DEBUG btp.py                    1839  dec_gatts_get_attrs_rp    : handle 2 perm 1 type_uuid '2803'
2021-07-17 00:13:21,153 root DEBUG btp.py                    1839  dec_gatts_get_attrs_rp    : handle 5 perm 1 type_uuid '2803'
2021-07-17 00:13:21,153 root DEBUG btp.py                    1839  dec_gatts_get_attrs_rp    : handle 7 perm 1 type_uuid '2803'
2021-07-17 00:13:21,153 root DEBUG btp.py                    1839  dec_gatts_get_attrs_rp    : handle 9 perm 1 type_uuid '2803'
2021-07-17 00:13:21,153 root DEBUG btp.py                    1839  dec_gatts_get_attrs_rp    : handle 12 perm 1 type_uuid '2803'
2021-07-17 00:13:21,153 root DEBUG btp.py                    1839  dec_gatts_get_attrs_rp    : handle 14 perm 1 type_uuid '2803'
2021-07-17 00:13:21,153 root DEBUG btp.py                    1839  dec_gatts_get_attrs_rp    : handle 16 perm 1 type_uuid '2803'
2021-07-17 00:13:21,153 root DEBUG btp.py                    1886  gatts_get_attr_val        : gatts_get_attr_val 2
2021-07-17 00:13:21,153 root DEBUG iutctl_common.py          120   send                      : send, 2 29 0 "bytearray(b'\\x005\\x1c\\xf2\\xdc\\x1b\\x00\\x02\\x00')"
2021-07-17 00:13:21,153 root DEBUG iutctl_common.py          123   send                      : btpclient command: send 2 29 0 "bytearray(b'\\x005\\x1c\\xf2\\xdc\\x1b\\x00\\x02\\x00')"
2021-07-17 00:13:21,153 root DEBUG iutctl_common.py          128   send                      : sending frame b'\x02\x1d\x00\t\x00\x005\x1c\xf2\xdc\x1b\x00\x02\x00'
2021-07-17 00:13:21,153 root DEBUG iutctl_common.py          177   read                      : read
2021-07-17 00:13:21,242 root DEBUG iutctl_common.py          101   read                      : Received: hdr: Header(svc_id=2, op=29, ctrl_index=0, data_len=8) bytearray(b'\x02\x1d\x00\x08\x00')
2021-07-17 00:13:21,242 root DEBUG iutctl_common.py          114   read                      : Received data: "('\x00\x05\x00 \x03\x00\x05*',)", bytearray(b'\x00\x05\x00 \x03\x00\x05*')
2021-07-17 00:13:21,242 root DEBUG btp.py                    1905  gatts_get_attr_val        : received Header(svc_id=2, op=29, ctrl_index=0, data_len=8) (b'\x00\x05\x00 \x03\x00\x05*',)
2021-07-17 00:13:21,243 root DEBUG btp.py                    1846  gatts_get_attrs           : gatts_get_attrs 3 3 None
2021-07-17 00:13:21,243 root DEBUG iutctl_common.py          120   send                      : send, 2 28 0 "bytearray(b'\\x03\\x00\\x03\\x00\\x00')"
2021-07-17 00:13:21,243 root DEBUG iutctl_common.py          123   send                      : btpclient command: send 2 28 0 "bytearray(b'\\x03\\x00\\x03\\x00\\x00')"
2021-07-17 00:13:21,243 root DEBUG iutctl_common.py          128   send                      : sending frame b'\x02\x1c\x00\x05\x00\x03\x00\x03\x00\x00'
2021-07-17 00:13:21,243 root DEBUG iutctl_common.py          177   read                      : read
2021-07-17 00:13:21,303 root DEBUG iutctl_common.py          101   read                      : Received: hdr: Header(svc_id=2, op=28, ctrl_index=0, data_len=7) bytearray(b'\x02\x1c\x00\x07\x00')
2021-07-17 00:13:21,387 root DEBUG iutctl_common.py          114   read                      : Received data: "('\x01\x03\x00\x00\x02\x05*',)", bytearray(b'\x01\x03\x00\x00\x02\x05*')
2021-07-17 00:13:21,587 root DEBUG btp.py                    1877  gatts_get_attrs           : received Header(svc_id=2, op=28, ctrl_index=0, data_len=7) (b'\x01\x03\x00\x00\x02\x05*',)
2021-07-17 00:13:21,587 root DEBUG btp.py                    1810  dec_gatts_get_attrs_rp    : dec_gatts_get_attrs_rp b'\x01\x03\x00\x00\x02\x05*' 7
2021-07-17 00:13:21,587 root DEBUG btp.py                    1839  dec_gatts_get_attrs_rp    : handle 3 perm 0 type_uuid '2A05'
2021-07-17 00:13:21,587 root DEBUG testcase.py               717   on_implicit_send          : Sending response '0003'
2021-07-17 00:13:21,587 ClientCallback.on_implicit_send INFO autoptsclient_common.py   209   on_implicit_send          : test case returned on_implicit_send, response: 0003
2021-07-17 00:13:21,587 ClientCallback.on_implicit_send INFO autoptsclient_common.py   219   on_implicit_send          : END OnImplicitSend:
2021-07-17 00:13:21,587 ClientCallback.on_implicit_send INFO autoptsclient_common.py   220   on_implicit_send          : ********************
2021-07-17 00:13:23,057 root DEBUG iutctl_common.py          101   read                      : Received: hdr: Header(svc_id=1, op=131, ctrl_index=0, data_len=7) bytearray(b'\x01\x83\x00\x07\x00')
2021-07-17 00:13:23,058 root DEBUG iutctl_common.py          114   read                      : Received data: "('\x005\x1còÜ\x1b\x00',)", bytearray(b'\x005\x1c\xf2\xdc\x1b\x00')
2021-07-17 00:13:23,058 root DEBUG btp.py                    5603  event_handler             : event_handler Header(svc_id=1, op=131, ctrl_index=0, data_len=7) (b'\x005\x1c\xf2\xdc\x1b\x00',)
2021-07-17 00:13:23,059 root DEBUG btp.py                    3401  gap_disconnected_ev_      : gap_disconnected_ev_ b'\x005\x1c\xf2\xdc\x1b\x00'
2021-07-17 00:13:25,691 ClientCallback.log INFO autoptsclient_common.py   148   log                       : PTS_LOGTYPE_START_TEST Start Test Case 

+2172 ms
 GATT/SR/GAR/BI-06-C GATT/SR/GAR/BI-06-C

2021-07-17 00:13:25,691 root DEBUG testcase.py               462   log                       : New status GATT GATT/SR/GAR/BI-06-C - Started
2021-07-17 00:13:25,908 ClientCallback.log INFO autoptsclient_common.py   148   log                       : PTS_LOGTYPE_FINAL_VERDICT Final Verdict 

+17703 ms
 GATT/SR/GAR/BI-06-C PASS

2021-07-17 00:13:25,908 root DEBUG testcase.py               462   log                       : New status GATT GATT/SR/GAR/BI-06-C - PASS
2021-07-17 00:13:25,925 ClientCallback.log INFO autoptsclient_common.py   148   log                       : PTS_LOGTYPE_FINAL_VERDICT Encrypted Verdict 

+17703 ms
 GATT/SR/GAR/BI-06-C A1#ZWY4MzQ5MDg3MmQwNTIxOGQzMzQ5YjY2ODA5M2MzNjQ5ZDY4NmY0Yjc2MzIzM2VkNTUyNTFhNGU4Mjg1MjI0NA==#o9lsYqbgQYQ3ikrQFPjIY54mfs74LkjimWkyrg/w2Fk0j4xZzKiwtkdlyuY+cF1l

2021-07-17 00:13:26,038 ClientCallback.log INFO autoptsclient_common.py   148   log                       : PTS_LOGTYPE_END_TEST Test Case Ended 

+17703 ms
 GATT/SR/GAR/BI-06-C GATT/SR/GAR/BI-06-C

2021-07-17 00:13:26,156 root DEBUG autoptsclient_common.py   803   run_test_case_thread_entry : After run_test_case error_code='' status='PASS'
2021-07-17 00:13:26,157 root DEBUG autoptsclient_common.py   291   error_code                : CallbackThread.error_code
2021-07-17 00:13:26,157 root DEBUG autoptsclient_common.py   305   cleanup                   : CallbackThread.cleanup
2021-07-17 00:13:27,175 root DEBUG testcase.py               762   post_run                  : post_run GATT GATT/SR/GAR/BI-06-C 
2021-07-17 00:13:27,175 root DEBUG testcase.py               242   start                     : Starting test function: class=<class 'ptsprojects.testcase.TestFuncCleanUp'>, func=<bound method Stack.cleanup of <ptsprojects.stack.Stack object at 0x000001E2079F5D60>> start_wid=None stop_wid=None post_wid=None skip_call=None call_count=1 args=() kwds={}
2021-07-17 00:13:27,175 root DEBUG testcase.py               254   start                     : Test function parameters: args=(), kwds={}
2021-07-17 00:13:27,175 root DEBUG autoptsclient_common.py   300   clear_pending_responses   : CallbackThread.clear_pending_responses
2021-07-17 00:13:27,175 root DEBUG autoptsclient_common.py   300   clear_pending_responses   : CallbackThread.clear_pending_responses
2021-07-17 00:13:27,175 root DEBUG testcase.py               242   start                     : Starting test function: class=<class 'ptsprojects.testcase.TestFuncCleanUp'>, func=<bound method ZephyrCtl.stop of <ptsprojects.zephyr.iutctl.ZephyrCtl object at 0x000001E207E72CA0>> start_wid=None stop_wid=None post_wid=None skip_call=None call_count=1 args=() kwds={}
2021-07-17 00:13:27,175 root DEBUG testcase.py               254   start                     : Test function parameters: args=(), kwds={}
2021-07-17 00:13:27,175 root DEBUG iutctl.py                 240   stop                      : <class 'ptsprojects.zephyr.iutctl.ZephyrCtl'>.stop
2021-07-17 00:13:31,109 root DEBUG testcase.py               787   post_run                  : post_run, cleanup running pre test case script
2021-07-17 00:13:31,109 root DEBUG testcase.py               797   post_run                  : post_run, run post test case script
2021-07-17 00:13:31,162 root DEBUG autoptsclient_common.py   834   run_test_case_thread_entry : Done TestCase wrapper GATT GATT/SR/GAR/BI-06-C
