2024-04-26 23:35:53,121 LT1-thread root DEBUG client.py                 946   _run_test_case            : Starting TestCase _run_test_case L2CAP L2CAP/ECFC/BV-38-C
2024-04-26 23:35:53,122 LT1-thread root DEBUG testcase.py               712   pre_run                   : pre_run L2CAP L2CAP/ECFC/BV-38-C
2024-04-26 23:35:53,122 LT1-thread root DEBUG testcase.py               714   pre_run                   : About to run test case L2CAP L2CAP/ECFC/BV-38-C with commands:
2024-04-26 23:35:53,122 LT1-thread root DEBUG testcase.py               717   pre_run                   : 0) class=<class 'autopts.ptsprojects.testcase.TestFunc'>, func=<bound method Stack.core_init of <autopts.ptsprojects.stack.stack.Stack object at 0x000001638D4BA1F0>> start_wid=None stop_wid=None post_wid=None skip_call=None call_count=0 args=() kwds={}
2024-04-26 23:35:53,122 LT1-thread root DEBUG testcase.py               717   pre_run                   : 1) class=<class 'autopts.ptsprojects.testcase.TestFunc'>, func=<bound method ZephyrCtl.hw_reset of <autopts.ptsprojects.zephyr.iutctl.ZephyrCtl object at 0x000001638D3A1B50>> start_wid=None stop_wid=None post_wid=None skip_call=None call_count=0 args=() kwds={}
2024-04-26 23:35:53,122 LT1-thread root DEBUG testcase.py               717   pre_run                   : 2) class=<class 'autopts.ptsprojects.testcase.TestFunc'>, func=<bound method ZephyrCtl.start of <autopts.ptsprojects.zephyr.iutctl.ZephyrCtl object at 0x000001638D3A1B50>> start_wid=None stop_wid=None post_wid=None skip_call=None call_count=0 args=(<autopts.ptsprojects.zephyr.ztestcase.ZTestCase object at 0x000001638D8B8040>,) kwds={}
2024-04-26 23:35:53,122 LT1-thread root DEBUG testcase.py               717   pre_run                   : 3) class=<class 'autopts.ptsprojects.testcase.TestFunc'>, func=<bound method ZephyrCtl.hw_reset of <autopts.ptsprojects.zephyr.iutctl.ZephyrCtl object at 0x000001638D3A1B50>> start_wid=None stop_wid=None post_wid=None skip_call=None call_count=0 args=() kwds={}
2024-04-26 23:35:53,123 LT1-thread root DEBUG testcase.py               717   pre_run                   : 4) class=<class 'autopts.ptsprojects.testcase.TestFunc'>, func=<bound method ZephyrCtl.wait_iut_ready_event of <autopts.ptsprojects.zephyr.iutctl.ZephyrCtl object at 0x000001638D3A1B50>> start_wid=None stop_wid=None post_wid=None skip_call=None call_count=0 args=(False,) kwds={}
2024-04-26 23:35:53,123 LT1-thread root DEBUG testcase.py               717   pre_run                   : 5) class=<class 'autopts.ptsprojects.testcase.TestFunc'>, func=<function core_reg_svc_gap at 0x000001638BAA9D30> start_wid=None stop_wid=None post_wid=None skip_call=None call_count=86 args=() kwds={}
2024-04-26 23:35:53,123 LT1-thread root DEBUG testcase.py               717   pre_run                   : 6) class=<class 'autopts.ptsprojects.testcase.TestFunc'>, func=<function core_reg_svc_l2cap at 0x000001638BAA9F70> start_wid=None stop_wid=None post_wid=None skip_call=None call_count=86 args=() kwds={}
2024-04-26 23:35:53,123 LT1-thread root DEBUG testcase.py               717   pre_run                   : 7) class=<class 'autopts.ptsprojects.testcase.TestFunc'>, func=<function gap_read_ctrl_info at 0x000001638BADCD30> start_wid=None stop_wid=None post_wid=None skip_call=None call_count=86 args=() kwds={}
2024-04-26 23:35:53,123 LT1-thread root DEBUG testcase.py               717   pre_run                   : 8) class=<class 'autopts.ptsprojects.testcase.TestFunc'>, func=<function test_cases.<locals>.<lambda> at 0x000001638D5A3E50> start_wid=None stop_wid=None post_wid=None skip_call=None call_count=86 args=() kwds={}
2024-04-26 23:35:53,123 LT1-thread root DEBUG testcase.py               717   pre_run                   : 9) class=<class 'autopts.ptsprojects.testcase.TestFunc'>, func=<function test_cases.<locals>.<lambda> at 0x000001638D5A3D30> start_wid=None stop_wid=None post_wid=None skip_call=None call_count=86 args=() kwds={}
2024-04-26 23:35:53,123 LT1-thread root DEBUG testcase.py               717   pre_run                   : 10) class=<class 'autopts.ptsprojects.testcase.TestFunc'>, func=<function test_cases.<locals>.<lambda> at 0x000001638D6D23A0> start_wid=None stop_wid=None post_wid=None skip_call=None call_count=86 args=() kwds={}
2024-04-26 23:35:53,123 LT1-thread root DEBUG testcase.py               717   pre_run                   : 11) class=<class 'autopts.ptsprojects.testcase.TestFunc'>, func=<function test_cases.<locals>.<lambda> at 0x000001638D6D24C0> start_wid=None stop_wid=None post_wid=None skip_call=None call_count=86 args=() kwds={}
2024-04-26 23:35:53,123 LT1-thread root DEBUG testcase.py               717   pre_run                   : 12) class=<class 'autopts.ptsprojects.testcase.TestFunc'>, func=<function test_cases.<locals>.<lambda> at 0x000001638D6D2550> start_wid=None stop_wid=None post_wid=None skip_call=None call_count=86 args=() kwds={}
2024-04-26 23:35:53,123 LT1-thread root DEBUG testcase.py               717   pre_run                   : 13) class=<class 'autopts.ptsprojects.testcase.TestFunc'>, func=<function test_cases.<locals>.<lambda> at 0x000001638D6D25E0> start_wid=None stop_wid=None post_wid=None skip_call=None call_count=86 args=() kwds={}
2024-04-26 23:35:53,123 LT1-thread root DEBUG testcase.py               717   pre_run                   : 14) class=<class 'autopts.ptsprojects.testcase.TestFunc'>, func=<function test_cases.<locals>.<lambda> at 0x000001638D6D2670> start_wid=None stop_wid=None post_wid=None skip_call=None call_count=86 args=() kwds={}
2024-04-26 23:35:53,123 LT1-thread root DEBUG testcase.py               717   pre_run                   : 15) class=<class 'autopts.ptsprojects.testcase.TestFunc'>, func=<function test_cases.<locals>.<lambda> at 0x000001638D6D2700> start_wid=None stop_wid=None post_wid=None skip_call=None call_count=86 args=() kwds={}
2024-04-26 23:35:53,123 LT1-thread root DEBUG testcase.py               717   pre_run                   : 16) class=<class 'autopts.ptsprojects.testcase.TestFunc'>, func=<function test_cases.<locals>.<lambda> at 0x000001638D6D2790> start_wid=None stop_wid=None post_wid=None skip_call=None call_count=86 args=() kwds={}
2024-04-26 23:35:53,124 LT1-thread root DEBUG testcase.py               717   pre_run                   : 17) class=<class 'autopts.ptsprojects.testcase.TestFunc'>, func=<function test_cases.<locals>.<lambda> at 0x000001638D6D2820> start_wid=None stop_wid=None post_wid=None skip_call=None call_count=86 args=() kwds={}
2024-04-26 23:35:53,124 LT1-thread root DEBUG testcase.py               717   pre_run                   : 18) class=<class 'autopts.ptsprojects.testcase.TestFunc'>, func=<function test_cases.<locals>.<lambda> at 0x000001638D6D28B0> start_wid=None stop_wid=None post_wid=None skip_call=None call_count=86 args=() kwds={}
2024-04-26 23:35:53,124 LT1-thread root DEBUG testcase.py               717   pre_run                   : 19) class=<class 'autopts.ptsprojects.testcase.TestFunc'>, func=<function test_cases.<locals>.<lambda> at 0x000001638D6D2940> start_wid=None stop_wid=None post_wid=None skip_call=None call_count=86 args=() kwds={}
2024-04-26 23:35:53,124 LT1-thread root DEBUG testcase.py               717   pre_run                   : 20) class=<class 'autopts.ptsprojects.testcase.TestFunc'>, func=<function test_cases.<locals>.<lambda> at 0x000001638D6D29D0> start_wid=None stop_wid=None post_wid=None skip_call=None call_count=86 args=() kwds={}
2024-04-26 23:35:53,124 LT1-thread root DEBUG testcase.py               717   pre_run                   : 21) class=<class 'autopts.ptsprojects.testcase.TestFunc'>, func=<function test_cases.<locals>.<lambda> at 0x000001638D6D2A60> start_wid=None stop_wid=None post_wid=None skip_call=None call_count=86 args=() kwds={}
2024-04-26 23:35:53,124 LT1-thread root DEBUG testcase.py               717   pre_run                   : 22) class=<class 'autopts.ptsprojects.testcase.TestFunc'>, func=<function test_cases.<locals>.<lambda> at 0x000001638D6D2AF0> start_wid=None stop_wid=None post_wid=None skip_call=None call_count=86 args=() kwds={}
2024-04-26 23:35:53,124 LT1-thread root DEBUG testcase.py               717   pre_run                   : 23) class=<class 'autopts.ptsprojects.testcase.TestFunc'>, func=<function set_pts_addr at 0x000001638BAA9940> start_wid=None stop_wid=None post_wid=None skip_call=None call_count=86 args=('C0:07:E8:60:15:B9', 0) kwds={}
2024-04-26 23:35:53,124 LT1-thread root DEBUG testcase.py               717   pre_run                   : 24) class=<class 'autopts.ptsprojects.testcase.TestFunc'>, func=<bound method Stack.l2cap_init of <autopts.ptsprojects.stack.stack.Stack object at 0x000001638D4BA1F0>> start_wid=None stop_wid=None post_wid=None skip_call=None call_count=76 args=(128, 120) kwds={}
2024-04-26 23:35:53,124 LT1-thread root DEBUG testcase.py               717   pre_run                   : 25) class=<class 'autopts.ptsprojects.testcase.TestFunc'>, func=<function l2cap_le_listen at 0x000001638BAFA4C0> start_wid=None stop_wid=None post_wid=None skip_call=None call_count=76 args=(128, 120, 0) kwds={}
2024-04-26 23:35:53,124 LT1-thread root DEBUG testcase.py               717   pre_run                   : 26) class=<class 'autopts.ptsprojects.testcase.TestFuncCleanUp'>, func=<bound method Stack.cleanup of <autopts.ptsprojects.stack.stack.Stack object at 0x000001638D4BA1F0>> start_wid=None stop_wid=None post_wid=None skip_call=None call_count=0 args=() kwds={}
2024-04-26 23:35:53,124 LT1-thread root DEBUG testcase.py               717   pre_run                   : 27) class=<class 'autopts.ptsprojects.testcase.TestFuncCleanUp'>, func=<bound method ZephyrCtl.stop of <autopts.ptsprojects.zephyr.iutctl.ZephyrCtl object at 0x000001638D3A1B50>> start_wid=None stop_wid=None post_wid=None skip_call=None call_count=0 args=() kwds={}
2024-04-26 23:35:53,124 LT1-thread root DEBUG testcase.py               724   pre_run                   : pre_run, run pre test case script
2024-04-26 23:35:53,128 LT1-thread root DEBUG testcase.py               253   start                     : Starting test function: class=<class 'autopts.ptsprojects.testcase.TestFunc'>, func=<bound method Stack.core_init of <autopts.ptsprojects.stack.stack.Stack object at 0x000001638D4BA1F0>> start_wid=None stop_wid=None post_wid=None skip_call=None call_count=1 args=() kwds={}
2024-04-26 23:35:53,128 LT1-thread root DEBUG testcase.py               265   start                     : Test function parameters: args=(), kwds={}
2024-04-26 23:35:53,128 LT1-thread root DEBUG testcase.py               253   start                     : Starting test function: class=<class 'autopts.ptsprojects.testcase.TestFunc'>, func=<bound method ZephyrCtl.hw_reset of <autopts.ptsprojects.zephyr.iutctl.ZephyrCtl object at 0x000001638D3A1B50>> start_wid=None stop_wid=None post_wid=None skip_call=None call_count=1 args=() kwds={}
2024-04-26 23:35:53,128 LT1-thread root DEBUG testcase.py               265   start                     : Test function parameters: args=(), kwds={}
2024-04-26 23:35:53,128 LT1-thread root DEBUG testcase.py               253   start                     : Starting test function: class=<class 'autopts.ptsprojects.testcase.TestFunc'>, func=<bound method ZephyrCtl.start of <autopts.ptsprojects.zephyr.iutctl.ZephyrCtl object at 0x000001638D3A1B50>> start_wid=None stop_wid=None post_wid=None skip_call=None call_count=1 args=(<autopts.ptsprojects.zephyr.ztestcase.ZTestCase object at 0x000001638D8B8040>,) kwds={}
2024-04-26 23:35:53,128 LT1-thread root DEBUG testcase.py               265   start                     : Test function parameters: args=(<autopts.ptsprojects.zephyr.ztestcase.ZTestCase object at 0x000001638D8B8040>,), kwds={}
2024-04-26 23:35:53,129 LT1-thread root DEBUG iutctl.py                 104   start                     : <class 'autopts.ptsprojects.zephyr.iutctl.ZephyrCtl'>.start
2024-04-26 23:35:53,129 LT1-thread root DEBUG iutctl.py                 169   flush_serial              : <class 'autopts.ptsprojects.zephyr.iutctl.ZephyrCtl'>.flush_serial
2024-04-26 23:35:54,197 LT1-thread root DEBUG iutctl.py                 134   start                     : Starting socat process: socat.exe -x -v tcp:192.168.9.43:56086,retry=100,interval=1 /dev/ttyS4,raw,b115200
2024-04-26 23:35:54,201 LT1-thread root DEBUG iutctl_common.py          293   accept                    : accept
2024-04-26 23:35:54,220 BTPWorkerThread-11240 root DEBUG iutctl_common.py          198   _rx_task                  : BTPWorkerThread-11240 started
2024-04-26 23:35:54,220 LT1-thread root DEBUG testcase.py               253   start                     : Starting test function: class=<class 'autopts.ptsprojects.testcase.TestFunc'>, func=<bound method ZephyrCtl.hw_reset of <autopts.ptsprojects.zephyr.iutctl.ZephyrCtl object at 0x000001638D3A1B50>> start_wid=None stop_wid=None post_wid=None skip_call=None call_count=1 args=() kwds={}
2024-04-26 23:35:54,220 LT1-thread root DEBUG testcase.py               265   start                     : Test function parameters: args=(), kwds={}
2024-04-26 23:35:54,221 LT1-thread root DEBUG testcase.py               253   start                     : Starting test function: class=<class 'autopts.ptsprojects.testcase.TestFunc'>, func=<bound method ZephyrCtl.wait_iut_ready_event of <autopts.ptsprojects.zephyr.iutctl.ZephyrCtl object at 0x000001638D3A1B50>> start_wid=None stop_wid=None post_wid=None skip_call=None call_count=1 args=(False,) kwds={}
2024-04-26 23:35:54,221 LT1-thread root DEBUG testcase.py               265   start                     : Test function parameters: args=(False,), kwds={}
2024-04-26 23:35:54,221 LT1-thread root DEBUG iutctl.py                 230   wait_iut_ready_event      : IUT ready event received OK
2024-04-26 23:35:54,221 LT1-thread root DEBUG testcase.py               253   start                     : Starting test function: class=<class 'autopts.ptsprojects.testcase.TestFunc'>, func=<function core_reg_svc_gap at 0x000001638BAA9D30> start_wid=None stop_wid=None post_wid=None skip_call=None call_count=87 args=() kwds={}
2024-04-26 23:35:54,221 LT1-thread root DEBUG testcase.py               265   start                     : Test function parameters: args=(), kwds={}
2024-04-26 23:35:54,221 LT1-thread root DEBUG btp.py                    458   core_reg_svc_gap          : core_reg_svc_gap
2024-04-26 23:35:54,222 LT1-thread root DEBUG iutctl_common.py          106   send                      : send, 0 3 255 '1'
2024-04-26 23:35:54,222 LT1-thread root DEBUG iutctl_common.py          111   send                      : sending frame '0003ff010001'
2024-04-26 23:35:54,222 LT1-thread root DEBUG btp.py                    707   core_reg_svc_rsp_succ     : core_reg_svc_rsp_succ
2024-04-26 23:35:54,222 LT1-thread root DEBUG iutctl_common.py          230   read                      : read
2024-04-26 23:35:54,280 BTPWorkerThread-11240 root DEBUG iutctl_common.py          76    read                      : Read 5 bytes
2024-04-26 23:35:54,312 BTPWorkerThread-11240 root DEBUG iutctl_common.py          83    read                      : Received: hdr: Header(svc_id=0, op=3, ctrl_index=255, data_len=0) bytearray(b'\x00\x03\xff\x00\x00')
2024-04-26 23:35:54,328 BTPWorkerThread-11240 root DEBUG iutctl_common.py          99    read                      : Received data: {''}, bytearray(b'')
2024-04-26 23:35:54,344 LT1-thread root DEBUG btp.py                    718   core_reg_svc_rsp_succ     : received Header(svc_id=0, op=3, ctrl_index=255, data_len=0) (b'',)
2024-04-26 23:35:54,344 LT1-thread root DEBUG btp.py                    719   core_reg_svc_rsp_succ     : expected ((0, 3, 255, 0), (b'',))
2024-04-26 23:35:54,344 LT1-thread root DEBUG btp.py                    724   core_reg_svc_rsp_succ     : response is valid
2024-04-26 23:35:54,344 LT1-thread root DEBUG testcase.py               253   start                     : Starting test function: class=<class 'autopts.ptsprojects.testcase.TestFunc'>, func=<function core_reg_svc_l2cap at 0x000001638BAA9F70> start_wid=None stop_wid=None post_wid=None skip_call=None call_count=87 args=() kwds={}
2024-04-26 23:35:54,344 LT1-thread root DEBUG testcase.py               265   start                     : Test function parameters: args=(), kwds={}
2024-04-26 23:35:54,344 LT1-thread root DEBUG btp.py                    492   core_reg_svc_l2cap        : core_reg_svc_l2cap
2024-04-26 23:35:54,344 LT1-thread root DEBUG iutctl_common.py          106   send                      : send, 0 3 255 '3'
2024-04-26 23:35:54,344 LT1-thread root DEBUG iutctl_common.py          111   send                      : sending frame '0003ff010003'
2024-04-26 23:35:54,345 LT1-thread root DEBUG btp.py                    707   core_reg_svc_rsp_succ     : core_reg_svc_rsp_succ
2024-04-26 23:35:54,345 LT1-thread root DEBUG iutctl_common.py          230   read                      : read
2024-04-26 23:35:54,424 BTPWorkerThread-11240 root DEBUG iutctl_common.py          76    read                      : Read 5 bytes
2024-04-26 23:35:54,440 BTPWorkerThread-11240 root DEBUG iutctl_common.py          83    read                      : Received: hdr: Header(svc_id=0, op=3, ctrl_index=255, data_len=0) bytearray(b'\x00\x03\xff\x00\x00')
2024-04-26 23:35:54,455 BTPWorkerThread-11240 root DEBUG iutctl_common.py          99    read                      : Received data: {''}, bytearray(b'')
2024-04-26 23:35:54,455 LT1-thread root DEBUG btp.py                    718   core_reg_svc_rsp_succ     : received Header(svc_id=0, op=3, ctrl_index=255, data_len=0) (b'',)
2024-04-26 23:35:54,455 LT1-thread root DEBUG btp.py                    719   core_reg_svc_rsp_succ     : expected ((0, 3, 255, 0), (b'',))
2024-04-26 23:35:54,455 LT1-thread root DEBUG btp.py                    724   core_reg_svc_rsp_succ     : response is valid
2024-04-26 23:35:54,455 LT1-thread root DEBUG testcase.py               253   start                     : Starting test function: class=<class 'autopts.ptsprojects.testcase.TestFunc'>, func=<function gap_read_ctrl_info at 0x000001638BADCD30> start_wid=None stop_wid=None post_wid=None skip_call=None call_count=87 args=() kwds={}
2024-04-26 23:35:54,455 LT1-thread root DEBUG testcase.py               265   start                     : Test function parameters: args=(), kwds={}
2024-04-26 23:35:54,455 LT1-thread root DEBUG gap.py                    937   gap_read_ctrl_info        : gap_read_ctrl_info
2024-04-26 23:35:54,455 LT1-thread root DEBUG iutctl_common.py          106   send                      : send, 1 3 0 ''
2024-04-26 23:35:54,455 LT1-thread root DEBUG iutctl_common.py          111   send                      : sending frame '0103000000'
2024-04-26 23:35:54,456 LT1-thread root DEBUG iutctl_common.py          230   read                      : read
2024-04-26 23:35:54,535 BTPWorkerThread-11240 root DEBUG iutctl_common.py          76    read                      : Read 5 bytes
2024-04-26 23:35:54,551 BTPWorkerThread-11240 root DEBUG iutctl_common.py          83    read                      : Received: hdr: Header(svc_id=1, op=3, ctrl_index=0, data_len=277) bytearray(b'\x01\x03\x00\x15\x01')
2024-04-26 23:35:54,567 BTPWorkerThread-11240 root DEBUG iutctl_common.py          91    read                      : Read 277 bytes data
2024-04-26 23:35:54,583 BTPWorkerThread-11240 root DEBUG iutctl_common.py          99    read                      : Received data: {'c8 04 09 c0 ec d7 13 06 02 00 13 82 00 00 00 00 00 62 74 70 5f 74 65 73 74 65 72 00 00 00 00 00 00 00 00 00 00 00 00 00 00 00 00 00 00 00 00 00 00 00 00 00 00 00 00 00 00 00 00 00 00 00 00 00 00 00 00 00 00 00 00 00 00 00 00 00 00 00 00 00 00 00 00 00 00 00 00 00 00 00 00 00 00 00 00 00 00 00 00 00 00 00 00 00 00 00 00 00 00 00 00 00 00 00 00 00 00 00 00 00 00 00 00 00 00 00 00 00 00 00 00 00 00 00 00 00 00 00 00 00 00 00 00 00 00 00 00 00 00 00 00 00 00 00 00 00 00 00 00 00 00 00 00 00 00 00 00 00 00 00 00 00 00 00 00 00 00 00 00 00 00 00 00 00 00 00 00 00 00 00 00 00 00 00 00 00 00 00 00 00 00 00 00 00 00 00 00 00 00 00 00 00 00 00 00 00 00 00 00 00 00 00 00 00 00 00 00 00 00 00 00 00 00 00 00 00 00 00 00 00 00 00 00 00 00 00 00 00 00 00 00 00 00 00 00 00 00 00 00 00 00 00 00 00 00 00 00 00 00 00 00 00 00 00 00 00 00'}, bytearray(b'\xc8\x04\t\xc0\xec\xd7\x13\x06\x02\x00\x13\x82\x00\x00\x00\x00\x00btp_tester\x00\x00\x00\x00\x00\x00\x00\x00\x00\x00\x00\x00\x00\x00\x00\x00\x00\x00\x00\x00\x00\x00\x00\x00\x00\x00\x00\x00\x00\x00\x00\x00\x00\x00\x00\x00\x00\x00\x00\x00\x00\x00\x00\x00\x00\x00\x00\x00\x00\x00\x00\x00\x00\x00\x00\x00\x00\x00\x00\x00\x00\x00\x00\x00\x00\x00\x00\x00\x00\x00\x00\x00\x00\x00\x00\x00\x00\x00\x00\x00\x00\x00\x00\x00\x00\x00\x00\x00\x00\x00\x00\x00\x00\x00\x00\x00\x00\x00\x00\x00\x00\x00\x00\x00\x00\x00\x00\x00\x00\x00\x00\x00\x00\x00\x00\x00\x00\x00\x00\x00\x00\x00\x00\x00\x00\x00\x00\x00\x00\x00\x00\x00\x00\x00\x00\x00\x00\x00\x00\x00\x00\x00\x00\x00\x00\x00\x00\x00\x00\x00\x00\x00\x00\x00\x00\x00\x00\x00\x00\x00\x00\x00\x00\x00\x00\x00\x00\x00\x00\x00\x00\x00\x00\x00\x00\x00\x00\x00\x00\x00\x00\x00\x00\x00\x00\x00\x00\x00\x00\x00\x00\x00\x00\x00\x00\x00\x00\x00\x00\x00\x00\x00\x00\x00\x00\x00\x00\x00\x00\x00\x00\x00\x00\x00\x00\x00\x00\x00\x00\x00\x00\x00\x00\x00\x00\x00\x00\x00\x00\x00\x00\x00\x00\x00\x00\x00\x00\x00\x00\x00\x00\x00\x00\x00\x00\x00\x00\x00\x00\x00')
2024-04-26 23:35:54,583 LT1-thread root DEBUG gap.py                    944   gap_read_ctrl_info        : received Header(svc_id=1, op=3, ctrl_index=0, data_len=277) (b'\xc8\x04\t\xc0\xec\xd7\x13\x06\x02\x00\x13\x82\x00\x00\x00\x00\x00btp_tester\x00\x00\x00\x00\x00\x00\x00\x00\x00\x00\x00\x00\x00\x00\x00\x00\x00\x00\x00\x00\x00\x00\x00\x00\x00\x00\x00\x00\x00\x00\x00\x00\x00\x00\x00\x00\x00\x00\x00\x00\x00\x00\x00\x00\x00\x00\x00\x00\x00\x00\x00\x00\x00\x00\x00\x00\x00\x00\x00\x00\x00\x00\x00\x00\x00\x00\x00\x00\x00\x00\x00\x00\x00\x00\x00\x00\x00\x00\x00\x00\x00\x00\x00\x00\x00\x00\x00\x00\x00\x00\x00\x00\x00\x00\x00\x00\x00\x00\x00\x00\x00\x00\x00\x00\x00\x00\x00\x00\x00\x00\x00\x00\x00\x00\x00\x00\x00\x00\x00\x00\x00\x00\x00\x00\x00\x00\x00\x00\x00\x00\x00\x00\x00\x00\x00\x00\x00\x00\x00\x00\x00\x00\x00\x00\x00\x00\x00\x00\x00\x00\x00\x00\x00\x00\x00\x00\x00\x00\x00\x00\x00\x00\x00\x00\x00\x00\x00\x00\x00\x00\x00\x00\x00\x00\x00\x00\x00\x00\x00\x00\x00\x00\x00\x00\x00\x00\x00\x00\x00\x00\x00\x00\x00\x00\x00\x00\x00\x00\x00\x00\x00\x00\x00\x00\x00\x00\x00\x00\x00\x00\x00\x00\x00\x00\x00\x00\x00\x00\x00\x00\x00\x00\x00\x00\x00\x00\x00\x00\x00\x00\x00\x00\x00\x00\x00\x00\x00\x00\x00\x00\x00\x00\x00\x00\x00\x00\x00\x00\x00\x00',)
2024-04-26 23:35:54,583 LT1-thread root DEBUG gap.py                    965   gap_read_ctrl_info        : IUT address 'd7ecc00904c8' 'random'
2024-04-26 23:35:54,583 LT1-thread root DEBUG gap.py                    400   __gap_current_settings_update : __gap_current_settings_update 33299
2024-04-26 23:35:54,583 LT1-thread root DEBUG testcase.py               253   start                     : Starting test function: class=<class 'autopts.ptsprojects.testcase.TestFunc'>, func=<function test_cases.<locals>.<lambda> at 0x000001638D5A3E50> start_wid=None stop_wid=None post_wid=None skip_call=None call_count=87 args=() kwds={}
2024-04-26 23:35:54,583 LT1-thread root DEBUG testcase.py               265   start                     : Test function parameters: args=(), kwds={}
2024-04-26 23:35:54,588 LT1-thread root DEBUG testcase.py               253   start                     : Starting test function: class=<class 'autopts.ptsprojects.testcase.TestFunc'>, func=<function test_cases.<locals>.<lambda> at 0x000001638D5A3D30> start_wid=None stop_wid=None post_wid=None skip_call=None call_count=87 args=() kwds={}
2024-04-26 23:35:54,588 LT1-thread root DEBUG testcase.py               265   start                     : Test function parameters: args=(), kwds={}
2024-04-26 23:35:54,592 LT1-thread root DEBUG testcase.py               253   start                     : Starting test function: class=<class 'autopts.ptsprojects.testcase.TestFunc'>, func=<function test_cases.<locals>.<lambda> at 0x000001638D6D23A0> start_wid=None stop_wid=None post_wid=None skip_call=None call_count=87 args=() kwds={}
2024-04-26 23:35:54,592 LT1-thread root DEBUG testcase.py               265   start                     : Test function parameters: args=(), kwds={}
2024-04-26 23:35:54,597 LT1-thread root DEBUG testcase.py               253   start                     : Starting test function: class=<class 'autopts.ptsprojects.testcase.TestFunc'>, func=<function test_cases.<locals>.<lambda> at 0x000001638D6D24C0> start_wid=None stop_wid=None post_wid=None skip_call=None call_count=87 args=() kwds={}
2024-04-26 23:35:54,597 LT1-thread root DEBUG testcase.py               265   start                     : Test function parameters: args=(), kwds={}
2024-04-26 23:35:54,601 LT1-thread root DEBUG testcase.py               253   start                     : Starting test function: class=<class 'autopts.ptsprojects.testcase.TestFunc'>, func=<function test_cases.<locals>.<lambda> at 0x000001638D6D2550> start_wid=None stop_wid=None post_wid=None skip_call=None call_count=87 args=() kwds={}
2024-04-26 23:35:54,601 LT1-thread root DEBUG testcase.py               265   start                     : Test function parameters: args=(), kwds={}
2024-04-26 23:35:54,605 LT1-thread root DEBUG testcase.py               253   start                     : Starting test function: class=<class 'autopts.ptsprojects.testcase.TestFunc'>, func=<function test_cases.<locals>.<lambda> at 0x000001638D6D25E0> start_wid=None stop_wid=None post_wid=None skip_call=None call_count=87 args=() kwds={}
2024-04-26 23:35:54,605 LT1-thread root DEBUG testcase.py               265   start                     : Test function parameters: args=(), kwds={}
2024-04-26 23:35:54,609 LT1-thread root DEBUG testcase.py               253   start                     : Starting test function: class=<class 'autopts.ptsprojects.testcase.TestFunc'>, func=<function test_cases.<locals>.<lambda> at 0x000001638D6D2670> start_wid=None stop_wid=None post_wid=None skip_call=None call_count=87 args=() kwds={}
2024-04-26 23:35:54,609 LT1-thread root DEBUG testcase.py               265   start                     : Test function parameters: args=(), kwds={}
2024-04-26 23:35:54,613 LT1-thread root DEBUG testcase.py               253   start                     : Starting test function: class=<class 'autopts.ptsprojects.testcase.TestFunc'>, func=<function test_cases.<locals>.<lambda> at 0x000001638D6D2700> start_wid=None stop_wid=None post_wid=None skip_call=None call_count=87 args=() kwds={}
2024-04-26 23:35:54,613 LT1-thread root DEBUG testcase.py               265   start                     : Test function parameters: args=(), kwds={}
2024-04-26 23:35:54,618 LT1-thread root DEBUG testcase.py               253   start                     : Starting test function: class=<class 'autopts.ptsprojects.testcase.TestFunc'>, func=<function test_cases.<locals>.<lambda> at 0x000001638D6D2790> start_wid=None stop_wid=None post_wid=None skip_call=None call_count=87 args=() kwds={}
2024-04-26 23:35:54,618 LT1-thread root DEBUG testcase.py               265   start                     : Test function parameters: args=(), kwds={}
2024-04-26 23:35:54,622 LT1-thread root DEBUG testcase.py               253   start                     : Starting test function: class=<class 'autopts.ptsprojects.testcase.TestFunc'>, func=<function test_cases.<locals>.<lambda> at 0x000001638D6D2820> start_wid=None stop_wid=None post_wid=None skip_call=None call_count=87 args=() kwds={}
2024-04-26 23:35:54,622 LT1-thread root DEBUG testcase.py               265   start                     : Test function parameters: args=(), kwds={}
2024-04-26 23:35:54,626 LT1-thread root DEBUG testcase.py               253   start                     : Starting test function: class=<class 'autopts.ptsprojects.testcase.TestFunc'>, func=<function test_cases.<locals>.<lambda> at 0x000001638D6D28B0> start_wid=None stop_wid=None post_wid=None skip_call=None call_count=87 args=() kwds={}
2024-04-26 23:35:54,626 LT1-thread root DEBUG testcase.py               265   start                     : Test function parameters: args=(), kwds={}
2024-04-26 23:35:54,630 LT1-thread root DEBUG testcase.py               253   start                     : Starting test function: class=<class 'autopts.ptsprojects.testcase.TestFunc'>, func=<function test_cases.<locals>.<lambda> at 0x000001638D6D2940> start_wid=None stop_wid=None post_wid=None skip_call=None call_count=87 args=() kwds={}
2024-04-26 23:35:54,630 LT1-thread root DEBUG testcase.py               265   start                     : Test function parameters: args=(), kwds={}
2024-04-26 23:35:54,634 LT1-thread root DEBUG testcase.py               253   start                     : Starting test function: class=<class 'autopts.ptsprojects.testcase.TestFunc'>, func=<function test_cases.<locals>.<lambda> at 0x000001638D6D29D0> start_wid=None stop_wid=None post_wid=None skip_call=None call_count=87 args=() kwds={}
2024-04-26 23:35:54,634 LT1-thread root DEBUG testcase.py               265   start                     : Test function parameters: args=(), kwds={}
2024-04-26 23:35:54,638 LT1-thread root DEBUG testcase.py               253   start                     : Starting test function: class=<class 'autopts.ptsprojects.testcase.TestFunc'>, func=<function test_cases.<locals>.<lambda> at 0x000001638D6D2A60> start_wid=None stop_wid=None post_wid=None skip_call=None call_count=87 args=() kwds={}
2024-04-26 23:35:54,639 LT1-thread root DEBUG testcase.py               265   start                     : Test function parameters: args=(), kwds={}
2024-04-26 23:35:54,643 LT1-thread root DEBUG testcase.py               253   start                     : Starting test function: class=<class 'autopts.ptsprojects.testcase.TestFunc'>, func=<function test_cases.<locals>.<lambda> at 0x000001638D6D2AF0> start_wid=None stop_wid=None post_wid=None skip_call=None call_count=87 args=() kwds={}
2024-04-26 23:35:54,643 LT1-thread root DEBUG testcase.py               265   start                     : Test function parameters: args=(), kwds={}
2024-04-26 23:35:54,655 LT1-thread root DEBUG testcase.py               253   start                     : Starting test function: class=<class 'autopts.ptsprojects.testcase.TestFunc'>, func=<function set_pts_addr at 0x000001638BAA9940> start_wid=None stop_wid=None post_wid=None skip_call=None call_count=87 args=('C0:07:E8:60:15:B9', 0) kwds={}
2024-04-26 23:35:54,655 LT1-thread root DEBUG testcase.py               265   start                     : Test function parameters: args=('C0:07:E8:60:15:B9', 0), kwds={}
2024-04-26 23:35:54,655 LT1-thread root DEBUG testcase.py               253   start                     : Starting test function: class=<class 'autopts.ptsprojects.testcase.TestFunc'>, func=<bound method Stack.l2cap_init of <autopts.ptsprojects.stack.stack.Stack object at 0x000001638D4BA1F0>> start_wid=None stop_wid=None post_wid=None skip_call=None call_count=77 args=(128, 120) kwds={}
2024-04-26 23:35:54,655 LT1-thread root DEBUG testcase.py               265   start                     : Test function parameters: args=(128, 120), kwds={}
2024-04-26 23:35:54,655 LT1-thread root DEBUG testcase.py               253   start                     : Starting test function: class=<class 'autopts.ptsprojects.testcase.TestFunc'>, func=<function l2cap_le_listen at 0x000001638BAFA4C0> start_wid=None stop_wid=None post_wid=None skip_call=None call_count=77 args=(128, 120, 0) kwds={}
2024-04-26 23:35:54,655 LT1-thread root DEBUG testcase.py               265   start                     : Test function parameters: args=(128, 120, 0), kwds={}
2024-04-26 23:35:54,655 LT1-thread root DEBUG l2cap.py                  155   l2cap_listen              : l2cap_le_listen 128 1 120 0
2024-04-26 23:35:54,655 LT1-thread root DEBUG iutctl_common.py          106   send                      : send, 3 5 0 "bytearray(b'\\x80\\x00\\x01x\\x00\\x00\\x00')"
2024-04-26 23:35:54,655 LT1-thread root DEBUG iutctl_common.py          111   send                      : sending frame '030500070080000178000000'
2024-04-26 23:35:54,655 LT1-thread root DEBUG l2cap.py                  50    l2cap_command_rsp_succ    : l2cap_command_rsp_succ
2024-04-26 23:35:54,655 LT1-thread root DEBUG iutctl_common.py          230   read                      : read
2024-04-26 23:35:54,741 BTPWorkerThread-11240 root DEBUG iutctl_common.py          76    read                      : Read 5 bytes
2024-04-26 23:35:54,757 BTPWorkerThread-11240 root DEBUG iutctl_common.py          83    read                      : Received: hdr: Header(svc_id=3, op=5, ctrl_index=0, data_len=0) bytearray(b'\x03\x05\x00\x00\x00')
2024-04-26 23:35:54,773 BTPWorkerThread-11240 root DEBUG iutctl_common.py          99    read                      : Received data: {''}, bytearray(b'')
2024-04-26 23:35:54,789 LT1-thread root DEBUG l2cap.py                  55    l2cap_command_rsp_succ    : received Header(svc_id=3, op=5, ctrl_index=0, data_len=0) (b'',)
2024-04-26 23:35:54,790 LT1-thread root DEBUG client.py                 312   get_result                : ClientCallback.get_result run_test_case
2024-04-26 23:36:00,228 LT1-callback ClientCallback.on_implicit_send INFO client.py                 259   on_implicit_send          : 
    ********************
    BEGIN OnImplicitSend:
    project_name: L2CAP
    wid: 51
    test_case_name: L2CAP/ECFC/BV-38-C
    description: Initiate or create LE ACL connection to the PTS.
    style: MMI_Style_Ok_Cancel2 0x11141
2024-04-26 23:36:00,228 LT1-callback ClientCallback.on_implicit_send INFO client.py                 272   on_implicit_send          : Calling test cases on_implicit_send
2024-04-26 23:36:00,228 LT1-callback ClientCallback.on_implicit_send INFO client.py                 285   on_implicit_send          : 
    on_implicit_send returned response: WAIT
    END OnImplicitSend
    ********************
2024-04-26 23:36:00,858 LT1-thread root DEBUG testcase.py               671   run_wid                   : L2CAP L2CAP/ECFC/BV-38-C on_implicit_send
2024-04-26 23:36:00,859 LT1-thread root DEBUG l2cap.py                  30    l2cap_wid_hdl             : l2cap_wid_hdl, 51, Initiate or create LE ACL connection to the PTS., L2CAP/ECFC/BV-38-C
2024-04-26 23:36:00,859 LT1-thread root DEBUG gap.py                    561   gap_conn                  : gap_conn None None
2024-04-26 23:36:00,860 LT1-thread root DEBUG iutctl_common.py          106   send                      : send, 1 14 0 "bytearray(b'\\x00\\xb9\\x15`\\xe8\\x07\\xc0\\x00')"
2024-04-26 23:36:00,860 LT1-thread root DEBUG iutctl_common.py          111   send                      : sending frame '010e00080000b91560e807c000'
2024-04-26 23:36:00,861 LT1-thread root DEBUG iutctl_common.py          230   read                      : read
2024-04-26 23:36:00,937 BTPWorkerThread-11240 root DEBUG iutctl_common.py          76    read                      : Read 5 bytes
2024-04-26 23:36:00,953 BTPWorkerThread-11240 root DEBUG iutctl_common.py          83    read                      : Received: hdr: Header(svc_id=1, op=14, ctrl_index=0, data_len=0) bytearray(b'\x01\x0e\x00\x00\x00')
2024-04-26 23:36:00,969 BTPWorkerThread-11240 root DEBUG iutctl_common.py          99    read                      : Received data: {''}, bytearray(b'')
2024-04-26 23:36:01,001 LT1-thread root DEBUG testcase.py               707   run_wid                   : Sending response 'OK' to wid 51 test case L2CAP/ECFC/BV-38-C
2024-04-26 23:36:01,002 LT1-thread root DEBUG client.py                 312   get_result                : ClientCallback.get_result run_test_case
2024-04-26 23:36:01,204 BTPWorkerThread-11240 root DEBUG iutctl_common.py          76    read                      : Read 5 bytes
2024-04-26 23:36:01,205 BTPWorkerThread-11240 root DEBUG iutctl_common.py          83    read                      : Received: hdr: Header(svc_id=1, op=130, ctrl_index=0, data_len=13) bytearray(b'\x01\x82\x00\r\x00')
2024-04-26 23:36:01,205 BTPWorkerThread-11240 root DEBUG iutctl_common.py          91    read                      : Read 13 bytes data
2024-04-26 23:36:01,205 BTPWorkerThread-11240 root DEBUG iutctl_common.py          99    read                      : Received data: {'00 b9 15 60 e8 07 c0 28 00 00 00 90 01'}, bytearray(b'\x00\xb9\x15`\xe8\x07\xc0(\x00\x00\x00\x90\x01')
2024-04-26 23:36:01,206 BTPWorkerThread-11240 root DEBUG btp.py                    810   event_handler             : event_handler Header(svc_id=1, op=130, ctrl_index=0, data_len=13) (b'\x00\xb9\x15`\xe8\x07\xc0(\x00\x00\x00\x90\x01',)
2024-04-26 23:36:01,206 BTPWorkerThread-11240 root DEBUG gap.py                    171   gap_connected_ev_         : gap_connected_ev_ b'\x00\xb9\x15`\xe8\x07\xc0(\x00\x00\x00\x90\x01'
2024-04-26 23:36:02,220 LT1-callback ClientCallback.on_implicit_send INFO client.py                 259   on_implicit_send          : 
    ********************
    BEGIN OnImplicitSend:
    project_name: L2CAP
    wid: 255
    test_case_name: L2CAP/ECFC/BV-38-C
    description: Please send L2CAP Credit Based Connection REQ to PTS.
    style: MMI_Style_Ok_Cancel2 0x11141
2024-04-26 23:36:02,220 LT1-callback ClientCallback.on_implicit_send INFO client.py                 272   on_implicit_send          : Calling test cases on_implicit_send
2024-04-26 23:36:02,220 LT1-callback ClientCallback.on_implicit_send INFO client.py                 285   on_implicit_send          : 
    on_implicit_send returned response: WAIT
    END OnImplicitSend
    ********************
2024-04-26 23:36:03,021 LT1-thread root DEBUG testcase.py               671   run_wid                   : L2CAP L2CAP/ECFC/BV-38-C on_implicit_send
2024-04-26 23:36:03,022 LT1-thread root DEBUG l2cap.py                  30    l2cap_wid_hdl             : l2cap_wid_hdl, 255, Please send L2CAP Credit Based Connection REQ to PTS., L2CAP/ECFC/BV-38-C
2024-04-26 23:36:03,022 LT1-thread root DEBUG l2cap.py                  61    l2cap_conn                : l2cap_conn None None 128
2024-04-26 23:36:03,023 LT1-thread root DEBUG iutctl_common.py          106   send                      : send, 3 2 0 "bytearray(b'\\x00\\xb9\\x15`\\xe8\\x07\\xc0\\x80\\x00x\\x00\\x02\\x01')"
2024-04-26 23:36:03,023 LT1-thread root DEBUG iutctl_common.py          111   send                      : sending frame '0302000d0000b91560e807c0800078000201'
2024-04-26 23:36:03,024 LT1-thread root DEBUG l2cap.py                  107   l2cap_conn_rsp            : l2cap_conn_rsp
2024-04-26 23:36:03,024 LT1-thread root DEBUG iutctl_common.py          230   read                      : read
2024-04-26 23:36:03,084 BTPWorkerThread-11240 root DEBUG iutctl_common.py          76    read                      : Read 5 bytes
2024-04-26 23:36:03,100 BTPWorkerThread-11240 root DEBUG iutctl_common.py          83    read                      : Received: hdr: Header(svc_id=3, op=2, ctrl_index=0, data_len=3) bytearray(b'\x03\x02\x00\x03\x00')
2024-04-26 23:36:03,116 BTPWorkerThread-11240 root DEBUG iutctl_common.py          91    read                      : Read 3 bytes data
2024-04-26 23:36:03,132 BTPWorkerThread-11240 root DEBUG iutctl_common.py          99    read                      : Received data: {'02 00 01'}, bytearray(b'\x02\x00\x01')
2024-04-26 23:36:03,148 LT1-thread root DEBUG l2cap.py                  112   l2cap_conn_rsp            : received Header(svc_id=3, op=2, ctrl_index=0, data_len=3) (b'\x02\x00\x01',)
2024-04-26 23:36:03,148 LT1-thread root DEBUG l2cap.py                  91    l2cap_conn                : id [0, 1]
2024-04-26 23:36:03,148 BTPWorkerThread-11240 root DEBUG iutctl_common.py          76    read                      : Read 5 bytes
2024-04-26 23:36:03,149 BTPWorkerThread-11240 root DEBUG iutctl_common.py          83    read                      : Received: hdr: Header(svc_id=3, op=129, ctrl_index=0, data_len=18) bytearray(b'\x03\x81\x00\x12\x00')
2024-04-26 23:36:03,194 BTPWorkerThread-11240 root DEBUG iutctl_common.py          91    read                      : Read 18 bytes data
2024-04-26 23:36:03,210 BTPWorkerThread-11240 root DEBUG iutctl_common.py          99    read                      : Received data: {'00 7a 00 40 00 40 00 78 00 60 00 00 b9 15 60 e8 07 c0'}, bytearray(b'\x00z\x00@\x00@\x00x\x00`\x00\x00\xb9\x15`\xe8\x07\xc0')
2024-04-26 23:36:03,242 BTPWorkerThread-11240 root DEBUG btp.py                    810   event_handler             : event_handler Header(svc_id=3, op=129, ctrl_index=0, data_len=18) (b'\x00z\x00@\x00@\x00x\x00`\x00\x00\xb9\x15`\xe8\x07\xc0',)
2024-04-26 23:36:03,258 BTPWorkerThread-11240 root DEBUG l2cap.py                  229   l2cap_connected_ev        : l2cap_connected_ev b'\x00z\x00@\x00@\x00x\x00`\x00\x00\xb9\x15`\xe8\x07\xc0' 18
2024-04-26 23:36:03,258 BTPWorkerThread-11240 root DEBUG l2cap.py                  237   l2cap_connected_ev        : id:0 on psm:122, peer_mtu:64, peer_mps:64, our_mtu:120, our_mps:96, addr b'\xb9\x15`\xe8\x07\xc0' type 0
2024-04-26 23:36:03,258 BTPWorkerThread-11240 root DEBUG iutctl_common.py          76    read                      : Read 5 bytes
2024-04-26 23:36:03,258 BTPWorkerThread-11240 root DEBUG iutctl_common.py          83    read                      : Received: hdr: Header(svc_id=3, op=129, ctrl_index=0, data_len=18) bytearray(b'\x03\x81\x00\x12\x00')
2024-04-26 23:36:03,258 BTPWorkerThread-11240 root DEBUG iutctl_common.py          91    read                      : Read 18 bytes data
2024-04-26 23:36:03,258 BTPWorkerThread-11240 root DEBUG iutctl_common.py          99    read                      : Received data: {'01 7a 00 40 00 40 00 78 00 60 00 00 b9 15 60 e8 07 c0'}, bytearray(b'\x01z\x00@\x00@\x00x\x00`\x00\x00\xb9\x15`\xe8\x07\xc0')
2024-04-26 23:36:03,258 BTPWorkerThread-11240 root DEBUG btp.py                    810   event_handler             : event_handler Header(svc_id=3, op=129, ctrl_index=0, data_len=18) (b'\x01z\x00@\x00@\x00x\x00`\x00\x00\xb9\x15`\xe8\x07\xc0',)
2024-04-26 23:36:03,259 BTPWorkerThread-11240 root DEBUG l2cap.py                  229   l2cap_connected_ev        : l2cap_connected_ev b'\x01z\x00@\x00@\x00x\x00`\x00\x00\xb9\x15`\xe8\x07\xc0' 18
2024-04-26 23:36:03,259 BTPWorkerThread-11240 root DEBUG l2cap.py                  237   l2cap_connected_ev        : id:1 on psm:122, peer_mtu:64, peer_mps:64, our_mtu:120, our_mps:96, addr b'\xb9\x15`\xe8\x07\xc0' type 0
2024-04-26 23:36:03,259 BTPWorkerThread-11240 root DEBUG iutctl_common.py          76    read                      : Read 5 bytes
2024-04-26 23:36:03,259 LT1-thread root DEBUG testcase.py               707   run_wid                   : Sending response 'OK' to wid 255 test case L2CAP/ECFC/BV-38-C
2024-04-26 23:36:03,259 BTPWorkerThread-11240 root DEBUG iutctl_common.py          83    read                      : Received: hdr: Header(svc_id=3, op=130, ctrl_index=0, data_len=12) bytearray(b'\x03\x82\x00\x0c\x00')
2024-04-26 23:36:03,259 BTPWorkerThread-11240 root DEBUG iutctl_common.py          91    read                      : Read 12 bytes data
2024-04-26 23:36:03,259 BTPWorkerThread-11240 root DEBUG iutctl_common.py          99    read                      : Received data: {'00 00 00 00 00 00 b9 15 60 e8 07 c0'}, bytearray(b'\x00\x00\x00\x00\x00\x00\xb9\x15`\xe8\x07\xc0')
2024-04-26 23:36:03,260 BTPWorkerThread-11240 root DEBUG btp.py                    810   event_handler             : event_handler Header(svc_id=3, op=130, ctrl_index=0, data_len=12) (b'\x00\x00\x00\x00\x00\x00\xb9\x15`\xe8\x07\xc0',)
2024-04-26 23:36:03,260 BTPWorkerThread-11240 root DEBUG l2cap.py                  244   l2cap_disconnected_ev     : l2cap_disconnected_ev b'\x00\x00\x00\x00\x00\x00\xb9\x15`\xe8\x07\xc0' 12
2024-04-26 23:36:03,260 BTPWorkerThread-11240 root DEBUG l2cap.py                  251   l2cap_disconnected_ev     : id:0 on psm:0, addr b'\xb9\x15`\xe8\x07\xc0' type 0, res 'Success'
2024-04-26 23:36:03,261 LT1-thread root DEBUG client.py                 312   get_result                : ClientCallback.get_result run_test_case
2024-04-26 23:36:03,306 BTPWorkerThread-11240 root DEBUG iutctl_common.py          76    read                      : Read 5 bytes
2024-04-26 23:36:03,306 BTPWorkerThread-11240 root DEBUG iutctl_common.py          83    read                      : Received: hdr: Header(svc_id=3, op=130, ctrl_index=0, data_len=12) bytearray(b'\x03\x82\x00\x0c\x00')
2024-04-26 23:36:03,306 BTPWorkerThread-11240 root DEBUG iutctl_common.py          91    read                      : Read 12 bytes data
2024-04-26 23:36:03,307 BTPWorkerThread-11240 root DEBUG iutctl_common.py          99    read                      : Received data: {'00 00 01 00 00 00 b9 15 60 e8 07 c0'}, bytearray(b'\x00\x00\x01\x00\x00\x00\xb9\x15`\xe8\x07\xc0')
2024-04-26 23:36:03,307 BTPWorkerThread-11240 root DEBUG btp.py                    810   event_handler             : event_handler Header(svc_id=3, op=130, ctrl_index=0, data_len=12) (b'\x00\x00\x01\x00\x00\x00\xb9\x15`\xe8\x07\xc0',)
2024-04-26 23:36:03,307 BTPWorkerThread-11240 root DEBUG l2cap.py                  244   l2cap_disconnected_ev     : l2cap_disconnected_ev b'\x00\x00\x01\x00\x00\x00\xb9\x15`\xe8\x07\xc0' 12
2024-04-26 23:36:03,307 BTPWorkerThread-11240 root DEBUG l2cap.py                  251   l2cap_disconnected_ev     : id:1 on psm:0, addr b'\xb9\x15`\xe8\x07\xc0' type 0, res 'Success'
2024-04-26 23:36:06,116 LT1-callback ClientCallback.log INFO client.py                 235   log                       : PTS_LOGTYPE_START_TEST Start Test Case 

+16 ms
 L2CAP/ECFC/BV-38-C L2CAP/ECFC/BV-38-C

2024-04-26 23:36:06,360 LT1-callback ClientCallback.log INFO client.py                 235   log                       : PTS_LOGTYPE_FINAL_VERDICT Final Verdict 

+9953 ms
 L2CAP/ECFC/BV-38-C PASS

2024-04-26 23:36:06,363 LT1-callback ClientCallback.log INFO client.py                 235   log                       : PTS_LOGTYPE_FINAL_VERDICT Encrypted Verdict 

+9953 ms
 L2CAP/ECFC/BV-38-C A1#ZWY4MzQ5MDg3MmQwNTIxOGQzMzQ5YjY2ODA5M2MzNjQ5ZDY4NmY0Yjc2MzIzM2VkNTUyNTFhNGU4Mjg1MjI0NA==#vkukmZQ2QjXE9dT2baDXOzFRIhMS6G/kMWmCGqwThEU/5RTrQunLitJq3fJVTyop

2024-04-26 23:36:06,365 LT1-callback ClientCallback.log INFO client.py                 235   log                       : PTS_LOGTYPE_END_TEST Test Case Ended 

+9953 ms
 L2CAP/ECFC/BV-38-C L2CAP/ECFC/BV-38-C

2024-04-26 23:36:06,524 LT1-callback root DEBUG client.py                 297   set_result                : ClientCallback, set_result, run_test_case, PASS
2024-04-26 23:36:06,524 LT1-thread root DEBUG client.py                 1024  _run_test_case            : After run_test_case error_code=0 status='PASS'
2024-04-26 23:36:06,524 LT1-thread root DEBUG testcase.py               752   post_run                  : post_run L2CAP L2CAP/ECFC/BV-38-C 0
2024-04-26 23:36:06,524 LT1-thread root DEBUG testcase.py               253   start                     : Starting test function: class=<class 'autopts.ptsprojects.testcase.TestFuncCleanUp'>, func=<bound method Stack.cleanup of <autopts.ptsprojects.stack.stack.Stack object at 0x000001638D4BA1F0>> start_wid=None stop_wid=None post_wid=None skip_call=None call_count=1 args=() kwds={}
2024-04-26 23:36:06,524 LT1-thread root DEBUG testcase.py               265   start                     : Test function parameters: args=(), kwds={}
2024-04-26 23:36:06,524 LT1-thread root DEBUG testcase.py               253   start                     : Starting test function: class=<class 'autopts.ptsprojects.testcase.TestFuncCleanUp'>, func=<bound method ZephyrCtl.stop of <autopts.ptsprojects.zephyr.iutctl.ZephyrCtl object at 0x000001638D3A1B50>> start_wid=None stop_wid=None post_wid=None skip_call=None call_count=1 args=() kwds={}
2024-04-26 23:36:06,524 LT1-thread root DEBUG testcase.py               265   start                     : Test function parameters: args=(), kwds={}
2024-04-26 23:36:06,524 LT1-thread root DEBUG iutctl.py                 248   stop                      : <class 'autopts.ptsprojects.zephyr.iutctl.ZephyrCtl'>.stop
2024-04-26 23:36:06,524 LT1-thread root DEBUG __init__.py               49    reset                     : About to reset DUT: nrfjprog -r -s 683511993
2024-04-26 23:36:07,290 BTPWorkerThread-11240 root DEBUG iutctl_common.py          76    read                      : Read 5 bytes
2024-04-26 23:36:07,290 BTPWorkerThread-11240 root DEBUG iutctl_common.py          83    read                      : Received: hdr: Header(svc_id=0, op=128, ctrl_index=255, data_len=0) bytearray(b'\x00\x80\xff\x00\x00')
2024-04-26 23:36:07,306 BTPWorkerThread-11240 root DEBUG iutctl_common.py          99    read                      : Received data: {''}, bytearray(b'')
2024-04-26 23:36:07,322 BTPWorkerThread-11240 root DEBUG btp.py                    810   event_handler             : event_handler Header(svc_id=0, op=128, ctrl_index=255, data_len=0) (b'',)
2024-04-26 23:36:07,338 BTPWorkerThread-11240 root DEBUG core.py                   28    core_iut_ready_ev         : core_iut_ready_ev
2024-04-26 23:36:07,370 LT1-thread root DEBUG iutctl.py                 266   stop                      : IUT ready event received OK
2024-04-26 23:36:07,370 LT1-thread root DEBUG iutctl_common.py          307   close                     : Waiting for _rx_worker to finish ...
2024-04-26 23:36:08,383 LT1-thread root DEBUG iutctl_common.py          307   close                     : Waiting for _rx_worker to finish ...
2024-04-26 23:36:08,383 BTPWorkerThread-11240 root DEBUG iutctl_common.py          223   _rx_task                  : BTPWorkerThread-11240 finishing...
2024-04-26 23:36:11,403 LT1-thread root DEBUG testcase.py               781   post_run                  : post_run, cleanup running post test case script
2024-04-26 23:36:11,403 LT1-thread root DEBUG testcase.py               791   post_run                  : post_run, run post test case script
2024-04-26 23:36:11,470 LT1-thread root DEBUG client.py                 1054  _run_test_case            : Done TestCase _run_test_case L2CAP L2CAP/ECFC/BV-38-C
