08:26:28:623    < BTP_CORE_EV_IUT_READY (0x00|0x80|0xff)
                  raw data (0): 00 80 ff 00 00|
08:26:29:124    > BTP_CORE_CMD_REGISTER_SERVICE (0x00|0x03|0xff)
                  raw data (1): 00 03 ff 01 00|01
08:26:29:500    < BTP_CORE_CMD_REGISTER_SERVICE (0x00|0x03|0xff)
                  raw data (0): 00 03 ff 00 00|
08:26:29:500    > BTP_GAP_CMD_READ_SUPPORTED_COMMANDS (0x01|0x01|0xff)
                  raw data (0): 01 01 ff 00 00|
08:26:29:545    < BTP_GAP_CMD_READ_SUPPORTED_COMMANDS (0x01|0x01|0xff)
                  raw data (6): 01 01 ff 06 00|6e ff 7f 1f fe 77
08:26:29:561    > BTP_CORE_CMD_REGISTER_SERVICE (0x00|0x03|0xff)
                  raw data (2): 00 03 ff 01 00|02
08:26:29:600    < BTP_CORE_CMD_REGISTER_SERVICE (0x00|0x03|0xff)
                  raw data (0): 00 03 ff 00 00|
08:26:29:611    > BTP_GATT_CMD_READ_SUPPORTED_COMMANDS (0x02|0x01|0xff)
                  raw data (0): 02 01 ff 00 00|
08:26:29:665    < BTP_GATT_CMD_READ_SUPPORTED_COMMANDS (0x02|0x01|0xff)
                  raw data (5): 02 01 ff 05 00|fe fe ff fd 03
08:26:29:676    > BTP_CORE_CMD_REGISTER_SERVICE (0x00|0x03|0xff)
                  raw data (4): 00 03 ff 01 00|04
08:26:29:710    < BTP_CORE_CMD_REGISTER_SERVICE (0x00|0x03|0xff)
                  raw data (0): 00 03 ff 00 00|
08:26:29:721    > BTP_MESH_CMD_READ_SUPPORTED_COMMANDS (0x04|0x01|0xff)
                  raw data (0): 04 01 ff 00 00|
08:26:29:775    < BTP_MESH_CMD_READ_SUPPORTED_COMMANDS (0x04|0x01|0xff)
                  raw data (16): 
                  04 01 ff 10 00|fe ff 7f ff ff ff ff ff ff ff ff 
                  fe ff f1 87 01
08:26:29:781    > BTP_MESH_CMD_INIT (0x04|0x04|0x00)
                  raw data (1): 04 04 00 01 00|00
08:26:29:828    < BTP_MESH_CMD_INIT (0x04|0x04|0x00)
                  raw data (0): 04 04 00 00 00|
08:26:29:838    > BTP_GAP_CMD_READ_CONTROLLER_INFO (0x01|0x03|0x00)
                  raw data (0): 01 03 00 00 00|
08:26:29:886    < BTP_GAP_CMD_READ_CONTROLLER_INFO (0x01|0x03|0x00)
                  raw data (277): 
                  01 03 00 15 01|3b db 31 cc b6 d5 13 06 02 00 13 
                  82 00 00 00 00 00 62 74 70 5f 74 65 73 74 65 72 
                  00 00 00 00 00 00 00 00 00 00 00 00 00 00 00 00 
                  00 00 00 00 00 00 00 00 00 00 00 00 00 00 00 00 
                  00 00 00 00 00 00 00 00 00 00 00 00 00 00 00 00 
                  00 00 00 00 00 00 00 00 00 00 00 00 00 00 00 00 
                  00 00 00 00 00 00 00 00 00 00 00 00 00 00 00 00 
                  00 00 00 00 00 00 00 00 00 00 00 00 00 00 00 00 
                  00 00 00 00 00 00 00 00 00 00 00 00 00 00 00 00 
                  00 00 00 00 00 00 00 00 00 00 00 00 00 00 00 00 
                  00 00 00 00 00 00 00 00 00 00 00 00 00 00 00 00 
                  00 00 00 00 00 00 00 00 00 00 00 00 00 00 00 00 
                  00 00 00 00 00 00 00 00 00 00 00 00 00 00 00 00 
                  00 00 00 00 00 00 00 00 00 00 00 00 00 00 00 00 
                  00 00 00 00 00 00 00 00 00 00 00 00 00 00 00 00 
                  00 00 00 00 00 00 00 00 00 00 00 00 00 00 00 00 
                  00 00 00 00 00 00 00 00 00 00 00 00 00 00 00 00 
                  00 00 00 00 00 00 00 00 00 00
08:26:32:931    > BTP_MESH_CMD_CONFIG_PROVISIONING (0x04|0x02|0x00)
                  raw data (56): 
                  04 02 00 38 00|24 c1 b3 c8 8f ab 43 26 8d 4d 07 
                  e4 cc 7d a7 e9 00 01 02 03 04 05 06 07 08 09 0a 
                  0b 0c 0d 0e 0f 00 00 00 00 00 00 00 00 00 00 00 
                  00 00 00 00 00 10 02 08 00 02 0c 00 00
08:26:32:950    < BTP_MESH_CMD_CONFIG_PROVISIONING (0x04|0x02|0x00)
                  raw data (0): 04 02 00 00 00|
08:26:32:950    > BTP_MESH_CMD_START (0x04|0x78|0x00)
                  raw data (0): 04 78 00 00 00|
08:26:33:195    < BTP_MESH_CMD_START (0x04|0x78|0x00)
                  raw data (0): 04 78 00 00 00|
08:26:33:349    < BTP_MESH_EV_PROV_LINK_OPEN (0x04|0x84|0x00)
                  raw data (1): 04 84 00 01 00|00
08:26:39:050    < BTP_MESH_EV_PROVISIONED (0x04|0x83|0x00)
                  raw data (0): 04 83 00 00 00|
08:26:41:618    < BTP_MESH_EV_PROV_LINK_CLOSED (0x04|0x85|0x00)
                  raw data (1): 04 85 00 01 00|00
08:26:44:106    < BTP_MESH_EV_NET_RECV (0x04|0x86|0x00)
                  raw data (22): 
                  04 86 00 16 00|03 00 01 00 02 00 0f 80 80 00 00 
                  07 ff b9 59 05 1c 52 61 d4 e3 a2
08:26:44:107    < BTP_MESH_EV_MODEL_RECV (0x04|0x8f|0x00)
                  raw data (8): 04 8f 00 08 00|01 00 02 00 03 80 08 7f
08:26:44:730    < BTP_MESH_EV_NET_RECV (0x04|0x86|0x00)
                  raw data (22): 
                  04 86 00 16 00|03 00 01 00 02 00 0f 80 80 04 00 
                  c9 82 94 9c 95 4b 6a 4f 48 7e bb
08:26:44:730    < BTP_MESH_EV_MODEL_RECV (0x04|0x8f|0x00)
                  raw data (8): 04 8f 00 08 00|01 00 02 00 03 80 08 01
08:26:45:631    < BTP_MESH_EV_NET_RECV (0x04|0x86|0x00)
                  raw data (14): 
                  04 86 00 0e 00|07 01 01 00 02 00 07 00 00 0c 00 
                  00 00 07
08:26:46:071    < BTP_MESH_EV_NET_RECV (0x04|0x86|0x00)
                  raw data (14): 
                  04 86 00 0e 00|07 01 01 00 02 00 07 00 00 0c 00 
                  00 00 0f
08:26:46:610    < BTP_MESH_EV_NET_RECV (0x04|0x86|0x00)
                  raw data (14): 
                  04 86 00 0e 00|07 01 01 00 02 00 07 00 00 0c 00 
                  00 00 1f
08:26:46:830    < BTP_MESH_EV_NET_RECV (0x04|0x86|0x00)
                  raw data (22): 
                  04 86 00 16 00|03 00 01 00 02 00 0f 80 80 14 00 
                  c5 23 e0 a0 4c 6f 18 31 e7 96 02
08:26:46:830    < BTP_MESH_EV_MODEL_RECV (0x04|0x8f|0x00)
                  raw data (8): 04 8f 00 08 00|01 00 02 00 03 80 08 00
08:26:47:870    < BTP_MESH_EV_NET_RECV (0x04|0x86|0x00)
                  raw data (14): 
                  04 86 00 0e 00|07 01 01 00 02 00 07 00 00 28 00 
                  00 00 03
08:26:48:130    < BTP_MESH_EV_NET_RECV (0x04|0x86|0x00)
                  raw data (14): 
                  04 86 00 0e 00|07 01 01 00 02 00 07 00 00 28 00 
                  00 00 07
08:26:48:390    < BTP_MESH_EV_NET_RECV (0x04|0x86|0x00)
                  raw data (14): 
                  04 86 00 0e 00|07 01 01 00 02 00 07 00 00 28 00 
                  00 00 0f
08:26:48:670    < BTP_MESH_EV_NET_RECV (0x04|0x86|0x00)
                  raw data (14): 
                  04 86 00 0e 00|07 01 01 00 02 00 07 00 00 28 00 
                  00 00 1f
08:26:49:310    < BTP_MESH_EV_NET_RECV (0x04|0x86|0x00)
                  raw data (14): 
                  04 86 00 0e 00|07 01 01 00 02 00 07 00 00 28 00 
                  00 00 3f
08:26:49:790    < BTP_MESH_EV_NET_RECV (0x04|0x86|0x00)
                  raw data (14): 
                  04 86 00 0e 00|07 01 01 00 02 00 07 00 00 28 00 
                  00 00 ff
08:26:49:988    < BTP_MESH_EV_NET_RECV (0x04|0x86|0x00)
                  raw data (23): 
                  04 86 00 17 00|03 00 01 00 02 00 10 80 00 30 01 
                  84 1f fe a4 99 a1 ad 06 fa 97 cf 29
08:26:50:030    < BTP_MESH_EV_NET_RECV (0x04|0x86|0x00)
                  raw data (23): 
                  04 86 00 17 00|03 00 01 00 02 00 10 80 00 30 21 
                  d7 52 0e b4 00 d6 c1 72 00 f3 a4 aa
08:26:50:031    < BTP_MESH_EV_MODEL_RECV (0x04|0x8f|0x00)
                  raw data (25): 
                  04 8f 00 19 00|01 00 02 00 14 00 00 00 00 c6 5d 
                  e6 ce 0c c4 98 f1 37 bb 0f 1b 3d b7 c6 7f
08:26:50:110    < BTP_MESH_EV_NET_RECV (0x04|0x86|0x00)
                  raw data (23): 
                  04 86 00 17 00|03 00 01 00 02 00 10 80 00 30 21 
                  d7 52 0e b4 00 d6 c1 72 00 f3 a4 aa
08:26:50:410    < BTP_MESH_EV_NET_RECV (0x04|0x86|0x00)
                  raw data (23): 
                  04 86 00 17 00|03 00 01 00 02 00 10 80 00 3c 00 
                  3d 43 1e 32 93 e5 08 60 c7 54 f9 46
08:26:50:411    < BTP_MESH_EV_MODEL_RECV (0x04|0x8f|0x00)
                  raw data (13): 
                  04 8f 00 0d 00|01 00 02 00 08 80 3d 02 00 00 00 
                  02 00
08:26:50:910    < BTP_MESH_EV_NET_RECV (0x04|0x86|0x00)
                  raw data (23): 
                  04 86 00 17 00|03 00 01 00 02 00 10 80 00 40 00 
                  4c 66 3a a1 5a 61 79 7e 43 a7 07 63
08:26:50:911    < BTP_MESH_EV_MODEL_RECV (0x04|0x8f|0x00)
                  raw data (13): 
                  04 8f 00 0d 00|01 00 02 00 08 80 3d 02 00 00 00 
                  03 00
08:26:51:330    < BTP_MESH_EV_NET_RECV (0x04|0x86|0x00)
                  raw data (23): 
                  04 86 00 17 00|03 00 01 00 02 00 10 80 00 44 00 
                  5d 8b 82 fc 59 2a be 32 77 70 4e 58
08:26:51:331    < BTP_MESH_EV_MODEL_RECV (0x04|0x8f|0x00)
                  raw data (13): 
                  04 8f 00 0d 00|01 00 02 00 08 80 3d 02 00 00 00 
                  14 00
08:26:51:750    < BTP_MESH_EV_NET_RECV (0x04|0x86|0x00)
                  raw data (23): 
                  04 86 00 17 00|03 00 01 00 02 00 10 80 00 48 00 
                  7b 65 42 55 5b 02 ac 8d 1b 96 95 e5
08:26:51:751    < BTP_MESH_EV_MODEL_RECV (0x04|0x8f|0x00)
                  raw data (13): 
                  04 8f 00 0d 00|01 00 02 00 08 80 3d 03 00 00 00 
                  01 14
08:26:52:230    < BTP_MESH_EV_NET_RECV (0x04|0x86|0x00)
                  raw data (23): 
                  04 86 00 17 00|03 00 01 00 02 00 10 80 00 4c 00 
                  f9 4d a8 9d b3 be 87 4d 3f 72 18 2c
08:26:52:231    < BTP_MESH_EV_MODEL_RECV (0x04|0x8f|0x00)
                  raw data (13): 
                  04 8f 00 0d 00|01 00 02 00 08 80 3d 03 00 00 00 
                  03 14
08:26:52:631    < BTP_MESH_EV_NET_RECV (0x04|0x86|0x00)
                  raw data (23): 
                  04 86 00 17 00|03 00 01 00 02 00 10 80 00 50 00 
                  b6 d8 80 79 7d e5 1b ec c7 57 ac 34
08:26:52:631    < BTP_MESH_EV_MODEL_RECV (0x04|0x8f|0x00)
                  raw data (13): 
                  04 8f 00 0d 00|01 00 02 00 08 80 3d 03 00 00 00 
                  00 14
08:26:53:090    < BTP_MESH_EV_NET_RECV (0x04|0x86|0x00)
                  raw data (23): 
                  04 86 00 17 00|03 00 01 00 02 00 10 80 00 54 00 
                  10 65 1f e8 1d 4f 77 35 e7 39 e5 d0
08:26:53:091    < BTP_MESH_EV_MODEL_RECV (0x04|0x8f|0x00)
                  raw data (13): 
                  04 8f 00 0d 00|01 00 02 00 08 80 3d 03 00 00 00 
                  04 14
08:26:53:910    < BTP_MESH_EV_NET_RECV (0x04|0x86|0x00)
                  raw data (23): 
                  04 86 00 17 00|03 00 01 00 02 00 10 80 00 58 00 
                  94 0b 8c af c9 e6 00 6f 61 64 0b 4e
08:26:53:911    < BTP_MESH_EV_MODEL_RECV (0x04|0x8f|0x00)
                  raw data (13): 
                  04 8f 00 0d 00|01 00 02 00 08 80 3d 04 00 00 00 
                  00 14
08:26:54:515    < BTP_MESH_EV_NET_RECV (0x04|0x86|0x00)
                  raw data (23): 
                  04 86 00 17 00|03 00 01 00 02 00 10 80 00 60 00 
                  54 b6 8f 56 19 eb 33 25 c5 f7 25 da
08:26:54:516    < BTP_MESH_EV_MODEL_RECV (0x04|0x8f|0x00)
                  raw data (13): 
                  04 8f 00 0d 00|01 00 02 00 08 80 3d 04 00 00 00 
                  02 14
08:26:54:885    < BTP_MESH_EV_NET_RECV (0x04|0x86|0x00)
                  raw data (23): 
                  04 86 00 17 00|03 00 01 00 02 00 10 80 00 64 00 
                  4a ed 55 26 60 00 30 79 c6 c6 ed 00
08:26:54:886    < BTP_MESH_EV_MODEL_RECV (0x04|0x8f|0x00)
                  raw data (13): 
                  04 8f 00 0d 00|01 00 02 00 08 80 3d 05 00 00 00 
                  01 14
08:26:55:370    < BTP_MESH_EV_NET_RECV (0x04|0x86|0x00)
                  raw data (22): 
                  04 86 00 16 00|03 00 01 00 02 00 0f 80 80 68 00 
                  66 52 ed 3c b9 05 b0 e3 e6 b4 7b
08:26:55:370    < BTP_MESH_EV_MODEL_RECV (0x04|0x8f|0x00)
                  raw data (8): 04 8f 00 08 00|01 00 02 00 03 80 24 00
08:26:55:650    < BTP_MESH_EV_NET_RECV (0x04|0x86|0x00)
                  raw data (21): 
                  04 86 00 15 00|03 00 01 00 02 00 0e 80 00 6c 00 
                  21 09 f1 40 38 13 8f 7f 30 cd
08:26:55:651    < BTP_MESH_EV_MODEL_RECV (0x04|0x8f|0x00)
                  raw data (11): 04 8f 00 0b 00|01 00 02 00 06 80 6d 1f 71 03 0f
08:26:56:448    > BTP_MESH_CMD_MODEL_SEND (0x04|0x0f|0x00)
                  raw data (30): 
                  04 0f 00 1e 00|ff 02 00 01 00 18 ff ff ff ff ff 
                  ff ff ff ff ff ff ff ff ff ff ff ff ff ff ff ff 
                  ff ff ff
08:26:56:460    < BTP_MESH_CMD_MODEL_SEND (0x04|0x0f|0x00)
                  raw data (0): 04 0f 00 00 00|
08:27:06:854    > BTP_GAP_CMD_SET_POWERED (0x01|0x05|0x00)
                  raw data (0): 01 05 00 01 00|00
08:27:06:896    < BTP_GAP_CMD_SET_POWERED (0x01|0x05|0x00)
                  raw data (4): 01 05 00 04 00|12 82 00 00
