Applying system reset.
Run.
Applying system reset.
Run.
< 2022/12/06 21:29:56.742680  length=5 from=0 to=4
 00 80 ff 00 00                                   .....
--
> 2022/12/06 21:29:56.933518  length=6 from=0 to=5
 00 03 ff 01 00 01                                ......
--
< 2022/12/06 21:29:56.949674  length=5 from=5 to=9
 00 03 ff 00 00                                   .....
--
> 2022/12/06 21:29:57.061504  length=6 from=6 to=11
 00 03 ff 01 00 02                                ......
--
< 2022/12/06 21:29:57.077722  length=5 from=10 to=14
 00 03 ff 00 00                                   .....
--
> 2022/12/06 21:29:57.189512  length=5 from=12 to=16
 01 03 00 00 00                                   .....
--
< 2022/12/06 21:29:57.221671  length=142 from=15 to=156
 01 03 00 15 01 70 1f c4 76 e7 dc 13 06 00 00 13  .....p..v.......
 82 00 00 00 00 00 62 74 70 5f 74 65 73 74 65 72  ......btp_tester
 00 00 00 00 00 00 00 00 00 00 00 00 00 00 00 00  ................
 00 00 00 00 00 00 00 00 00 00 00 00 00 00 00 00  ................
 00 00 00 00 00 00 00 00 00 00 00 00 00 00 00 00  ................
 00 00 00 00 00 00 00 00 00 00 00 00 00 00 00 00  ................
 00 00 00 00 00 00 00 00 00 00 00 00 00 00 00 00  ................
 00 00 00 00 00 00 00 00 00 00 00 00 00 00 00 00  ................
 00 00 00 00 00 00 00 00 00 00 00 00 00 00        ..............
--
< 2022/12/06 21:29:57.223366  length=11 from=157 to=167
 00 00 00 00 00 00 00 00 00 00 00                 ...........
--
< 2022/12/06 21:29:57.223676  length=12 from=168 to=179
 00 00 00 00 00 00 00 00 00 00 00 00              ............
--
< 2022/12/06 21:29:57.224658  length=12 from=180 to=191
 00 00 00 00 00 00 00 00 00 00 00 00              ............
--
< 2022/12/06 21:29:57.237831  length=105 from=192 to=296
 00 00 00 00 00 00 00 00 00 00 00 00 00 00 00 00  ................
 00 00 00 00 00 00 00 00 00 00 00 00 00 00 00 00  ................
 00 00 00 00 00 00 00 00 00 00 00 00 00 00 00 00  ................
 00 00 00 00 00 00 00 00 00 00 00 00 00 00 00 00  ................
 00 00 00 00 00 00 00 00 00 00 00 00 00 00 00 00  ................
 00 00 00 00 00 00 00 00 00 00 00 00 00 00 00 00  ................
 00 00 00 00 00 00 00 00 00                       .........
--
> 2022/12/06 21:30:05.874916  length=6 from=17 to=22
 01 08 00 01 00 01                                ......
--
< 2022/12/06 21:30:05.891045  length=9 from=297 to=305
 01 08 00 04 00 1b 82 00 00                       .........
--
> 2022/12/06 21:30:05.986941  length=27 from=23 to=49
 01 0a                                            ..
 00 16 00 0f 00 09 0d 54 65 73 74 65 72 5f 35 36  .......Tester_56
 43 39 45 46 ff ff ff ff 00                       C9EF.....
--
< 2022/12/06 21:30:06.003065  length=9 from=306 to=314
 01 0a                                            ..
 00 04 00 1b 86 00 00                             .......
--
< 2022/12/06 21:30:06.316829  length=18 from=315 to=332
 01 82 00 0d 00 00 ef c9 56 e8 07 c0 38 00 00 00  ........V...8...
 d0 07                                            ..
--
< 2022/12/06 21:30:11.009363  length=12 from=333 to=344
 01 83 00 07 00 00 ef c9 56 e8 07 c0              ........V...
--
Applying system reset.
Run.
