< 2024/10/12 18:52:51.682535  length=6 from=0 to=5
 00 03 ff 01 00 01                                ......
--
> 2024/10/12 18:52:51.692460  length=5 from=0 to=4
 00 03 ff 00 00                                   .....
--
< 2024/10/12 18:52:51.740833  length=6 from=6 to=11
 00 03 ff 01 00 02                                ......
--
> 2024/10/12 18:52:51.742803  length=5 from=5 to=9
 00 03 ff 00 00                                   .....
--
< 2024/10/12 18:52:51.810798  length=6 from=12 to=17
 00 03 ff 01 00 04                                ......
--
> 2024/10/12 18:52:51.812433  length=5 from=10 to=14
 00 03 ff 00 00                                   .....
--
< 2024/10/12 18:52:51.842659  length=6 from=18 to=23
 04 04 00 01 00 00                                ......
--
> 2024/10/12 18:52:52.106102  length=5 from=15 to=19
 04 04 00 00 00                                   .....
--
< 2024/10/12 18:52:52.150504  length=5 from=24 to=28
 01 03 00 00 00                                   .....
--
> 2024/10/12 18:52:52.213973  length=13 from=20 to=32
 01 03 00 15 01 70 1f c4 76 e7 dc 13 06           .....p..v....
--
> 2024/10/12 18:52:52.215335  length=16 from=33 to=48
 02 00 13 82 00 00 00 00 00 62 74 70 5f 74 65 73  .........btp_tes
--
> 2024/10/12 18:52:52.216712  length=16 from=49 to=64
 74 65 72 00 00 00 00 00 00 00 00 00 00 00 00 00  ter.............
--
> 2024/10/12 18:52:52.218043  length=15 from=65 to=79
 00 00 00 00 00 00 00 00 00 00 00 00 00 00 00     ...............
--
> 2024/10/12 18:52:52.219416  length=16 from=80 to=95
 00 00 00 00 00 00 00 00 00 00 00 00 00 00 00 00  ................
--
> 2024/10/12 18:52:52.220781  length=9 from=96 to=104
 00 00 00 00 00 00 00 00 00                       .........
--
> 2024/10/12 18:52:52.222059  length=22 from=105 to=126
 00 00 00 00 00 00 00 00 00 00 00 00 00 00 00 00  ................
 00 00 00 00 00 00                                ......
--
> 2024/10/12 18:52:52.223436  length=16 from=127 to=142
 00 00 00 00 00 00 00 00 00 00 00 00 00 00 00 00  ................
--
> 2024/10/12 18:52:52.224781  length=16 from=143 to=158
 00 00 00 00 00 00 00 00 00 00 00 00 00 00 00 00  ................
--
> 2024/10/12 18:52:52.226145  length=16 from=159 to=174
 00 00 00 00 00 00 00 00 00 00 00 00 00 00 00 00  ................
--
> 2024/10/12 18:52:52.227478  length=15 from=175 to=189
 00 00 00 00 00 00 00 00 00 00 00 00 00 00 00     ...............
--
> 2024/10/12 18:52:52.228868  length=16 from=190 to=205
 00 00 00 00 00 00 00 00 00 00 00 00 00 00 00 00  ................
--
> 2024/10/12 18:52:52.230370  length=18 from=206 to=223
 00 00 00 00 00 00 00 00 00 00 00 00 00 00 00 00  ................
 00 00                                            ..
--
> 2024/10/12 18:52:52.231754  length=10 from=224 to=233
 00 00 00 00 00 00 00 00 00 00                    ..........
--
> 2024/10/12 18:52:52.233087  length=22 from=234 to=255
 00 00 00 00 00 00 00 00 00 00 00 00 00 00 00 00  ................
 00 00 00 00 00 00                                ......
--
> 2024/10/12 18:52:52.234432  length=15 from=256 to=270
 00 00 00 00 00 00 00 00 00 00 00 00 00 00 00     ...............
--
> 2024/10/12 18:52:52.235782  length=16 from=271 to=286
 00 00 00 00 00 00 00 00 00 00 00 00 00 00 00 00  ................
--
> 2024/10/12 18:52:52.237123  length=15 from=287 to=301
 00 00 00 00 00 00 00 00 00 00 00 00 00 00 00     ...............
--
< 2024/10/12 18:52:59.317687  length=61 from=29 to=89
 04 02 00 38 00 42 c0 cf cb 8e 14 4b b1 af ea 37  ...8.B.....K...7
 a5 03 ba ba 31 00 01 02 03 04 05 06 07 08 09 0a  ....1...........
 0b 0c 0d 0e 0f 00 00 00 00 00 00 00 00 00 00 00  ................
 00 00 00 00 00 10 02 08 00 01 08 00 00           .............
--
> 2024/10/12 18:52:59.325499  length=5 from=302 to=306
 04 02 00 00 00                                   .....
--
< 2024/10/12 18:52:59.361511  length=5 from=90 to=94
 04 78 00 00 00                                   .x...
--
> 2024/10/12 18:52:59.365406  length=1 from=307 to=307
 04                                               .
--
> 2024/10/12 18:52:59.366740  length=4 from=308 to=311
 78 00 00 00                                      x...
--
> 2024/10/12 18:52:59.388179  length=6 from=312 to=317
 04 84 00 01 00 00                                ......
--
> 2024/10/12 18:53:01.932469  length=1 from=318 to=318
 04                                               .
--
> 2024/10/12 18:53:01.933856  length=4 from=319 to=322
 83 00 00 00                                      ....
--
> 2024/10/12 18:53:03.531636  length=6 from=323 to=328
 04 85 00 01 00 00                                ......
--
> 2024/10/12 18:53:04.389487  length=5 from=329 to=333
 04 86 00 16 00                                   .....
--
> 2024/10/12 18:53:04.390857  length=15 from=334 to=348
 03 00 01 00 02 00 0f 80 80 00 00 6f 35 fe bb     ...........o5..
--
> 2024/10/12 18:53:04.392168  length=10 from=349 to=358
 62 c2 3d 19 c1 07 32 04 8f 00                    b.=...2...
--
> 2024/10/12 18:53:04.393478  length=4 from=359 to=362
 08 00 01 00                                      ....
--
> 2024/10/12 18:53:04.394782  length=6 from=363 to=368
 02 00 03 80 08 7f                                ......
--
> 2024/10/12 18:53:04.496158  length=5 from=369 to=373
 04 86 00 16 00                                   .....
--
> 2024/10/12 18:53:04.497503  length=15 from=374 to=388
 03 00 01 00 02 00 0f 80 80 04 00 da a2 2b 84     .............+.
--
> 2024/10/12 18:53:04.498785  length=14 from=389 to=402
 3c 9b b1 88 5b 21 46 04 8f 00 08 00 01 00        <...[!F.......
--
> 2024/10/12 18:53:04.500228  length=6 from=403 to=408
 02 00 03 80 08 01                                ......
--
> 2024/10/12 18:53:04.808564  length=15 from=409 to=423
 04 86 00 0e 00 07 01 01 00 02 00 07 00 00 0c     ...............
--
> 2024/10/12 18:53:04.811407  length=4 from=424 to=427
 00 00 00 0f                                      ....
--
> 2024/10/12 18:53:04.925013  length=9 from=428 to=436
 04 86 00 16 00 03 00 01 00                       .........
--
> 2024/10/12 18:53:04.926348  length=16 from=437 to=452
 02 00 0f 80 80 0c 00 18 b5 3a 95 91 26 8f f4 4a  .........:..&..J
--
> 2024/10/12 18:53:04.927670  length=9 from=453 to=461
 c9 d9 04 8f 00 08 00 01 00                       .........
--
> 2024/10/12 18:53:04.929004  length=6 from=462 to=467
 02 00 03 80 08 00                                ......
--
> 2024/10/12 18:53:05.389899  length=5 from=468 to=472
 04 86 00 0e 00                                   .....
--
> 2024/10/12 18:53:05.391244  length=14 from=473 to=486
 07 01 01 00 02 00 07 00 00 20 00 00 00 7f        ......... ....
--
> 2024/10/12 18:53:06.546532  length=5 from=487 to=491
 04 86 00 16 00                                   .....
--
> 2024/10/12 18:53:06.547901  length=16 from=492 to=507
 03 00 01 00 02 00 0f 80 80 14 00 fa ba 78 82 55  .............x.U
--
> 2024/10/12 18:53:06.549275  length=9 from=508 to=516
 93 2d a5 0e 3b 10 04 8f 00                       .-..;....
--
> 2024/10/12 18:53:06.550769  length=10 from=517 to=526
 08 00 01 00 02 00 03 80 5a 02                    ........Z.
--
> 2024/10/12 18:53:06.636661  length=6 from=527 to=532
 04 86 00 16 00 03                                ......
--
> 2024/10/12 18:53:06.637992  length=15 from=533 to=547
 00 01 00 02 00 0f 80 80 18 00 c4 22 cf f3 fe     ..........."...
--
> 2024/10/12 18:53:06.639285  length=14 from=548 to=561
 f2 f6 5d df b9 76 04 8f 00 08 00 01 00 02        ..]..v........
--
> 2024/10/12 18:53:06.640659  length=11 from=562 to=572
 00 03 80 59 00 04 84 00 01 00 04                 ...Y.......
--
> 2024/10/12 18:53:06.726519  length=14 from=573 to=586
 04 86 00 0e 00 07 01 01 00 02 00 07 00 00        ..............
--
> 2024/10/12 18:53:06.727864  length=5 from=587 to=591
 48 00 00 00 01                                   H....
--
> 2024/10/12 18:53:06.910441  length=7 from=592 to=598
 04 86 00 14 00 03 00                             .......
--
> 2024/10/12 18:53:06.911764  length=15 from=599 to=613
 01 00 02 00 0d 80 00 20 00 22 ac 7f e0 7e 2f     ....... ."...~/
--
> 2024/10/12 18:53:06.913091  length=7 from=614 to=620
 7e 06 2b 04 8f 00 0a                             ~.+....
--
> 2024/10/12 18:53:06.914403  length=11 from=621 to=631
 00 01 00 02 00 05 80 5d 01 00 02                 .......]...
--
> 2024/10/12 18:53:07.043248  length=19 from=632 to=650
 04 86 00 0e 00 07 01 01 00 02 00 07 00 00 54 00  ..............T.
 00 00 01                                         ...
--
> 2024/10/12 18:53:07.185871  length=2 from=651 to=652
 04 86                                            ..
--
> 2024/10/12 18:53:07.187208  length=13 from=653 to=665
 00 0e 00 07 01 01 00 02 00 07 00 00 58           ............X
--
> 2024/10/12 18:53:07.188482  length=4 from=666 to=669
 00 00 00 03                                      ....
--
> 2024/10/12 18:53:07.336023  length=2 from=670 to=671
 04 86                                            ..
--
> 2024/10/12 18:53:07.337340  length=14 from=672 to=685
 00 17 00 03 00 01 00 02 00 10 80 00 2c 01        ............,.
--
> 2024/10/12 18:53:07.338697  length=12 from=686 to=697
 d4 90 19 b3 93 5c a3 6b 1f df 4f 0b              .....\.k..O.
--
> 2024/10/12 18:53:07.391845  length=6 from=698 to=703
 04 86 00 17 00 03                                ......
--
> 2024/10/12 18:53:07.393162  length=15 from=704 to=718
 00 01 00 02 00 10 80 00 2c 21 07 65 94 6e 2f     ........,!.e.n/
--
> 2024/10/12 18:53:07.394504  length=9 from=719 to=727
 7b d6 0b b0 ec 18 2a 04 8f                       {.....*..
--
> 2024/10/12 18:53:07.395923  length=16 from=728 to=743
 00 19 00 01 00 02 00 14 80 40 01 00 08 32 6b ac  .........@...2k.
--
> 2024/10/12 18:53:07.397411  length=6 from=744 to=749
 34 b4 2a 66 25 74                                4.*f%t
--
> 2024/10/12 18:53:07.398736  length=6 from=750 to=755
 6c ed 9c f6 f9 a3                                l.....
--
> 2024/10/12 18:53:07.499081  length=5 from=756 to=760
 04 86 00 17 00                                   .....
--
> 2024/10/12 18:53:07.500380  length=16 from=761 to=776
 03 00 01 00 02 00 10 80 80 34 00 93 c9 89 f6 58  .........4.....X
--
> 2024/10/12 18:53:07.501668  length=13 from=777 to=789
 66 86 74 c4 bb b1 56 04 8f 00 09 00 01           f.t...V......
--
> 2024/10/12 18:53:07.503029  length=8 from=790 to=797
 00 02 00 04 80 41 00 00                          .....A..
--
> 2024/10/12 18:53:07.770184  length=6 from=798 to=803
 04 85 00 01 00 04                                ......
--
> 2024/10/12 18:53:08.148905  length=4 from=804 to=807
 04 86 00 15                                      ....
--
> 2024/10/12 18:53:08.150213  length=16 from=808 to=823
 00 03 00 01 00 02 00 0e 80 80 44 00 ac 46 45 13  ..........D..FE.
--
> 2024/10/12 18:53:08.151581  length=13 from=824 to=836
 eb 0e 34 c9 f9 fd 04 8f 00 07 00 01 00           ..4..........
--
> 2024/10/12 18:53:08.152896  length=5 from=837 to=841
 02 00 02 80 58                                   ....X
--
< 2024/10/12 18:53:08.391812  length=5 from=95 to=99
 04 05 00 00 00                                   .....
--
> 2024/10/12 18:53:08.657793  length=5 from=842 to=846
 04 05 00 00 00                                   .....
--
> 2024/10/12 18:53:18.840926  length=5 from=847 to=851
 00 80 ff 00 00                                   .....
--
