Applying system reset.
Run.
Applying system reset.
Run.
< 2023/05/13 00:19:26.174912  length=5 from=0 to=4
 00 80 ff 00 00                                   .....
--
> 2023/05/13 00:19:26.238709  length=6 from=0 to=5
 00 03 ff 01 00 01                                ......
--
< 2023/05/13 00:19:26.254831  length=5 from=5 to=9
 00 03 ff 00 00                                   .....
--
> 2023/05/13 00:19:26.366701  length=6 from=6 to=11
 00 03 ff 01 00 02                                ......
--
< 2023/05/13 00:19:26.382894  length=5 from=10 to=14
 00 03 ff 00 00                                   .....
--
> 2023/05/13 00:19:26.510793  length=6 from=12 to=17
 00 03 ff 01 00 04                                ......
--
< 2023/05/13 00:19:26.526862  length=5 from=15 to=19
 00 03 ff 00 00                                   .....
--
> 2023/05/13 00:19:26.638703  length=5 from=18 to=22
 01 03 00 00 00                                   .....
--
< 2023/05/13 00:19:26.654861  length=139 from=20 to=158
 01 03 00 15 01 c8 04 09 c0 ec d7 13 06 00 00 13  ................
 82 00 00 00 00 00 62 74 70 5f 74 65 73 74 65 72  ......btp_tester
 00 00 00 00 00 00 00 00 00 00 00 00 00 00 00 00  ................
 00 00 00 00 00 00 00 00 00 00 00 00 00 00 00 00  ................
 00 00 00 00 00 00 00 00 00 00 00 00 00 00 00 00  ................
 00 00 00 00 00 00 00 00 00 00 00 00 00 00 00 00  ................
 00 00 00 00 00 00 00 00 00 00 00 00 00 00 00 00  ................
 00 00 00 00 00 00 00 00 00 00 00 00 00 00 00 00  ................
 00 00 00 00 00 00 00 00 00 00 00                 ...........
--
< 2023/05/13 00:19:26.656786  length=22 from=159 to=180
 00 00 00 00 00 00 00 00 00 00 00 00 00 00 00 00  ................
 00 00 00 00 00 00                                ......
--
< 2023/05/13 00:19:26.671524  length=121 from=181 to=301
 00 00 00 00 00 00 00 00 00 00 00 00 00 00 00 00  ................
 00 00 00 00 00 00 00 00 00 00 00 00 00 00 00 00  ................
 00 00 00 00 00 00 00 00 00 00 00 00 00 00 00 00  ................
 00 00 00 00 00 00 00 00 00 00 00 00 00 00 00 00  ................
 00 00 00 00 00 00 00 00 00 00 00 00 00 00 00 00  ................
 00 00 00 00 00 00 00 00 00 00 00 00 00 00 00 00  ................
 00 00 00 00 00 00 00 00 00 00 00 00 00 00 00 00  ................
 00 00 00 00 00 00 00 00 00                       .........
--
> 2023/05/13 00:19:33.521207  length=44 from=23 to=66
 04 02 00 27 00 23 8d e2 45 7d ec 4b 03 bd 1a a3  ...'.#..E}.K....
 dd b9 b1 18 ec 00 00 00 00 00 00 00 00 00 00 00  ................
 00 00 00 00 00 00 00 00 01 04 00 00              ............
--
< 2023/05/13 00:19:33.537307  length=5 from=302 to=306
 04 02 00 00 00                                   .....
--
> 2023/05/13 00:19:33.649218  length=5 from=67 to=71
 04 04 00 00 00                                   .....
--
< 2023/05/13 00:19:33.921263  length=5 from=307 to=311
 04 04 00 00 00                                   .....
--
< 2023/05/13 00:19:34.207580  length=27 from=312 to=338
 01 82 00 0d 00 00 b9 15 60 e8 07 c0 38 00 00 00  ........`...8...
 d0 07 01 80 00 04 00 13 82 00 00                 ...........
--
< 2023/05/13 00:19:37.700502  length=9 from=339 to=347
 01 83 00 07 00 00 b9 15 60                       ........`
--
< 2023/05/13 00:19:37.701713  length=3 from=348 to=350
 e8 07 c0                                         ...
--
Applying system reset.
Run.
