Applying system reset.
Run.
< 2022/01/08 01:53:11.041225  length=5 from=0 to=4
 00 80 ff 00 00                                   .....
--
> 2022/01/08 01:53:11.087986  length=6 from=0 to=5
 00 03 ff 01 00 01                                ......
--
< 2022/01/08 01:53:11.103654  length=5 from=5 to=9
 00 03 ff 00 00                                   .....
--
> 2022/01/08 01:53:11.166009  length=6 from=6 to=11
 00 03 ff 01 00 04                                ......
--
< 2022/01/08 01:53:11.181674  length=5 from=10 to=14
 00 03 ff 00 00                                   .....
--
> 2022/01/08 01:53:11.244195  length=5 from=12 to=16
 01 03 00 00 00                                   .....
--
< 2022/01/08 01:53:11.369222  length=36 from=15 to=50
 01 03 00 15 01 36 a7 20 ad 80 fc 13 06 00 00 13  .....6. ........
 82 00 00 00 00 00 62 74 70 5f 74 65 73 74 65 72  ......btp_tester
 00 00 00 00                                      ....
--
< 2022/01/08 01:53:11.384932  length=186 from=51 to=236
 00 00 00 00 00 00 00 00 00 00 00 00 00 00 00 00  ................
 00 00 00 00 00 00 00 00 00 00 00 00 00 00 00 00  ................
 00 00 00 00 00 00 00 00 00 00 00 00 00 00 00 00  ................
 00 00 00 00 00 00 00 00 00 00 00 00 00 00 00 00  ................
 00 00 00 00 00 00 00 00 00 00 00 00 00 00 00 00  ................
 00 00 00 00 00 00 00 00 00 00 00 00 00 00 00 00  ................
 00 00 00 00 00 00 00 00 00 00 00 00 00 00 00 00  ................
 00 00 00 00 00 00 00 00 00 00 00 00 00 00 00 00  ................
 00 00 00 00 00 00 00 00 00 00 00 00 00 00 00 00  ................
 00 00 00 00 00 00 00 00 00 00 00 00 00 00 00 00  ................
 00 00 00 00 00 00 00 00 00 00 00 00 00 00 00 00  ................
 00 00 00 00 00 00 00 00 00 00                    ..........
--
< 2022/01/08 01:53:11.386676  length=11 from=237 to=247
 00 00 00 00 00 00 00 00 00 00 00                 ...........
--
< 2022/01/08 01:53:11.386937  length=13 from=248 to=260
 00 00 00 00 00 00 00 00 00 00 00 00 00           .............
--
< 2022/01/08 01:53:11.400501  length=36 from=261 to=296
 00 00 00 00 00 00 00 00 00 00 00 00 00 00 00 00  ................
 00 00 00 00 00 00 00 00 00 00 00 00 00 00 00 00  ................
 00 00 00 00                                      ....
--
> 2022/01/08 01:53:17.602025  length=44 from=17 to=60
 04 02 00 27 00 a6 25 5c 08 68 ca 4b e5 a2 12 2d  ...'..%\.h.K...-
 03 32 13 af c3 00 00 00 00 00 00 00 00 00 00 00  .2..............
 00 00 00 00 00 02 18 00 00 00 00 00              ............
--
< 2022/01/08 01:53:17.617763  length=5 from=297 to=301
 04 02 00 00 00                                   .....
--
> 2022/01/08 01:53:17.680148  length=5 from=61 to=65
 04 04 00 00 00                                   .....
--
< 2022/01/08 01:53:17.695856  length=5 from=302 to=306
 04 04 00 00 00                                   .....
--
< 2022/01/08 01:53:17.711462  length=6 from=307 to=312
 04 84 00 01 00 00                                ......
--
< 2022/01/08 01:53:19.445511  length=6 from=313 to=318
 04 85 00 01 00 00                                ......
--
