Applying system reset.
Run.
< 2022/04/22 23:19:42.882494  length=5 from=0 to=4
 00 80 ff 00 00                                   .....
--
> 2022/04/22 23:19:42.962221  length=6 from=0 to=5
 00 03 ff 01 00 01                                ......
--
< 2022/04/22 23:19:42.978314  length=5 from=5 to=9
 00 03 ff 00 00                                   .....
--
> 2022/04/22 23:19:43.057963  length=6 from=6 to=11
 00 03 ff 01 00 03                                ......
--
< 2022/04/22 23:19:43.074114  length=5 from=10 to=14
 00 03 ff 00 00                                   .....
--
> 2022/04/22 23:19:43.153739  length=5 from=12 to=16
 01 03 00 00 00                                   .....
--
< 2022/04/22 23:19:43.248559  length=144 from=15 to=158
 01 03 00 15 01 36 a7 20 ad 80 fc 13 06 00 00 13  .....6. ........
 82 00 00 00 00 00 62 74 70 5f 74 65 73 74 65 72  ......btp_tester
 00 00 00 00 00 00 00 00 00 00 00 00 00 00 00 00  ................
 00 00 00 00 00 00 00 00 00 00 00 00 00 00 00 00  ................
 00 00 00 00 00 00 00 00 00 00 00 00 00 00 00 00  ................
 00 00 00 00 00 00 00 00 00 00 00 00 00 00 00 00  ................
 00 00 00 00 00 00 00 00 00 00 00 00 00 00 00 00  ................
 00 00 00 00 00 00 00 00 00 00 00 00 00 00 00 00  ................
 00 00 00 00 00 00 00 00 00 00 00 00 00 00 00 00  ................
--
< 2022/04/22 23:19:43.249829  length=13 from=159 to=171
 00 00 00 00 00 00 00 00 00 00 00 00 00           .............
--
< 2022/04/22 23:19:43.264706  length=125 from=172 to=296
 00 00 00 00 00 00 00 00 00 00 00 00 00 00 00 00  ................
 00 00 00 00 00 00 00 00 00 00 00 00 00 00 00 00  ................
 00 00 00 00 00 00 00 00 00 00 00 00 00 00 00 00  ................
 00 00 00 00 00 00 00 00 00 00 00 00 00 00 00 00  ................
 00 00 00 00 00 00 00 00 00 00 00 00 00 00 00 00  ................
 00 00 00 00 00 00 00 00 00 00 00 00 00 00 00 00  ................
 00 00 00 00 00 00 00 00 00 00 00 00 00 00 00 00  ................
 00 00 00 00 00 00 00 00 00 00 00 00 00           .............
--
> 2022/04/22 23:19:43.343329  length=12 from=17 to=28
 03 05 00 07 00 80 00 01 78 00 00 00              ........x...
--
< 2022/04/22 23:19:43.359291  length=5 from=297 to=301
 03 05 00 00 00                                   .....
--
> 2022/04/22 23:19:49.765510  length=13 from=29 to=41
 01 0e 00 08 00 00 b9 15 60 e8 07 c0 00           ........`....
--
< 2022/04/22 23:19:49.781449  length=5 from=302 to=306
 01 0e 00 00 00                                   .....
--
< 2022/04/22 23:19:50.062977  length=15 from=307 to=321
 01 82 00 0d 00 00 b9 15 60 e8 07 c0 28 00 00     ........`...(..
--
< 2022/04/22 23:19:50.064020  length=3 from=322 to=324
 00 90 01                                         ...
--
> 2022/04/22 23:19:51.105235  length=18 from=42 to=59
 03 02 00 0d 00 00 b9 15 60 e8 07 c0 80 00 78 00  ........`.....x.
 02 01                                            ..
--
< 2022/04/22 23:19:51.121295  length=8 from=325 to=332
 03 02 00 03 00 02 00 01                          ........
--
< 2022/04/22 23:19:55.368958  length=42 from=333 to=374
 03 82 00 0c 00 00 00 00 00 00 00 b9 15 60 e8 07  .............`..
 c0 01 8c 00 08 00 00 b9 15 60 e8 07 c0 09 01 83  .........`......
 00 07 00 00 b9 15 60 e8 07 c0                    ......`...
--
