2024-03-12 16:42:15,274 LT1-thread root DEBUG client.py                 943   _run_test_case            : Starting TestCase _run_test_case CSIP CSIP/CL/SPE/BI-03-C
2024-03-12 16:42:15,274 LT1-thread root DEBUG testcase.py               712   pre_run                   : pre_run CSIP CSIP/CL/SPE/BI-03-C
2024-03-12 16:42:15,274 LT1-thread root DEBUG testcase.py               714   pre_run                   : About to run test case CSIP CSIP/CL/SPE/BI-03-C with commands:
2024-03-12 16:42:15,274 LT1-thread root DEBUG testcase.py               717   pre_run                   : 0) class=<class 'autopts.ptsprojects.testcase.TestFunc'>, func=<bound method Stack.core_init of <autopts.ptsprojects.stack.stack.Stack object at 0x000002265C157A90>> start_wid=None stop_wid=None post_wid=None skip_call=None call_count=0 args=() kwds={}
2024-03-12 16:42:15,274 LT1-thread root DEBUG testcase.py               717   pre_run                   : 1) class=<class 'autopts.ptsprojects.testcase.TestFunc'>, func=<bound method ZephyrCtl.hw_reset of <autopts.ptsprojects.zephyr.iutctl.ZephyrCtl object at 0x000002265C157010>> start_wid=None stop_wid=None post_wid=None skip_call=None call_count=0 args=() kwds={}
2024-03-12 16:42:15,274 LT1-thread root DEBUG testcase.py               717   pre_run                   : 2) class=<class 'autopts.ptsprojects.testcase.TestFunc'>, func=<bound method ZephyrCtl.start of <autopts.ptsprojects.zephyr.iutctl.ZephyrCtl object at 0x000002265C157010>> start_wid=None stop_wid=None post_wid=None skip_call=None call_count=0 args=(<autopts.ptsprojects.zephyr.ztestcase.ZTestCase object at 0x000002265C1FCA30>,) kwds={}
2024-03-12 16:42:15,274 LT1-thread root DEBUG testcase.py               717   pre_run                   : 3) class=<class 'autopts.ptsprojects.testcase.TestFunc'>, func=<bound method ZephyrCtl.hw_reset of <autopts.ptsprojects.zephyr.iutctl.ZephyrCtl object at 0x000002265C157010>> start_wid=None stop_wid=None post_wid=None skip_call=None call_count=0 args=() kwds={}
2024-03-12 16:42:15,274 LT1-thread root DEBUG testcase.py               717   pre_run                   : 4) class=<class 'autopts.ptsprojects.testcase.TestFunc'>, func=<bound method ZephyrCtl.wait_iut_ready_event of <autopts.ptsprojects.zephyr.iutctl.ZephyrCtl object at 0x000002265C157010>> start_wid=None stop_wid=None post_wid=None skip_call=None call_count=0 args=(False,) kwds={}
2024-03-12 16:42:15,274 LT1-thread root DEBUG testcase.py               717   pre_run                   : 5) class=<class 'autopts.ptsprojects.testcase.TestFunc'>, func=<function core_reg_svc_gap at 0x000002265A4EF910> start_wid=None stop_wid=None post_wid=None skip_call=None call_count=9 args=() kwds={}
2024-03-12 16:42:15,274 LT1-thread root DEBUG testcase.py               717   pre_run                   : 6) class=<class 'autopts.ptsprojects.testcase.TestFunc'>, func=<bound method Stack.gap_init of <autopts.ptsprojects.stack.stack.Stack object at 0x000002265C157A90>> start_wid=None stop_wid=None post_wid=None skip_call=None call_count=9 args=(b'Tester_56C9EF',) kwds={}
2024-03-12 16:42:15,274 LT1-thread root DEBUG testcase.py               717   pre_run                   : 7) class=<class 'autopts.ptsprojects.testcase.TestFunc'>, func=<function gap_read_ctrl_info at 0x000002265A5037F0> start_wid=None stop_wid=None post_wid=None skip_call=None call_count=9 args=() kwds={}
2024-03-12 16:42:15,274 LT1-thread root DEBUG testcase.py               717   pre_run                   : 8) class=<class 'autopts.ptsprojects.testcase.TestFunc'>, func=<function test_cases.<locals>.<lambda> at 0x000002265C167760> start_wid=None stop_wid=None post_wid=None skip_call=None call_count=9 args=() kwds={}
2024-03-12 16:42:15,274 LT1-thread root DEBUG testcase.py               717   pre_run                   : 9) class=<class 'autopts.ptsprojects.testcase.TestFunc'>, func=<function core_reg_svc_gatt at 0x000002265A4EFA30> start_wid=None stop_wid=None post_wid=None skip_call=None call_count=9 args=() kwds={}
2024-03-12 16:42:15,274 LT1-thread root DEBUG testcase.py               717   pre_run                   : 10) class=<class 'autopts.ptsprojects.testcase.TestFunc'>, func=<function set_pts_addr at 0x000002265A4EF520> start_wid=None stop_wid=None post_wid=None skip_call=None call_count=9 args=('C0:07:E8:56:C9:EF', 0) kwds={}
2024-03-12 16:42:15,274 LT1-thread root DEBUG testcase.py               717   pre_run                   : 11) class=<class 'autopts.ptsprojects.testcase.TestFunc'>, func=<function gap_set_conn at 0x000002265A5031C0> start_wid=None stop_wid=None post_wid=None skip_call=None call_count=9 args=() kwds={}
2024-03-12 16:42:15,274 LT1-thread root DEBUG testcase.py               717   pre_run                   : 12) class=<class 'autopts.ptsprojects.testcase.TestFunc'>, func=<function gap_set_gendiscov at 0x000002265A503370> start_wid=None stop_wid=None post_wid=None skip_call=None call_count=9 args=() kwds={}
2024-03-12 16:42:15,274 LT1-thread root DEBUG testcase.py               717   pre_run                   : 13) class=<class 'autopts.ptsprojects.testcase.TestFunc'>, func=<function core_reg_svc_csip at 0x000002265A500A60> start_wid=None stop_wid=None post_wid=None skip_call=None call_count=9 args=() kwds={}
2024-03-12 16:42:15,274 LT1-thread root DEBUG testcase.py               717   pre_run                   : 14) class=<class 'autopts.ptsprojects.testcase.TestFunc'>, func=<bound method Stack.csip_init of <autopts.ptsprojects.stack.stack.Stack object at 0x000002265C157A90>> start_wid=None stop_wid=None post_wid=None skip_call=None call_count=9 args=() kwds={}
2024-03-12 16:42:15,274 LT1-thread root DEBUG testcase.py               717   pre_run                   : 15) class=<class 'autopts.ptsprojects.testcase.TestFunc'>, func=<function test_cases.<locals>.<lambda> at 0x000002265C1679A0> start_wid=None stop_wid=None post_wid=None skip_call=None call_count=9 args=() kwds={}
2024-03-12 16:42:15,274 LT1-thread root DEBUG testcase.py               717   pre_run                   : 16) class=<class 'autopts.ptsprojects.testcase.TestFuncCleanUp'>, func=<bound method Stack.cleanup of <autopts.ptsprojects.stack.stack.Stack object at 0x000002265C157A90>> start_wid=None stop_wid=None post_wid=None skip_call=None call_count=0 args=() kwds={}
2024-03-12 16:42:15,274 LT1-thread root DEBUG testcase.py               717   pre_run                   : 17) class=<class 'autopts.ptsprojects.testcase.TestFuncCleanUp'>, func=<bound method ZephyrCtl.stop of <autopts.ptsprojects.zephyr.iutctl.ZephyrCtl object at 0x000002265C157010>> start_wid=None stop_wid=None post_wid=None skip_call=None call_count=0 args=() kwds={}
2024-03-12 16:42:15,274 LT1-thread root DEBUG testcase.py               724   pre_run                   : pre_run, run pre test case script
2024-03-12 16:42:15,289 LT1-thread root DEBUG testcase.py               253   start                     : Starting test function: class=<class 'autopts.ptsprojects.testcase.TestFunc'>, func=<bound method Stack.core_init of <autopts.ptsprojects.stack.stack.Stack object at 0x000002265C157A90>> start_wid=None stop_wid=None post_wid=None skip_call=None call_count=1 args=() kwds={}
2024-03-12 16:42:15,289 LT1-thread root DEBUG testcase.py               265   start                     : Test function parameters: args=(), kwds={}
2024-03-12 16:42:15,289 LT1-thread root DEBUG testcase.py               253   start                     : Starting test function: class=<class 'autopts.ptsprojects.testcase.TestFunc'>, func=<bound method ZephyrCtl.hw_reset of <autopts.ptsprojects.zephyr.iutctl.ZephyrCtl object at 0x000002265C157010>> start_wid=None stop_wid=None post_wid=None skip_call=None call_count=1 args=() kwds={}
2024-03-12 16:42:15,289 LT1-thread root DEBUG testcase.py               265   start                     : Test function parameters: args=(), kwds={}
2024-03-12 16:42:15,289 LT1-thread root DEBUG testcase.py               253   start                     : Starting test function: class=<class 'autopts.ptsprojects.testcase.TestFunc'>, func=<bound method ZephyrCtl.start of <autopts.ptsprojects.zephyr.iutctl.ZephyrCtl object at 0x000002265C157010>> start_wid=None stop_wid=None post_wid=None skip_call=None call_count=1 args=(<autopts.ptsprojects.zephyr.ztestcase.ZTestCase object at 0x000002265C1FCA30>,) kwds={}
2024-03-12 16:42:15,289 LT1-thread root DEBUG testcase.py               265   start                     : Test function parameters: args=(<autopts.ptsprojects.zephyr.ztestcase.ZTestCase object at 0x000002265C1FCA30>,), kwds={}
2024-03-12 16:42:15,289 LT1-thread root DEBUG iutctl.py                 103   start                     : <class 'autopts.ptsprojects.zephyr.iutctl.ZephyrCtl'>.start
2024-03-12 16:42:15,289 LT1-thread root DEBUG iutctl.py                 168   flush_serial              : <class 'autopts.ptsprojects.zephyr.iutctl.ZephyrCtl'>.flush_serial
2024-03-12 16:42:16,383 LT1-thread root DEBUG iutctl.py                 133   start                     : Starting socat process: socat.exe -x -v tcp:192.168.9.44:58318,retry=100,interval=1 /dev/ttyS5,raw,b115200
2024-03-12 16:42:16,383 LT1-thread root DEBUG iutctl_common.py          293   accept                    : accept
2024-03-12 16:42:16,414 BTPWorkerThread-189 (_rx_task) root DEBUG iutctl_common.py          198   _rx_task                  : BTPWorkerThread-189 (_rx_task) started
2024-03-12 16:42:16,414 LT1-thread root DEBUG testcase.py               253   start                     : Starting test function: class=<class 'autopts.ptsprojects.testcase.TestFunc'>, func=<bound method ZephyrCtl.hw_reset of <autopts.ptsprojects.zephyr.iutctl.ZephyrCtl object at 0x000002265C157010>> start_wid=None stop_wid=None post_wid=None skip_call=None call_count=1 args=() kwds={}
2024-03-12 16:42:16,414 LT1-thread root DEBUG testcase.py               265   start                     : Test function parameters: args=(), kwds={}
2024-03-12 16:42:16,414 LT1-thread root DEBUG testcase.py               253   start                     : Starting test function: class=<class 'autopts.ptsprojects.testcase.TestFunc'>, func=<bound method ZephyrCtl.wait_iut_ready_event of <autopts.ptsprojects.zephyr.iutctl.ZephyrCtl object at 0x000002265C157010>> start_wid=None stop_wid=None post_wid=None skip_call=None call_count=1 args=(False,) kwds={}
2024-03-12 16:42:16,414 LT1-thread root DEBUG testcase.py               265   start                     : Test function parameters: args=(False,), kwds={}
2024-03-12 16:42:16,414 LT1-thread root DEBUG iutctl.py                 229   wait_iut_ready_event      : IUT ready event received OK
2024-03-12 16:42:16,414 LT1-thread root DEBUG testcase.py               253   start                     : Starting test function: class=<class 'autopts.ptsprojects.testcase.TestFunc'>, func=<function core_reg_svc_gap at 0x000002265A4EF910> start_wid=None stop_wid=None post_wid=None skip_call=None call_count=10 args=() kwds={}
2024-03-12 16:42:16,414 LT1-thread root DEBUG testcase.py               265   start                     : Test function parameters: args=(), kwds={}
2024-03-12 16:42:16,414 LT1-thread root DEBUG btp.py                    458   core_reg_svc_gap          : core_reg_svc_gap
2024-03-12 16:42:16,414 LT1-thread root DEBUG iutctl_common.py          106   send                      : send, 0 3 255 '1'
2024-03-12 16:42:16,414 LT1-thread root DEBUG iutctl_common.py          111   send                      : sending frame '0003ff010001'
2024-03-12 16:42:16,414 LT1-thread root DEBUG btp.py                    707   core_reg_svc_rsp_succ     : core_reg_svc_rsp_succ
2024-03-12 16:42:16,414 LT1-thread root DEBUG iutctl_common.py          230   read                      : read
2024-03-12 16:42:16,492 BTPWorkerThread-189 (_rx_task) root DEBUG iutctl_common.py          76    read                      : Read 5 bytes
2024-03-12 16:42:16,508 BTPWorkerThread-189 (_rx_task) root DEBUG iutctl_common.py          83    read                      : Received: hdr: Header(svc_id=0, op=3, ctrl_index=255, data_len=0) bytearray(b'\x00\x03\xff\x00\x00')
2024-03-12 16:42:16,524 BTPWorkerThread-189 (_rx_task) root DEBUG iutctl_common.py          99    read                      : Received data: {''}, bytearray(b'')
2024-03-12 16:42:16,539 LT1-thread root DEBUG btp.py                    718   core_reg_svc_rsp_succ     : received Header(svc_id=0, op=3, ctrl_index=255, data_len=0) (b'',)
2024-03-12 16:42:16,539 LT1-thread root DEBUG btp.py                    719   core_reg_svc_rsp_succ     : expected ((0, 3, 255, 0), (b'',))
2024-03-12 16:42:16,539 LT1-thread root DEBUG btp.py                    724   core_reg_svc_rsp_succ     : response is valid
2024-03-12 16:42:16,539 LT1-thread root DEBUG testcase.py               253   start                     : Starting test function: class=<class 'autopts.ptsprojects.testcase.TestFunc'>, func=<bound method Stack.gap_init of <autopts.ptsprojects.stack.stack.Stack object at 0x000002265C157A90>> start_wid=None stop_wid=None post_wid=None skip_call=None call_count=10 args=(b'Tester_56C9EF',) kwds={}
2024-03-12 16:42:16,539 LT1-thread root DEBUG testcase.py               265   start                     : Test function parameters: args=(b'Tester_56C9EF',), kwds={}
2024-03-12 16:42:16,539 LT1-thread root DEBUG testcase.py               253   start                     : Starting test function: class=<class 'autopts.ptsprojects.testcase.TestFunc'>, func=<function gap_read_ctrl_info at 0x000002265A5037F0> start_wid=None stop_wid=None post_wid=None skip_call=None call_count=10 args=() kwds={}
2024-03-12 16:42:16,539 LT1-thread root DEBUG testcase.py               265   start                     : Test function parameters: args=(), kwds={}
2024-03-12 16:42:16,539 LT1-thread root DEBUG gap.py                    937   gap_read_ctrl_info        : gap_read_ctrl_info
2024-03-12 16:42:16,539 LT1-thread root DEBUG iutctl_common.py          106   send                      : send, 1 3 0 ''
2024-03-12 16:42:16,539 LT1-thread root DEBUG iutctl_common.py          111   send                      : sending frame '0103000000'
2024-03-12 16:42:16,539 LT1-thread root DEBUG iutctl_common.py          230   read                      : read
2024-03-12 16:42:16,711 BTPWorkerThread-189 (_rx_task) root DEBUG iutctl_common.py          76    read                      : Read 5 bytes
2024-03-12 16:42:16,727 BTPWorkerThread-189 (_rx_task) root DEBUG iutctl_common.py          83    read                      : Received: hdr: Header(svc_id=1, op=3, ctrl_index=0, data_len=277) bytearray(b'\x01\x03\x00\x15\x01')
2024-03-12 16:42:16,774 BTPWorkerThread-189 (_rx_task) root DEBUG iutctl_common.py          91    read                      : Read 277 bytes data
2024-03-12 16:42:16,789 BTPWorkerThread-189 (_rx_task) root DEBUG iutctl_common.py          99    read                      : Received data: {'51 e1 e0 8b 6c 6f 13 06 02 00 13 22 00 00 00 00 00 62 74 70 5f 74 65 73 74 65 72 00 00 00 00 00 00 00 00 00 00 00 00 00 00 00 00 00 00 00 00 00 00 00 00 00 00 00 00 00 00 00 00 00 00 00 00 00 00 00 00 00 00 00 00 00 00 00 00 00 00 00 00 00 00 00 00 00 00 00 00 00 00 00 00 00 00 00 00 00 00 00 00 00 00 00 00 00 00 00 00 00 00 00 00 00 00 00 00 00 00 00 00 00 00 00 00 00 00 00 00 00 00 00 00 00 00 00 00 00 00 00 00 00 00 00 00 00 00 00 00 00 00 00 00 00 00 00 00 00 00 00 00 00 00 00 00 00 00 00 00 00 00 00 00 00 00 00 00 00 00 00 00 00 00 00 00 00 00 00 00 00 00 00 00 00 00 00 00 00 00 00 00 00 00 00 00 00 00 00 00 00 00 00 00 00 00 00 00 00 00 00 00 00 00 00 00 00 00 00 00 00 00 00 00 00 00 00 00 00 00 00 00 00 00 00 00 00 00 00 00 00 00 00 00 00 00 00 00 00 00 00 00 00 00 00 00 00 00 00 00 00 00 00 00 00 00 00 00 00 00'}, bytearray(b'Q\xe1\xe0\x8blo\x13\x06\x02\x00\x13"\x00\x00\x00\x00\x00btp_tester\x00\x00\x00\x00\x00\x00\x00\x00\x00\x00\x00\x00\x00\x00\x00\x00\x00\x00\x00\x00\x00\x00\x00\x00\x00\x00\x00\x00\x00\x00\x00\x00\x00\x00\x00\x00\x00\x00\x00\x00\x00\x00\x00\x00\x00\x00\x00\x00\x00\x00\x00\x00\x00\x00\x00\x00\x00\x00\x00\x00\x00\x00\x00\x00\x00\x00\x00\x00\x00\x00\x00\x00\x00\x00\x00\x00\x00\x00\x00\x00\x00\x00\x00\x00\x00\x00\x00\x00\x00\x00\x00\x00\x00\x00\x00\x00\x00\x00\x00\x00\x00\x00\x00\x00\x00\x00\x00\x00\x00\x00\x00\x00\x00\x00\x00\x00\x00\x00\x00\x00\x00\x00\x00\x00\x00\x00\x00\x00\x00\x00\x00\x00\x00\x00\x00\x00\x00\x00\x00\x00\x00\x00\x00\x00\x00\x00\x00\x00\x00\x00\x00\x00\x00\x00\x00\x00\x00\x00\x00\x00\x00\x00\x00\x00\x00\x00\x00\x00\x00\x00\x00\x00\x00\x00\x00\x00\x00\x00\x00\x00\x00\x00\x00\x00\x00\x00\x00\x00\x00\x00\x00\x00\x00\x00\x00\x00\x00\x00\x00\x00\x00\x00\x00\x00\x00\x00\x00\x00\x00\x00\x00\x00\x00\x00\x00\x00\x00\x00\x00\x00\x00\x00\x00\x00\x00\x00\x00\x00\x00\x00\x00\x00\x00\x00\x00\x00\x00\x00\x00\x00\x00\x00\x00\x00\x00\x00\x00\x00\x00\x00')
2024-03-12 16:42:16,805 LT1-thread root DEBUG gap.py                    944   gap_read_ctrl_info        : received Header(svc_id=1, op=3, ctrl_index=0, data_len=277) (b'Q\xe1\xe0\x8blo\x13\x06\x02\x00\x13"\x00\x00\x00\x00\x00btp_tester\x00\x00\x00\x00\x00\x00\x00\x00\x00\x00\x00\x00\x00\x00\x00\x00\x00\x00\x00\x00\x00\x00\x00\x00\x00\x00\x00\x00\x00\x00\x00\x00\x00\x00\x00\x00\x00\x00\x00\x00\x00\x00\x00\x00\x00\x00\x00\x00\x00\x00\x00\x00\x00\x00\x00\x00\x00\x00\x00\x00\x00\x00\x00\x00\x00\x00\x00\x00\x00\x00\x00\x00\x00\x00\x00\x00\x00\x00\x00\x00\x00\x00\x00\x00\x00\x00\x00\x00\x00\x00\x00\x00\x00\x00\x00\x00\x00\x00\x00\x00\x00\x00\x00\x00\x00\x00\x00\x00\x00\x00\x00\x00\x00\x00\x00\x00\x00\x00\x00\x00\x00\x00\x00\x00\x00\x00\x00\x00\x00\x00\x00\x00\x00\x00\x00\x00\x00\x00\x00\x00\x00\x00\x00\x00\x00\x00\x00\x00\x00\x00\x00\x00\x00\x00\x00\x00\x00\x00\x00\x00\x00\x00\x00\x00\x00\x00\x00\x00\x00\x00\x00\x00\x00\x00\x00\x00\x00\x00\x00\x00\x00\x00\x00\x00\x00\x00\x00\x00\x00\x00\x00\x00\x00\x00\x00\x00\x00\x00\x00\x00\x00\x00\x00\x00\x00\x00\x00\x00\x00\x00\x00\x00\x00\x00\x00\x00\x00\x00\x00\x00\x00\x00\x00\x00\x00\x00\x00\x00\x00\x00\x00\x00\x00\x00\x00\x00\x00\x00\x00\x00\x00\x00\x00\x00\x00\x00\x00\x00\x00\x00',)
2024-03-12 16:42:16,805 LT1-thread root DEBUG gap.py                    965   gap_read_ctrl_info        : IUT address '6f6c8be0e151' 'random'
2024-03-12 16:42:16,805 LT1-thread root DEBUG gap.py                    400   __gap_current_settings_update : __gap_current_settings_update 8723
2024-03-12 16:42:16,805 LT1-thread root DEBUG testcase.py               253   start                     : Starting test function: class=<class 'autopts.ptsprojects.testcase.TestFunc'>, func=<function test_cases.<locals>.<lambda> at 0x000002265C167760> start_wid=None stop_wid=None post_wid=None skip_call=None call_count=10 args=() kwds={}
2024-03-12 16:42:16,805 LT1-thread root DEBUG testcase.py               265   start                     : Test function parameters: args=(), kwds={}
2024-03-12 16:42:16,805 LT1-thread root DEBUG testcase.py               253   start                     : Starting test function: class=<class 'autopts.ptsprojects.testcase.TestFunc'>, func=<function core_reg_svc_gatt at 0x000002265A4EFA30> start_wid=None stop_wid=None post_wid=None skip_call=None call_count=10 args=() kwds={}
2024-03-12 16:42:16,805 LT1-thread root DEBUG testcase.py               265   start                     : Test function parameters: args=(), kwds={}
2024-03-12 16:42:16,805 LT1-thread root DEBUG btp.py                    476   core_reg_svc_gatt         : core_reg_svc_gatt
2024-03-12 16:42:16,805 LT1-thread root DEBUG iutctl_common.py          106   send                      : send, 0 3 255 '2'
2024-03-12 16:42:16,805 LT1-thread root DEBUG iutctl_common.py          111   send                      : sending frame '0003ff010002'
2024-03-12 16:42:16,805 LT1-thread root DEBUG btp.py                    707   core_reg_svc_rsp_succ     : core_reg_svc_rsp_succ
2024-03-12 16:42:16,805 LT1-thread root DEBUG iutctl_common.py          230   read                      : read
2024-03-12 16:42:16,883 BTPWorkerThread-189 (_rx_task) root DEBUG iutctl_common.py          76    read                      : Read 5 bytes
2024-03-12 16:42:16,899 BTPWorkerThread-189 (_rx_task) root DEBUG iutctl_common.py          83    read                      : Received: hdr: Header(svc_id=0, op=3, ctrl_index=255, data_len=0) bytearray(b'\x00\x03\xff\x00\x00')
2024-03-12 16:42:16,914 BTPWorkerThread-189 (_rx_task) root DEBUG iutctl_common.py          99    read                      : Received data: {''}, bytearray(b'')
2024-03-12 16:42:16,914 LT1-thread root DEBUG btp.py                    718   core_reg_svc_rsp_succ     : received Header(svc_id=0, op=3, ctrl_index=255, data_len=0) (b'',)
2024-03-12 16:42:16,914 LT1-thread root DEBUG btp.py                    719   core_reg_svc_rsp_succ     : expected ((0, 3, 255, 0), (b'',))
2024-03-12 16:42:16,914 LT1-thread root DEBUG btp.py                    724   core_reg_svc_rsp_succ     : response is valid
2024-03-12 16:42:16,914 LT1-thread root DEBUG testcase.py               253   start                     : Starting test function: class=<class 'autopts.ptsprojects.testcase.TestFunc'>, func=<function set_pts_addr at 0x000002265A4EF520> start_wid=None stop_wid=None post_wid=None skip_call=None call_count=10 args=('C0:07:E8:56:C9:EF', 0) kwds={}
2024-03-12 16:42:16,914 LT1-thread root DEBUG testcase.py               265   start                     : Test function parameters: args=('C0:07:E8:56:C9:EF', 0), kwds={}
2024-03-12 16:42:16,914 LT1-thread root DEBUG testcase.py               253   start                     : Starting test function: class=<class 'autopts.ptsprojects.testcase.TestFunc'>, func=<function gap_set_conn at 0x000002265A5031C0> start_wid=None stop_wid=None post_wid=None skip_call=None call_count=10 args=() kwds={}
2024-03-12 16:42:16,914 LT1-thread root DEBUG testcase.py               265   start                     : Test function parameters: args=(), kwds={}
2024-03-12 16:42:16,914 LT1-thread root DEBUG gap.py                    758   gap_set_conn              : gap_set_conn
2024-03-12 16:42:16,914 LT1-thread root DEBUG testcase.py               253   start                     : Starting test function: class=<class 'autopts.ptsprojects.testcase.TestFunc'>, func=<function gap_set_gendiscov at 0x000002265A503370> start_wid=None stop_wid=None post_wid=None skip_call=None call_count=10 args=() kwds={}
2024-03-12 16:42:16,914 LT1-thread root DEBUG testcase.py               265   start                     : Test function parameters: args=(), kwds={}
2024-03-12 16:42:16,914 LT1-thread root DEBUG gap.py                    809   gap_set_gendiscov         : gap_set_gendiscov
2024-03-12 16:42:16,914 LT1-thread root DEBUG iutctl_common.py          106   send                      : send, 1 8 0 '1'
2024-03-12 16:42:16,914 LT1-thread root DEBUG iutctl_common.py          111   send                      : sending frame '010800010001'
2024-03-12 16:42:16,914 LT1-thread root DEBUG gap.py                    972   gap_command_rsp_succ      : gap_command_rsp_succ
2024-03-12 16:42:16,914 LT1-thread root DEBUG iutctl_common.py          230   read                      : read
2024-03-12 16:42:16,961 BTPWorkerThread-189 (_rx_task) root DEBUG iutctl_common.py          76    read                      : Read 5 bytes
2024-03-12 16:42:16,977 BTPWorkerThread-189 (_rx_task) root DEBUG iutctl_common.py          83    read                      : Received: hdr: Header(svc_id=1, op=8, ctrl_index=0, data_len=4) bytearray(b'\x01\x08\x00\x04\x00')
2024-03-12 16:42:17,024 BTPWorkerThread-189 (_rx_task) root DEBUG iutctl_common.py          91    read                      : Read 4 bytes data
2024-03-12 16:42:17,039 BTPWorkerThread-189 (_rx_task) root DEBUG iutctl_common.py          99    read                      : Received data: {'1b 22 00 00'}, bytearray(b'\x1b"\x00\x00')
2024-03-12 16:42:17,039 LT1-thread root DEBUG gap.py                    977   gap_command_rsp_succ      : received Header(svc_id=1, op=8, ctrl_index=0, data_len=4) (b'\x1b"\x00\x00',)
2024-03-12 16:42:17,039 LT1-thread root DEBUG gap.py                    400   __gap_current_settings_update : __gap_current_settings_update (b'\x1b"\x00\x00',)
2024-03-12 16:42:17,039 LT1-thread root DEBUG testcase.py               253   start                     : Starting test function: class=<class 'autopts.ptsprojects.testcase.TestFunc'>, func=<function core_reg_svc_csip at 0x000002265A500A60> start_wid=None stop_wid=None post_wid=None skip_call=None call_count=10 args=() kwds={}
2024-03-12 16:42:17,039 LT1-thread root DEBUG testcase.py               265   start                     : Test function parameters: args=(), kwds={}
2024-03-12 16:42:17,039 LT1-thread root DEBUG btp.py                    678   core_reg_svc_csip         : core_reg_svc_csip
2024-03-12 16:42:17,039 LT1-thread root DEBUG iutctl_common.py          106   send                      : send, 0 3 255 '25'
2024-03-12 16:42:17,039 LT1-thread root DEBUG iutctl_common.py          111   send                      : sending frame '0003ff010019'
2024-03-12 16:42:17,039 LT1-thread root DEBUG iutctl_common.py          230   read                      : read
2024-03-12 16:42:17,086 BTPWorkerThread-189 (_rx_task) root DEBUG iutctl_common.py          76    read                      : Read 5 bytes
2024-03-12 16:42:17,086 BTPWorkerThread-189 (_rx_task) root DEBUG iutctl_common.py          83    read                      : Received: hdr: Header(svc_id=0, op=3, ctrl_index=255, data_len=0) bytearray(b'\x00\x03\xff\x00\x00')
2024-03-12 16:42:17,086 BTPWorkerThread-189 (_rx_task) root DEBUG iutctl_common.py          99    read                      : Received data: {''}, bytearray(b'')
2024-03-12 16:42:17,086 LT1-thread root DEBUG testcase.py               253   start                     : Starting test function: class=<class 'autopts.ptsprojects.testcase.TestFunc'>, func=<bound method Stack.csip_init of <autopts.ptsprojects.stack.stack.Stack object at 0x000002265C157A90>> start_wid=None stop_wid=None post_wid=None skip_call=None call_count=10 args=() kwds={}
2024-03-12 16:42:17,086 LT1-thread root DEBUG testcase.py               265   start                     : Test function parameters: args=(), kwds={}
2024-03-12 16:42:17,086 LT1-thread root DEBUG testcase.py               253   start                     : Starting test function: class=<class 'autopts.ptsprojects.testcase.TestFunc'>, func=<function test_cases.<locals>.<lambda> at 0x000002265C1679A0> start_wid=None stop_wid=None post_wid=None skip_call=None call_count=10 args=() kwds={}
2024-03-12 16:42:17,086 LT1-thread root DEBUG testcase.py               265   start                     : Test function parameters: args=(), kwds={}
2024-03-12 16:42:17,086 LT1-thread root DEBUG client.py                 312   get_result                : ClientCallback.get_result run_test_case
2024-03-12 16:42:22,711 LT1-callback ClientCallback.on_implicit_send INFO client.py                 259   on_implicit_send          : 
    ********************
    BEGIN OnImplicitSend:
    project_name: CSIP
    wid: 20100
    test_case_name: CSIP/CL/SPE/BI-03-C
    description: Please initiate a GATT connection to the PTS.

Description: Verify that the Implementation Under Test (IUT) can initiate a GATT connect request to the PTS.
    style: MMI_Style_Ok_Cancel2 0x11141
2024-03-12 16:42:22,711 LT1-callback ClientCallback.on_implicit_send INFO client.py                 272   on_implicit_send          : Calling test cases on_implicit_send
2024-03-12 16:42:22,711 LT1-callback ClientCallback.on_implicit_send INFO client.py                 285   on_implicit_send          : 
    on_implicit_send returned response: WAIT
    END OnImplicitSend
    ********************
2024-03-12 16:42:23,118 LT1-thread root DEBUG testcase.py               671   run_wid                   : CSIP CSIP/CL/SPE/BI-03-C on_implicit_send
2024-03-12 16:42:23,118 LT1-thread root DEBUG csip_wid.py               24    csip_wid_hdl              : csip_wid_hdl, 20100, Please initiate a GATT connection to the PTS.

Description: Verify that the Implementation Under Test (IUT) can initiate a GATT connect request to the PTS., CSIP/CL/SPE/BI-03-C
2024-03-12 16:42:23,118 LT1-thread root DEBUG gap.py                    561   gap_conn                  : gap_conn 'c007e856c9ef' 0
2024-03-12 16:42:23,118 LT1-thread root DEBUG iutctl_common.py          106   send                      : send, 1 14 0 "bytearray(b'\\x00\\xef\\xc9V\\xe8\\x07\\xc0\\x00')"
2024-03-12 16:42:23,118 LT1-thread root DEBUG iutctl_common.py          111   send                      : sending frame '010e00080000efc956e807c000'
2024-03-12 16:42:23,118 LT1-thread root DEBUG iutctl_common.py          230   read                      : read
2024-03-12 16:42:23,180 BTPWorkerThread-189 (_rx_task) root DEBUG iutctl_common.py          76    read                      : Read 5 bytes
2024-03-12 16:42:23,180 BTPWorkerThread-189 (_rx_task) root DEBUG iutctl_common.py          83    read                      : Received: hdr: Header(svc_id=1, op=14, ctrl_index=0, data_len=0) bytearray(b'\x01\x0e\x00\x00\x00')
2024-03-12 16:42:23,180 BTPWorkerThread-189 (_rx_task) root DEBUG iutctl_common.py          99    read                      : Received data: {''}, bytearray(b'')
2024-03-12 16:42:23,399 BTPWorkerThread-189 (_rx_task) root DEBUG iutctl_common.py          76    read                      : Read 5 bytes
2024-03-12 16:42:23,415 BTPWorkerThread-189 (_rx_task) root DEBUG iutctl_common.py          83    read                      : Received: hdr: Header(svc_id=1, op=130, ctrl_index=0, data_len=13) bytearray(b'\x01\x82\x00\r\x00')
2024-03-12 16:42:23,461 BTPWorkerThread-189 (_rx_task) root DEBUG iutctl_common.py          91    read                      : Read 13 bytes data
2024-03-12 16:42:23,461 BTPWorkerThread-189 (_rx_task) root DEBUG iutctl_common.py          99    read                      : Received data: {'00 ef c9 56 e8 07 c0 28 00 00 00 90 01'}, bytearray(b'\x00\xef\xc9V\xe8\x07\xc0(\x00\x00\x00\x90\x01')
2024-03-12 16:42:23,477 BTPWorkerThread-189 (_rx_task) root DEBUG btp.py                    810   event_handler             : event_handler Header(svc_id=1, op=130, ctrl_index=0, data_len=13) (b'\x00\xef\xc9V\xe8\x07\xc0(\x00\x00\x00\x90\x01',)
2024-03-12 16:42:23,493 BTPWorkerThread-189 (_rx_task) root DEBUG gap.py                    171   gap_connected_ev_         : gap_connected_ev_ b'\x00\xef\xc9V\xe8\x07\xc0(\x00\x00\x00\x90\x01'
2024-03-12 16:42:25,160 BTPWorkerThread-189 (_rx_task) root DEBUG iutctl_common.py          76    read                      : Read 5 bytes
2024-03-12 16:42:25,160 BTPWorkerThread-189 (_rx_task) root DEBUG iutctl_common.py          83    read                      : Received: hdr: Header(svc_id=1, op=137, ctrl_index=0, data_len=8) bytearray(b'\x01\x89\x00\x08\x00')
2024-03-12 16:42:25,165 BTPWorkerThread-189 (_rx_task) root DEBUG iutctl_common.py          91    read                      : Read 8 bytes data
2024-03-12 16:42:25,165 BTPWorkerThread-189 (_rx_task) root DEBUG iutctl_common.py          99    read                      : Received data: {'00 ef c9 56 e8 07 c0 02'}, bytearray(b'\x00\xef\xc9V\xe8\x07\xc0\x02')
2024-03-12 16:42:25,196 BTPWorkerThread-189 (_rx_task) root DEBUG btp.py                    810   event_handler             : event_handler Header(svc_id=1, op=137, ctrl_index=0, data_len=8) (b'\x00\xef\xc9V\xe8\x07\xc0\x02',)
2024-03-12 16:42:25,196 BTPWorkerThread-189 (_rx_task) root DEBUG gap.py                    256   gap_sec_level_changed_ev_ : gap_sec_level_changed_ev_
2024-03-12 16:42:25,196 BTPWorkerThread-189 (_rx_task) root DEBUG gap.py                    258   gap_sec_level_changed_ev_ : received b'\x00\xef\xc9V\xe8\x07\xc0\x02'
2024-03-12 16:42:25,196 BTPWorkerThread-189 (_rx_task) root DEBUG gap.py                    269   gap_sec_level_changed_ev_ : received (0, 'c007e856c9ef', 2)
2024-03-12 16:42:25,196 LT1-thread root DEBUG csip.py                   68    csip_discover             : csip_discover
2024-03-12 16:42:25,196 LT1-thread root DEBUG iutctl_common.py          106   send                      : send, 25 2 0 "bytearray(b'\\x00\\xef\\xc9V\\xe8\\x07\\xc0')"
2024-03-12 16:42:25,196 LT1-thread root DEBUG iutctl_common.py          111   send                      : sending frame '190200070000efc956e807c0'
2024-03-12 16:42:25,196 LT1-thread root DEBUG csip.py                   55    csip_command_rsp_succ     : csip_command_rsp_succ
2024-03-12 16:42:25,196 LT1-thread root DEBUG iutctl_common.py          230   read                      : read
2024-03-12 16:42:25,275 BTPWorkerThread-189 (_rx_task) root DEBUG iutctl_common.py          76    read                      : Read 5 bytes
2024-03-12 16:42:25,290 BTPWorkerThread-189 (_rx_task) root DEBUG iutctl_common.py          83    read                      : Received: hdr: Header(svc_id=25, op=2, ctrl_index=0, data_len=0) bytearray(b'\x19\x02\x00\x00\x00')
2024-03-12 16:42:25,306 BTPWorkerThread-189 (_rx_task) root DEBUG iutctl_common.py          99    read                      : Received data: {''}, bytearray(b'')
2024-03-12 16:42:25,337 LT1-thread root DEBUG csip.py                   60    csip_command_rsp_succ     : received Header(svc_id=25, op=2, ctrl_index=0, data_len=0) (b'',)
2024-03-12 16:42:26,509 BTPWorkerThread-189 (_rx_task) root DEBUG iutctl_common.py          76    read                      : Read 5 bytes
2024-03-12 16:42:26,525 BTPWorkerThread-189 (_rx_task) root DEBUG iutctl_common.py          83    read                      : Received: hdr: Header(svc_id=25, op=129, ctrl_index=0, data_len=23) bytearray(b'\x19\x81\x00\x17\x00')
2024-03-12 16:42:26,540 BTPWorkerThread-189 (_rx_task) root DEBUG iutctl_common.py          91    read                      : Read 23 bytes data
2024-03-12 16:42:26,556 BTPWorkerThread-189 (_rx_task) root DEBUG iutctl_common.py          99    read                      : Received data: {'00 ef c9 56 e8 07 c0 b8 03 ea c6 af bb 65 a2 5a 41 f1 53 05 68 8e 83'}, bytearray(b'\x00\xef\xc9V\xe8\x07\xc0\xb8\x03\xea\xc6\xaf\xbbe\xa2ZA\xf1S\x05h\x8e\x83')
2024-03-12 16:42:26,587 BTPWorkerThread-189 (_rx_task) root DEBUG btp.py                    810   event_handler             : event_handler Header(svc_id=25, op=129, ctrl_index=0, data_len=23) (b'\x00\xef\xc9V\xe8\x07\xc0\xb8\x03\xea\xc6\xaf\xbbe\xa2ZA\xf1S\x05h\x8e\x83',)
2024-03-12 16:42:26,603 BTPWorkerThread-189 (_rx_task) root DEBUG csip.py                   137   csip_sirk_ev              : csip_sirk_ev b'\x00\xef\xc9V\xe8\x07\xc0\xb8\x03\xea\xc6\xaf\xbbe\xa2ZA\xf1S\x05h\x8e\x83'
2024-03-12 16:42:26,603 BTPWorkerThread-189 (_rx_task) root DEBUG csip.py                   148   csip_sirk_ev              : CSIP Sirk event: addr c007e856c9ef, addr_type 0, sirk 838e680553f1415aa265bbafc6ea03b8
2024-03-12 16:42:26,618 BTPWorkerThread-189 (_rx_task) root DEBUG iutctl_common.py          76    read                      : Read 5 bytes
2024-03-12 16:42:26,618 BTPWorkerThread-189 (_rx_task) root DEBUG iutctl_common.py          83    read                      : Received: hdr: Header(svc_id=25, op=128, ctrl_index=0, data_len=16) bytearray(b'\x19\x80\x00\x10\x00')
2024-03-12 16:42:26,618 LT1-thread root DEBUG testcase.py               707   run_wid                   : Sending response 'OK' to wid 20100 test case CSIP/CL/SPE/BI-03-C
2024-03-12 16:42:26,618 BTPWorkerThread-189 (_rx_task) root DEBUG iutctl_common.py          91    read                      : Read 16 bytes data
2024-03-12 16:42:26,618 BTPWorkerThread-189 (_rx_task) root DEBUG iutctl_common.py          99    read                      : Received data: {'00 ef c9 56 e8 07 c0 00 62 01 67 01 64 01 6a 01'}, bytearray(b'\x00\xef\xc9V\xe8\x07\xc0\x00b\x01g\x01d\x01j\x01')
2024-03-12 16:42:26,618 BTPWorkerThread-189 (_rx_task) root DEBUG btp.py                    810   event_handler             : event_handler Header(svc_id=25, op=128, ctrl_index=0, data_len=16) (b'\x00\xef\xc9V\xe8\x07\xc0\x00b\x01g\x01d\x01j\x01',)
2024-03-12 16:42:26,618 BTPWorkerThread-189 (_rx_task) root DEBUG csip.py                   115   csip_ev_discovery_completed : csip_ev_discovery_completed b'\x00\xef\xc9V\xe8\x07\xc0\x00b\x01g\x01d\x01j\x01'
2024-03-12 16:42:26,618 BTPWorkerThread-189 (_rx_task) root DEBUG csip.py                   125   csip_ev_discovery_completed : CSIP Discovery Completed: addr c007e856c9ef, addr_type 0, status 0, Set Sirk Handle 354, Set Size Handle 359, Set Lock Handle 356, Rank Handle 362
2024-03-12 16:42:26,618 LT1-thread root DEBUG client.py                 312   get_result                : ClientCallback.get_result run_test_case
2024-03-12 16:42:26,618 LT1-callback ClientCallback.on_implicit_send INFO client.py                 259   on_implicit_send          : 
    ********************
    BEGIN OnImplicitSend:
    project_name: CSIP
    wid: 20110
    test_case_name: CSIP/CL/SPE/BI-03-C
    description: Please send write request to handle 0x0164 with following value.
Set Member Lock: 
    Set Member Lock: <WildCard: Exists>
    style: MMI_Style_Ok_Cancel2 0x11141
2024-03-12 16:42:26,618 LT1-callback ClientCallback.on_implicit_send INFO client.py                 272   on_implicit_send          : Calling test cases on_implicit_send
2024-03-12 16:42:26,618 LT1-callback ClientCallback.on_implicit_send INFO client.py                 285   on_implicit_send          : 
    on_implicit_send returned response: WAIT
    END OnImplicitSend
    ********************
2024-03-12 16:42:27,634 LT1-thread root DEBUG testcase.py               671   run_wid                   : CSIP CSIP/CL/SPE/BI-03-C on_implicit_send
2024-03-12 16:42:27,634 LT1-thread root DEBUG csip_wid.py               24    csip_wid_hdl              : csip_wid_hdl, 20110, Please send write request to handle 0x0164 with following value.
Set Member Lock: 
    Set Member Lock: <WildCard: Exists>, CSIP/CL/SPE/BI-03-C
2024-03-12 16:42:27,634 LT1-thread root DEBUG csip.py                   91    csip_set_coordinator_release : csip_set_coordinator_release
2024-03-12 16:42:27,634 LT1-thread root DEBUG iutctl_common.py          106   send                      : send, 25 5 0 "bytearray(b'\\x01')"
2024-03-12 16:42:27,634 LT1-thread root DEBUG iutctl_common.py          111   send                      : sending frame '190500010001'
2024-03-12 16:42:27,634 LT1-thread root DEBUG csip.py                   55    csip_command_rsp_succ     : csip_command_rsp_succ
2024-03-12 16:42:27,634 LT1-thread root DEBUG iutctl_common.py          230   read                      : read
2024-03-12 16:42:27,712 BTPWorkerThread-189 (_rx_task) root DEBUG iutctl_common.py          76    read                      : Read 5 bytes
2024-03-12 16:42:27,712 BTPWorkerThread-189 (_rx_task) root DEBUG iutctl_common.py          83    read                      : Received: hdr: Header(svc_id=25, op=5, ctrl_index=0, data_len=0) bytearray(b'\x19\x05\x00\x00\x00')
2024-03-12 16:42:27,712 BTPWorkerThread-189 (_rx_task) root DEBUG iutctl_common.py          99    read                      : Received data: {''}, bytearray(b'')
2024-03-12 16:42:27,712 LT1-thread root DEBUG csip.py                   60    csip_command_rsp_succ     : received Header(svc_id=25, op=5, ctrl_index=0, data_len=0) (b'',)
2024-03-12 16:42:27,806 BTPWorkerThread-189 (_rx_task) root DEBUG iutctl_common.py          76    read                      : Read 5 bytes
2024-03-12 16:42:27,837 BTPWorkerThread-189 (_rx_task) root DEBUG iutctl_common.py          83    read                      : Received: hdr: Header(svc_id=25, op=130, ctrl_index=0, data_len=1) bytearray(b'\x19\x82\x00\x01\x00')
2024-03-12 16:42:27,868 BTPWorkerThread-189 (_rx_task) root DEBUG iutctl_common.py          91    read                      : Read 1 bytes data
2024-03-12 16:42:27,868 BTPWorkerThread-189 (_rx_task) root DEBUG iutctl_common.py          99    read                      : Received data: {'82'}, bytearray(b'\x82')
2024-03-12 16:42:27,868 BTPWorkerThread-189 (_rx_task) root DEBUG btp.py                    810   event_handler             : event_handler Header(svc_id=25, op=130, ctrl_index=0, data_len=1) (b'\x82',)
2024-03-12 16:42:27,868 BTPWorkerThread-189 (_rx_task) root DEBUG csip.py                   155   csip_lock_ev              : csip_lock_ev b'\x82'
2024-03-12 16:42:27,868 BTPWorkerThread-189 (_rx_task) root DEBUG csip.py                   163   csip_lock_ev              : CSIP Set Lock status (-126,)
2024-03-12 16:42:27,868 LT1-thread root DEBUG testcase.py               707   run_wid                   : Sending response 'OK' to wid 20110 test case CSIP/CL/SPE/BI-03-C
2024-03-12 16:42:27,868 LT1-thread root DEBUG client.py                 312   get_result                : ClientCallback.get_result run_test_case
2024-03-12 16:42:27,868 LT1-callback ClientCallback.on_implicit_send INFO client.py                 259   on_implicit_send          : 
    ********************
    BEGIN OnImplicitSend:
    project_name: CSIP
    wid: 11
    test_case_name: CSIP/CL/SPE/BI-03-C
    description: Please read any characteristic.
    style: MMI_Style_Ok_Cancel2 0x11141
2024-03-12 16:42:27,868 LT1-callback ClientCallback.on_implicit_send INFO client.py                 272   on_implicit_send          : Calling test cases on_implicit_send
2024-03-12 16:42:27,868 LT1-callback ClientCallback.on_implicit_send INFO client.py                 285   on_implicit_send          : 
    on_implicit_send returned response: WAIT
    END OnImplicitSend
    ********************
2024-03-12 16:42:28,884 LT1-thread root DEBUG testcase.py               671   run_wid                   : CSIP CSIP/CL/SPE/BI-03-C on_implicit_send
2024-03-12 16:42:28,884 LT1-thread root DEBUG csip_wid.py               24    csip_wid_hdl              : csip_wid_hdl, 11, Please read any characteristic., CSIP/CL/SPE/BI-03-C
2024-03-12 16:42:28,884 LT1-thread root DEBUG csip.py                   68    csip_discover             : csip_discover
2024-03-12 16:42:28,884 LT1-thread root DEBUG iutctl_common.py          106   send                      : send, 25 2 0 "bytearray(b'\\x00\\xef\\xc9V\\xe8\\x07\\xc0')"
2024-03-12 16:42:28,884 LT1-thread root DEBUG iutctl_common.py          111   send                      : sending frame '190200070000efc956e807c0'
2024-03-12 16:42:28,884 LT1-thread root DEBUG csip.py                   55    csip_command_rsp_succ     : csip_command_rsp_succ
2024-03-12 16:42:28,884 LT1-thread root DEBUG iutctl_common.py          230   read                      : read
2024-03-12 16:42:28,962 BTPWorkerThread-189 (_rx_task) root DEBUG iutctl_common.py          76    read                      : Read 5 bytes
2024-03-12 16:42:28,978 BTPWorkerThread-189 (_rx_task) root DEBUG iutctl_common.py          83    read                      : Received: hdr: Header(svc_id=25, op=2, ctrl_index=0, data_len=0) bytearray(b'\x19\x02\x00\x00\x00')
2024-03-12 16:42:28,978 BTPWorkerThread-189 (_rx_task) root DEBUG iutctl_common.py          99    read                      : Received data: {''}, bytearray(b'')
2024-03-12 16:42:28,978 LT1-thread root DEBUG csip.py                   60    csip_command_rsp_succ     : received Header(svc_id=25, op=2, ctrl_index=0, data_len=0) (b'',)
2024-03-12 16:42:28,978 LT1-thread root DEBUG testcase.py               707   run_wid                   : Sending response 'OK' to wid 11 test case CSIP/CL/SPE/BI-03-C
2024-03-12 16:42:28,978 LT1-thread root DEBUG client.py                 312   get_result                : ClientCallback.get_result run_test_case
2024-03-12 16:42:29,462 LT1-callback ClientCallback.on_implicit_send INFO client.py                 259   on_implicit_send          : 
    ********************
    BEGIN OnImplicitSend:
    project_name: CSIP
    wid: 20110
    test_case_name: CSIP/CL/SPE/BI-03-C
    description: Please send write request to handle 0x0164 with following value.
Set Member Lock: 
    Set Member Lock: <WildCard: Exists>
    style: MMI_Style_Ok_Cancel2 0x11141
2024-03-12 16:42:29,462 LT1-callback ClientCallback.on_implicit_send INFO client.py                 272   on_implicit_send          : Calling test cases on_implicit_send
2024-03-12 16:42:29,462 LT1-callback ClientCallback.on_implicit_send INFO client.py                 285   on_implicit_send          : 
    on_implicit_send returned response: WAIT
    END OnImplicitSend
    ********************
2024-03-12 16:42:29,728 BTPWorkerThread-189 (_rx_task) root DEBUG iutctl_common.py          76    read                      : Read 5 bytes
2024-03-12 16:42:29,728 BTPWorkerThread-189 (_rx_task) root DEBUG iutctl_common.py          83    read                      : Received: hdr: Header(svc_id=25, op=129, ctrl_index=0, data_len=23) bytearray(b'\x19\x81\x00\x17\x00')
2024-03-12 16:42:29,728 BTPWorkerThread-189 (_rx_task) root DEBUG iutctl_common.py          91    read                      : Read 23 bytes data
2024-03-12 16:42:29,728 BTPWorkerThread-189 (_rx_task) root DEBUG iutctl_common.py          99    read                      : Received data: {'00 ef c9 56 e8 07 c0 b8 03 ea c6 af bb 65 a2 5a 41 f1 53 05 68 8e 83'}, bytearray(b'\x00\xef\xc9V\xe8\x07\xc0\xb8\x03\xea\xc6\xaf\xbbe\xa2ZA\xf1S\x05h\x8e\x83')
2024-03-12 16:42:29,728 BTPWorkerThread-189 (_rx_task) root DEBUG btp.py                    810   event_handler             : event_handler Header(svc_id=25, op=129, ctrl_index=0, data_len=23) (b'\x00\xef\xc9V\xe8\x07\xc0\xb8\x03\xea\xc6\xaf\xbbe\xa2ZA\xf1S\x05h\x8e\x83',)
2024-03-12 16:42:29,728 BTPWorkerThread-189 (_rx_task) root DEBUG csip.py                   137   csip_sirk_ev              : csip_sirk_ev b'\x00\xef\xc9V\xe8\x07\xc0\xb8\x03\xea\xc6\xaf\xbbe\xa2ZA\xf1S\x05h\x8e\x83'
2024-03-12 16:42:29,728 BTPWorkerThread-189 (_rx_task) root DEBUG csip.py                   148   csip_sirk_ev              : CSIP Sirk event: addr c007e856c9ef, addr_type 0, sirk 838e680553f1415aa265bbafc6ea03b8
2024-03-12 16:42:29,728 BTPWorkerThread-189 (_rx_task) root DEBUG iutctl_common.py          76    read                      : Read 5 bytes
2024-03-12 16:42:29,728 BTPWorkerThread-189 (_rx_task) root DEBUG iutctl_common.py          83    read                      : Received: hdr: Header(svc_id=25, op=128, ctrl_index=0, data_len=16) bytearray(b'\x19\x80\x00\x10\x00')
2024-03-12 16:42:29,728 BTPWorkerThread-189 (_rx_task) root DEBUG iutctl_common.py          91    read                      : Read 16 bytes data
2024-03-12 16:42:29,728 BTPWorkerThread-189 (_rx_task) root DEBUG iutctl_common.py          99    read                      : Received data: {'00 ef c9 56 e8 07 c0 00 62 01 67 01 64 01 6a 01'}, bytearray(b'\x00\xef\xc9V\xe8\x07\xc0\x00b\x01g\x01d\x01j\x01')
2024-03-12 16:42:29,728 BTPWorkerThread-189 (_rx_task) root DEBUG btp.py                    810   event_handler             : event_handler Header(svc_id=25, op=128, ctrl_index=0, data_len=16) (b'\x00\xef\xc9V\xe8\x07\xc0\x00b\x01g\x01d\x01j\x01',)
2024-03-12 16:42:29,728 BTPWorkerThread-189 (_rx_task) root DEBUG csip.py                   115   csip_ev_discovery_completed : csip_ev_discovery_completed b'\x00\xef\xc9V\xe8\x07\xc0\x00b\x01g\x01d\x01j\x01'
2024-03-12 16:42:29,728 BTPWorkerThread-189 (_rx_task) root DEBUG csip.py                   125   csip_ev_discovery_completed : CSIP Discovery Completed: addr c007e856c9ef, addr_type 0, status 0, Set Sirk Handle 354, Set Size Handle 359, Set Lock Handle 356, Rank Handle 362
2024-03-12 16:42:29,993 LT1-thread root DEBUG testcase.py               671   run_wid                   : CSIP CSIP/CL/SPE/BI-03-C on_implicit_send
2024-03-12 16:42:29,993 LT1-thread root DEBUG csip_wid.py               24    csip_wid_hdl              : csip_wid_hdl, 20110, Please send write request to handle 0x0164 with following value.
Set Member Lock: 
    Set Member Lock: <WildCard: Exists>, CSIP/CL/SPE/BI-03-C
2024-03-12 16:42:29,993 LT1-thread root DEBUG csip.py                   91    csip_set_coordinator_release : csip_set_coordinator_release
2024-03-12 16:42:29,993 LT1-thread root DEBUG iutctl_common.py          106   send                      : send, 25 5 0 "bytearray(b'\\x01')"
2024-03-12 16:42:29,993 LT1-thread root DEBUG iutctl_common.py          111   send                      : sending frame '190500010001'
2024-03-12 16:42:29,993 LT1-thread root DEBUG csip.py                   55    csip_command_rsp_succ     : csip_command_rsp_succ
2024-03-12 16:42:29,993 LT1-thread root DEBUG iutctl_common.py          230   read                      : read
2024-03-12 16:42:30,056 BTPWorkerThread-189 (_rx_task) root DEBUG iutctl_common.py          76    read                      : Read 5 bytes
2024-03-12 16:42:30,071 BTPWorkerThread-189 (_rx_task) root DEBUG iutctl_common.py          83    read                      : Received: hdr: Header(svc_id=25, op=5, ctrl_index=0, data_len=0) bytearray(b'\x19\x05\x00\x00\x00')
2024-03-12 16:42:30,087 BTPWorkerThread-189 (_rx_task) root DEBUG iutctl_common.py          99    read                      : Received data: {''}, bytearray(b'')
2024-03-12 16:42:30,103 LT1-thread root DEBUG csip.py                   60    csip_command_rsp_succ     : received Header(svc_id=25, op=5, ctrl_index=0, data_len=0) (b'',)
2024-03-12 16:42:30,150 BTPWorkerThread-189 (_rx_task) root DEBUG iutctl_common.py          76    read                      : Read 5 bytes
2024-03-12 16:42:30,150 BTPWorkerThread-189 (_rx_task) root DEBUG iutctl_common.py          83    read                      : Received: hdr: Header(svc_id=25, op=130, ctrl_index=0, data_len=1) bytearray(b'\x19\x82\x00\x01\x00')
2024-03-12 16:42:30,165 BTPWorkerThread-189 (_rx_task) root DEBUG iutctl_common.py          91    read                      : Read 1 bytes data
2024-03-12 16:42:30,181 BTPWorkerThread-189 (_rx_task) root DEBUG iutctl_common.py          99    read                      : Received data: {'84'}, bytearray(b'\x84')
2024-03-12 16:42:30,212 BTPWorkerThread-189 (_rx_task) root DEBUG btp.py                    810   event_handler             : event_handler Header(svc_id=25, op=130, ctrl_index=0, data_len=1) (b'\x84',)
2024-03-12 16:42:30,212 BTPWorkerThread-189 (_rx_task) root DEBUG csip.py                   155   csip_lock_ev              : csip_lock_ev b'\x84'
2024-03-12 16:42:30,212 BTPWorkerThread-189 (_rx_task) root DEBUG csip.py                   163   csip_lock_ev              : CSIP Set Lock status (-124,)
2024-03-12 16:42:30,212 LT1-thread root DEBUG testcase.py               707   run_wid                   : Sending response 'OK' to wid 20110 test case CSIP/CL/SPE/BI-03-C
2024-03-12 16:42:30,212 LT1-thread root DEBUG client.py                 312   get_result                : ClientCallback.get_result run_test_case
2024-03-12 16:42:30,212 LT1-callback ClientCallback.on_implicit_send INFO client.py                 259   on_implicit_send          : 
    ********************
    BEGIN OnImplicitSend:
    project_name: CSIP
    wid: 11
    test_case_name: CSIP/CL/SPE/BI-03-C
    description: Please read any characteristic.
    style: MMI_Style_Ok_Cancel2 0x11141
2024-03-12 16:42:30,212 LT1-callback ClientCallback.on_implicit_send INFO client.py                 272   on_implicit_send          : Calling test cases on_implicit_send
2024-03-12 16:42:30,212 LT1-callback ClientCallback.on_implicit_send INFO client.py                 285   on_implicit_send          : 
    on_implicit_send returned response: WAIT
    END OnImplicitSend
    ********************
2024-03-12 16:42:31,228 LT1-thread root DEBUG testcase.py               671   run_wid                   : CSIP CSIP/CL/SPE/BI-03-C on_implicit_send
2024-03-12 16:42:31,228 LT1-thread root DEBUG csip_wid.py               24    csip_wid_hdl              : csip_wid_hdl, 11, Please read any characteristic., CSIP/CL/SPE/BI-03-C
2024-03-12 16:42:31,228 LT1-thread root DEBUG csip.py                   68    csip_discover             : csip_discover
2024-03-12 16:42:31,228 LT1-thread root DEBUG iutctl_common.py          106   send                      : send, 25 2 0 "bytearray(b'\\x00\\xef\\xc9V\\xe8\\x07\\xc0')"
2024-03-12 16:42:31,228 LT1-thread root DEBUG iutctl_common.py          111   send                      : sending frame '190200070000efc956e807c0'
2024-03-12 16:42:31,228 LT1-thread root DEBUG csip.py                   55    csip_command_rsp_succ     : csip_command_rsp_succ
2024-03-12 16:42:31,228 LT1-thread root DEBUG iutctl_common.py          230   read                      : read
2024-03-12 16:42:31,290 BTPWorkerThread-189 (_rx_task) root DEBUG iutctl_common.py          76    read                      : Read 5 bytes
2024-03-12 16:42:31,306 BTPWorkerThread-189 (_rx_task) root DEBUG iutctl_common.py          83    read                      : Received: hdr: Header(svc_id=25, op=2, ctrl_index=0, data_len=0) bytearray(b'\x19\x02\x00\x00\x00')
2024-03-12 16:42:31,321 BTPWorkerThread-189 (_rx_task) root DEBUG iutctl_common.py          99    read                      : Received data: {''}, bytearray(b'')
2024-03-12 16:42:31,321 LT1-thread root DEBUG csip.py                   60    csip_command_rsp_succ     : received Header(svc_id=25, op=2, ctrl_index=0, data_len=0) (b'',)
2024-03-12 16:42:31,321 LT1-thread root DEBUG testcase.py               707   run_wid                   : Sending response 'OK' to wid 11 test case CSIP/CL/SPE/BI-03-C
2024-03-12 16:42:31,321 LT1-thread root DEBUG client.py                 312   get_result                : ClientCallback.get_result run_test_case
2024-03-12 16:42:32,072 BTPWorkerThread-189 (_rx_task) root DEBUG iutctl_common.py          76    read                      : Read 5 bytes
2024-03-12 16:42:32,072 BTPWorkerThread-189 (_rx_task) root DEBUG iutctl_common.py          83    read                      : Received: hdr: Header(svc_id=25, op=129, ctrl_index=0, data_len=23) bytearray(b'\x19\x81\x00\x17\x00')
2024-03-12 16:42:32,072 BTPWorkerThread-189 (_rx_task) root DEBUG iutctl_common.py          91    read                      : Read 23 bytes data
2024-03-12 16:42:32,072 BTPWorkerThread-189 (_rx_task) root DEBUG iutctl_common.py          99    read                      : Received data: {'00 ef c9 56 e8 07 c0 b8 03 ea c6 af bb 65 a2 5a 41 f1 53 05 68 8e 83'}, bytearray(b'\x00\xef\xc9V\xe8\x07\xc0\xb8\x03\xea\xc6\xaf\xbbe\xa2ZA\xf1S\x05h\x8e\x83')
2024-03-12 16:42:32,072 BTPWorkerThread-189 (_rx_task) root DEBUG btp.py                    810   event_handler             : event_handler Header(svc_id=25, op=129, ctrl_index=0, data_len=23) (b'\x00\xef\xc9V\xe8\x07\xc0\xb8\x03\xea\xc6\xaf\xbbe\xa2ZA\xf1S\x05h\x8e\x83',)
2024-03-12 16:42:32,072 BTPWorkerThread-189 (_rx_task) root DEBUG csip.py                   137   csip_sirk_ev              : csip_sirk_ev b'\x00\xef\xc9V\xe8\x07\xc0\xb8\x03\xea\xc6\xaf\xbbe\xa2ZA\xf1S\x05h\x8e\x83'
2024-03-12 16:42:32,072 BTPWorkerThread-189 (_rx_task) root DEBUG csip.py                   148   csip_sirk_ev              : CSIP Sirk event: addr c007e856c9ef, addr_type 0, sirk 838e680553f1415aa265bbafc6ea03b8
2024-03-12 16:42:32,072 BTPWorkerThread-189 (_rx_task) root DEBUG iutctl_common.py          76    read                      : Read 5 bytes
2024-03-12 16:42:32,072 BTPWorkerThread-189 (_rx_task) root DEBUG iutctl_common.py          83    read                      : Received: hdr: Header(svc_id=25, op=128, ctrl_index=0, data_len=16) bytearray(b'\x19\x80\x00\x10\x00')
2024-03-12 16:42:32,072 BTPWorkerThread-189 (_rx_task) root DEBUG iutctl_common.py          91    read                      : Read 16 bytes data
2024-03-12 16:42:32,072 BTPWorkerThread-189 (_rx_task) root DEBUG iutctl_common.py          99    read                      : Received data: {'00 ef c9 56 e8 07 c0 00 62 01 67 01 64 01 6a 01'}, bytearray(b'\x00\xef\xc9V\xe8\x07\xc0\x00b\x01g\x01d\x01j\x01')
2024-03-12 16:42:32,072 BTPWorkerThread-189 (_rx_task) root DEBUG btp.py                    810   event_handler             : event_handler Header(svc_id=25, op=128, ctrl_index=0, data_len=16) (b'\x00\xef\xc9V\xe8\x07\xc0\x00b\x01g\x01d\x01j\x01',)
2024-03-12 16:42:32,072 BTPWorkerThread-189 (_rx_task) root DEBUG csip.py                   115   csip_ev_discovery_completed : csip_ev_discovery_completed b'\x00\xef\xc9V\xe8\x07\xc0\x00b\x01g\x01d\x01j\x01'
2024-03-12 16:42:32,072 BTPWorkerThread-189 (_rx_task) root DEBUG csip.py                   125   csip_ev_discovery_completed : CSIP Discovery Completed: addr c007e856c9ef, addr_type 0, status 0, Set Sirk Handle 354, Set Size Handle 359, Set Lock Handle 356, Rank Handle 362
2024-03-12 16:42:33,228 BTPWorkerThread-189 (_rx_task) root DEBUG iutctl_common.py          76    read                      : Read 5 bytes
2024-03-12 16:42:33,228 BTPWorkerThread-189 (_rx_task) root DEBUG iutctl_common.py          83    read                      : Received: hdr: Header(svc_id=1, op=131, ctrl_index=0, data_len=7) bytearray(b'\x01\x83\x00\x07\x00')
2024-03-12 16:42:33,228 BTPWorkerThread-189 (_rx_task) root DEBUG iutctl_common.py          91    read                      : Read 7 bytes data
2024-03-12 16:42:33,228 BTPWorkerThread-189 (_rx_task) root DEBUG iutctl_common.py          99    read                      : Received data: {'00 ef c9 56 e8 07 c0'}, bytearray(b'\x00\xef\xc9V\xe8\x07\xc0')
2024-03-12 16:42:33,228 BTPWorkerThread-189 (_rx_task) root DEBUG btp.py                    810   event_handler             : event_handler Header(svc_id=1, op=131, ctrl_index=0, data_len=7) (b'\x00\xef\xc9V\xe8\x07\xc0',)
2024-03-12 16:42:33,228 BTPWorkerThread-189 (_rx_task) root DEBUG gap.py                    184   gap_disconnected_ev_      : gap_disconnected_ev_ b'\x00\xef\xc9V\xe8\x07\xc0'
2024-03-12 16:42:35,775 LT1-callback ClientCallback.log INFO client.py                 235   log                       : PTS_LOGTYPE_START_TEST Start Test Case 

+16 ms
 CSIP/CL/SPE/BI-03-C CSIP/CL/SPE/BI-03-C

2024-03-12 16:42:36,415 LT1-callback ClientCallback.log INFO client.py                 235   log                       : PTS_LOGTYPE_FINAL_VERDICT Final Verdict 

+17375 ms
 CSIP/CL/SPE/BI-03-C PASS

2024-03-12 16:42:36,415 LT1-callback ClientCallback.log INFO client.py                 235   log                       : PTS_LOGTYPE_FINAL_VERDICT Encrypted Verdict 

+17375 ms
 CSIP/CL/SPE/BI-03-C A1#ZWY4MzQ5MDg3MmQwNTIxOGQzMzQ5YjY2ODA5M2MzNjQ5ZDY4NmY0Yjc2MzIzM2VkNTUyNTFhNGU4Mjg1MjI0NA==#2c57YqwUIpnh1LaxBihwNl4K5bp0i7XCdYMm0mqDOJPTs3ZZbHkMakdlyuY+cF1l

2024-03-12 16:42:36,571 LT1-callback ClientCallback.log INFO client.py                 235   log                       : PTS_LOGTYPE_END_TEST Test Case Ended 

+17375 ms
 CSIP/CL/SPE/BI-03-C CSIP/CL/SPE/BI-03-C

2024-03-12 16:42:36,712 LT1-callback root DEBUG client.py                 297   set_result                : ClientCallback, set_result, run_test_case, PASS
2024-03-12 16:42:36,712 LT1-thread root DEBUG client.py                 1021  _run_test_case            : After run_test_case error_code=0 status='PASS'
2024-03-12 16:42:36,712 LT1-thread root DEBUG testcase.py               752   post_run                  : post_run CSIP CSIP/CL/SPE/BI-03-C 0
2024-03-12 16:42:36,712 LT1-thread root DEBUG testcase.py               253   start                     : Starting test function: class=<class 'autopts.ptsprojects.testcase.TestFuncCleanUp'>, func=<bound method Stack.cleanup of <autopts.ptsprojects.stack.stack.Stack object at 0x000002265C157A90>> start_wid=None stop_wid=None post_wid=None skip_call=None call_count=1 args=() kwds={}
2024-03-12 16:42:36,712 LT1-thread root DEBUG testcase.py               265   start                     : Test function parameters: args=(), kwds={}
2024-03-12 16:42:36,712 LT1-thread root DEBUG testcase.py               253   start                     : Starting test function: class=<class 'autopts.ptsprojects.testcase.TestFuncCleanUp'>, func=<bound method ZephyrCtl.stop of <autopts.ptsprojects.zephyr.iutctl.ZephyrCtl object at 0x000002265C157010>> start_wid=None stop_wid=None post_wid=None skip_call=None call_count=1 args=() kwds={}
2024-03-12 16:42:36,712 LT1-thread root DEBUG testcase.py               265   start                     : Test function parameters: args=(), kwds={}
2024-03-12 16:42:36,712 LT1-thread root DEBUG iutctl.py                 247   stop                      : <class 'autopts.ptsprojects.zephyr.iutctl.ZephyrCtl'>.stop
2024-03-12 16:42:36,712 LT1-thread root DEBUG __init__.py               48    reset                     : About to reset DUT: 'nrfjprog -r -s 1050060770'
2024-03-12 16:42:37,572 BTPWorkerThread-189 (_rx_task) root DEBUG iutctl_common.py          76    read                      : Read 5 bytes
2024-03-12 16:42:37,572 BTPWorkerThread-189 (_rx_task) root DEBUG iutctl_common.py          83    read                      : Received: hdr: Header(svc_id=0, op=128, ctrl_index=255, data_len=0) bytearray(b'\x00\x80\xff\x00\x00')
2024-03-12 16:42:37,572 BTPWorkerThread-189 (_rx_task) root DEBUG iutctl_common.py          99    read                      : Received data: {''}, bytearray(b'')
2024-03-12 16:42:37,603 BTPWorkerThread-189 (_rx_task) root DEBUG btp.py                    810   event_handler             : event_handler Header(svc_id=0, op=128, ctrl_index=255, data_len=0) (b'',)
2024-03-12 16:42:37,619 BTPWorkerThread-189 (_rx_task) root DEBUG core.py                   28    core_iut_ready_ev         : core_iut_ready_ev
2024-03-12 16:42:37,619 LT1-thread root DEBUG iutctl.py                 265   stop                      : IUT ready event received OK
2024-03-12 16:42:37,619 LT1-thread root DEBUG iutctl_common.py          307   close                     : Waiting for _rx_worker to finish ...
2024-03-12 16:42:38,619 BTPWorkerThread-189 (_rx_task) root DEBUG iutctl_common.py          223   _rx_task                  : BTPWorkerThread-189 (_rx_task) finishing...
2024-03-12 16:42:41,666 LT1-thread root DEBUG testcase.py               781   post_run                  : post_run, cleanup running post test case script
2024-03-12 16:42:41,666 LT1-thread root DEBUG testcase.py               791   post_run                  : post_run, run post test case script
2024-03-12 16:42:41,775 LT1-thread root DEBUG client.py                 1051  _run_test_case            : Done TestCase _run_test_case CSIP CSIP/CL/SPE/BI-03-C
