*** Booting Zephyr OS build 4.1.99 ***
[00:00:00.377,502] <dbg> bttester: tester_init: Initializing tester
[00:00:45.894,531] <dbg> bttester: cmd_handler: cmd service 0x00 opcode 0x03 index 0xff
[00:00:45.920,928] <inf> bt_hci_core: HW Platform: Nordic Semiconductor (0x0002)
[00:00:45.920,959] <inf> bt_hci_core: HW Variant: nRF53x (0x0003)
[00:00:45.920,989] <inf> bt_hci_core: Firmware: Standard Bluetooth controller (0x00) Version 4.1 Build 99
[00:00:45.922,790] <inf> bt_hci_core: Identity: D7:B8:1B:0B:51:C3 (random)
[00:00:45.922,821] <inf> bt_hci_core: HCI: version 5.4 (0x0d) revision 0x0000, manufacturer 0x05f1
[00:00:45.922,851] <inf> bt_hci_core: LMP: version 5.4 (0x0d) subver 0xffff
[00:00:45.922,851] <dbg> bttester: tester_rsp_with_index: service 0x00 opcode 0x03 index 0xff status 0x00
[00:00:45.943,695] <dbg> bttester: cmd_handler: cmd service 0x01 opcode 0x01 index 0xff
[00:00:45.956,207] <dbg> bttester: cmd_handler: cmd service 0x00 opcode 0x03 index 0xff
[00:00:45.956,268] <dbg> bttester: tester_rsp_with_index: service 0x00 opcode 0x03 index 0xff status 0x00
[00:00:45.970,886] <dbg> bttester: cmd_handler: cmd service 0x02 opcode 0x01 index 0xff
[00:00:45.982,238] <dbg> bttester: cmd_handler: cmd service 0x01 opcode 0x03 index 0x00
[00:00:46.383,697] <dbg> bttester: cmd_handler: cmd service 0x01 opcode 0x10 index 0x00
[00:00:46.383,728] <dbg> bttester_gap: set_io_cap: io_cap: 0
[00:00:46.383,758] <dbg> bttester: tester_rsp_with_index: service 0x01 opcode 0x10 index 0x00 status 0x00
[00:00:46.392,395] <dbg> bttester: cmd_handler: cmd service 0x01 opcode 0x08 index 0x00
[00:00:46.410,614] <dbg> bttester: cmd_handler: cmd service 0x00 opcode 0x03 index 0xff
[00:00:46.410,614] <dbg> bttester: tester_rsp_with_index: service 0x00 opcode 0x03 index 0xff status 0x00
[00:00:46.413,635] <dbg> bttester: cmd_handler: cmd service 0x16 opcode 0x01 index 0xff
[00:00:54.434,844] <dbg> bttester: cmd_handler: cmd service 0x01 opcode 0x0e index 0x00
[00:00:54.435,668] <dbg> bttester: tester_rsp_with_index: service 0x01 opcode 0x0e index 0x00 status 0x00
[00:00:54.578,552] <dbg> bttester_gap: le_connected: C0:07:E8:1C:28:DF (public): 0x00
[00:00:54.578,582] <dbg> bttester: tester_event: service 0x01 opcode 0x82
