Applying system reset.
Run.
Applying system reset.
Run.
< 2022/06/11 05:08:42.460516  length=5 from=0 to=4
 00 80 ff 00 00                                   .....
--
> 2022/06/11 05:08:42.588050  length=6 from=0 to=5
 00 03 ff 01 00 01                                ......
--
< 2022/06/11 05:08:42.604090  length=5 from=5 to=9
 00 03 ff 00 00                                   .....
--
> 2022/06/11 05:08:42.763615  length=6 from=6 to=11
 00 03 ff 01 00 04                                ......
--
< 2022/06/11 05:08:42.779747  length=5 from=10 to=14
 00 03 ff 00 00                                   .....
--
> 2022/06/11 05:08:42.891241  length=5 from=12 to=16
 01 03 00 00 00                                   .....
--
< 2022/06/11 05:08:42.907223  length=136 from=15 to=150
 01 03 00 15 01 70 1f c4 76 e7 dc 13 06 00 00 13  .....p..v.......
 82 00 00 00 00 00 62 74 70 5f 74 65 73 74 65 72  ......btp_tester
 00 00 00 00 00 00 00 00 00 00 00 00 00 00 00 00  ................
 00 00 00 00 00 00 00 00 00 00 00 00 00 00 00 00  ................
 00 00 00 00 00 00 00 00 00 00 00 00 00 00 00 00  ................
 00 00 00 00 00 00 00 00 00 00 00 00 00 00 00 00  ................
 00 00 00 00 00 00 00 00 00 00 00 00 00 00 00 00  ................
 00 00 00 00 00 00 00 00 00 00 00 00 00 00 00 00  ................
 00 00 00 00 00 00 00 00                          ........
--
< 2022/06/11 05:08:42.908647  length=23 from=151 to=173
 00 00 00 00 00 00 00 00 00 00 00 00 00 00 00 00  ................
 00 00 00 00 00 00 00                             .......
--
< 2022/06/11 05:08:42.923358  length=123 from=174 to=296
 00 00 00 00 00 00 00 00 00 00 00 00 00 00 00 00  ................
 00 00 00 00 00 00 00 00 00 00 00 00 00 00 00 00  ................
 00 00 00 00 00 00 00 00 00 00 00 00 00 00 00 00  ................
 00 00 00 00 00 00 00 00 00 00 00 00 00 00 00 00  ................
 00 00 00 00 00 00 00 00 00 00 00 00 00 00 00 00  ................
 00 00 00 00 00 00 00 00 00 00 00 00 00 00 00 00  ................
 00 00 00 00 00 00 00 00 00 00 00 00 00 00 00 00  ................
 00 00 00 00 00 00 00 00 00 00 00                 ...........
--
> 2022/06/11 05:08:49.422858  length=44 from=17 to=60
 04 02 00 27 00 6e 45 d4 31 ba c5 45 1a 9c fb a5  ...'.nE.1..E....
 62 92 8e a1 9b 00 00 00 00 00 00 00 00 00 00 00  b...............
 00 00 00 00 00 01 08 00 02 04 00 00              ............
--
< 2022/06/11 05:08:49.438911  length=5 from=297 to=301
 04 02 00 00 00                                   .....
--
> 2022/06/11 05:08:49.550473  length=5 from=61 to=65
 04 04 00 00 00                                   .....
--
< 2022/06/11 05:08:49.566561  length=5 from=302 to=306
 04 04 00 00 00                                   .....
--
< 2022/06/11 05:08:49.582545  length=6 from=307 to=312
 04 84 00 01 00 00                                ......
--
< 2022/06/11 05:08:51.619150  length=5 from=313 to=317
 04 83 00 00 00                                   .....
--
< 2022/06/11 05:08:52.898299  length=6 from=318 to=323
 04 85 00 01 00 00                                ......
--
< 2022/06/11 05:08:54.020322  length=27 from=324 to=350
 04 86 00 16 00 03 00 01 00 02 00 0f 80 80 00 00  ................
 4d ed 7c 79 33 25 24 68 96 f9 71                 M.|y3%$h..q
--
< 2022/06/11 05:08:54.432643  length=19 from=351 to=369
 04 86 00 0e 00 07 01 01 00 02 00 07 00 00 04 00  ................
 00 00 07                                         ...
--
< 2022/06/11 05:08:54.526396  length=20 from=370 to=389
 04 86 00 17 00 03 00 01 00 02 00 10 80 00 08 01  ................
 a7 b2 90 87                                      ....
--
< 2022/06/11 05:08:54.526751  length=8 from=390 to=397
 dd e5 0e 31 5a af ed 4a                          ...1Z..J
--
< 2022/06/11 05:08:54.572693  length=28 from=398 to=425
 04 86 00 17 00 03 00 01 00 02 00 10 80 00 08 21  ...............!
 62 ab e0 d4 bd fb e6 e5 6f e4 14 58              b.......o..X
--
< 2022/06/11 05:08:54.745381  length=28 from=426 to=453
 04 86 00 17 00 03 00 01 00 02 00 10 80 00 10 00  ................
 8b 63 06 73 43 be 0c d0 c6 08 3c f1              .c.sC.....<.
--
< 2022/06/11 05:08:55.000085  length=28 from=454 to=481
 04 86 00 17 00 03 00 01 00 02 00 10 80 00 14 00  ................
 30 af 46 72 8d c7 28 ab 45 ee 8b 0e              0.Fr..(.E...
--
< 2022/06/11 05:08:55.204553  length=26 from=482 to=507
 04 86 00 15 00 03 00 01 00 02 00 0e 80 80 18 00  ................
 36 35 fd 04 3d b4 4c 9c 52 52                    65..=.L.RR
--
< 2022/06/11 05:09:00.301335  length=26 from=508 to=533
 04 86 00 15 00 03 00 01 00 02 00 0e 80 80 1c 00  ................
 d1 de 52 ea 85 8a 6d a1 13 41                    ..R...m..A
--
< 2022/06/11 05:09:05.372456  length=26 from=534 to=559
 04 86 00 15 00 03 00 01 00 02 00 0e 80 80 20 00  .............. .
 94 4a a5 82 c3 3e d4 9e 9e 43                    .J...>...C
--
< 2022/06/11 05:09:10.454727  length=26 from=560 to=585
 04 86 00 15 00 03 00 01 00 02 00 0e 80 80 24 00  ..............$.
 8a 28 00 ce ac 5d 6e 9b cf bf                    .(...]n...
--
< 2022/06/11 05:09:15.563857  length=26 from=586 to=611
 04 86 00 15 00 03 00 01 00 02 00 0e 80 80 28 00  ..............(.
 cd 32 ce ea 5c 4a e3 fb 48 76                    .2..\J..Hv
--
< 2022/06/11 05:09:20.626382  length=26 from=612 to=637
 04 86 00 15 00 03 00 01 00 02 00 0e 80 80 2c 00  ..............,.
 a8 ea d5 51 71 01 8e da 29 ea                    ...Qq...).
--
Applying system reset.
Run.
