> 2024/05/17 20:00:44.637245  length=6 from=0 to=5
 00 03 ff 01 00 01                                ......
--
< 2024/05/17 20:00:44.647886  length=5 from=0 to=4
 00 03 ff 00 00                                   .....
--
> 2024/05/17 20:00:44.722926  length=5 from=6 to=10
 01 03 00 00 00                                   .....
--
< 2024/05/17 20:00:44.930097  length=135 from=5 to=139
 01 03 00 15 01 c8 04 09 c0 ec d7 13 06 02 00 13  ................
 82 00 00 00 00 00 62 74 70 5f 74 65 73 74 65 72  ......btp_tester
 00 00 00 00 00 00 00 00 00 00 00 00 00 00 00 00  ................
 00 00 00 00 00 00 00 00 00 00 00 00 00 00 00 00  ................
 00 00 00 00 00 00 00 00 00 00 00 00 00 00 00 00  ................
 00 00 00 00 00 00 00 00 00 00 00 00 00 00 00 00  ................
 00 00 00 00 00 00 00 00 00 00 00 00 00 00 00 00  ................
 00 00 00 00 00 00 00 00 00 00 00 00 00 00 00 00  ................
 00 00 00 00 00 00 00                             .......
--
< 2024/05/17 20:00:44.933326  length=34 from=140 to=173
 00 00 00 00 00 00 00 00 00 00 00 00 00 00 00 00  ................
 00 00 00 00 00 00 00 00 00 00 00 00 00 00 00 00  ................
 00 00                                            ..
--
< 2024/05/17 20:00:44.933929  length=12 from=174 to=185
 00 00 00 00 00 00 00 00 00 00 00 00              ............
--
< 2024/05/17 20:00:44.946217  length=101 from=186 to=286
 00 00 00 00 00 00 00 00 00 00 00 00 00 00 00 00  ................
 00 00 00 00 00 00 00 00 00 00 00 00 00 00 00 00  ................
 00 00 00 00 00 00 00 00 00 00 00 00 00 00 00 00  ................
 00 00 00 00 00 00 00 00 00 00 00 00 00 00 00 00  ................
 00 00 00 00 00 00 00 00 00 00 00 00 00 00 00 00  ................
 00 00 00 00 00 00 00 00 00 00 00 00 00 00 00 00  ................
 00 00 00 00 00                                   .....
--
> 2024/05/17 20:00:45.009961  length=6 from=11 to=16
 00 03 ff 01 00 02                                ......
--
< 2024/05/17 20:00:45.026114  length=5 from=287 to=291
 00 03 ff 00 00                                   .....
--
> 2024/05/17 20:00:53.149746  length=6 from=17 to=22
 01 08 00 01 00 01                                ......
--
< 2024/05/17 20:00:53.165866  length=9 from=292 to=300
 01 08 00 04 00 1b 82 00 00                       .........
--
> 2024/05/17 20:00:53.245705  length=27 from=23 to=49
 01 0a                                            ..
 00 16 00 0f 00 09 0d 54 65 73 74 65 72 5f 36 30  .......Tester_60
 31 35 42 39 ff ff ff ff 00                       15B9.....
--
< 2024/05/17 20:00:53.261842  length=9 from=301 to=309
 01 0a                                            ..
 00 04 00 1b 86 00 00                             .......
--
< 2024/05/17 20:00:53.581898  length=27 from=310 to=336
 01 82 00 0d 00 00 b9 15 60 e8 07 c0 32 00 00 00  ........`...2...
 d0 07 01 80 00 04 00 1b 82 00 00                 ...........
--
< 2024/05/17 20:00:58.705768  length=18 from=337 to=354
 01 88 00 0d 00 00 b9 15 60 e8 07 c0 32 00 00 00  ........`...2...
 d0 07                                            ..
--
< 2024/05/17 20:01:01.876859  length=13 from=355 to=367
 01 89 00 08 00 00 b9 15 60 e8 07 c0 02           ........`....
--
< 2024/05/17 20:01:04.328905  length=13 from=368 to=380
 01 89 00 08 00 00 b9 15 60 e8 07 c0 02           ........`....
--
> 2024/05/17 20:01:09.914927  length=14 from=50 to=63
 02 11 00 09 00 00 b9 15 60 e8 07 c0 92 02        ........`.....
--
< 2024/05/17 20:01:10.026068  length=8 from=381 to=388
 02 11 00 03 00 02 00 00                          ........
--
< 2024/05/17 20:01:12.591209  length=12 from=389 to=400
 01 83 00 07 00 00 b9 15 60 e8 07 c0              ........`...
--
< 2024/05/17 20:01:17.383187  length=5 from=401 to=405
 00 80 ff 00 00                                   .....
--
