2025-06-29 02:30:53,365 LT1-thread root DEBUG client.py                 992   _run_test_case            : Starting TestCase _run_test_case BASS BASS/SR/SPE/BI-01-C
2025-06-29 02:30:53,365 LT1-thread root DEBUG testcase.py               716   pre_run                   : pre_run BASS BASS/SR/SPE/BI-01-C
2025-06-29 02:30:53,365 LT1-thread root DEBUG testcase.py               718   pre_run                   : About to run test case BASS BASS/SR/SPE/BI-01-C with commands:
2025-06-29 02:30:53,366 LT1-thread root DEBUG testcase.py               720   pre_run                   : 0) class=<class 'autopts.ptsprojects.testcase.TestFunc'>, func=<bound method Stack.core_init of <autopts.ptsprojects.stack.stack.Stack object at 0x7fcbb0b01de0>> start_wid=None stop_wid=None post_wid=None skip_call=None call_count=0 args=() kwds={}
2025-06-29 02:30:53,366 LT1-thread root DEBUG testcase.py               720   pre_run                   : 1) class=<class 'autopts.ptsprojects.testcase.TestFunc'>, func=<bound method ZephyrCtl.hw_reset of <autopts.ptsprojects.zephyr.iutctl.ZephyrCtl object at 0x7fcbb0b02bf0>> start_wid=None stop_wid=None post_wid=None skip_call=None call_count=0 args=() kwds={}
2025-06-29 02:30:53,366 LT1-thread root DEBUG testcase.py               720   pre_run                   : 2) class=<class 'autopts.ptsprojects.testcase.TestFunc'>, func=<bound method ZephyrCtl.start of <autopts.ptsprojects.zephyr.iutctl.ZephyrCtl object at 0x7fcbb0b02bf0>> start_wid=None stop_wid=None post_wid=None skip_call=None call_count=0 args=(<autopts.ptsprojects.zephyr.ztestcase.ZTestCase object at 0x7fcbb0141f60>,) kwds={}
2025-06-29 02:30:53,366 LT1-thread root DEBUG testcase.py               720   pre_run                   : 3) class=<class 'autopts.ptsprojects.testcase.TestFunc'>, func=<bound method ZephyrCtl.hw_reset of <autopts.ptsprojects.zephyr.iutctl.ZephyrCtl object at 0x7fcbb0b02bf0>> start_wid=None stop_wid=None post_wid=None skip_call=None call_count=0 args=() kwds={}
2025-06-29 02:30:53,366 LT1-thread root DEBUG testcase.py               720   pre_run                   : 4) class=<class 'autopts.ptsprojects.testcase.TestFunc'>, func=<bound method ZephyrCtl.wait_iut_ready_event of <autopts.ptsprojects.zephyr.iutctl.ZephyrCtl object at 0x7fcbb0b02bf0>> start_wid=None stop_wid=None post_wid=None skip_call=None call_count=0 args=(False,) kwds={}
2025-06-29 02:30:53,366 LT1-thread root DEBUG testcase.py               720   pre_run                   : 5) class=<class 'autopts.ptsprojects.testcase.TestFunc'>, func=<function core_reg_svc_gap at 0x7fcbb397ecb0> start_wid=None stop_wid=None post_wid=None skip_call=None call_count=28 args=() kwds={}
2025-06-29 02:30:53,366 LT1-thread root DEBUG testcase.py               720   pre_run                   : 6) class=<class 'autopts.ptsprojects.testcase.TestFunc'>, func=<bound method Stack.gap_init of <autopts.ptsprojects.stack.stack.Stack object at 0x7fcbb0b01de0>> start_wid=None stop_wid=None post_wid=None skip_call=None call_count=28 args=(b'Tester_1C28DF',) kwds={}
2025-06-29 02:30:53,366 LT1-thread root DEBUG testcase.py               720   pre_run                   : 7) class=<class 'autopts.ptsprojects.testcase.TestFunc'>, func=<function gap_read_ctrl_info at 0x7fcbb39a8f70> start_wid=None stop_wid=None post_wid=None skip_call=None call_count=28 args=() kwds={}
2025-06-29 02:30:53,366 LT1-thread root DEBUG testcase.py               720   pre_run                   : 8) class=<class 'autopts.ptsprojects.testcase.TestFunc'>, func=<function test_cases.<locals>.<lambda> at 0x7fcbb0b0b6d0> start_wid=None stop_wid=None post_wid=None skip_call=None call_count=28 args=() kwds={}
2025-06-29 02:30:53,366 LT1-thread root DEBUG testcase.py               720   pre_run                   : 9) class=<class 'autopts.ptsprojects.testcase.TestFunc'>, func=<function core_reg_svc_gatt at 0x7fcbb397edd0> start_wid=None stop_wid=None post_wid=None skip_call=None call_count=28 args=() kwds={}
2025-06-29 02:30:53,366 LT1-thread root DEBUG testcase.py               720   pre_run                   : 10) class=<class 'autopts.ptsprojects.testcase.TestFunc'>, func=<function set_pts_addr at 0x7fcbb397e8c0> start_wid=None stop_wid=None post_wid=None skip_call=None call_count=28 args=('C0:07:E8:1C:28:DF', 0) kwds={}
2025-06-29 02:30:53,366 LT1-thread root DEBUG testcase.py               720   pre_run                   : 11) class=<class 'autopts.ptsprojects.testcase.TestFunc'>, func=<bound method Stack.gatt_init of <autopts.ptsprojects.stack.stack.Stack object at 0x7fcbb0b01de0>> start_wid=None stop_wid=None post_wid=None skip_call=None call_count=28 args=() kwds={}
2025-06-29 02:30:53,366 LT1-thread root DEBUG testcase.py               720   pre_run                   : 12) class=<class 'autopts.ptsprojects.testcase.TestFunc'>, func=<function gap_set_conn at 0x7fcbb39a8940> start_wid=None stop_wid=None post_wid=None skip_call=None call_count=28 args=() kwds={}
2025-06-29 02:30:53,366 LT1-thread root DEBUG testcase.py               720   pre_run                   : 13) class=<class 'autopts.ptsprojects.testcase.TestFunc'>, func=<function gap_set_gendiscov at 0x7fcbb39a8af0> start_wid=None stop_wid=None post_wid=None skip_call=None call_count=28 args=() kwds={}
2025-06-29 02:30:53,366 LT1-thread root DEBUG testcase.py               720   pre_run                   : 14) class=<class 'autopts.ptsprojects.testcase.TestFunc'>, func=<function core_reg_svc_pacs at 0x7fcbb397f5b0> start_wid=None stop_wid=None post_wid=None skip_call=None call_count=28 args=() kwds={}
2025-06-29 02:30:53,366 LT1-thread root DEBUG testcase.py               720   pre_run                   : 15) class=<class 'autopts.ptsprojects.testcase.TestFunc'>, func=<function core_reg_svc_ascs at 0x7fcbb397f640> start_wid=None stop_wid=None post_wid=None skip_call=None call_count=28 args=() kwds={}
2025-06-29 02:30:53,366 LT1-thread root DEBUG testcase.py               720   pre_run                   : 16) class=<class 'autopts.ptsprojects.testcase.TestFunc'>, func=<function core_reg_svc_bap at 0x7fcbb397f760> start_wid=None stop_wid=None post_wid=None skip_call=None call_count=28 args=() kwds={}
2025-06-29 02:30:53,366 LT1-thread root DEBUG testcase.py               720   pre_run                   : 17) class=<class 'autopts.ptsprojects.testcase.TestFunc'>, func=<bound method Stack.ascs_init of <autopts.ptsprojects.stack.stack.Stack object at 0x7fcbb0b01de0>> start_wid=None stop_wid=None post_wid=None skip_call=None call_count=28 args=() kwds={}
2025-06-29 02:30:53,366 LT1-thread root DEBUG testcase.py               720   pre_run                   : 18) class=<class 'autopts.ptsprojects.testcase.TestFunc'>, func=<bound method Stack.bap_init of <autopts.ptsprojects.stack.stack.Stack object at 0x7fcbb0b01de0>> start_wid=None stop_wid=None post_wid=None skip_call=None call_count=28 args=() kwds={}
2025-06-29 02:30:53,366 LT1-thread root DEBUG testcase.py               720   pre_run                   : 19) class=<class 'autopts.ptsprojects.testcase.TestFunc'>, func=<function test_cases.<locals>.<lambda> at 0x7fcbb0b0bd00> start_wid=None stop_wid=None post_wid=None skip_call=None call_count=28 args=() kwds={}
2025-06-29 02:30:53,366 LT1-thread root DEBUG testcase.py               720   pre_run                   : 20) class=<class 'autopts.ptsprojects.testcase.TestFunc'>, func=<function gap_set_extended_advertising_on at 0x7fcbb39a97e0> start_wid=None stop_wid=None post_wid=None skip_call=None call_count=28 args=() kwds={}
2025-06-29 02:30:53,367 LT1-thread root DEBUG testcase.py               720   pre_run                   : 21) class=<class 'autopts.ptsprojects.testcase.TestFunc'>, func=<function test_cases.<locals>.<lambda> at 0x7fcbb0b0bd90> start_wid=None stop_wid=None post_wid=None skip_call=None call_count=28 args=() kwds={}
2025-06-29 02:30:53,367 LT1-thread root DEBUG testcase.py               720   pre_run                   : 22) class=<class 'autopts.ptsprojects.testcase.TestFunc'>, func=<function bap_broadcast_sink_setup at 0x7fcbb39aa440> start_wid=None stop_wid=None post_wid=None skip_call=None call_count=28 args=() kwds={}
2025-06-29 02:30:53,367 LT1-thread root DEBUG testcase.py               720   pre_run                   : 23) class=<class 'autopts.ptsprojects.testcase.TestFunc'>, func=<function test_cases.<locals>.<lambda> at 0x7fcbb0b0be20> start_wid=None stop_wid=None post_wid=None skip_call=None call_count=28 args=() kwds={}
2025-06-29 02:30:53,367 LT1-thread root DEBUG testcase.py               720   pre_run                   : 24) class=<class 'autopts.ptsprojects.testcase.TestFuncCleanUp'>, func=<bound method Stack.cleanup of <autopts.ptsprojects.stack.stack.Stack object at 0x7fcbb0b01de0>> start_wid=None stop_wid=None post_wid=None skip_call=None call_count=0 args=() kwds={}
2025-06-29 02:30:53,367 LT1-thread root DEBUG testcase.py               720   pre_run                   : 25) class=<class 'autopts.ptsprojects.testcase.TestFuncCleanUp'>, func=<bound method ZephyrCtl.stop of <autopts.ptsprojects.zephyr.iutctl.ZephyrCtl object at 0x7fcbb0b02bf0>> start_wid=None stop_wid=None post_wid=None skip_call=None call_count=0 args=() kwds={}
2025-06-29 02:30:53,367 LT1-thread root DEBUG testcase.py               727   pre_run                   : pre_run, run pre test case script
2025-06-29 02:30:53,367 LT1-thread root DEBUG testcase.py               254   start                     : Starting test function: class=<class 'autopts.ptsprojects.testcase.TestFunc'>, func=<bound method Stack.core_init of <autopts.ptsprojects.stack.stack.Stack object at 0x7fcbb0b01de0>> start_wid=None stop_wid=None post_wid=None skip_call=None call_count=1 args=() kwds={}
2025-06-29 02:30:53,367 LT1-thread root DEBUG testcase.py               266   start                     : Test function parameters: args=(), kwds={}
2025-06-29 02:30:53,367 LT1-thread root DEBUG testcase.py               254   start                     : Starting test function: class=<class 'autopts.ptsprojects.testcase.TestFunc'>, func=<bound method ZephyrCtl.hw_reset of <autopts.ptsprojects.zephyr.iutctl.ZephyrCtl object at 0x7fcbb0b02bf0>> start_wid=None stop_wid=None post_wid=None skip_call=None call_count=1 args=() kwds={}
2025-06-29 02:30:53,367 LT1-thread root DEBUG testcase.py               266   start                     : Test function parameters: args=(), kwds={}
2025-06-29 02:30:53,367 LT1-thread root DEBUG testcase.py               254   start                     : Starting test function: class=<class 'autopts.ptsprojects.testcase.TestFunc'>, func=<bound method ZephyrCtl.start of <autopts.ptsprojects.zephyr.iutctl.ZephyrCtl object at 0x7fcbb0b02bf0>> start_wid=None stop_wid=None post_wid=None skip_call=None call_count=1 args=(<autopts.ptsprojects.zephyr.ztestcase.ZTestCase object at 0x7fcbb0141f60>,) kwds={}
2025-06-29 02:30:53,367 LT1-thread root DEBUG testcase.py               266   start                     : Test function parameters: args=(<autopts.ptsprojects.zephyr.ztestcase.ZTestCase object at 0x7fcbb0141f60>,), kwds={}
2025-06-29 02:30:53,367 LT1-thread root DEBUG iutctl.py                 106   start                     : <class 'autopts.ptsprojects.zephyr.iutctl.ZephyrCtl'>.start
2025-06-29 02:30:53,368 LT1-thread root DEBUG iutctl.py                 174   flush_serial              : <class 'autopts.ptsprojects.zephyr.iutctl.ZephyrCtl'>.flush_serial
2025-06-29 02:30:54,405 LT1-thread root DEBUG iutctl.py                 136   start                     : Starting socat process: socat -x -v /dev/ttyACM1,rawer,b115200 UNIX-CONNECT:/tmp/bt-stack-tester1050060770
2025-06-29 02:30:54,406 LT1-thread root DEBUG iutctl_common.py          390   accept                    : accept
2025-06-29 02:30:54,408 BTPWorkerThread-27834 (_rx_task) root DEBUG iutctl_common.py          295   _rx_task                  : BTPWorkerThread-27834 (_rx_task) started
2025-06-29 02:30:54,408 LT1-thread root DEBUG testcase.py               254   start                     : Starting test function: class=<class 'autopts.ptsprojects.testcase.TestFunc'>, func=<bound method ZephyrCtl.hw_reset of <autopts.ptsprojects.zephyr.iutctl.ZephyrCtl object at 0x7fcbb0b02bf0>> start_wid=None stop_wid=None post_wid=None skip_call=None call_count=1 args=() kwds={}
2025-06-29 02:30:54,408 LT1-thread root DEBUG testcase.py               266   start                     : Test function parameters: args=(), kwds={}
2025-06-29 02:30:54,408 LT1-thread root DEBUG testcase.py               254   start                     : Starting test function: class=<class 'autopts.ptsprojects.testcase.TestFunc'>, func=<bound method ZephyrCtl.wait_iut_ready_event of <autopts.ptsprojects.zephyr.iutctl.ZephyrCtl object at 0x7fcbb0b02bf0>> start_wid=None stop_wid=None post_wid=None skip_call=None call_count=1 args=(False,) kwds={}
2025-06-29 02:30:54,408 LT1-thread root DEBUG testcase.py               266   start                     : Test function parameters: args=(False,), kwds={}
2025-06-29 02:30:54,408 LT1-thread root DEBUG iutctl.py                 236   wait_iut_ready_event      : IUT ready event received OK
2025-06-29 02:30:54,408 LT1-thread root DEBUG rtt.py                    242   start                     : <class 'autopts.rtt.RTTLogger'>.start
2025-06-29 02:30:54,408 LT1-thread root DEBUG rtt.py                    94    start                     : <class 'autopts.rtt.RTT'>.start
2025-06-29 02:30:55,002 LT1-thread root DEBUG testcase.py               254   start                     : Starting test function: class=<class 'autopts.ptsprojects.testcase.TestFunc'>, func=<function core_reg_svc_gap at 0x7fcbb397ecb0> start_wid=None stop_wid=None post_wid=None skip_call=None call_count=29 args=() kwds={}
2025-06-29 02:30:55,002 LT1-thread root DEBUG testcase.py               266   start                     : Test function parameters: args=(), kwds={}
2025-06-29 02:30:55,002 LT1-thread root DEBUG btp.py                    118   core_reg_svc_univ         : core_reg_svc_univ: gap_reg (GAP)
2025-06-29 02:30:55,002 LT1-thread root DEBUG iutctl_common.py          159   send                      : send, 0 3 255 '1'
2025-06-29 02:30:55,002 LT1-thread root DEBUG iutctl_common.py          164   send                      : sending frame '0003ff010001'
2025-06-29 02:30:55,002 LT1-thread root DEBUG btp.py                    607   core_reg_svc_rsp_succ     : core_reg_svc_rsp_succ
2025-06-29 02:30:55,002 LT1-thread root DEBUG iutctl_common.py          327   read                      : read
2025-06-29 02:30:55,045 BTPWorkerThread-27834 (_rx_task) root DEBUG iutctl_common.py          121   read                      : Read 5 bytes
2025-06-29 02:30:55,045 BTPWorkerThread-27834 (_rx_task) root DEBUG iutctl_common.py          129   read                      : Received: hdr: Header(svc_id=0x00, op=0x03, ctrl_index=0xff, data_len=0x00) bytearray(b'\x00\x03\xff\x00\x00')
2025-06-29 02:30:55,045 BTPWorkerThread-27834 (_rx_task) root DEBUG iutctl_common.py          152   read                      : Received data: {''}, bytearray(b'')
2025-06-29 02:30:55,069 LT1-thread root DEBUG btp.py                    618   core_reg_svc_rsp_succ     : received Header(svc_id=0, op=3, ctrl_index=255, data_len=0) (b'',)
2025-06-29 02:30:55,069 LT1-thread root DEBUG btp.py                    619   core_reg_svc_rsp_succ     : expected ((0, 3, 255, 0), (b'',))
2025-06-29 02:30:55,069 LT1-thread root DEBUG btp.py                    624   core_reg_svc_rsp_succ     : response is valid
2025-06-29 02:30:55,069 LT1-thread root DEBUG btp.py                    627   core_reg_svc_rsp_succ     : Reading supported commands for service: GAP
2025-06-29 02:30:55,069 LT1-thread root DEBUG iutctl_common.py          159   send                      : send, 1 1 255 ''
2025-06-29 02:30:55,069 LT1-thread root DEBUG iutctl_common.py          164   send                      : sending frame '0101ff0000'
2025-06-29 02:30:55,069 LT1-thread root DEBUG iutctl_common.py          327   read                      : read
2025-06-29 02:30:55,079 BTPWorkerThread-27834 (_rx_task) root DEBUG iutctl_common.py          121   read                      : Read 5 bytes
2025-06-29 02:30:55,085 BTPWorkerThread-27834 (_rx_task) root DEBUG iutctl_common.py          129   read                      : Received: hdr: Header(svc_id=0x01, op=0x01, ctrl_index=0xff, data_len=0x06) bytearray(b'\x01\x01\xff\x06\x00')
2025-06-29 02:30:55,095 BTPWorkerThread-27834 (_rx_task) root DEBUG iutctl_common.py          137   read                      : Read 6 bytes data
2025-06-29 02:30:55,105 BTPWorkerThread-27834 (_rx_task) root DEBUG iutctl_common.py          152   read                      : Received data: {'6e ff 7f 1f fe 07'}, bytearray(b'n\xff\x7f\x1f\xfe\x07')
2025-06-29 02:30:55,111 LT1-thread root DEBUG testcase.py               254   start                     : Starting test function: class=<class 'autopts.ptsprojects.testcase.TestFunc'>, func=<bound method Stack.gap_init of <autopts.ptsprojects.stack.stack.Stack object at 0x7fcbb0b01de0>> start_wid=None stop_wid=None post_wid=None skip_call=None call_count=29 args=(b'Tester_1C28DF',) kwds={}
2025-06-29 02:30:55,111 LT1-thread root DEBUG testcase.py               266   start                     : Test function parameters: args=(b'Tester_1C28DF',), kwds={}
2025-06-29 02:30:55,111 LT1-thread root DEBUG testcase.py               254   start                     : Starting test function: class=<class 'autopts.ptsprojects.testcase.TestFunc'>, func=<function gap_read_ctrl_info at 0x7fcbb39a8f70> start_wid=None stop_wid=None post_wid=None skip_call=None call_count=29 args=() kwds={}
2025-06-29 02:30:55,111 LT1-thread root DEBUG testcase.py               266   start                     : Test function parameters: args=(), kwds={}
2025-06-29 02:30:55,111 LT1-thread root DEBUG gap.py                    991   gap_read_ctrl_info        : gap_read_ctrl_info
2025-06-29 02:30:55,111 LT1-thread root DEBUG iutctl_common.py          159   send                      : send, 1 3 0 ''
2025-06-29 02:30:55,111 LT1-thread root DEBUG iutctl_common.py          164   send                      : sending frame '0103000000'
2025-06-29 02:30:55,111 LT1-thread root DEBUG iutctl_common.py          327   read                      : read
2025-06-29 02:30:55,444 BTPWorkerThread-27834 (_rx_task) root DEBUG iutctl_common.py          121   read                      : Read 5 bytes
2025-06-29 02:30:55,450 BTPWorkerThread-27834 (_rx_task) root DEBUG iutctl_common.py          129   read                      : Received: hdr: Header(svc_id=0x01, op=0x03, ctrl_index=0x00, data_len=0x115) bytearray(b'\x01\x03\x00\x15\x01')
2025-06-29 02:30:55,460 BTPWorkerThread-27834 (_rx_task) root DEBUG iutctl_common.py          137   read                      : Read 277 bytes data
2025-06-29 02:30:55,465 BTPWorkerThread-27834 (_rx_task) root DEBUG iutctl_common.py          152   read                      : Received data: {'c3 51 0b 1b b8 d7 13 06 02 00 13 82 00 00 00 00 00 62 74 70 5f 74 65 73 74 65 72 00 00 00 00 00 00 00 00 00 00 00 00 00 00 00 00 00 00 00 00 00 00 00 00 00 00 00 00 00 00 00 00 00 00 00 00 00 00 00 00 00 00 00 00 00 00 00 00 00 00 00 00 00 00 00 00 00 00 00 00 00 00 00 00 00 00 00 00 00 00 00 00 00 00 00 00 00 00 00 00 00 00 00 00 00 00 00 00 00 00 00 00 00 00 00 00 00 00 00 00 00 00 00 00 00 00 00 00 00 00 00 00 00 00 00 00 00 00 00 00 00 00 00 00 00 00 00 00 00 00 00 00 00 00 00 00 00 00 00 00 00 00 00 00 00 00 00 00 00 00 00 00 00 00 00 00 00 00 00 00 00 00 00 00 00 00 00 00 00 00 00 00 00 00 00 00 00 00 00 00 00 00 00 00 00 00 00 00 00 00 00 00 00 00 00 00 00 00 00 00 00 00 00 00 00 00 00 00 00 00 00 00 00 00 00 00 00 00 00 00 00 00 00 00 00 00 00 00 00 00 00 00 00 00 00 00 00 00 00 00 00 00 00 00 00 00 00 00 00 00'}, bytearray(b'\xc3Q\x0b\x1b\xb8\xd7\x13\x06\x02\x00\x13\x82\x00\x00\x00\x00\x00btp_tester\x00\x00\x00\x00\x00\x00\x00\x00\x00\x00\x00\x00\x00\x00\x00\x00\x00\x00\x00\x00\x00\x00\x00\x00\x00\x00\x00\x00\x00\x00\x00\x00\x00\x00\x00\x00\x00\x00\x00\x00\x00\x00\x00\x00\x00\x00\x00\x00\x00\x00\x00\x00\x00\x00\x00\x00\x00\x00\x00\x00\x00\x00\x00\x00\x00\x00\x00\x00\x00\x00\x00\x00\x00\x00\x00\x00\x00\x00\x00\x00\x00\x00\x00\x00\x00\x00\x00\x00\x00\x00\x00\x00\x00\x00\x00\x00\x00\x00\x00\x00\x00\x00\x00\x00\x00\x00\x00\x00\x00\x00\x00\x00\x00\x00\x00\x00\x00\x00\x00\x00\x00\x00\x00\x00\x00\x00\x00\x00\x00\x00\x00\x00\x00\x00\x00\x00\x00\x00\x00\x00\x00\x00\x00\x00\x00\x00\x00\x00\x00\x00\x00\x00\x00\x00\x00\x00\x00\x00\x00\x00\x00\x00\x00\x00\x00\x00\x00\x00\x00\x00\x00\x00\x00\x00\x00\x00\x00\x00\x00\x00\x00\x00\x00\x00\x00\x00\x00\x00\x00\x00\x00\x00\x00\x00\x00\x00\x00\x00\x00\x00\x00\x00\x00\x00\x00\x00\x00\x00\x00\x00\x00\x00\x00\x00\x00\x00\x00\x00\x00\x00\x00\x00\x00\x00\x00\x00\x00\x00\x00\x00\x00\x00\x00\x00\x00\x00\x00\x00\x00\x00\x00\x00\x00\x00\x00\x00\x00\x00\x00\x00')
2025-06-29 02:30:55,476 LT1-thread root DEBUG gap.py                    998   gap_read_ctrl_info        : received Header(svc_id=1, op=3, ctrl_index=0, data_len=277) (b'\xc3Q\x0b\x1b\xb8\xd7\x13\x06\x02\x00\x13\x82\x00\x00\x00\x00\x00btp_tester\x00\x00\x00\x00\x00\x00\x00\x00\x00\x00\x00\x00\x00\x00\x00\x00\x00\x00\x00\x00\x00\x00\x00\x00\x00\x00\x00\x00\x00\x00\x00\x00\x00\x00\x00\x00\x00\x00\x00\x00\x00\x00\x00\x00\x00\x00\x00\x00\x00\x00\x00\x00\x00\x00\x00\x00\x00\x00\x00\x00\x00\x00\x00\x00\x00\x00\x00\x00\x00\x00\x00\x00\x00\x00\x00\x00\x00\x00\x00\x00\x00\x00\x00\x00\x00\x00\x00\x00\x00\x00\x00\x00\x00\x00\x00\x00\x00\x00\x00\x00\x00\x00\x00\x00\x00\x00\x00\x00\x00\x00\x00\x00\x00\x00\x00\x00\x00\x00\x00\x00\x00\x00\x00\x00\x00\x00\x00\x00\x00\x00\x00\x00\x00\x00\x00\x00\x00\x00\x00\x00\x00\x00\x00\x00\x00\x00\x00\x00\x00\x00\x00\x00\x00\x00\x00\x00\x00\x00\x00\x00\x00\x00\x00\x00\x00\x00\x00\x00\x00\x00\x00\x00\x00\x00\x00\x00\x00\x00\x00\x00\x00\x00\x00\x00\x00\x00\x00\x00\x00\x00\x00\x00\x00\x00\x00\x00\x00\x00\x00\x00\x00\x00\x00\x00\x00\x00\x00\x00\x00\x00\x00\x00\x00\x00\x00\x00\x00\x00\x00\x00\x00\x00\x00\x00\x00\x00\x00\x00\x00\x00\x00\x00\x00\x00\x00\x00\x00\x00\x00\x00\x00\x00\x00\x00\x00\x00\x00\x00\x00\x00',)
2025-06-29 02:30:55,476 LT1-thread root DEBUG gap.py                    1019  gap_read_ctrl_info        : IUT address 'd7b81b0b51c3' 'random'
2025-06-29 02:30:55,476 LT1-thread root DEBUG gap.py                    432   __gap_current_settings_update : __gap_current_settings_update 33299
2025-06-29 02:30:55,476 LT1-thread root DEBUG testcase.py               254   start                     : Starting test function: class=<class 'autopts.ptsprojects.testcase.TestFunc'>, func=<function test_cases.<locals>.<lambda> at 0x7fcbb0b0b6d0> start_wid=None stop_wid=None post_wid=None skip_call=None call_count=29 args=() kwds={}
2025-06-29 02:30:55,476 LT1-thread root DEBUG testcase.py               266   start                     : Test function parameters: args=(), kwds={}
2025-06-29 02:30:55,479 LT1-thread root DEBUG testcase.py               254   start                     : Starting test function: class=<class 'autopts.ptsprojects.testcase.TestFunc'>, func=<function core_reg_svc_gatt at 0x7fcbb397edd0> start_wid=None stop_wid=None post_wid=None skip_call=None call_count=29 args=() kwds={}
2025-06-29 02:30:55,479 LT1-thread root DEBUG testcase.py               266   start                     : Test function parameters: args=(), kwds={}
2025-06-29 02:30:55,479 LT1-thread root DEBUG btp.py                    118   core_reg_svc_univ         : core_reg_svc_univ: gatt_reg (GATT)
2025-06-29 02:30:55,480 LT1-thread root DEBUG iutctl_common.py          159   send                      : send, 0 3 255 '2'
2025-06-29 02:30:55,480 LT1-thread root DEBUG iutctl_common.py          164   send                      : sending frame '0003ff010002'
2025-06-29 02:30:55,480 LT1-thread root DEBUG btp.py                    607   core_reg_svc_rsp_succ     : core_reg_svc_rsp_succ
2025-06-29 02:30:55,480 LT1-thread root DEBUG iutctl_common.py          327   read                      : read
2025-06-29 02:30:55,516 BTPWorkerThread-27834 (_rx_task) root DEBUG iutctl_common.py          121   read                      : Read 5 bytes
2025-06-29 02:30:55,521 BTPWorkerThread-27834 (_rx_task) root DEBUG iutctl_common.py          129   read                      : Received: hdr: Header(svc_id=0x00, op=0x03, ctrl_index=0xff, data_len=0x00) bytearray(b'\x00\x03\xff\x00\x00')
2025-06-29 02:30:55,532 BTPWorkerThread-27834 (_rx_task) root DEBUG iutctl_common.py          152   read                      : Received data: {''}, bytearray(b'')
2025-06-29 02:30:55,532 LT1-thread root DEBUG btp.py                    618   core_reg_svc_rsp_succ     : received Header(svc_id=0, op=3, ctrl_index=255, data_len=0) (b'',)
2025-06-29 02:30:55,532 LT1-thread root DEBUG btp.py                    619   core_reg_svc_rsp_succ     : expected ((0, 3, 255, 0), (b'',))
2025-06-29 02:30:55,532 LT1-thread root DEBUG btp.py                    624   core_reg_svc_rsp_succ     : response is valid
2025-06-29 02:30:55,533 LT1-thread root DEBUG btp.py                    627   core_reg_svc_rsp_succ     : Reading supported commands for service: GATT
2025-06-29 02:30:55,533 LT1-thread root DEBUG iutctl_common.py          159   send                      : send, 2 1 255 ''
2025-06-29 02:30:55,533 LT1-thread root DEBUG iutctl_common.py          164   send                      : sending frame '0201ff0000'
2025-06-29 02:30:55,533 LT1-thread root DEBUG iutctl_common.py          327   read                      : read
2025-06-29 02:30:55,543 BTPWorkerThread-27834 (_rx_task) root DEBUG iutctl_common.py          121   read                      : Read 5 bytes
2025-06-29 02:30:55,549 BTPWorkerThread-27834 (_rx_task) root DEBUG iutctl_common.py          129   read                      : Received: hdr: Header(svc_id=0x02, op=0x01, ctrl_index=0xff, data_len=0x05) bytearray(b'\x02\x01\xff\x05\x00')
2025-06-29 02:30:55,569 BTPWorkerThread-27834 (_rx_task) root DEBUG iutctl_common.py          137   read                      : Read 5 bytes data
2025-06-29 02:30:55,575 BTPWorkerThread-27834 (_rx_task) root DEBUG iutctl_common.py          152   read                      : Received data: {'fe fe ff fd 03'}, bytearray(b'\xfe\xfe\xff\xfd\x03')
2025-06-29 02:30:55,580 LT1-thread root DEBUG testcase.py               254   start                     : Starting test function: class=<class 'autopts.ptsprojects.testcase.TestFunc'>, func=<function set_pts_addr at 0x7fcbb397e8c0> start_wid=None stop_wid=None post_wid=None skip_call=None call_count=29 args=('C0:07:E8:1C:28:DF', 0) kwds={}
2025-06-29 02:30:55,580 LT1-thread root DEBUG testcase.py               266   start                     : Test function parameters: args=('C0:07:E8:1C:28:DF', 0), kwds={}
2025-06-29 02:30:55,580 LT1-thread root DEBUG testcase.py               254   start                     : Starting test function: class=<class 'autopts.ptsprojects.testcase.TestFunc'>, func=<bound method Stack.gatt_init of <autopts.ptsprojects.stack.stack.Stack object at 0x7fcbb0b01de0>> start_wid=None stop_wid=None post_wid=None skip_call=None call_count=29 args=() kwds={}
2025-06-29 02:30:55,580 LT1-thread root DEBUG testcase.py               266   start                     : Test function parameters: args=(), kwds={}
2025-06-29 02:30:55,580 LT1-thread root DEBUG testcase.py               254   start                     : Starting test function: class=<class 'autopts.ptsprojects.testcase.TestFunc'>, func=<function gap_set_conn at 0x7fcbb39a8940> start_wid=None stop_wid=None post_wid=None skip_call=None call_count=29 args=() kwds={}
2025-06-29 02:30:55,580 LT1-thread root DEBUG testcase.py               266   start                     : Test function parameters: args=(), kwds={}
2025-06-29 02:30:55,580 LT1-thread root DEBUG gap.py                    812   gap_set_conn              : gap_set_conn
2025-06-29 02:30:55,580 LT1-thread root DEBUG testcase.py               254   start                     : Starting test function: class=<class 'autopts.ptsprojects.testcase.TestFunc'>, func=<function gap_set_gendiscov at 0x7fcbb39a8af0> start_wid=None stop_wid=None post_wid=None skip_call=None call_count=29 args=() kwds={}
2025-06-29 02:30:55,580 LT1-thread root DEBUG testcase.py               266   start                     : Test function parameters: args=(), kwds={}
2025-06-29 02:30:55,580 LT1-thread root DEBUG gap.py                    863   gap_set_gendiscov         : gap_set_gendiscov
2025-06-29 02:30:55,580 LT1-thread root DEBUG iutctl_common.py          159   send                      : send, 1 8 0 '1'
2025-06-29 02:30:55,580 LT1-thread root DEBUG iutctl_common.py          164   send                      : sending frame '010800010001'
2025-06-29 02:30:55,581 LT1-thread root DEBUG gap.py                    1026  gap_command_rsp_succ      : gap_command_rsp_succ
2025-06-29 02:30:55,581 LT1-thread root DEBUG iutctl_common.py          327   read                      : read
2025-06-29 02:30:55,601 BTPWorkerThread-27834 (_rx_task) root DEBUG iutctl_common.py          121   read                      : Read 5 bytes
2025-06-29 02:30:55,607 BTPWorkerThread-27834 (_rx_task) root DEBUG iutctl_common.py          129   read                      : Received: hdr: Header(svc_id=0x01, op=0x08, ctrl_index=0x00, data_len=0x04) bytearray(b'\x01\x08\x00\x04\x00')
2025-06-29 02:30:55,627 BTPWorkerThread-27834 (_rx_task) root DEBUG iutctl_common.py          137   read                      : Read 4 bytes data
2025-06-29 02:30:55,633 BTPWorkerThread-27834 (_rx_task) root DEBUG iutctl_common.py          152   read                      : Received data: {'1b 82 00 00'}, bytearray(b'\x1b\x82\x00\x00')
2025-06-29 02:30:55,653 LT1-thread root DEBUG gap.py                    1031  gap_command_rsp_succ      : received Header(svc_id=1, op=8, ctrl_index=0, data_len=4) (b'\x1b\x82\x00\x00',)
2025-06-29 02:30:55,653 LT1-thread root DEBUG gap.py                    432   __gap_current_settings_update : __gap_current_settings_update (b'\x1b\x82\x00\x00',)
2025-06-29 02:30:55,653 LT1-thread root DEBUG testcase.py               254   start                     : Starting test function: class=<class 'autopts.ptsprojects.testcase.TestFunc'>, func=<function core_reg_svc_pacs at 0x7fcbb397f5b0> start_wid=None stop_wid=None post_wid=None skip_call=None call_count=29 args=() kwds={}
2025-06-29 02:30:55,654 LT1-thread root DEBUG testcase.py               266   start                     : Test function parameters: args=(), kwds={}
2025-06-29 02:30:55,654 LT1-thread root DEBUG btp.py                    118   core_reg_svc_univ         : core_reg_svc_univ: pacs_reg (PACS)
2025-06-29 02:30:55,654 LT1-thread root DEBUG iutctl_common.py          159   send                      : send, 0 3 255 '12'
2025-06-29 02:30:55,654 LT1-thread root DEBUG iutctl_common.py          164   send                      : sending frame '0003ff01000c'
2025-06-29 02:30:55,654 LT1-thread root DEBUG btp.py                    607   core_reg_svc_rsp_succ     : core_reg_svc_rsp_succ
2025-06-29 02:30:55,654 LT1-thread root DEBUG iutctl_common.py          327   read                      : read
2025-06-29 02:30:55,664 BTPWorkerThread-27834 (_rx_task) root DEBUG iutctl_common.py          121   read                      : Read 5 bytes
2025-06-29 02:30:55,675 BTPWorkerThread-27834 (_rx_task) root DEBUG iutctl_common.py          129   read                      : Received: hdr: Header(svc_id=0x00, op=0x03, ctrl_index=0xff, data_len=0x00) bytearray(b'\x00\x03\xff\x00\x00')
2025-06-29 02:30:55,675 BTPWorkerThread-27834 (_rx_task) root DEBUG iutctl_common.py          152   read                      : Received data: {''}, bytearray(b'')
2025-06-29 02:30:55,686 LT1-thread root DEBUG btp.py                    618   core_reg_svc_rsp_succ     : received Header(svc_id=0, op=3, ctrl_index=255, data_len=0) (b'',)
2025-06-29 02:30:55,686 LT1-thread root DEBUG btp.py                    619   core_reg_svc_rsp_succ     : expected ((0, 3, 255, 0), (b'',))
2025-06-29 02:30:55,686 LT1-thread root DEBUG btp.py                    624   core_reg_svc_rsp_succ     : response is valid
2025-06-29 02:30:55,686 LT1-thread root DEBUG btp.py                    627   core_reg_svc_rsp_succ     : Reading supported commands for service: PACS
2025-06-29 02:30:55,686 LT1-thread root DEBUG iutctl_common.py          159   send                      : send, 12 1 255 ''
2025-06-29 02:30:55,686 LT1-thread root DEBUG iutctl_common.py          164   send                      : sending frame '0c01ff0000'
2025-06-29 02:30:55,686 LT1-thread root DEBUG iutctl_common.py          327   read                      : read
2025-06-29 02:30:55,697 BTPWorkerThread-27834 (_rx_task) root DEBUG iutctl_common.py          121   read                      : Read 5 bytes
2025-06-29 02:30:55,702 BTPWorkerThread-27834 (_rx_task) root DEBUG iutctl_common.py          129   read                      : Received: hdr: Header(svc_id=0x0c, op=0x01, ctrl_index=0xff, data_len=0x01) bytearray(b'\x0c\x01\xff\x01\x00')
2025-06-29 02:30:55,717 BTPWorkerThread-27834 (_rx_task) root DEBUG iutctl_common.py          137   read                      : Read 1 bytes data
2025-06-29 02:30:55,774 BTPWorkerThread-27834 (_rx_task) root DEBUG iutctl_common.py          152   read                      : Received data: {'3e'}, bytearray(b'>')
2025-06-29 02:30:55,826 LT1-thread root DEBUG testcase.py               254   start                     : Starting test function: class=<class 'autopts.ptsprojects.testcase.TestFunc'>, func=<function core_reg_svc_ascs at 0x7fcbb397f640> start_wid=None stop_wid=None post_wid=None skip_call=None call_count=29 args=() kwds={}
2025-06-29 02:30:55,826 LT1-thread root DEBUG testcase.py               266   start                     : Test function parameters: args=(), kwds={}
2025-06-29 02:30:55,826 LT1-thread root DEBUG btp.py                    118   core_reg_svc_univ         : core_reg_svc_univ: ascs_reg (ASCS)
2025-06-29 02:30:55,826 LT1-thread root DEBUG iutctl_common.py          159   send                      : send, 0 3 255 '13'
2025-06-29 02:30:55,826 LT1-thread root DEBUG iutctl_common.py          164   send                      : sending frame '0003ff01000d'
2025-06-29 02:30:55,827 LT1-thread root DEBUG btp.py                    607   core_reg_svc_rsp_succ     : core_reg_svc_rsp_succ
2025-06-29 02:30:55,827 LT1-thread root DEBUG iutctl_common.py          327   read                      : read
2025-06-29 02:30:55,837 BTPWorkerThread-27834 (_rx_task) root DEBUG iutctl_common.py          121   read                      : Read 5 bytes
2025-06-29 02:30:55,853 BTPWorkerThread-27834 (_rx_task) root DEBUG iutctl_common.py          129   read                      : Received: hdr: Header(svc_id=0x00, op=0x03, ctrl_index=0xff, data_len=0x00) bytearray(b'\x00\x03\xff\x00\x00')
2025-06-29 02:30:55,884 BTPWorkerThread-27834 (_rx_task) root DEBUG iutctl_common.py          152   read                      : Received data: {''}, bytearray(b'')
2025-06-29 02:30:55,889 LT1-thread root DEBUG btp.py                    618   core_reg_svc_rsp_succ     : received Header(svc_id=0, op=3, ctrl_index=255, data_len=0) (b'',)
2025-06-29 02:30:55,889 LT1-thread root DEBUG btp.py                    619   core_reg_svc_rsp_succ     : expected ((0, 3, 255, 0), (b'',))
2025-06-29 02:30:55,889 LT1-thread root DEBUG btp.py                    624   core_reg_svc_rsp_succ     : response is valid
2025-06-29 02:30:55,889 LT1-thread root DEBUG btp.py                    627   core_reg_svc_rsp_succ     : Reading supported commands for service: ASCS
2025-06-29 02:30:55,889 LT1-thread root DEBUG iutctl_common.py          159   send                      : send, 13 1 255 ''
2025-06-29 02:30:55,890 LT1-thread root DEBUG iutctl_common.py          164   send                      : sending frame '0d01ff0000'
2025-06-29 02:30:55,890 LT1-thread root DEBUG iutctl_common.py          327   read                      : read
2025-06-29 02:30:55,900 BTPWorkerThread-27834 (_rx_task) root DEBUG iutctl_common.py          121   read                      : Read 5 bytes
2025-06-29 02:30:55,906 BTPWorkerThread-27834 (_rx_task) root DEBUG iutctl_common.py          129   read                      : Received: hdr: Header(svc_id=0x0d, op=0x01, ctrl_index=0xff, data_len=0x02) bytearray(b'\r\x01\xff\x02\x00')
2025-06-29 02:30:55,926 BTPWorkerThread-27834 (_rx_task) root DEBUG iutctl_common.py          137   read                      : Read 2 bytes data
2025-06-29 02:30:55,942 BTPWorkerThread-27834 (_rx_task) root DEBUG iutctl_common.py          152   read                      : Received data: {'fe 0f'}, bytearray(b'\xfe\x0f')
2025-06-29 02:30:55,963 LT1-thread root DEBUG testcase.py               254   start                     : Starting test function: class=<class 'autopts.ptsprojects.testcase.TestFunc'>, func=<function core_reg_svc_bap at 0x7fcbb397f760> start_wid=None stop_wid=None post_wid=None skip_call=None call_count=29 args=() kwds={}
2025-06-29 02:30:55,963 LT1-thread root DEBUG testcase.py               266   start                     : Test function parameters: args=(), kwds={}
2025-06-29 02:30:55,963 LT1-thread root DEBUG btp.py                    118   core_reg_svc_univ         : core_reg_svc_univ: bap_reg (BAP)
2025-06-29 02:30:55,963 LT1-thread root DEBUG iutctl_common.py          159   send                      : send, 0 3 255 '14'
2025-06-29 02:30:55,963 LT1-thread root DEBUG iutctl_common.py          164   send                      : sending frame '0003ff01000e'
2025-06-29 02:30:55,963 LT1-thread root DEBUG btp.py                    607   core_reg_svc_rsp_succ     : core_reg_svc_rsp_succ
2025-06-29 02:30:55,963 LT1-thread root DEBUG iutctl_common.py          327   read                      : read
2025-06-29 02:30:55,989 BTPWorkerThread-27834 (_rx_task) root DEBUG iutctl_common.py          121   read                      : Read 5 bytes
2025-06-29 02:30:55,994 BTPWorkerThread-27834 (_rx_task) root DEBUG iutctl_common.py          129   read                      : Received: hdr: Header(svc_id=0x00, op=0x03, ctrl_index=0xff, data_len=0x00) bytearray(b'\x00\x03\xff\x00\x00')
2025-06-29 02:30:56,020 BTPWorkerThread-27834 (_rx_task) root DEBUG iutctl_common.py          152   read                      : Received data: {''}, bytearray(b'')
2025-06-29 02:30:56,025 LT1-thread root DEBUG btp.py                    618   core_reg_svc_rsp_succ     : received Header(svc_id=0, op=3, ctrl_index=255, data_len=0) (b'',)
2025-06-29 02:30:56,025 LT1-thread root DEBUG btp.py                    619   core_reg_svc_rsp_succ     : expected ((0, 3, 255, 0), (b'',))
2025-06-29 02:30:56,025 LT1-thread root DEBUG btp.py                    624   core_reg_svc_rsp_succ     : response is valid
2025-06-29 02:30:56,026 LT1-thread root DEBUG btp.py                    627   core_reg_svc_rsp_succ     : Reading supported commands for service: BAP
2025-06-29 02:30:56,026 LT1-thread root DEBUG iutctl_common.py          159   send                      : send, 14 1 255 ''
2025-06-29 02:30:56,026 LT1-thread root DEBUG iutctl_common.py          164   send                      : sending frame '0e01ff0000'
2025-06-29 02:30:56,026 LT1-thread root DEBUG iutctl_common.py          327   read                      : read
2025-06-29 02:30:56,047 BTPWorkerThread-27834 (_rx_task) root DEBUG iutctl_common.py          121   read                      : Read 5 bytes
2025-06-29 02:30:56,047 BTPWorkerThread-27834 (_rx_task) root DEBUG iutctl_common.py          129   read                      : Received: hdr: Header(svc_id=0x0e, op=0x01, ctrl_index=0xff, data_len=0x04) bytearray(b'\x0e\x01\xff\x04\x00')
2025-06-29 02:30:56,047 BTPWorkerThread-27834 (_rx_task) root DEBUG iutctl_common.py          137   read                      : Read 4 bytes data
2025-06-29 02:30:56,047 BTPWorkerThread-27834 (_rx_task) root DEBUG iutctl_common.py          152   read                      : Received data: {'fe ff ff 03'}, bytearray(b'\xfe\xff\xff\x03')
2025-06-29 02:30:56,068 LT1-thread root DEBUG testcase.py               254   start                     : Starting test function: class=<class 'autopts.ptsprojects.testcase.TestFunc'>, func=<bound method Stack.ascs_init of <autopts.ptsprojects.stack.stack.Stack object at 0x7fcbb0b01de0>> start_wid=None stop_wid=None post_wid=None skip_call=None call_count=29 args=() kwds={}
2025-06-29 02:30:56,068 LT1-thread root DEBUG testcase.py               266   start                     : Test function parameters: args=(), kwds={}
2025-06-29 02:30:56,068 LT1-thread root DEBUG testcase.py               254   start                     : Starting test function: class=<class 'autopts.ptsprojects.testcase.TestFunc'>, func=<bound method Stack.bap_init of <autopts.ptsprojects.stack.stack.Stack object at 0x7fcbb0b01de0>> start_wid=None stop_wid=None post_wid=None skip_call=None call_count=29 args=() kwds={}
2025-06-29 02:30:56,068 LT1-thread root DEBUG testcase.py               266   start                     : Test function parameters: args=(), kwds={}
2025-06-29 02:30:56,068 LT1-thread root DEBUG testcase.py               254   start                     : Starting test function: class=<class 'autopts.ptsprojects.testcase.TestFunc'>, func=<function test_cases.<locals>.<lambda> at 0x7fcbb0b0bd00> start_wid=None stop_wid=None post_wid=None skip_call=None call_count=29 args=() kwds={}
2025-06-29 02:30:56,068 LT1-thread root DEBUG testcase.py               266   start                     : Test function parameters: args=(), kwds={}
2025-06-29 02:30:56,069 LT1-thread root DEBUG testcase.py               254   start                     : Starting test function: class=<class 'autopts.ptsprojects.testcase.TestFunc'>, func=<function gap_set_extended_advertising_on at 0x7fcbb39a97e0> start_wid=None stop_wid=None post_wid=None skip_call=None call_count=29 args=() kwds={}
2025-06-29 02:30:56,069 LT1-thread root DEBUG testcase.py               266   start                     : Test function parameters: args=(), kwds={}
2025-06-29 02:30:56,069 LT1-thread root DEBUG gap.py                    1255  gap_set_extended_advertising_on : gap_set_extended_advertising_on
2025-06-29 02:30:56,069 LT1-thread root DEBUG iutctl_common.py          159   send                      : send, 1 33 0 '1'
2025-06-29 02:30:56,069 LT1-thread root DEBUG iutctl_common.py          164   send                      : sending frame '012100010001'
2025-06-29 02:30:56,069 LT1-thread root DEBUG gap.py                    1026  gap_command_rsp_succ      : gap_command_rsp_succ
2025-06-29 02:30:56,069 LT1-thread root DEBUG iutctl_common.py          327   read                      : read
2025-06-29 02:30:56,105 BTPWorkerThread-27834 (_rx_task) root DEBUG iutctl_common.py          121   read                      : Read 5 bytes
2025-06-29 02:30:56,110 BTPWorkerThread-27834 (_rx_task) root DEBUG iutctl_common.py          129   read                      : Received: hdr: Header(svc_id=0x01, op=0x21, ctrl_index=0x00, data_len=0x04) bytearray(b'\x01!\x00\x04\x00')
2025-06-29 02:30:56,136 BTPWorkerThread-27834 (_rx_task) root DEBUG iutctl_common.py          137   read                      : Read 4 bytes data
2025-06-29 02:30:56,147 BTPWorkerThread-27834 (_rx_task) root DEBUG iutctl_common.py          152   read                      : Received data: {'1b 82 02 00'}, bytearray(b'\x1b\x82\x02\x00')
2025-06-29 02:30:56,152 LT1-thread root DEBUG gap.py                    1031  gap_command_rsp_succ      : received Header(svc_id=1, op=33, ctrl_index=0, data_len=4) (b'\x1b\x82\x02\x00',)
2025-06-29 02:30:56,152 LT1-thread root DEBUG gap.py                    432   __gap_current_settings_update : __gap_current_settings_update (b'\x1b\x82\x02\x00',)
2025-06-29 02:30:56,152 LT1-thread root DEBUG testcase.py               254   start                     : Starting test function: class=<class 'autopts.ptsprojects.testcase.TestFunc'>, func=<function test_cases.<locals>.<lambda> at 0x7fcbb0b0bd90> start_wid=None stop_wid=None post_wid=None skip_call=None call_count=29 args=() kwds={}
2025-06-29 02:30:56,152 LT1-thread root DEBUG testcase.py               266   start                     : Test function parameters: args=(), kwds={}
2025-06-29 02:30:56,152 LT1-thread root DEBUG gap.py                    481   gap_adv_ind_on            : gap_adv_ind_on {9: '5465737465725f314332384446', 1: '06', 3: '4e18', 22: '4e1801ff0fff0f00'} None
2025-06-29 02:30:56,152 LT1-thread root DEBUG iutctl_common.py          159   send                      : send, 1 10 0 "bytearray(b' \\x00\\t\\rTester_1C28DF\\x01\\x01\\x06\\x03\\x02N\\x18\\x16\\x08N\\x18\\x01\\xff\\x0f\\xff\\x0f\\x00\\xff\\xff\\xff\\xff\\x00')"
2025-06-29 02:30:56,152 LT1-thread root DEBUG iutctl_common.py          164   send                      : sending frame '010a0027002000090d5465737465725f31433238444601010603024e1816084e1801ff0fff0f00ffffffff00'
2025-06-29 02:30:56,152 LT1-thread root DEBUG gap.py                    1026  gap_command_rsp_succ      : gap_command_rsp_succ
2025-06-29 02:30:56,153 LT1-thread root DEBUG iutctl_common.py          327   read                      : read
2025-06-29 02:30:56,173 BTPWorkerThread-27834 (_rx_task) root DEBUG iutctl_common.py          121   read                      : Read 5 bytes
2025-06-29 02:30:56,179 BTPWorkerThread-27834 (_rx_task) root DEBUG iutctl_common.py          129   read                      : Received: hdr: Header(svc_id=0x01, op=0x0a, ctrl_index=0x00, data_len=0x04) bytearray(b'\x01\n\x00\x04\x00')
2025-06-29 02:30:56,199 BTPWorkerThread-27834 (_rx_task) root DEBUG iutctl_common.py          137   read                      : Read 4 bytes data
2025-06-29 02:30:56,210 BTPWorkerThread-27834 (_rx_task) root DEBUG iutctl_common.py          152   read                      : Received data: {'1b 86 02 00'}, bytearray(b'\x1b\x86\x02\x00')
2025-06-29 02:30:56,215 LT1-thread root DEBUG gap.py                    1031  gap_command_rsp_succ      : received Header(svc_id=1, op=10, ctrl_index=0, data_len=4) (b'\x1b\x86\x02\x00',)
2025-06-29 02:30:56,215 LT1-thread root DEBUG gap.py                    432   __gap_current_settings_update : __gap_current_settings_update (b'\x1b\x86\x02\x00',)
2025-06-29 02:30:56,215 LT1-thread root DEBUG testcase.py               254   start                     : Starting test function: class=<class 'autopts.ptsprojects.testcase.TestFunc'>, func=<function bap_broadcast_sink_setup at 0x7fcbb39aa440> start_wid=None stop_wid=None post_wid=None skip_call=None call_count=29 args=() kwds={}
2025-06-29 02:30:56,215 LT1-thread root DEBUG testcase.py               266   start                     : Test function parameters: args=(), kwds={}
2025-06-29 02:30:56,215 LT1-thread root DEBUG bap.py                    269   bap_broadcast_sink_setup  : bap_broadcast_sink_setup
2025-06-29 02:30:56,215 LT1-thread root DEBUG iutctl_common.py          159   send                      : send, 14 10 0 ''
2025-06-29 02:30:56,215 LT1-thread root DEBUG iutctl_common.py          164   send                      : sending frame '0e0a000000'
2025-06-29 02:30:56,216 LT1-thread root DEBUG bap.py                    83    bap_command_rsp_succ      : bap_command_rsp_succ
2025-06-29 02:30:56,216 LT1-thread root DEBUG iutctl_common.py          327   read                      : read
2025-06-29 02:30:56,231 BTPWorkerThread-27834 (_rx_task) root DEBUG iutctl_common.py          121   read                      : Read 5 bytes
2025-06-29 02:30:56,236 BTPWorkerThread-27834 (_rx_task) root DEBUG iutctl_common.py          129   read                      : Received: hdr: Header(svc_id=0x0e, op=0x0a, ctrl_index=0x00, data_len=0x00) bytearray(b'\x0e\n\x00\x00\x00')
2025-06-29 02:30:56,252 BTPWorkerThread-27834 (_rx_task) root DEBUG iutctl_common.py          152   read                      : Received data: {''}, bytearray(b'')
2025-06-29 02:30:56,257 LT1-thread root DEBUG bap.py                    88    bap_command_rsp_succ      : received Header(svc_id=14, op=10, ctrl_index=0, data_len=0) (b'',)
2025-06-29 02:30:56,257 LT1-thread root DEBUG testcase.py               254   start                     : Starting test function: class=<class 'autopts.ptsprojects.testcase.TestFunc'>, func=<function test_cases.<locals>.<lambda> at 0x7fcbb0b0be20> start_wid=None stop_wid=None post_wid=None skip_call=None call_count=29 args=() kwds={}
2025-06-29 02:30:56,258 LT1-thread root DEBUG testcase.py               266   start                     : Test function parameters: args=(), kwds={}
2025-06-29 02:30:56,259 LT1-thread root DEBUG client.py                 316   get_result                : ClientCallback.get_result run_test_case
2025-06-29 02:30:57,742 LT1-callback ClientCallback.on_implicit_send INFO client.py                 263   on_implicit_send          : 
    ********************
    BEGIN OnImplicitSend:
    project_name: BASS
    wid: 20001
    test_case_name: BASS/SR/SPE/BI-01-C
    description: Please prepare IUT into a connectable mode.

Description: Verify that the Implementation Under Test (IUT) can accept GATT connect request from PTS.
    style: MMI_Style_Ok_Cancel2 0x11141
2025-06-29 02:30:57,742 LT1-callback ClientCallback.on_implicit_send INFO client.py                 276   on_implicit_send          : Calling test cases on_implicit_send
2025-06-29 02:30:57,742 LT1-callback ClientCallback.on_implicit_send INFO client.py                 289   on_implicit_send          : 
    on_implicit_send returned response: WAIT
    END OnImplicitSend
    ********************
2025-06-29 02:30:57,926 BTPWorkerThread-27834 (_rx_task) root DEBUG iutctl_common.py          121   read                      : Read 1 bytes
2025-06-29 02:30:57,926 BTPWorkerThread-27834 (_rx_task) root DEBUG iutctl_common.py          121   read                      : Read 4 bytes
2025-06-29 02:30:57,926 BTPWorkerThread-27834 (_rx_task) root DEBUG iutctl_common.py          129   read                      : Received: hdr: Header(svc_id=0x01, op=0x82, ctrl_index=0x00, data_len=0x0d) bytearray(b'\x01\x82\x00\r\x00')
2025-06-29 02:30:57,927 BTPWorkerThread-27834 (_rx_task) root DEBUG iutctl_common.py          137   read                      : Read 5 bytes data
2025-06-29 02:30:57,927 BTPWorkerThread-27834 (_rx_task) root DEBUG iutctl_common.py          137   read                      : Read 8 bytes data
2025-06-29 02:30:57,927 BTPWorkerThread-27834 (_rx_task) root DEBUG iutctl_common.py          152   read                      : Received data: {'00 df 28 1c e8 07 c0 30 00 00 00 d0 09'}, bytearray(b'\x00\xdf(\x1c\xe8\x07\xc00\x00\x00\x00\xd0\t')
2025-06-29 02:30:57,927 BTPWorkerThread-27834 (_rx_task) root DEBUG btp.py                    688   event_handler             : event_handler Header(svc_id=1, op=130, ctrl_index=0, data_len=13) (b'\x00\xdf(\x1c\xe8\x07\xc00\x00\x00\x00\xd0\t',)
2025-06-29 02:30:57,927 BTPWorkerThread-27834 (_rx_task) root DEBUG gap.py                    184   gap_connected_ev_         : gap_connected_ev_ b'\x00\xdf(\x1c\xe8\x07\xc00\x00\x00\x00\xd0\t'
2025-06-29 02:30:57,928 BTPWorkerThread-27834 (_rx_task) root DEBUG iutctl_common.py          121   read                      : Read 5 bytes
2025-06-29 02:30:57,928 BTPWorkerThread-27834 (_rx_task) root DEBUG iutctl_common.py          129   read                      : Received: hdr: Header(svc_id=0x01, op=0x80, ctrl_index=0x00, data_len=0x04) bytearray(b'\x01\x80\x00\x04\x00')
2025-06-29 02:30:57,928 BTPWorkerThread-27834 (_rx_task) root DEBUG iutctl_common.py          137   read                      : Read 4 bytes data
2025-06-29 02:30:57,928 BTPWorkerThread-27834 (_rx_task) root DEBUG iutctl_common.py          152   read                      : Received data: {'1b 82 02 00'}, bytearray(b'\x1b\x82\x02\x00')
2025-06-29 02:30:57,928 BTPWorkerThread-27834 (_rx_task) root DEBUG btp.py                    688   event_handler             : event_handler Header(svc_id=1, op=128, ctrl_index=0, data_len=4) (b'\x1b\x82\x02\x00',)
2025-06-29 02:30:57,928 BTPWorkerThread-27834 (_rx_task) root DEBUG gap.py                    152   gap_new_settings_ev_      : gap_new_settings_ev_ b'\x1b\x82\x02\x00'
2025-06-29 02:30:57,928 BTPWorkerThread-27834 (_rx_task) root DEBUG gap.py                    432   __gap_current_settings_update : __gap_current_settings_update 164379
2025-06-29 02:30:58,259 LT1-thread root DEBUG testcase.py               675   run_wid                   : BASS BASS/SR/SPE/BI-01-C on_implicit_send
2025-06-29 02:30:58,259 LT1-thread root DEBUG bass_wid.py               24    bass_wid_hdl              : bass_wid_hdl, 20001, Please prepare IUT into a connectable mode.

Description: Verify that the Implementation Under Test (IUT) can accept GATT connect request from PTS., BASS/SR/SPE/BI-01-C
2025-06-29 02:30:58,260 LT1-thread root DEBUG gap.py                    1255  gap_set_extended_advertising_on : gap_set_extended_advertising_on
2025-06-29 02:30:58,260 LT1-thread root DEBUG gap.py                    481   gap_adv_ind_on            : gap_adv_ind_on {9: '5465737465725f314332384446', 1: '06', 3: '4e18', 22: '4e1801ff0fff0f00'} None
2025-06-29 02:30:58,260 LT1-thread root DEBUG iutctl_common.py          159   send                      : send, 1 10 0 "bytearray(b' \\x00\\t\\rTester_1C28DF\\x01\\x01\\x06\\x03\\x02N\\x18\\x16\\x08N\\x18\\x01\\xff\\x0f\\xff\\x0f\\x00\\xff\\xff\\xff\\xff\\x00')"
2025-06-29 02:30:58,260 LT1-thread root DEBUG iutctl_common.py          164   send                      : sending frame '010a0027002000090d5465737465725f31433238444601010603024e1816084e1801ff0fff0f00ffffffff00'
2025-06-29 02:30:58,260 LT1-thread root DEBUG gap.py                    1026  gap_command_rsp_succ      : gap_command_rsp_succ
2025-06-29 02:30:58,260 LT1-thread root DEBUG iutctl_common.py          327   read                      : read
2025-06-29 02:30:58,276 BTPWorkerThread-27834 (_rx_task) root DEBUG iutctl_common.py          121   read                      : Read 5 bytes
2025-06-29 02:30:58,281 BTPWorkerThread-27834 (_rx_task) root DEBUG iutctl_common.py          129   read                      : Received: hdr: Header(svc_id=0x01, op=0x0a, ctrl_index=0x00, data_len=0x04) bytearray(b'\x01\n\x00\x04\x00')
2025-06-29 02:30:58,281 BTPWorkerThread-27834 (_rx_task) root DEBUG iutctl_common.py          137   read                      : Read 4 bytes data
2025-06-29 02:30:58,292 BTPWorkerThread-27834 (_rx_task) root DEBUG iutctl_common.py          152   read                      : Received data: {'1b 86 02 00'}, bytearray(b'\x1b\x86\x02\x00')
2025-06-29 02:30:58,297 LT1-thread root DEBUG gap.py                    1031  gap_command_rsp_succ      : received Header(svc_id=1, op=10, ctrl_index=0, data_len=4) (b'\x1b\x86\x02\x00',)
2025-06-29 02:30:58,298 LT1-thread root DEBUG gap.py                    432   __gap_current_settings_update : __gap_current_settings_update (b'\x1b\x86\x02\x00',)
2025-06-29 02:30:58,298 LT1-thread root DEBUG testcase.py               711   run_wid                   : Sending response 'OK' to wid 20001 test case BASS/SR/SPE/BI-01-C
2025-06-29 02:30:58,299 LT1-thread root DEBUG client.py                 316   get_result                : ClientCallback.get_result run_test_case
2025-06-29 02:31:01,449 BTPWorkerThread-27834 (_rx_task) root DEBUG iutctl_common.py          121   read                      : Read 2 bytes
2025-06-29 02:31:01,450 BTPWorkerThread-27834 (_rx_task) root DEBUG iutctl_common.py          121   read                      : Read 3 bytes
2025-06-29 02:31:01,450 BTPWorkerThread-27834 (_rx_task) root DEBUG iutctl_common.py          129   read                      : Received: hdr: Header(svc_id=0x01, op=0x91, ctrl_index=0x00, data_len=0x09) bytearray(b'\x01\x91\x00\t\x00')
2025-06-29 02:31:01,450 BTPWorkerThread-27834 (_rx_task) root DEBUG iutctl_common.py          137   read                      : Read 5 bytes data
2025-06-29 02:31:01,451 BTPWorkerThread-27834 (_rx_task) root DEBUG iutctl_common.py          137   read                      : Read 4 bytes data
2025-06-29 02:31:01,451 BTPWorkerThread-27834 (_rx_task) root DEBUG iutctl_common.py          152   read                      : Received data: {'00 df 28 1c e8 07 c0 01 10'}, bytearray(b'\x00\xdf(\x1c\xe8\x07\xc0\x01\x10')
2025-06-29 02:31:01,451 BTPWorkerThread-27834 (_rx_task) root DEBUG btp.py                    688   event_handler             : event_handler Header(svc_id=1, op=145, ctrl_index=0, data_len=9) (b'\x00\xdf(\x1c\xe8\x07\xc0\x01\x10',)
2025-06-29 02:31:01,451 BTPWorkerThread-27834 (_rx_task) root DEBUG gap.py                    393   gap_encryption_change_ev_ : gap_encryption_change_ev_
2025-06-29 02:31:01,451 BTPWorkerThread-27834 (_rx_task) root DEBUG gap.py                    395   gap_encryption_change_ev_ : enc change received b'\x00\xdf(\x1c\xe8\x07\xc0\x01\x10'
2025-06-29 02:31:01,451 BTPWorkerThread-27834 (_rx_task) root DEBUG gap.py                    404   gap_encryption_change_ev_ : received (0, 'c007e81c28df', 1, 16)
2025-06-29 02:31:01,451 BTPWorkerThread-27834 (_rx_task) root DEBUG iutctl_common.py          121   read                      : Read 5 bytes
2025-06-29 02:31:01,451 BTPWorkerThread-27834 (_rx_task) root DEBUG iutctl_common.py          129   read                      : Received: hdr: Header(svc_id=0x01, op=0x89, ctrl_index=0x00, data_len=0x08) bytearray(b'\x01\x89\x00\x08\x00')
2025-06-29 02:31:01,451 BTPWorkerThread-27834 (_rx_task) root DEBUG iutctl_common.py          137   read                      : Read 8 bytes data
2025-06-29 02:31:01,452 BTPWorkerThread-27834 (_rx_task) root DEBUG iutctl_common.py          152   read                      : Received data: {'00 df 28 1c e8 07 c0 02'}, bytearray(b'\x00\xdf(\x1c\xe8\x07\xc0\x02')
2025-06-29 02:31:01,452 BTPWorkerThread-27834 (_rx_task) root DEBUG btp.py                    688   event_handler             : event_handler Header(svc_id=1, op=137, ctrl_index=0, data_len=8) (b'\x00\xdf(\x1c\xe8\x07\xc0\x02',)
2025-06-29 02:31:01,452 BTPWorkerThread-27834 (_rx_task) root DEBUG gap.py                    269   gap_sec_level_changed_ev_ : gap_sec_level_changed_ev_
2025-06-29 02:31:01,452 BTPWorkerThread-27834 (_rx_task) root DEBUG gap.py                    271   gap_sec_level_changed_ev_ : received b'\x00\xdf(\x1c\xe8\x07\xc0\x02'
2025-06-29 02:31:01,452 BTPWorkerThread-27834 (_rx_task) root DEBUG gap.py                    282   gap_sec_level_changed_ev_ : received (0, 'c007e81c28df', 2)
2025-06-29 02:31:19,468 BTPWorkerThread-27834 (_rx_task) root DEBUG iutctl_common.py          121   read                      : Read 4 bytes
2025-06-29 02:31:19,469 BTPWorkerThread-27834 (_rx_task) root DEBUG iutctl_common.py          121   read                      : Read 1 bytes
2025-06-29 02:31:19,469 BTPWorkerThread-27834 (_rx_task) root DEBUG iutctl_common.py          129   read                      : Received: hdr: Header(svc_id=0x01, op=0x83, ctrl_index=0x00, data_len=0x07) bytearray(b'\x01\x83\x00\x07\x00')
2025-06-29 02:31:19,469 BTPWorkerThread-27834 (_rx_task) root DEBUG iutctl_common.py          137   read                      : Read 7 bytes data
2025-06-29 02:31:19,469 BTPWorkerThread-27834 (_rx_task) root DEBUG iutctl_common.py          152   read                      : Received data: {'00 df 28 1c e8 07 c0'}, bytearray(b'\x00\xdf(\x1c\xe8\x07\xc0')
2025-06-29 02:31:19,469 BTPWorkerThread-27834 (_rx_task) root DEBUG btp.py                    688   event_handler             : event_handler Header(svc_id=1, op=131, ctrl_index=0, data_len=7) (b'\x00\xdf(\x1c\xe8\x07\xc0',)
2025-06-29 02:31:19,469 BTPWorkerThread-27834 (_rx_task) root DEBUG gap.py                    197   gap_disconnected_ev_      : gap_disconnected_ev_ b'\x00\xdf(\x1c\xe8\x07\xc0'
2025-06-29 02:31:22,039 LT1-callback ClientCallback.log INFO client.py                 240   log                       : PTS_LOGTYPE_START_TEST Start Test Case 

+172 ms
 BASS/SR/SPE/BI-01-C BASS/SR/SPE/BI-01-C

2025-06-29 02:31:22,572 LT1-callback ClientCallback.log INFO client.py                 240   log                       : PTS_LOGTYPE_FINAL_VERDICT Final Verdict 

+25532 ms
 BASS/SR/SPE/BI-01-C PASS

2025-06-29 02:31:22,574 LT1-callback ClientCallback.log INFO client.py                 240   log                       : PTS_LOGTYPE_FINAL_VERDICT Encrypted Verdict 

+25532 ms
 BASS/SR/SPE/BI-01-C A1#ZWY4MzQ5MDg3MmQwNTIxOGQzMzQ5YjY2ODA5M2MzNjQ5ZDY4NmY0Yjc2MzIzM2VkNTUyNTFhNGU4Mjg1MjI0NA==#q+dofCeCSevBtzHBvHI+ElhmsJIkWhqHR7JXW/nwd7saft5FSEsmtasNYMr/YCMX

2025-06-29 02:31:22,577 LT1-callback ClientCallback.log INFO client.py                 240   log                       : PTS_LOGTYPE_END_TEST Test Case Ended 

+25532 ms
 BASS/SR/SPE/BI-01-C BASS/SR/SPE/BI-01-C

2025-06-29 02:31:23,443 LT1-callback root DEBUG client.py                 301   set_result                : ClientCallback, set_result, run_test_case, PASS
2025-06-29 02:31:23,443 LT1-thread root DEBUG client.py                 1072  _run_test_case            : After run_test_case error_code=0 status='PASS'
2025-06-29 02:31:23,443 LT1-thread root DEBUG testcase.py               755   post_run                  : post_run BASS BASS/SR/SPE/BI-01-C 0
2025-06-29 02:31:23,443 LT1-thread root DEBUG testcase.py               254   start                     : Starting test function: class=<class 'autopts.ptsprojects.testcase.TestFuncCleanUp'>, func=<bound method Stack.cleanup of <autopts.ptsprojects.stack.stack.Stack object at 0x7fcbb0b01de0>> start_wid=None stop_wid=None post_wid=None skip_call=None call_count=1 args=() kwds={}
2025-06-29 02:31:23,443 LT1-thread root DEBUG testcase.py               266   start                     : Test function parameters: args=(), kwds={}
2025-06-29 02:31:23,443 LT1-thread root DEBUG testcase.py               254   start                     : Starting test function: class=<class 'autopts.ptsprojects.testcase.TestFuncCleanUp'>, func=<bound method ZephyrCtl.stop of <autopts.ptsprojects.zephyr.iutctl.ZephyrCtl object at 0x7fcbb0b02bf0>> start_wid=None stop_wid=None post_wid=None skip_call=None call_count=1 args=() kwds={}
2025-06-29 02:31:23,443 LT1-thread root DEBUG testcase.py               266   start                     : Test function parameters: args=(), kwds={}
2025-06-29 02:31:23,443 LT1-thread root DEBUG iutctl.py                 254   stop                      : <class 'autopts.ptsprojects.zephyr.iutctl.ZephyrCtl'>.stop
2025-06-29 02:31:23,544 LT1-thread root DEBUG rtt.py                    247   stop                      : <class 'autopts.rtt.RTTLogger'>.stop
2025-06-29 02:31:23,544 LT1-thread root DEBUG rtt.py                    108   stop                      : <class 'autopts.rtt.RTT'>.stop
2025-06-29 02:31:23,575 LT1-thread root DEBUG __init__.py               49    reset                     : About to reset DUT: nrfjprog -r -s 1050060770
2025-06-29 02:31:25,788 BTPWorkerThread-27834 (_rx_task) root DEBUG iutctl_common.py          121   read                      : Read 5 bytes
2025-06-29 02:31:25,788 BTPWorkerThread-27834 (_rx_task) root DEBUG iutctl_common.py          129   read                      : Received: hdr: Header(svc_id=0x00, op=0x80, ctrl_index=0xff, data_len=0x00) bytearray(b'\x00\x80\xff\x00\x00')
2025-06-29 02:31:25,788 BTPWorkerThread-27834 (_rx_task) root DEBUG iutctl_common.py          152   read                      : Received data: {''}, bytearray(b'')
2025-06-29 02:31:25,788 BTPWorkerThread-27834 (_rx_task) root DEBUG btp.py                    688   event_handler             : event_handler Header(svc_id=0, op=128, ctrl_index=255, data_len=0) (b'',)
2025-06-29 02:31:25,788 BTPWorkerThread-27834 (_rx_task) root DEBUG core.py                   23    core_iut_ready_ev         : core_iut_ready_ev
2025-06-29 02:31:25,788 LT1-thread root DEBUG iutctl.py                 272   stop                      : IUT ready event received OK
2025-06-29 02:31:25,788 LT1-thread root DEBUG iutctl_common.py          404   close                     : Waiting for _rx_worker to finish ...
2025-06-29 02:31:26,788 LT1-thread root DEBUG iutctl_common.py          404   close                     : Waiting for _rx_worker to finish ...
2025-06-29 02:31:26,789 BTPWorkerThread-27834 (_rx_task) root DEBUG iutctl_common.py          320   _rx_task                  : BTPWorkerThread-27834 (_rx_task) finishing...
2025-06-29 02:31:29,827 LT1-thread root DEBUG testcase.py               783   post_run                  : post_run, cleanup running post test case script
2025-06-29 02:31:29,828 LT1-thread root DEBUG testcase.py               791   post_run                  : post_run, run post test case script
2025-06-29 02:31:29,845 LT1-thread root DEBUG client.py                 1102  _run_test_case            : Done TestCase _run_test_case BASS BASS/SR/SPE/BI-01-C
