2024-06-09 03:47:14,397 LT1-thread root DEBUG client.py                 942   _run_test_case            : Starting TestCase _run_test_case SM SM/CEN/KDU/BV-10-C
2024-06-09 03:47:14,397 LT1-thread root DEBUG testcase.py               712   pre_run                   : pre_run SM SM/CEN/KDU/BV-10-C
2024-06-09 03:47:14,398 LT1-thread root DEBUG testcase.py               714   pre_run                   : About to run test case SM SM/CEN/KDU/BV-10-C with commands:
2024-06-09 03:47:14,398 LT1-thread root DEBUG testcase.py               717   pre_run                   : 0) class=<class 'autopts.ptsprojects.testcase.TestFunc'>, func=<bound method Stack.core_init of <autopts.ptsprojects.stack.stack.Stack object at 0x7f2843f3e980>> start_wid=None stop_wid=None post_wid=None skip_call=None call_count=0 args=() kwds={}
2024-06-09 03:47:14,398 LT1-thread root DEBUG testcase.py               717   pre_run                   : 1) class=<class 'autopts.ptsprojects.testcase.TestFunc'>, func=<bound method ZephyrCtl.hw_reset of <autopts.ptsprojects.zephyr.iutctl.ZephyrCtl object at 0x7f2843f3fe50>> start_wid=None stop_wid=None post_wid=None skip_call=None call_count=0 args=() kwds={}
2024-06-09 03:47:14,398 LT1-thread root DEBUG testcase.py               717   pre_run                   : 2) class=<class 'autopts.ptsprojects.testcase.TestFunc'>, func=<bound method ZephyrCtl.start of <autopts.ptsprojects.zephyr.iutctl.ZephyrCtl object at 0x7f2843f3fe50>> start_wid=None stop_wid=None post_wid=None skip_call=None call_count=0 args=(<autopts.ptsprojects.zephyr.ztestcase.ZTestCase object at 0x7f284245a170>,) kwds={}
2024-06-09 03:47:14,398 LT1-thread root DEBUG testcase.py               717   pre_run                   : 3) class=<class 'autopts.ptsprojects.testcase.TestFunc'>, func=<bound method ZephyrCtl.hw_reset of <autopts.ptsprojects.zephyr.iutctl.ZephyrCtl object at 0x7f2843f3fe50>> start_wid=None stop_wid=None post_wid=None skip_call=None call_count=0 args=() kwds={}
2024-06-09 03:47:14,398 LT1-thread root DEBUG testcase.py               717   pre_run                   : 4) class=<class 'autopts.ptsprojects.testcase.TestFunc'>, func=<bound method ZephyrCtl.wait_iut_ready_event of <autopts.ptsprojects.zephyr.iutctl.ZephyrCtl object at 0x7f2843f3fe50>> start_wid=None stop_wid=None post_wid=None skip_call=None call_count=0 args=(False,) kwds={}
2024-06-09 03:47:14,398 LT1-thread root DEBUG testcase.py               717   pre_run                   : 5) class=<class 'autopts.ptsprojects.testcase.TestFunc'>, func=<function core_reg_svc_gap at 0x7f2846b212d0> start_wid=None stop_wid=None post_wid=None skip_call=None call_count=66 args=() kwds={}
2024-06-09 03:47:14,398 LT1-thread root DEBUG testcase.py               717   pre_run                   : 6) class=<class 'autopts.ptsprojects.testcase.TestFunc'>, func=<bound method Stack.gap_init of <autopts.ptsprojects.stack.stack.Stack object at 0x7f2843f3e980>> start_wid=None stop_wid=None post_wid=None skip_call=None call_count=66 args=(b'Tester_56C9EF',) kwds={}
2024-06-09 03:47:14,398 LT1-thread root DEBUG testcase.py               717   pre_run                   : 7) class=<class 'autopts.ptsprojects.testcase.TestFunc'>, func=<function gap_read_ctrl_info at 0x7f2846b35240> start_wid=None stop_wid=None post_wid=None skip_call=None call_count=66 args=() kwds={}
2024-06-09 03:47:14,398 LT1-thread root DEBUG testcase.py               717   pre_run                   : 8) class=<class 'autopts.ptsprojects.testcase.TestFunc'>, func=<function test_cases.<locals>.<lambda> at 0x7f2842656170> start_wid=None stop_wid=None post_wid=None skip_call=None call_count=66 args=() kwds={}
2024-06-09 03:47:14,398 LT1-thread root DEBUG testcase.py               717   pre_run                   : 9) class=<class 'autopts.ptsprojects.testcase.TestFunc'>, func=<function test_cases.<locals>.<lambda> at 0x7f2842656200> start_wid=None stop_wid=None post_wid=None skip_call=None call_count=66 args=() kwds={}
2024-06-09 03:47:14,398 LT1-thread root DEBUG testcase.py               717   pre_run                   : 10) class=<class 'autopts.ptsprojects.testcase.TestFunc'>, func=<function test_cases.<locals>.<lambda> at 0x7f2842656290> start_wid=None stop_wid=None post_wid=None skip_call=None call_count=66 args=() kwds={}
2024-06-09 03:47:14,398 LT1-thread root DEBUG testcase.py               717   pre_run                   : 11) class=<class 'autopts.ptsprojects.testcase.TestFunc'>, func=<function set_pts_addr at 0x7f2846b20ee0> start_wid=None stop_wid=None post_wid=None skip_call=None call_count=66 args=('C0:07:E8:56:C9:EF', 0) kwds={}
2024-06-09 03:47:14,398 LT1-thread root DEBUG testcase.py               717   pre_run                   : 12) class=<class 'autopts.ptsprojects.testcase.TestFunc'>, func=<function gap_set_io_cap at 0x7f2846b348b0> start_wid=None stop_wid=None post_wid=None skip_call=None call_count=0 args=(0,) kwds={}
2024-06-09 03:47:14,398 LT1-thread root DEBUG testcase.py               717   pre_run                   : 13) class=<class 'autopts.ptsprojects.testcase.TestFuncCleanUp'>, func=<bound method Stack.cleanup of <autopts.ptsprojects.stack.stack.Stack object at 0x7f2843f3e980>> start_wid=None stop_wid=None post_wid=None skip_call=None call_count=0 args=() kwds={}
2024-06-09 03:47:14,398 LT1-thread root DEBUG testcase.py               717   pre_run                   : 14) class=<class 'autopts.ptsprojects.testcase.TestFuncCleanUp'>, func=<bound method ZephyrCtl.stop of <autopts.ptsprojects.zephyr.iutctl.ZephyrCtl object at 0x7f2843f3fe50>> start_wid=None stop_wid=None post_wid=None skip_call=None call_count=0 args=() kwds={}
2024-06-09 03:47:14,398 LT1-thread root DEBUG testcase.py               724   pre_run                   : pre_run, run pre test case script
2024-06-09 03:47:14,399 LT1-thread root DEBUG testcase.py               253   start                     : Starting test function: class=<class 'autopts.ptsprojects.testcase.TestFunc'>, func=<bound method Stack.core_init of <autopts.ptsprojects.stack.stack.Stack object at 0x7f2843f3e980>> start_wid=None stop_wid=None post_wid=None skip_call=None call_count=1 args=() kwds={}
2024-06-09 03:47:14,399 LT1-thread root DEBUG testcase.py               265   start                     : Test function parameters: args=(), kwds={}
2024-06-09 03:47:14,399 LT1-thread root DEBUG testcase.py               253   start                     : Starting test function: class=<class 'autopts.ptsprojects.testcase.TestFunc'>, func=<bound method ZephyrCtl.hw_reset of <autopts.ptsprojects.zephyr.iutctl.ZephyrCtl object at 0x7f2843f3fe50>> start_wid=None stop_wid=None post_wid=None skip_call=None call_count=1 args=() kwds={}
2024-06-09 03:47:14,399 LT1-thread root DEBUG testcase.py               265   start                     : Test function parameters: args=(), kwds={}
2024-06-09 03:47:14,399 LT1-thread root DEBUG testcase.py               253   start                     : Starting test function: class=<class 'autopts.ptsprojects.testcase.TestFunc'>, func=<bound method ZephyrCtl.start of <autopts.ptsprojects.zephyr.iutctl.ZephyrCtl object at 0x7f2843f3fe50>> start_wid=None stop_wid=None post_wid=None skip_call=None call_count=1 args=(<autopts.ptsprojects.zephyr.ztestcase.ZTestCase object at 0x7f284245a170>,) kwds={}
2024-06-09 03:47:14,399 LT1-thread root DEBUG testcase.py               265   start                     : Test function parameters: args=(<autopts.ptsprojects.zephyr.ztestcase.ZTestCase object at 0x7f284245a170>,), kwds={}
2024-06-09 03:47:14,399 LT1-thread root DEBUG iutctl.py                 104   start                     : <class 'autopts.ptsprojects.zephyr.iutctl.ZephyrCtl'>.start
2024-06-09 03:47:14,399 LT1-thread root DEBUG iutctl.py                 169   flush_serial              : <class 'autopts.ptsprojects.zephyr.iutctl.ZephyrCtl'>.flush_serial
2024-06-09 03:47:15,402 LT1-thread root DEBUG iutctl.py                 134   start                     : Starting socat process: socat -x -v /dev/ttyACM2,rawer,b115200 UNIX-CONNECT:/tmp/bt-stack-tester683989059
2024-06-09 03:47:15,403 LT1-thread root DEBUG iutctl_common.py          293   accept                    : accept
2024-06-09 03:47:15,405 BTPWorkerThread-14152 (_rx_task) root DEBUG iutctl_common.py          198   _rx_task                  : BTPWorkerThread-14152 (_rx_task) started
2024-06-09 03:47:15,405 LT1-thread root DEBUG testcase.py               253   start                     : Starting test function: class=<class 'autopts.ptsprojects.testcase.TestFunc'>, func=<bound method ZephyrCtl.hw_reset of <autopts.ptsprojects.zephyr.iutctl.ZephyrCtl object at 0x7f2843f3fe50>> start_wid=None stop_wid=None post_wid=None skip_call=None call_count=1 args=() kwds={}
2024-06-09 03:47:15,405 LT1-thread root DEBUG testcase.py               265   start                     : Test function parameters: args=(), kwds={}
2024-06-09 03:47:15,405 LT1-thread root DEBUG testcase.py               253   start                     : Starting test function: class=<class 'autopts.ptsprojects.testcase.TestFunc'>, func=<bound method ZephyrCtl.wait_iut_ready_event of <autopts.ptsprojects.zephyr.iutctl.ZephyrCtl object at 0x7f2843f3fe50>> start_wid=None stop_wid=None post_wid=None skip_call=None call_count=1 args=(False,) kwds={}
2024-06-09 03:47:15,405 LT1-thread root DEBUG testcase.py               265   start                     : Test function parameters: args=(False,), kwds={}
2024-06-09 03:47:15,405 LT1-thread root DEBUG iutctl.py                 230   wait_iut_ready_event      : IUT ready event received OK
2024-06-09 03:47:15,405 LT1-thread root DEBUG testcase.py               253   start                     : Starting test function: class=<class 'autopts.ptsprojects.testcase.TestFunc'>, func=<function core_reg_svc_gap at 0x7f2846b212d0> start_wid=None stop_wid=None post_wid=None skip_call=None call_count=67 args=() kwds={}
2024-06-09 03:47:15,405 LT1-thread root DEBUG testcase.py               265   start                     : Test function parameters: args=(), kwds={}
2024-06-09 03:47:15,405 LT1-thread root DEBUG btp.py                    461   core_reg_svc_gap          : core_reg_svc_gap
2024-06-09 03:47:15,405 LT1-thread root DEBUG iutctl_common.py          106   send                      : send, 0 3 255 '1'
2024-06-09 03:47:15,405 LT1-thread root DEBUG iutctl_common.py          111   send                      : sending frame '0003ff010001'
2024-06-09 03:47:15,405 LT1-thread root DEBUG btp.py                    710   core_reg_svc_rsp_succ     : core_reg_svc_rsp_succ
2024-06-09 03:47:15,405 LT1-thread root DEBUG iutctl_common.py          230   read                      : read
2024-06-09 03:47:15,425 BTPWorkerThread-14152 (_rx_task) root DEBUG iutctl_common.py          76    read                      : Read 5 bytes
2024-06-09 03:47:15,435 BTPWorkerThread-14152 (_rx_task) root DEBUG iutctl_common.py          83    read                      : Received: hdr: Header(svc_id=0, op=3, ctrl_index=255, data_len=0) bytearray(b'\x00\x03\xff\x00\x00')
2024-06-09 03:47:15,445 BTPWorkerThread-14152 (_rx_task) root DEBUG iutctl_common.py          99    read                      : Received data: {''}, bytearray(b'')
2024-06-09 03:47:15,456 LT1-thread root DEBUG btp.py                    721   core_reg_svc_rsp_succ     : received Header(svc_id=0, op=3, ctrl_index=255, data_len=0) (b'',)
2024-06-09 03:47:15,456 LT1-thread root DEBUG btp.py                    722   core_reg_svc_rsp_succ     : expected ((0, 3, 255, 0), (b'',))
2024-06-09 03:47:15,456 LT1-thread root DEBUG btp.py                    727   core_reg_svc_rsp_succ     : response is valid
2024-06-09 03:47:15,456 LT1-thread root DEBUG testcase.py               253   start                     : Starting test function: class=<class 'autopts.ptsprojects.testcase.TestFunc'>, func=<bound method Stack.gap_init of <autopts.ptsprojects.stack.stack.Stack object at 0x7f2843f3e980>> start_wid=None stop_wid=None post_wid=None skip_call=None call_count=67 args=(b'Tester_56C9EF',) kwds={}
2024-06-09 03:47:15,456 LT1-thread root DEBUG testcase.py               265   start                     : Test function parameters: args=(b'Tester_56C9EF',), kwds={}
2024-06-09 03:47:15,456 LT1-thread root DEBUG testcase.py               253   start                     : Starting test function: class=<class 'autopts.ptsprojects.testcase.TestFunc'>, func=<function gap_read_ctrl_info at 0x7f2846b35240> start_wid=None stop_wid=None post_wid=None skip_call=None call_count=67 args=() kwds={}
2024-06-09 03:47:15,456 LT1-thread root DEBUG testcase.py               265   start                     : Test function parameters: args=(), kwds={}
2024-06-09 03:47:15,456 LT1-thread root DEBUG gap.py                    937   gap_read_ctrl_info        : gap_read_ctrl_info
2024-06-09 03:47:15,456 LT1-thread root DEBUG iutctl_common.py          106   send                      : send, 1 3 0 ''
2024-06-09 03:47:15,456 LT1-thread root DEBUG iutctl_common.py          111   send                      : sending frame '0103000000'
2024-06-09 03:47:15,456 LT1-thread root DEBUG iutctl_common.py          230   read                      : read
2024-06-09 03:47:15,697 BTPWorkerThread-14152 (_rx_task) root DEBUG iutctl_common.py          76    read                      : Read 5 bytes
2024-06-09 03:47:15,707 BTPWorkerThread-14152 (_rx_task) root DEBUG iutctl_common.py          83    read                      : Received: hdr: Header(svc_id=1, op=3, ctrl_index=0, data_len=277) bytearray(b'\x01\x03\x00\x15\x01')
2024-06-09 03:47:15,723 BTPWorkerThread-14152 (_rx_task) root DEBUG iutctl_common.py          91    read                      : Read 277 bytes data
2024-06-09 03:47:15,733 BTPWorkerThread-14152 (_rx_task) root DEBUG iutctl_common.py          99    read                      : Received data: {'9f 32 83 94 01 7f 13 06 02 00 13 22 00 00 00 00 00 62 74 70 5f 74 65 73 74 65 72 00 00 00 00 00 00 00 00 00 00 00 00 00 00 00 00 00 00 00 00 00 00 00 00 00 00 00 00 00 00 00 00 00 00 00 00 00 00 00 00 00 00 00 00 00 00 00 00 00 00 00 00 00 00 00 00 00 00 00 00 00 00 00 00 00 00 00 00 00 00 00 00 00 00 00 00 00 00 00 00 00 00 00 00 00 00 00 00 00 00 00 00 00 00 00 00 00 00 00 00 00 00 00 00 00 00 00 00 00 00 00 00 00 00 00 00 00 00 00 00 00 00 00 00 00 00 00 00 00 00 00 00 00 00 00 00 00 00 00 00 00 00 00 00 00 00 00 00 00 00 00 00 00 00 00 00 00 00 00 00 00 00 00 00 00 00 00 00 00 00 00 00 00 00 00 00 00 00 00 00 00 00 00 00 00 00 00 00 00 00 00 00 00 00 00 00 00 00 00 00 00 00 00 00 00 00 00 00 00 00 00 00 00 00 00 00 00 00 00 00 00 00 00 00 00 00 00 00 00 00 00 00 00 00 00 00 00 00 00 00 00 00 00 00 00 00 00 00 00 00'}, bytearray(b'\x9f2\x83\x94\x01\x7f\x13\x06\x02\x00\x13"\x00\x00\x00\x00\x00btp_tester\x00\x00\x00\x00\x00\x00\x00\x00\x00\x00\x00\x00\x00\x00\x00\x00\x00\x00\x00\x00\x00\x00\x00\x00\x00\x00\x00\x00\x00\x00\x00\x00\x00\x00\x00\x00\x00\x00\x00\x00\x00\x00\x00\x00\x00\x00\x00\x00\x00\x00\x00\x00\x00\x00\x00\x00\x00\x00\x00\x00\x00\x00\x00\x00\x00\x00\x00\x00\x00\x00\x00\x00\x00\x00\x00\x00\x00\x00\x00\x00\x00\x00\x00\x00\x00\x00\x00\x00\x00\x00\x00\x00\x00\x00\x00\x00\x00\x00\x00\x00\x00\x00\x00\x00\x00\x00\x00\x00\x00\x00\x00\x00\x00\x00\x00\x00\x00\x00\x00\x00\x00\x00\x00\x00\x00\x00\x00\x00\x00\x00\x00\x00\x00\x00\x00\x00\x00\x00\x00\x00\x00\x00\x00\x00\x00\x00\x00\x00\x00\x00\x00\x00\x00\x00\x00\x00\x00\x00\x00\x00\x00\x00\x00\x00\x00\x00\x00\x00\x00\x00\x00\x00\x00\x00\x00\x00\x00\x00\x00\x00\x00\x00\x00\x00\x00\x00\x00\x00\x00\x00\x00\x00\x00\x00\x00\x00\x00\x00\x00\x00\x00\x00\x00\x00\x00\x00\x00\x00\x00\x00\x00\x00\x00\x00\x00\x00\x00\x00\x00\x00\x00\x00\x00\x00\x00\x00\x00\x00\x00\x00\x00\x00\x00\x00\x00\x00\x00\x00\x00\x00\x00\x00\x00\x00\x00\x00\x00\x00\x00\x00')
2024-06-09 03:47:15,743 LT1-thread root DEBUG gap.py                    944   gap_read_ctrl_info        : received Header(svc_id=1, op=3, ctrl_index=0, data_len=277) (b'\x9f2\x83\x94\x01\x7f\x13\x06\x02\x00\x13"\x00\x00\x00\x00\x00btp_tester\x00\x00\x00\x00\x00\x00\x00\x00\x00\x00\x00\x00\x00\x00\x00\x00\x00\x00\x00\x00\x00\x00\x00\x00\x00\x00\x00\x00\x00\x00\x00\x00\x00\x00\x00\x00\x00\x00\x00\x00\x00\x00\x00\x00\x00\x00\x00\x00\x00\x00\x00\x00\x00\x00\x00\x00\x00\x00\x00\x00\x00\x00\x00\x00\x00\x00\x00\x00\x00\x00\x00\x00\x00\x00\x00\x00\x00\x00\x00\x00\x00\x00\x00\x00\x00\x00\x00\x00\x00\x00\x00\x00\x00\x00\x00\x00\x00\x00\x00\x00\x00\x00\x00\x00\x00\x00\x00\x00\x00\x00\x00\x00\x00\x00\x00\x00\x00\x00\x00\x00\x00\x00\x00\x00\x00\x00\x00\x00\x00\x00\x00\x00\x00\x00\x00\x00\x00\x00\x00\x00\x00\x00\x00\x00\x00\x00\x00\x00\x00\x00\x00\x00\x00\x00\x00\x00\x00\x00\x00\x00\x00\x00\x00\x00\x00\x00\x00\x00\x00\x00\x00\x00\x00\x00\x00\x00\x00\x00\x00\x00\x00\x00\x00\x00\x00\x00\x00\x00\x00\x00\x00\x00\x00\x00\x00\x00\x00\x00\x00\x00\x00\x00\x00\x00\x00\x00\x00\x00\x00\x00\x00\x00\x00\x00\x00\x00\x00\x00\x00\x00\x00\x00\x00\x00\x00\x00\x00\x00\x00\x00\x00\x00\x00\x00\x00\x00\x00\x00\x00\x00\x00\x00\x00\x00\x00\x00\x00\x00\x00\x00',)
2024-06-09 03:47:15,743 LT1-thread root DEBUG gap.py                    965   gap_read_ctrl_info        : IUT address '7f019483329f' 'random'
2024-06-09 03:47:15,743 LT1-thread root DEBUG gap.py                    400   __gap_current_settings_update : __gap_current_settings_update 8723
2024-06-09 03:47:15,743 LT1-thread root DEBUG testcase.py               253   start                     : Starting test function: class=<class 'autopts.ptsprojects.testcase.TestFunc'>, func=<function test_cases.<locals>.<lambda> at 0x7f2842656170> start_wid=None stop_wid=None post_wid=None skip_call=None call_count=67 args=() kwds={}
2024-06-09 03:47:15,743 LT1-thread root DEBUG testcase.py               265   start                     : Test function parameters: args=(), kwds={}
2024-06-09 03:47:15,746 LT1-thread root DEBUG testcase.py               253   start                     : Starting test function: class=<class 'autopts.ptsprojects.testcase.TestFunc'>, func=<function test_cases.<locals>.<lambda> at 0x7f2842656200> start_wid=None stop_wid=None post_wid=None skip_call=None call_count=67 args=() kwds={}
2024-06-09 03:47:15,746 LT1-thread root DEBUG testcase.py               265   start                     : Test function parameters: args=(), kwds={}
2024-06-09 03:47:15,748 LT1-thread root DEBUG testcase.py               253   start                     : Starting test function: class=<class 'autopts.ptsprojects.testcase.TestFunc'>, func=<function test_cases.<locals>.<lambda> at 0x7f2842656290> start_wid=None stop_wid=None post_wid=None skip_call=None call_count=67 args=() kwds={}
2024-06-09 03:47:15,748 LT1-thread root DEBUG testcase.py               265   start                     : Test function parameters: args=(), kwds={}
2024-06-09 03:47:15,750 LT1-thread root DEBUG testcase.py               253   start                     : Starting test function: class=<class 'autopts.ptsprojects.testcase.TestFunc'>, func=<function set_pts_addr at 0x7f2846b20ee0> start_wid=None stop_wid=None post_wid=None skip_call=None call_count=67 args=('C0:07:E8:56:C9:EF', 0) kwds={}
2024-06-09 03:47:15,750 LT1-thread root DEBUG testcase.py               265   start                     : Test function parameters: args=('C0:07:E8:56:C9:EF', 0), kwds={}
2024-06-09 03:47:15,750 LT1-thread root DEBUG testcase.py               253   start                     : Starting test function: class=<class 'autopts.ptsprojects.testcase.TestFunc'>, func=<function gap_set_io_cap at 0x7f2846b348b0> start_wid=None stop_wid=None post_wid=None skip_call=None call_count=1 args=(0,) kwds={}
2024-06-09 03:47:15,750 LT1-thread root DEBUG testcase.py               265   start                     : Test function parameters: args=(0,), kwds={}
2024-06-09 03:47:15,750 LT1-thread root DEBUG gap.py                    659   gap_set_io_cap            : gap_set_io_cap 0
2024-06-09 03:47:15,750 LT1-thread root DEBUG iutctl_common.py          106   send                      : send, 1 16 0 '\x00'
2024-06-09 03:47:15,750 LT1-thread root DEBUG iutctl_common.py          111   send                      : sending frame '011000010000'
2024-06-09 03:47:15,750 LT1-thread root DEBUG gap.py                    972   gap_command_rsp_succ      : gap_command_rsp_succ
2024-06-09 03:47:15,750 LT1-thread root DEBUG iutctl_common.py          230   read                      : read
2024-06-09 03:47:15,762 BTPWorkerThread-14152 (_rx_task) root DEBUG iutctl_common.py          76    read                      : Read 5 bytes
2024-06-09 03:47:15,767 BTPWorkerThread-14152 (_rx_task) root DEBUG iutctl_common.py          83    read                      : Received: hdr: Header(svc_id=1, op=16, ctrl_index=0, data_len=0) bytearray(b'\x01\x10\x00\x00\x00')
2024-06-09 03:47:15,767 BTPWorkerThread-14152 (_rx_task) root DEBUG iutctl_common.py          99    read                      : Received data: {''}, bytearray(b'')
2024-06-09 03:47:15,767 LT1-thread root DEBUG gap.py                    977   gap_command_rsp_succ      : received Header(svc_id=1, op=16, ctrl_index=0, data_len=0) (b'',)
2024-06-09 03:47:15,768 LT1-thread root DEBUG client.py                 306   get_result                : ClientCallback.get_result run_test_case
2024-06-09 03:47:20,949 LT1-callback ClientCallback.on_implicit_send INFO client.py                 253   on_implicit_send          : 
    ********************
    BEGIN OnImplicitSend:
    project_name: SM
    wid: 100
    test_case_name: SM/CEN/KDU/BV-10-C
    description: Initiate an connection from the IUT to the PTS.
    style: MMI_Style_Ok_Cancel2 0x11141
2024-06-09 03:47:20,949 LT1-callback ClientCallback.on_implicit_send INFO client.py                 266   on_implicit_send          : Calling test cases on_implicit_send
2024-06-09 03:47:20,949 LT1-callback ClientCallback.on_implicit_send INFO client.py                 279   on_implicit_send          : 
    on_implicit_send returned response: WAIT
    END OnImplicitSend
    ********************
2024-06-09 03:47:21,769 LT1-thread root DEBUG testcase.py               671   run_wid                   : SM SM/CEN/KDU/BV-10-C on_implicit_send
2024-06-09 03:47:21,769 LT1-thread root DEBUG sm_wid.py                 26    sm_wid_hdl                : sm_wid_hdl, 100, Initiate an connection from the IUT to the PTS., SM/CEN/KDU/BV-10-C
2024-06-09 03:47:21,769 LT1-thread root DEBUG gap.py                    561   gap_conn                  : gap_conn None None
2024-06-09 03:47:21,770 LT1-thread root DEBUG iutctl_common.py          106   send                      : send, 1 14 0 "bytearray(b'\\x00\\xef\\xc9V\\xe8\\x07\\xc0\\x00')"
2024-06-09 03:47:21,770 LT1-thread root DEBUG iutctl_common.py          111   send                      : sending frame '010e00080000efc956e807c000'
2024-06-09 03:47:21,770 LT1-thread root DEBUG iutctl_common.py          230   read                      : read
2024-06-09 03:47:21,783 BTPWorkerThread-14152 (_rx_task) root DEBUG iutctl_common.py          76    read                      : Read 5 bytes
2024-06-09 03:47:21,783 BTPWorkerThread-14152 (_rx_task) root DEBUG iutctl_common.py          83    read                      : Received: hdr: Header(svc_id=1, op=14, ctrl_index=0, data_len=0) bytearray(b'\x01\x0e\x00\x00\x00')
2024-06-09 03:47:21,783 BTPWorkerThread-14152 (_rx_task) root DEBUG iutctl_common.py          99    read                      : Received data: {''}, bytearray(b'')
2024-06-09 03:47:21,929 BTPWorkerThread-14152 (_rx_task) root DEBUG iutctl_common.py          76    read                      : Read 5 bytes
2024-06-09 03:47:21,939 BTPWorkerThread-14152 (_rx_task) root DEBUG iutctl_common.py          83    read                      : Received: hdr: Header(svc_id=1, op=130, ctrl_index=0, data_len=13) bytearray(b'\x01\x82\x00\r\x00')
2024-06-09 03:47:21,945 BTPWorkerThread-14152 (_rx_task) root DEBUG iutctl_common.py          91    read                      : Read 13 bytes data
2024-06-09 03:47:21,955 BTPWorkerThread-14152 (_rx_task) root DEBUG iutctl_common.py          99    read                      : Received data: {'00 ef c9 56 e8 07 c0 28 00 00 00 90 01'}, bytearray(b'\x00\xef\xc9V\xe8\x07\xc0(\x00\x00\x00\x90\x01')
2024-06-09 03:47:21,960 BTPWorkerThread-14152 (_rx_task) root DEBUG btp.py                    814   event_handler             : event_handler Header(svc_id=1, op=130, ctrl_index=0, data_len=13) (b'\x00\xef\xc9V\xe8\x07\xc0(\x00\x00\x00\x90\x01',)
2024-06-09 03:47:21,975 BTPWorkerThread-14152 (_rx_task) root DEBUG gap.py                    171   gap_connected_ev_         : gap_connected_ev_ b'\x00\xef\xc9V\xe8\x07\xc0(\x00\x00\x00\x90\x01'
2024-06-09 03:47:21,981 LT1-thread root DEBUG testcase.py               707   run_wid                   : Sending response 'OK' to wid 100 test case SM/CEN/KDU/BV-10-C
2024-06-09 03:47:21,982 LT1-thread root DEBUG client.py                 306   get_result                : ClientCallback.get_result run_test_case
2024-06-09 03:47:21,984 LT1-callback ClientCallback.on_implicit_send INFO client.py                 253   on_implicit_send          : 
    ********************
    BEGIN OnImplicitSend:
    project_name: SM
    wid: 108
    test_case_name: SM/CEN/KDU/BV-10-C
    description: Please start pairing process.
    style: MMI_Style_Ok 0x11040
2024-06-09 03:47:21,984 LT1-callback ClientCallback.on_implicit_send INFO client.py                 266   on_implicit_send          : Calling test cases on_implicit_send
2024-06-09 03:47:21,984 LT1-callback ClientCallback.on_implicit_send INFO client.py                 279   on_implicit_send          : 
    on_implicit_send returned response: WAIT
    END OnImplicitSend
    ********************
2024-06-09 03:47:22,982 LT1-thread root DEBUG testcase.py               671   run_wid                   : SM SM/CEN/KDU/BV-10-C on_implicit_send
2024-06-09 03:47:22,982 LT1-thread root DEBUG sm_wid.py                 26    sm_wid_hdl                : sm_wid_hdl, 108, Please start pairing process., SM/CEN/KDU/BV-10-C
2024-06-09 03:47:22,982 LT1-thread root DEBUG gap.py                    670   gap_pair                  : gap_pair None None
2024-06-09 03:47:22,982 LT1-thread root DEBUG iutctl_common.py          106   send                      : send, 1 17 0 "bytearray(b'\\x00\\xef\\xc9V\\xe8\\x07\\xc0')"
2024-06-09 03:47:22,982 LT1-thread root DEBUG iutctl_common.py          111   send                      : sending frame '011100070000efc956e807c0'
2024-06-09 03:47:22,982 LT1-thread root DEBUG gap.py                    972   gap_command_rsp_succ      : gap_command_rsp_succ
2024-06-09 03:47:22,982 LT1-thread root DEBUG iutctl_common.py          230   read                      : read
2024-06-09 03:47:22,995 BTPWorkerThread-14152 (_rx_task) root DEBUG iutctl_common.py          76    read                      : Read 5 bytes
2024-06-09 03:47:23,006 BTPWorkerThread-14152 (_rx_task) root DEBUG iutctl_common.py          83    read                      : Received: hdr: Header(svc_id=1, op=17, ctrl_index=0, data_len=0) bytearray(b'\x01\x11\x00\x00\x00')
2024-06-09 03:47:23,016 BTPWorkerThread-14152 (_rx_task) root DEBUG iutctl_common.py          99    read                      : Received data: {''}, bytearray(b'')
2024-06-09 03:47:23,026 LT1-thread root DEBUG gap.py                    977   gap_command_rsp_succ      : received Header(svc_id=1, op=17, ctrl_index=0, data_len=0) (b'',)
2024-06-09 03:47:23,026 LT1-thread root DEBUG testcase.py               707   run_wid                   : Sending response 'Ok' to wid 108 test case SM/CEN/KDU/BV-10-C
2024-06-09 03:47:23,028 LT1-thread root DEBUG client.py                 306   get_result                : ClientCallback.get_result run_test_case
2024-06-09 03:47:23,171 BTPWorkerThread-14152 (_rx_task) root DEBUG iutctl_common.py          76    read                      : Read 5 bytes
2024-06-09 03:47:23,171 BTPWorkerThread-14152 (_rx_task) root DEBUG iutctl_common.py          83    read                      : Received: hdr: Header(svc_id=1, op=132, ctrl_index=0, data_len=11) bytearray(b'\x01\x84\x00\x0b\x00')
2024-06-09 03:47:23,171 BTPWorkerThread-14152 (_rx_task) root DEBUG iutctl_common.py          91    read                      : Read 2 bytes data
2024-06-09 03:47:23,172 BTPWorkerThread-14152 (_rx_task) root DEBUG iutctl_common.py          91    read                      : Read 9 bytes data
2024-06-09 03:47:23,172 BTPWorkerThread-14152 (_rx_task) root DEBUG iutctl_common.py          99    read                      : Received data: {'00 ef c9 56 e8 07 c0 6c b8 02 00'}, bytearray(b'\x00\xef\xc9V\xe8\x07\xc0l\xb8\x02\x00')
2024-06-09 03:47:23,172 BTPWorkerThread-14152 (_rx_task) root DEBUG btp.py                    814   event_handler             : event_handler Header(svc_id=1, op=132, ctrl_index=0, data_len=11) (b'\x00\xef\xc9V\xe8\x07\xc0l\xb8\x02\x00',)
2024-06-09 03:47:23,172 BTPWorkerThread-14152 (_rx_task) root DEBUG gap.py                    194   gap_passkey_disp_ev_      : gap_passkey_disp_ev_ b'\x00\xef\xc9V\xe8\x07\xc0l\xb8\x02\x00'
2024-06-09 03:47:23,172 BTPWorkerThread-14152 (_rx_task) root DEBUG gap.py                    205   gap_passkey_disp_ev_      : passkey = '178284'
2024-06-09 03:47:23,222 LT1-callback ClientCallback.on_implicit_send INFO client.py                 253   on_implicit_send          : 
    ********************
    BEGIN OnImplicitSend:
    project_name: SM
    wid: 104
    test_case_name: SM/CEN/KDU/BV-10-C
    description: Please enter 6 digit passkey code.
    style: MMI_Style_Edit1 0x12040
2024-06-09 03:47:23,223 LT1-callback ClientCallback.on_implicit_send INFO client.py                 266   on_implicit_send          : Calling test cases on_implicit_send
2024-06-09 03:47:23,223 LT1-callback ClientCallback.on_implicit_send INFO client.py                 279   on_implicit_send          : 
    on_implicit_send returned response: WAIT
    END OnImplicitSend
    ********************
2024-06-09 03:47:24,028 LT1-thread root DEBUG testcase.py               671   run_wid                   : SM SM/CEN/KDU/BV-10-C on_implicit_send
2024-06-09 03:47:24,028 LT1-thread root DEBUG sm_wid.py                 26    sm_wid_hdl                : sm_wid_hdl, 104, Please enter 6 digit passkey code., SM/CEN/KDU/BV-10-C
2024-06-09 03:47:24,028 LT1-thread root DEBUG testcase.py               707   run_wid                   : Sending response '178284' to wid 104 test case SM/CEN/KDU/BV-10-C
2024-06-09 03:47:24,029 LT1-thread root DEBUG client.py                 306   get_result                : ClientCallback.get_result run_test_case
2024-06-09 03:47:31,921 BTPWorkerThread-14152 (_rx_task) root DEBUG iutctl_common.py          76    read                      : Read 5 bytes
2024-06-09 03:47:31,921 BTPWorkerThread-14152 (_rx_task) root DEBUG iutctl_common.py          83    read                      : Received: hdr: Header(svc_id=1, op=137, ctrl_index=0, data_len=8) bytearray(b'\x01\x89\x00\x08\x00')
2024-06-09 03:47:31,921 BTPWorkerThread-14152 (_rx_task) root DEBUG iutctl_common.py          91    read                      : Read 3 bytes data
2024-06-09 03:47:31,922 BTPWorkerThread-14152 (_rx_task) root DEBUG iutctl_common.py          91    read                      : Read 5 bytes data
2024-06-09 03:47:31,922 BTPWorkerThread-14152 (_rx_task) root DEBUG iutctl_common.py          99    read                      : Received data: {'00 ef c9 56 e8 07 c0 04'}, bytearray(b'\x00\xef\xc9V\xe8\x07\xc0\x04')
2024-06-09 03:47:31,922 BTPWorkerThread-14152 (_rx_task) root DEBUG btp.py                    814   event_handler             : event_handler Header(svc_id=1, op=137, ctrl_index=0, data_len=8) (b'\x00\xef\xc9V\xe8\x07\xc0\x04',)
2024-06-09 03:47:31,922 BTPWorkerThread-14152 (_rx_task) root DEBUG gap.py                    256   gap_sec_level_changed_ev_ : gap_sec_level_changed_ev_
2024-06-09 03:47:31,922 BTPWorkerThread-14152 (_rx_task) root DEBUG gap.py                    258   gap_sec_level_changed_ev_ : received b'\x00\xef\xc9V\xe8\x07\xc0\x04'
2024-06-09 03:47:31,922 BTPWorkerThread-14152 (_rx_task) root DEBUG gap.py                    269   gap_sec_level_changed_ev_ : received (0, 'c007e856c9ef', 4)
2024-06-09 03:47:31,974 LT1-callback ClientCallback.on_implicit_send INFO client.py                 253   on_implicit_send          : 
    ********************
    BEGIN OnImplicitSend:
    project_name: SM
    wid: 102
    test_case_name: SM/CEN/KDU/BV-10-C
    description: Please initiate a disconnection to the PTS.

Description: Verify that the Implementation Under Test(IUT) can initiate a disconnect request to PTS.
    style: MMI_Style_Ok_Cancel2 0x11141
2024-06-09 03:47:31,974 LT1-callback ClientCallback.on_implicit_send INFO client.py                 266   on_implicit_send          : Calling test cases on_implicit_send
2024-06-09 03:47:31,974 LT1-callback ClientCallback.on_implicit_send INFO client.py                 279   on_implicit_send          : 
    on_implicit_send returned response: WAIT
    END OnImplicitSend
    ********************
2024-06-09 03:47:32,030 LT1-thread root DEBUG testcase.py               671   run_wid                   : SM SM/CEN/KDU/BV-10-C on_implicit_send
2024-06-09 03:47:32,030 LT1-thread root DEBUG sm_wid.py                 26    sm_wid_hdl                : sm_wid_hdl, 102, Please initiate a disconnection to the PTS.

Description: Verify that the Implementation Under Test(IUT) can initiate a disconnect request to PTS., SM/CEN/KDU/BV-10-C
2024-06-09 03:47:32,030 LT1-thread root DEBUG gap.py                    633   gap_disconn               : gap_disconn None None
2024-06-09 03:47:32,030 LT1-thread root DEBUG iutctl_common.py          106   send                      : send, 1 15 0 "bytearray(b'\\x00\\xef\\xc9V\\xe8\\x07\\xc0')"
2024-06-09 03:47:32,030 LT1-thread root DEBUG iutctl_common.py          111   send                      : sending frame '010f00070000efc956e807c0'
2024-06-09 03:47:32,030 LT1-thread root DEBUG iutctl_common.py          230   read                      : read
2024-06-09 03:47:32,043 BTPWorkerThread-14152 (_rx_task) root DEBUG iutctl_common.py          76    read                      : Read 5 bytes
2024-06-09 03:47:32,043 BTPWorkerThread-14152 (_rx_task) root DEBUG iutctl_common.py          83    read                      : Received: hdr: Header(svc_id=1, op=15, ctrl_index=0, data_len=0) bytearray(b'\x01\x0f\x00\x00\x00')
2024-06-09 03:47:32,043 BTPWorkerThread-14152 (_rx_task) root DEBUG iutctl_common.py          99    read                      : Received data: {''}, bytearray(b'')
2024-06-09 03:47:32,081 BTPWorkerThread-14152 (_rx_task) root DEBUG iutctl_common.py          76    read                      : Read 5 bytes
2024-06-09 03:47:32,091 BTPWorkerThread-14152 (_rx_task) root DEBUG iutctl_common.py          83    read                      : Received: hdr: Header(svc_id=1, op=131, ctrl_index=0, data_len=7) bytearray(b'\x01\x83\x00\x07\x00')
2024-06-09 03:47:32,107 BTPWorkerThread-14152 (_rx_task) root DEBUG iutctl_common.py          91    read                      : Read 7 bytes data
2024-06-09 03:47:32,117 BTPWorkerThread-14152 (_rx_task) root DEBUG iutctl_common.py          99    read                      : Received data: {'00 ef c9 56 e8 07 c0'}, bytearray(b'\x00\xef\xc9V\xe8\x07\xc0')
2024-06-09 03:47:32,127 BTPWorkerThread-14152 (_rx_task) root DEBUG btp.py                    814   event_handler             : event_handler Header(svc_id=1, op=131, ctrl_index=0, data_len=7) (b'\x00\xef\xc9V\xe8\x07\xc0',)
2024-06-09 03:47:32,138 BTPWorkerThread-14152 (_rx_task) root DEBUG gap.py                    184   gap_disconnected_ev_      : gap_disconnected_ev_ b'\x00\xef\xc9V\xe8\x07\xc0'
2024-06-09 03:47:32,148 LT1-thread root DEBUG testcase.py               707   run_wid                   : Sending response 'OK' to wid 102 test case SM/CEN/KDU/BV-10-C
2024-06-09 03:47:32,149 LT1-thread root DEBUG client.py                 306   get_result                : ClientCallback.get_result run_test_case
2024-06-09 03:47:35,681 LT1-callback ClientCallback.log INFO client.py                 229   log                       : PTS_LOGTYPE_START_TEST Start Test Case 

+640 ms
 SM/CEN/KDU/BV-10-C SM/CEN/KDU/BV-10-C

2024-06-09 03:47:36,473 LT1-callback ClientCallback.log INFO client.py                 229   log                       : PTS_LOGTYPE_FINAL_VERDICT Final Verdict 

+19797 ms
 SM/CEN/KDU/BV-10-C PASS

2024-06-09 03:47:36,477 LT1-callback ClientCallback.log INFO client.py                 229   log                       : PTS_LOGTYPE_FINAL_VERDICT Encrypted Verdict 

+19797 ms
 SM/CEN/KDU/BV-10-C A1#ZWY4MzQ5MDg3MmQwNTIxOGQzMzQ5YjY2ODA5M2MzNjQ5ZDY4NmY0Yjc2MzIzM2VkNTUyNTFhNGU4Mjg1MjI0NA==#m7uLWzVIwVDsjWMTvqDgy4YYzpt9QLEByDDRzCzcEv0q3xJlI8jfhoJZSlhAGrew

2024-06-09 03:47:36,481 LT1-callback ClientCallback.log INFO client.py                 229   log                       : PTS_LOGTYPE_END_TEST Test Case Ended 

+19797 ms
 SM/CEN/KDU/BV-10-C SM/CEN/KDU/BV-10-C

2024-06-09 03:47:36,582 LT1-callback root DEBUG client.py                 291   set_result                : ClientCallback, set_result, run_test_case, PASS
2024-06-09 03:47:36,583 LT1-thread root DEBUG client.py                 1020  _run_test_case            : After run_test_case error_code=0 status='PASS'
2024-06-09 03:47:36,583 LT1-thread root DEBUG testcase.py               752   post_run                  : post_run SM SM/CEN/KDU/BV-10-C 0
2024-06-09 03:47:36,583 LT1-thread root DEBUG testcase.py               253   start                     : Starting test function: class=<class 'autopts.ptsprojects.testcase.TestFuncCleanUp'>, func=<bound method Stack.cleanup of <autopts.ptsprojects.stack.stack.Stack object at 0x7f2843f3e980>> start_wid=None stop_wid=None post_wid=None skip_call=None call_count=1 args=() kwds={}
2024-06-09 03:47:36,583 LT1-thread root DEBUG testcase.py               265   start                     : Test function parameters: args=(), kwds={}
2024-06-09 03:47:36,583 LT1-thread root DEBUG testcase.py               253   start                     : Starting test function: class=<class 'autopts.ptsprojects.testcase.TestFuncCleanUp'>, func=<bound method ZephyrCtl.stop of <autopts.ptsprojects.zephyr.iutctl.ZephyrCtl object at 0x7f2843f3fe50>> start_wid=None stop_wid=None post_wid=None skip_call=None call_count=1 args=() kwds={}
2024-06-09 03:47:36,583 LT1-thread root DEBUG testcase.py               265   start                     : Test function parameters: args=(), kwds={}
2024-06-09 03:47:36,583 LT1-thread root DEBUG iutctl.py                 248   stop                      : <class 'autopts.ptsprojects.zephyr.iutctl.ZephyrCtl'>.stop
2024-06-09 03:47:36,583 LT1-thread root DEBUG __init__.py               49    reset                     : About to reset DUT: nrfjprog -r -s 683989059
2024-06-09 03:47:38,758 BTPWorkerThread-14152 (_rx_task) root DEBUG iutctl_common.py          76    read                      : Read 5 bytes
2024-06-09 03:47:38,763 BTPWorkerThread-14152 (_rx_task) root DEBUG iutctl_common.py          83    read                      : Received: hdr: Header(svc_id=0, op=128, ctrl_index=255, data_len=0) bytearray(b'\x00\x80\xff\x00\x00')
2024-06-09 03:47:38,764 BTPWorkerThread-14152 (_rx_task) root DEBUG iutctl_common.py          99    read                      : Received data: {''}, bytearray(b'')
2024-06-09 03:47:38,764 BTPWorkerThread-14152 (_rx_task) root DEBUG btp.py                    814   event_handler             : event_handler Header(svc_id=0, op=128, ctrl_index=255, data_len=0) (b'',)
2024-06-09 03:47:38,774 BTPWorkerThread-14152 (_rx_task) root DEBUG core.py                   28    core_iut_ready_ev         : core_iut_ready_ev
2024-06-09 03:47:38,784 LT1-thread root DEBUG iutctl.py                 266   stop                      : IUT ready event received OK
2024-06-09 03:47:38,784 LT1-thread root DEBUG iutctl_common.py          307   close                     : Waiting for _rx_worker to finish ...
2024-06-09 03:47:39,784 LT1-thread root DEBUG iutctl_common.py          307   close                     : Waiting for _rx_worker to finish ...
2024-06-09 03:47:39,785 BTPWorkerThread-14152 (_rx_task) root DEBUG iutctl_common.py          223   _rx_task                  : BTPWorkerThread-14152 (_rx_task) finishing...
2024-06-09 03:47:42,790 LT1-thread root DEBUG testcase.py               781   post_run                  : post_run, cleanup running post test case script
2024-06-09 03:47:42,790 LT1-thread root DEBUG testcase.py               791   post_run                  : post_run, run post test case script
2024-06-09 03:47:42,813 LT1-thread root DEBUG client.py                 1050  _run_test_case            : Done TestCase _run_test_case SM SM/CEN/KDU/BV-10-C
