< 2024/08/11 08:27:04.413826  length=6 from=0 to=5
 00 03 ff 01 00 01                                ......
--
> 2024/08/11 08:27:04.455257  length=5 from=0 to=4
 00 03 ff 00 00                                   .....
--
< 2024/08/11 08:27:04.496915  length=5 from=6 to=10
 01 03 00 00 00                                   .....
--
> 2024/08/11 08:27:04.689270  length=2 from=5 to=6
 01 03                                            ..
--
> 2024/08/11 08:27:04.689364  length=2 from=7 to=8
 00 15                                            ..
--
> 2024/08/11 08:27:04.690243  length=10 from=9 to=18
 01 c3 51 0b 1b b8 d7 13 06 02                    ..Q.......
--
> 2024/08/11 08:27:04.691246  length=11 from=19 to=29
 00 13 82 00 00 00 00 00 62 74 70                 ........btp
--
> 2024/08/11 08:27:04.691343  length=2 from=30 to=31
 5f 74                                            _t
--
> 2024/08/11 08:27:04.692231  length=10 from=32 to=41
 65 73 74 65 72 00 00 00 00 00                    ester.....
--
> 2024/08/11 08:27:04.693218  length=11 from=42 to=52
 00 00 00 00 00 00 00 00 00 00 00                 ...........
--
> 2024/08/11 08:27:04.693315  length=1 from=53 to=53
 00                                               .
--
> 2024/08/11 08:27:04.694246  length=11 from=54 to=64
 00 00 00 00 00 00 00 00 00 00 00                 ...........
--
> 2024/08/11 08:27:04.694343  length=1 from=65 to=65
 00                                               .
--
> 2024/08/11 08:27:04.695239  length=11 from=66 to=76
 00 00 00 00 00 00 00 00 00 00 00                 ...........
--
> 2024/08/11 08:27:04.695397  length=1 from=77 to=77
 00                                               .
--
> 2024/08/11 08:27:04.695539  length=2 from=78 to=79
 00 00                                            ..
--
> 2024/08/11 08:27:04.695593  length=1 from=80 to=80
 00                                               .
--
> 2024/08/11 08:27:04.696244  length=8 from=81 to=88
 00 00 00 00 00 00 00 00                          ........
--
> 2024/08/11 08:27:04.697235  length=11 from=89 to=99
 00 00 00 00 00 00 00 00 00 00 00                 ...........
--
> 2024/08/11 08:27:04.698271  length=12 from=100 to=111
 00 00 00 00 00 00 00 00 00 00 00 00              ............
--
> 2024/08/11 08:27:04.699242  length=10 from=112 to=121
 00 00 00 00 00 00 00 00 00 00                    ..........
--
> 2024/08/11 08:27:04.699308  length=1 from=122 to=122
 00                                               .
--
> 2024/08/11 08:27:04.699358  length=1 from=123 to=123
 00                                               .
--
> 2024/08/11 08:27:04.699481  length=1 from=124 to=124
 00                                               .
--
> 2024/08/11 08:27:04.699532  length=1 from=125 to=125
 00                                               .
--
> 2024/08/11 08:27:04.700188  length=3 from=126 to=128
 00 00 00                                         ...
--
> 2024/08/11 08:27:04.700242  length=5 from=129 to=133
 00 00 00 00 00                                   .....
--
> 2024/08/11 08:27:04.700344  length=2 from=134 to=135
 00 00                                            ..
--
> 2024/08/11 08:27:04.701219  length=9 from=136 to=144
 00 00 00 00 00 00 00 00 00                       .........
--
> 2024/08/11 08:27:04.701283  length=2 from=145 to=146
 00 00                                            ..
--
> 2024/08/11 08:27:04.701423  length=1 from=147 to=147
 00                                               .
--
> 2024/08/11 08:27:04.701582  length=1 from=148 to=148
 00                                               .
--
> 2024/08/11 08:27:04.701633  length=1 from=149 to=149
 00                                               .
--
> 2024/08/11 08:27:04.701677  length=1 from=150 to=150
 00                                               .
--
> 2024/08/11 08:27:04.702270  length=6 from=151 to=156
 00 00 00 00 00 00                                ......
--
> 2024/08/11 08:27:04.702330  length=1 from=157 to=157
 00                                               .
--
> 2024/08/11 08:27:04.703235  length=11 from=158 to=168
 00 00 00 00 00 00 00 00 00 00 00                 ...........
--
> 2024/08/11 08:27:04.704240  length=12 from=169 to=180
 00 00 00 00 00 00 00 00 00 00 00 00              ............
--
> 2024/08/11 08:27:04.705251  length=11 from=181 to=191
 00 00 00 00 00 00 00 00 00 00 00                 ...........
--
> 2024/08/11 08:27:04.706261  length=11 from=192 to=202
 00 00 00 00 00 00 00 00 00 00 00                 ...........
--
> 2024/08/11 08:27:04.706329  length=1 from=203 to=203
 00                                               .
--
> 2024/08/11 08:27:04.706372  length=1 from=204 to=204
 00                                               .
--
> 2024/08/11 08:27:04.707239  length=10 from=205 to=214
 00 00 00 00 00 00 00 00 00 00                    ..........
--
> 2024/08/11 08:27:04.708263  length=11 from=215 to=225
 00 00 00 00 00 00 00 00 00 00 00                 ...........
--
> 2024/08/11 08:27:04.708331  length=1 from=226 to=226
 00                                               .
--
> 2024/08/11 08:27:04.708374  length=1 from=227 to=227
 00                                               .
--
> 2024/08/11 08:27:04.709231  length=10 from=228 to=237
 00 00 00 00 00 00 00 00 00 00                    ..........
--
> 2024/08/11 08:27:04.710265  length=11 from=238 to=248
 00 00 00 00 00 00 00 00 00 00 00                 ...........
--
> 2024/08/11 08:27:04.710333  length=1 from=249 to=249
 00                                               .
--
> 2024/08/11 08:27:04.711191  length=8 from=250 to=257
 00 00 00 00 00 00 00 00                          ........
--
> 2024/08/11 08:27:04.711259  length=4 from=258 to=261
 00 00 00 00                                      ....
--
> 2024/08/11 08:27:04.712274  length=10 from=262 to=271
 00 00 00 00 00 00 00 00 00 00                    ..........
--
> 2024/08/11 08:27:04.712340  length=2 from=272 to=273
 00 00                                            ..
--
> 2024/08/11 08:27:04.712448  length=1 from=274 to=274
 00                                               .
--
> 2024/08/11 08:27:04.713198  length=9 from=275 to=283
 00 00 00 00 00 00 00 00 00                       .........
--
> 2024/08/11 08:27:04.713326  length=1 from=284 to=284
 00                                               .
--
> 2024/08/11 08:27:04.714237  length=2 from=285 to=286
 00 00                                            ..
--
< 2024/08/11 08:27:04.754058  length=6 from=11 to=16
 00 03 ff 01 00 02                                ......
--
> 2024/08/11 08:27:04.755267  length=4 from=287 to=290
 00 03 ff 00                                      ....
--
> 2024/08/11 08:27:04.755325  length=1 from=291 to=291
 00                                               .
--
< 2024/08/11 08:27:04.771853  length=6 from=17 to=22
 01 08 00 01 00 01                                ......
--
> 2024/08/11 08:27:04.773211  length=6 from=292 to=297
 01 08 00 04 00 1b                                ......
--
> 2024/08/11 08:27:04.773272  length=1 from=298 to=298
 82                                               .
--
> 2024/08/11 08:27:04.774251  length=2 from=299 to=300
 00 00                                            ..
--
< 2024/08/11 08:27:04.809812  length=6 from=23 to=28
 00 03 ff 01 00 0c                                ......
--
> 2024/08/11 08:27:04.812263  length=5 from=301 to=305
 00 03 ff 00 00                                   .....
--
< 2024/08/11 08:27:04.853726  length=6 from=29 to=34
 00 03 ff 01 00 0d                                ......
--
> 2024/08/11 08:27:04.855235  length=5 from=306 to=310
 00 03 ff 00 00                                   .....
--
< 2024/08/11 08:27:04.896718  length=6 from=35 to=40
 00 03 ff 01 00 0e                                ......
--
> 2024/08/11 08:27:04.898286  length=5 from=311 to=315
 00 03 ff 00 00                                   .....
--
< 2024/08/11 08:27:22.945719  length=5 from=41 to=45
 0e 0a                                            ..
 00 00 00                                         ...
--
> 2024/08/11 08:27:22.947398  length=5 from=316 to=320
 0e 0a                                            ..
 00 00 00                                         ...
--
< 2024/08/11 08:27:22.963501  length=5 from=46 to=50
 0e 0c 00 00 00                                   .....
--
> 2024/08/11 08:27:22.967419  length=4 from=321 to=324
 0e 0c 00 00                                      ....
--
> 2024/08/11 08:27:22.967497  length=1 from=325 to=325
 00                                               .
--
> 2024/08/11 08:27:24.011319  length=3 from=326 to=328
 0e 84 00                                         ...
--
> 2024/08/11 08:27:24.011389  length=1 from=329 to=329
 0d                                               .
--
> 2024/08/11 08:27:24.011514  length=2 from=330 to=331
 00 00                                            ..
--
> 2024/08/11 08:27:24.011620  length=1 from=332 to=332
 df                                               .
--
> 2024/08/11 08:27:24.011672  length=1 from=333 to=333
 28                                               (
--
> 2024/08/11 08:27:24.012416  length=8 from=334 to=341
 1c e8 07 c0 66 9f 72 00                          ....f.r.
--
> 2024/08/11 08:27:24.012479  length=2 from=342 to=343
 58 02                                            X.
--
< 2024/08/11 08:27:24.097301  length=5 from=51 to=55
 0e 0d 00 00 00                                   .....
--
> 2024/08/11 08:27:24.099393  length=5 from=344 to=348
 0e 0d 00 00 00                                   .....
--
< 2024/08/11 08:27:24.140980  length=22 from=56 to=77
 0e 0e 00 11 00 00 df 28 1c e8 07 c0 66 9f 72 00  .......(....f.r.
 05 00 64 00 00 00                                ..d...
--
> 2024/08/11 08:27:24.147439  length=5 from=349 to=353
 0e 0e 00 00 00                                   .....
--
> 2024/08/11 08:27:28.883407  length=4 from=354 to=357
 01 8d 00 0a                                      ....
--
> 2024/08/11 08:27:28.883481  length=1 from=358 to=358
 00                                               .
--
> 2024/08/11 08:27:28.883524  length=1 from=359 to=359
 00                                               .
--
> 2024/08/11 08:27:28.883640  length=1 from=360 to=360
 df                                               .
--
> 2024/08/11 08:27:28.883692  length=1 from=361 to=361
 28                                               (
--
> 2024/08/11 08:27:28.883735  length=1 from=362 to=362
 1c                                               .
--
> 2024/08/11 08:27:28.883841  length=1 from=363 to=363
 e8                                               .
--
> 2024/08/11 08:27:28.883892  length=1 from=364 to=364
 07                                               .
--
> 2024/08/11 08:27:28.884006  length=2 from=365 to=366
 c0 00                                            ..
--
> 2024/08/11 08:27:28.884405  length=2 from=367 to=368
 00 00                                            ..
--
> 2024/08/11 08:27:28.884459  length=3 from=369 to=371
 0e 89 00                                         ...
--
> 2024/08/11 08:27:28.885332  length=9 from=372 to=380
 16 00 00 00 00 00 00 00 00                       .........
--
> 2024/08/11 08:27:28.885400  length=1 from=381 to=381
 00                                               .
--
> 2024/08/11 08:27:28.885454  length=1 from=382 to=382
 00                                               .
--
> 2024/08/11 08:27:28.885629  length=1 from=383 to=383
 df                                               .
--
> 2024/08/11 08:27:28.885681  length=1 from=384 to=384
 28                                               (
--
> 2024/08/11 08:27:28.886358  length=2 from=385 to=386
 1c e8                                            ..
--
> 2024/08/11 08:27:28.886470  length=7 from=387 to=393
 07 c0 00 66 9f 72 02                             ...f.r.
--
> 2024/08/11 08:27:28.886531  length=1 from=394 to=394
 00                                               .
--
> 2024/08/11 08:27:28.886630  length=1 from=395 to=395
 00                                               .
--
> 2024/08/11 08:27:28.887349  length=4 from=396 to=399
 0e 89 00 1f                                      ....
--
> 2024/08/11 08:27:28.887411  length=1 from=400 to=400
 00                                               .
--
> 2024/08/11 08:27:28.887516  length=2 from=401 to=402
 00 00                                            ..
--
> 2024/08/11 08:27:28.888421  length=9 from=403 to=411
 00 00 00 00 00 00 00 df 28                       ........(
--
> 2024/08/11 08:27:28.888485  length=2 from=412 to=413
 1c e8                                            ..
--
> 2024/08/11 08:27:28.888599  length=1 from=414 to=414
 07                                               .
--
> 2024/08/11 08:27:28.888660  length=1 from=415 to=415
 c0                                               .
--
> 2024/08/11 08:27:28.888768  length=1 from=416 to=416
 00                                               .
--
> 2024/08/11 08:27:28.889320  length=6 from=417 to=422
 66 9f 72 02 00 01                                f.r...
--
> 2024/08/11 08:27:28.889452  length=1 from=423 to=423
 00                                               .
--
> 2024/08/11 08:27:28.889504  length=2 from=424 to=425
 00 00                                            ..
--
> 2024/08/11 08:27:28.890382  length=8 from=426 to=433
 00 04 03 02 04 00 0e 85                          ........
--
> 2024/08/11 08:27:28.890446  length=1 from=434 to=434
 00                                               .
--
> 2024/08/11 08:27:28.890565  length=2 from=435 to=436
 1f 00                                            ..
--
> 2024/08/11 08:27:28.890624  length=2 from=437 to=438
 00 df                                            ..
--
> 2024/08/11 08:27:28.891428  length=7 from=439 to=445
 28 1c e8 07 c0 66 9f                             (....f.
--
> 2024/08/11 08:27:28.891493  length=1 from=446 to=446
 72                                               r
--
> 2024/08/11 08:27:28.891633  length=2 from=447 to=448
 40 9c                                            @.
--
> 2024/08/11 08:27:28.891740  length=1 from=449 to=449
 00                                               .
--
> 2024/08/11 08:27:28.891791  length=1 from=450 to=450
 00                                               .
--
> 2024/08/11 08:27:28.891835  length=1 from=451 to=451
 01                                               .
--
> 2024/08/11 08:27:28.891877  length=1 from=452 to=452
 06                                               .
--
> 2024/08/11 08:27:28.892335  length=4 from=453 to=456
 00 00 00 00                                      ....
--
> 2024/08/11 08:27:28.892392  length=1 from=457 to=457
 0a                                               .
--
> 2024/08/11 08:27:28.892435  length=1 from=458 to=458
 02                                               .
--
> 2024/08/11 08:27:28.892477  length=1 from=459 to=459
 01                                               .
--
> 2024/08/11 08:27:28.893335  length=9 from=460 to=468
 08 02 02 01 03 04 78 00 0e                       ......x..
--
> 2024/08/11 08:27:28.893401  length=1 from=469 to=469
 85                                               .
--
> 2024/08/11 08:27:28.893445  length=1 from=470 to=470
 00                                               .
--
> 2024/08/11 08:27:28.893557  length=1 from=471 to=471
 1f                                               .
--
> 2024/08/11 08:27:28.893735  length=2 from=472 to=473
 00 00                                            ..
--
> 2024/08/11 08:27:28.893804  length=1 from=474 to=474
 df                                               .
--
> 2024/08/11 08:27:28.894357  length=5 from=475 to=479
 28 1c e8 07 c0                                   (....
--
> 2024/08/11 08:27:28.894415  length=1 from=480 to=480
 66                                               f
--
> 2024/08/11 08:27:28.894514  length=2 from=481 to=482
 9f 72                                            .r
--
> 2024/08/11 08:27:28.895432  length=9 from=483 to=491
 40 9c 00 00 02 06 00 00 00                       @........
--
> 2024/08/11 08:27:28.895497  length=2 from=492 to=493
 00 0a                                            ..
--
> 2024/08/11 08:27:28.895598  length=2 from=494 to=495
 02 01                                            ..
--
> 2024/08/11 08:27:28.895707  length=1 from=496 to=496
 08                                               .
--
> 2024/08/11 08:27:28.896415  length=6 from=497 to=502
 02 02 01 03 04 78                                .....x
--
> 2024/08/11 08:27:28.896474  length=1 from=503 to=503
 00                                               .
--
< 2024/08/11 08:27:29.202969  length=19 from=78 to=96
 0e 10 00 0e 00 00 df 28 1c e8 07 c0 66 9f 72 03  .......(....f.r.
 00 00 00                                         ...
--
> 2024/08/11 08:27:29.205357  length=3 from=504 to=506
 0e 00 00                                         ...
--
> 2024/08/11 08:27:29.205423  length=1 from=507 to=507
 01                                               .
--
> 2024/08/11 08:27:29.205475  length=1 from=508 to=508
 00                                               .
--
> 2024/08/11 08:27:29.205592  length=1 from=509 to=509
 01                                               .
--
> 2024/08/11 08:27:29.633486  length=10 from=510 to=519
 0e 85 00 1f 00 00 df 28 1c e8                    .......(..
--
> 2024/08/11 08:27:29.633586  length=2 from=520 to=521
 07 c0                                            ..
--
> 2024/08/11 08:27:29.633632  length=1 from=522 to=522
 66                                               f
--
> 2024/08/11 08:27:29.634475  length=9 from=523 to=531
 9f 72 40 9c 00 00 01 06 00                       .r@......
--
> 2024/08/11 08:27:29.634542  length=1 from=532 to=532
 00                                               .
--
> 2024/08/11 08:27:29.635336  length=9 from=533 to=541
 00 00 0a                                         ...
 02 01 08 02 02 01                                ......
--
> 2024/08/11 08:27:29.635442  length=1 from=542 to=542
 03                                               .
--
> 2024/08/11 08:27:29.635519  length=1 from=543 to=543
 04                                               .
--
> 2024/08/11 08:27:29.635566  length=1 from=544 to=544
 78                                               x
--
> 2024/08/11 08:27:29.636419  length=8 from=545 to=552
 00 0e 85 00 1f 00 00 df                          ........
--
> 2024/08/11 08:27:29.636491  length=2 from=553 to=554
 28 1c                                            (.
--
> 2024/08/11 08:27:29.636537  length=1 from=555 to=555
 e8                                               .
--
> 2024/08/11 08:27:29.636587  length=1 from=556 to=556
 07                                               .
--
> 2024/08/11 08:27:29.637417  length=9 from=557 to=565
 c0 66 9f 72 40 9c 00 00 02                       .f.r@....
--
> 2024/08/11 08:27:29.637561  length=1 from=566 to=566
 06                                               .
--
> 2024/08/11 08:27:29.637629  length=2 from=567 to=568
 00 00                                            ..
--
> 2024/08/11 08:27:29.637761  length=1 from=569 to=569
 00                                               .
--
> 2024/08/11 08:27:29.637824  length=1 from=570 to=570
 00                                               .
--
> 2024/08/11 08:27:29.637882  length=1 from=571 to=571
 0a                                               .
--
> 2024/08/11 08:27:29.638303  length=4 from=572 to=575
 02 01 08 02                                      ....
--
> 2024/08/11 08:27:29.638449  length=2 from=576 to=577
 02 01                                            ..
--
> 2024/08/11 08:27:29.638512  length=1 from=578 to=578
 03                                               .
--
> 2024/08/11 08:27:29.639428  length=3 from=579 to=581
 04 78 00                                         .x.
--
> 2024/08/11 08:27:31.132524  length=11 from=582 to=592
 0e 89 00 1f 00 00 00 00 00 00 00                 ...........
--
> 2024/08/11 08:27:31.132624  length=2 from=593 to=594
 00 00                                            ..
--
> 2024/08/11 08:27:31.133446  length=9 from=595 to=603
 00 df 28 1c e8 07 c0 00 66                       ..(.....f
--
> 2024/08/11 08:27:31.133520  length=1 from=604 to=604
 9f                                               .
--
> 2024/08/11 08:27:31.134473  length=10 from=605 to=614
 72 00 00 01 00 00 00 00 04 03                    r.........
--
> 2024/08/11 08:27:31.134562  length=2 from=615 to=616
 02 04                                            ..
--
> 2024/08/11 08:27:31.134611  length=1 from=617 to=617
 00                                               .
--
> 2024/08/11 08:27:31.135585  length=8 from=618 to=625
 01 8e 00 03 00 00 00 1f                          ........
--
> 2024/08/11 08:27:31.554390  length=5 from=626 to=630
 00 80 ff 00 00                                   .....
--
