*** Booting Zephyr OS build v4.0.0-4398-gf19e5bc577e2 ***
[00:00:00.253,326] <dbg> bttester: tester_init: Initializing tester
[00:00:05.997,955] <dbg> bttester: cmd_handler: cmd service 0x00 opcode 0x03 index 0xff
[00:00:06.026,580] <inf> bt_hci_core: HW Platform: Nordic Semiconductor (0x0002)
[00:00:06.026,611] <inf> bt_hci_core: HW Variant: nRF53x (0x0003)
[00:00:06.026,641] <inf> bt_hci_core: Firmware: Standard Bluetooth controller (0x00) Version 4.0 Build 99
[00:00:06.028,656] <inf> bt_hci_core: Identity: D7:B8:1B:0B:51:C3 (random)
[00:00:06.028,686] <inf> bt_hci_core: HCI: version 5.4 (0x0d) revision 0x0000, manufacturer 0x05f1
[00:00:06.028,717] <inf> bt_hci_core: LMP: version 5.4 (0x0d) subver 0xffff
[00:00:06.028,717] <dbg> bttester: tester_rsp_with_index: service 0x00 opcode 0x03 index 0xff status 0x00
[00:00:06.077,606] <dbg> bttester: cmd_handler: cmd service 0x01 opcode 0x03 index 0x00
[00:00:06.476,654] <dbg> bttester: cmd_handler: cmd service 0x00 opcode 0x03 index 0xff
[00:00:06.476,715] <dbg> bttester: tester_rsp_with_index: service 0x00 opcode 0x03 index 0xff status 0x00
[00:00:06.566,009] <dbg> bttester: cmd_handler: cmd service 0x01 opcode 0x08 index 0x00
[00:00:06.649,719] <dbg> bttester: cmd_handler: cmd service 0x00 opcode 0x03 index 0xff
[00:00:06.649,749] <dbg> bttester: tester_rsp_with_index: service 0x00 opcode 0x03 index 0xff status 0x00
[00:00:13.748,321] <dbg> bttester: cmd_handler: cmd service 0x01 opcode 0x0a index 0x00
[00:00:13.959,503] <dbg> bttester_gap: le_connected: C0:07:E8:1C:28:DF (public): 0x00
[00:00:13.959,533] <dbg> bttester: tester_event: service 0x01 opcode 0x82
[00:00:13.961,029] <dbg> bttester: tester_event: service 0x01 opcode 0x80
[00:00:17.187,500] <dbg> bttester: tester_event: service 0x01 opcode 0x89
[00:00:17.802,551] <dbg> bttester: cmd_handler: cmd service 0x13 opcode 0x02 index 0x00
[00:00:17.802,917] <dbg> bttester: tester_rsp_with_index: service 0x13 opcode 0x02 index 0x00 status 0x00
[00:00:19.085,388] <dbg> bttester: tester_event: service 0x01 opcode 0x88
[00:00:25.523,315] <dbg> bttester_ccp: tbs_client_discover_cb: Discovered TBS - err (0) GTBS (1)
[00:00:25.523,437] <dbg> bttester: tester_event: service 0x13 opcode 0x80
[00:00:25.648,315] <dbg> bttester_ccp: tbs_client_read_val_cb: TBS Client read characteristic value cb
[00:00:25.648,315] <dbg> bttester: tester_event: service 0x13 opcode 0x83
[00:00:25.649,566] <dbg> bttester: tester_event: service 0x13 opcode 0x82
[00:00:35.271,972] <dbg> bttester: cmd_handler: cmd service 0x13 opcode 0x07 index 0x00
[00:00:35.272,125] <dbg> bttester: tester_rsp_with_index: service 0x13 opcode 0x07 index 0x00 status 0x00
[00:00:35.398,498] <dbg> bttester_ccp: tbs_client_read_string_cb: TBS Client read string characteristic value cb
[00:00:35.398,498] <dbg> bttester: tester_event: service 0x13 opcode 0x84
[00:00:40.086,395] <dbg> bttester_gap: le_disconnected: C0:07:E8:1C:28:DF (public): 0x13
[00:00:40.086,425] <dbg> bttester: tester_event: service 0x01 opcode 0x83
