2021-11-06 02:56:16,363 root DEBUG autoptsclient_common.py   776   run_test_case_thread_entry : Starting TestCase wrapper SM SM/CEN/SCOB/BV-01-C
2021-11-06 02:56:16,363 root DEBUG testcase.py               718   pre_run                   : pre_run SM SM/CEN/SCOB/BV-01-C
2021-11-06 02:56:16,363 root DEBUG testcase.py               720   pre_run                   : About to run test case SM SM/CEN/SCOB/BV-01-C with commands:
2021-11-06 02:56:16,363 root DEBUG testcase.py               723   pre_run                   : 0) class=<class 'ptsprojects.testcase.TestFunc'>, func=<bound method ZephyrCtl.start of <ptsprojects.zephyr.iutctl.ZephyrCtl object at 0x0000023689273FD0>> start_wid=None stop_wid=None post_wid=None skip_call=None call_count=0 args=(<ptsprojects.zephyr.ztestcase.ZTestCase object at 0x000002368953A340>,) kwds={}
2021-11-06 02:56:16,363 root DEBUG testcase.py               723   pre_run                   : 1) class=<class 'ptsprojects.testcase.TestFunc'>, func=<bound method ZephyrCtl.wait_iut_ready_event of <ptsprojects.zephyr.iutctl.ZephyrCtl object at 0x0000023689273FD0>> start_wid=None stop_wid=None post_wid=None skip_call=None call_count=0 args=() kwds={}
2021-11-06 02:56:16,363 root DEBUG testcase.py               723   pre_run                   : 2) class=<class 'ptsprojects.testcase.TestFunc'>, func=<function core_reg_svc_gap at 0x00000236879B9AF0> start_wid=None stop_wid=None post_wid=None skip_call=None call_count=27 args=() kwds={}
2021-11-06 02:56:16,363 root DEBUG testcase.py               723   pre_run                   : 3) class=<class 'ptsprojects.testcase.TestFunc'>, func=<bound method Stack.gap_init of <ptsprojects.stack.Stack object at 0x0000023689273EE0>> start_wid=None stop_wid=None post_wid=None skip_call=None call_count=27 args=(b'Tester_6165DC',) kwds={}
2021-11-06 02:56:16,363 root DEBUG testcase.py               723   pre_run                   : 4) class=<class 'ptsprojects.testcase.TestFunc'>, func=<function gap_read_ctrl_info at 0x00000236879FD160> start_wid=None stop_wid=None post_wid=None skip_call=None call_count=27 args=() kwds={}
2021-11-06 02:56:16,363 root DEBUG testcase.py               723   pre_run                   : 5) class=<class 'ptsprojects.testcase.TestFunc'>, func=<function test_cases.<locals>.<lambda> at 0x0000023689301EE0> start_wid=None stop_wid=None post_wid=None skip_call=None call_count=27 args=() kwds={}
2021-11-06 02:56:16,363 root DEBUG testcase.py               723   pre_run                   : 6) class=<class 'ptsprojects.testcase.TestFunc'>, func=<function test_cases.<locals>.<lambda> at 0x0000023689301F70> start_wid=None stop_wid=None post_wid=None skip_call=None call_count=27 args=() kwds={}
2021-11-06 02:56:16,363 root DEBUG testcase.py               723   pre_run                   : 7) class=<class 'ptsprojects.testcase.TestFunc'>, func=<function test_cases.<locals>.<lambda> at 0x00000236893D5040> start_wid=None stop_wid=None post_wid=None skip_call=None call_count=27 args=() kwds={}
2021-11-06 02:56:16,363 root DEBUG testcase.py               723   pre_run                   : 8) class=<class 'ptsprojects.testcase.TestFunc'>, func=<function set_pts_addr at 0x00000236879B9A60> start_wid=None stop_wid=None post_wid=None skip_call=None call_count=27 args=('C0:AE:C0:61:65:DC', 0) kwds={}
2021-11-06 02:56:16,363 root DEBUG testcase.py               723   pre_run                   : 9) class=<class 'ptsprojects.testcase.TestFunc'>, func=<function gap_set_io_cap at 0x00000236879FC790> start_wid=None stop_wid=None post_wid=None skip_call=None call_count=0 args=(0,) kwds={}
2021-11-06 02:56:16,363 root DEBUG testcase.py               723   pre_run                   : 10) class=<class 'ptsprojects.testcase.TestFuncCleanUp'>, func=<bound method Stack.cleanup of <ptsprojects.stack.Stack object at 0x0000023689273EE0>> start_wid=None stop_wid=None post_wid=None skip_call=None call_count=0 args=() kwds={}
2021-11-06 02:56:16,363 root DEBUG testcase.py               723   pre_run                   : 11) class=<class 'ptsprojects.testcase.TestFuncCleanUp'>, func=<bound method ZephyrCtl.stop of <ptsprojects.zephyr.iutctl.ZephyrCtl object at 0x0000023689273FD0>> start_wid=None stop_wid=None post_wid=None skip_call=None call_count=0 args=() kwds={}
2021-11-06 02:56:16,363 root DEBUG testcase.py               730   pre_run                   : post_run, run pre test case script
2021-11-06 02:56:16,363 root DEBUG testcase.py               246   start                     : Starting test function: class=<class 'ptsprojects.testcase.TestFunc'>, func=<bound method ZephyrCtl.start of <ptsprojects.zephyr.iutctl.ZephyrCtl object at 0x0000023689273FD0>> start_wid=None stop_wid=None post_wid=None skip_call=None call_count=1 args=(<ptsprojects.zephyr.ztestcase.ZTestCase object at 0x000002368953A340>,) kwds={}
2021-11-06 02:56:16,363 root DEBUG testcase.py               258   start                     : Test function parameters: args=(<ptsprojects.zephyr.ztestcase.ZTestCase object at 0x000002368953A340>,), kwds={}
2021-11-06 02:56:16,363 root DEBUG iutctl.py                 95    start                     : <class 'ptsprojects.zephyr.iutctl.ZephyrCtl'>.start
2021-11-06 02:56:16,379 root DEBUG iutctl.py                 155   flush_serial              : <class 'ptsprojects.zephyr.iutctl.ZephyrCtl'>.flush_serial
2021-11-06 02:56:17,441 root DEBUG iutctl.py                 120   start                     : Starting socat process: socat.exe -x -v tcp:192.168.9.109:50123,retry=100,interval=1 /dev/ttyS4,raw,b115200
2021-11-06 02:56:17,441 root DEBUG iutctl_common.py          226   accept                    : accept
2021-11-06 02:56:17,457 root DEBUG testcase.py               246   start                     : Starting test function: class=<class 'ptsprojects.testcase.TestFunc'>, func=<bound method ZephyrCtl.wait_iut_ready_event of <ptsprojects.zephyr.iutctl.ZephyrCtl object at 0x0000023689273FD0>> start_wid=None stop_wid=None post_wid=None skip_call=None call_count=1 args=() kwds={}
2021-11-06 02:56:17,457 root DEBUG testcase.py               258   start                     : Test function parameters: args=(), kwds={}
2021-11-06 02:56:17,457 root DEBUG iutctl.py                 194   reset                     : <class 'ptsprojects.zephyr.iutctl.ZephyrCtl'>.reset
2021-11-06 02:56:17,457 root DEBUG iutctl.py                 229   stop                      : <class 'ptsprojects.zephyr.iutctl.ZephyrCtl'>.stop
2021-11-06 02:56:18,488 root DEBUG iutctl.py                 95    start                     : <class 'ptsprojects.zephyr.iutctl.ZephyrCtl'>.start
2021-11-06 02:56:18,488 root DEBUG iutctl.py                 155   flush_serial              : <class 'ptsprojects.zephyr.iutctl.ZephyrCtl'>.flush_serial
2021-11-06 02:56:19,550 root DEBUG iutctl.py                 120   start                     : Starting socat process: socat.exe -x -v tcp:192.168.9.109:50126,retry=100,interval=1 /dev/ttyS4,raw,b115200
2021-11-06 02:56:19,550 root DEBUG iutctl_common.py          226   accept                    : accept
2021-11-06 02:56:19,566 root DEBUG iutctl.py                 155   flush_serial              : <class 'ptsprojects.zephyr.iutctl.ZephyrCtl'>.flush_serial
2021-11-06 02:56:19,566 root DEBUG __init__.py               46    reset                     : About to reset DUT: 'nrfjprog -f nrf52 -r  -s 683357425'
2021-11-06 02:56:19,895 root DEBUG iutctl_common.py          172   read                      : read
2021-11-06 02:56:20,145 root DEBUG iutctl_common.py          98    read                      : Received: hdr: Header(svc_id=0, op=128, ctrl_index=255, data_len=0) bytearray(b'\x00\x80\xff\x00\x00')
2021-11-06 02:56:20,161 root DEBUG iutctl_common.py          111   read                      : Received data: "('',)", bytearray(b'')
2021-11-06 02:56:20,161 root DEBUG btp.py                    423   event_handler             : event_handler Header(svc_id=0, op=128, ctrl_index=255, data_len=0) (b'',)
2021-11-06 02:56:20,161 root ERROR btp.py                    455   event_handler             : Unhandled event! svc_id 0 op 128
2021-11-06 02:56:20,161 root DEBUG iutctl.py                 222   wait_iut_ready_event      : IUT ready event received OK
2021-11-06 02:56:20,161 root DEBUG testcase.py               246   start                     : Starting test function: class=<class 'ptsprojects.testcase.TestFunc'>, func=<function core_reg_svc_gap at 0x00000236879B9AF0> start_wid=None stop_wid=None post_wid=None skip_call=None call_count=28 args=() kwds={}
2021-11-06 02:56:20,161 root DEBUG testcase.py               258   start                     : Test function parameters: args=(), kwds={}
2021-11-06 02:56:20,161 root DEBUG btp.py                    258   core_reg_svc_gap          : core_reg_svc_gap
2021-11-06 02:56:20,161 root DEBUG iutctl_common.py          117   send                      : send, 0 3 255 '1'
2021-11-06 02:56:20,161 root DEBUG iutctl_common.py          122   send                      : sending frame '0003ff010001'
2021-11-06 02:56:20,161 root DEBUG btp.py                    340   core_reg_svc_rsp_succ     : core_reg_svc_rsp_succ
2021-11-06 02:56:20,161 root DEBUG iutctl_common.py          172   read                      : read
2021-11-06 02:56:20,208 root DEBUG iutctl_common.py          98    read                      : Received: hdr: Header(svc_id=0, op=3, ctrl_index=255, data_len=0) bytearray(b'\x00\x03\xff\x00\x00')
2021-11-06 02:56:20,239 root DEBUG iutctl_common.py          111   read                      : Received data: "('',)", bytearray(b'')
2021-11-06 02:56:20,254 root DEBUG btp.py                    351   core_reg_svc_rsp_succ     : received Header(svc_id=0, op=3, ctrl_index=255, data_len=0) (b'',)
2021-11-06 02:56:20,254 root DEBUG btp.py                    352   core_reg_svc_rsp_succ     : expected ((0, 3, 255, 0), (b'',))
2021-11-06 02:56:20,254 root DEBUG btp.py                    357   core_reg_svc_rsp_succ     : response is valid
2021-11-06 02:56:20,254 root DEBUG testcase.py               246   start                     : Starting test function: class=<class 'ptsprojects.testcase.TestFunc'>, func=<bound method Stack.gap_init of <ptsprojects.stack.Stack object at 0x0000023689273EE0>> start_wid=None stop_wid=None post_wid=None skip_call=None call_count=28 args=(b'Tester_6165DC',) kwds={}
2021-11-06 02:56:20,254 root DEBUG testcase.py               258   start                     : Test function parameters: args=(b'Tester_6165DC',), kwds={}
2021-11-06 02:56:20,254 root DEBUG testcase.py               246   start                     : Starting test function: class=<class 'ptsprojects.testcase.TestFunc'>, func=<function gap_read_ctrl_info at 0x00000236879FD160> start_wid=None stop_wid=None post_wid=None skip_call=None call_count=28 args=() kwds={}
2021-11-06 02:56:20,254 root DEBUG testcase.py               258   start                     : Test function parameters: args=(), kwds={}
2021-11-06 02:56:20,254 root DEBUG gap.py                    778   gap_read_ctrl_info        : gap_read_ctrl_info
2021-11-06 02:56:20,254 root DEBUG iutctl_common.py          117   send                      : send, 1 3 0 ''
2021-11-06 02:56:20,254 root DEBUG iutctl_common.py          122   send                      : sending frame '0103000000'
2021-11-06 02:56:20,254 root DEBUG iutctl_common.py          172   read                      : read
2021-11-06 02:56:20,473 root DEBUG iutctl_common.py          98    read                      : Received: hdr: Header(svc_id=1, op=3, ctrl_index=0, data_len=277) bytearray(b'\x01\x03\x00\x15\x01')
2021-11-06 02:56:20,489 root DEBUG iutctl_common.py          111   read                      : Received data: "('6§ \xad\x80ü\x13\x06\x00\x00\x13\x82\x00\x00\x00\x00\x00btp_tester\x00\x00\x00\x00\x00\x00\x00\x00\x00\x00\x00\x00\x00\x00\x00\x00\x00\x00\x00\x00\x00\x00\x00\x00\x00\x00\x00\x00\x00\x00\x00\x00\x00\x00\x00\x00\x00\x00\x00\x00\x00\x00\x00\x00\x00\x00\x00\x00\x00\x00\x00\x00\x00\x00\x00\x00\x00\x00\x00\x00\x00\x00\x00\x00\x00\x00\x00\x00\x00\x00\x00\x00\x00\x00\x00\x00\x00\x00\x00\x00\x00\x00\x00\x00\x00\x00\x00\x00\x00\x00\x00\x00\x00\x00\x00\x00\x00\x00\x00\x00\x00\x00\x00\x00\x00\x00\x00\x00\x00\x00\x00\x00\x00\x00\x00\x00\x00\x00\x00\x00\x00\x00\x00\x00\x00\x00\x00\x00\x00\x00\x00\x00\x00\x00\x00\x00\x00\x00\x00\x00\x00\x00\x00\x00\x00\x00\x00\x00\x00\x00\x00\x00\x00\x00\x00\x00\x00\x00\x00\x00\x00\x00\x00\x00\x00\x00\x00\x00\x00\x00\x00\x00\x00\x00\x00\x00\x00\x00\x00\x00\x00\x00\x00\x00\x00\x00\x00\x00\x00\x00\x00\x00\x00\x00\x00\x00\x00\x00\x00\x00\x00\x00\x00\x00\x00\x00\x00\x00\x00\x00\x00\x00\x00\x00\x00\x00\x00\x00\x00\x00\x00\x00\x00\x00\x00\x00\x00\x00\x00\x00\x00\x00\x00\x00\x00\x00\x00\x00\x00\x00\x00\x00\x00\x00\x00\x00\x00\x00\x00\x00',)", bytearray(b'6\xa7 \xad\x80\xfc\x13\x06\x00\x00\x13\x82\x00\x00\x00\x00\x00btp_tester\x00\x00\x00\x00\x00\x00\x00\x00\x00\x00\x00\x00\x00\x00\x00\x00\x00\x00\x00\x00\x00\x00\x00\x00\x00\x00\x00\x00\x00\x00\x00\x00\x00\x00\x00\x00\x00\x00\x00\x00\x00\x00\x00\x00\x00\x00\x00\x00\x00\x00\x00\x00\x00\x00\x00\x00\x00\x00\x00\x00\x00\x00\x00\x00\x00\x00\x00\x00\x00\x00\x00\x00\x00\x00\x00\x00\x00\x00\x00\x00\x00\x00\x00\x00\x00\x00\x00\x00\x00\x00\x00\x00\x00\x00\x00\x00\x00\x00\x00\x00\x00\x00\x00\x00\x00\x00\x00\x00\x00\x00\x00\x00\x00\x00\x00\x00\x00\x00\x00\x00\x00\x00\x00\x00\x00\x00\x00\x00\x00\x00\x00\x00\x00\x00\x00\x00\x00\x00\x00\x00\x00\x00\x00\x00\x00\x00\x00\x00\x00\x00\x00\x00\x00\x00\x00\x00\x00\x00\x00\x00\x00\x00\x00\x00\x00\x00\x00\x00\x00\x00\x00\x00\x00\x00\x00\x00\x00\x00\x00\x00\x00\x00\x00\x00\x00\x00\x00\x00\x00\x00\x00\x00\x00\x00\x00\x00\x00\x00\x00\x00\x00\x00\x00\x00\x00\x00\x00\x00\x00\x00\x00\x00\x00\x00\x00\x00\x00\x00\x00\x00\x00\x00\x00\x00\x00\x00\x00\x00\x00\x00\x00\x00\x00\x00\x00\x00\x00\x00\x00\x00\x00\x00\x00\x00\x00\x00\x00\x00\x00\x00')
2021-11-06 02:56:20,489 root DEBUG gap.py                    785   gap_read_ctrl_info        : received Header(svc_id=1, op=3, ctrl_index=0, data_len=277) (b'6\xa7 \xad\x80\xfc\x13\x06\x00\x00\x13\x82\x00\x00\x00\x00\x00btp_tester\x00\x00\x00\x00\x00\x00\x00\x00\x00\x00\x00\x00\x00\x00\x00\x00\x00\x00\x00\x00\x00\x00\x00\x00\x00\x00\x00\x00\x00\x00\x00\x00\x00\x00\x00\x00\x00\x00\x00\x00\x00\x00\x00\x00\x00\x00\x00\x00\x00\x00\x00\x00\x00\x00\x00\x00\x00\x00\x00\x00\x00\x00\x00\x00\x00\x00\x00\x00\x00\x00\x00\x00\x00\x00\x00\x00\x00\x00\x00\x00\x00\x00\x00\x00\x00\x00\x00\x00\x00\x00\x00\x00\x00\x00\x00\x00\x00\x00\x00\x00\x00\x00\x00\x00\x00\x00\x00\x00\x00\x00\x00\x00\x00\x00\x00\x00\x00\x00\x00\x00\x00\x00\x00\x00\x00\x00\x00\x00\x00\x00\x00\x00\x00\x00\x00\x00\x00\x00\x00\x00\x00\x00\x00\x00\x00\x00\x00\x00\x00\x00\x00\x00\x00\x00\x00\x00\x00\x00\x00\x00\x00\x00\x00\x00\x00\x00\x00\x00\x00\x00\x00\x00\x00\x00\x00\x00\x00\x00\x00\x00\x00\x00\x00\x00\x00\x00\x00\x00\x00\x00\x00\x00\x00\x00\x00\x00\x00\x00\x00\x00\x00\x00\x00\x00\x00\x00\x00\x00\x00\x00\x00\x00\x00\x00\x00\x00\x00\x00\x00\x00\x00\x00\x00\x00\x00\x00\x00\x00\x00\x00\x00\x00\x00\x00\x00\x00\x00\x00\x00\x00\x00\x00\x00\x00\x00\x00\x00\x00\x00\x00',)
2021-11-06 02:56:20,489 root DEBUG gap.py                    806   gap_read_ctrl_info        : IUT address 'fc80ad20a736'
2021-11-06 02:56:20,489 root DEBUG gap.py                    286   __gap_current_settings_update : __gap_current_settings_update 33299
2021-11-06 02:56:20,489 root DEBUG testcase.py               246   start                     : Starting test function: class=<class 'ptsprojects.testcase.TestFunc'>, func=<function test_cases.<locals>.<lambda> at 0x0000023689301EE0> start_wid=None stop_wid=None post_wid=None skip_call=None call_count=28 args=() kwds={}
2021-11-06 02:56:20,489 root DEBUG testcase.py               258   start                     : Test function parameters: args=(), kwds={}
2021-11-06 02:56:20,489 root DEBUG testcase.py               246   start                     : Starting test function: class=<class 'ptsprojects.testcase.TestFunc'>, func=<function test_cases.<locals>.<lambda> at 0x0000023689301F70> start_wid=None stop_wid=None post_wid=None skip_call=None call_count=28 args=() kwds={}
2021-11-06 02:56:20,489 root DEBUG testcase.py               258   start                     : Test function parameters: args=(), kwds={}
2021-11-06 02:56:20,489 root DEBUG testcase.py               246   start                     : Starting test function: class=<class 'ptsprojects.testcase.TestFunc'>, func=<function test_cases.<locals>.<lambda> at 0x00000236893D5040> start_wid=None stop_wid=None post_wid=None skip_call=None call_count=28 args=() kwds={}
2021-11-06 02:56:20,489 root DEBUG testcase.py               258   start                     : Test function parameters: args=(), kwds={}
2021-11-06 02:56:20,489 root DEBUG testcase.py               246   start                     : Starting test function: class=<class 'ptsprojects.testcase.TestFunc'>, func=<function set_pts_addr at 0x00000236879B9A60> start_wid=None stop_wid=None post_wid=None skip_call=None call_count=28 args=('C0:AE:C0:61:65:DC', 0) kwds={}
2021-11-06 02:56:20,489 root DEBUG testcase.py               258   start                     : Test function parameters: args=('C0:AE:C0:61:65:DC', 0), kwds={}
2021-11-06 02:56:20,489 root DEBUG testcase.py               246   start                     : Starting test function: class=<class 'ptsprojects.testcase.TestFunc'>, func=<function gap_set_io_cap at 0x00000236879FC790> start_wid=None stop_wid=None post_wid=None skip_call=None call_count=1 args=(0,) kwds={}
2021-11-06 02:56:20,489 root DEBUG testcase.py               258   start                     : Test function parameters: args=(0,), kwds={}
2021-11-06 02:56:20,489 root DEBUG gap.py                    492   gap_set_io_cap            : gap_set_io_cap 0
2021-11-06 02:56:20,489 root DEBUG iutctl_common.py          117   send                      : send, 1 16 0 '\x00'
2021-11-06 02:56:20,489 root DEBUG iutctl_common.py          122   send                      : sending frame '011000010000'
2021-11-06 02:56:20,489 root DEBUG gap.py                    812   gap_command_rsp_succ      : gap_command_rsp_succ
2021-11-06 02:56:20,489 root DEBUG iutctl_common.py          172   read                      : read
2021-11-06 02:56:20,567 root DEBUG iutctl_common.py          98    read                      : Received: hdr: Header(svc_id=1, op=16, ctrl_index=0, data_len=0) bytearray(b'\x01\x10\x00\x00\x00')
2021-11-06 02:56:20,583 root DEBUG iutctl_common.py          111   read                      : Received data: "('',)", bytearray(b'')
2021-11-06 02:56:20,598 root DEBUG gap.py                    817   gap_command_rsp_succ      : received Header(svc_id=1, op=16, ctrl_index=0, data_len=0) (b'',)
2021-11-06 02:56:20,598 root DEBUG autoptsclient_common.py   271   set_current_test_case     : CallbackThread.set_current_test_case SM/CEN/SCOB/BV-01-C
2021-11-06 02:56:27,268 ClientCallback.on_implicit_send INFO autoptsclient_common.py   170   on_implicit_send          : ********************
2021-11-06 02:56:27,268 ClientCallback.on_implicit_send INFO autoptsclient_common.py   171   on_implicit_send          : BEGIN OnImplicitSend:
2021-11-06 02:56:27,268 ClientCallback.on_implicit_send INFO autoptsclient_common.py   172   on_implicit_send          : project_name: SM
2021-11-06 02:56:27,268 ClientCallback.on_implicit_send INFO autoptsclient_common.py   173   on_implicit_send          : wid: 145
2021-11-06 02:56:27,268 ClientCallback.on_implicit_send INFO autoptsclient_common.py   174   on_implicit_send          : test_case_name: SM/CEN/SCOB/BV-01-C
2021-11-06 02:56:27,268 ClientCallback.on_implicit_send INFO autoptsclient_common.py   175   on_implicit_send          : description: Please configure IUT's OOB data flag with 'No remote OOB data present'.
2021-11-06 02:56:27,268 ClientCallback.on_implicit_send INFO autoptsclient_common.py   176   on_implicit_send          : style: MMI_Style_Yes_No1 0x11044
2021-11-06 02:56:27,268 ClientCallback.on_implicit_send INFO autoptsclient_common.py   182   on_implicit_send          : Calling test cases on_implicit_send
2021-11-06 02:56:27,268 root DEBUG testcase.py               675   on_implicit_send          : SM SM/CEN/SCOB/BV-01-C on_implicit_send
2021-11-06 02:56:27,268 root DEBUG testcase.py               619   join_post_wid_thread      : SM SM/CEN/SCOB/BV-01-C join_post_wid_thread
2021-11-06 02:56:27,268 root DEBUG testcase.py               621   join_post_wid_thread      : self.post_wid_thread None
2021-11-06 02:56:27,268 root DEBUG sm_wid.py                 27    sm_wid_hdl                : sm_wid_hdl, 145, "Please configure IUT's OOB data flag with 'No remote OOB data present'.", SM/CEN/SCOB/BV-01-C
2021-11-06 02:56:27,268 root DEBUG testcase.py               713   on_implicit_send          : Sending response 'Yes' to wid 145 test case SM/CEN/SCOB/BV-01-C
2021-11-06 02:56:27,268 ClientCallback.on_implicit_send INFO autoptsclient_common.py   187   on_implicit_send          : test case returned on_implicit_send, response: Yes
2021-11-06 02:56:27,268 ClientCallback.on_implicit_send INFO autoptsclient_common.py   197   on_implicit_send          : END OnImplicitSend:
2021-11-06 02:56:27,268 ClientCallback.on_implicit_send INFO autoptsclient_common.py   198   on_implicit_send          : ********************
2021-11-06 02:56:27,268 ClientCallback.on_implicit_send INFO autoptsclient_common.py   170   on_implicit_send          : ********************
2021-11-06 02:56:27,268 ClientCallback.on_implicit_send INFO autoptsclient_common.py   171   on_implicit_send          : BEGIN OnImplicitSend:
2021-11-06 02:56:27,268 ClientCallback.on_implicit_send INFO autoptsclient_common.py   172   on_implicit_send          : project_name: SM
2021-11-06 02:56:27,268 ClientCallback.on_implicit_send INFO autoptsclient_common.py   173   on_implicit_send          : wid: 147
2021-11-06 02:56:27,268 ClientCallback.on_implicit_send INFO autoptsclient_common.py   174   on_implicit_send          : test_case_name: SM/CEN/SCOB/BV-01-C
2021-11-06 02:56:27,268 ClientCallback.on_implicit_send INFO autoptsclient_common.py   175   on_implicit_send          : description: Please enter 16 bytes IUT's OOB Data (confirmation).
2021-11-06 02:56:27,268 ClientCallback.on_implicit_send INFO autoptsclient_common.py   176   on_implicit_send          : style: MMI_Style_Edit1 0x12040
2021-11-06 02:56:27,268 ClientCallback.on_implicit_send INFO autoptsclient_common.py   182   on_implicit_send          : Calling test cases on_implicit_send
2021-11-06 02:56:27,268 root DEBUG testcase.py               675   on_implicit_send          : SM SM/CEN/SCOB/BV-01-C on_implicit_send
2021-11-06 02:56:27,268 root DEBUG testcase.py               619   join_post_wid_thread      : SM SM/CEN/SCOB/BV-01-C join_post_wid_thread
2021-11-06 02:56:27,268 root DEBUG testcase.py               621   join_post_wid_thread      : self.post_wid_thread None
2021-11-06 02:56:27,268 root DEBUG sm_wid.py                 27    sm_wid_hdl                : sm_wid_hdl, 147, "Please enter 16 bytes IUT's OOB Data (confirmation).", SM/CEN/SCOB/BV-01-C
2021-11-06 02:56:27,268 root DEBUG gap.py                    866   gap_oob_sc_get_local_data : gap_oob_sc_get_local_data
2021-11-06 02:56:27,268 root DEBUG iutctl_common.py          117   send                      : send, 1 25 0 "bytearray(b'')"
2021-11-06 02:56:27,268 root DEBUG iutctl_common.py          122   send                      : sending frame '0119000000'
2021-11-06 02:56:27,268 root DEBUG iutctl_common.py          172   read                      : read
2021-11-06 02:56:27,331 root DEBUG iutctl_common.py          98    read                      : Received: hdr: Header(svc_id=1, op=25, ctrl_index=0, data_len=32) bytearray(b'\x01\x19\x00 \x00')
2021-11-06 02:56:27,347 root DEBUG iutctl_common.py          111   read                      : Received data: "('ïÆ\x99\x18\x83ÿi8ë\x02tD\x7fv;\r\x89>_\x90Ø5\x9b¥\x88¹èÛrøéõ',)", bytearray(b'\xef\xc6\x99\x18\x83\xffi8\xeb\x02tD\x7fv;\r\x89>_\x90\xd85\x9b\xa5\x88\xb9\xe8\xdbr\xf8\xe9\xf5')
2021-11-06 02:56:27,347 root DEBUG gap.py                    872   gap_oob_sc_get_local_data : gap_oob_sc_get_local_data received Header(svc_id=1, op=25, ctrl_index=0, data_len=32) (b'\xef\xc6\x99\x18\x83\xffi8\xeb\x02tD\x7fv;\r\x89>_\x90\xd85\x9b\xa5\x88\xb9\xe8\xdbr\xf8\xe9\xf5',)
2021-11-06 02:56:27,347 root DEBUG gap.py                    882   gap_oob_sc_get_local_data : r=0d3b767f447402eb3869ff831899c6ef c=f5e9f872dbe8b988a59b35d8905f3e89
2021-11-06 02:56:27,347 root DEBUG testcase.py               713   on_implicit_send          : Sending response 'f5e9f872dbe8b988a59b35d8905f3e89' to wid 147 test case SM/CEN/SCOB/BV-01-C
2021-11-06 02:56:27,347 ClientCallback.on_implicit_send INFO autoptsclient_common.py   187   on_implicit_send          : test case returned on_implicit_send, response: f5e9f872dbe8b988a59b35d8905f3e89
2021-11-06 02:56:27,347 ClientCallback.on_implicit_send INFO autoptsclient_common.py   197   on_implicit_send          : END OnImplicitSend:
2021-11-06 02:56:27,347 ClientCallback.on_implicit_send INFO autoptsclient_common.py   198   on_implicit_send          : ********************
2021-11-06 02:56:27,347 ClientCallback.on_implicit_send INFO autoptsclient_common.py   170   on_implicit_send          : ********************
2021-11-06 02:56:27,347 ClientCallback.on_implicit_send INFO autoptsclient_common.py   171   on_implicit_send          : BEGIN OnImplicitSend:
2021-11-06 02:56:27,347 ClientCallback.on_implicit_send INFO autoptsclient_common.py   172   on_implicit_send          : project_name: SM
2021-11-06 02:56:27,347 ClientCallback.on_implicit_send INFO autoptsclient_common.py   173   on_implicit_send          : wid: 148
2021-11-06 02:56:27,347 ClientCallback.on_implicit_send INFO autoptsclient_common.py   174   on_implicit_send          : test_case_name: SM/CEN/SCOB/BV-01-C
2021-11-06 02:56:27,347 ClientCallback.on_implicit_send INFO autoptsclient_common.py   175   on_implicit_send          : description: Please enter 16 bytes IUT's OOB Key (random number).
2021-11-06 02:56:27,347 ClientCallback.on_implicit_send INFO autoptsclient_common.py   176   on_implicit_send          : style: MMI_Style_Edit1 0x12040
2021-11-06 02:56:27,347 ClientCallback.on_implicit_send INFO autoptsclient_common.py   182   on_implicit_send          : Calling test cases on_implicit_send
2021-11-06 02:56:27,347 root DEBUG testcase.py               675   on_implicit_send          : SM SM/CEN/SCOB/BV-01-C on_implicit_send
2021-11-06 02:56:27,347 root DEBUG testcase.py               619   join_post_wid_thread      : SM SM/CEN/SCOB/BV-01-C join_post_wid_thread
2021-11-06 02:56:27,347 root DEBUG testcase.py               621   join_post_wid_thread      : self.post_wid_thread None
2021-11-06 02:56:27,347 root DEBUG sm_wid.py                 27    sm_wid_hdl                : sm_wid_hdl, 148, "Please enter 16 bytes IUT's OOB Key (random number).", SM/CEN/SCOB/BV-01-C
2021-11-06 02:56:27,347 root DEBUG gap.py                    866   gap_oob_sc_get_local_data : gap_oob_sc_get_local_data
2021-11-06 02:56:27,347 root DEBUG iutctl_common.py          117   send                      : send, 1 25 0 "bytearray(b'')"
2021-11-06 02:56:27,347 root DEBUG iutctl_common.py          122   send                      : sending frame '0119000000'
2021-11-06 02:56:27,347 root DEBUG iutctl_common.py          172   read                      : read
2021-11-06 02:56:27,393 root DEBUG iutctl_common.py          98    read                      : Received: hdr: Header(svc_id=1, op=25, ctrl_index=0, data_len=32) bytearray(b'\x01\x19\x00 \x00')
2021-11-06 02:56:27,456 root DEBUG iutctl_common.py          111   read                      : Received data: "('ïÆ\x99\x18\x83ÿi8ë\x02tD\x7fv;\r\x89>_\x90Ø5\x9b¥\x88¹èÛrøéõ',)", bytearray(b'\xef\xc6\x99\x18\x83\xffi8\xeb\x02tD\x7fv;\r\x89>_\x90\xd85\x9b\xa5\x88\xb9\xe8\xdbr\xf8\xe9\xf5')
2021-11-06 02:56:27,503 root DEBUG gap.py                    872   gap_oob_sc_get_local_data : gap_oob_sc_get_local_data received Header(svc_id=1, op=25, ctrl_index=0, data_len=32) (b'\xef\xc6\x99\x18\x83\xffi8\xeb\x02tD\x7fv;\r\x89>_\x90\xd85\x9b\xa5\x88\xb9\xe8\xdbr\xf8\xe9\xf5',)
2021-11-06 02:56:27,503 root DEBUG gap.py                    882   gap_oob_sc_get_local_data : r=0d3b767f447402eb3869ff831899c6ef c=f5e9f872dbe8b988a59b35d8905f3e89
2021-11-06 02:56:27,503 root DEBUG testcase.py               713   on_implicit_send          : Sending response '0d3b767f447402eb3869ff831899c6ef' to wid 148 test case SM/CEN/SCOB/BV-01-C
2021-11-06 02:56:27,503 ClientCallback.on_implicit_send INFO autoptsclient_common.py   187   on_implicit_send          : test case returned on_implicit_send, response: 0d3b767f447402eb3869ff831899c6ef
2021-11-06 02:56:27,503 ClientCallback.on_implicit_send INFO autoptsclient_common.py   197   on_implicit_send          : END OnImplicitSend:
2021-11-06 02:56:27,503 ClientCallback.on_implicit_send INFO autoptsclient_common.py   198   on_implicit_send          : ********************
2021-11-06 02:56:27,503 ClientCallback.on_implicit_send INFO autoptsclient_common.py   170   on_implicit_send          : ********************
2021-11-06 02:56:27,503 ClientCallback.on_implicit_send INFO autoptsclient_common.py   171   on_implicit_send          : BEGIN OnImplicitSend:
2021-11-06 02:56:27,503 ClientCallback.on_implicit_send INFO autoptsclient_common.py   172   on_implicit_send          : project_name: SM
2021-11-06 02:56:27,503 ClientCallback.on_implicit_send INFO autoptsclient_common.py   173   on_implicit_send          : wid: 100
2021-11-06 02:56:27,503 ClientCallback.on_implicit_send INFO autoptsclient_common.py   174   on_implicit_send          : test_case_name: SM/CEN/SCOB/BV-01-C
2021-11-06 02:56:27,503 ClientCallback.on_implicit_send INFO autoptsclient_common.py   175   on_implicit_send          : description: Initiate an connection from the IUT to the PTS.
2021-11-06 02:56:27,503 ClientCallback.on_implicit_send INFO autoptsclient_common.py   176   on_implicit_send          : style: MMI_Style_Ok_Cancel2 0x11141
2021-11-06 02:56:27,503 ClientCallback.on_implicit_send INFO autoptsclient_common.py   182   on_implicit_send          : Calling test cases on_implicit_send
2021-11-06 02:56:27,503 root DEBUG testcase.py               675   on_implicit_send          : SM SM/CEN/SCOB/BV-01-C on_implicit_send
2021-11-06 02:56:27,503 root DEBUG testcase.py               619   join_post_wid_thread      : SM SM/CEN/SCOB/BV-01-C join_post_wid_thread
2021-11-06 02:56:27,503 root DEBUG testcase.py               621   join_post_wid_thread      : self.post_wid_thread None
2021-11-06 02:56:27,503 root DEBUG sm_wid.py                 27    sm_wid_hdl                : sm_wid_hdl, 100, 'Initiate an connection from the IUT to the PTS.', SM/CEN/SCOB/BV-01-C
2021-11-06 02:56:27,503 root DEBUG gap.py                    419   gap_conn                  : gap_conn None None
2021-11-06 02:56:27,503 root DEBUG iutctl_common.py          117   send                      : send, 1 14 0 "bytearray(b'\\x00\\xdcea\\xc0\\xae\\xc0\\x00')"
2021-11-06 02:56:27,503 root DEBUG iutctl_common.py          122   send                      : sending frame '010e00080000dc6561c0aec000'
2021-11-06 02:56:27,503 root DEBUG gap.py                    812   gap_command_rsp_succ      : gap_command_rsp_succ
2021-11-06 02:56:27,503 root DEBUG iutctl_common.py          172   read                      : read
2021-11-06 02:56:27,565 root DEBUG iutctl_common.py          98    read                      : Received: hdr: Header(svc_id=1, op=14, ctrl_index=0, data_len=0) bytearray(b'\x01\x0e\x00\x00\x00')
2021-11-06 02:56:27,581 root DEBUG iutctl_common.py          111   read                      : Received data: "('',)", bytearray(b'')
2021-11-06 02:56:27,581 root DEBUG gap.py                    817   gap_command_rsp_succ      : received Header(svc_id=1, op=14, ctrl_index=0, data_len=0) (b'',)
2021-11-06 02:56:27,846 root DEBUG iutctl_common.py          98    read                      : Received: hdr: Header(svc_id=1, op=130, ctrl_index=0, data_len=13) bytearray(b'\x01\x82\x00\r\x00')
2021-11-06 02:56:27,862 root DEBUG iutctl_common.py          111   read                      : Received data: "('\x00ÜeaÀ®À(\x00\x00\x00\x90\x01',)", bytearray(b'\x00\xdcea\xc0\xae\xc0(\x00\x00\x00\x90\x01')
2021-11-06 02:56:27,878 root DEBUG btp.py                    423   event_handler             : event_handler Header(svc_id=1, op=130, ctrl_index=0, data_len=13) (b'\x00\xdcea\xc0\xae\xc0(\x00\x00\x00\x90\x01',)
2021-11-06 02:56:27,893 root DEBUG gap.py                    128   gap_connected_ev_         : gap_connected_ev_ b'\x00\xdcea\xc0\xae\xc0(\x00\x00\x00\x90\x01'
2021-11-06 02:56:27,909 root DEBUG testcase.py               713   on_implicit_send          : Sending response 'OK' to wid 100 test case SM/CEN/SCOB/BV-01-C
2021-11-06 02:56:27,909 ClientCallback.on_implicit_send INFO autoptsclient_common.py   187   on_implicit_send          : test case returned on_implicit_send, response: OK
2021-11-06 02:56:27,909 ClientCallback.on_implicit_send INFO autoptsclient_common.py   197   on_implicit_send          : END OnImplicitSend:
2021-11-06 02:56:27,909 ClientCallback.on_implicit_send INFO autoptsclient_common.py   198   on_implicit_send          : ********************
2021-11-06 02:56:27,909 ClientCallback.on_implicit_send INFO autoptsclient_common.py   170   on_implicit_send          : ********************
2021-11-06 02:56:27,909 ClientCallback.on_implicit_send INFO autoptsclient_common.py   171   on_implicit_send          : BEGIN OnImplicitSend:
2021-11-06 02:56:27,909 ClientCallback.on_implicit_send INFO autoptsclient_common.py   172   on_implicit_send          : project_name: SM
2021-11-06 02:56:27,909 ClientCallback.on_implicit_send INFO autoptsclient_common.py   173   on_implicit_send          : wid: 108
2021-11-06 02:56:27,909 ClientCallback.on_implicit_send INFO autoptsclient_common.py   174   on_implicit_send          : test_case_name: SM/CEN/SCOB/BV-01-C
2021-11-06 02:56:27,909 ClientCallback.on_implicit_send INFO autoptsclient_common.py   175   on_implicit_send          : description: Please start pairing process.
2021-11-06 02:56:27,909 ClientCallback.on_implicit_send INFO autoptsclient_common.py   176   on_implicit_send          : style: MMI_Style_Ok 0x11040
2021-11-06 02:56:27,909 ClientCallback.on_implicit_send INFO autoptsclient_common.py   182   on_implicit_send          : Calling test cases on_implicit_send
2021-11-06 02:56:27,909 root DEBUG testcase.py               675   on_implicit_send          : SM SM/CEN/SCOB/BV-01-C on_implicit_send
2021-11-06 02:56:27,909 root DEBUG testcase.py               619   join_post_wid_thread      : SM SM/CEN/SCOB/BV-01-C join_post_wid_thread
2021-11-06 02:56:27,909 root DEBUG testcase.py               621   join_post_wid_thread      : self.post_wid_thread None
2021-11-06 02:56:27,909 root DEBUG sm_wid.py                 27    sm_wid_hdl                : sm_wid_hdl, 108, 'Please start pairing process.', SM/CEN/SCOB/BV-01-C
2021-11-06 02:56:27,909 root DEBUG gap.py                    501   gap_pair                  : gap_pair None None
2021-11-06 02:56:27,909 root DEBUG iutctl_common.py          117   send                      : send, 1 17 0 "bytearray(b'\\x00\\xdcea\\xc0\\xae\\xc0')"
2021-11-06 02:56:27,909 root DEBUG iutctl_common.py          122   send                      : sending frame '011100070000dc6561c0aec0'
2021-11-06 02:56:27,909 root DEBUG gap.py                    812   gap_command_rsp_succ      : gap_command_rsp_succ
2021-11-06 02:56:27,909 root DEBUG iutctl_common.py          172   read                      : read
2021-11-06 02:56:27,987 root DEBUG iutctl_common.py          98    read                      : Received: hdr: Header(svc_id=1, op=17, ctrl_index=0, data_len=0) bytearray(b'\x01\x11\x00\x00\x00')
2021-11-06 02:56:28,018 root DEBUG iutctl_common.py          111   read                      : Received data: "('',)", bytearray(b'')
2021-11-06 02:56:28,034 root DEBUG gap.py                    817   gap_command_rsp_succ      : received Header(svc_id=1, op=17, ctrl_index=0, data_len=0) (b'',)
2021-11-06 02:56:28,034 root DEBUG testcase.py               713   on_implicit_send          : Sending response 'Ok' to wid 108 test case SM/CEN/SCOB/BV-01-C
2021-11-06 02:56:28,034 ClientCallback.on_implicit_send INFO autoptsclient_common.py   187   on_implicit_send          : test case returned on_implicit_send, response: Ok
2021-11-06 02:56:28,034 ClientCallback.on_implicit_send INFO autoptsclient_common.py   197   on_implicit_send          : END OnImplicitSend:
2021-11-06 02:56:28,034 ClientCallback.on_implicit_send INFO autoptsclient_common.py   198   on_implicit_send          : ********************
2021-11-06 02:56:28,675 ClientCallback.on_implicit_send INFO autoptsclient_common.py   170   on_implicit_send          : ********************
2021-11-06 02:56:28,675 ClientCallback.on_implicit_send INFO autoptsclient_common.py   171   on_implicit_send          : BEGIN OnImplicitSend:
2021-11-06 02:56:28,675 ClientCallback.on_implicit_send INFO autoptsclient_common.py   172   on_implicit_send          : project_name: SM
2021-11-06 02:56:28,675 ClientCallback.on_implicit_send INFO autoptsclient_common.py   173   on_implicit_send          : wid: 102
2021-11-06 02:56:28,675 ClientCallback.on_implicit_send INFO autoptsclient_common.py   174   on_implicit_send          : test_case_name: SM/CEN/SCOB/BV-01-C
2021-11-06 02:56:28,675 ClientCallback.on_implicit_send INFO autoptsclient_common.py   175   on_implicit_send          : description: Please initiate a disconnection to the PTS.

Description: Verify that the Implementation Under Test(IUT) can initiate a disconnect request to PTS.
2021-11-06 02:56:28,675 ClientCallback.on_implicit_send INFO autoptsclient_common.py   176   on_implicit_send          : style: MMI_Style_Ok_Cancel2 0x11141
2021-11-06 02:56:28,690 ClientCallback.on_implicit_send INFO autoptsclient_common.py   182   on_implicit_send          : Calling test cases on_implicit_send
2021-11-06 02:56:28,690 root DEBUG testcase.py               675   on_implicit_send          : SM SM/CEN/SCOB/BV-01-C on_implicit_send
2021-11-06 02:56:28,690 root DEBUG testcase.py               619   join_post_wid_thread      : SM SM/CEN/SCOB/BV-01-C join_post_wid_thread
2021-11-06 02:56:28,690 root DEBUG testcase.py               621   join_post_wid_thread      : self.post_wid_thread None
2021-11-06 02:56:28,690 root DEBUG sm_wid.py                 27    sm_wid_hdl                : sm_wid_hdl, 102, 'Please initiate a disconnection to the PTS.\n\nDescription: Verify that the Implementation Under Test(IUT) can initiate a disconnect request to PTS.', SM/CEN/SCOB/BV-01-C
2021-11-06 02:56:28,690 root DEBUG gap.py                    461   gap_disconn               : gap_disconn None None
2021-11-06 02:56:28,690 root DEBUG iutctl_common.py          117   send                      : send, 1 15 0 "bytearray(b'\\x00\\xdcea\\xc0\\xae\\xc0')"
2021-11-06 02:56:28,690 root DEBUG iutctl_common.py          122   send                      : sending frame '010f00070000dc6561c0aec0'
2021-11-06 02:56:28,690 root DEBUG gap.py                    812   gap_command_rsp_succ      : gap_command_rsp_succ
2021-11-06 02:56:28,690 root DEBUG iutctl_common.py          172   read                      : read
2021-11-06 02:56:28,768 root DEBUG iutctl_common.py          98    read                      : Received: hdr: Header(svc_id=1, op=15, ctrl_index=0, data_len=0) bytearray(b'\x01\x0f\x00\x00\x00')
2021-11-06 02:56:28,784 root DEBUG iutctl_common.py          111   read                      : Received data: "('',)", bytearray(b'')
2021-11-06 02:56:28,815 root DEBUG gap.py                    817   gap_command_rsp_succ      : received Header(svc_id=1, op=15, ctrl_index=0, data_len=0) (b'',)
2021-11-06 02:56:28,877 root DEBUG iutctl_common.py          98    read                      : Received: hdr: Header(svc_id=1, op=137, ctrl_index=0, data_len=8) bytearray(b'\x01\x89\x00\x08\x00')
2021-11-06 02:56:28,909 root DEBUG iutctl_common.py          111   read                      : Received data: "('\x00ÜeaÀ®À\x04',)", bytearray(b'\x00\xdcea\xc0\xae\xc0\x04')
2021-11-06 02:56:28,956 root DEBUG btp.py                    423   event_handler             : event_handler Header(svc_id=1, op=137, ctrl_index=0, data_len=8) (b'\x00\xdcea\xc0\xae\xc0\x04',)
2021-11-06 02:56:28,971 root DEBUG gap.py                    207   gap_sec_level_changed_ev_ : gap_sec_level_changed_ev_
2021-11-06 02:56:29,002 root DEBUG gap.py                    209   gap_sec_level_changed_ev_ : received b'\x00\xdcea\xc0\xae\xc0\x04'
2021-11-06 02:56:29,034 root DEBUG gap.py                    218   gap_sec_level_changed_ev_ : received (0, 'c0aec06165dc', 4)
2021-11-06 02:56:29,096 root DEBUG iutctl_common.py          98    read                      : Received: hdr: Header(svc_id=1, op=131, ctrl_index=0, data_len=7) bytearray(b'\x01\x83\x00\x07\x00')
2021-11-06 02:56:29,159 root DEBUG iutctl_common.py          111   read                      : Received data: "('\x00ÜeaÀ®À',)", bytearray(b'\x00\xdcea\xc0\xae\xc0')
2021-11-06 02:56:29,206 root DEBUG btp.py                    423   event_handler             : event_handler Header(svc_id=1, op=131, ctrl_index=0, data_len=7) (b'\x00\xdcea\xc0\xae\xc0',)
2021-11-06 02:56:29,237 root DEBUG gap.py                    142   gap_disconnected_ev_      : gap_disconnected_ev_ b'\x00\xdcea\xc0\xae\xc0'
2021-11-06 02:56:29,237 root DEBUG testcase.py               713   on_implicit_send          : Sending response 'OK' to wid 102 test case SM/CEN/SCOB/BV-01-C
2021-11-06 02:56:29,237 ClientCallback.on_implicit_send INFO autoptsclient_common.py   187   on_implicit_send          : test case returned on_implicit_send, response: OK
2021-11-06 02:56:29,237 ClientCallback.on_implicit_send INFO autoptsclient_common.py   197   on_implicit_send          : END OnImplicitSend:
2021-11-06 02:56:29,237 ClientCallback.on_implicit_send INFO autoptsclient_common.py   198   on_implicit_send          : ********************
2021-11-06 02:56:29,237 ClientCallback.on_implicit_send INFO autoptsclient_common.py   170   on_implicit_send          : ********************
2021-11-06 02:56:29,237 ClientCallback.on_implicit_send INFO autoptsclient_common.py   171   on_implicit_send          : BEGIN OnImplicitSend:
2021-11-06 02:56:29,237 ClientCallback.on_implicit_send INFO autoptsclient_common.py   172   on_implicit_send          : project_name: SM
2021-11-06 02:56:29,237 ClientCallback.on_implicit_send INFO autoptsclient_common.py   173   on_implicit_send          : wid: 146
2021-11-06 02:56:29,237 ClientCallback.on_implicit_send INFO autoptsclient_common.py   174   on_implicit_send          : test_case_name: SM/CEN/SCOB/BV-01-C
2021-11-06 02:56:29,237 ClientCallback.on_implicit_send INFO autoptsclient_common.py   175   on_implicit_send          : description: Please configure IUT's OOB data flag with 'Remote OOB data present'.
2021-11-06 02:56:29,237 ClientCallback.on_implicit_send INFO autoptsclient_common.py   176   on_implicit_send          : style: MMI_Style_Yes_No1 0x11044
2021-11-06 02:56:29,237 ClientCallback.on_implicit_send INFO autoptsclient_common.py   182   on_implicit_send          : Calling test cases on_implicit_send
2021-11-06 02:56:29,237 root DEBUG testcase.py               675   on_implicit_send          : SM SM/CEN/SCOB/BV-01-C on_implicit_send
2021-11-06 02:56:29,237 root DEBUG testcase.py               619   join_post_wid_thread      : SM SM/CEN/SCOB/BV-01-C join_post_wid_thread
2021-11-06 02:56:29,237 root DEBUG testcase.py               621   join_post_wid_thread      : self.post_wid_thread None
2021-11-06 02:56:29,237 root DEBUG sm_wid.py                 27    sm_wid_hdl                : sm_wid_hdl, 146, "Please configure IUT's OOB data flag with 'Remote OOB data present'.", SM/CEN/SCOB/BV-01-C
2021-11-06 02:56:29,237 root DEBUG testcase.py               713   on_implicit_send          : Sending response 'Yes' to wid 146 test case SM/CEN/SCOB/BV-01-C
2021-11-06 02:56:29,237 ClientCallback.on_implicit_send INFO autoptsclient_common.py   187   on_implicit_send          : test case returned on_implicit_send, response: Yes
2021-11-06 02:56:29,237 ClientCallback.on_implicit_send INFO autoptsclient_common.py   197   on_implicit_send          : END OnImplicitSend:
2021-11-06 02:56:29,237 ClientCallback.on_implicit_send INFO autoptsclient_common.py   198   on_implicit_send          : ********************
2021-11-06 02:56:29,237 ClientCallback.on_implicit_send INFO autoptsclient_common.py   170   on_implicit_send          : ********************
2021-11-06 02:56:29,237 ClientCallback.on_implicit_send INFO autoptsclient_common.py   171   on_implicit_send          : BEGIN OnImplicitSend:
2021-11-06 02:56:29,237 ClientCallback.on_implicit_send INFO autoptsclient_common.py   172   on_implicit_send          : project_name: SM
2021-11-06 02:56:29,237 ClientCallback.on_implicit_send INFO autoptsclient_common.py   173   on_implicit_send          : wid: 149
2021-11-06 02:56:29,237 ClientCallback.on_implicit_send INFO autoptsclient_common.py   174   on_implicit_send          : test_case_name: SM/CEN/SCOB/BV-01-C
2021-11-06 02:56:29,237 ClientCallback.on_implicit_send INFO autoptsclient_common.py   175   on_implicit_send          : description: Please enter the following OOB confirmation and OOB random to the IUT: 
[7A6749AEC4EF60F1DC50E70D01E070FD]
[196A3B6A2C68DCF76F1E782716C4FC7D]
2021-11-06 02:56:29,237 ClientCallback.on_implicit_send INFO autoptsclient_common.py   176   on_implicit_send          : style: MMI_Style_Yes_No1 0x11044
2021-11-06 02:56:29,237 ClientCallback.on_implicit_send INFO autoptsclient_common.py   182   on_implicit_send          : Calling test cases on_implicit_send
2021-11-06 02:56:29,237 root DEBUG testcase.py               675   on_implicit_send          : SM SM/CEN/SCOB/BV-01-C on_implicit_send
2021-11-06 02:56:29,237 root DEBUG testcase.py               619   join_post_wid_thread      : SM SM/CEN/SCOB/BV-01-C join_post_wid_thread
2021-11-06 02:56:29,237 root DEBUG testcase.py               621   join_post_wid_thread      : self.post_wid_thread None
2021-11-06 02:56:29,237 root DEBUG sm_wid.py                 27    sm_wid_hdl                : sm_wid_hdl, 149, 'Please enter the following OOB confirmation and OOB random to the IUT: \n[7A6749AEC4EF60F1DC50E70D01E070FD]\n[196A3B6A2C68DCF76F1E782716C4FC7D]', SM/CEN/SCOB/BV-01-C
2021-11-06 02:56:29,237 root DEBUG gap.py                    887   gap_oob_sc_set_remote_data : gap_oob_sc_set_remote_data '196A3B6A2C68DCF76F1E782716C4FC7D' '7A6749AEC4EF60F1DC50E70D01E070FD'
2021-11-06 02:56:29,237 root DEBUG iutctl_common.py          117   send                      : send, 1 26 0 'bytearray(b"}\\xfc\\xc4\\x16\\\'x\\x1eo\\xf7\\xdch,j;j\\x19\\xfdp\\xe0\\x01\\r\\xe7P\\xdc\\xf1`\\xef\\xc4\\xaeIgz")'
2021-11-06 02:56:29,237 root DEBUG iutctl_common.py          122   send                      : sending frame '011a0020007dfcc41627781e6ff7dc682c6a3b6a19fd70e0010de750dcf160efc4ae49677a'
2021-11-06 02:56:29,237 root DEBUG gap.py                    812   gap_command_rsp_succ      : gap_command_rsp_succ
2021-11-06 02:56:29,237 root DEBUG iutctl_common.py          172   read                      : read
2021-11-06 02:56:29,315 root DEBUG iutctl_common.py          98    read                      : Received: hdr: Header(svc_id=1, op=26, ctrl_index=0, data_len=0) bytearray(b'\x01\x1a\x00\x00\x00')
2021-11-06 02:56:29,330 root DEBUG iutctl_common.py          111   read                      : Received data: "('',)", bytearray(b'')
2021-11-06 02:56:29,377 root DEBUG gap.py                    817   gap_command_rsp_succ      : received Header(svc_id=1, op=26, ctrl_index=0, data_len=0) (b'',)
2021-11-06 02:56:29,377 root DEBUG testcase.py               713   on_implicit_send          : Sending response 'Yes' to wid 149 test case SM/CEN/SCOB/BV-01-C
2021-11-06 02:56:29,377 ClientCallback.on_implicit_send INFO autoptsclient_common.py   187   on_implicit_send          : test case returned on_implicit_send, response: Yes
2021-11-06 02:56:29,377 ClientCallback.on_implicit_send INFO autoptsclient_common.py   197   on_implicit_send          : END OnImplicitSend:
2021-11-06 02:56:29,377 ClientCallback.on_implicit_send INFO autoptsclient_common.py   198   on_implicit_send          : ********************
2021-11-06 02:56:29,377 ClientCallback.on_implicit_send INFO autoptsclient_common.py   170   on_implicit_send          : ********************
2021-11-06 02:56:29,377 ClientCallback.on_implicit_send INFO autoptsclient_common.py   171   on_implicit_send          : BEGIN OnImplicitSend:
2021-11-06 02:56:29,377 ClientCallback.on_implicit_send INFO autoptsclient_common.py   172   on_implicit_send          : project_name: SM
2021-11-06 02:56:29,377 ClientCallback.on_implicit_send INFO autoptsclient_common.py   173   on_implicit_send          : wid: 100
2021-11-06 02:56:29,377 ClientCallback.on_implicit_send INFO autoptsclient_common.py   174   on_implicit_send          : test_case_name: SM/CEN/SCOB/BV-01-C
2021-11-06 02:56:29,377 ClientCallback.on_implicit_send INFO autoptsclient_common.py   175   on_implicit_send          : description: Initiate an connection from the IUT to the PTS.
2021-11-06 02:56:29,377 ClientCallback.on_implicit_send INFO autoptsclient_common.py   176   on_implicit_send          : style: MMI_Style_Ok_Cancel2 0x11141
2021-11-06 02:56:29,377 ClientCallback.on_implicit_send INFO autoptsclient_common.py   182   on_implicit_send          : Calling test cases on_implicit_send
2021-11-06 02:56:29,377 root DEBUG testcase.py               675   on_implicit_send          : SM SM/CEN/SCOB/BV-01-C on_implicit_send
2021-11-06 02:56:29,377 root DEBUG testcase.py               619   join_post_wid_thread      : SM SM/CEN/SCOB/BV-01-C join_post_wid_thread
2021-11-06 02:56:29,377 root DEBUG testcase.py               621   join_post_wid_thread      : self.post_wid_thread None
2021-11-06 02:56:29,377 root DEBUG sm_wid.py                 27    sm_wid_hdl                : sm_wid_hdl, 100, 'Initiate an connection from the IUT to the PTS.', SM/CEN/SCOB/BV-01-C
2021-11-06 02:56:29,377 root DEBUG gap.py                    419   gap_conn                  : gap_conn None None
2021-11-06 02:56:29,377 root DEBUG iutctl_common.py          117   send                      : send, 1 14 0 "bytearray(b'\\x00\\xdcea\\xc0\\xae\\xc0\\x00')"
2021-11-06 02:56:29,377 root DEBUG iutctl_common.py          122   send                      : sending frame '010e00080000dc6561c0aec000'
2021-11-06 02:56:29,377 root DEBUG gap.py                    812   gap_command_rsp_succ      : gap_command_rsp_succ
2021-11-06 02:56:29,377 root DEBUG iutctl_common.py          172   read                      : read
2021-11-06 02:56:29,440 root DEBUG iutctl_common.py          98    read                      : Received: hdr: Header(svc_id=1, op=14, ctrl_index=0, data_len=0) bytearray(b'\x01\x0e\x00\x00\x00')
2021-11-06 02:56:29,455 root DEBUG iutctl_common.py          111   read                      : Received data: "('',)", bytearray(b'')
2021-11-06 02:56:29,471 root DEBUG gap.py                    817   gap_command_rsp_succ      : received Header(svc_id=1, op=14, ctrl_index=0, data_len=0) (b'',)
2021-11-06 02:56:29,596 root DEBUG iutctl_common.py          98    read                      : Received: hdr: Header(svc_id=1, op=130, ctrl_index=0, data_len=13) bytearray(b'\x01\x82\x00\r\x00')
2021-11-06 02:56:29,627 root DEBUG iutctl_common.py          111   read                      : Received data: "('\x00ÜeaÀ®À(\x00\x00\x00\x90\x01',)", bytearray(b'\x00\xdcea\xc0\xae\xc0(\x00\x00\x00\x90\x01')
2021-11-06 02:56:29,643 root DEBUG btp.py                    423   event_handler             : event_handler Header(svc_id=1, op=130, ctrl_index=0, data_len=13) (b'\x00\xdcea\xc0\xae\xc0(\x00\x00\x00\x90\x01',)
2021-11-06 02:56:29,674 root DEBUG gap.py                    128   gap_connected_ev_         : gap_connected_ev_ b'\x00\xdcea\xc0\xae\xc0(\x00\x00\x00\x90\x01'
2021-11-06 02:56:29,705 root DEBUG testcase.py               713   on_implicit_send          : Sending response 'OK' to wid 100 test case SM/CEN/SCOB/BV-01-C
2021-11-06 02:56:29,705 ClientCallback.on_implicit_send INFO autoptsclient_common.py   187   on_implicit_send          : test case returned on_implicit_send, response: OK
2021-11-06 02:56:29,705 ClientCallback.on_implicit_send INFO autoptsclient_common.py   197   on_implicit_send          : END OnImplicitSend:
2021-11-06 02:56:29,705 ClientCallback.on_implicit_send INFO autoptsclient_common.py   198   on_implicit_send          : ********************
2021-11-06 02:56:29,705 ClientCallback.on_implicit_send INFO autoptsclient_common.py   170   on_implicit_send          : ********************
2021-11-06 02:56:29,705 ClientCallback.on_implicit_send INFO autoptsclient_common.py   171   on_implicit_send          : BEGIN OnImplicitSend:
2021-11-06 02:56:29,705 ClientCallback.on_implicit_send INFO autoptsclient_common.py   172   on_implicit_send          : project_name: SM
2021-11-06 02:56:29,705 ClientCallback.on_implicit_send INFO autoptsclient_common.py   173   on_implicit_send          : wid: 108
2021-11-06 02:56:29,705 ClientCallback.on_implicit_send INFO autoptsclient_common.py   174   on_implicit_send          : test_case_name: SM/CEN/SCOB/BV-01-C
2021-11-06 02:56:29,705 ClientCallback.on_implicit_send INFO autoptsclient_common.py   175   on_implicit_send          : description: Please start pairing process.
2021-11-06 02:56:29,705 ClientCallback.on_implicit_send INFO autoptsclient_common.py   176   on_implicit_send          : style: MMI_Style_Ok 0x11040
2021-11-06 02:56:29,705 ClientCallback.on_implicit_send INFO autoptsclient_common.py   182   on_implicit_send          : Calling test cases on_implicit_send
2021-11-06 02:56:29,705 root DEBUG testcase.py               675   on_implicit_send          : SM SM/CEN/SCOB/BV-01-C on_implicit_send
2021-11-06 02:56:29,705 root DEBUG testcase.py               619   join_post_wid_thread      : SM SM/CEN/SCOB/BV-01-C join_post_wid_thread
2021-11-06 02:56:29,705 root DEBUG testcase.py               621   join_post_wid_thread      : self.post_wid_thread None
2021-11-06 02:56:29,705 root DEBUG sm_wid.py                 27    sm_wid_hdl                : sm_wid_hdl, 108, 'Please start pairing process.', SM/CEN/SCOB/BV-01-C
2021-11-06 02:56:29,705 root DEBUG gap.py                    501   gap_pair                  : gap_pair None None
2021-11-06 02:56:29,705 root DEBUG iutctl_common.py          117   send                      : send, 1 17 0 "bytearray(b'\\x00\\xdcea\\xc0\\xae\\xc0')"
2021-11-06 02:56:29,705 root DEBUG iutctl_common.py          122   send                      : sending frame '011100070000dc6561c0aec0'
2021-11-06 02:56:29,705 root DEBUG gap.py                    812   gap_command_rsp_succ      : gap_command_rsp_succ
2021-11-06 02:56:29,705 root DEBUG iutctl_common.py          172   read                      : read
2021-11-06 02:56:29,768 root DEBUG iutctl_common.py          98    read                      : Received: hdr: Header(svc_id=1, op=17, ctrl_index=0, data_len=0) bytearray(b'\x01\x11\x00\x00\x00')
2021-11-06 02:56:29,783 root DEBUG iutctl_common.py          111   read                      : Received data: "('',)", bytearray(b'')
2021-11-06 02:56:29,799 root DEBUG gap.py                    817   gap_command_rsp_succ      : received Header(svc_id=1, op=17, ctrl_index=0, data_len=0) (b'',)
2021-11-06 02:56:29,799 root DEBUG testcase.py               713   on_implicit_send          : Sending response 'Ok' to wid 108 test case SM/CEN/SCOB/BV-01-C
2021-11-06 02:56:29,799 ClientCallback.on_implicit_send INFO autoptsclient_common.py   187   on_implicit_send          : test case returned on_implicit_send, response: Ok
2021-11-06 02:56:29,799 ClientCallback.on_implicit_send INFO autoptsclient_common.py   197   on_implicit_send          : END OnImplicitSend:
2021-11-06 02:56:29,799 ClientCallback.on_implicit_send INFO autoptsclient_common.py   198   on_implicit_send          : ********************
2021-11-06 02:56:30,424 ClientCallback.on_implicit_send INFO autoptsclient_common.py   170   on_implicit_send          : ********************
2021-11-06 02:56:30,424 ClientCallback.on_implicit_send INFO autoptsclient_common.py   171   on_implicit_send          : BEGIN OnImplicitSend:
2021-11-06 02:56:30,424 ClientCallback.on_implicit_send INFO autoptsclient_common.py   172   on_implicit_send          : project_name: SM
2021-11-06 02:56:30,424 ClientCallback.on_implicit_send INFO autoptsclient_common.py   173   on_implicit_send          : wid: 102
2021-11-06 02:56:30,424 ClientCallback.on_implicit_send INFO autoptsclient_common.py   174   on_implicit_send          : test_case_name: SM/CEN/SCOB/BV-01-C
2021-11-06 02:56:30,424 ClientCallback.on_implicit_send INFO autoptsclient_common.py   175   on_implicit_send          : description: Please initiate a disconnection to the PTS.

Description: Verify that the Implementation Under Test(IUT) can initiate a disconnect request to PTS.
2021-11-06 02:56:30,424 ClientCallback.on_implicit_send INFO autoptsclient_common.py   176   on_implicit_send          : style: MMI_Style_Ok_Cancel2 0x11141
2021-11-06 02:56:30,424 ClientCallback.on_implicit_send INFO autoptsclient_common.py   182   on_implicit_send          : Calling test cases on_implicit_send
2021-11-06 02:56:30,424 root DEBUG testcase.py               675   on_implicit_send          : SM SM/CEN/SCOB/BV-01-C on_implicit_send
2021-11-06 02:56:30,424 root DEBUG testcase.py               619   join_post_wid_thread      : SM SM/CEN/SCOB/BV-01-C join_post_wid_thread
2021-11-06 02:56:30,424 root DEBUG testcase.py               621   join_post_wid_thread      : self.post_wid_thread None
2021-11-06 02:56:30,424 root DEBUG sm_wid.py                 27    sm_wid_hdl                : sm_wid_hdl, 102, 'Please initiate a disconnection to the PTS.\n\nDescription: Verify that the Implementation Under Test(IUT) can initiate a disconnect request to PTS.', SM/CEN/SCOB/BV-01-C
2021-11-06 02:56:30,424 root DEBUG gap.py                    461   gap_disconn               : gap_disconn None None
2021-11-06 02:56:30,424 root DEBUG iutctl_common.py          117   send                      : send, 1 15 0 "bytearray(b'\\x00\\xdcea\\xc0\\xae\\xc0')"
2021-11-06 02:56:30,424 root DEBUG iutctl_common.py          122   send                      : sending frame '010f00070000dc6561c0aec0'
2021-11-06 02:56:30,424 root DEBUG gap.py                    812   gap_command_rsp_succ      : gap_command_rsp_succ
2021-11-06 02:56:30,424 root DEBUG iutctl_common.py          172   read                      : read
2021-11-06 02:56:30,518 root DEBUG iutctl_common.py          98    read                      : Received: hdr: Header(svc_id=1, op=15, ctrl_index=0, data_len=0) bytearray(b'\x01\x0f\x00\x00\x00')
2021-11-06 02:56:30,533 root DEBUG iutctl_common.py          111   read                      : Received data: "('',)", bytearray(b'')
2021-11-06 02:56:30,533 root DEBUG gap.py                    817   gap_command_rsp_succ      : received Header(svc_id=1, op=15, ctrl_index=0, data_len=0) (b'',)
2021-11-06 02:56:30,596 root DEBUG iutctl_common.py          98    read                      : Received: hdr: Header(svc_id=1, op=137, ctrl_index=0, data_len=8) bytearray(b'\x01\x89\x00\x08\x00')
2021-11-06 02:56:30,643 root DEBUG iutctl_common.py          111   read                      : Received data: "('\x00ÜeaÀ®À\x04',)", bytearray(b'\x00\xdcea\xc0\xae\xc0\x04')
2021-11-06 02:56:30,690 root DEBUG btp.py                    423   event_handler             : event_handler Header(svc_id=1, op=137, ctrl_index=0, data_len=8) (b'\x00\xdcea\xc0\xae\xc0\x04',)
2021-11-06 02:56:30,721 root DEBUG gap.py                    207   gap_sec_level_changed_ev_ : gap_sec_level_changed_ev_
2021-11-06 02:56:30,752 root DEBUG gap.py                    209   gap_sec_level_changed_ev_ : received b'\x00\xdcea\xc0\xae\xc0\x04'
2021-11-06 02:56:30,783 root DEBUG gap.py                    218   gap_sec_level_changed_ev_ : received (0, 'c0aec06165dc', 4)
2021-11-06 02:56:30,799 root DEBUG iutctl_common.py          98    read                      : Received: hdr: Header(svc_id=1, op=131, ctrl_index=0, data_len=7) bytearray(b'\x01\x83\x00\x07\x00')
2021-11-06 02:56:30,861 root DEBUG iutctl_common.py          111   read                      : Received data: "('\x00ÜeaÀ®À',)", bytearray(b'\x00\xdcea\xc0\xae\xc0')
2021-11-06 02:56:30,861 root DEBUG btp.py                    423   event_handler             : event_handler Header(svc_id=1, op=131, ctrl_index=0, data_len=7) (b'\x00\xdcea\xc0\xae\xc0',)
2021-11-06 02:56:30,861 root DEBUG gap.py                    142   gap_disconnected_ev_      : gap_disconnected_ev_ b'\x00\xdcea\xc0\xae\xc0'
2021-11-06 02:56:30,893 root DEBUG testcase.py               713   on_implicit_send          : Sending response 'OK' to wid 102 test case SM/CEN/SCOB/BV-01-C
2021-11-06 02:56:30,893 ClientCallback.on_implicit_send INFO autoptsclient_common.py   187   on_implicit_send          : test case returned on_implicit_send, response: OK
2021-11-06 02:56:30,893 ClientCallback.on_implicit_send INFO autoptsclient_common.py   197   on_implicit_send          : END OnImplicitSend:
2021-11-06 02:56:30,893 ClientCallback.on_implicit_send INFO autoptsclient_common.py   198   on_implicit_send          : ********************
2021-11-06 02:56:30,893 ClientCallback.on_implicit_send INFO autoptsclient_common.py   170   on_implicit_send          : ********************
2021-11-06 02:56:30,893 ClientCallback.on_implicit_send INFO autoptsclient_common.py   171   on_implicit_send          : BEGIN OnImplicitSend:
2021-11-06 02:56:30,893 ClientCallback.on_implicit_send INFO autoptsclient_common.py   172   on_implicit_send          : project_name: SM
2021-11-06 02:56:30,893 ClientCallback.on_implicit_send INFO autoptsclient_common.py   173   on_implicit_send          : wid: 146
2021-11-06 02:56:30,893 ClientCallback.on_implicit_send INFO autoptsclient_common.py   174   on_implicit_send          : test_case_name: SM/CEN/SCOB/BV-01-C
2021-11-06 02:56:30,893 ClientCallback.on_implicit_send INFO autoptsclient_common.py   175   on_implicit_send          : description: Please configure IUT's OOB data flag with 'Remote OOB data present'.
2021-11-06 02:56:30,893 ClientCallback.on_implicit_send INFO autoptsclient_common.py   176   on_implicit_send          : style: MMI_Style_Yes_No1 0x11044
2021-11-06 02:56:30,893 ClientCallback.on_implicit_send INFO autoptsclient_common.py   182   on_implicit_send          : Calling test cases on_implicit_send
2021-11-06 02:56:30,893 root DEBUG testcase.py               675   on_implicit_send          : SM SM/CEN/SCOB/BV-01-C on_implicit_send
2021-11-06 02:56:30,893 root DEBUG testcase.py               619   join_post_wid_thread      : SM SM/CEN/SCOB/BV-01-C join_post_wid_thread
2021-11-06 02:56:30,893 root DEBUG testcase.py               621   join_post_wid_thread      : self.post_wid_thread None
2021-11-06 02:56:30,893 root DEBUG sm_wid.py                 27    sm_wid_hdl                : sm_wid_hdl, 146, "Please configure IUT's OOB data flag with 'Remote OOB data present'.", SM/CEN/SCOB/BV-01-C
2021-11-06 02:56:30,893 root DEBUG testcase.py               713   on_implicit_send          : Sending response 'Yes' to wid 146 test case SM/CEN/SCOB/BV-01-C
2021-11-06 02:56:30,893 ClientCallback.on_implicit_send INFO autoptsclient_common.py   187   on_implicit_send          : test case returned on_implicit_send, response: Yes
2021-11-06 02:56:30,893 ClientCallback.on_implicit_send INFO autoptsclient_common.py   197   on_implicit_send          : END OnImplicitSend:
2021-11-06 02:56:30,893 ClientCallback.on_implicit_send INFO autoptsclient_common.py   198   on_implicit_send          : ********************
2021-11-06 02:56:30,893 ClientCallback.on_implicit_send INFO autoptsclient_common.py   170   on_implicit_send          : ********************
2021-11-06 02:56:30,893 ClientCallback.on_implicit_send INFO autoptsclient_common.py   171   on_implicit_send          : BEGIN OnImplicitSend:
2021-11-06 02:56:30,893 ClientCallback.on_implicit_send INFO autoptsclient_common.py   172   on_implicit_send          : project_name: SM
2021-11-06 02:56:30,893 ClientCallback.on_implicit_send INFO autoptsclient_common.py   173   on_implicit_send          : wid: 147
2021-11-06 02:56:30,893 ClientCallback.on_implicit_send INFO autoptsclient_common.py   174   on_implicit_send          : test_case_name: SM/CEN/SCOB/BV-01-C
2021-11-06 02:56:30,893 ClientCallback.on_implicit_send INFO autoptsclient_common.py   175   on_implicit_send          : description: Please enter 16 bytes IUT's OOB Data (confirmation).
2021-11-06 02:56:30,893 ClientCallback.on_implicit_send INFO autoptsclient_common.py   176   on_implicit_send          : style: MMI_Style_Edit1 0x12040
2021-11-06 02:56:30,893 ClientCallback.on_implicit_send INFO autoptsclient_common.py   182   on_implicit_send          : Calling test cases on_implicit_send
2021-11-06 02:56:30,893 root DEBUG testcase.py               675   on_implicit_send          : SM SM/CEN/SCOB/BV-01-C on_implicit_send
2021-11-06 02:56:30,893 root DEBUG testcase.py               619   join_post_wid_thread      : SM SM/CEN/SCOB/BV-01-C join_post_wid_thread
2021-11-06 02:56:30,893 root DEBUG testcase.py               621   join_post_wid_thread      : self.post_wid_thread None
2021-11-06 02:56:30,893 root DEBUG sm_wid.py                 27    sm_wid_hdl                : sm_wid_hdl, 147, "Please enter 16 bytes IUT's OOB Data (confirmation).", SM/CEN/SCOB/BV-01-C
2021-11-06 02:56:30,893 root DEBUG gap.py                    866   gap_oob_sc_get_local_data : gap_oob_sc_get_local_data
2021-11-06 02:56:30,893 root DEBUG iutctl_common.py          117   send                      : send, 1 25 0 "bytearray(b'')"
2021-11-06 02:56:30,893 root DEBUG iutctl_common.py          122   send                      : sending frame '0119000000'
2021-11-06 02:56:30,893 root DEBUG iutctl_common.py          172   read                      : read
2021-11-06 02:56:30,971 root DEBUG iutctl_common.py          98    read                      : Received: hdr: Header(svc_id=1, op=25, ctrl_index=0, data_len=32) bytearray(b'\x01\x19\x00 \x00')
2021-11-06 02:56:31,033 root DEBUG iutctl_common.py          111   read                      : Received data: "('ïÆ\x99\x18\x83ÿi8ë\x02tD\x7fv;\r\x89>_\x90Ø5\x9b¥\x88¹èÛrøéõ',)", bytearray(b'\xef\xc6\x99\x18\x83\xffi8\xeb\x02tD\x7fv;\r\x89>_\x90\xd85\x9b\xa5\x88\xb9\xe8\xdbr\xf8\xe9\xf5')
2021-11-06 02:56:31,080 root DEBUG gap.py                    872   gap_oob_sc_get_local_data : gap_oob_sc_get_local_data received Header(svc_id=1, op=25, ctrl_index=0, data_len=32) (b'\xef\xc6\x99\x18\x83\xffi8\xeb\x02tD\x7fv;\r\x89>_\x90\xd85\x9b\xa5\x88\xb9\xe8\xdbr\xf8\xe9\xf5',)
2021-11-06 02:56:31,080 root DEBUG gap.py                    882   gap_oob_sc_get_local_data : r=0d3b767f447402eb3869ff831899c6ef c=f5e9f872dbe8b988a59b35d8905f3e89
2021-11-06 02:56:31,080 root DEBUG testcase.py               713   on_implicit_send          : Sending response 'f5e9f872dbe8b988a59b35d8905f3e89' to wid 147 test case SM/CEN/SCOB/BV-01-C
2021-11-06 02:56:31,080 ClientCallback.on_implicit_send INFO autoptsclient_common.py   187   on_implicit_send          : test case returned on_implicit_send, response: f5e9f872dbe8b988a59b35d8905f3e89
2021-11-06 02:56:31,080 ClientCallback.on_implicit_send INFO autoptsclient_common.py   197   on_implicit_send          : END OnImplicitSend:
2021-11-06 02:56:31,080 ClientCallback.on_implicit_send INFO autoptsclient_common.py   198   on_implicit_send          : ********************
2021-11-06 02:56:31,080 ClientCallback.on_implicit_send INFO autoptsclient_common.py   170   on_implicit_send          : ********************
2021-11-06 02:56:31,080 ClientCallback.on_implicit_send INFO autoptsclient_common.py   171   on_implicit_send          : BEGIN OnImplicitSend:
2021-11-06 02:56:31,080 ClientCallback.on_implicit_send INFO autoptsclient_common.py   172   on_implicit_send          : project_name: SM
2021-11-06 02:56:31,080 ClientCallback.on_implicit_send INFO autoptsclient_common.py   173   on_implicit_send          : wid: 148
2021-11-06 02:56:31,080 ClientCallback.on_implicit_send INFO autoptsclient_common.py   174   on_implicit_send          : test_case_name: SM/CEN/SCOB/BV-01-C
2021-11-06 02:56:31,080 ClientCallback.on_implicit_send INFO autoptsclient_common.py   175   on_implicit_send          : description: Please enter 16 bytes IUT's OOB Key (random number).
2021-11-06 02:56:31,080 ClientCallback.on_implicit_send INFO autoptsclient_common.py   176   on_implicit_send          : style: MMI_Style_Edit1 0x12040
2021-11-06 02:56:31,080 ClientCallback.on_implicit_send INFO autoptsclient_common.py   182   on_implicit_send          : Calling test cases on_implicit_send
2021-11-06 02:56:31,080 root DEBUG testcase.py               675   on_implicit_send          : SM SM/CEN/SCOB/BV-01-C on_implicit_send
2021-11-06 02:56:31,080 root DEBUG testcase.py               619   join_post_wid_thread      : SM SM/CEN/SCOB/BV-01-C join_post_wid_thread
2021-11-06 02:56:31,080 root DEBUG testcase.py               621   join_post_wid_thread      : self.post_wid_thread None
2021-11-06 02:56:31,080 root DEBUG sm_wid.py                 27    sm_wid_hdl                : sm_wid_hdl, 148, "Please enter 16 bytes IUT's OOB Key (random number).", SM/CEN/SCOB/BV-01-C
2021-11-06 02:56:31,080 root DEBUG gap.py                    866   gap_oob_sc_get_local_data : gap_oob_sc_get_local_data
2021-11-06 02:56:31,080 root DEBUG iutctl_common.py          117   send                      : send, 1 25 0 "bytearray(b'')"
2021-11-06 02:56:31,080 root DEBUG iutctl_common.py          122   send                      : sending frame '0119000000'
2021-11-06 02:56:31,080 root DEBUG iutctl_common.py          172   read                      : read
2021-11-06 02:56:31,143 root DEBUG iutctl_common.py          98    read                      : Received: hdr: Header(svc_id=1, op=25, ctrl_index=0, data_len=32) bytearray(b'\x01\x19\x00 \x00')
2021-11-06 02:56:31,174 root DEBUG iutctl_common.py          111   read                      : Received data: "('ïÆ\x99\x18\x83ÿi8ë\x02tD\x7fv;\r\x89>_\x90Ø5\x9b¥\x88¹èÛrøéõ',)", bytearray(b'\xef\xc6\x99\x18\x83\xffi8\xeb\x02tD\x7fv;\r\x89>_\x90\xd85\x9b\xa5\x88\xb9\xe8\xdbr\xf8\xe9\xf5')
2021-11-06 02:56:31,189 root DEBUG gap.py                    872   gap_oob_sc_get_local_data : gap_oob_sc_get_local_data received Header(svc_id=1, op=25, ctrl_index=0, data_len=32) (b'\xef\xc6\x99\x18\x83\xffi8\xeb\x02tD\x7fv;\r\x89>_\x90\xd85\x9b\xa5\x88\xb9\xe8\xdbr\xf8\xe9\xf5',)
2021-11-06 02:56:31,189 root DEBUG gap.py                    882   gap_oob_sc_get_local_data : r=0d3b767f447402eb3869ff831899c6ef c=f5e9f872dbe8b988a59b35d8905f3e89
2021-11-06 02:56:31,189 root DEBUG testcase.py               713   on_implicit_send          : Sending response '0d3b767f447402eb3869ff831899c6ef' to wid 148 test case SM/CEN/SCOB/BV-01-C
2021-11-06 02:56:31,189 ClientCallback.on_implicit_send INFO autoptsclient_common.py   187   on_implicit_send          : test case returned on_implicit_send, response: 0d3b767f447402eb3869ff831899c6ef
2021-11-06 02:56:31,189 ClientCallback.on_implicit_send INFO autoptsclient_common.py   197   on_implicit_send          : END OnImplicitSend:
2021-11-06 02:56:31,189 ClientCallback.on_implicit_send INFO autoptsclient_common.py   198   on_implicit_send          : ********************
2021-11-06 02:56:31,189 ClientCallback.on_implicit_send INFO autoptsclient_common.py   170   on_implicit_send          : ********************
2021-11-06 02:56:31,189 ClientCallback.on_implicit_send INFO autoptsclient_common.py   171   on_implicit_send          : BEGIN OnImplicitSend:
2021-11-06 02:56:31,189 ClientCallback.on_implicit_send INFO autoptsclient_common.py   172   on_implicit_send          : project_name: SM
2021-11-06 02:56:31,189 ClientCallback.on_implicit_send INFO autoptsclient_common.py   173   on_implicit_send          : wid: 149
2021-11-06 02:56:31,189 ClientCallback.on_implicit_send INFO autoptsclient_common.py   174   on_implicit_send          : test_case_name: SM/CEN/SCOB/BV-01-C
2021-11-06 02:56:31,189 ClientCallback.on_implicit_send INFO autoptsclient_common.py   175   on_implicit_send          : description: Please enter the following OOB confirmation and OOB random to the IUT: 
[041C3AFB23F7BB39BC5C7EBFA90EF8BC]
[3784CD58B4173CD6198A3DFE5FC1B968]
2021-11-06 02:56:31,189 ClientCallback.on_implicit_send INFO autoptsclient_common.py   176   on_implicit_send          : style: MMI_Style_Yes_No1 0x11044
2021-11-06 02:56:31,189 ClientCallback.on_implicit_send INFO autoptsclient_common.py   182   on_implicit_send          : Calling test cases on_implicit_send
2021-11-06 02:56:31,189 root DEBUG testcase.py               675   on_implicit_send          : SM SM/CEN/SCOB/BV-01-C on_implicit_send
2021-11-06 02:56:31,189 root DEBUG testcase.py               619   join_post_wid_thread      : SM SM/CEN/SCOB/BV-01-C join_post_wid_thread
2021-11-06 02:56:31,189 root DEBUG testcase.py               621   join_post_wid_thread      : self.post_wid_thread None
2021-11-06 02:56:31,189 root DEBUG sm_wid.py                 27    sm_wid_hdl                : sm_wid_hdl, 149, 'Please enter the following OOB confirmation and OOB random to the IUT: \n[041C3AFB23F7BB39BC5C7EBFA90EF8BC]\n[3784CD58B4173CD6198A3DFE5FC1B968]', SM/CEN/SCOB/BV-01-C
2021-11-06 02:56:31,189 root DEBUG gap.py                    887   gap_oob_sc_set_remote_data : gap_oob_sc_set_remote_data '3784CD58B4173CD6198A3DFE5FC1B968' '041C3AFB23F7BB39BC5C7EBFA90EF8BC'
2021-11-06 02:56:31,189 root DEBUG iutctl_common.py          117   send                      : send, 1 26 0 "bytearray(b'h\\xb9\\xc1_\\xfe=\\x8a\\x19\\xd6<\\x17\\xb4X\\xcd\\x847\\xbc\\xf8\\x0e\\xa9\\xbf~\\\\\\xbc9\\xbb\\xf7#\\xfb:\\x1c\\x04')"
2021-11-06 02:56:31,189 root DEBUG iutctl_common.py          122   send                      : sending frame '011a00200068b9c15ffe3d8a19d63c17b458cd8437bcf80ea9bf7e5cbc39bbf723fb3a1c04'
2021-11-06 02:56:31,189 root DEBUG gap.py                    812   gap_command_rsp_succ      : gap_command_rsp_succ
2021-11-06 02:56:31,189 root DEBUG iutctl_common.py          172   read                      : read
2021-11-06 02:56:31,268 root DEBUG iutctl_common.py          98    read                      : Received: hdr: Header(svc_id=1, op=26, ctrl_index=0, data_len=0) bytearray(b'\x01\x1a\x00\x00\x00')
2021-11-06 02:56:31,283 root DEBUG iutctl_common.py          111   read                      : Received data: "('',)", bytearray(b'')
2021-11-06 02:56:31,283 root DEBUG gap.py                    817   gap_command_rsp_succ      : received Header(svc_id=1, op=26, ctrl_index=0, data_len=0) (b'',)
2021-11-06 02:56:31,283 root DEBUG testcase.py               713   on_implicit_send          : Sending response 'Yes' to wid 149 test case SM/CEN/SCOB/BV-01-C
2021-11-06 02:56:31,283 ClientCallback.on_implicit_send INFO autoptsclient_common.py   187   on_implicit_send          : test case returned on_implicit_send, response: Yes
2021-11-06 02:56:31,283 ClientCallback.on_implicit_send INFO autoptsclient_common.py   197   on_implicit_send          : END OnImplicitSend:
2021-11-06 02:56:31,283 ClientCallback.on_implicit_send INFO autoptsclient_common.py   198   on_implicit_send          : ********************
2021-11-06 02:56:31,283 ClientCallback.on_implicit_send INFO autoptsclient_common.py   170   on_implicit_send          : ********************
2021-11-06 02:56:31,283 ClientCallback.on_implicit_send INFO autoptsclient_common.py   171   on_implicit_send          : BEGIN OnImplicitSend:
2021-11-06 02:56:31,283 ClientCallback.on_implicit_send INFO autoptsclient_common.py   172   on_implicit_send          : project_name: SM
2021-11-06 02:56:31,283 ClientCallback.on_implicit_send INFO autoptsclient_common.py   173   on_implicit_send          : wid: 100
2021-11-06 02:56:31,283 ClientCallback.on_implicit_send INFO autoptsclient_common.py   174   on_implicit_send          : test_case_name: SM/CEN/SCOB/BV-01-C
2021-11-06 02:56:31,283 ClientCallback.on_implicit_send INFO autoptsclient_common.py   175   on_implicit_send          : description: Initiate an connection from the IUT to the PTS.
2021-11-06 02:56:31,283 ClientCallback.on_implicit_send INFO autoptsclient_common.py   176   on_implicit_send          : style: MMI_Style_Ok_Cancel2 0x11141
2021-11-06 02:56:31,283 ClientCallback.on_implicit_send INFO autoptsclient_common.py   182   on_implicit_send          : Calling test cases on_implicit_send
2021-11-06 02:56:31,283 root DEBUG testcase.py               675   on_implicit_send          : SM SM/CEN/SCOB/BV-01-C on_implicit_send
2021-11-06 02:56:31,283 root DEBUG testcase.py               619   join_post_wid_thread      : SM SM/CEN/SCOB/BV-01-C join_post_wid_thread
2021-11-06 02:56:31,283 root DEBUG testcase.py               621   join_post_wid_thread      : self.post_wid_thread None
2021-11-06 02:56:31,283 root DEBUG sm_wid.py                 27    sm_wid_hdl                : sm_wid_hdl, 100, 'Initiate an connection from the IUT to the PTS.', SM/CEN/SCOB/BV-01-C
2021-11-06 02:56:31,283 root DEBUG gap.py                    419   gap_conn                  : gap_conn None None
2021-11-06 02:56:31,283 root DEBUG iutctl_common.py          117   send                      : send, 1 14 0 "bytearray(b'\\x00\\xdcea\\xc0\\xae\\xc0\\x00')"
2021-11-06 02:56:31,283 root DEBUG iutctl_common.py          122   send                      : sending frame '010e00080000dc6561c0aec000'
2021-11-06 02:56:31,283 root DEBUG gap.py                    812   gap_command_rsp_succ      : gap_command_rsp_succ
2021-11-06 02:56:31,283 root DEBUG iutctl_common.py          172   read                      : read
2021-11-06 02:56:31,346 root DEBUG iutctl_common.py          98    read                      : Received: hdr: Header(svc_id=1, op=14, ctrl_index=0, data_len=0) bytearray(b'\x01\x0e\x00\x00\x00')
2021-11-06 02:56:31,361 root DEBUG iutctl_common.py          111   read                      : Received data: "('',)", bytearray(b'')
2021-11-06 02:56:31,408 root DEBUG gap.py                    817   gap_command_rsp_succ      : received Header(svc_id=1, op=14, ctrl_index=0, data_len=0) (b'',)
2021-11-06 02:56:31,658 root DEBUG iutctl_common.py          98    read                      : Received: hdr: Header(svc_id=1, op=130, ctrl_index=0, data_len=13) bytearray(b'\x01\x82\x00\r\x00')
2021-11-06 02:56:31,689 root DEBUG iutctl_common.py          111   read                      : Received data: "('\x00ÜeaÀ®À(\x00\x00\x00\x90\x01',)", bytearray(b'\x00\xdcea\xc0\xae\xc0(\x00\x00\x00\x90\x01')
2021-11-06 02:56:31,689 root DEBUG btp.py                    423   event_handler             : event_handler Header(svc_id=1, op=130, ctrl_index=0, data_len=13) (b'\x00\xdcea\xc0\xae\xc0(\x00\x00\x00\x90\x01',)
2021-11-06 02:56:31,689 root DEBUG gap.py                    128   gap_connected_ev_         : gap_connected_ev_ b'\x00\xdcea\xc0\xae\xc0(\x00\x00\x00\x90\x01'
2021-11-06 02:56:31,689 root DEBUG testcase.py               713   on_implicit_send          : Sending response 'OK' to wid 100 test case SM/CEN/SCOB/BV-01-C
2021-11-06 02:56:31,689 ClientCallback.on_implicit_send INFO autoptsclient_common.py   187   on_implicit_send          : test case returned on_implicit_send, response: OK
2021-11-06 02:56:31,689 ClientCallback.on_implicit_send INFO autoptsclient_common.py   197   on_implicit_send          : END OnImplicitSend:
2021-11-06 02:56:31,689 ClientCallback.on_implicit_send INFO autoptsclient_common.py   198   on_implicit_send          : ********************
2021-11-06 02:56:31,689 ClientCallback.on_implicit_send INFO autoptsclient_common.py   170   on_implicit_send          : ********************
2021-11-06 02:56:31,689 ClientCallback.on_implicit_send INFO autoptsclient_common.py   171   on_implicit_send          : BEGIN OnImplicitSend:
2021-11-06 02:56:31,689 ClientCallback.on_implicit_send INFO autoptsclient_common.py   172   on_implicit_send          : project_name: SM
2021-11-06 02:56:31,689 ClientCallback.on_implicit_send INFO autoptsclient_common.py   173   on_implicit_send          : wid: 108
2021-11-06 02:56:31,689 ClientCallback.on_implicit_send INFO autoptsclient_common.py   174   on_implicit_send          : test_case_name: SM/CEN/SCOB/BV-01-C
2021-11-06 02:56:31,689 ClientCallback.on_implicit_send INFO autoptsclient_common.py   175   on_implicit_send          : description: Please start pairing process.
2021-11-06 02:56:31,689 ClientCallback.on_implicit_send INFO autoptsclient_common.py   176   on_implicit_send          : style: MMI_Style_Ok 0x11040
2021-11-06 02:56:31,689 ClientCallback.on_implicit_send INFO autoptsclient_common.py   182   on_implicit_send          : Calling test cases on_implicit_send
2021-11-06 02:56:31,689 root DEBUG testcase.py               675   on_implicit_send          : SM SM/CEN/SCOB/BV-01-C on_implicit_send
2021-11-06 02:56:31,689 root DEBUG testcase.py               619   join_post_wid_thread      : SM SM/CEN/SCOB/BV-01-C join_post_wid_thread
2021-11-06 02:56:31,689 root DEBUG testcase.py               621   join_post_wid_thread      : self.post_wid_thread None
2021-11-06 02:56:31,689 root DEBUG sm_wid.py                 27    sm_wid_hdl                : sm_wid_hdl, 108, 'Please start pairing process.', SM/CEN/SCOB/BV-01-C
2021-11-06 02:56:31,689 root DEBUG gap.py                    501   gap_pair                  : gap_pair None None
2021-11-06 02:56:31,689 root DEBUG iutctl_common.py          117   send                      : send, 1 17 0 "bytearray(b'\\x00\\xdcea\\xc0\\xae\\xc0')"
2021-11-06 02:56:31,689 root DEBUG iutctl_common.py          122   send                      : sending frame '011100070000dc6561c0aec0'
2021-11-06 02:56:31,689 root DEBUG gap.py                    812   gap_command_rsp_succ      : gap_command_rsp_succ
2021-11-06 02:56:31,689 root DEBUG iutctl_common.py          172   read                      : read
2021-11-06 02:56:31,767 root DEBUG iutctl_common.py          98    read                      : Received: hdr: Header(svc_id=1, op=17, ctrl_index=0, data_len=0) bytearray(b'\x01\x11\x00\x00\x00')
2021-11-06 02:56:31,783 root DEBUG iutctl_common.py          111   read                      : Received data: "('',)", bytearray(b'')
2021-11-06 02:56:31,814 root DEBUG gap.py                    817   gap_command_rsp_succ      : received Header(svc_id=1, op=17, ctrl_index=0, data_len=0) (b'',)
2021-11-06 02:56:31,814 root DEBUG testcase.py               713   on_implicit_send          : Sending response 'Ok' to wid 108 test case SM/CEN/SCOB/BV-01-C
2021-11-06 02:56:31,814 ClientCallback.on_implicit_send INFO autoptsclient_common.py   187   on_implicit_send          : test case returned on_implicit_send, response: Ok
2021-11-06 02:56:31,814 ClientCallback.on_implicit_send INFO autoptsclient_common.py   197   on_implicit_send          : END OnImplicitSend:
2021-11-06 02:56:31,814 ClientCallback.on_implicit_send INFO autoptsclient_common.py   198   on_implicit_send          : ********************
2021-11-06 02:56:32,470 ClientCallback.on_implicit_send INFO autoptsclient_common.py   170   on_implicit_send          : ********************
2021-11-06 02:56:32,470 ClientCallback.on_implicit_send INFO autoptsclient_common.py   171   on_implicit_send          : BEGIN OnImplicitSend:
2021-11-06 02:56:32,470 ClientCallback.on_implicit_send INFO autoptsclient_common.py   172   on_implicit_send          : project_name: SM
2021-11-06 02:56:32,470 ClientCallback.on_implicit_send INFO autoptsclient_common.py   173   on_implicit_send          : wid: 102
2021-11-06 02:56:32,470 ClientCallback.on_implicit_send INFO autoptsclient_common.py   174   on_implicit_send          : test_case_name: SM/CEN/SCOB/BV-01-C
2021-11-06 02:56:32,470 ClientCallback.on_implicit_send INFO autoptsclient_common.py   175   on_implicit_send          : description: Please initiate a disconnection to the PTS.

Description: Verify that the Implementation Under Test(IUT) can initiate a disconnect request to PTS.
2021-11-06 02:56:32,470 ClientCallback.on_implicit_send INFO autoptsclient_common.py   176   on_implicit_send          : style: MMI_Style_Ok_Cancel2 0x11141
2021-11-06 02:56:32,470 ClientCallback.on_implicit_send INFO autoptsclient_common.py   182   on_implicit_send          : Calling test cases on_implicit_send
2021-11-06 02:56:32,470 root DEBUG testcase.py               675   on_implicit_send          : SM SM/CEN/SCOB/BV-01-C on_implicit_send
2021-11-06 02:56:32,470 root DEBUG testcase.py               619   join_post_wid_thread      : SM SM/CEN/SCOB/BV-01-C join_post_wid_thread
2021-11-06 02:56:32,470 root DEBUG testcase.py               621   join_post_wid_thread      : self.post_wid_thread None
2021-11-06 02:56:32,470 root DEBUG sm_wid.py                 27    sm_wid_hdl                : sm_wid_hdl, 102, 'Please initiate a disconnection to the PTS.\n\nDescription: Verify that the Implementation Under Test(IUT) can initiate a disconnect request to PTS.', SM/CEN/SCOB/BV-01-C
2021-11-06 02:56:32,470 root DEBUG gap.py                    461   gap_disconn               : gap_disconn None None
2021-11-06 02:56:32,470 root DEBUG iutctl_common.py          117   send                      : send, 1 15 0 "bytearray(b'\\x00\\xdcea\\xc0\\xae\\xc0')"
2021-11-06 02:56:32,470 root DEBUG iutctl_common.py          122   send                      : sending frame '010f00070000dc6561c0aec0'
2021-11-06 02:56:32,470 root DEBUG gap.py                    812   gap_command_rsp_succ      : gap_command_rsp_succ
2021-11-06 02:56:32,470 root DEBUG iutctl_common.py          172   read                      : read
2021-11-06 02:56:32,548 root DEBUG iutctl_common.py          98    read                      : Received: hdr: Header(svc_id=1, op=15, ctrl_index=0, data_len=0) bytearray(b'\x01\x0f\x00\x00\x00')
2021-11-06 02:56:32,564 root DEBUG iutctl_common.py          111   read                      : Received data: "('',)", bytearray(b'')
2021-11-06 02:56:32,564 root DEBUG gap.py                    817   gap_command_rsp_succ      : received Header(svc_id=1, op=15, ctrl_index=0, data_len=0) (b'',)
2021-11-06 02:56:32,658 root DEBUG iutctl_common.py          98    read                      : Received: hdr: Header(svc_id=1, op=137, ctrl_index=0, data_len=8) bytearray(b'\x01\x89\x00\x08\x00')
2021-11-06 02:56:32,673 root DEBUG iutctl_common.py          111   read                      : Received data: "('\x00ÜeaÀ®À\x04',)", bytearray(b'\x00\xdcea\xc0\xae\xc0\x04')
2021-11-06 02:56:32,689 root DEBUG btp.py                    423   event_handler             : event_handler Header(svc_id=1, op=137, ctrl_index=0, data_len=8) (b'\x00\xdcea\xc0\xae\xc0\x04',)
2021-11-06 02:56:32,705 root DEBUG gap.py                    207   gap_sec_level_changed_ev_ : gap_sec_level_changed_ev_
2021-11-06 02:56:32,720 root DEBUG gap.py                    209   gap_sec_level_changed_ev_ : received b'\x00\xdcea\xc0\xae\xc0\x04'
2021-11-06 02:56:32,720 root DEBUG gap.py                    218   gap_sec_level_changed_ev_ : received (0, 'c0aec06165dc', 4)
2021-11-06 02:56:32,752 root DEBUG iutctl_common.py          98    read                      : Received: hdr: Header(svc_id=1, op=131, ctrl_index=0, data_len=7) bytearray(b'\x01\x83\x00\x07\x00')
2021-11-06 02:56:32,767 root DEBUG iutctl_common.py          111   read                      : Received data: "('\x00ÜeaÀ®À',)", bytearray(b'\x00\xdcea\xc0\xae\xc0')
2021-11-06 02:56:32,783 root DEBUG btp.py                    423   event_handler             : event_handler Header(svc_id=1, op=131, ctrl_index=0, data_len=7) (b'\x00\xdcea\xc0\xae\xc0',)
2021-11-06 02:56:32,798 root DEBUG gap.py                    142   gap_disconnected_ev_      : gap_disconnected_ev_ b'\x00\xdcea\xc0\xae\xc0'
2021-11-06 02:56:32,798 root DEBUG testcase.py               713   on_implicit_send          : Sending response 'OK' to wid 102 test case SM/CEN/SCOB/BV-01-C
2021-11-06 02:56:32,798 ClientCallback.on_implicit_send INFO autoptsclient_common.py   187   on_implicit_send          : test case returned on_implicit_send, response: OK
2021-11-06 02:56:32,798 ClientCallback.on_implicit_send INFO autoptsclient_common.py   197   on_implicit_send          : END OnImplicitSend:
2021-11-06 02:56:32,798 ClientCallback.on_implicit_send INFO autoptsclient_common.py   198   on_implicit_send          : ********************
2021-11-06 02:56:36,141 ClientCallback.log INFO autoptsclient_common.py   134   log                       : PTS_LOGTYPE_START_TEST Start Test Case 

+0 ms
 SM/CEN/SCOB/BV-01-C SM/CEN/SCOB/BV-01-C

2021-11-06 02:56:36,141 root DEBUG testcase.py               464   log                       : New status SM SM/CEN/SCOB/BV-01-C - Started
2021-11-06 02:56:36,751 ClientCallback.log INFO autoptsclient_common.py   134   log                       : PTS_LOGTYPE_FINAL_VERDICT Final Verdict 

+13391 ms
 SM/CEN/SCOB/BV-01-C PASS

2021-11-06 02:56:36,751 root DEBUG testcase.py               464   log                       : New status SM SM/CEN/SCOB/BV-01-C - PASS
2021-11-06 02:56:36,751 ClientCallback.log INFO autoptsclient_common.py   134   log                       : PTS_LOGTYPE_FINAL_VERDICT Encrypted Verdict 

+13391 ms
 SM/CEN/SCOB/BV-01-C A1#ZWY4MzQ5MDg3MmQwNTIxOGQzMzQ5YjY2ODA5M2MzNjQ5ZDY4NmY0Yjc2MzIzM2VkNTUyNTFhNGU4Mjg1MjI0NA==#b7Hqp5JgszzC+V3yIf/xgZJlhnBUBgGsDHqcDUM09ut0HDR5a4jK0qsNYMr/YCMX

2021-11-06 02:56:36,751 ClientCallback.log INFO autoptsclient_common.py   134   log                       : PTS_LOGTYPE_END_TEST Test Case Ended 

+13391 ms
 SM/CEN/SCOB/BV-01-C SM/CEN/SCOB/BV-01-C

2021-11-06 02:56:36,813 root DEBUG autoptsclient_common.py   797   run_test_case_thread_entry : After run_test_case error_code='' status='PASS'
2021-11-06 02:56:36,813 root DEBUG autoptsclient_common.py   279   error_code                : CallbackThread.error_code
2021-11-06 02:56:36,813 root DEBUG autoptsclient_common.py   293   cleanup                   : CallbackThread.cleanup
2021-11-06 02:56:37,828 root DEBUG testcase.py               758   post_run                  : post_run SM SM/CEN/SCOB/BV-01-C 
2021-11-06 02:56:37,828 root DEBUG testcase.py               246   start                     : Starting test function: class=<class 'ptsprojects.testcase.TestFuncCleanUp'>, func=<bound method Stack.cleanup of <ptsprojects.stack.Stack object at 0x0000023689273EE0>> start_wid=None stop_wid=None post_wid=None skip_call=None call_count=1 args=() kwds={}
2021-11-06 02:56:37,828 root DEBUG testcase.py               258   start                     : Test function parameters: args=(), kwds={}
2021-11-06 02:56:37,828 root DEBUG autoptsclient_common.py   288   clear_pending_responses   : CallbackThread.clear_pending_responses
2021-11-06 02:56:37,828 root DEBUG testcase.py               246   start                     : Starting test function: class=<class 'ptsprojects.testcase.TestFuncCleanUp'>, func=<bound method ZephyrCtl.stop of <ptsprojects.zephyr.iutctl.ZephyrCtl object at 0x0000023689273FD0>> start_wid=None stop_wid=None post_wid=None skip_call=None call_count=1 args=() kwds={}
2021-11-06 02:56:37,828 root DEBUG testcase.py               258   start                     : Test function parameters: args=(), kwds={}
2021-11-06 02:56:37,828 root DEBUG iutctl.py                 229   stop                      : <class 'ptsprojects.zephyr.iutctl.ZephyrCtl'>.stop
2021-11-06 02:56:40,906 root DEBUG testcase.py               783   post_run                  : post_run, cleanup running pre test case script
2021-11-06 02:56:40,906 root DEBUG testcase.py               793   post_run                  : post_run, run post test case script
2021-11-06 02:56:40,953 root DEBUG autoptsclient_common.py   827   run_test_case_thread_entry : Done TestCase wrapper SM SM/CEN/SCOB/BV-01-C
