> 2024/05/17 19:29:46.825685  length=6 from=0 to=5
 00 03 ff 01 00 01                                ......
--
< 2024/05/17 19:29:46.836643  length=5 from=0 to=4
 00 03 ff 00 00                                   .....
--
> 2024/05/17 19:29:46.996753  length=5 from=6 to=10
 01 03 00 00 00                                   .....
--
< 2024/05/17 19:29:47.108820  length=15 from=5 to=19
 01 03 00 15 01 c8 04 09 c0 ec d7 13 06 02 00     ...............
--
< 2024/05/17 19:29:47.109609  length=12 from=20 to=31
 13 82 00 00 00 00 00 62 74 70 5f 74              .......btp_t
--
< 2024/05/17 19:29:47.124944  length=172 from=32 to=203
 65 73 74 65 72 00 00 00 00 00 00 00 00 00 00 00  ester...........
 00 00 00 00 00 00 00 00 00 00 00 00 00 00 00 00  ................
 00 00 00 00 00 00 00 00 00 00 00 00 00 00 00 00  ................
 00 00 00 00 00 00 00 00 00 00 00 00 00 00 00 00  ................
 00 00 00 00 00 00 00 00 00 00 00 00 00 00 00 00  ................
 00 00 00 00 00 00 00 00 00 00 00 00 00 00 00 00  ................
 00 00 00 00 00 00 00 00 00 00 00 00 00 00 00 00  ................
 00 00 00 00 00 00 00 00 00 00 00 00 00 00 00 00  ................
 00 00 00 00 00 00 00 00 00 00 00 00 00 00 00 00  ................
 00 00 00 00 00 00 00 00 00 00 00 00 00 00 00 00  ................
 00 00 00 00 00 00 00 00 00 00 00 00              ............
--
< 2024/05/17 19:29:47.127473  length=35 from=204 to=238
 00 00 00 00 00 00 00 00 00 00 00 00 00 00 00 00  ................
 00 00 00 00 00 00 00 00 00 00 00 00 00 00 00 00  ................
 00 00 00                                         ...
--
< 2024/05/17 19:29:47.140883  length=48 from=239 to=286
 00 00 00 00 00 00 00 00 00 00 00 00 00 00 00 00  ................
 00 00 00 00 00 00 00 00 00 00 00 00 00 00 00 00  ................
 00 00 00 00 00 00 00 00 00 00 00 00 00 00 00 00  ................
--
> 2024/05/17 19:29:47.315665  length=6 from=11 to=16
 00 03 ff 01 00 02                                ......
--
< 2024/05/17 19:29:47.331867  length=5 from=287 to=291
 00 03 ff 00 00                                   .....
--
> 2024/05/17 19:29:47.395685  length=6 from=17 to=22
 01 10 00 01 00 04                                ......
--
< 2024/05/17 19:29:47.411855  length=5 from=292 to=296
 01 10 00 00 00                                   .....
--
> 2024/05/17 19:29:47.507729  length=9 from=23 to=31
 02 02 00 04 00 00 02 aa 51                       ........Q
--
< 2024/05/17 19:29:47.522879  length=7 from=297 to=303
 02 02 00 02 00 00 00                             .......
--
> 2024/05/17 19:29:47.698680  length=12 from=32 to=43
 02 03 00 07 00 00 00 02 11 02 aa 52              ...........R
--
< 2024/05/17 19:29:47.714858  length=7 from=304 to=310
 02 03 00 02 00 00 00                             .......
--
> 2024/05/17 19:29:47.874682  length=10 from=44 to=53
 02 06 00 05 00 00 00 01 00 01                    ..........
--
< 2024/05/17 19:29:47.890746  length=5 from=311 to=315
 02 06 00 00 00                                   .....
--
> 2024/05/17 19:29:47.986777  length=12 from=54 to=65
 02 03 00 07 00 00 00 02 05 02 aa 53              ...........S
--
< 2024/05/17 19:29:48.001819  length=7 from=316 to=322
 02 03 00 02 00 00 00                             .......
--
> 2024/05/17 19:29:48.097737  length=10 from=66 to=75
 02 06 00 05 00 00 00 01 00 02                    ..........
--
< 2024/05/17 19:29:48.113885  length=5 from=323 to=327
 02 06 00 00 00                                   .....
--
> 2024/05/17 19:29:48.193694  length=12 from=76 to=87
 02 03 00 07 00 00 00 42 03 02 aa 54              .......B...T
--
< 2024/05/17 19:29:48.209844  length=7 from=328 to=334
 02 03 00 02 00 00 00                             .......
--
> 2024/05/17 19:29:48.353762  length=10 from=88 to=97
 02 06 00 05 00 00 00 01 00 03                    ..........
--
< 2024/05/17 19:29:48.369778  length=5 from=335 to=339
 02 06 00 00 00                                   .....
--
> 2024/05/17 19:29:48.417695  length=12 from=98 to=109
 02 03 00 07 00 00 00 0a                          ........
 30 02 aa 55                                      0..U
--
< 2024/05/17 19:29:48.434358  length=7 from=340 to=346
 02 03 00 02 00 00 00                             .......
--
> 2024/05/17 19:29:48.593694  length=10 from=110 to=119
 02 06 00 05 00 00 00 01 00 04                    ..........
--
< 2024/05/17 19:29:48.609788  length=5 from=347 to=351
 02 06 00 00 00                                   .....
--
> 2024/05/17 19:29:48.721747  length=5 from=120 to=124
 02 07 00 00 00                                   .....
--
< 2024/05/17 19:29:48.737864  length=8 from=352 to=359
 02 07 00 03 00 00 00 00                          ........
--
> 2024/05/17 19:29:54.941151  length=30 from=125 to=154
 01 0a                                            ..
 00 19 00 12 00 09 0d 54 65 73 74 65 72 5f 36 30  .......Tester_60
 31 35 42 39 01 01 11 ff ff ff ff 00              15B9........
--
< 2024/05/17 19:29:54.957290  length=9 from=360 to=368
 01 0a                                            ..
 00 04 00 13 86 00 00                             .......
--
< 2024/05/17 19:29:58.773793  length=3 from=369 to=371
 00 80 ff                                         ...
--
< 2024/05/17 19:29:58.790506  length=2 from=372 to=373
 00 00                                            ..
--
