> 2023/07/29 23:47:24.271798  length=6 from=0 to=5
 00 03 ff 01 00 01                                ......
--
< 2023/07/29 23:47:24.282333  length=5 from=0 to=4
 00 03 ff 00 00                                   .....
--
> 2023/07/29 23:47:24.378596  length=6 from=6 to=11
 00 03 ff 01 00 02                                ......
--
< 2023/07/29 23:47:24.394724  length=5 from=5 to=9
 00 03 ff 00 00                                   .....
--
> 2023/07/29 23:47:24.473576  length=6 from=12 to=17
 00 03 ff 01 00 04                                ......
--
< 2023/07/29 23:47:24.489772  length=5 from=10 to=14
 00 03 ff 00 00                                   .....
--
> 2023/07/29 23:47:24.617564  length=5 from=18 to=22
 01 03 00 00 00                                   .....
--
< 2023/07/29 23:47:24.633581  length=136 from=15 to=150
 01 03 00 15 01 c8 04 09 c0 ec d7 13 06 02 00 13  ................
 82 00 00 00 00 00 62 74 70 5f 74 65 73 74 65 72  ......btp_tester
 00 00 00 00 00 00 00 00 00 00 00 00 00 00 00 00  ................
 00 00 00 00 00 00 00 00 00 00 00 00 00 00 00 00  ................
 00 00 00 00 00 00 00 00 00 00 00 00 00 00 00 00  ................
 00 00 00 00 00 00 00 00 00 00 00 00 00 00 00 00  ................
 00 00 00 00 00 00 00 00 00 00 00 00 00 00 00 00  ................
 00 00 00 00 00 00 00 00 00 00 00 00 00 00 00 00  ................
 00 00 00 00 00 00 00 00                          ........
--
< 2023/07/29 23:47:24.635215  length=23 from=151 to=173
 00 00 00 00 00 00 00 00 00 00 00 00 00 00 00 00  ................
 00 00 00 00 00 00 00                             .......
--
< 2023/07/29 23:47:24.649893  length=123 from=174 to=296
 00 00 00 00 00 00 00 00 00 00 00 00 00 00 00 00  ................
 00 00 00 00 00 00 00 00 00 00 00 00 00 00 00 00  ................
 00 00 00 00 00 00 00 00 00 00 00 00 00 00 00 00  ................
 00 00 00 00 00 00 00 00 00 00 00 00 00 00 00 00  ................
 00 00 00 00 00 00 00 00 00 00 00 00 00 00 00 00  ................
 00 00 00 00 00 00 00 00 00 00 00 00 00 00 00 00  ................
 00 00 00 00 00 00 00 00 00 00 00 00 00 00 00 00  ................
 00 00 00 00 00 00 00 00 00 00 00                 ...........
--
> 2023/07/29 23:47:31.397013  length=44 from=23 to=66
 04 02 00 27 00 f2 83 9b db a2 c5 45 34 87 24 0f  ...'.......E4.$.
 e5 26 b4 32 92 00 00 00 00 00 00 00 00 00 00 00  .&.2............
 00 00 00 00 00 01 10 00 00 00 00 00              ............
--
< 2023/07/29 23:47:31.413134  length=5 from=297 to=301
 04 02 00 00 00                                   .....
--
> 2023/07/29 23:47:31.476083  length=5 from=67 to=71
 04 04 00 00 00                                   .....
--
< 2023/07/29 23:47:31.747070  length=5 from=302 to=306
 04 04 00 00 00                                   .....
--
< 2023/07/29 23:47:31.779105  length=6 from=307 to=312
 04 84 00 01 00 00                                ......
--
< 2023/07/29 23:47:33.930204  length=5 from=313 to=317
 04 83 00 00 00                                   .....
--
< 2023/07/29 23:47:35.447206  length=6 from=318 to=323
 04 85 00 01 00 00                                ......
--
> 2023/07/29 23:47:35.814040  length=15 from=72 to=86
 04 0a                                            ..
 00 0a                                            ..
 00 00 02 00 fe ff 04 01 02 03 04                 ...........
--
< 2023/07/29 23:47:35.830096  length=26 from=324 to=349
 04 0a                                            ..
 00 00 00 04 86 00 10 00 00 00 02 00 fe ff 09 78  ...............x
 70 83 3f c6 04 83 dd 94                          p.?.....
--
> 2023/07/29 23:47:35.925077  length=15 from=87 to=101
 04 0a                                            ..
 00 0a                                            ..
 00 0a                                            ..
 02 00 fe ff 04 01 02 03 04                       .........
--
< 2023/07/29 23:47:35.941114  length=26 from=350 to=375
 04 0a                                            ..
 00 00 00 04 86 00 10 00 0a                       .........
 00 02 00 fe ff 09 78 41 3e 4b 26 73 0d 30 05     ......xA>K&s.0.
--
> 2023/07/29 23:47:36.036070  length=15 from=102 to=116
 04 0a                                            ..
 00 0a                                            ..
 00 7f 02 00 fe ff 04 01 02 03 04                 ...........
--
< 2023/07/29 23:47:36.052210  length=26 from=376 to=401
 04 0a                                            ..
 00 00 00 04 86 00 10 00 7f 00 02 00 fe ff 09 78  ...............x
 be d0 4c 55 d9 9d 6a 4c                          ..LU..jL
--
< 2023/07/29 23:47:36.068244  length=27 from=402 to=428
 04 86 00 16 00 03 00 01 00 02 00 0f 80 80 00 00  ................
 08 34 d2 3f 19 d4 7c d8 06 1c 18                 .4.?..|....
--
> 2023/07/29 23:47:38.427073  length=15 from=117 to=131
 04 0a                                            ..
 00 0a                                            ..
 00 ff 02 00 fe ff 04 01 02 03 04                 ...........
--
< 2023/07/29 23:47:38.443155  length=26 from=429 to=454
 04 0a                                            ..
 00 00 00 04 86 00 10 00 07 00 02 00 fe ff 09 78  ...............x
 d9 df d5 9a 4a 2d a9 f0                          ....J-..
--
< 2023/07/29 23:47:44.903246  length=5 from=455 to=459
 00 80 ff 00 00                                   .....
--
