*** Booting Zephyr OS build 4.1.99 ***
[00:00:00.250,762] <dbg> bttester: tester_init: Initializing tester
[00:00:05.897,247] <dbg> bttester: cmd_handler: cmd service 0x00 opcode 0x03 index 0xff
[00:00:05.903,625] <inf> bt_hci_core: HW Platform: Nordic Semiconductor (0x0002)
[00:00:05.903,656] <inf> bt_hci_core: HW Variant: nRF52x (0x0002)
[00:00:05.903,686] <inf> bt_hci_core: Firmware: Standard Bluetooth controller (0x00) Version 4.1 Build 99
[00:00:05.904,602] <inf> bt_hci_core: HCI transport: Controller
[00:00:05.904,693] <inf> bt_hci_core: Identity: DC:E7:76:C4:1F:70 (random)
[00:00:05.904,724] <inf> bt_hci_core: HCI: version 5.4 (0x0d) revision 0x0000, manufacturer 0x05f1
[00:00:05.904,785] <inf> bt_hci_core: LMP: version 5.4 (0x0d) subver 0xffff
[00:00:05.904,785] <dbg> bttester: tester_rsp_with_index: service 0x00 opcode 0x03 index 0xff status 0x00
[00:00:05.944,915] <dbg> bttester: cmd_handler: cmd service 0x01 opcode 0x01 index 0xff
[00:00:05.966,339] <dbg> bttester: cmd_handler: cmd service 0x00 opcode 0x03 index 0xff
[00:00:05.966,369] <dbg> bttester: tester_rsp_with_index: service 0x00 opcode 0x03 index 0xff status 0x00
[00:00:05.994,262] <dbg> bttester: cmd_handler: cmd service 0x02 opcode 0x01 index 0xff
[00:00:06.078,033] <dbg> bttester: cmd_handler: cmd service 0x01 opcode 0x03 index 0x00
[00:00:06.403,503] <dbg> bttester: cmd_handler: cmd service 0x01 opcode 0x10 index 0x00
[00:00:06.403,564] <dbg> bttester_gap: set_io_cap: io_cap: 0
[00:00:06.403,564] <dbg> bttester: tester_rsp_with_index: service 0x01 opcode 0x10 index 0x00 status 0x00
[00:00:06.417,388] <dbg> bttester: cmd_handler: cmd service 0x02 opcode 0x02 index 0x00
[00:00:06.417,419] <dbg> bttester_gatt: gatt_db_add: handle 0x0000
[00:00:06.486,755] <dbg> bttester: cmd_handler: cmd service 0x02 opcode 0x03 index 0x00
[00:00:06.486,785] <dbg> bttester_gatt: gatt_db_add: handle 0x0000
[00:00:06.486,785] <dbg> bttester_gatt: gatt_db_add: handle 0x0000
[00:00:06.612,335] <dbg> bttester: cmd_handler: cmd service 0x02 opcode 0x06 index 0x00
[00:00:06.612,365] <dbg> bttester: tester_rsp_with_index: service 0x02 opcode 0x06 index 0x00 status 0x00
[00:00:06.638,885] <dbg> bttester: cmd_handler: cmd service 0x02 opcode 0x03 index 0x00
[00:00:06.638,916] <dbg> bttester_gatt: gatt_db_add: handle 0x0000
[00:00:06.638,946] <dbg> bttester_gatt: gatt_db_add: handle 0x0000
[00:00:06.712,524] <dbg> bttester: cmd_handler: cmd service 0x02 opcode 0x06 index 0x00
[00:00:06.712,554] <dbg> bttester: tester_rsp_with_index: service 0x02 opcode 0x06 index 0x00 status 0x00
[00:00:06.760,040] <dbg> bttester: cmd_handler: cmd service 0x02 opcode 0x03 index 0x00
[00:00:06.760,070] <dbg> bttester_gatt: gatt_db_add: handle 0x0000
[00:00:06.760,101] <dbg> bttester_gatt: gatt_db_add: handle 0x0000
[00:00:06.812,469] <dbg> bttester: cmd_handler: cmd service 0x02 opcode 0x06 index 0x00
[00:00:06.812,469] <dbg> bttester: tester_rsp_with_index: service 0x02 opcode 0x06 index 0x00 status 0x00
[00:00:06.859,069] <dbg> bttester: cmd_handler: cmd service 0x02 opcode 0x03 index 0x00
[00:00:06.859,100] <dbg> bttester_gatt: gatt_db_add: handle 0x0000
[00:00:06.859,130] <dbg> bttester_gatt: gatt_db_add: handle 0x0000
[00:00:06.980,621] <dbg> bttester: cmd_handler: cmd service 0x02 opcode 0x06 index 0x00
[00:00:06.980,651] <dbg> bttester: tester_rsp_with_index: service 0x02 opcode 0x06 index 0x00 status 0x00
[00:00:07.012,084] <dbg> bttester: cmd_handler: cmd service 0x02 opcode 0x03 index 0x00
[00:00:07.012,115] <dbg> bttester_gatt: gatt_db_add: handle 0x0000
[00:00:07.012,145] <dbg> bttester_gatt: gatt_db_add: handle 0x0000
[00:00:07.096,130] <dbg> bttester: cmd_handler: cmd service 0x02 opcode 0x06 index 0x00
[00:00:07.096,160] <dbg> bttester: tester_rsp_with_index: service 0x02 opcode 0x06 index 0x00 status 0x00
[00:00:07.179,870] <dbg> bttester: cmd_handler: cmd service 0x02 opcode 0x04 index 0x00
[00:00:07.179,931] <dbg> bttester_gatt: gatt_db_add: handle 0x0000
[00:00:07.254,486] <dbg> bttester: cmd_handler: cmd service 0x02 opcode 0x03 index 0x00
[00:00:07.254,486] <dbg> bttester_gatt: gatt_db_add: handle 0x0000
[00:00:07.254,516] <dbg> bttester_gatt: gatt_db_add: handle 0x0000
[00:00:07.328,155] <dbg> bttester: cmd_handler: cmd service 0x02 opcode 0x06 index 0x00
[00:00:07.328,186] <dbg> bttester: tester_rsp_with_index: service 0x02 opcode 0x06 index 0x00 status 0x00
[00:00:07.354,125] <dbg> bttester: cmd_handler: cmd service 0x02 opcode 0x04 index 0x00
[00:00:07.354,156] <dbg> bttester_gatt: gatt_db_add: handle 0x0000
[00:00:07.402,252] <dbg> bttester: cmd_handler: cmd service 0x02 opcode 0x03 index 0x00
[00:00:07.402,282] <dbg> bttester_gatt: gatt_db_add: handle 0x0000
[00:00:07.402,313] <dbg> bttester_gatt: gatt_db_add: handle 0x0000
[00:00:07.460,540] <dbg> bttester: cmd_handler: cmd service 0x02 opcode 0x06 index 0x00
[00:00:07.460,601] <dbg> bttester: tester_rsp_with_index: service 0x02 opcode 0x06 index 0x00 status 0x00
[00:00:07.511,993] <dbg> bttester: cmd_handler: cmd service 0x02 opcode 0x03 index 0x00
[00:00:07.511,993] <dbg> bttester_gatt: gatt_db_add: handle 0x0000
[00:00:07.512,023] <dbg> bttester_gatt: gatt_db_add: handle 0x0000
[00:00:07.602,874] <dbg> bttester: cmd_handler: cmd service 0x02 opcode 0x06 index 0x00
[00:00:07.602,905] <dbg> bttester: tester_rsp_with_index: service 0x02 opcode 0x06 index 0x00 status 0x00
[00:00:07.638,458] <dbg> bttester: cmd_handler: cmd service 0x02 opcode 0x03 index 0x00
[00:00:07.638,488] <dbg> bttester_gatt: gatt_db_add: handle 0x0000
[00:00:07.638,519] <dbg> bttester_gatt: gatt_db_add: handle 0x0000
[00:00:07.707,275] <dbg> bttester: cmd_handler: cmd service 0x02 opcode 0x06 index 0x00
[00:00:07.707,305] <dbg> bttester: tester_rsp_with_index: service 0x02 opcode 0x06 index 0x00 status 0x00
[00:00:07.785,278] <dbg> bttester: cmd_handler: cmd service 0x02 opcode 0x04 index 0x00
[00:00:07.785,308] <dbg> bttester_gatt: gatt_db_add: handle 0x0000
[00:00:07.838,500] <dbg> bttester: cmd_handler: cmd service 0x02 opcode 0x06 index 0x00
[00:00:07.838,500] <dbg> bttester: tester_rsp_with_index: service 0x02 opcode 0x06 index 0x00 status 0x00
[00:00:07.891,754] <dbg> bttester: cmd_handler: cmd service 0x02 opcode 0x03 index 0x00
[00:00:07.891,754] <dbg> bttester_gatt: gatt_db_add: handle 0x0000
[00:00:07.891,784] <dbg> bttester_gatt: gatt_db_add: handle 0x0000
[00:00:07.970,550] <dbg> bttester: cmd_handler: cmd service 0x02 opcode 0x06 index 0x00
[00:00:07.970,581] <dbg> bttester: tester_rsp_with_index: service 0x02 opcode 0x06 index 0x00 status 0x00
[00:00:07.991,424] <dbg> bttester: cmd_handler: cmd service 0x02 opcode 0x09 index 0x00
[00:00:07.991,485] <dbg> bttester: tester_rsp_with_index: service 0x02 opcode 0x09 index 0x00 status 0x00
[00:00:08.034,423] <dbg> bttester: cmd_handler: cmd service 0x02 opcode 0x03 index 0x00
[00:00:08.034,454] <dbg> bttester_gatt: gatt_db_add: handle 0x0000
[00:00:08.034,484] <dbg> bttester_gatt: gatt_db_add: handle 0x0000
[00:00:08.088,104] <dbg> bttester: cmd_handler: cmd service 0x02 opcode 0x06 index 0x00
[00:00:08.088,134] <dbg> bttester: tester_rsp_with_index: service 0x02 opcode 0x06 index 0x00 status 0x00
[00:00:08.145,629] <dbg> bttester: cmd_handler: cmd service 0x02 opcode 0x09 index 0x00
[00:00:08.145,629] <dbg> bttester: tester_rsp_with_index: service 0x02 opcode 0x09 index 0x00 status 0x00
[00:00:08.179,260] <dbg> bttester: cmd_handler: cmd service 0x02 opcode 0x03 index 0x00
[00:00:08.179,321] <dbg> bttester_gatt: gatt_db_add: handle 0x0000
[00:00:08.179,321] <dbg> bttester_gatt: gatt_db_add: handle 0x0000
[00:00:08.251,953] <dbg> bttester: cmd_handler: cmd service 0x02 opcode 0x06 index 0x00
[00:00:08.252,014] <dbg> bttester: tester_rsp_with_index: service 0x02 opcode 0x06 index 0x00 status 0x00
[00:00:08.304,412] <dbg> bttester: cmd_handler: cmd service 0x02 opcode 0x02 index 0x00
[00:00:08.304,504] <dbg> bttester_gatt: gatt_db_add: handle 0x0000
[00:00:08.361,602] <dbg> bttester: cmd_handler: cmd service 0x02 opcode 0x05 index 0x00
[00:00:08.361,633] <dbg> bttester_gatt: gatt_db_add: handle 0x0000
[00:00:08.456,542] <dbg> bttester: cmd_handler: cmd service 0x02 opcode 0x03 index 0x00
[00:00:08.456,573] <dbg> bttester_gatt: gatt_db_add: handle 0x0000
[00:00:08.456,604] <dbg> bttester_gatt: gatt_db_add: handle 0x0000
[00:00:08.533,752] <dbg> bttester: cmd_handler: cmd service 0x02 opcode 0x06 index 0x00
[00:00:08.533,813] <dbg> bttester: tester_rsp_with_index: service 0x02 opcode 0x06 index 0x00 status 0x00
[00:00:08.635,498] <dbg> bttester: cmd_handler: cmd service 0x02 opcode 0x03 index 0x00
[00:00:08.635,559] <dbg> bttester_gatt: gatt_db_add: handle 0x0000
[00:00:08.635,559] <dbg> bttester_gatt: gatt_db_add: handle 0x0000
[00:00:08.732,635] <dbg> bttester: cmd_handler: cmd service 0x02 opcode 0x06 index 0x00
[00:00:08.732,666] <dbg> bttester: tester_rsp_with_index: service 0x02 opcode 0x06 index 0x00 status 0x00
[00:00:08.781,829] <dbg> bttester: cmd_handler: cmd service 0x02 opcode 0x03 index 0x00
[00:00:08.781,860] <dbg> bttester_gatt: gatt_db_add: handle 0x0000
[00:00:08.781,890] <dbg> bttester_gatt: gatt_db_add: handle 0x0000
[00:00:08.855,895] <dbg> bttester: cmd_handler: cmd service 0x02 opcode 0x06 index 0x00
[00:00:08.855,926] <dbg> bttester: tester_rsp_with_index: service 0x02 opcode 0x06 index 0x00 status 0x00
[00:00:08.892,669] <dbg> bttester: cmd_handler: cmd service 0x02 opcode 0x09 index 0x00
[00:00:08.892,730] <dbg> bttester: tester_rsp_with_index: service 0x02 opcode 0x09 index 0x00 status 0x00
[00:00:08.935,638] <dbg> bttester: cmd_handler: cmd service 0x02 opcode 0x03 index 0x00
[00:00:08.935,638] <dbg> bttester_gatt: gatt_db_add: handle 0x0000
[00:00:08.935,668] <dbg> bttester_gatt: gatt_db_add: handle 0x0000
[00:00:09.006,805] <dbg> bttester: cmd_handler: cmd service 0x02 opcode 0x06 index 0x00
[00:00:09.006,835] <dbg> bttester: tester_rsp_with_index: service 0x02 opcode 0x06 index 0x00 status 0x00
[00:00:09.062,133] <dbg> bttester: cmd_handler: cmd service 0x02 opcode 0x04 index 0x00
[00:00:09.062,164] <dbg> bttester_gatt: gatt_db_add: handle 0x0000
[00:00:09.114,776] <dbg> bttester: cmd_handler: cmd service 0x02 opcode 0x06 index 0x00
[00:00:09.114,837] <dbg> bttester: tester_rsp_with_index: service 0x02 opcode 0x06 index 0x00 status 0x00
[00:00:09.157,226] <dbg> bttester: cmd_handler: cmd service 0x02 opcode 0x03 index 0x00
[00:00:09.157,287] <dbg> bttester_gatt: gatt_db_add: handle 0x0000
[00:00:09.157,287] <dbg> bttester_gatt: gatt_db_add: handle 0x0000
[00:00:09.263,061] <dbg> bttester: cmd_handler: cmd service 0x02 opcode 0x06 index 0x00
[00:00:09.263,092] <dbg> bttester: tester_rsp_with_index: service 0x02 opcode 0x06 index 0x00 status 0x00
[00:00:09.298,461] <dbg> bttester: cmd_handler: cmd service 0x02 opcode 0x03 index 0x00
[00:00:09.298,492] <dbg> bttester_gatt: gatt_db_add: handle 0x0000
[00:00:09.298,522] <dbg> bttester_gatt: gatt_db_add: handle 0x0000
[00:00:09.416,076] <dbg> bttester: cmd_handler: cmd service 0x02 opcode 0x06 index 0x00
[00:00:09.416,168] <dbg> bttester: tester_rsp_with_index: service 0x02 opcode 0x06 index 0x00 status 0x00
[00:00:09.451,812] <dbg> bttester: cmd_handler: cmd service 0x02 opcode 0x07 index 0x00
[00:00:15.522,552] <dbg> bttester: cmd_handler: cmd service 0x01 opcode 0x08 index 0x00
[00:00:15.567,169] <dbg> bttester: cmd_handler: cmd service 0x01 opcode 0x0a index 0x00
[00:00:15.993,103] <dbg> bttester_gap: le_connected: C0:07:E8:1C:28:DF (public): 0x00
[00:00:15.993,103] <dbg> bttester: tester_event: service 0x01 opcode 0x82
[00:00:15.994,628] <dbg> bttester: tester_event: service 0x01 opcode 0x80
[00:00:21.118,865] <dbg> bttester: tester_event: service 0x01 opcode 0x88
[00:00:25.098,815] <dbg> bttester: tester_event: service 0x01 opcode 0x91
[00:00:25.100,006] <dbg> bttester: tester_event: service 0x01 opcode 0x89
[00:00:27.932,067] <dbg> bttester_gap: le_disconnected: C0:07:E8:1C:28:DF (public): 0x13
[00:00:27.932,098] <dbg> bttester: tester_event: service 0x01 opcode 0x83
