05:08:18:614    < BTP_CORE_EV_IUT_READY (0x00|0x80|0xff)
                  raw data (0): 00 80 ff 00 00|
05:08:19:114    > BTP_CORE_CMD_REGISTER_SERVICE (0x00|0x03|0xff)
                  raw data (1): 00 03 ff 01 00|01
05:08:19:491    < BTP_CORE_CMD_REGISTER_SERVICE (0x00|0x03|0xff)
                  raw data (0): 00 03 ff 00 00|
05:08:19:492    > BTP_GAP_CMD_READ_SUPPORTED_COMMANDS (0x01|0x01|0xff)
                  raw data (0): 01 01 ff 00 00|
05:08:19:537    < BTP_GAP_CMD_READ_SUPPORTED_COMMANDS (0x01|0x01|0xff)
                  raw data (6): 01 01 ff 06 00|6e ff 7f 1f fe 77
05:08:19:547    > BTP_GAP_CMD_READ_CONTROLLER_INFO (0x01|0x03|0x00)
                  raw data (0): 01 03 00 00 00|
05:08:19:597    < BTP_GAP_CMD_READ_CONTROLLER_INFO (0x01|0x03|0x00)
                  raw data (277): 
                  01 03 00 15 01|3b db 31 cc b6 d5 13 06 02 00 13 
                  82 00 00 00 00 00 62 74 70 5f 74 65 73 74 65 72 
                  00 00 00 00 00 00 00 00 00 00 00 00 00 00 00 00 
                  00 00 00 00 00 00 00 00 00 00 00 00 00 00 00 00 
                  00 00 00 00 00 00 00 00 00 00 00 00 00 00 00 00 
                  00 00 00 00 00 00 00 00 00 00 00 00 00 00 00 00 
                  00 00 00 00 00 00 00 00 00 00 00 00 00 00 00 00 
                  00 00 00 00 00 00 00 00 00 00 00 00 00 00 00 00 
                  00 00 00 00 00 00 00 00 00 00 00 00 00 00 00 00 
                  00 00 00 00 00 00 00 00 00 00 00 00 00 00 00 00 
                  00 00 00 00 00 00 00 00 00 00 00 00 00 00 00 00 
                  00 00 00 00 00 00 00 00 00 00 00 00 00 00 00 00 
                  00 00 00 00 00 00 00 00 00 00 00 00 00 00 00 00 
                  00 00 00 00 00 00 00 00 00 00 00 00 00 00 00 00 
                  00 00 00 00 00 00 00 00 00 00 00 00 00 00 00 00 
                  00 00 00 00 00 00 00 00 00 00 00 00 00 00 00 00 
                  00 00 00 00 00 00 00 00 00 00 00 00 00 00 00 00 
                  00 00 00 00 00 00 00 00 00 00
05:08:19:608    > BTP_CORE_CMD_REGISTER_SERVICE (0x00|0x03|0xff)
                  raw data (2): 00 03 ff 01 00|02
05:08:19:642    < BTP_CORE_CMD_REGISTER_SERVICE (0x00|0x03|0xff)
                  raw data (0): 00 03 ff 00 00|
05:08:19:647    > BTP_GATT_CMD_READ_SUPPORTED_COMMANDS (0x02|0x01|0xff)
                  raw data (0): 02 01 ff 00 00|
05:08:19:697    < BTP_GATT_CMD_READ_SUPPORTED_COMMANDS (0x02|0x01|0xff)
                  raw data (5): 02 01 ff 05 00|fe fe ff fd 03
05:08:19:698    > BTP_GAP_CMD_SET_DISCOVERABLE (0x01|0x08|0x00)
                  raw data (1): 01 08 00 01 00|01
05:08:19:706    < BTP_GAP_CMD_SET_DISCOVERABLE (0x01|0x08|0x00)
                  raw data (4): 01 08 00 04 00|1b 82 00 00
05:08:19:707    > BTP_CORE_CMD_REGISTER_SERVICE (0x00|0x03|0xff)
                  raw data (18): 00 03 ff 01 00|12
05:08:19:731    < BTP_CORE_CMD_REGISTER_SERVICE (0x00|0x03|0xff)
                  raw data (0): 00 03 ff 00 00|
05:08:19:737    > BTP_MICS_CMD_READ_SUPPORTED_COMMANDS (0x12|0x01|0xff)
                  raw data (0): 12 01 ff 00 00|
05:08:19:782    < BTP_MICS_CMD_READ_SUPPORTED_COMMANDS (0x12|0x01|0xff)
                  raw data (1): 12 01 ff 01 00|3e
05:08:19:788    > BTP_CORE_CMD_REGISTER_SERVICE (0x00|0x03|0xff)
                  raw data (8): 00 03 ff 01 00|08
05:08:19:822    < BTP_CORE_CMD_REGISTER_SERVICE (0x00|0x03|0xff)
                  raw data (0): 00 03 ff 00 00|
05:08:19:827    > BTP_VCS_CMD_READ_SUPPORTED_COMMANDS (0x08|0x01|0xff)
                  raw data (0): 08 01 ff 00 00|
05:08:19:872    < BTP_VCS_CMD_READ_SUPPORTED_COMMANDS (0x08|0x01|0xff)
                  raw data (1): 08 01 ff 01 00|7e
05:08:19:883    > BTP_CORE_CMD_REGISTER_SERVICE (0x00|0x03|0xff)
                  raw data (10): 00 03 ff 01 00|0a
05:08:19:922    < BTP_CORE_CMD_REGISTER_SERVICE (0x00|0x03|0xff)
                  raw data (0): 00 03 ff 00 00|
05:08:19:932    > BTP_AICS_CMD_READ_SUPPORTED_COMMANDS (0x0a|0x01|0xff)
                  raw data (0): 0a 01 ff 00 00|
05:08:19:987    < BTP_AICS_CMD_READ_SUPPORTED_COMMANDS (0x0a|0x01|0xff)
                  raw data (2): 0a 01 ff 02 00|fe ff
05:08:19:998    > BTP_CORE_CMD_REGISTER_SERVICE (0x00|0x03|0xff)
                  raw data (11): 00 03 ff 01 00|0b
05:08:20:032    < BTP_CORE_CMD_REGISTER_SERVICE (0x00|0x03|0xff)
                  raw data (0): 00 03 ff 00 00|
05:08:20:042    > BTP_VOCS_CMD_READ_SUPPORTED_COMMANDS (0x0b|0x01|0xff)
                  raw data (0): 0b 01 ff 00 00|
05:08:20:097    < BTP_VOCS_CMD_READ_SUPPORTED_COMMANDS (0x0b|0x01|0xff)
                  raw data (1): 0b 01 ff 01 00|7e
05:08:20:108    > BTP_CORE_CMD_REGISTER_SERVICE (0x00|0x03|0xff)
                  raw data (23): 00 03 ff 01 00|17
05:08:20:142    < BTP_CORE_CMD_REGISTER_SERVICE (0x00|0x03|0xff)
                  raw data (0): 00 03 ff 00 00|
05:08:20:152    > BTP_GMCS_CMD_READ_SUPPORTED_COMMANDS (0x17|0x01|0xff)
                  raw data (0): 17 01 ff 00 00|
05:08:20:207    < BTP_GMCS_CMD_READ_SUPPORTED_COMMANDS (0x17|0x01|0xff)
                  raw data (1): 17 01 ff 01 00|7e
05:08:20:218    > BTP_CORE_CMD_REGISTER_SERVICE (0x00|0x03|0xff)
                  raw data (27): 00 03 ff 01 00|1b
05:08:20:252    < BTP_CORE_CMD_REGISTER_SERVICE (0x00|0x03|0xff)
                  raw data (0): 00 03 ff 00 00|
05:08:20:262    > BTP_TBS_CMD_READ_SUPPORTED_COMMANDS (0x1b|0x01|0xff)
                  raw data (0): 1b 01 ff 00 00|
05:08:20:312    < BTP_TBS_CMD_READ_SUPPORTED_COMMANDS (0x1b|0x01|0xff)
                  raw data (2): 1b 01 ff 02 00|fe 07
05:08:20:323    > BTP_CORE_CMD_REGISTER_SERVICE (0x00|0x03|0xff)
                  raw data (25): 00 03 ff 01 00|19
05:08:20:362    < BTP_CORE_CMD_REGISTER_SERVICE (0x00|0x03|0xff)
                  raw data (0): 00 03 ff 00 00|
05:08:20:372    > BTP_CSIP_CMD_READ_SUPPORTED_COMMANDS (0x19|0x01|0xff)
                  raw data (0): 19 01 ff 00 00|
05:08:20:427    < BTP_CSIP_CMD_READ_SUPPORTED_COMMANDS (0x19|0x01|0xff)
                  raw data (1): 19 01 ff 01 00|3e
05:08:20:438    > BTP_CORE_CMD_REGISTER_SERVICE (0x00|0x03|0xff)
                  raw data (12): 00 03 ff 01 00|0c
05:08:20:472    < BTP_CORE_CMD_REGISTER_SERVICE (0x00|0x03|0xff)
                  raw data (0): 00 03 ff 00 00|
05:08:20:482    > BTP_PACS_CMD_READ_SUPPORTED_COMMANDS (0x0c|0x01|0xff)
                  raw data (0): 0c 01 ff 00 00|
05:08:20:537    < BTP_PACS_CMD_READ_SUPPORTED_COMMANDS (0x0c|0x01|0xff)
                  raw data (1): 0c 01 ff 01 00|3e
05:08:20:548    > BTP_CORE_CMD_REGISTER_SERVICE (0x00|0x03|0xff)
                  raw data (13): 00 03 ff 01 00|0d
05:08:20:582    < BTP_CORE_CMD_REGISTER_SERVICE (0x00|0x03|0xff)
                  raw data (0): 00 03 ff 00 00|
05:08:20:592    > BTP_ASCS_CMD_READ_SUPPORTED_COMMANDS (0x0d|0x01|0xff)
                  raw data (0): 0d 01 ff 00 00|
05:08:20:652    < BTP_ASCS_CMD_READ_SUPPORTED_COMMANDS (0x0d|0x01|0xff)
                  raw data (2): 0d 01 ff 02 00|fe 0f
05:08:20:663    > BTP_CORE_CMD_REGISTER_SERVICE (0x00|0x03|0xff)
                  raw data (14): 00 03 ff 01 00|0e
05:08:20:702    < BTP_CORE_CMD_REGISTER_SERVICE (0x00|0x03|0xff)
                  raw data (0): 00 03 ff 00 00|
05:08:20:712    > BTP_BAP_CMD_READ_SUPPORTED_COMMANDS (0x0e|0x01|0xff)
                  raw data (0): 0e 01 ff 00 00|
05:08:20:767    < BTP_BAP_CMD_READ_SUPPORTED_COMMANDS (0x0e|0x01|0xff)
                  raw data (4): 0e 01 ff 04 00|fe ff ff 03
05:08:20:778    > BTP_CORE_CMD_REGISTER_SERVICE (0x00|0x03|0xff)
                  raw data (26): 00 03 ff 01 00|1a
05:08:20:812    < BTP_CORE_CMD_REGISTER_SERVICE (0x00|0x03|0xff)
                  raw data (0): 00 03 ff 00 00|
05:08:20:827    > BTP_CAP_CMD_READ_SUPPORTED_COMMANDS (0x1a|0x01|0xff)
                  raw data (0): 1a 01 ff 00 00|
05:08:20:877    < BTP_CAP_CMD_READ_SUPPORTED_COMMANDS (0x1a|0x01|0xff)
                  raw data (2): 1a 01 ff 02 00|fe ff
05:08:20:883    > BTP_CORE_CMD_REGISTER_SERVICE (0x00|0x03|0xff)
                  raw data (21): 00 03 ff 01 00|15
05:08:20:922    < BTP_CORE_CMD_REGISTER_SERVICE (0x00|0x03|0xff)
                  raw data (0): 00 03 ff 00 00|
05:08:20:923    > BTP_CORE_CMD_REGISTER_SERVICE (0x00|0x03|0xff)
                  raw data (16): 00 03 ff 01 00|10
05:08:20:962    < BTP_CORE_CMD_REGISTER_SERVICE (0x00|0x03|0xff)
                  raw data (0): 00 03 ff 00 00|
05:08:20:977    > BTP_MICP_CMD_READ_SUPPORTED_COMMANDS (0x10|0x01|0xff)
                  raw data (0): 10 01 ff 00 00|
05:08:20:991    < BTP_MICP_CMD_READ_SUPPORTED_COMMANDS (0x10|0x01|0xff)
                  raw data (1): 10 01 ff 01 00|1e
05:08:20:992    > BTP_CORE_CMD_REGISTER_SERVICE (0x00|0x03|0xff)
                  raw data (20): 00 03 ff 01 00|14
05:08:21:011    < BTP_CORE_CMD_REGISTER_SERVICE (0x00|0x03|0xff)
                  raw data (0): 00 03 ff 00 00|
05:08:21:012    > BTP_VCP_CMD_READ_SUPPORTED_COMMANDS (0x14|0x01|0xff)
                  raw data (0): 14 01 ff 00 00|
05:08:21:057    < BTP_VCP_CMD_READ_SUPPORTED_COMMANDS (0x14|0x01|0xff)
                  raw data (2): 14 01 ff 02 00|fe 0f
05:08:21:068    > BTP_GAP_CMD_SET_EXTENDED_ADVERTISING (0x01|0x21|0x00)
                  raw data (1): 01 21 00 01 00|01
05:08:21:112    < BTP_GAP_CMD_SET_EXTENDED_ADVERTISING (0x01|0x21|0x00)
                  raw data (4): 01 21 00 04 00|1b 82 02 00
05:08:26:130    > BTP_GAP_CMD_CONNECT (0x01|0x0e|0x00)
                  raw data (8): 01 0e 00 08 00|00 ee b6 2c e8 07 c0 00
05:08:26:151    < BTP_GAP_CMD_CONNECT (0x01|0x0e|0x00)
                  raw data (0): 01 0e 00 00 00|
05:08:26:387    < BTP_GAP_EV_DEVICE_CONNECTED (0x01|0x82|0x00)
                  raw data (13): 
                  01 82 00 0d 00|00 ee b6 2c e8 07 c0 38 00 00 00 
                  90 01
05:08:28:482    < BTP_GAP_EV_ENCRYPTION_CHANGE (0x01|0x91|0x00)
                  raw data (9): 01 91 00 09 00|00 ee b6 2c e8 07 c0 01 10
05:08:28:483    < BTP_GAP_EV_SEC_LEVEL_CHANGED (0x01|0x89|0x00)
                  raw data (8): 01 89 00 08 00|00 ee b6 2c e8 07 c0 02
05:08:28:483    > BTP_CAP_CMD_DISCOVER (0x1a|0x02|0x00)
                  raw data (7): 1a 02 00 07 00|00 ee b6 2c e8 07 c0
05:08:28:524    < BTP_CAP_CMD_DISCOVER (0x1a|0x02|0x00)
                  raw data (0): 1a 02 00 00 00|
05:08:30:762    < BTP_CSIP_EV_SIRK (0x19|0x81|0x00)
                  raw data (23): 
                  19 81 00 17 00|00 ee b6 2c e8 07 c0 b8 03 ea c6 
                  af bb 65 a2 5a 41 f1 53 05 68 8e 83
05:08:30:762    < BTP_CSIP_EV_DISCOVERED (0x19|0x80|0x00)
                  raw data (16): 
                  19 80 00 10 00|00 ee b6 2c e8 07 c0 00 42 02 47 
                  02 44 02 4a 02
05:08:30:763    < BTP_CAP_EV_DISCOVERY_COMPLETED (0x1a|0x80|0x00)
                  raw data (8): 1a 80 00 08 00|00 ee b6 2c e8 07 c0 00
05:08:31:038    > BTP_BAP_CMD_DISCOVER (0x0e|0x02|0x00)
                  raw data (7): 0e 02 00 07 00|00 ee b6 2c e8 07 c0
05:08:31:051    < BTP_BAP_CMD_DISCOVER (0x0e|0x02|0x00)
                  raw data (0): 0e 02 00 00 00|
05:08:32:582    < BTP_BAP_EV_CODEC_CAP_FOUND (0x0e|0x81|0x00)
                  raw data (17): 
                  0e 81 00 11 00|00 ee b6 2c e8 07 c0 02 06 04 00 
                  02 28 00 28 00 01
05:08:35:741    < BTP_BAP_EV_ASE_FOUND (0x0e|0x82|0x00)
                  raw data (9): 0e 82 00 09 00|00 ee b6 2c e8 07 c0 02 0a
05:08:37:422    < BTP_BAP_EV_DISCOVERY_COMPLETED (0x0e|0x80|0x00)
                  raw data (8): 0e 80 00 08 00|00 ee b6 2c e8 07 c0 00
05:08:37:559    > BTP_MICP_CMD_DISCOVERY (0x10|0x02|0x00)
                  raw data (7): 10 02 00 07 00|00 ee b6 2c e8 07 c0
05:08:37:571    < BTP_MICP_CMD_DISCOVERY (0x10|0x02|0x00)
                  raw data (0): 10 02 00 00 00|
05:08:47:589    > BTP_VCP_CMD_DISCOVERY (0x14|0x02|0x00)
                  raw data (7): 14 02 00 07 00|00 ee b6 2c e8 07 c0
05:08:47:596    < BTP_VCP_CMD_DISCOVERY (0x14|0x02|0x00)
                  raw data (0): 14 02 00 00 00|
05:08:50:362    < BTP_VCP_EV_DISCOVERED (0x14|0x80|0x00)
                  raw data (34): 
                  14 80 00 22 00|00 ee b6 2c e8 07 c0 00 aa 01 a7 
                  01 a4 01 c2 01 c5 01 c8 01 ca 01 e2 01 e5 01 e7 
                  01 e9 01 ec 01 ee 01
05:08:50:603    > BTP_GAP_CMD_CONNECT (0x01|0x0e|0x00)
                  raw data (8): 01 0e 00 08 00|00 b9 15 60 e8 07 c0 00
05:08:50:651    < BTP_GAP_CMD_CONNECT (0x01|0x0e|0x00)
                  raw data (0): 01 0e 00 00 00|
05:08:50:687    < BTP_GAP_EV_DEVICE_CONNECTED (0x01|0x82|0x00)
                  raw data (13): 
                  01 82 00 0d 00|00 b9 15 60 e8 07 c0 38 00 00 00 
                  90 01
05:08:52:822    < BTP_GAP_EV_ENCRYPTION_CHANGE (0x01|0x91|0x00)
                  raw data (9): 01 91 00 09 00|00 b9 15 60 e8 07 c0 01 10
05:08:52:879    < BTP_GAP_EV_SEC_LEVEL_CHANGED (0x01|0x89|0x00)
                  raw data (8): 01 89 00 08 00|00 b9 15 60 e8 07 c0 02
05:08:52:895    > BTP_CAP_CMD_DISCOVER (0x1a|0x02|0x00)
                  raw data (7): 1a 02 00 07 00|00 b9 15 60 e8 07 c0
05:08:52:922    < BTP_CAP_CMD_DISCOVER (0x1a|0x02|0x00)
                  raw data (0): 1a 02 00 00 00|
05:08:55:022    < BTP_CSIP_EV_SIRK (0x19|0x81|0x00)
                  raw data (23): 
                  19 81 00 17 00|00 b9 15 60 e8 07 c0 b8 03 ea c6 
                  af bb 65 a2 5a 41 f1 53 05 68 8e 83
05:08:55:023    < BTP_CSIP_EV_DISCOVERED (0x19|0x80|0x00)
                  raw data (16): 
                  19 80 00 10 00|00 b9 15 60 e8 07 c0 00 00 00 00 
                  00 00 00 00 00
05:08:55:023    < BTP_CAP_EV_DISCOVERY_COMPLETED (0x1a|0x80|0x00)
                  raw data (8): 1a 80 00 08 00|00 b9 15 60 e8 07 c0 00
05:08:55:425    > BTP_BAP_CMD_DISCOVER (0x0e|0x02|0x00)
                  raw data (7): 0e 02 00 07 00|00 b9 15 60 e8 07 c0
05:08:55:447    < BTP_BAP_CMD_DISCOVER (0x0e|0x02|0x00)
                  raw data (0): 0e 02 00 00 00|
05:08:56:988    < BTP_BAP_EV_CODEC_CAP_FOUND (0x0e|0x81|0x00)
                  raw data (17): 
                  0e 81 00 11 00|00 b9 15 60 e8 07 c0 02 06 04 00 
                  02 28 00 28 00 01
05:09:00:062    < BTP_BAP_EV_ASE_FOUND (0x0e|0x82|0x00)
                  raw data (9): 0e 82 00 09 00|00 b9 15 60 e8 07 c0 02 0a
05:09:01:742    < BTP_BAP_EV_DISCOVERY_COMPLETED (0x0e|0x80|0x00)
                  raw data (8): 0e 80 00 08 00|00 b9 15 60 e8 07 c0 00
05:09:01:955    > BTP_MICP_CMD_DISCOVERY (0x10|0x02|0x00)
                  raw data (7): 10 02 00 07 00|00 b9 15 60 e8 07 c0
05:09:01:977    < BTP_MICP_CMD_DISCOVERY (0x10|0x02|0x00)
                  raw data (0): 10 02 00 00 00|
05:09:11:992    > BTP_VCP_CMD_DISCOVERY (0x14|0x02|0x00)
                  raw data (7): 14 02 00 07 00|00 b9 15 60 e8 07 c0
05:09:12:012    < BTP_VCP_CMD_DISCOVERY (0x14|0x02|0x00)
                  raw data (0): 14 02 00 00 00|
05:09:14:762    < BTP_VCP_EV_DISCOVERED (0x14|0x80|0x00)
                  raw data (34): 
                  14 80 00 22 00|00 b9 15 60 e8 07 c0 00 aa 01 a7 
                  01 a4 01 c2 01 c5 01 c8 01 ca 01 e2 01 e5 01 e7 
                  01 e9 01 ec 01 ee 01
05:09:22:030    > BTP_CSIP_CMD_START_ORDERED_ACCESS (0x19|0x03|0x00)
                  raw data (b'\x00'): 19 03 00 01 00|00
05:09:22:057    < BTP_CSIP_CMD_START_ORDERED_ACCESS (0x19|0x03|0x00)
                  raw data (0): 19 03 00 00 00|
05:09:23:072    > BTP_CAP_CMD_UNICAST_SETUP_ASE (0x1a|0x03|0x00)
                  raw data (52): 
                  1a 03 00 34 00|00 ee b6 2c e8 07 c0 0a 00 00 06 
                  00 00 00 00 10 27 00 00 28 00 02 0a 00 40 9c 00 
                  13 04 02 01 03 02 02 01 05 03 01 00 00 00 03 04 
                  28 00 02 05 01 03 02 00 02
05:09:23:112    < BTP_CAP_CMD_UNICAST_SETUP_ASE (0x1a|0x03|0x00)
                  raw data (0): 1a 03 00 00 00|
05:09:23:116    > BTP_CAP_CMD_UNICAST_SETUP_ASE (0x1a|0x03|0x00)
                  raw data (52): 
                  1a 03 00 34 00|00 b9 15 60 e8 07 c0 0a 01 00 06 
                  00 00 00 00 10 27 00 00 28 00 02 0a 00 40 9c 00 
                  13 04 02 01 03 02 02 01 05 03 01 00 00 00 03 04 
                  28 00 02 05 01 03 02 00 02
05:09:23:185    < BTP_CAP_CMD_UNICAST_SETUP_ASE (0x1a|0x03|0x00)
                  raw data (0): 1a 03 00 00 00|
05:09:23:186    > BTP_CAP_CMD_UNICAST_AUDIO_START (0x1a|0x04|0x00)
                  raw data (b'\x00\x00'): 1a 04 00 02 00|00 00
05:09:23:225    < BTP_CAP_CMD_UNICAST_AUDIO_START (0x1a|0x04|0x00)
                  raw data (0): 1a 04 00 00 00|
05:09:23:402    < BTP_ASCS_EV_OPERATION_COMPLETED (0x0d|0x80|0x00)
                  raw data (11): 0d 80 00 0b 00|00 ee b6 2c e8 07 c0 0a 01 00 00
05:09:23:542    < BTP_ASCS_EV_ASE_STATE_CHANGED (0x0d|0x82|0x00)
                  raw data (9): 0d 82 00 09 00|00 ee b6 2c e8 07 c0 0a 01
05:09:23:722    < BTP_ASCS_EV_OPERATION_COMPLETED (0x0d|0x80|0x00)
                  raw data (11): 0d 80 00 0b 00|00 b9 15 60 e8 07 c0 0a 01 00 00
05:09:23:862    < BTP_ASCS_EV_ASE_STATE_CHANGED (0x0d|0x82|0x00)
                  raw data (9): 0d 82 00 09 00|00 b9 15 60 e8 07 c0 0a 01
05:09:23:962    < BTP_ASCS_EV_OPERATION_COMPLETED (0x0d|0x80|0x00)
                  raw data (11): 0d 80 00 0b 00|00 ee b6 2c e8 07 c0 0a 02 00 00
05:09:24:062    < BTP_ASCS_EV_OPERATION_COMPLETED (0x0d|0x80|0x00)
                  raw data (11): 0d 80 00 0b 00|00 b9 15 60 e8 07 c0 0a 02 00 00
05:09:24:102    < BTP_ASCS_EV_ASE_STATE_CHANGED (0x0d|0x82|0x00)
                  raw data (9): 0d 82 00 09 00|00 ee b6 2c e8 07 c0 0a 02
05:09:24:202    < BTP_ASCS_EV_ASE_STATE_CHANGED (0x0d|0x82|0x00)
                  raw data (9): 0d 82 00 09 00|00 b9 15 60 e8 07 c0 0a 02
05:09:24:382    < BTP_ASCS_EV_OPERATION_COMPLETED (0x0d|0x80|0x00)
                  raw data (11): 0d 80 00 0b 00|00 ee b6 2c e8 07 c0 0a 03 00 00
05:09:24:522    < BTP_ASCS_EV_ASE_STATE_CHANGED (0x0d|0x82|0x00)
                  raw data (9): 0d 82 00 09 00|00 ee b6 2c e8 07 c0 0a 03
05:09:24:622    < BTP_ASCS_EV_OPERATION_COMPLETED (0x0d|0x80|0x00)
                  raw data (11): 0d 80 00 0b 00|00 b9 15 60 e8 07 c0 0a 03 00 00
05:09:24:762    < BTP_ASCS_EV_ASE_STATE_CHANGED (0x0d|0x82|0x00)
                  raw data (9): 0d 82 00 09 00|00 b9 15 60 e8 07 c0 0a 03
05:09:25:162    < BTP_ASCS_EV_OPERATION_COMPLETED (0x0d|0x80|0x00)
                  raw data (11): 0d 80 00 0b 00|00 ee b6 2c e8 07 c0 0a 04 00 00
05:09:25:322    < BTP_ASCS_EV_ASE_STATE_CHANGED (0x0d|0x82|0x00)
                  raw data (9): 0d 82 00 09 00|00 ee b6 2c e8 07 c0 0a 04
05:09:25:402    < BTP_ASCS_EV_OPERATION_COMPLETED (0x0d|0x80|0x00)
                  raw data (11): 0d 80 00 0b 00|00 b9 15 60 e8 07 c0 0a 04 00 00
05:09:25:502    < BTP_ASCS_EV_OPERATION_COMPLETED (0x0d|0x80|0x00)
                  raw data (11): 0d 80 00 0b 00|00 ee b6 2c e8 07 c0 0a 04 00 00
05:09:25:562    < BTP_ASCS_EV_ASE_STATE_CHANGED (0x0d|0x82|0x00)
                  raw data (9): 0d 82 00 09 00|00 b9 15 60 e8 07 c0 0a 04
05:09:25:742    < BTP_ASCS_EV_OPERATION_COMPLETED (0x0d|0x80|0x00)
                  raw data (11): 0d 80 00 0b 00|00 b9 15 60 e8 07 c0 0a 04 00 00
05:09:34:258    > BTP_CAP_CMD_UNICAST_AUDIO_STOP (0x1a|0x06|0x00)
                  raw data (b'\x00\x00'): 1a 06 00 02 00|00 00
05:09:34:266    < BTP_ERROR (0x1a|0x00|0x00) Fail
                  raw data (1): 1a 00 00 01 00 01
