WARNING: Using a test - not safe - entropy source
uart connected to pseudotty: /dev/pts/5
*** Booting Zephyr OS build v4.3.0-2729-g458e6f8ae3df ***
WARNING: Using a potentially insecure PSA ITS encryption key provider.
[00:00:00.000,000] [1;33m<wrn> secure_storage: Using a potentially insecure PSA ITS encryption key provider.[0m
[00:00:00.000,000] [0m<inf> fs_nvs: 4 Sectors of 4096 bytes[0m
[00:00:00.000,000] [0m<inf> fs_nvs: alloc wra: 0, fe8[0m
[00:00:00.000,000] [0m<inf> fs_nvs: data wra: 0, 0[0m
[00:00:00.000,000] [0m<dbg> bttester: tester_init: Initializing tester[0m
[00:00:00.510,000] [0m<dbg> bttester: cmd_handler: cmd service 0x00 opcode 0x03 index 0xff[0m
[00:00:00.690,000] [1;33m<wrn> bt_hci_core: Num of Controller's ACL packets != ACL bt_conn_tx contexts (3 != 4)[0m
[00:00:00.690,000] [1;33m<wrn> bt_hci_core: Num of Controller's ISO packets != ISO bt_conn_tx contexts(3 != 4)[0m
[00:00:00.830,000] [0m<inf> bt_hci_core: No ID address. App must call settings_load()[0m
[00:00:00.830,000] [0m<dbg> bttester: cmd_handler: Command returns status 0[0m
[00:00:00.830,000] [0m<dbg> bttester: tester_rsp_with_index: service 0x00 opcode 0x03 index 0xff status 0x00[0m
[00:00:00.840,000] [0m<dbg> bttester: cmd_handler: cmd service 0x01 opcode 0x01 index 0xff[0m
[00:00:00.840,000] [0m<dbg> bttester: cmd_handler: Command returns status 0[0m
[00:00:00.890,000] [0m<dbg> bttester: cmd_handler: cmd service 0x00 opcode 0x03 index 0xff[0m
[00:00:00.890,000] [0m<dbg> bttester: cmd_handler: Command returns status 0[0m
[00:00:00.890,000] [0m<dbg> bttester: tester_rsp_with_index: service 0x00 opcode 0x03 index 0xff status 0x00[0m
[00:00:00.910,000] [0m<dbg> bttester: cmd_handler: cmd service 0x02 opcode 0x01 index 0xff[0m
[00:00:00.910,000] [0m<dbg> bttester: cmd_handler: Command returns status 0[0m
[00:00:00.960,000] [0m<dbg> bttester: cmd_handler: cmd service 0x00 opcode 0x03 index 0xff[0m
[00:00:00.960,000] [0m<dbg> bttester: cmd_handler: Command returns status 0[0m
[00:00:00.960,000] [0m<dbg> bttester: tester_rsp_with_index: service 0x00 opcode 0x03 index 0xff status 0x00[0m
[00:00:01.010,000] [0m<dbg> bttester: cmd_handler: cmd service 0x04 opcode 0x01 index 0xff[0m
[00:00:01.010,000] [0m<dbg> bttester: cmd_handler: Command returns status 0[0m
[00:00:01.060,000] [0m<dbg> bttester: cmd_handler: cmd service 0x04 opcode 0x04 index 0x00[0m
[00:00:01.060,000] [1;33m<wrn> bttester_mesh: Loading default comp data[0m
[00:00:01.060,000] [1;33m<wrn> bt_mesh_access: Unused space in relation list: 2[0m
[00:00:01.060,000] [0m<dbg> bttester: cmd_handler: Command returns status 0[0m
[00:00:01.060,000] [0m<dbg> bttester: tester_rsp_with_index: service 0x04 opcode 0x04 index 0x00 status 0x00[0m
[00:00:01.120,000] [0m<dbg> bttester: cmd_handler: cmd service 0x01 opcode 0x03 index 0x00[0m
[00:00:01.120,000] [0m<dbg> bttester: cmd_handler: Command returns status 0[0m
[00:00:01.240,000] [0m<dbg> bttester: cmd_handler: cmd service 0x04 opcode 0x78 index 0x00[0m
[00:00:01.240,000] [0m<dbg> bttester_mesh: start: [0m
[00:00:01.240,000] [0m<inf> bttester_mesh: Loading stored settings[0m
[00:00:01.250,000] [0m<inf> bt_hci_core: HCI transport: HCI User Channel[0m
[00:00:01.250,000] [0m<inf> bt_hci_core: Identity: E0:89:9F:67:02:4D (random)[0m
[00:00:01.250,000] [0m<inf> bt_hci_core: HCI: version 6.1 (0x0f) revision 0x3069, manufacturer 0x0059[0m
[00:00:01.250,000] [0m<inf> bt_hci_core: LMP: version 6.1 (0x0f) subver 0x3069[0m
[00:00:01.250,000] [0m<inf> bt_mesh_provisionee: Device UUID: 00000000-0000-0000-0000-000000000000[0m
[00:00:01.350,000] [0m<inf> bt_mesh_provisionee: Device UUID: 00000000-0000-0000-0000-000000000000[0m
[00:00:01.350,000] [0m<dbg> bttester: cmd_handler: Command returns status 0[0m
[00:00:01.350,000] [0m<dbg> bttester: tester_rsp_with_index: service 0x04 opcode 0x78 index 0x00 status 0x00[0m
[00:00:01.400,000] [0m<dbg> bttester: cmd_handler: cmd service 0x04 opcode 0x05 index 0x00[0m
[00:00:01.400,000] [0m<dbg> bttester_mesh: reset: [0m
[00:00:01.400,000] [0m<dbg> bttester: cmd_handler: Command returns status 0[0m
[00:00:01.400,000] [0m<dbg> bttester: tester_rsp_with_index: service 0x04 opcode 0x05 index 0x00 status 0x00[0m
[00:00:01.450,000] [0m<dbg> bttester: cmd_handler: cmd service 0x04 opcode 0x57 index 0x00[0m
[00:00:01.450,000] [0m<dbg> bttester_mesh: change_prepare: [0m
[00:00:01.450,000] [0m<dbg> bttester: cmd_handler: Command returns status 0[0m
[00:00:01.450,000] [0m<dbg> bttester: tester_rsp_with_index: service 0x04 opcode 0x57 index 0x00 status 0x00[0m
[00:00:06.500,000] [0m<dbg> bttester: cmd_handler: cmd service 0x01 opcode 0x05 index 0x00[0m
[00:00:06.530,000] [0m<dbg> bttester: cmd_handler: Command returns status 0[0m
[00:00:06.530,000] [1;31m<err> bt_driver: User channel not open[0m
[00:00:06.530,000] [1;31m<err> bt_hci_core: Unable to send to driver (err -5)[0m
[00:00:06.530,000] [1;33m<wrn> bt_hci_core: opcode 0x2039 status 0x1f [0m
[00:00:06.530,000] [1;31m<err> bt_adv: Failed to start advertiser[0m
[00:00:06.530,000] [1;31m<err> bt_mesh_adv_ext: Advertising failed: err -5[0m
[00:00:06.530,000] [1;31m<err> bt_mesh_adv_ext: Failed updating adv params: -22[0m

Stopped at 7.540s
2025/12/20 00:24:53 socat[1950966] W cannot restore terminal settings on fd 5: Input/output error
==1950963==LeakSanitizer has encountered a fatal error.
==1950963==HINT: For debugging, try setting environment variable LSAN_OPTIONS=verbosity=1:log_threads=1
==1950963==HINT: LeakSanitizer does not work under ptrace (strace, gdb, etc)
WARNING: Using a test - not safe - entropy source
uart connected to pseudotty: /dev/pts/5
*** Booting Zephyr OS build v4.3.0-2729-g458e6f8ae3df ***
WARNING: Using a potentially insecure PSA ITS encryption key provider.
[00:00:00.000,000] [1;33m<wrn> secure_storage: Using a potentially insecure PSA ITS encryption key provider.[0m
[00:00:00.000,000] [0m<inf> fs_nvs: 4 Sectors of 4096 bytes[0m
[00:00:00.000,000] [0m<inf> fs_nvs: alloc wra: 0, f50[0m
[00:00:00.000,000] [0m<inf> fs_nvs: data wra: 0, 185[0m
[00:00:00.000,000] [0m<dbg> bttester: tester_init: Initializing tester[0m
[00:00:00.510,000] [0m<dbg> bttester: cmd_handler: cmd service 0x00 opcode 0x03 index 0xff[0m
[00:00:00.690,000] [1;33m<wrn> bt_hci_core: Num of Controller's ACL packets != ACL bt_conn_tx contexts (3 != 4)[0m
[00:00:00.690,000] [1;33m<wrn> bt_hci_core: Num of Controller's ISO packets != ISO bt_conn_tx contexts(3 != 4)[0m
[00:00:00.830,000] [0m<inf> bt_hci_core: No ID address. App must call settings_load()[0m
[00:00:00.830,000] [0m<dbg> bttester: cmd_handler: Command returns status 0[0m
[00:00:00.830,000] [0m<dbg> bttester: tester_rsp_with_index: service 0x00 opcode 0x03 index 0xff status 0x00[0m
[00:00:00.850,000] [0m<dbg> bttester: cmd_handler: cmd service 0x01 opcode 0x01 index 0xff[0m
[00:00:00.850,000] [0m<dbg> bttester: cmd_handler: Command returns status 0[0m
[00:00:00.910,000] [0m<dbg> bttester: cmd_handler: cmd service 0x00 opcode 0x03 index 0xff[0m
[00:00:00.910,000] [0m<dbg> bttester: cmd_handler: Command returns status 0[0m
[00:00:00.910,000] [0m<dbg> bttester: tester_rsp_with_index: service 0x00 opcode 0x03 index 0xff status 0x00[0m
[00:00:00.960,000] [0m<dbg> bttester: cmd_handler: cmd service 0x04 opcode 0x01 index 0xff[0m
[00:00:00.960,000] [0m<dbg> bttester: cmd_handler: Command returns status 0[0m
[00:00:01.020,000] [0m<dbg> bttester: cmd_handler: cmd service 0x04 opcode 0x04 index 0x00[0m
[00:00:01.020,000] [1;33m<wrn> bttester_mesh: Loading default comp data[0m
[00:00:01.020,000] [1;33m<wrn> bt_mesh_access: Unused space in relation list: 2[0m
[00:00:01.020,000] [0m<dbg> bttester: cmd_handler: Command returns status 0[0m
[00:00:01.020,000] [0m<dbg> bttester: tester_rsp_with_index: service 0x04 opcode 0x04 index 0x00 status 0x00[0m
[00:00:03.080,000] [0m<dbg> bttester: cmd_handler: cmd service 0x04 opcode 0x02 index 0x00[0m
[00:00:03.080,000] [0m<dbg> bttester_mesh: config_prov: [0m
[00:00:03.080,000] [0m<dbg> bttester: cmd_handler: Command returns status 0[0m
[00:00:03.080,000] [0m<dbg> bttester: tester_rsp_with_index: service 0x04 opcode 0x02 index 0x00 status 0x00[0m
[00:00:03.100,000] [0m<dbg> bttester: cmd_handler: cmd service 0x04 opcode 0x78 index 0x00[0m
[00:00:03.100,000] [0m<dbg> bttester_mesh: start: [0m
[00:00:03.100,000] [0m<inf> bttester_mesh: Loading stored settings[0m
[00:00:03.110,000] [0m<inf> bt_hci_core: HCI transport: HCI User Channel[0m
[00:00:03.110,000] [0m<inf> bt_hci_core: Identity: E0:89:9F:67:02:4D (random)[0m
[00:00:03.110,000] [0m<inf> bt_hci_core: HCI: version 6.1 (0x0f) revision 0x3069, manufacturer 0x0059[0m
[00:00:03.110,000] [0m<inf> bt_hci_core: LMP: version 6.1 (0x0f) subver 0x3069[0m
[00:00:03.110,000] [0m<inf> bt_mesh_provisionee: Device UUID: 1f30c70c-476a-4b3e-8908-cdf3c31bb2b2[0m
[00:00:03.210,000] [0m<inf> bt_mesh_provisionee: Device UUID: 1f30c70c-476a-4b3e-8908-cdf3c31bb2b2[0m
[00:00:03.210,000] [0m<dbg> bttester: cmd_handler: Command returns status 0[0m
[00:00:03.210,000] [0m<dbg> bttester: tester_rsp_with_index: service 0x04 opcode 0x78 index 0x00 status 0x00[0m
[00:00:03.430,000] [0m<dbg> bttester_mesh: link_open: bearer 0x01[0m
[00:00:03.430,000] [0m<dbg> bttester: tester_event: service 0x04 opcode 0x84[0m
[00:00:07.990,000] [0m<inf> bt_mesh_main: Primary Element: 0x0002[0m
[00:00:07.990,000] [0m<dbg> bttester_mesh: prov_complete: net_idx 0x0000 addr 0x0002[0m
[00:00:07.990,000] [0m<dbg> bttester: tester_event: service 0x04 opcode 0x83[0m
[00:00:09.650,000] [0m<dbg> bttester_mesh: link_close: bearer 0x01[0m
[00:00:09.650,000] [0m<dbg> bttester: tester_event: service 0x04 opcode 0x85[0m
[00:00:10.790,000] [0m<dbg> bttester_mesh: net_recv_ev: ttl 0x03 ctl 0x00 src 0x0001 dst 0x0002 payload_len 15[0m
[00:00:10.790,000] [0m<dbg> bttester: tester_event: service 0x04 opcode 0x86[0m
[00:00:10.790,000] [0m<dbg> bttester_mesh: model_recv_ev: src 0x0001 dst 0x0002 payload_len 3[0m
[00:00:10.790,000] [0m<dbg> bttester: tester_event: service 0x04 opcode 0x8f[0m
[00:00:11.050,000] [0m<dbg> bttester_mesh: net_recv_ev: ttl 0x03 ctl 0x00 src 0x0001 dst 0x0002 payload_len 15[0m
[00:00:11.050,000] [0m<dbg> bttester: tester_event: service 0x04 opcode 0x86[0m
[00:00:11.050,000] [0m<dbg> bttester_mesh: model_recv_ev: src 0x0001 dst 0x0002 payload_len 3[0m
[00:00:11.050,000] [0m<dbg> bttester: tester_event: service 0x04 opcode 0x8f[0m
[00:00:11.950,000] [0m<dbg> bttester_mesh: net_recv_ev: ttl 0x07 ctl 0x01 src 0x0001 dst 0x0002 payload_len 7[0m
[00:00:11.950,000] [0m<dbg> bttester: tester_event: service 0x04 opcode 0x86[0m
[00:00:12.290,000] [0m<dbg> bttester_mesh: net_recv_ev: ttl 0x07 ctl 0x01 src 0x0001 dst 0x0002 payload_len 7[0m
[00:00:12.290,000] [0m<dbg> bttester: tester_event: service 0x04 opcode 0x86[0m
[00:00:12.430,000] [0m<dbg> bttester_mesh: net_recv_ev: ttl 0x03 ctl 0x00 src 0x0001 dst 0x0002 payload_len 15[0m
[00:00:12.430,000] [0m<dbg> bttester: tester_event: service 0x04 opcode 0x86[0m
[00:00:12.430,000] [0m<dbg> bttester_mesh: model_recv_ev: src 0x0001 dst 0x0002 payload_len 3[0m
[00:00:12.430,000] [0m<dbg> bttester: tester_event: service 0x04 opcode 0x8f[0m
[00:00:13.170,000] [0m<dbg> bttester_mesh: net_recv_ev: ttl 0x07 ctl 0x01 src 0x0001 dst 0x0002 payload_len 7[0m
[00:00:13.170,000] [0m<dbg> bttester: tester_event: service 0x04 opcode 0x86[0m
[00:00:13.410,000] [0m<dbg> bttester_mesh: net_recv_ev: ttl 0x07 ctl 0x01 src 0x0001 dst 0x0002 payload_len 7[0m
[00:00:13.410,000] [0m<dbg> bttester: tester_event: service 0x04 opcode 0x86[0m
[00:00:13.650,000] [0m<dbg> bttester_mesh: net_recv_ev: ttl 0x07 ctl 0x01 src 0x0001 dst 0x0002 payload_len 7[0m
[00:00:13.650,000] [0m<dbg> bttester: tester_event: service 0x04 opcode 0x86[0m
[00:00:13.890,000] [0m<dbg> bttester_mesh: net_recv_ev: ttl 0x07 ctl 0x01 src 0x0001 dst 0x0002 payload_len 7[0m
[00:00:13.890,000] [0m<dbg> bttester: tester_event: service 0x04 opcode 0x86[0m
[00:00:14.130,000] [0m<dbg> bttester_mesh: net_recv_ev: ttl 0x07 ctl 0x01 src 0x0001 dst 0x0002 payload_len 7[0m
[00:00:14.130,000] [0m<dbg> bttester: tester_event: service 0x04 opcode 0x86[0m
[00:00:15.030,000] [0m<dbg> bttester_mesh: net_recv_ev: ttl 0x07 ctl 0x01 src 0x0001 dst 0x0002 payload_len 7[0m
[00:00:15.030,000] [0m<dbg> bttester: tester_event: service 0x04 opcode 0x86[0m
[00:00:15.190,000] [0m<dbg> bttester_mesh: net_recv_ev: ttl 0x03 ctl 0x00 src 0x0001 dst 0x0002 payload_len 15[0m
[00:00:15.190,000] [0m<dbg> bttester: tester_event: service 0x04 opcode 0x86[0m
[00:00:15.190,000] [0m<dbg> bttester_mesh: model_recv_ev: src 0x0001 dst 0x0002 payload_len 3[0m
[00:00:15.190,000] [0m<dbg> bttester: tester_event: service 0x04 opcode 0x8f[0m
[00:00:15.410,000] [0m<dbg> bttester_mesh: net_recv_ev: ttl 0x03 ctl 0x00 src 0x0001 dst 0x0002 payload_len 15[0m
[00:00:15.410,000] [0m<dbg> bttester: tester_event: service 0x04 opcode 0x86[0m
[00:00:15.410,000] [0m<dbg> bttester_mesh: model_recv_ev: src 0x0001 dst 0x0002 payload_len 3[0m
[00:00:15.410,000] [0m<dbg> bttester: tester_event: service 0x04 opcode 0x8f[0m
[00:00:15.410,000] [0m<dbg> bttester_mesh: link_open: bearer 0x04[0m
[00:00:15.410,000] [0m<dbg> bttester: tester_event: service 0x04 opcode 0x84[0m
[00:00:15.630,000] [0m<dbg> bttester_mesh: net_recv_ev: ttl 0x07 ctl 0x01 src 0x0001 dst 0x0002 payload_len 7[0m
[00:00:15.630,000] [0m<dbg> bttester: tester_event: service 0x04 opcode 0x86[0m
[00:00:15.970,000] [0m<dbg> bttester_mesh: net_recv_ev: ttl 0x03 ctl 0x00 src 0x0001 dst 0x0002 payload_len 13[0m
[00:00:15.970,000] [0m<dbg> bttester: tester_event: service 0x04 opcode 0x86[0m
[00:00:15.970,000] [0m<dbg> bttester_mesh: model_recv_ev: src 0x0001 dst 0x0002 payload_len 5[0m
[00:00:15.970,000] [0m<dbg> bttester: tester_event: service 0x04 opcode 0x8f[0m
[00:00:16.190,000] [0m<dbg> bttester_mesh: net_recv_ev: ttl 0x07 ctl 0x01 src 0x0001 dst 0x0002 payload_len 7[0m
[00:00:16.190,000] [0m<dbg> bttester: tester_event: service 0x04 opcode 0x86[0m
[00:00:17.150,000] [0m<dbg> bttester_mesh: net_recv_ev: ttl 0x07 ctl 0x01 src 0x0001 dst 0x0002 payload_len 7[0m
[00:00:17.150,000] [0m<dbg> bttester: tester_event: service 0x04 opcode 0x86[0m
[00:00:17.290,000] [0m<dbg> bttester_mesh: net_recv_ev: ttl 0x03 ctl 0x00 src 0x0001 dst 0x0002 payload_len 16[0m
[00:00:17.290,000] [0m<dbg> bttester: tester_event: service 0x04 opcode 0x86[0m
[00:00:17.350,000] [0m<dbg> bttester_mesh: net_recv_ev: ttl 0x03 ctl 0x00 src 0x0001 dst 0x0002 payload_len 9[0m
[00:00:17.350,000] [0m<dbg> bttester: tester_event: service 0x04 opcode 0x86[0m
[00:00:17.350,000] [0m<dbg> bttester_mesh: model_recv_ev: src 0x0001 dst 0x0002 payload_len 9[0m
[00:00:17.350,000] [0m<dbg> bttester: tester_event: service 0x04 opcode 0x8f[0m
[00:00:17.610,000] [0m<dbg> bttester_mesh: net_recv_ev: ttl 0x07 ctl 0x01 src 0x0001 dst 0x0002 payload_len 7[0m
[00:00:17.610,000] [0m<dbg> bttester: tester_event: service 0x04 opcode 0x86[0m
[00:00:17.710,000] [0m<dbg> bttester_mesh: net_recv_ev: ttl 0x03 ctl 0x00 src 0x0001 dst 0x0002 payload_len 16[0m
[00:00:17.710,000] [0m<dbg> bttester: tester_event: service 0x04 opcode 0x86[0m
[00:00:17.770,000] [0m<dbg> bttester_mesh: net_recv_ev: ttl 0x03 ctl 0x00 src 0x0001 dst 0x0002 payload_len 16[0m
[00:00:17.770,000] [0m<dbg> bttester: tester_event: service 0x04 opcode 0x86[0m
[00:00:17.830,000] [0m<dbg> bttester_mesh: net_recv_ev: ttl 0x03 ctl 0x00 src 0x0001 dst 0x0002 payload_len 16[0m
[00:00:17.830,000] [0m<dbg> bttester: tester_event: service 0x04 opcode 0x86[0m
[00:00:17.870,000] [0m<dbg> bttester_mesh: net_recv_ev: ttl 0x03 ctl 0x00 src 0x0001 dst 0x0002 payload_len 16[0m
[00:00:17.870,000] [0m<dbg> bttester: tester_event: service 0x04 opcode 0x86[0m
[00:00:17.910,000] [0m<dbg> bttester_mesh: net_recv_ev: ttl 0x03 ctl 0x00 src 0x0001 dst 0x0002 payload_len 16[0m
[00:00:17.910,000] [0m<dbg> bttester: tester_event: service 0x04 opcode 0x86[0m
[00:00:17.970,000] [0m<dbg> bttester_mesh: net_recv_ev: ttl 0x03 ctl 0x00 src 0x0001 dst 0x0002 payload_len 16[0m
[00:00:17.970,000] [0m<dbg> bttester: tester_event: service 0x04 opcode 0x86[0m
[00:00:17.970,000] [0m<dbg> bttester_mesh: model_recv_ev: src 0x0001 dst 0x0002 payload_len 68[0m
[00:00:17.970,000] [0m<dbg> bttester: tester_event: service 0x04 opcode 0x8f[0m
[00:00:18.190,000] [0m<dbg> bttester_mesh: net_recv_ev: ttl 0x07 ctl 0x01 src 0x0001 dst 0x0002 payload_len 7[0m
[00:00:18.190,000] [0m<dbg> bttester: tester_event: service 0x04 opcode 0x86[0m
[00:00:18.930,000] [0m<dbg> bttester_mesh: net_recv_ev: ttl 0x07 ctl 0x01 src 0x0001 dst 0x0002 payload_len 7[0m
[00:00:18.930,000] [0m<dbg> bttester: tester_event: service 0x04 opcode 0x86[0m
[00:00:19.130,000] [0m<dbg> bttester_mesh: net_recv_ev: ttl 0x07 ctl 0x01 src 0x0001 dst 0x0002 payload_len 7[0m
[00:00:19.130,000] [0m<dbg> bttester: tester_event: service 0x04 opcode 0x86[0m
[00:00:19.410,000] [0m<dbg> bttester_mesh: net_recv_ev: ttl 0x07 ctl 0x01 src 0x0001 dst 0x0002 payload_len 7[0m
[00:00:19.410,000] [0m<dbg> bttester: tester_event: service 0x04 opcode 0x86[0m
[00:00:19.610,000] [0m<dbg> bttester_mesh: net_recv_ev: ttl 0x07 ctl 0x01 src 0x0001 dst 0x0002 payload_len 7[0m
[00:00:19.610,000] [0m<dbg> bttester: tester_event: service 0x04 opcode 0x86[0m
[00:00:19.810,000] [0m<dbg> bttester_mesh: net_recv_ev: ttl 0x03 ctl 0x00 src 0x0001 dst 0x0002 payload_len 16[0m
[00:00:19.810,000] [0m<dbg> bttester: tester_event: service 0x04 opcode 0x86[0m
[00:00:20.030,000] [0m<dbg> bttester_mesh: net_recv_ev: ttl 0x03 ctl 0x00 src 0x0001 dst 0x0002 payload_len 16[0m
[00:00:20.030,000] [0m<dbg> bttester: tester_event: service 0x04 opcode 0x86[0m
[00:00:20.030,000] [0m<dbg> bttester_mesh: model_recv_ev: src 0x0001 dst 0x0002 payload_len 20[0m
[00:00:20.030,000] [0m<dbg> bttester: tester_event: service 0x04 opcode 0x8f[0m
[00:00:20.270,000] [0m<dbg> bttester_mesh: net_recv_ev: ttl 0x07 ctl 0x01 src 0x0001 dst 0x0002 payload_len 7[0m
[00:00:20.270,000] [0m<dbg> bttester: tester_event: service 0x04 opcode 0x86[0m
[00:00:20.970,000] [0m<dbg> bttester_mesh: net_recv_ev: ttl 0x07 ctl 0x01 src 0x0001 dst 0x0002 payload_len 7[0m
[00:00:20.970,000] [0m<dbg> bttester: tester_event: service 0x04 opcode 0x86[0m
[00:00:21.150,000] [0m<dbg> bttester_mesh: net_recv_ev: ttl 0x03 ctl 0x00 src 0x0001 dst 0x0002 payload_len 16[0m
[00:00:21.150,000] [0m<dbg> bttester: tester_event: service 0x04 opcode 0x86[0m
[00:00:21.190,000] [0m<dbg> bttester_mesh: net_recv_ev: ttl 0x03 ctl 0x00 src 0x0001 dst 0x0002 payload_len 16[0m
[00:00:21.190,000] [0m<dbg> bttester: tester_event: service 0x04 opcode 0x86[0m
[00:00:21.190,000] [0m<dbg> bttester_mesh: model_recv_ev: src 0x0001 dst 0x0002 payload_len 20[0m
[00:00:21.190,000] [0m<dbg> bttester: tester_event: service 0x04 opcode 0x8f[0m
[00:00:21.410,000] [0m<dbg> bttester_mesh: net_recv_ev: ttl 0x07 ctl 0x01 src 0x0001 dst 0x0002 payload_len 7[0m
[00:00:21.410,000] [0m<dbg> bttester: tester_event: service 0x04 opcode 0x86[0m
[00:00:22.050,000] [0m<dbg> bttester_mesh: net_recv_ev: ttl 0x07 ctl 0x01 src 0x0001 dst 0x0002 payload_len 7[0m
[00:00:22.050,000] [0m<dbg> bttester: tester_event: service 0x04 opcode 0x86[0m
[00:00:22.230,000] [0m<dbg> bttester_mesh: net_recv_ev: ttl 0x03 ctl 0x00 src 0x0001 dst 0x0002 payload_len 16[0m
[00:00:22.230,000] [0m<dbg> bttester: tester_event: service 0x04 opcode 0x86[0m
[00:00:22.270,000] [0m<dbg> bttester_mesh: net_recv_ev: ttl 0x03 ctl 0x00 src 0x0001 dst 0x0002 payload_len 16[0m
[00:00:22.270,000] [0m<dbg> bttester: tester_event: service 0x04 opcode 0x86[0m
[00:00:22.310,000] [0m<dbg> bttester_mesh: net_recv_ev: ttl 0x03 ctl 0x00 src 0x0001 dst 0x0002 payload_len 16[0m
[00:00:22.310,000] [0m<dbg> bttester: tester_event: service 0x04 opcode 0x86[0m
[00:00:23.590,000] [0m<dbg> bttester_mesh: net_recv_ev: ttl 0x03 ctl 0x00 src 0x0001 dst 0x0002 payload_len 13[0m
[00:00:23.590,000] [0m<dbg> bttester: tester_event: service 0x04 opcode 0x86[0m
[00:00:23.590,000] [0m<dbg> bttester_mesh: model_recv_ev: src 0x0001 dst 0x0002 payload_len 37[0m
[00:00:23.590,000] [0m<dbg> bttester: tester_event: service 0x04 opcode 0x8f[0m
[00:00:23.590,000] [1;31m<err> bt_mesh_provisionee: Invalid netkey[0m
[00:00:23.830,000] [0m<dbg> bttester_mesh: net_recv_ev: ttl 0x07 ctl 0x01 src 0x0001 dst 0x0002 payload_len 7[0m
[00:00:23.830,000] [0m<dbg> bttester: tester_event: service 0x04 opcode 0x86[0m
[00:00:24.170,000] [0m<dbg> bttester_mesh: net_recv_ev: ttl 0x07 ctl 0x01 src 0x0001 dst 0x0002 payload_len 7[0m
[00:00:24.170,000] [0m<dbg> bttester: tester_event: service 0x04 opcode 0x86[0m
[00:00:24.330,000] [0m<dbg> bttester_mesh: net_recv_ev: ttl 0x03 ctl 0x00 src 0x0001 dst 0x0002 payload_len 15[0m
[00:00:24.330,000] [0m<dbg> bttester: tester_event: service 0x04 opcode 0x86[0m
[00:00:24.330,000] [0m<dbg> bttester_mesh: model_recv_ev: src 0x0001 dst 0x0002 payload_len 3[0m
[00:00:24.330,000] [0m<dbg> bttester: tester_event: service 0x04 opcode 0x8f[0m
[00:00:24.330,000] [0m<dbg> bttester_mesh: link_close: bearer 0x04[0m
[00:00:24.330,000] [0m<dbg> bttester: tester_event: service 0x04 opcode 0x85[0m
[00:00:24.570,000] [0m<dbg> bttester_mesh: net_recv_ev: ttl 0x03 ctl 0x00 src 0x0001 dst 0x0002 payload_len 15[0m
[00:00:24.570,000] [0m<dbg> bttester: tester_event: service 0x04 opcode 0x86[0m
[00:00:24.670,000] [0m<dbg> bttester_mesh: net_recv_ev: ttl 0x07 ctl 0x01 src 0x0001 dst 0x0002 payload_len 7[0m
[00:00:24.670,000] [0m<dbg> bttester: tester_event: service 0x04 opcode 0x86[0m
[00:00:25.790,000] [0m<dbg> bttester_mesh: net_recv_ev: ttl 0x03 ctl 0x00 src 0x0001 dst 0x0002 payload_len 15[0m
[00:00:25.790,000] [0m<dbg> bttester: tester_event: service 0x04 opcode 0x86[0m
[00:00:26.910,000] [0m<dbg> bttester_mesh: net_recv_ev: ttl 0x03 ctl 0x00 src 0x0001 dst 0x0002 payload_len 15[0m
[00:00:26.910,000] [0m<dbg> bttester: tester_event: service 0x04 opcode 0x86[0m
[00:00:28.070,000] [0m<dbg> bttester_mesh: net_recv_ev: ttl 0x03 ctl 0x00 src 0x0001 dst 0x0002 payload_len 15[0m
[00:00:28.070,000] [0m<dbg> bttester: tester_event: service 0x04 opcode 0x86[0m
[00:00:29.230,000] [0m<dbg> bttester_mesh: net_recv_ev: ttl 0x03 ctl 0x00 src 0x0001 dst 0x0002 payload_len 15[0m
[00:00:29.230,000] [0m<dbg> bttester: tester_event: service 0x04 opcode 0x86[0m
[00:00:30.370,000] [0m<dbg> bttester_mesh: net_recv_ev: ttl 0x03 ctl 0x00 src 0x0001 dst 0x0002 payload_len 14[0m
[00:00:30.370,000] [0m<dbg> bttester: tester_event: service 0x04 opcode 0x86[0m
[00:00:30.370,000] [0m<dbg> bttester_mesh: model_recv_ev: src 0x0001 dst 0x0002 payload_len 2[0m
[00:00:30.370,000] [0m<dbg> bttester: tester_event: service 0x04 opcode 0x8f[0m
[00:00:30.630,000] [0m<dbg> bttester_mesh: net_recv_ev: ttl 0x03 ctl 0x00 src 0x0001 dst 0x0002 payload_len 15[0m
[00:00:30.630,000] [0m<dbg> bttester: tester_event: service 0x04 opcode 0x86[0m
[00:00:30.630,000] [0m<dbg> bttester_mesh: model_recv_ev: src 0x0001 dst 0x0002 payload_len 3[0m
[00:00:30.630,000] [0m<dbg> bttester: tester_event: service 0x04 opcode 0x8f[0m
[00:00:31.330,000] [0m<dbg> bttester_mesh: net_recv_ev: ttl 0x07 ctl 0x01 src 0x0001 dst 0x0002 payload_len 7[0m
[00:00:31.330,000] [0m<dbg> bttester: tester_event: service 0x04 opcode 0x86[0m
[00:00:31.570,000] [0m<dbg> bttester_mesh: net_recv_ev: ttl 0x07 ctl 0x01 src 0x0001 dst 0x0002 payload_len 7[0m
[00:00:31.570,000] [0m<dbg> bttester: tester_event: service 0x04 opcode 0x86[0m
[00:00:31.810,000] [0m<dbg> bttester_mesh: net_recv_ev: ttl 0x07 ctl 0x01 src 0x0001 dst 0x0002 payload_len 7[0m
[00:00:31.810,000] [0m<dbg> bttester: tester_event: service 0x04 opcode 0x86[0m
[00:00:32.070,000] [0m<dbg> bttester_mesh: net_recv_ev: ttl 0x07 ctl 0x01 src 0x0001 dst 0x0002 payload_len 7[0m
[00:00:32.070,000] [0m<dbg> bttester: tester_event: service 0x04 opcode 0x86[0m
[00:00:32.350,000] [0m<dbg> bttester_mesh: net_recv_ev: ttl 0x07 ctl 0x01 src 0x0001 dst 0x0002 payload_len 7[0m
[00:00:32.350,000] [0m<dbg> bttester: tester_event: service 0x04 opcode 0x86[0m
[00:00:32.550,000] [0m<dbg> bttester_mesh: net_recv_ev: ttl 0x07 ctl 0x01 src 0x0001 dst 0x0002 payload_len 7[0m
[00:00:32.550,000] [0m<dbg> bttester: tester_event: service 0x04 opcode 0x86[0m
[00:00:32.710,000] [0m<dbg> bttester_mesh: net_recv_ev: ttl 0x03 ctl 0x00 src 0x0001 dst 0x0002 payload_len 15[0m
[00:00:32.710,000] [0m<dbg> bttester: tester_event: service 0x04 opcode 0x86[0m
[00:00:32.710,000] [0m<dbg> bttester_mesh: model_recv_ev: src 0x0001 dst 0x0002 payload_len 3[0m
[00:00:32.710,000] [0m<dbg> bttester: tester_event: service 0x04 opcode 0x8f[0m
[00:00:32.710,000] [0m<dbg> bttester_mesh: link_open: bearer 0x04[0m
[00:00:32.710,000] [0m<dbg> bttester: tester_event: service 0x04 opcode 0x84[0m
[00:00:32.970,000] [0m<dbg> bttester_mesh: net_recv_ev: ttl 0x07 ctl 0x01 src 0x0001 dst 0x0002 payload_len 7[0m
[00:00:32.970,000] [0m<dbg> bttester: tester_event: service 0x04 opcode 0x86[0m
[00:00:33.790,000] [0m<dbg> bttester_mesh: net_recv_ev: ttl 0x03 ctl 0x00 src 0x0001 dst 0x0002 payload_len 13[0m
[00:00:33.790,000] [0m<dbg> bttester: tester_event: service 0x04 opcode 0x86[0m
[00:00:33.790,000] [0m<dbg> bttester_mesh: model_recv_ev: src 0x0001 dst 0x0002 payload_len 5[0m
[00:00:33.790,000] [0m<dbg> bttester: tester_event: service 0x04 opcode 0x8f[0m
[00:00:34.010,000] [0m<dbg> bttester_mesh: net_recv_ev: ttl 0x07 ctl 0x01 src 0x0001 dst 0x0002 payload_len 7[0m
[00:00:34.010,000] [0m<dbg> bttester: tester_event: service 0x04 opcode 0x86[0m
[00:00:34.370,000] [0m<dbg> bttester_mesh: net_recv_ev: ttl 0x07 ctl 0x01 src 0x0001 dst 0x0002 payload_len 7[0m
[00:00:34.370,000] [0m<dbg> bttester: tester_event: service 0x04 opcode 0x86[0m
[00:00:34.490,000] [0m<dbg> bttester_mesh: net_recv_ev: ttl 0x03 ctl 0x00 src 0x0001 dst 0x0002 payload_len 16[0m
[00:00:34.490,000] [0m<dbg> bttester: tester_event: service 0x04 opcode 0x86[0m
[00:00:34.530,000] [0m<dbg> bttester_mesh: net_recv_ev: ttl 0x03 ctl 0x00 src 0x0001 dst 0x0002 payload_len 9[0m
[00:00:34.530,000] [0m<dbg> bttester: tester_event: service 0x04 opcode 0x86[0m
[00:00:34.530,000] [0m<dbg> bttester_mesh: model_recv_ev: src 0x0001 dst 0x0002 payload_len 9[0m
[00:00:34.530,000] [0m<dbg> bttester: tester_event: service 0x04 opcode 0x8f[0m
[00:00:34.770,000] [0m<dbg> bttester_mesh: net_recv_ev: ttl 0x07 ctl 0x01 src 0x0001 dst 0x0002 payload_len 7[0m
[00:00:34.770,000] [0m<dbg> bttester: tester_event: service 0x04 opcode 0x86[0m
[00:00:35.070,000] [0m<dbg> bttester_mesh: net_recv_ev: ttl 0x03 ctl 0x00 src 0x0001 dst 0x0002 payload_len 16[0m
[00:00:35.070,000] [0m<dbg> bttester: tester_event: service 0x04 opcode 0x86[0m
[00:00:35.150,000] [0m<dbg> bttester_mesh: net_recv_ev: ttl 0x03 ctl 0x00 src 0x0001 dst 0x0002 payload_len 16[0m
[00:00:35.150,000] [0m<dbg> bttester: tester_event: service 0x04 opcode 0x86[0m
[00:00:35.210,000] [0m<dbg> bttester_mesh: net_recv_ev: ttl 0x03 ctl 0x00 src 0x0001 dst 0x0002 payload_len 16[0m
[00:00:35.210,000] [0m<dbg> bttester: tester_event: service 0x04 opcode 0x86[0m
[00:00:35.490,000] [0m<dbg> bttester_mesh: net_recv_ev: ttl 0x03 ctl 0x00 src 0x0001 dst 0x0002 payload_len 16[0m
[00:00:35.490,000] [0m<dbg> bttester: tester_event: service 0x04 opcode 0x86[0m
[00:00:35.550,000] [0m<dbg> bttester_mesh: net_recv_ev: ttl 0x03 ctl 0x00 src 0x0001 dst 0x0002 payload_len 16[0m
[00:00:35.550,000] [0m<dbg> bttester: tester_event: service 0x04 opcode 0x86[0m
[00:00:35.590,000] [0m<dbg> bttester_mesh: net_recv_ev: ttl 0x03 ctl 0x00 src 0x0001 dst 0x0002 payload_len 16[0m
[00:00:35.590,000] [0m<dbg> bttester: tester_event: service 0x04 opcode 0x86[0m
[00:00:35.590,000] [0m<dbg> bttester_mesh: model_recv_ev: src 0x0001 dst 0x0002 payload_len 68[0m
[00:00:35.590,000] [0m<dbg> bttester: tester_event: service 0x04 opcode 0x8f[0m
[00:00:35.650,000] [0m<dbg> bttester_mesh: net_recv_ev: ttl 0x03 ctl 0x00 src 0x0001 dst 0x0002 payload_len 16[0m
[00:00:35.650,000] [0m<dbg> bttester: tester_event: service 0x04 opcode 0x86[0m
[00:00:35.690,000] [0m<dbg> bttester_mesh: net_recv_ev: ttl 0x03 ctl 0x00 src 0x0001 dst 0x0002 payload_len 16[0m
[00:00:35.690,000] [0m<dbg> bttester: tester_event: service 0x04 opcode 0x86[0m
[00:00:35.750,000] [0m<dbg> bttester_mesh: net_recv_ev: ttl 0x03 ctl 0x00 src 0x0001 dst 0x0002 payload_len 16[0m
[00:00:35.750,000] [0m<dbg> bttester: tester_event: service 0x04 opcode 0x86[0m
[00:00:36.410,000] [0m<dbg> bttester_mesh: net_recv_ev: ttl 0x07 ctl 0x01 src 0x0001 dst 0x0002 payload_len 7[0m
[00:00:36.410,000] [0m<dbg> bttester: tester_event: service 0x04 opcode 0x86[0m
[00:00:37.210,000] [0m<dbg> bttester_mesh: net_recv_ev: ttl 0x07 ctl 0x01 src 0x0001 dst 0x0002 payload_len 7[0m
[00:00:37.210,000] [0m<dbg> bttester: tester_event: service 0x04 opcode 0x86[0m
[00:00:37.510,000] [0m<dbg> bttester_mesh: net_recv_ev: ttl 0x07 ctl 0x01 src 0x0001 dst 0x0002 payload_len 7[0m
[00:00:37.510,000] [0m<dbg> bttester: tester_event: service 0x04 opcode 0x86[0m
[00:00:37.750,000] [0m<dbg> bttester_mesh: net_recv_ev: ttl 0x07 ctl 0x01 src 0x0001 dst 0x0002 payload_len 7[0m
[00:00:37.750,000] [0m<dbg> bttester: tester_event: service 0x04 opcode 0x86[0m
[00:00:37.890,000] [0m<dbg> bttester_mesh: net_recv_ev: ttl 0x03 ctl 0x00 src 0x0001 dst 0x0002 payload_len 16[0m
[00:00:37.890,000] [0m<dbg> bttester: tester_event: service 0x04 opcode 0x86[0m
[00:00:38.750,000] [0m<dbg> bttester_mesh: net_recv_ev: ttl 0x03 ctl 0x00 src 0x0001 dst 0x0002 payload_len 16[0m
[00:00:38.750,000] [0m<dbg> bttester: tester_event: service 0x04 opcode 0x86[0m
[00:00:38.750,000] [0m<dbg> bttester_mesh: model_recv_ev: src 0x0001 dst 0x0002 payload_len 20[0m
[00:00:38.750,000] [0m<dbg> bttester: tester_event: service 0x04 opcode 0x8f[0m
[00:00:39.010,000] [0m<dbg> bttester_mesh: net_recv_ev: ttl 0x07 ctl 0x01 src 0x0001 dst 0x0002 payload_len 7[0m
[00:00:39.010,000] [0m<dbg> bttester: tester_event: service 0x04 opcode 0x86[0m
[00:00:39.690,000] [0m<dbg> bttester_mesh: net_recv_ev: ttl 0x07 ctl 0x01 src 0x0001 dst 0x0002 payload_len 7[0m
[00:00:39.690,000] [0m<dbg> bttester: tester_event: service 0x04 opcode 0x86[0m
[00:00:39.850,000] [0m<dbg> bttester_mesh: net_recv_ev: ttl 0x03 ctl 0x00 src 0x0001 dst 0x0002 payload_len 16[0m
[00:00:39.850,000] [0m<dbg> bttester: tester_event: service 0x04 opcode 0x86[0m
[00:00:40.070,000] [0m<dbg> bttester_mesh: net_recv_ev: ttl 0x03 ctl 0x00 src 0x0001 dst 0x0002 payload_len 16[0m
[00:00:40.070,000] [0m<dbg> bttester: tester_event: service 0x04 opcode 0x86[0m
[00:00:40.070,000] [0m<dbg> bttester_mesh: model_recv_ev: src 0x0001 dst 0x0002 payload_len 20[0m
[00:00:40.070,000] [0m<dbg> bttester: tester_event: service 0x04 opcode 0x8f[0m
[00:00:40.270,000] [0m<dbg> bttester_mesh: net_recv_ev: ttl 0x07 ctl 0x01 src 0x0001 dst 0x0002 payload_len 7[0m
[00:00:40.270,000] [0m<dbg> bttester: tester_event: service 0x04 opcode 0x86[0m
[00:00:40.870,000] [0m<dbg> bttester_mesh: net_recv_ev: ttl 0x07 ctl 0x01 src 0x0001 dst 0x0002 payload_len 7[0m
[00:00:40.870,000] [0m<dbg> bttester: tester_event: service 0x04 opcode 0x86[0m
[00:00:41.050,000] [0m<dbg> bttester_mesh: net_recv_ev: ttl 0x03 ctl 0x00 src 0x0001 dst 0x0002 payload_len 16[0m
[00:00:41.050,000] [0m<dbg> bttester: tester_event: service 0x04 opcode 0x86[0m
[00:00:41.110,000] [0m<dbg> bttester_mesh: net_recv_ev: ttl 0x03 ctl 0x00 src 0x0001 dst 0x0002 payload_len 16[0m
[00:00:41.110,000] [0m<dbg> bttester: tester_event: service 0x04 opcode 0x86[0m
[00:00:41.150,000] [0m<dbg> bttester_mesh: net_recv_ev: ttl 0x03 ctl 0x00 src 0x0001 dst 0x0002 payload_len 16[0m
[00:00:41.150,000] [0m<dbg> bttester: tester_event: service 0x04 opcode 0x86[0m
[00:00:41.230,000] [0m<dbg> bttester_mesh: net_recv_ev: ttl 0x03 ctl 0x00 src 0x0001 dst 0x0002 payload_len 13[0m
[00:00:41.230,000] [0m<dbg> bttester: tester_event: service 0x04 opcode 0x86[0m
[00:00:41.230,000] [0m<dbg> bttester_mesh: model_recv_ev: src 0x0001 dst 0x0002 payload_len 37[0m
[00:00:41.230,000] [0m<dbg> bttester: tester_event: service 0x04 opcode 0x8f[0m
[00:00:41.230,000] [1;31m<err> bt_mesh_provisionee: Invalid netkey[0m
[00:00:41.510,000] [0m<dbg> bttester_mesh: net_recv_ev: ttl 0x07 ctl 0x01 src 0x0001 dst 0x0002 payload_len 7[0m
[00:00:41.510,000] [0m<dbg> bttester: tester_event: service 0x04 opcode 0x86[0m
[00:00:41.970,000] [0m<dbg> bttester_mesh: net_recv_ev: ttl 0x07 ctl 0x01 src 0x0001 dst 0x0002 payload_len 7[0m
[00:00:41.970,000] [0m<dbg> bttester: tester_event: service 0x04 opcode 0x86[0m
[00:00:42.590,000] [0m<dbg> bttester_mesh: net_recv_ev: ttl 0x03 ctl 0x00 src 0x0001 dst 0x0002 payload_len 15[0m
[00:00:42.590,000] [0m<dbg> bttester: tester_event: service 0x04 opcode 0x86[0m
[00:00:42.590,000] [0m<dbg> bttester_mesh: model_recv_ev: src 0x0001 dst 0x0002 payload_len 3[0m
[00:00:42.590,000] [0m<dbg> bttester: tester_event: service 0x04 opcode 0x8f[0m
[00:00:42.590,000] [0m<dbg> bttester_mesh: link_close: bearer 0x04[0m
[00:00:42.590,000] [0m<dbg> bttester: tester_event: service 0x04 opcode 0x85[0m
[00:00:42.830,000] [0m<dbg> bttester_mesh: net_recv_ev: ttl 0x03 ctl 0x00 src 0x0001 dst 0x0002 payload_len 15[0m
[00:00:42.830,000] [0m<dbg> bttester: tester_event: service 0x04 opcode 0x86[0m
[00:00:42.930,000] [0m<dbg> bttester_mesh: net_recv_ev: ttl 0x07 ctl 0x01 src 0x0001 dst 0x0002 payload_len 7[0m
[00:00:42.930,000] [0m<dbg> bttester: tester_event: service 0x04 opcode 0x86[0m
[00:00:44.570,000] [0m<dbg> bttester_mesh: net_recv_ev: ttl 0x03 ctl 0x00 src 0x0001 dst 0x0002 payload_len 15[0m
[00:00:44.570,000] [0m<dbg> bttester: tester_event: service 0x04 opcode 0x86[0m
[00:00:45.710,000] [0m<dbg> bttester_mesh: net_recv_ev: ttl 0x03 ctl 0x00 src 0x0001 dst 0x0002 payload_len 15[0m
[00:00:45.710,000] [0m<dbg> bttester: tester_event: service 0x04 opcode 0x86[0m
[00:00:46.930,000] [0m<dbg> bttester_mesh: net_recv_ev: ttl 0x03 ctl 0x00 src 0x0001 dst 0x0002 payload_len 15[0m
[00:00:46.930,000] [0m<dbg> bttester: tester_event: service 0x04 opcode 0x86[0m
[00:00:48.050,000] [0m<dbg> bttester_mesh: net_recv_ev: ttl 0x03 ctl 0x00 src 0x0001 dst 0x0002 payload_len 14[0m
[00:00:48.050,000] [0m<dbg> bttester: tester_event: service 0x04 opcode 0x86[0m
[00:00:48.050,000] [0m<dbg> bttester_mesh: model_recv_ev: src 0x0001 dst 0x0002 payload_len 2[0m
[00:00:48.050,000] [0m<dbg> bttester: tester_event: service 0x04 opcode 0x8f[0m
[00:00:48.290,000] [0m<dbg> bttester_mesh: net_recv_ev: ttl 0x03 ctl 0x00 src 0x0001 dst 0x0002 payload_len 15[0m
[00:00:48.290,000] [0m<dbg> bttester: tester_event: service 0x04 opcode 0x86[0m
[00:00:48.290,000] [0m<dbg> bttester_mesh: model_recv_ev: src 0x0001 dst 0x0002 payload_len 3[0m
[00:00:48.290,000] [0m<dbg> bttester: tester_event: service 0x04 opcode 0x8f[0m
[00:00:49.150,000] [0m<dbg> bttester_mesh: net_recv_ev: ttl 0x07 ctl 0x01 src 0x0001 dst 0x0002 payload_len 7[0m
[00:00:49.150,000] [0m<dbg> bttester: tester_event: service 0x04 opcode 0x86[0m
[00:00:49.430,000] [0m<dbg> bttester_mesh: net_recv_ev: ttl 0x07 ctl 0x01 src 0x0001 dst 0x0002 payload_len 7[0m
[00:00:49.430,000] [0m<dbg> bttester: tester_event: service 0x04 opcode 0x86[0m
[00:00:49.710,000] [0m<dbg> bttester_mesh: net_recv_ev: ttl 0x07 ctl 0x01 src 0x0001 dst 0x0002 payload_len 7[0m
[00:00:49.710,000] [0m<dbg> bttester: tester_event: service 0x04 opcode 0x86[0m
[00:00:49.930,000] [0m<dbg> bttester_mesh: net_recv_ev: ttl 0x07 ctl 0x01 src 0x0001 dst 0x0002 payload_len 7[0m
[00:00:49.930,000] [0m<dbg> bttester: tester_event: service 0x04 opcode 0x86[0m
[00:00:50.170,000] [0m<dbg> bttester_mesh: net_recv_ev: ttl 0x07 ctl 0x01 src 0x0001 dst 0x0002 payload_len 7[0m
[00:00:50.170,000] [0m<dbg> bttester: tester_event: service 0x04 opcode 0x86[0m
[00:00:50.310,000] [0m<dbg> bttester_mesh: net_recv_ev: ttl 0x03 ctl 0x00 src 0x0001 dst 0x0002 payload_len 15[0m
[00:00:50.310,000] [0m<dbg> bttester: tester_event: service 0x04 opcode 0x86[0m
[00:00:50.310,000] [0m<dbg> bttester_mesh: model_recv_ev: src 0x0001 dst 0x0002 payload_len 3[0m
[00:00:50.310,000] [0m<dbg> bttester: tester_event: service 0x04 opcode 0x8f[0m
[00:00:50.310,000] [0m<dbg> bttester_mesh: link_open: bearer 0x04[0m
[00:00:50.310,000] [0m<dbg> bttester: tester_event: service 0x04 opcode 0x84[0m
[00:00:50.550,000] [0m<dbg> bttester_mesh: net_recv_ev: ttl 0x07 ctl 0x01 src 0x0001 dst 0x0002 payload_len 7[0m
[00:00:50.550,000] [0m<dbg> bttester: tester_event: service 0x04 opcode 0x86[0m
[00:00:50.870,000] [0m<dbg> bttester_mesh: net_recv_ev: ttl 0x03 ctl 0x00 src 0x0001 dst 0x0002 payload_len 13[0m
[00:00:50.870,000] [0m<dbg> bttester: tester_event: service 0x04 opcode 0x86[0m
[00:00:50.870,000] [0m<dbg> bttester_mesh: model_recv_ev: src 0x0001 dst 0x0002 payload_len 5[0m
[00:00:50.870,000] [0m<dbg> bttester: tester_event: service 0x04 opcode 0x8f[0m
[00:00:51.110,000] [0m<dbg> bttester_mesh: net_recv_ev: ttl 0x07 ctl 0x01 src 0x0001 dst 0x0002 payload_len 7[0m
[00:00:51.110,000] [0m<dbg> bttester: tester_event: service 0x04 opcode 0x86[0m
[00:00:51.490,000] [0m<dbg> bttester_mesh: net_recv_ev: ttl 0x07 ctl 0x01 src 0x0001 dst 0x0002 payload_len 7[0m
[00:00:51.490,000] [0m<dbg> bttester: tester_event: service 0x04 opcode 0x86[0m
[00:00:51.670,000] [0m<dbg> bttester_mesh: net_recv_ev: ttl 0x03 ctl 0x00 src 0x0001 dst 0x0002 payload_len 16[0m
[00:00:51.670,000] [0m<dbg> bttester: tester_event: service 0x04 opcode 0x86[0m
[00:00:51.730,000] [0m<dbg> bttester_mesh: net_recv_ev: ttl 0x03 ctl 0x00 src 0x0001 dst 0x0002 payload_len 9[0m
[00:00:51.730,000] [0m<dbg> bttester: tester_event: service 0x04 opcode 0x86[0m
[00:00:51.730,000] [0m<dbg> bttester_mesh: model_recv_ev: src 0x0001 dst 0x0002 payload_len 9[0m
[00:00:51.730,000] [0m<dbg> bttester: tester_event: service 0x04 opcode 0x8f[0m
[00:00:51.950,000] [0m<dbg> bttester_mesh: net_recv_ev: ttl 0x07 ctl 0x01 src 0x0001 dst 0x0002 payload_len 7[0m
[00:00:51.950,000] [0m<dbg> bttester: tester_event: service 0x04 opcode 0x86[0m
[00:00:52.110,000] [0m<dbg> bttester_mesh: net_recv_ev: ttl 0x03 ctl 0x00 src 0x0001 dst 0x0002 payload_len 16[0m
[00:00:52.110,000] [0m<dbg> bttester: tester_event: service 0x04 opcode 0x86[0m
[00:00:52.170,000] [0m<dbg> bttester_mesh: net_recv_ev: ttl 0x03 ctl 0x00 src 0x0001 dst 0x0002 payload_len 16[0m
[00:00:52.170,000] [0m<dbg> bttester: tester_event: service 0x04 opcode 0x86[0m
[00:00:52.210,000] [0m<dbg> bttester_mesh: net_recv_ev: ttl 0x03 ctl 0x00 src 0x0001 dst 0x0002 payload_len 16[0m
[00:00:52.210,000] [0m<dbg> bttester: tester_event: service 0x04 opcode 0x86[0m
[00:00:52.250,000] [0m<dbg> bttester_mesh: net_recv_ev: ttl 0x03 ctl 0x00 src 0x0001 dst 0x0002 payload_len 16[0m
[00:00:52.250,000] [0m<dbg> bttester: tester_event: service 0x04 opcode 0x86[0m
[00:00:52.310,000] [0m<dbg> bttester_mesh: net_recv_ev: ttl 0x03 ctl 0x00 src 0x0001 dst 0x0002 payload_len 16[0m
[00:00:52.310,000] [0m<dbg> bttester: tester_event: service 0x04 opcode 0x86[0m
[00:00:52.350,000] [0m<dbg> bttester_mesh: net_recv_ev: ttl 0x03 ctl 0x00 src 0x0001 dst 0x0002 payload_len 16[0m
[00:00:52.350,000] [0m<dbg> bttester: tester_event: service 0x04 opcode 0x86[0m
[00:00:52.350,000] [0m<dbg> bttester_mesh: model_recv_ev: src 0x0001 dst 0x0002 payload_len 68[0m
[00:00:52.350,000] [0m<dbg> bttester: tester_event: service 0x04 opcode 0x8f[0m
[00:00:52.590,000] [0m<dbg> bttester_mesh: net_recv_ev: ttl 0x07 ctl 0x01 src 0x0001 dst 0x0002 payload_len 7[0m
[00:00:52.590,000] [0m<dbg> bttester: tester_event: service 0x04 opcode 0x86[0m
[00:00:53.390,000] [0m<dbg> bttester_mesh: net_recv_ev: ttl 0x07 ctl 0x01 src 0x0001 dst 0x0002 payload_len 7[0m
[00:00:53.390,000] [0m<dbg> bttester: tester_event: service 0x04 opcode 0x86[0m
[00:00:53.670,000] [0m<dbg> bttester_mesh: net_recv_ev: ttl 0x07 ctl 0x01 src 0x0001 dst 0x0002 payload_len 7[0m
[00:00:53.670,000] [0m<dbg> bttester: tester_event: service 0x04 opcode 0x86[0m
[00:00:53.950,000] [0m<dbg> bttester_mesh: net_recv_ev: ttl 0x07 ctl 0x01 src 0x0001 dst 0x0002 payload_len 7[0m
[00:00:53.950,000] [0m<dbg> bttester: tester_event: service 0x04 opcode 0x86[0m
[00:00:54.130,000] [0m<dbg> bttester_mesh: net_recv_ev: ttl 0x03 ctl 0x00 src 0x0001 dst 0x0002 payload_len 16[0m
[00:00:54.130,000] [0m<dbg> bttester: tester_event: service 0x04 opcode 0x86[0m
[00:00:55.350,000] [0m<dbg> bttester_mesh: net_recv_ev: ttl 0x03 ctl 0x00 src 0x0001 dst 0x0002 payload_len 16[0m
[00:00:55.350,000] [0m<dbg> bttester: tester_event: service 0x04 opcode 0x86[0m
[00:00:55.350,000] [0m<dbg> bttester_mesh: model_recv_ev: src 0x0001 dst 0x0002 payload_len 20[0m
[00:00:55.350,000] [0m<dbg> bttester: tester_event: service 0x04 opcode 0x8f[0m
[00:00:55.650,000] [0m<dbg> bttester_mesh: net_recv_ev: ttl 0x07 ctl 0x01 src 0x0001 dst 0x0002 payload_len 7[0m
[00:00:55.650,000] [0m<dbg> bttester: tester_event: service 0x04 opcode 0x86[0m
[00:00:56.290,000] [0m<dbg> bttester_mesh: net_recv_ev: ttl 0x07 ctl 0x01 src 0x0001 dst 0x0002 payload_len 7[0m
[00:00:56.290,000] [0m<dbg> bttester: tester_event: service 0x04 opcode 0x86[0m
[00:00:56.450,000] [0m<dbg> bttester_mesh: net_recv_ev: ttl 0x03 ctl 0x00 src 0x0001 dst 0x0002 payload_len 16[0m
[00:00:56.450,000] [0m<dbg> bttester: tester_event: service 0x04 opcode 0x86[0m
[00:00:56.490,000] [0m<dbg> bttester_mesh: net_recv_ev: ttl 0x03 ctl 0x00 src 0x0001 dst 0x0002 payload_len 16[0m
[00:00:56.490,000] [0m<dbg> bttester: tester_event: service 0x04 opcode 0x86[0m
[00:00:56.490,000] [0m<dbg> bttester_mesh: model_recv_ev: src 0x0001 dst 0x0002 payload_len 20[0m
[00:00:56.490,000] [0m<dbg> bttester: tester_event: service 0x04 opcode 0x8f[0m
[00:00:56.730,000] [0m<dbg> bttester_mesh: net_recv_ev: ttl 0x07 ctl 0x01 src 0x0001 dst 0x0002 payload_len 7[0m
[00:00:56.730,000] [0m<dbg> bttester: tester_event: service 0x04 opcode 0x86[0m
[00:00:57.330,000] [0m<dbg> bttester_mesh: net_recv_ev: ttl 0x07 ctl 0x01 src 0x0001 dst 0x0002 payload_len 7[0m
[00:00:57.330,000] [0m<dbg> bttester: tester_event: service 0x04 opcode 0x86[0m
[00:00:57.670,000] [0m<dbg> bttester_mesh: net_recv_ev: ttl 0x03 ctl 0x00 src 0x0001 dst 0x0002 payload_len 13[0m
[00:00:57.670,000] [0m<dbg> bttester: tester_event: service 0x04 opcode 0x86[0m
[00:00:57.950,000] [0m<dbg> bttester_mesh: net_recv_ev: ttl 0x03 ctl 0x00 src 0x0001 dst 0x0002 payload_len 16[0m
[00:00:57.950,000] [0m<dbg> bttester: tester_event: service 0x04 opcode 0x86[0m
[00:00:58.010,000] [0m<dbg> bttester_mesh: net_recv_ev: ttl 0x03 ctl 0x00 src 0x0001 dst 0x0002 payload_len 16[0m
[00:00:58.010,000] [0m<dbg> bttester: tester_event: service 0x04 opcode 0x86[0m
[00:00:58.110,000] [0m<dbg> bttester_mesh: net_recv_ev: ttl 0x03 ctl 0x00 src 0x0001 dst 0x0002 payload_len 16[0m
[00:00:58.110,000] [0m<dbg> bttester: tester_event: service 0x04 opcode 0x86[0m
[00:00:58.110,000] [0m<dbg> bttester_mesh: model_recv_ev: src 0x0001 dst 0x0002 payload_len 37[0m
[00:00:58.110,000] [0m<dbg> bttester: tester_event: service 0x04 opcode 0x8f[0m
[00:00:58.110,000] [1;31m<err> bt_mesh_provisionee: Invalid IV index[0m
[00:00:58.370,000] [0m<dbg> bttester_mesh: net_recv_ev: ttl 0x07 ctl 0x01 src 0x0001 dst 0x0002 payload_len 7[0m
[00:00:58.370,000] [0m<dbg> bttester: tester_event: service 0x04 opcode 0x86[0m
[00:00:58.850,000] [0m<dbg> bttester_mesh: net_recv_ev: ttl 0x07 ctl 0x01 src 0x0001 dst 0x0002 payload_len 7[0m
[00:00:58.850,000] [0m<dbg> bttester: tester_event: service 0x04 opcode 0x86[0m
[00:00:59.010,000] [0m<dbg> bttester_mesh: net_recv_ev: ttl 0x03 ctl 0x00 src 0x0001 dst 0x0002 payload_len 15[0m
[00:00:59.010,000] [0m<dbg> bttester: tester_event: service 0x04 opcode 0x86[0m
[00:00:59.010,000] [0m<dbg> bttester_mesh: model_recv_ev: src 0x0001 dst 0x0002 payload_len 3[0m
[00:00:59.010,000] [0m<dbg> bttester: tester_event: service 0x04 opcode 0x8f[0m
[00:00:59.010,000] [0m<dbg> bttester_mesh: link_close: bearer 0x04[0m
[00:00:59.010,000] [0m<dbg> bttester: tester_event: service 0x04 opcode 0x85[0m
[00:00:59.250,000] [0m<dbg> bttester_mesh: net_recv_ev: ttl 0x03 ctl 0x00 src 0x0001 dst 0x0002 payload_len 15[0m
[00:00:59.250,000] [0m<dbg> bttester: tester_event: service 0x04 opcode 0x86[0m
[00:00:59.330,000] [0m<dbg> bttester_mesh: net_recv_ev: ttl 0x07 ctl 0x01 src 0x0001 dst 0x0002 payload_len 7[0m
[00:00:59.330,000] [0m<dbg> bttester: tester_event: service 0x04 opcode 0x86[0m
[00:01:00.990,000] [0m<dbg> bttester_mesh: net_recv_ev: ttl 0x03 ctl 0x00 src 0x0001 dst 0x0002 payload_len 15[0m
[00:01:00.990,000] [0m<dbg> bttester: tester_event: service 0x04 opcode 0x86[0m
[00:01:02.130,000] [0m<dbg> bttester_mesh: net_recv_ev: ttl 0x03 ctl 0x00 src 0x0001 dst 0x0002 payload_len 15[0m
[00:01:02.130,000] [0m<dbg> bttester: tester_event: service 0x04 opcode 0x86[0m
[00:01:03.250,000] [0m<dbg> bttester_mesh: net_recv_ev: ttl 0x03 ctl 0x00 src 0x0001 dst 0x0002 payload_len 15[0m
[00:01:03.250,000] [0m<dbg> bttester: tester_event: service 0x04 opcode 0x86[0m
[00:01:04.390,000] [0m<dbg> bttester_mesh: net_recv_ev: ttl 0x03 ctl 0x00 src 0x0001 dst 0x0002 payload_len 14[0m
[00:01:04.390,000] [0m<dbg> bttester: tester_event: service 0x04 opcode 0x86[0m
[00:01:04.390,000] [0m<dbg> bttester_mesh: model_recv_ev: src 0x0001 dst 0x0002 payload_len 2[0m
[00:01:04.390,000] [0m<dbg> bttester: tester_event: service 0x04 opcode 0x8f[0m
[00:01:05.150,000] [0m<dbg> bttester_mesh: net_recv_ev: ttl 0x03 ctl 0x00 src 0x0001 dst 0x0002 payload_len 15[0m
[00:01:05.150,000] [0m<dbg> bttester: tester_event: service 0x04 opcode 0x86[0m
[00:01:05.150,000] [0m<dbg> bttester_mesh: model_recv_ev: src 0x0001 dst 0x0002 payload_len 3[0m
[00:01:05.150,000] [0m<dbg> bttester: tester_event: service 0x04 opcode 0x8f[0m
[00:01:05.910,000] [0m<dbg> bttester_mesh: net_recv_ev: ttl 0x07 ctl 0x01 src 0x0001 dst 0x0002 payload_len 7[0m
[00:01:05.910,000] [0m<dbg> bttester: tester_event: service 0x04 opcode 0x86[0m
[00:01:06.170,000] [0m<dbg> bttester_mesh: net_recv_ev: ttl 0x07 ctl 0x01 src 0x0001 dst 0x0002 payload_len 7[0m
[00:01:06.170,000] [0m<dbg> bttester: tester_event: service 0x04 opcode 0x86[0m
[00:01:06.370,000] [0m<dbg> bttester_mesh: net_recv_ev: ttl 0x07 ctl 0x01 src 0x0001 dst 0x0002 payload_len 7[0m
[00:01:06.370,000] [0m<dbg> bttester: tester_event: service 0x04 opcode 0x86[0m
[00:01:06.630,000] [0m<dbg> bttester_mesh: net_recv_ev: ttl 0x07 ctl 0x01 src 0x0001 dst 0x0002 payload_len 7[0m
[00:01:06.630,000] [0m<dbg> bttester: tester_event: service 0x04 opcode 0x86[0m
[00:01:06.870,000] [0m<dbg> bttester_mesh: net_recv_ev: ttl 0x07 ctl 0x01 src 0x0001 dst 0x0002 payload_len 7[0m
[00:01:06.870,000] [0m<dbg> bttester: tester_event: service 0x04 opcode 0x86[0m
[00:01:07.070,000] [0m<dbg> bttester_mesh: net_recv_ev: ttl 0x07 ctl 0x01 src 0x0001 dst 0x0002 payload_len 7[0m
[00:01:07.070,000] [0m<dbg> bttester: tester_event: service 0x04 opcode 0x86[0m
[00:01:07.250,000] [0m<dbg> bttester_mesh: net_recv_ev: ttl 0x03 ctl 0x00 src 0x0001 dst 0x0002 payload_len 15[0m
[00:01:07.250,000] [0m<dbg> bttester: tester_event: service 0x04 opcode 0x86[0m
[00:01:07.250,000] [0m<dbg> bttester_mesh: model_recv_ev: src 0x0001 dst 0x0002 payload_len 3[0m
[00:01:07.250,000] [0m<dbg> bttester: tester_event: service 0x04 opcode 0x8f[0m
[00:01:07.250,000] [0m<dbg> bttester_mesh: link_open: bearer 0x04[0m
[00:01:07.250,000] [0m<dbg> bttester: tester_event: service 0x04 opcode 0x84[0m
[00:01:07.470,000] [0m<dbg> bttester_mesh: net_recv_ev: ttl 0x07 ctl 0x01 src 0x0001 dst 0x0002 payload_len 7[0m
[00:01:07.470,000] [0m<dbg> bttester: tester_event: service 0x04 opcode 0x86[0m
[00:01:07.770,000] [0m<dbg> bttester_mesh: net_recv_ev: ttl 0x03 ctl 0x00 src 0x0001 dst 0x0002 payload_len 13[0m
[00:01:07.770,000] [0m<dbg> bttester: tester_event: service 0x04 opcode 0x86[0m
[00:01:07.770,000] [0m<dbg> bttester_mesh: model_recv_ev: src 0x0001 dst 0x0002 payload_len 5[0m
[00:01:07.770,000] [0m<dbg> bttester: tester_event: service 0x04 opcode 0x8f[0m
[00:01:08.030,000] [0m<dbg> bttester_mesh: net_recv_ev: ttl 0x07 ctl 0x01 src 0x0001 dst 0x0002 payload_len 7[0m
[00:01:08.030,000] [0m<dbg> bttester: tester_event: service 0x04 opcode 0x86[0m
[00:01:08.490,000] [0m<dbg> bttester_mesh: net_recv_ev: ttl 0x07 ctl 0x01 src 0x0001 dst 0x0002 payload_len 7[0m
[00:01:08.490,000] [0m<dbg> bttester: tester_event: service 0x04 opcode 0x86[0m
[00:01:08.670,000] [0m<dbg> bttester_mesh: net_recv_ev: ttl 0x03 ctl 0x00 src 0x0001 dst 0x0002 payload_len 16[0m
[00:01:08.670,000] [0m<dbg> bttester: tester_event: service 0x04 opcode 0x86[0m
[00:01:08.750,000] [0m<dbg> bttester_mesh: net_recv_ev: ttl 0x03 ctl 0x00 src 0x0001 dst 0x0002 payload_len 9[0m
[00:01:08.750,000] [0m<dbg> bttester: tester_event: service 0x04 opcode 0x86[0m
[00:01:08.750,000] [0m<dbg> bttester_mesh: model_recv_ev: src 0x0001 dst 0x0002 payload_len 9[0m
[00:01:08.750,000] [0m<dbg> bttester: tester_event: service 0x04 opcode 0x8f[0m
[00:01:09.010,000] [0m<dbg> bttester_mesh: net_recv_ev: ttl 0x07 ctl 0x01 src 0x0001 dst 0x0002 payload_len 7[0m
[00:01:09.010,000] [0m<dbg> bttester: tester_event: service 0x04 opcode 0x86[0m
[00:01:09.150,000] [0m<dbg> bttester_mesh: net_recv_ev: ttl 0x03 ctl 0x00 src 0x0001 dst 0x0002 payload_len 16[0m
[00:01:09.150,000] [0m<dbg> bttester: tester_event: service 0x04 opcode 0x86[0m
[00:01:09.190,000] [0m<dbg> bttester_mesh: net_recv_ev: ttl 0x03 ctl 0x00 src 0x0001 dst 0x0002 payload_len 16[0m
[00:01:09.190,000] [0m<dbg> bttester: tester_event: service 0x04 opcode 0x86[0m
[00:01:09.270,000] [0m<dbg> bttester_mesh: net_recv_ev: ttl 0x03 ctl 0x00 src 0x0001 dst 0x0002 payload_len 16[0m
[00:01:09.270,000] [0m<dbg> bttester: tester_event: service 0x04 opcode 0x86[0m
[00:01:09.310,000] [0m<dbg> bttester_mesh: net_recv_ev: ttl 0x03 ctl 0x00 src 0x0001 dst 0x0002 payload_len 16[0m
[00:01:09.310,000] [0m<dbg> bttester: tester_event: service 0x04 opcode 0x86[0m
[00:01:09.370,000] [0m<dbg> bttester_mesh: net_recv_ev: ttl 0x03 ctl 0x00 src 0x0001 dst 0x0002 payload_len 16[0m
[00:01:09.370,000] [0m<dbg> bttester: tester_event: service 0x04 opcode 0x86[0m
[00:01:09.650,000] [0m<dbg> bttester_mesh: net_recv_ev: ttl 0x03 ctl 0x00 src 0x0001 dst 0x0002 payload_len 16[0m
[00:01:09.650,000] [0m<dbg> bttester: tester_event: service 0x04 opcode 0x86[0m
[00:01:09.650,000] [0m<dbg> bttester_mesh: model_recv_ev: src 0x0001 dst 0x0002 payload_len 68[0m
[00:01:09.650,000] [0m<dbg> bttester: tester_event: service 0x04 opcode 0x8f[0m
[00:01:09.770,000] [0m<dbg> bttester_mesh: net_recv_ev: ttl 0x03 ctl 0x00 src 0x0001 dst 0x0002 payload_len 16[0m
[00:01:09.770,000] [0m<dbg> bttester: tester_event: service 0x04 opcode 0x86[0m
[00:01:09.970,000] [0m<dbg> bttester_mesh: net_recv_ev: ttl 0x07 ctl 0x01 src 0x0001 dst 0x0002 payload_len 7[0m
[00:01:09.970,000] [0m<dbg> bttester: tester_event: service 0x04 opcode 0x86[0m
[00:01:10.770,000] [0m<dbg> bttester_mesh: net_recv_ev: ttl 0x07 ctl 0x01 src 0x0001 dst 0x0002 payload_len 7[0m
[00:01:10.770,000] [0m<dbg> bttester: tester_event: service 0x04 opcode 0x86[0m
[00:01:11.050,000] [0m<dbg> bttester_mesh: net_recv_ev: ttl 0x07 ctl 0x01 src 0x0001 dst 0x0002 payload_len 7[0m
[00:01:11.050,000] [0m<dbg> bttester: tester_event: service 0x04 opcode 0x86[0m
[00:01:11.310,000] [0m<dbg> bttester_mesh: net_recv_ev: ttl 0x07 ctl 0x01 src 0x0001 dst 0x0002 payload_len 7[0m
[00:01:11.310,000] [0m<dbg> bttester: tester_event: service 0x04 opcode 0x86[0m
[00:01:11.510,000] [0m<dbg> bttester_mesh: net_recv_ev: ttl 0x03 ctl 0x00 src 0x0001 dst 0x0002 payload_len 16[0m
[00:01:11.510,000] [0m<dbg> bttester: tester_event: service 0x04 opcode 0x86[0m
[00:01:11.550,000] [0m<dbg> bttester_mesh: net_recv_ev: ttl 0x03 ctl 0x00 src 0x0001 dst 0x0002 payload_len 16[0m
[00:01:11.550,000] [0m<dbg> bttester: tester_event: service 0x04 opcode 0x86[0m
[00:01:11.550,000] [0m<dbg> bttester_mesh: model_recv_ev: src 0x0001 dst 0x0002 payload_len 20[0m
[00:01:11.550,000] [0m<dbg> bttester: tester_event: service 0x04 opcode 0x8f[0m
[00:01:11.770,000] [0m<dbg> bttester_mesh: net_recv_ev: ttl 0x07 ctl 0x01 src 0x0001 dst 0x0002 payload_len 7[0m
[00:01:11.770,000] [0m<dbg> bttester: tester_event: service 0x04 opcode 0x86[0m
[00:01:12.390,000] [0m<dbg> bttester_mesh: net_recv_ev: ttl 0x07 ctl 0x01 src 0x0001 dst 0x0002 payload_len 7[0m
[00:01:12.390,000] [0m<dbg> bttester: tester_event: service 0x04 opcode 0x86[0m
[00:01:12.570,000] [0m<dbg> bttester_mesh: net_recv_ev: ttl 0x03 ctl 0x00 src 0x0001 dst 0x0002 payload_len 16[0m
[00:01:12.570,000] [0m<dbg> bttester: tester_event: service 0x04 opcode 0x86[0m
[00:01:12.630,000] [0m<dbg> bttester_mesh: net_recv_ev: ttl 0x03 ctl 0x00 src 0x0001 dst 0x0002 payload_len 16[0m
[00:01:12.630,000] [0m<dbg> bttester: tester_event: service 0x04 opcode 0x86[0m
[00:01:12.630,000] [0m<dbg> bttester_mesh: model_recv_ev: src 0x0001 dst 0x0002 payload_len 20[0m
[00:01:12.630,000] [0m<dbg> bttester: tester_event: service 0x04 opcode 0x8f[0m
[00:01:12.930,000] [0m<dbg> bttester_mesh: net_recv_ev: ttl 0x07 ctl 0x01 src 0x0001 dst 0x0002 payload_len 7[0m
[00:01:12.930,000] [0m<dbg> bttester: tester_event: service 0x04 opcode 0x86[0m
[00:01:13.650,000] [0m<dbg> bttester_mesh: net_recv_ev: ttl 0x07 ctl 0x01 src 0x0001 dst 0x0002 payload_len 7[0m
[00:01:13.650,000] [0m<dbg> bttester: tester_event: service 0x04 opcode 0x86[0m
[00:01:13.830,000] [0m<dbg> bttester_mesh: net_recv_ev: ttl 0x03 ctl 0x00 src 0x0001 dst 0x0002 payload_len 16[0m
[00:01:13.830,000] [0m<dbg> bttester: tester_event: service 0x04 opcode 0x86[0m
[00:01:13.890,000] [0m<dbg> bttester_mesh: net_recv_ev: ttl 0x03 ctl 0x00 src 0x0001 dst 0x0002 payload_len 16[0m
[00:01:13.890,000] [0m<dbg> bttester: tester_event: service 0x04 opcode 0x86[0m
[00:01:14.170,000] [0m<dbg> bttester_mesh: net_recv_ev: ttl 0x03 ctl 0x00 src 0x0001 dst 0x0002 payload_len 16[0m
[00:01:14.170,000] [0m<dbg> bttester: tester_event: service 0x04 opcode 0x86[0m
[00:01:14.230,000] [0m<dbg> bttester_mesh: net_recv_ev: ttl 0x03 ctl 0x00 src 0x0001 dst 0x0002 payload_len 13[0m
[00:01:14.230,000] [0m<dbg> bttester: tester_event: service 0x04 opcode 0x86[0m
[00:01:14.230,000] [0m<dbg> bttester_mesh: model_recv_ev: src 0x0001 dst 0x0002 payload_len 37[0m
[00:01:14.230,000] [0m<dbg> bttester: tester_event: service 0x04 opcode 0x8f[0m
[00:01:14.230,000] [1;31m<err> bt_mesh_provisionee: Invalid address[0m
[00:01:14.550,000] [0m<dbg> bttester_mesh: net_recv_ev: ttl 0x07 ctl 0x01 src 0x0001 dst 0x0002 payload_len 7[0m
[00:01:14.550,000] [0m<dbg> bttester: tester_event: service 0x04 opcode 0x86[0m
[00:01:14.910,000] [0m<dbg> bttester_mesh: net_recv_ev: ttl 0x07 ctl 0x01 src 0x0001 dst 0x0002 payload_len 7[0m
[00:01:14.910,000] [0m<dbg> bttester: tester_event: service 0x04 opcode 0x86[0m
[00:01:15.070,000] [0m<dbg> bttester_mesh: net_recv_ev: ttl 0x03 ctl 0x00 src 0x0001 dst 0x0002 payload_len 15[0m
[00:01:15.070,000] [0m<dbg> bttester: tester_event: service 0x04 opcode 0x86[0m
[00:01:15.070,000] [0m<dbg> bttester_mesh: model_recv_ev: src 0x0001 dst 0x0002 payload_len 3[0m
[00:01:15.070,000] [0m<dbg> bttester: tester_event: service 0x04 opcode 0x8f[0m
[00:01:15.070,000] [0m<dbg> bttester_mesh: link_close: bearer 0x04[0m
[00:01:15.070,000] [0m<dbg> bttester: tester_event: service 0x04 opcode 0x85[0m
[00:01:15.310,000] [0m<dbg> bttester_mesh: net_recv_ev: ttl 0x03 ctl 0x00 src 0x0001 dst 0x0002 payload_len 15[0m
[00:01:15.310,000] [0m<dbg> bttester: tester_event: service 0x04 opcode 0x86[0m
[00:01:15.430,000] [0m<dbg> bttester_mesh: net_recv_ev: ttl 0x07 ctl 0x01 src 0x0001 dst 0x0002 payload_len 7[0m
[00:01:15.430,000] [0m<dbg> bttester: tester_event: service 0x04 opcode 0x86[0m
[00:01:17.070,000] [0m<dbg> bttester_mesh: net_recv_ev: ttl 0x03 ctl 0x00 src 0x0001 dst 0x0002 payload_len 15[0m
[00:01:17.070,000] [0m<dbg> bttester: tester_event: service 0x04 opcode 0x86[0m
[00:01:18.210,000] [0m<dbg> bttester_mesh: net_recv_ev: ttl 0x03 ctl 0x00 src 0x0001 dst 0x0002 payload_len 15[0m
[00:01:18.210,000] [0m<dbg> bttester: tester_event: service 0x04 opcode 0x86[0m
[00:01:19.350,000] [0m<dbg> bttester_mesh: net_recv_ev: ttl 0x03 ctl 0x00 src 0x0001 dst 0x0002 payload_len 15[0m
[00:01:19.350,000] [0m<dbg> bttester: tester_event: service 0x04 opcode 0x86[0m
[00:01:20.570,000] [0m<dbg> bttester_mesh: net_recv_ev: ttl 0x03 ctl 0x00 src 0x0001 dst 0x0002 payload_len 14[0m
[00:01:20.570,000] [0m<dbg> bttester: tester_event: service 0x04 opcode 0x86[0m
[00:01:20.570,000] [0m<dbg> bttester_mesh: model_recv_ev: src 0x0001 dst 0x0002 payload_len 2[0m
[00:01:20.570,000] [0m<dbg> bttester: tester_event: service 0x04 opcode 0x8f[0m
[00:01:20.810,000] [0m<dbg> bttester_mesh: net_recv_ev: ttl 0x03 ctl 0x00 src 0x0001 dst 0x0066 payload_len 8[0m
[00:01:20.810,000] [0m<dbg> bttester: tester_event: service 0x04 opcode 0x86[0m
[00:01:22.970,000] [0m<dbg> bttester_mesh: net_recv_ev: ttl 0x03 ctl 0x00 src 0x0001 dst 0x0066 payload_len 8[0m
[00:01:22.970,000] [0m<dbg> bttester: tester_event: service 0x04 opcode 0x86[0m
[00:01:24.110,000] [0m<dbg> bttester_mesh: net_recv_ev: ttl 0x03 ctl 0x00 src 0x0001 dst 0x0066 payload_len 8[0m
[00:01:24.110,000] [0m<dbg> bttester: tester_event: service 0x04 opcode 0x86[0m
[00:01:26.310,000] [0m<dbg> bttester_mesh: net_recv_ev: ttl 0x03 ctl 0x00 src 0x0001 dst 0x0002 payload_len 15[0m
[00:01:26.310,000] [0m<dbg> bttester: tester_event: service 0x04 opcode 0x86[0m
[00:01:26.310,000] [0m<dbg> bttester_mesh: model_recv_ev: src 0x0001 dst 0x0002 payload_len 3[0m
[00:01:26.310,000] [0m<dbg> bttester: tester_event: service 0x04 opcode 0x8f[0m
[00:01:27.050,000] [0m<dbg> bttester_mesh: net_recv_ev: ttl 0x07 ctl 0x01 src 0x0001 dst 0x0002 payload_len 7[0m
[00:01:27.050,000] [0m<dbg> bttester: tester_event: service 0x04 opcode 0x86[0m
[00:01:27.310,000] [0m<dbg> bttester_mesh: net_recv_ev: ttl 0x07 ctl 0x01 src 0x0001 dst 0x0002 payload_len 7[0m
[00:01:27.310,000] [0m<dbg> bttester: tester_event: service 0x04 opcode 0x86[0m
[00:01:27.570,000] [0m<dbg> bttester_mesh: net_recv_ev: ttl 0x07 ctl 0x01 src 0x0001 dst 0x0002 payload_len 7[0m
[00:01:27.570,000] [0m<dbg> bttester: tester_event: service 0x04 opcode 0x86[0m
[00:01:27.790,000] [0m<dbg> bttester_mesh: net_recv_ev: ttl 0x07 ctl 0x01 src 0x0001 dst 0x0002 payload_len 7[0m
[00:01:27.790,000] [0m<dbg> bttester: tester_event: service 0x04 opcode 0x86[0m
[00:01:28.050,000] [0m<dbg> bttester_mesh: net_recv_ev: ttl 0x07 ctl 0x01 src 0x0001 dst 0x0002 payload_len 7[0m
[00:01:28.050,000] [0m<dbg> bttester: tester_event: service 0x04 opcode 0x86[0m
[00:01:28.290,000] [0m<dbg> bttester_mesh: net_recv_ev: ttl 0x07 ctl 0x01 src 0x0001 dst 0x0002 payload_len 7[0m
[00:01:28.290,000] [0m<dbg> bttester: tester_event: service 0x04 opcode 0x86[0m
[00:01:28.450,000] [0m<dbg> bttester_mesh: net_recv_ev: ttl 0x03 ctl 0x00 src 0x0001 dst 0x0002 payload_len 15[0m
[00:01:28.450,000] [0m<dbg> bttester: tester_event: service 0x04 opcode 0x86[0m
[00:01:28.450,000] [0m<dbg> bttester_mesh: model_recv_ev: src 0x0001 dst 0x0002 payload_len 3[0m
[00:01:28.450,000] [0m<dbg> bttester: tester_event: service 0x04 opcode 0x8f[0m
[00:01:28.450,000] [0m<dbg> bttester_mesh: link_open: bearer 0x04[0m
[00:01:28.450,000] [0m<dbg> bttester: tester_event: service 0x04 opcode 0x84[0m
[00:01:28.690,000] [0m<dbg> bttester_mesh: net_recv_ev: ttl 0x07 ctl 0x01 src 0x0001 dst 0x0002 payload_len 7[0m
[00:01:28.690,000] [0m<dbg> bttester: tester_event: service 0x04 opcode 0x86[0m
[00:01:29.010,000] [0m<dbg> bttester_mesh: net_recv_ev: ttl 0x03 ctl 0x00 src 0x0001 dst 0x0002 payload_len 13[0m
[00:01:29.010,000] [0m<dbg> bttester: tester_event: service 0x04 opcode 0x86[0m
[00:01:29.010,000] [0m<dbg> bttester_mesh: model_recv_ev: src 0x0001 dst 0x0002 payload_len 5[0m
[00:01:29.010,000] [0m<dbg> bttester: tester_event: service 0x04 opcode 0x8f[0m
[00:01:29.270,000] [0m<dbg> bttester_mesh: net_recv_ev: ttl 0x07 ctl 0x01 src 0x0001 dst 0x0002 payload_len 7[0m
[00:01:29.270,000] [0m<dbg> bttester: tester_event: service 0x04 opcode 0x86[0m
[00:01:29.470,000] [1;31m<err> bt_mesh_adv_ext: Advertiser is busy[0m
[00:01:29.470,000] [1;31m<err> bt_mesh_beacon: Failed to send beacon: err -16[0m
[00:01:29.470,000] [1;31m<err> bt_mesh_adv_ext: Advertiser is busy[0m
[00:01:29.470,000] [1;33m<wrn> bt_mesh_gatt: Failed to advertise using Network ID (err -16)[0m
[00:01:29.470,000] [1;31m<err> bt_mesh_gatt: Advertising proxy failed (err: -16)[0m
[00:01:29.790,000] [0m<dbg> bttester_mesh: net_recv_ev: ttl 0x07 ctl 0x01 src 0x0001 dst 0x0002 payload_len 7[0m
[00:01:29.790,000] [0m<dbg> bttester: tester_event: service 0x04 opcode 0x86[0m
[00:01:29.930,000] [0m<dbg> bttester_mesh: net_recv_ev: ttl 0x03 ctl 0x00 src 0x0001 dst 0x0002 payload_len 9[0m
[00:01:29.930,000] [0m<dbg> bttester: tester_event: service 0x04 opcode 0x86[0m
[00:01:30.670,000] [0m<dbg> bttester_mesh: net_recv_ev: ttl 0x03 ctl 0x00 src 0x0001 dst 0x0002 payload_len 16[0m
[00:01:30.670,000] [0m<dbg> bttester: tester_event: service 0x04 opcode 0x86[0m
[00:01:30.670,000] [0m<dbg> bttester_mesh: model_recv_ev: src 0x0001 dst 0x0002 payload_len 9[0m
[00:01:30.670,000] [0m<dbg> bttester: tester_event: service 0x04 opcode 0x8f[0m
[00:01:30.910,000] [0m<dbg> bttester_mesh: net_recv_ev: ttl 0x07 ctl 0x01 src 0x0001 dst 0x0002 payload_len 7[0m
[00:01:30.910,000] [0m<dbg> bttester: tester_event: service 0x04 opcode 0x86[0m
[00:01:31.050,000] [0m<dbg> bttester_mesh: net_recv_ev: ttl 0x03 ctl 0x00 src 0x0001 dst 0x0002 payload_len 16[0m
[00:01:31.050,000] [0m<dbg> bttester: tester_event: service 0x04 opcode 0x86[0m
[00:01:31.110,000] [0m<dbg> bttester_mesh: net_recv_ev: ttl 0x03 ctl 0x00 src 0x0001 dst 0x0002 payload_len 16[0m
[00:01:31.110,000] [0m<dbg> bttester: tester_event: service 0x04 opcode 0x86[0m
[00:01:31.150,000] [0m<dbg> bttester_mesh: net_recv_ev: ttl 0x03 ctl 0x00 src 0x0001 dst 0x0002 payload_len 16[0m
[00:01:31.150,000] [0m<dbg> bttester: tester_event: service 0x04 opcode 0x86[0m
[00:01:31.190,000] [0m<dbg> bttester_mesh: net_recv_ev: ttl 0x03 ctl 0x00 src 0x0001 dst 0x0002 payload_len 16[0m
[00:01:31.190,000] [0m<dbg> bttester: tester_event: service 0x04 opcode 0x86[0m
[00:01:31.250,000] [0m<dbg> bttester_mesh: net_recv_ev: ttl 0x03 ctl 0x00 src 0x0001 dst 0x0002 payload_len 16[0m
[00:01:31.250,000] [0m<dbg> bttester: tester_event: service 0x04 opcode 0x86[0m
[00:01:31.290,000] [0m<dbg> bttester_mesh: net_recv_ev: ttl 0x03 ctl 0x00 src 0x0001 dst 0x0002 payload_len 16[0m
[00:01:31.290,000] [0m<dbg> bttester: tester_event: service 0x04 opcode 0x86[0m
[00:01:31.290,000] [0m<dbg> bttester_mesh: model_recv_ev: src 0x0001 dst 0x0002 payload_len 68[0m
[00:01:31.290,000] [0m<dbg> bttester: tester_event: service 0x04 opcode 0x8f[0m
[00:01:31.550,000] [0m<dbg> bttester_mesh: net_recv_ev: ttl 0x07 ctl 0x01 src 0x0001 dst 0x0002 payload_len 7[0m
[00:01:31.550,000] [0m<dbg> bttester: tester_event: service 0x04 opcode 0x86[0m
[00:01:32.290,000] [0m<dbg> bttester_mesh: net_recv_ev: ttl 0x07 ctl 0x01 src 0x0001 dst 0x0002 payload_len 7[0m
[00:01:32.290,000] [0m<dbg> bttester: tester_event: service 0x04 opcode 0x86[0m
[00:01:32.490,000] [0m<dbg> bttester_mesh: net_recv_ev: ttl 0x07 ctl 0x01 src 0x0001 dst 0x0002 payload_len 7[0m
[00:01:32.490,000] [0m<dbg> bttester: tester_event: service 0x04 opcode 0x86[0m
[00:01:32.790,000] [0m<dbg> bttester_mesh: net_recv_ev: ttl 0x07 ctl 0x01 src 0x0001 dst 0x0002 payload_len 7[0m
[00:01:32.790,000] [0m<dbg> bttester: tester_event: service 0x04 opcode 0x86[0m
[00:01:33.030,000] [0m<dbg> bttester_mesh: net_recv_ev: ttl 0x07 ctl 0x01 src 0x0001 dst 0x0002 payload_len 7[0m
[00:01:33.030,000] [0m<dbg> bttester: tester_event: service 0x04 opcode 0x86[0m
[00:01:33.170,000] [0m<dbg> bttester_mesh: net_recv_ev: ttl 0x03 ctl 0x00 src 0x0001 dst 0x0002 payload_len 16[0m
[00:01:33.170,000] [0m<dbg> bttester: tester_event: service 0x04 opcode 0x86[0m
[00:01:33.230,000] [0m<dbg> bttester_mesh: net_recv_ev: ttl 0x03 ctl 0x00 src 0x0001 dst 0x0002 payload_len 16[0m
[00:01:33.230,000] [0m<dbg> bttester: tester_event: service 0x04 opcode 0x86[0m
[00:01:33.230,000] [0m<dbg> bttester_mesh: model_recv_ev: src 0x0001 dst 0x0002 payload_len 20[0m
[00:01:33.230,000] [0m<dbg> bttester: tester_event: service 0x04 opcode 0x8f[0m
[00:01:33.470,000] [0m<dbg> bttester_mesh: net_recv_ev: ttl 0x07 ctl 0x01 src 0x0001 dst 0x0002 payload_len 7[0m
[00:01:33.470,000] [0m<dbg> bttester: tester_event: service 0x04 opcode 0x86[0m
[00:01:34.210,000] [0m<dbg> bttester_mesh: net_recv_ev: ttl 0x07 ctl 0x01 src 0x0001 dst 0x0002 payload_len 7[0m
[00:01:34.210,000] [0m<dbg> bttester: tester_event: service 0x04 opcode 0x86[0m
[00:01:34.330,000] [0m<dbg> bttester_mesh: net_recv_ev: ttl 0x03 ctl 0x00 src 0x0001 dst 0x0002 payload_len 16[0m
[00:01:34.330,000] [0m<dbg> bttester: tester_event: service 0x04 opcode 0x86[0m
[00:01:34.390,000] [0m<dbg> bttester_mesh: net_recv_ev: ttl 0x03 ctl 0x00 src 0x0001 dst 0x0002 payload_len 16[0m
[00:01:34.390,000] [0m<dbg> bttester: tester_event: service 0x04 opcode 0x86[0m
[00:01:34.390,000] [0m<dbg> bttester_mesh: model_recv_ev: src 0x0001 dst 0x0002 payload_len 20[0m
[00:01:34.390,000] [0m<dbg> bttester: tester_event: service 0x04 opcode 0x8f[0m
[00:01:34.610,000] [0m<dbg> bttester_mesh: net_recv_ev: ttl 0x07 ctl 0x01 src 0x0001 dst 0x0002 payload_len 7[0m
[00:01:34.610,000] [0m<dbg> bttester: tester_event: service 0x04 opcode 0x86[0m
[00:01:35.270,000] [0m<dbg> bttester_mesh: net_recv_ev: ttl 0x07 ctl 0x01 src 0x0001 dst 0x0002 payload_len 7[0m
[00:01:35.270,000] [0m<dbg> bttester: tester_event: service 0x04 opcode 0x86[0m
[00:01:35.490,000] [0m<dbg> bttester_mesh: net_recv_ev: ttl 0x03 ctl 0x00 src 0x0001 dst 0x0002 payload_len 16[0m
[00:01:35.490,000] [0m<dbg> bttester: tester_event: service 0x04 opcode 0x86[0m
[00:01:35.550,000] [0m<dbg> bttester_mesh: net_recv_ev: ttl 0x03 ctl 0x00 src 0x0001 dst 0x0002 payload_len 13[0m
[00:01:35.550,000] [0m<dbg> bttester: tester_event: service 0x04 opcode 0x86[0m
[00:01:35.830,000] [0m<dbg> bttester_mesh: net_recv_ev: ttl 0x03 ctl 0x00 src 0x0001 dst 0x0002 payload_len 16[0m
[00:01:35.830,000] [0m<dbg> bttester: tester_event: service 0x04 opcode 0x86[0m
[00:01:35.890,000] [0m<dbg> bttester_mesh: net_recv_ev: ttl 0x03 ctl 0x00 src 0x0001 dst 0x0002 payload_len 16[0m
[00:01:35.890,000] [0m<dbg> bttester: tester_event: service 0x04 opcode 0x86[0m
[00:01:35.890,000] [0m<dbg> bttester_mesh: model_recv_ev: src 0x0001 dst 0x0002 payload_len 37[0m
[00:01:35.890,000] [0m<dbg> bttester: tester_event: service 0x04 opcode 0x8f[0m
[00:01:36.170,000] [0m<dbg> bttester_mesh: net_recv_ev: ttl 0x07 ctl 0x01 src 0x0001 dst 0x0002 payload_len 7[0m
[00:01:36.170,000] [0m<dbg> bttester: tester_event: service 0x04 opcode 0x86[0m
[00:01:36.310,000] [0m<dbg> bttester_mesh: net_recv_ev: ttl 0x07 ctl 0x01 src 0x0001 dst 0x0002 payload_len 7[0m
[00:01:36.310,000] [0m<dbg> bttester: tester_event: service 0x04 opcode 0x86[0m
[00:01:36.470,000] [0m<dbg> bttester_mesh: net_recv_ev: ttl 0x03 ctl 0x00 src 0x0001 dst 0x0002 payload_len 15[0m
[00:01:36.470,000] [0m<dbg> bttester: tester_event: service 0x04 opcode 0x86[0m
[00:01:36.470,000] [0m<dbg> bttester_mesh: model_recv_ev: src 0x0001 dst 0x0002 payload_len 3[0m
[00:01:36.470,000] [0m<dbg> bttester: tester_event: service 0x04 opcode 0x8f[0m
[00:01:36.470,000] [0m<dbg> bttester_mesh: link_close: bearer 0x04[0m
[00:01:36.470,000] [0m<dbg> bttester: tester_event: service 0x04 opcode 0x85[0m
[00:01:36.690,000] [0m<dbg> bttester_mesh: net_recv_ev: ttl 0x03 ctl 0x00 src 0x0001 dst 0x0002 payload_len 15[0m
[00:01:36.690,000] [0m<dbg> bttester: tester_event: service 0x04 opcode 0x86[0m
[00:01:36.790,000] [0m<dbg> bttester_mesh: net_recv_ev: ttl 0x07 ctl 0x01 src 0x0001 dst 0x0002 payload_len 7[0m
[00:01:36.790,000] [0m<dbg> bttester: tester_event: service 0x04 opcode 0x86[0m
[00:01:37.910,000] [0m<dbg> bttester_mesh: net_recv_ev: ttl 0x03 ctl 0x00 src 0x0001 dst 0x0002 payload_len 15[0m
[00:01:37.910,000] [0m<dbg> bttester: tester_event: service 0x04 opcode 0x86[0m
[00:01:39.050,000] [0m<dbg> bttester_mesh: net_recv_ev: ttl 0x03 ctl 0x00 src 0x0001 dst 0x0002 payload_len 15[0m
[00:01:39.050,000] [0m<dbg> bttester: tester_event: service 0x04 opcode 0x86[0m
[00:01:40.190,000] [0m<dbg> bttester_mesh: net_recv_ev: ttl 0x03 ctl 0x00 src 0x0001 dst 0x0002 payload_len 15[0m
[00:01:40.190,000] [0m<dbg> bttester: tester_event: service 0x04 opcode 0x86[0m
[00:01:41.330,000] [0m<dbg> bttester_mesh: net_recv_ev: ttl 0x03 ctl 0x00 src 0x0001 dst 0x0002 payload_len 15[0m
[00:01:41.330,000] [0m<dbg> bttester: tester_event: service 0x04 opcode 0x86[0m
[00:01:43.470,000] [0m<dbg> bttester_mesh: net_recv_ev: ttl 0x03 ctl 0x00 src 0x0001 dst 0x0002 payload_len 14[0m
[00:01:43.470,000] [0m<dbg> bttester: tester_event: service 0x04 opcode 0x86[0m
[00:01:43.470,000] [0m<dbg> bttester_mesh: model_recv_ev: src 0x0001 dst 0x0002 payload_len 2[0m
[00:01:43.470,000] [0m<dbg> bttester: tester_event: service 0x04 opcode 0x8f[0m
[00:01:43.710,000] [0m<dbg> bttester_mesh: net_recv_ev: ttl 0x03 ctl 0x00 src 0x0001 dst 0x0002 payload_len 15[0m
[00:01:43.710,000] [0m<dbg> bttester: tester_event: service 0x04 opcode 0x86[0m
[00:01:43.710,000] [0m<dbg> bttester_mesh: model_recv_ev: src 0x0001 dst 0x0002 payload_len 3[0m
[00:01:43.710,000] [0m<dbg> bttester: tester_event: service 0x04 opcode 0x8f[0m
[00:01:44.410,000] [0m<dbg> bttester_mesh: net_recv_ev: ttl 0x07 ctl 0x01 src 0x0001 dst 0x0002 payload_len 7[0m
[00:01:44.410,000] [0m<dbg> bttester: tester_event: service 0x04 opcode 0x86[0m
[00:01:44.670,000] [0m<dbg> bttester_mesh: net_recv_ev: ttl 0x07 ctl 0x01 src 0x0001 dst 0x0002 payload_len 7[0m
[00:01:44.670,000] [0m<dbg> bttester: tester_event: service 0x04 opcode 0x86[0m
[00:01:44.930,000] [0m<dbg> bttester_mesh: net_recv_ev: ttl 0x07 ctl 0x01 src 0x0001 dst 0x0002 payload_len 7[0m
[00:01:44.930,000] [0m<dbg> bttester: tester_event: service 0x04 opcode 0x86[0m
[00:01:45.230,000] [0m<dbg> bttester_mesh: net_recv_ev: ttl 0x07 ctl 0x01 src 0x0001 dst 0x0002 payload_len 7[0m
[00:01:45.230,000] [0m<dbg> bttester: tester_event: service 0x04 opcode 0x86[0m
[00:01:45.390,000] [0m<dbg> bttester_mesh: net_recv_ev: ttl 0x07 ctl 0x01 src 0x0001 dst 0x0002 payload_len 7[0m
[00:01:45.390,000] [0m<dbg> bttester: tester_event: service 0x04 opcode 0x86[0m
[00:01:45.690,000] [0m<dbg> bttester_mesh: net_recv_ev: ttl 0x07 ctl 0x01 src 0x0001 dst 0x0002 payload_len 7[0m
[00:01:45.690,000] [0m<dbg> bttester: tester_event: service 0x04 opcode 0x86[0m
[00:01:46.270,000] [0m<dbg> bttester_mesh: net_recv_ev: ttl 0x03 ctl 0x00 src 0x0001 dst 0x0002 payload_len 15[0m
[00:01:46.270,000] [0m<dbg> bttester: tester_event: service 0x04 opcode 0x86[0m
[00:01:46.270,000] [0m<dbg> bttester_mesh: model_recv_ev: src 0x0001 dst 0x0002 payload_len 3[0m
[00:01:46.270,000] [0m<dbg> bttester: tester_event: service 0x04 opcode 0x8f[0m
[00:01:46.270,000] [0m<dbg> bttester_mesh: link_open: bearer 0x04[0m
[00:01:46.270,000] [0m<dbg> bttester: tester_event: service 0x04 opcode 0x84[0m
[00:01:46.510,000] [0m<dbg> bttester_mesh: net_recv_ev: ttl 0x07 ctl 0x01 src 0x0001 dst 0x0002 payload_len 7[0m
[00:01:46.510,000] [0m<dbg> bttester: tester_event: service 0x04 opcode 0x86[0m
[00:01:46.790,000] [0m<dbg> bttester_mesh: net_recv_ev: ttl 0x03 ctl 0x00 src 0x0001 dst 0x0002 payload_len 13[0m
[00:01:46.790,000] [0m<dbg> bttester: tester_event: service 0x04 opcode 0x86[0m
[00:01:46.790,000] [0m<dbg> bttester_mesh: model_recv_ev: src 0x0001 dst 0x0002 payload_len 5[0m
[00:01:46.790,000] [0m<dbg> bttester: tester_event: service 0x04 opcode 0x8f[0m
[00:01:47.030,000] [0m<dbg> bttester_mesh: net_recv_ev: ttl 0x07 ctl 0x01 src 0x0001 dst 0x0002 payload_len 7[0m
[00:01:47.030,000] [0m<dbg> bttester: tester_event: service 0x04 opcode 0x86[0m
[00:01:47.510,000] [0m<dbg> bttester_mesh: net_recv_ev: ttl 0x07 ctl 0x01 src 0x0001 dst 0x0002 payload_len 7[0m
[00:01:47.510,000] [0m<dbg> bttester: tester_event: service 0x04 opcode 0x86[0m
[00:01:47.670,000] [0m<dbg> bttester_mesh: net_recv_ev: ttl 0x03 ctl 0x00 src 0x0001 dst 0x0002 payload_len 16[0m
[00:01:47.670,000] [0m<dbg> bttester: tester_event: service 0x04 opcode 0x86[0m
[00:01:47.710,000] [0m<dbg> bttester_mesh: net_recv_ev: ttl 0x03 ctl 0x00 src 0x0001 dst 0x0002 payload_len 9[0m
[00:01:47.710,000] [0m<dbg> bttester: tester_event: service 0x04 opcode 0x86[0m
[00:01:47.710,000] [0m<dbg> bttester_mesh: model_recv_ev: src 0x0001 dst 0x0002 payload_len 9[0m
[00:01:47.710,000] [0m<dbg> bttester: tester_event: service 0x04 opcode 0x8f[0m
[00:01:47.970,000] [0m<dbg> bttester_mesh: net_recv_ev: ttl 0x07 ctl 0x01 src 0x0001 dst 0x0002 payload_len 7[0m
[00:01:47.970,000] [0m<dbg> bttester: tester_event: service 0x04 opcode 0x86[0m
[00:01:48.130,000] [0m<dbg> bttester_mesh: net_recv_ev: ttl 0x03 ctl 0x00 src 0x0001 dst 0x0002 payload_len 16[0m
[00:01:48.130,000] [0m<dbg> bttester: tester_event: service 0x04 opcode 0x86[0m
[00:01:48.190,000] [0m<dbg> bttester_mesh: net_recv_ev: ttl 0x03 ctl 0x00 src 0x0001 dst 0x0002 payload_len 16[0m
[00:01:48.190,000] [0m<dbg> bttester: tester_event: service 0x04 opcode 0x86[0m
[00:01:48.250,000] [0m<dbg> bttester_mesh: net_recv_ev: ttl 0x03 ctl 0x00 src 0x0001 dst 0x0002 payload_len 16[0m
[00:01:48.250,000] [0m<dbg> bttester: tester_event: service 0x04 opcode 0x86[0m
[00:01:48.290,000] [0m<dbg> bttester_mesh: net_recv_ev: ttl 0x03 ctl 0x00 src 0x0001 dst 0x0002 payload_len 16[0m
[00:01:48.290,000] [0m<dbg> bttester: tester_event: service 0x04 opcode 0x86[0m
[00:01:48.370,000] [0m<dbg> bttester_mesh: net_recv_ev: ttl 0x03 ctl 0x00 src 0x0001 dst 0x0002 payload_len 16[0m
[00:01:48.370,000] [0m<dbg> bttester: tester_event: service 0x04 opcode 0x86[0m
[00:01:48.410,000] [0m<dbg> bttester_mesh: net_recv_ev: ttl 0x03 ctl 0x00 src 0x0001 dst 0x0002 payload_len 16[0m
[00:01:48.410,000] [0m<dbg> bttester: tester_event: service 0x04 opcode 0x86[0m
[00:01:48.410,000] [0m<dbg> bttester_mesh: model_recv_ev: src 0x0001 dst 0x0002 payload_len 68[0m
[00:01:48.410,000] [0m<dbg> bttester: tester_event: service 0x04 opcode 0x8f[0m
[00:01:48.690,000] [0m<dbg> bttester_mesh: net_recv_ev: ttl 0x07 ctl 0x01 src 0x0001 dst 0x0002 payload_len 7[0m
[00:01:48.690,000] [0m<dbg> bttester: tester_event: service 0x04 opcode 0x86[0m
[00:01:49.590,000] [0m<dbg> bttester_mesh: net_recv_ev: ttl 0x07 ctl 0x01 src 0x0001 dst 0x0002 payload_len 7[0m
[00:01:49.590,000] [0m<dbg> bttester: tester_event: service 0x04 opcode 0x86[0m
[00:01:49.870,000] [0m<dbg> bttester_mesh: net_recv_ev: ttl 0x07 ctl 0x01 src 0x0001 dst 0x0002 payload_len 7[0m
[00:01:49.870,000] [0m<dbg> bttester: tester_event: service 0x04 opcode 0x86[0m
[00:01:50.050,000] [0m<dbg> bttester_mesh: net_recv_ev: ttl 0x07 ctl 0x01 src 0x0001 dst 0x0002 payload_len 7[0m
[00:01:50.050,000] [0m<dbg> bttester: tester_event: service 0x04 opcode 0x86[0m
[00:01:50.250,000] [0m<dbg> bttester_mesh: net_recv_ev: ttl 0x03 ctl 0x00 src 0x0001 dst 0x0002 payload_len 16[0m
[00:01:50.250,000] [0m<dbg> bttester: tester_event: service 0x04 opcode 0x86[0m
[00:01:50.290,000] [0m<dbg> bttester_mesh: net_recv_ev: ttl 0x03 ctl 0x00 src 0x0001 dst 0x0002 payload_len 16[0m
[00:01:50.290,000] [0m<dbg> bttester: tester_event: service 0x04 opcode 0x86[0m
[00:01:50.290,000] [0m<dbg> bttester_mesh: model_recv_ev: src 0x0001 dst 0x0002 payload_len 20[0m
[00:01:50.290,000] [0m<dbg> bttester: tester_event: service 0x04 opcode 0x8f[0m
[00:01:50.570,000] [0m<dbg> bttester_mesh: net_recv_ev: ttl 0x07 ctl 0x01 src 0x0001 dst 0x0002 payload_len 7[0m
[00:01:50.570,000] [0m<dbg> bttester: tester_event: service 0x04 opcode 0x86[0m
[00:01:51.250,000] [0m<dbg> bttester_mesh: net_recv_ev: ttl 0x07 ctl 0x01 src 0x0001 dst 0x0002 payload_len 7[0m
[00:01:51.250,000] [0m<dbg> bttester: tester_event: service 0x04 opcode 0x86[0m
[00:01:51.430,000] [0m<dbg> bttester_mesh: net_recv_ev: ttl 0x03 ctl 0x00 src 0x0001 dst 0x0002 payload_len 16[0m
[00:01:51.430,000] [0m<dbg> bttester: tester_event: service 0x04 opcode 0x86[0m
[00:01:51.490,000] [0m<dbg> bttester_mesh: net_recv_ev: ttl 0x03 ctl 0x00 src 0x0001 dst 0x0002 payload_len 16[0m
[00:01:51.490,000] [0m<dbg> bttester: tester_event: service 0x04 opcode 0x86[0m
[00:01:51.490,000] [0m<dbg> bttester_mesh: model_recv_ev: src 0x0001 dst 0x0002 payload_len 20[0m
[00:01:51.490,000] [0m<dbg> bttester: tester_event: service 0x04 opcode 0x8f[0m
[00:01:51.790,000] [0m<dbg> bttester_mesh: net_recv_ev: ttl 0x07 ctl 0x01 src 0x0001 dst 0x0002 payload_len 7[0m
[00:01:51.790,000] [0m<dbg> bttester: tester_event: service 0x04 opcode 0x86[0m
[00:01:52.450,000] [0m<dbg> bttester_mesh: net_recv_ev: ttl 0x07 ctl 0x01 src 0x0001 dst 0x0002 payload_len 7[0m
[00:01:52.450,000] [0m<dbg> bttester: tester_event: service 0x04 opcode 0x86[0m
[00:02:52.650,000] [0m<dbg> bttester_mesh: net_recv_ev: ttl 0x03 ctl 0x00 src 0x0001 dst 0x0002 payload_len 15[0m
[00:02:52.650,000] [0m<dbg> bttester: tester_event: service 0x04 opcode 0x86[0m
[00:02:53.810,000] [0m<dbg> bttester_mesh: net_recv_ev: ttl 0x03 ctl 0x00 src 0x0001 dst 0x0002 payload_len 15[0m
[00:02:53.810,000] [0m<dbg> bttester: tester_event: service 0x04 opcode 0x86[0m
[00:02:55.030,000] [0m<dbg> bttester_mesh: net_recv_ev: ttl 0x03 ctl 0x00 src 0x0001 dst 0x0002 payload_len 15[0m
[00:02:55.030,000] [0m<dbg> bttester: tester_event: service 0x04 opcode 0x86[0m
[00:02:56.170,000] [0m<dbg> bttester_mesh: net_recv_ev: ttl 0x03 ctl 0x00 src 0x0001 dst 0x0002 payload_len 15[0m
[00:02:56.170,000] [0m<dbg> bttester: tester_event: service 0x04 opcode 0x86[0m
[00:02:57.310,000] [0m<dbg> bttester_mesh: net_recv_ev: ttl 0x03 ctl 0x00 src 0x0001 dst 0x0002 payload_len 15[0m
[00:02:57.310,000] [0m<dbg> bttester: tester_event: service 0x04 opcode 0x86[0m
[00:02:58.450,000] [0m<dbg> bttester_mesh: net_recv_ev: ttl 0x03 ctl 0x00 src 0x0001 dst 0x0002 payload_len 14[0m
[00:02:58.450,000] [0m<dbg> bttester: tester_event: service 0x04 opcode 0x86[0m
[00:02:58.450,000] [0m<dbg> bttester_mesh: model_recv_ev: src 0x0001 dst 0x0002 payload_len 2[0m
[00:02:58.450,000] [0m<dbg> bttester: tester_event: service 0x04 opcode 0x8f[0m
[00:02:58.690,000] [0m<dbg> bttester_mesh: net_recv_ev: ttl 0x03 ctl 0x00 src 0x0001 dst 0x0002 payload_len 15[0m
[00:02:58.690,000] [0m<dbg> bttester: tester_event: service 0x04 opcode 0x86[0m
[00:02:58.690,000] [0m<dbg> bttester_mesh: model_recv_ev: src 0x0001 dst 0x0002 payload_len 3[0m
[00:02:58.690,000] [0m<dbg> bttester: tester_event: service 0x04 opcode 0x8f[0m
[00:02:59.450,000] [0m<dbg> bttester_mesh: net_recv_ev: ttl 0x07 ctl 0x01 src 0x0001 dst 0x0002 payload_len 7[0m
[00:02:59.450,000] [0m<dbg> bttester: tester_event: service 0x04 opcode 0x86[0m
[00:02:59.670,000] [0m<dbg> bttester_mesh: net_recv_ev: ttl 0x07 ctl 0x01 src 0x0001 dst 0x0002 payload_len 7[0m
[00:02:59.670,000] [0m<dbg> bttester: tester_event: service 0x04 opcode 0x86[0m
[00:02:59.910,000] [0m<dbg> bttester_mesh: net_recv_ev: ttl 0x07 ctl 0x01 src 0x0001 dst 0x0002 payload_len 7[0m
[00:02:59.910,000] [0m<dbg> bttester: tester_event: service 0x04 opcode 0x86[0m
[00:03:00.210,000] [0m<dbg> bttester_mesh: net_recv_ev: ttl 0x07 ctl 0x01 src 0x0001 dst 0x0002 payload_len 7[0m
[00:03:00.210,000] [0m<dbg> bttester: tester_event: service 0x04 opcode 0x86[0m
[00:03:00.390,000] [0m<dbg> bttester_mesh: net_recv_ev: ttl 0x07 ctl 0x01 src 0x0001 dst 0x0002 payload_len 7[0m
[00:03:00.390,000] [0m<dbg> bttester: tester_event: service 0x04 opcode 0x86[0m
[00:03:00.670,000] [0m<dbg> bttester_mesh: net_recv_ev: ttl 0x07 ctl 0x01 src 0x0001 dst 0x0002 payload_len 7[0m
[00:03:00.670,000] [0m<dbg> bttester: tester_event: service 0x04 opcode 0x86[0m
[00:03:42.610,000] [0m<dbg> bttester: cmd_handler: cmd service 0x01 opcode 0x05 index 0x00[0m
[00:03:42.630,000] [0m<dbg> bttester: cmd_handler: Command returns status 0[0m

Stopped at 223.650s
2025/12/20 00:28:36 socat[1950999] W cannot restore terminal settings on fd 5: Input/output error
==1950996==LeakSanitizer has encountered a fatal error.
==1950996==HINT: For debugging, try setting environment variable LSAN_OPTIONS=verbosity=1:log_threads=1
==1950996==HINT: LeakSanitizer does not work under ptrace (strace, gdb, etc)
