[00:00:31.685,211] <inf> bttester_bap_audio_stream: Stream 0x20013aa8 sent 1500 SDUs of size 130
[00:00:32.795,227] <inf> bttester_bap_audio_stream: Stream 0x20013aa8 sent 1600 SDUs of size 130
*** Booting Zephyr OS build 4.1.99 ***
[00:00:00.253,234] <dbg> bttester: tester_init: Initializing tester
[00:00:05.993,835] <dbg> bttester: cmd_handler: cmd service 0x00 opcode 0x03 index 0xff
[00:00:06.019,531] <inf> bt_hci_core: HW Platform: Nordic Semiconductor (0x0002)
[00:00:06.019,561] <inf> bt_hci_core: HW Variant: nRF53x (0x0003)
[00:00:06.019,592] <inf> bt_hci_core: Firmware: Standard Bluetooth controller (0x00) Version 4.1 Build 99
[00:00:06.021,362] <inf> bt_hci_core: Identity: D7:B8:1B:0B:51:C3 (random)
[00:00:06.021,392] <inf> bt_hci_core: HCI: version 5.4 (0x0d) revision 0x0000, manufacturer 0x05f1
[00:00:06.021,423] <inf> bt_hci_core: LMP: version 5.4 (0x0d) subver 0xffff
[00:00:06.021,423] <dbg> bttester: tester_rsp_with_index: service 0x00 opcode 0x03 index 0xff status 0x00
[00:00:06.041,351] <dbg> bttester: cmd_handler: cmd service 0x01 opcode 0x03 index 0x00
[00:00:06.479,858] <dbg> bttester: cmd_handler: cmd service 0x00 opcode 0x03 index 0xff
[00:00:06.479,919] <dbg> bttester: tester_rsp_with_index: service 0x00 opcode 0x03 index 0xff status 0x00
[00:00:06.543,334] <dbg> bttester: cmd_handler: cmd service 0x01 opcode 0x08 index 0x00
[00:00:06.606,994] <dbg> bttester: cmd_handler: cmd service 0x00 opcode 0x03 index 0xff
[00:00:06.607,604] <dbg> bttester: tester_rsp_with_index: service 0x00 opcode 0x03 index 0xff status 0x00
[00:00:06.654,144] <dbg> bttester: cmd_handler: cmd service 0x00 opcode 0x03 index 0xff
[00:00:06.654,174] <dbg> bttester: tester_rsp_with_index: service 0x00 opcode 0x03 index 0xff status 0x00
[00:00:06.712,036] <dbg> bttester: cmd_handler: cmd service 0x00 opcode 0x03 index 0xff
[00:00:06.712,127] <dbg> bttester: tester_rsp_with_index: service 0x00 opcode 0x03 index 0xff status 0x00
[00:00:13.750,274] <dbg> bttester: cmd_handler: cmd service 0x0e opcode 0x04 index 0x00
[00:00:13.750,946] <dbg> bttester_bap_broadcast: btp_bap_broadcast_source_setup: 
[00:00:13.751,007] <dbg> bttester_bap_broadcast: setup_broadcast_source: Creating broadcast source (0) with 1 subgroups with 1 streams
[00:00:13.857,238] <dbg> bttester: cmd_handler: cmd service 0x0e opcode 0x06 index 0x00
[00:00:13.857,269] <dbg> bttester_bap_broadcast: btp_bap_broadcast_adv_start: 
[00:00:13.858,337] <dbg> bttester: tester_rsp_with_index: service 0x0e opcode 0x06 index 0x00 status 0x00
[00:00:13.894,775] <dbg> bttester: cmd_handler: cmd service 0x0e opcode 0x08 index 0x00
[00:00:13.894,805] <dbg> bttester_bap_broadcast: btp_bap_broadcast_source_start: 
[00:00:13.895,507] <dbg> bttester: tester_rsp_with_index: service 0x0e opcode 0x08 index 0x00 status 0x00
[00:00:13.977,722] <dbg> bttester: cmd_handler: cmd service 0x0e opcode 0x03 index 0x00
[00:00:14.017,791] <dbg> bttester_bap_broadcast: stream_started: Started stream 0x20013aa8
[00:00:14.017,822] <inf> bttester_bap_audio_stream: Registered 0x20013aa8 (0x20013aa8) for TX
[00:00:14.017,852] <dbg> bttester: tester_event: service 0x0e opcode 0x86
[00:00:14.051,971] <dbg> bttester: cmd_handler: cmd service 0x0e opcode 0x03 index 0x00
[00:00:14.198,486] <dbg> bttester: cmd_handler: cmd service 0x0e opcode 0x03 index 0x00
[00:00:14.282,653] <dbg> bttester: cmd_handler: cmd service 0x0e opcode 0x03 index 0x00
[00:00:14.319,763] <dbg> bttester: cmd_handler: cmd service 0x0e opcode 0x03 index 0x00
[00:00:14.373,504] <dbg> bttester: cmd_handler: cmd service 0x0e opcode 0x03 index 0x00
[00:00:14.412,231] <dbg> bttester: cmd_handler: cmd service 0x0e opcode 0x03 index 0x00
[00:00:14.465,240] <dbg> bttester: cmd_handler: cmd service 0x0e opcode 0x03 index 0x00
[00:00:14.476,257] <dbg> bttester: cmd_handler: cmd service 0x0e opcode 0x03 index 0x00
[00:00:14.525,573] <dbg> bttester: cmd_handler: cmd service 0x0e opcode 0x03 index 0x00
[00:00:14.578,491] <dbg> bttester: cmd_handler: cmd service 0x0e opcode 0x03 index 0x00
[00:00:14.626,647] <dbg> bttester: cmd_handler: cmd service 0x0e opcode 0x03 index 0x00
[00:00:14.665,130] <dbg> bttester: cmd_handler: cmd service 0x0e opcode 0x03 index 0x00
[00:00:14.697,845] <dbg> bttester: cmd_handler: cmd service 0x0e opcode 0x03 index 0x00
[00:00:14.745,361] <dbg> bttester: cmd_handler: cmd service 0x0e opcode 0x03 index 0x00
[00:00:14.805,450] <dbg> bttester: cmd_handler: cmd service 0x0e opcode 0x03 index 0x00
[00:00:14.827,606] <dbg> bttester: cmd_handler: cmd service 0x0e opcode 0x03 index 0x00
[00:00:14.891,235] <dbg> bttester: cmd_handler: cmd service 0x0e opcode 0x03 index 0x00
[00:00:14.918,884] <dbg> bttester: cmd_handler: cmd service 0x0e opcode 0x03 index 0x00
[00:00:15.014,892] <dbg> bttester: cmd_handler: cmd service 0x0e opcode 0x03 index 0x00
[00:00:15.068,511] <dbg> bttester: cmd_handler: cmd service 0x0e opcode 0x03 index 0x00
[00:00:15.111,083] <dbg> bttester: cmd_handler: cmd service 0x0e opcode 0x03 index 0x00
[00:00:15.154,296] <dbg> bttester: cmd_handler: cmd service 0x0e opcode 0x03 index 0x00
[00:00:15.175,842] <dbg> bttester: cmd_handler: cmd service 0x0e opcode 0x03 index 0x00
[00:00:15.234,313] <dbg> bttester: cmd_handler: cmd service 0x0e opcode 0x03 index 0x00
[00:00:15.287,445] <dbg> bttester: cmd_handler: cmd service 0x0e opcode 0x03 index 0x00
[00:00:15.320,037] <dbg> bttester: cmd_handler: cmd service 0x0e opcode 0x03 index 0x00
[00:00:15.358,398] <dbg> bttester: cmd_handler: cmd service 0x0e opcode 0x03 index 0x00
[00:00:15.412,628] <dbg> bttester: cmd_handler: cmd service 0x0e opcode 0x03 index 0x00
[00:00:15.427,703] <inf> bttester_bap_audio_stream: Stream 0x20013aa8 sent 100 SDUs of size 75
[00:00:15.471,130] <dbg> bttester: cmd_handler: cmd service 0x0e opcode 0x03 index 0x00
[00:00:15.545,806] <dbg> bttester: cmd_handler: cmd service 0x0e opcode 0x03 index 0x00
[00:00:15.593,902] <dbg> bttester: cmd_handler: cmd service 0x0e opcode 0x03 index 0x00
[00:00:15.636,627] <dbg> bttester: cmd_handler: cmd service 0x0e opcode 0x03 index 0x00
[00:00:15.705,596] <dbg> bttester: cmd_handler: cmd service 0x0e opcode 0x03 index 0x00
[00:00:15.748,992] <dbg> bttester: cmd_handler: cmd service 0x0e opcode 0x03 index 0x00
[00:00:15.792,205] <dbg> bttester: cmd_handler: cmd service 0x0e opcode 0x03 index 0x00
[00:00:15.834,716] <dbg> bttester: cmd_handler: cmd service 0x0e opcode 0x03 index 0x00
[00:00:15.902,954] <dbg> bttester: cmd_handler: cmd service 0x0e opcode 0x03 index 0x00
[00:00:15.951,293] <dbg> bttester: cmd_handler: cmd service 0x0e opcode 0x03 index 0x00
[00:00:15.968,536] <dbg> bttester: cmd_handler: cmd service 0x0e opcode 0x03 index 0x00
[00:00:16.026,611] <dbg> bttester: cmd_handler: cmd service 0x0e opcode 0x03 index 0x00
[00:00:16.064,910] <dbg> bttester: cmd_handler: cmd service 0x0e opcode 0x03 index 0x00
[00:00:16.097,656] <dbg> bttester: cmd_handler: cmd service 0x0e opcode 0x03 index 0x00
[00:00:16.125,183] <dbg> bttester: cmd_handler: cmd service 0x0e opcode 0x03 index 0x00
[00:00:16.153,167] <dbg> bttester: cmd_handler: cmd service 0x0e opcode 0x03 index 0x00
[00:00:16.206,176] <dbg> bttester: cmd_handler: cmd service 0x0e opcode 0x03 index 0x00
[00:00:16.243,499] <dbg> bttester: cmd_handler: cmd service 0x0e opcode 0x03 index 0x00
[00:00:16.286,865] <dbg> bttester: cmd_handler: cmd service 0x0e opcode 0x03 index 0x00
[00:00:16.366,119] <dbg> bttester: cmd_handler: cmd service 0x0e opcode 0x03 index 0x00
[00:00:16.405,059] <dbg> bttester: cmd_handler: cmd service 0x0e opcode 0x03 index 0x00
[00:00:16.448,944] <dbg> bttester: cmd_handler: cmd service 0x0e opcode 0x03 index 0x00
[00:00:16.507,690] <dbg> bttester: cmd_handler: cmd service 0x0e opcode 0x03 index 0x00
[00:00:16.541,046] <dbg> bttester: cmd_handler: cmd service 0x0e opcode 0x03 index 0x00
[00:00:16.593,536] <dbg> bttester: cmd_handler: cmd service 0x0e opcode 0x03 index 0x00
[00:00:16.642,547] <dbg> bttester: cmd_handler: cmd service 0x0e opcode 0x03 index 0x00
[00:00:16.717,559] <dbg> bttester: cmd_handler: cmd service 0x0e opcode 0x03 index 0x00
[00:00:16.765,838] <dbg> bttester: cmd_handler: cmd service 0x0e opcode 0x03 index 0x00
[00:00:16.804,016] <dbg> bttester: cmd_handler: cmd service 0x0e opcode 0x03 index 0x00
[00:00:16.830,200] <inf> bttester_bap_audio_stream: Stream 0x20013aa8 sent 200 SDUs of size 75
[00:00:16.878,173] <dbg> bttester: cmd_handler: cmd service 0x0e opcode 0x03 index 0x00
[00:00:16.921,203] <dbg> bttester: cmd_handler: cmd service 0x0e opcode 0x03 index 0x00
[00:00:16.984,954] <dbg> bttester: cmd_handler: cmd service 0x0e opcode 0x03 index 0x00
[00:00:17.027,343] <dbg> bttester: cmd_handler: cmd service 0x0e opcode 0x03 index 0x00
[00:00:17.045,074] <dbg> bttester: cmd_handler: cmd service 0x0e opcode 0x03 index 0x00
[00:00:17.088,134] <dbg> bttester: cmd_handler: cmd service 0x0e opcode 0x03 index 0x00
[00:00:17.136,077] <dbg> bttester: cmd_handler: cmd service 0x0e opcode 0x03 index 0x00
[00:00:17.173,797] <dbg> bttester: cmd_handler: cmd service 0x0e opcode 0x03 index 0x00
[00:00:17.195,831] <dbg> bttester: cmd_handler: cmd service 0x0e opcode 0x03 index 0x00
[00:00:17.217,803] <dbg> bttester: cmd_handler: cmd service 0x0e opcode 0x03 index 0x00
[00:00:17.262,420] <dbg> bttester: cmd_handler: cmd service 0x0e opcode 0x03 index 0x00
[00:00:17.315,307] <dbg> bttester: cmd_handler: cmd service 0x0e opcode 0x03 index 0x00
[00:00:17.347,839] <dbg> bttester: cmd_handler: cmd service 0x0e opcode 0x03 index 0x00
[00:00:17.380,462] <dbg> bttester: cmd_handler: cmd service 0x0e opcode 0x03 index 0x00
[00:00:17.428,405] <dbg> bttester: cmd_handler: cmd service 0x0e opcode 0x03 index 0x00
[00:00:17.476,440] <dbg> bttester: cmd_handler: cmd service 0x0e opcode 0x03 index 0x00
[00:00:17.550,750] <dbg> bttester: cmd_handler: cmd service 0x0e opcode 0x03 index 0x00
[00:00:17.609,741] <dbg> bttester: cmd_handler: cmd service 0x0e opcode 0x03 index 0x00
[00:00:17.668,212] <dbg> bttester: cmd_handler: cmd service 0x0e opcode 0x03 index 0x00
[00:00:17.679,931] <dbg> bttester: cmd_handler: cmd service 0x0e opcode 0x03 index 0x00
[00:00:17.784,484] <dbg> bttester: cmd_handler: cmd service 0x0e opcode 0x03 index 0x00
[00:00:17.879,425] <dbg> bttester: cmd_handler: cmd service 0x0e opcode 0x03 index 0x00
[00:00:17.907,012] <dbg> bttester: cmd_handler: cmd service 0x0e opcode 0x03 index 0x00
[00:00:17.950,500] <dbg> bttester: cmd_handler: cmd service 0x0e opcode 0x03 index 0x00
[00:00:18.023,742] <dbg> bttester: cmd_handler: cmd service 0x0e opcode 0x03 index 0x00
[00:00:18.067,016] <dbg> bttester: cmd_handler: cmd service 0x0e opcode 0x03 index 0x00
[00:00:18.099,792] <dbg> bttester: cmd_handler: cmd service 0x0e opcode 0x03 index 0x00
[00:00:18.147,277] <dbg> bttester: cmd_handler: cmd service 0x0e opcode 0x03 index 0x00
[00:00:18.186,096] <dbg> bttester: cmd_handler: cmd service 0x0e opcode 0x03 index 0x00
[00:00:18.232,727] <inf> bttester_bap_audio_stream: Stream 0x20013aa8 sent 300 SDUs of size 75
[00:00:18.249,755] <dbg> bttester: cmd_handler: cmd service 0x0e opcode 0x03 index 0x00
[00:00:18.297,546] <dbg> bttester: cmd_handler: cmd service 0x0e opcode 0x03 index 0x00
[00:00:18.335,083] <dbg> bttester: cmd_handler: cmd service 0x0e opcode 0x03 index 0x00
[00:00:18.383,972] <dbg> bttester: cmd_handler: cmd service 0x0e opcode 0x03 index 0x00
[00:00:18.400,543] <dbg> bttester: cmd_handler: cmd service 0x0e opcode 0x03 index 0x00
[00:00:18.485,198] <dbg> bttester: cmd_handler: cmd service 0x0e opcode 0x03 index 0x00
[00:00:18.527,740] <dbg> bttester: cmd_handler: cmd service 0x0e opcode 0x03 index 0x00
[00:00:18.552,093] <dbg> bttester: cmd_handler: cmd service 0x0e opcode 0x03 index 0x00
[00:00:18.622,192] <dbg> bttester: cmd_handler: cmd service 0x0e opcode 0x03 index 0x00
[00:00:18.675,811] <dbg> bttester: cmd_handler: cmd service 0x0e opcode 0x03 index 0x00
[00:00:18.728,942] <dbg> bttester: cmd_handler: cmd service 0x0e opcode 0x03 index 0x00
[00:00:18.771,606] <dbg> bttester: cmd_handler: cmd service 0x0e opcode 0x03 index 0x00
[00:00:19.642,730] <inf> bttester_bap_audio_stream: Stream 0x20013aa8 sent 400 SDUs of size 75
[00:00:21.045,227] <inf> bttester_bap_audio_stream: Stream 0x20013aa8 sent 500 SDUs of size 75
[00:00:22.455,230] <inf> bttester_bap_audio_stream: Stream 0x20013aa8 sent 600 SDUs of size 75
[00:00:23.857,727] <inf> bttester_bap_audio_stream: Stream 0x20013aa8 sent 700 SDUs of size 75
[00:00:25.267,700] <inf> bttester_bap_audio_stream: Stream 0x20013aa8 sent 800 SDUs of size 75
[00:00:26.670,227] <inf> bttester_bap_audio_stream: Stream 0x20013aa8 sent 900 SDUs of size 75
[00:00:28.080,200] <inf> bttester_bap_audio_stream: Stream 0x20013aa8 sent 1000 SDUs of size 75
