2023-06-30 20:05:09,674 root DEBUG client.py                 790   run_test_case_thread_entry : Starting TestCase wrapper GATT GATT/CL/GAR/BI-10-C
2023-06-30 20:05:09,674 root DEBUG testcase.py               718   pre_run                   : pre_run GATT GATT/CL/GAR/BI-10-C
2023-06-30 20:05:09,674 root DEBUG testcase.py               720   pre_run                   : About to run test case GATT GATT/CL/GAR/BI-10-C with commands:
2023-06-30 20:05:09,674 root DEBUG testcase.py               723   pre_run                   : 0) class=<class 'autopts.ptsprojects.testcase.TestFunc'>, func=<bound method ZephyrCtl.start of <autopts.ptsprojects.zephyr.iutctl.ZephyrCtl object at 0x00000192DD5FB160>> start_wid=None stop_wid=None post_wid=None skip_call=None call_count=0 args=(<autopts.ptsprojects.zephyr.ztestcase.ZTestCase object at 0x00000192DDA58CA0>,) kwds={}
2023-06-30 20:05:09,674 root DEBUG testcase.py               723   pre_run                   : 1) class=<class 'autopts.ptsprojects.testcase.TestFunc'>, func=<bound method ZephyrCtl.wait_iut_ready_event of <autopts.ptsprojects.zephyr.iutctl.ZephyrCtl object at 0x00000192DD5FB160>> start_wid=None stop_wid=None post_wid=None skip_call=None call_count=0 args=() kwds={}
2023-06-30 20:05:09,674 root DEBUG testcase.py               723   pre_run                   : 2) class=<class 'autopts.ptsprojects.testcase.TestFunc'>, func=<bound method Stack.gap_init of <autopts.ptsprojects.stack.Stack object at 0x00000192DD7C4520>> start_wid=None stop_wid=None post_wid=None skip_call=None call_count=17 args=(b'Tester_6015B9',) kwds={}
2023-06-30 20:05:09,674 root DEBUG testcase.py               723   pre_run                   : 3) class=<class 'autopts.ptsprojects.testcase.TestFunc'>, func=<function core_reg_svc_gap at 0x00000192DBF18670> start_wid=None stop_wid=None post_wid=None skip_call=None call_count=17 args=() kwds={}
2023-06-30 20:05:09,674 root DEBUG testcase.py               723   pre_run                   : 4) class=<class 'autopts.ptsprojects.testcase.TestFunc'>, func=<function gap_read_ctrl_info at 0x00000192DBF59790> start_wid=None stop_wid=None post_wid=None skip_call=None call_count=17 args=() kwds={}
2023-06-30 20:05:09,674 root DEBUG testcase.py               723   pre_run                   : 5) class=<class 'autopts.ptsprojects.testcase.TestFunc'>, func=<function test_cases_client.<locals>.<lambda> at 0x00000192DD979790> start_wid=None stop_wid=None post_wid=None skip_call=None call_count=17 args=() kwds={}
2023-06-30 20:05:09,674 root DEBUG testcase.py               723   pre_run                   : 6) class=<class 'autopts.ptsprojects.testcase.TestFunc'>, func=<function core_reg_svc_gatt at 0x00000192DBF18790> start_wid=None stop_wid=None post_wid=None skip_call=None call_count=17 args=() kwds={}
2023-06-30 20:05:09,674 root DEBUG testcase.py               723   pre_run                   : 7) class=<class 'autopts.ptsprojects.testcase.TestFunc'>, func=<function set_pts_addr at 0x00000192DBF18430> start_wid=None stop_wid=None post_wid=None skip_call=None call_count=17 args=('C0:07:E8:60:15:B9', 0) kwds={}
2023-06-30 20:05:09,674 root DEBUG testcase.py               723   pre_run                   : 8) class=<class 'autopts.ptsprojects.testcase.TestFunc'>, func=<bound method Stack.gatt_init of <autopts.ptsprojects.stack.Stack object at 0x00000192DD7C4520>> start_wid=None stop_wid=None post_wid=None skip_call=None call_count=17 args=() kwds={}
2023-06-30 20:05:09,674 root DEBUG testcase.py               723   pre_run                   : 9) class=<class 'autopts.ptsprojects.testcase.TestFuncCleanUp'>, func=<bound method Stack.cleanup of <autopts.ptsprojects.stack.Stack object at 0x00000192DD7C4520>> start_wid=None stop_wid=None post_wid=None skip_call=None call_count=0 args=() kwds={}
2023-06-30 20:05:09,674 root DEBUG testcase.py               723   pre_run                   : 10) class=<class 'autopts.ptsprojects.testcase.TestFuncCleanUp'>, func=<bound method ZephyrCtl.stop of <autopts.ptsprojects.zephyr.iutctl.ZephyrCtl object at 0x00000192DD5FB160>> start_wid=None stop_wid=None post_wid=None skip_call=None call_count=0 args=() kwds={}
2023-06-30 20:05:09,674 root DEBUG testcase.py               730   pre_run                   : post_run, run pre test case script
2023-06-30 20:05:09,674 root DEBUG testcase.py               246   start                     : Starting test function: class=<class 'autopts.ptsprojects.testcase.TestFunc'>, func=<bound method ZephyrCtl.start of <autopts.ptsprojects.zephyr.iutctl.ZephyrCtl object at 0x00000192DD5FB160>> start_wid=None stop_wid=None post_wid=None skip_call=None call_count=1 args=(<autopts.ptsprojects.zephyr.ztestcase.ZTestCase object at 0x00000192DDA58CA0>,) kwds={}
2023-06-30 20:05:09,674 root DEBUG testcase.py               258   start                     : Test function parameters: args=(<autopts.ptsprojects.zephyr.ztestcase.ZTestCase object at 0x00000192DDA58CA0>,), kwds={}
2023-06-30 20:05:09,674 root DEBUG iutctl.py                 100   start                     : <class 'autopts.ptsprojects.zephyr.iutctl.ZephyrCtl'>.start
2023-06-30 20:05:09,674 root DEBUG iutctl.py                 161   flush_serial              : <class 'autopts.ptsprojects.zephyr.iutctl.ZephyrCtl'>.flush_serial
2023-06-30 20:05:10,737 root DEBUG iutctl.py                 126   start                     : Starting socat process: socat.exe -x -v tcp:192.168.9.43:60341,retry=100,interval=1 /dev/ttyS2,raw,b115200
2023-06-30 20:05:10,737 root DEBUG iutctl_common.py          278   accept                    : accept
2023-06-30 20:05:10,752 root DEBUG testcase.py               246   start                     : Starting test function: class=<class 'autopts.ptsprojects.testcase.TestFunc'>, func=<bound method ZephyrCtl.wait_iut_ready_event of <autopts.ptsprojects.zephyr.iutctl.ZephyrCtl object at 0x00000192DD5FB160>> start_wid=None stop_wid=None post_wid=None skip_call=None call_count=1 args=() kwds={}
2023-06-30 20:05:10,768 root DEBUG testcase.py               258   start                     : Test function parameters: args=(), kwds={}
2023-06-30 20:05:10,768 root DEBUG iutctl.py                 200   reset                     : <class 'autopts.ptsprojects.zephyr.iutctl.ZephyrCtl'>.reset
2023-06-30 20:05:10,768 root DEBUG iutctl.py                 237   stop                      : <class 'autopts.ptsprojects.zephyr.iutctl.ZephyrCtl'>.stop
2023-06-30 20:05:11,768 root DEBUG __init__.py               48    reset                     : About to reset DUT: 'nrfjprog -r -s 683511993'
2023-06-30 20:05:12,246 root DEBUG iutctl.py                 100   start                     : <class 'autopts.ptsprojects.zephyr.iutctl.ZephyrCtl'>.start
2023-06-30 20:05:12,246 root DEBUG iutctl.py                 161   flush_serial              : <class 'autopts.ptsprojects.zephyr.iutctl.ZephyrCtl'>.flush_serial
2023-06-30 20:05:13,293 root DEBUG iutctl.py                 126   start                     : Starting socat process: socat.exe -x -v tcp:192.168.9.43:60343,retry=100,interval=1 /dev/ttyS2,raw,b115200
2023-06-30 20:05:13,293 root DEBUG iutctl_common.py          278   accept                    : accept
2023-06-30 20:05:13,324 root DEBUG iutctl.py                 161   flush_serial              : <class 'autopts.ptsprojects.zephyr.iutctl.ZephyrCtl'>.flush_serial
2023-06-30 20:05:13,324 root DEBUG __init__.py               48    reset                     : About to reset DUT: 'nrfjprog -r -s 683511993'
2023-06-30 20:05:13,803 root DEBUG iutctl_common.py          217   read                      : read
2023-06-30 20:05:14,084 root DEBUG iutctl_common.py          72    read                      : Read 5 bytes
2023-06-30 20:05:14,084 root DEBUG iutctl_common.py          81    read                      : Received: hdr: Header(svc_id=0, op=128, ctrl_index=255, data_len=0) bytearray(b'\x00\x80\xff\x00\x00')
2023-06-30 20:05:14,084 root DEBUG iutctl_common.py          97    read                      : Received data: {''}, bytearray(b'')
2023-06-30 20:05:14,084 root DEBUG btp.py                    627   event_handler             : event_handler Header(svc_id=0, op=128, ctrl_index=255, data_len=0) (b'',)
2023-06-30 20:05:14,116 root ERROR btp.py                    707   event_handler             : Unhandled event! svc_id 0 op 128
2023-06-30 20:05:14,131 root DEBUG iutctl.py                 230   wait_iut_ready_event      : IUT ready event received OK
2023-06-30 20:05:14,131 root DEBUG testcase.py               246   start                     : Starting test function: class=<class 'autopts.ptsprojects.testcase.TestFunc'>, func=<bound method Stack.gap_init of <autopts.ptsprojects.stack.Stack object at 0x00000192DD7C4520>> start_wid=None stop_wid=None post_wid=None skip_call=None call_count=18 args=(b'Tester_6015B9',) kwds={}
2023-06-30 20:05:14,131 root DEBUG testcase.py               258   start                     : Test function parameters: args=(b'Tester_6015B9',), kwds={}
2023-06-30 20:05:14,131 root DEBUG testcase.py               246   start                     : Starting test function: class=<class 'autopts.ptsprojects.testcase.TestFunc'>, func=<function core_reg_svc_gap at 0x00000192DBF18670> start_wid=None stop_wid=None post_wid=None skip_call=None call_count=18 args=() kwds={}
2023-06-30 20:05:14,131 root DEBUG testcase.py               258   start                     : Test function parameters: args=(), kwds={}
2023-06-30 20:05:14,131 root DEBUG btp.py                    404   core_reg_svc_gap          : core_reg_svc_gap
2023-06-30 20:05:14,131 root DEBUG iutctl_common.py          104   send                      : send, 0 3 255 '1'
2023-06-30 20:05:14,131 root DEBUG iutctl_common.py          109   send                      : sending frame '0003ff010001'
2023-06-30 20:05:14,131 root DEBUG btp.py                    538   core_reg_svc_rsp_succ     : core_reg_svc_rsp_succ
2023-06-30 20:05:14,131 root DEBUG iutctl_common.py          217   read                      : read
2023-06-30 20:05:14,194 root DEBUG iutctl_common.py          72    read                      : Read 5 bytes
2023-06-30 20:05:14,209 root DEBUG iutctl_common.py          81    read                      : Received: hdr: Header(svc_id=0, op=3, ctrl_index=255, data_len=0) bytearray(b'\x00\x03\xff\x00\x00')
2023-06-30 20:05:14,225 root DEBUG iutctl_common.py          97    read                      : Received data: {''}, bytearray(b'')
2023-06-30 20:05:14,256 root DEBUG btp.py                    549   core_reg_svc_rsp_succ     : received Header(svc_id=0, op=3, ctrl_index=255, data_len=0) (b'',)
2023-06-30 20:05:14,256 root DEBUG btp.py                    550   core_reg_svc_rsp_succ     : expected ((0, 3, 255, 0), (b'',))
2023-06-30 20:05:14,256 root DEBUG btp.py                    555   core_reg_svc_rsp_succ     : response is valid
2023-06-30 20:05:14,256 root DEBUG testcase.py               246   start                     : Starting test function: class=<class 'autopts.ptsprojects.testcase.TestFunc'>, func=<function gap_read_ctrl_info at 0x00000192DBF59790> start_wid=None stop_wid=None post_wid=None skip_call=None call_count=18 args=() kwds={}
2023-06-30 20:05:14,256 root DEBUG testcase.py               258   start                     : Test function parameters: args=(), kwds={}
2023-06-30 20:05:14,256 root DEBUG gap.py                    875   gap_read_ctrl_info        : gap_read_ctrl_info
2023-06-30 20:05:14,256 root DEBUG iutctl_common.py          104   send                      : send, 1 3 0 ''
2023-06-30 20:05:14,256 root DEBUG iutctl_common.py          109   send                      : sending frame '0103000000'
2023-06-30 20:05:14,256 root DEBUG iutctl_common.py          217   read                      : read
2023-06-30 20:05:14,459 root DEBUG iutctl_common.py          72    read                      : Read 5 bytes
2023-06-30 20:05:14,475 root DEBUG iutctl_common.py          81    read                      : Received: hdr: Header(svc_id=1, op=3, ctrl_index=0, data_len=277) bytearray(b'\x01\x03\x00\x15\x01')
2023-06-30 20:05:14,506 root DEBUG iutctl_common.py          89    read                      : Read 277 bytes data
2023-06-30 20:05:14,506 root DEBUG iutctl_common.py          97    read                      : Received data: {'c8 04 09 c0 ec d7 13 06 00 00 13 82 00 00 00 00 00 62 74 70 5f 74 65 73 74 65 72 00 00 00 00 00 00 00 00 00 00 00 00 00 00 00 00 00 00 00 00 00 00 00 00 00 00 00 00 00 00 00 00 00 00 00 00 00 00 00 00 00 00 00 00 00 00 00 00 00 00 00 00 00 00 00 00 00 00 00 00 00 00 00 00 00 00 00 00 00 00 00 00 00 00 00 00 00 00 00 00 00 00 00 00 00 00 00 00 00 00 00 00 00 00 00 00 00 00 00 00 00 00 00 00 00 00 00 00 00 00 00 00 00 00 00 00 00 00 00 00 00 00 00 00 00 00 00 00 00 00 00 00 00 00 00 00 00 00 00 00 00 00 00 00 00 00 00 00 00 00 00 00 00 00 00 00 00 00 00 00 00 00 00 00 00 00 00 00 00 00 00 00 00 00 00 00 00 00 00 00 00 00 00 00 00 00 00 00 00 00 00 00 00 00 00 00 00 00 00 00 00 00 00 00 00 00 00 00 00 00 00 00 00 00 00 00 00 00 00 00 00 00 00 00 00 00 00 00 00 00 00 00 00 00 00 00 00 00 00 00 00 00 00 00 00 00 00 00 00 00'}, bytearray(b'\xc8\x04\t\xc0\xec\xd7\x13\x06\x00\x00\x13\x82\x00\x00\x00\x00\x00btp_tester\x00\x00\x00\x00\x00\x00\x00\x00\x00\x00\x00\x00\x00\x00\x00\x00\x00\x00\x00\x00\x00\x00\x00\x00\x00\x00\x00\x00\x00\x00\x00\x00\x00\x00\x00\x00\x00\x00\x00\x00\x00\x00\x00\x00\x00\x00\x00\x00\x00\x00\x00\x00\x00\x00\x00\x00\x00\x00\x00\x00\x00\x00\x00\x00\x00\x00\x00\x00\x00\x00\x00\x00\x00\x00\x00\x00\x00\x00\x00\x00\x00\x00\x00\x00\x00\x00\x00\x00\x00\x00\x00\x00\x00\x00\x00\x00\x00\x00\x00\x00\x00\x00\x00\x00\x00\x00\x00\x00\x00\x00\x00\x00\x00\x00\x00\x00\x00\x00\x00\x00\x00\x00\x00\x00\x00\x00\x00\x00\x00\x00\x00\x00\x00\x00\x00\x00\x00\x00\x00\x00\x00\x00\x00\x00\x00\x00\x00\x00\x00\x00\x00\x00\x00\x00\x00\x00\x00\x00\x00\x00\x00\x00\x00\x00\x00\x00\x00\x00\x00\x00\x00\x00\x00\x00\x00\x00\x00\x00\x00\x00\x00\x00\x00\x00\x00\x00\x00\x00\x00\x00\x00\x00\x00\x00\x00\x00\x00\x00\x00\x00\x00\x00\x00\x00\x00\x00\x00\x00\x00\x00\x00\x00\x00\x00\x00\x00\x00\x00\x00\x00\x00\x00\x00\x00\x00\x00\x00\x00\x00\x00\x00\x00\x00\x00\x00\x00\x00\x00\x00\x00\x00\x00\x00\x00\x00\x00\x00\x00\x00\x00')
2023-06-30 20:05:14,522 root DEBUG gap.py                    882   gap_read_ctrl_info        : received Header(svc_id=1, op=3, ctrl_index=0, data_len=277) (b'\xc8\x04\t\xc0\xec\xd7\x13\x06\x00\x00\x13\x82\x00\x00\x00\x00\x00btp_tester\x00\x00\x00\x00\x00\x00\x00\x00\x00\x00\x00\x00\x00\x00\x00\x00\x00\x00\x00\x00\x00\x00\x00\x00\x00\x00\x00\x00\x00\x00\x00\x00\x00\x00\x00\x00\x00\x00\x00\x00\x00\x00\x00\x00\x00\x00\x00\x00\x00\x00\x00\x00\x00\x00\x00\x00\x00\x00\x00\x00\x00\x00\x00\x00\x00\x00\x00\x00\x00\x00\x00\x00\x00\x00\x00\x00\x00\x00\x00\x00\x00\x00\x00\x00\x00\x00\x00\x00\x00\x00\x00\x00\x00\x00\x00\x00\x00\x00\x00\x00\x00\x00\x00\x00\x00\x00\x00\x00\x00\x00\x00\x00\x00\x00\x00\x00\x00\x00\x00\x00\x00\x00\x00\x00\x00\x00\x00\x00\x00\x00\x00\x00\x00\x00\x00\x00\x00\x00\x00\x00\x00\x00\x00\x00\x00\x00\x00\x00\x00\x00\x00\x00\x00\x00\x00\x00\x00\x00\x00\x00\x00\x00\x00\x00\x00\x00\x00\x00\x00\x00\x00\x00\x00\x00\x00\x00\x00\x00\x00\x00\x00\x00\x00\x00\x00\x00\x00\x00\x00\x00\x00\x00\x00\x00\x00\x00\x00\x00\x00\x00\x00\x00\x00\x00\x00\x00\x00\x00\x00\x00\x00\x00\x00\x00\x00\x00\x00\x00\x00\x00\x00\x00\x00\x00\x00\x00\x00\x00\x00\x00\x00\x00\x00\x00\x00\x00\x00\x00\x00\x00\x00\x00\x00\x00\x00\x00\x00\x00\x00\x00',)
2023-06-30 20:05:14,522 root DEBUG gap.py                    903   gap_read_ctrl_info        : IUT address 'd7ecc00904c8' 'random'
2023-06-30 20:05:14,522 root DEBUG gap.py                    346   __gap_current_settings_update : __gap_current_settings_update 33299
2023-06-30 20:05:14,522 root DEBUG testcase.py               246   start                     : Starting test function: class=<class 'autopts.ptsprojects.testcase.TestFunc'>, func=<function test_cases_client.<locals>.<lambda> at 0x00000192DD979790> start_wid=None stop_wid=None post_wid=None skip_call=None call_count=18 args=() kwds={}
2023-06-30 20:05:14,522 root DEBUG testcase.py               258   start                     : Test function parameters: args=(), kwds={}
2023-06-30 20:05:14,522 root DEBUG testcase.py               246   start                     : Starting test function: class=<class 'autopts.ptsprojects.testcase.TestFunc'>, func=<function core_reg_svc_gatt at 0x00000192DBF18790> start_wid=None stop_wid=None post_wid=None skip_call=None call_count=18 args=() kwds={}
2023-06-30 20:05:14,522 root DEBUG testcase.py               258   start                     : Test function parameters: args=(), kwds={}
2023-06-30 20:05:14,522 root DEBUG btp.py                    422   core_reg_svc_gatt         : core_reg_svc_gatt
2023-06-30 20:05:14,522 root DEBUG iutctl_common.py          104   send                      : send, 0 3 255 '2'
2023-06-30 20:05:14,522 root DEBUG iutctl_common.py          109   send                      : sending frame '0003ff010002'
2023-06-30 20:05:14,522 root DEBUG btp.py                    538   core_reg_svc_rsp_succ     : core_reg_svc_rsp_succ
2023-06-30 20:05:14,522 root DEBUG iutctl_common.py          217   read                      : read
2023-06-30 20:05:14,584 root DEBUG iutctl_common.py          72    read                      : Read 5 bytes
2023-06-30 20:05:14,600 root DEBUG iutctl_common.py          81    read                      : Received: hdr: Header(svc_id=0, op=3, ctrl_index=255, data_len=0) bytearray(b'\x00\x03\xff\x00\x00')
2023-06-30 20:05:14,631 root DEBUG iutctl_common.py          97    read                      : Received data: {''}, bytearray(b'')
2023-06-30 20:05:14,663 root DEBUG btp.py                    549   core_reg_svc_rsp_succ     : received Header(svc_id=0, op=3, ctrl_index=255, data_len=0) (b'',)
2023-06-30 20:05:14,663 root DEBUG btp.py                    550   core_reg_svc_rsp_succ     : expected ((0, 3, 255, 0), (b'',))
2023-06-30 20:05:14,663 root DEBUG btp.py                    555   core_reg_svc_rsp_succ     : response is valid
2023-06-30 20:05:14,663 root DEBUG testcase.py               246   start                     : Starting test function: class=<class 'autopts.ptsprojects.testcase.TestFunc'>, func=<function set_pts_addr at 0x00000192DBF18430> start_wid=None stop_wid=None post_wid=None skip_call=None call_count=18 args=('C0:07:E8:60:15:B9', 0) kwds={}
2023-06-30 20:05:14,663 root DEBUG testcase.py               258   start                     : Test function parameters: args=('C0:07:E8:60:15:B9', 0), kwds={}
2023-06-30 20:05:14,663 root DEBUG testcase.py               246   start                     : Starting test function: class=<class 'autopts.ptsprojects.testcase.TestFunc'>, func=<bound method Stack.gatt_init of <autopts.ptsprojects.stack.Stack object at 0x00000192DD7C4520>> start_wid=None stop_wid=None post_wid=None skip_call=None call_count=18 args=() kwds={}
2023-06-30 20:05:14,663 root DEBUG testcase.py               258   start                     : Test function parameters: args=(), kwds={}
2023-06-30 20:05:14,663 root DEBUG client.py                 273   set_current_test_case     : CallbackThread.set_current_test_case GATT/CL/GAR/BI-10-C
2023-06-30 20:05:17,038 ClientCallback.on_implicit_send INFO client.py                 171   on_implicit_send          : ********************
2023-06-30 20:05:17,038 ClientCallback.on_implicit_send INFO client.py                 172   on_implicit_send          : BEGIN OnImplicitSend:
2023-06-30 20:05:17,038 ClientCallback.on_implicit_send INFO client.py                 173   on_implicit_send          : project_name: GATT
2023-06-30 20:05:17,038 ClientCallback.on_implicit_send INFO client.py                 174   on_implicit_send          : wid: 1
2023-06-30 20:05:17,038 ClientCallback.on_implicit_send INFO client.py                 175   on_implicit_send          : test_case_name: GATT/CL/GAR/BI-10-C
2023-06-30 20:05:17,038 ClientCallback.on_implicit_send INFO client.py                 176   on_implicit_send          : description: Please prepare IUT into a connectable mode.

Description: Verify that the Implementation Under Test (IUT) can accept GATT connect request from PTS.
2023-06-30 20:05:17,038 ClientCallback.on_implicit_send INFO client.py                 177   on_implicit_send          : style: MMI_Style_Ok_Cancel2 0x11141
2023-06-30 20:05:17,038 ClientCallback.on_implicit_send INFO client.py                 183   on_implicit_send          : Calling test cases on_implicit_send
2023-06-30 20:05:17,038 root DEBUG testcase.py               675   on_implicit_send          : GATT GATT/CL/GAR/BI-10-C on_implicit_send
2023-06-30 20:05:17,038 root DEBUG testcase.py               619   join_post_wid_thread      : GATT GATT/CL/GAR/BI-10-C join_post_wid_thread
2023-06-30 20:05:17,038 root DEBUG testcase.py               621   join_post_wid_thread      : self.post_wid_thread None
2023-06-30 20:05:17,038 root DEBUG gatt_wid.py               24    gatt_wid_hdl              : gatt_wid_hdl, 1, Please prepare IUT into a connectable mode.

Description: Verify that the Implementation Under Test (IUT) can accept GATT connect request from PTS., GATT/CL/GAR/BI-10-C
2023-06-30 20:05:17,038 root DEBUG gap.py                    696   gap_set_conn              : gap_set_conn
2023-06-30 20:05:17,038 root DEBUG gap.py                    747   gap_set_gendiscov         : gap_set_gendiscov
2023-06-30 20:05:17,038 root DEBUG iutctl_common.py          104   send                      : send, 1 8 0 '1'
2023-06-30 20:05:17,038 root DEBUG iutctl_common.py          109   send                      : sending frame '010800010001'
2023-06-30 20:05:17,038 root DEBUG gap.py                    910   gap_command_rsp_succ      : gap_command_rsp_succ
2023-06-30 20:05:17,038 root DEBUG iutctl_common.py          217   read                      : read
2023-06-30 20:05:17,116 root DEBUG iutctl_common.py          72    read                      : Read 5 bytes
2023-06-30 20:05:17,131 root DEBUG iutctl_common.py          81    read                      : Received: hdr: Header(svc_id=1, op=8, ctrl_index=0, data_len=4) bytearray(b'\x01\x08\x00\x04\x00')
2023-06-30 20:05:17,163 root DEBUG iutctl_common.py          89    read                      : Read 4 bytes data
2023-06-30 20:05:17,178 root DEBUG iutctl_common.py          97    read                      : Received data: {'1b 82 00 00'}, bytearray(b'\x1b\x82\x00\x00')
2023-06-30 20:05:17,209 root DEBUG gap.py                    915   gap_command_rsp_succ      : received Header(svc_id=1, op=8, ctrl_index=0, data_len=4) (b'\x1b\x82\x00\x00',)
2023-06-30 20:05:17,209 root DEBUG gap.py                    346   __gap_current_settings_update : __gap_current_settings_update (b'\x1b\x82\x00\x00',)
2023-06-30 20:05:17,209 root DEBUG gap.py                    395   gap_adv_ind_on            : gap_adv_ind_on {9: b'Tester_6015B9'} None
2023-06-30 20:05:17,209 root DEBUG iutctl_common.py          104   send                      : send, 1 10 0 "bytearray(b'\\x0f\\x00\\t\\rTester_6015B9\\xff\\xff\\xff\\xff\\x00')"
2023-06-30 20:05:17,209 root DEBUG iutctl_common.py          109   send                      : sending frame '010a0016000f00090d5465737465725f363031354239ffffffff00'
2023-06-30 20:05:17,209 root DEBUG gap.py                    910   gap_command_rsp_succ      : gap_command_rsp_succ
2023-06-30 20:05:17,209 root DEBUG iutctl_common.py          217   read                      : read
2023-06-30 20:05:17,288 root DEBUG iutctl_common.py          72    read                      : Read 5 bytes
2023-06-30 20:05:17,319 root DEBUG iutctl_common.py          81    read                      : Received: hdr: Header(svc_id=1, op=10, ctrl_index=0, data_len=4) bytearray(b'\x01\n\x00\x04\x00')
2023-06-30 20:05:17,350 root DEBUG iutctl_common.py          89    read                      : Read 4 bytes data
2023-06-30 20:05:17,366 root DEBUG iutctl_common.py          97    read                      : Received data: {'1b 86 00 00'}, bytearray(b'\x1b\x86\x00\x00')
2023-06-30 20:05:17,381 root DEBUG gap.py                    915   gap_command_rsp_succ      : received Header(svc_id=1, op=10, ctrl_index=0, data_len=4) (b'\x1b\x86\x00\x00',)
2023-06-30 20:05:17,381 root DEBUG gap.py                    346   __gap_current_settings_update : __gap_current_settings_update (b'\x1b\x86\x00\x00',)
2023-06-30 20:05:17,381 root DEBUG testcase.py               713   on_implicit_send          : Sending response 'OK' to wid 1 test case GATT/CL/GAR/BI-10-C
2023-06-30 20:05:17,381 ClientCallback.on_implicit_send INFO client.py                 188   on_implicit_send          : test case returned on_implicit_send, response: OK
2023-06-30 20:05:17,381 ClientCallback.on_implicit_send INFO client.py                 198   on_implicit_send          : END OnImplicitSend:
2023-06-30 20:05:17,381 ClientCallback.on_implicit_send INFO client.py                 199   on_implicit_send          : ********************
2023-06-30 20:05:18,100 root DEBUG iutctl_common.py          72    read                      : Read 5 bytes
2023-06-30 20:05:18,100 root DEBUG iutctl_common.py          81    read                      : Received: hdr: Header(svc_id=1, op=130, ctrl_index=0, data_len=13) bytearray(b'\x01\x82\x00\r\x00')
2023-06-30 20:05:18,100 root DEBUG iutctl_common.py          89    read                      : Read 13 bytes data
2023-06-30 20:05:18,100 root DEBUG iutctl_common.py          97    read                      : Received data: {'00 b9 15 60 e8 07 c0 38 00 00 00 d0 07'}, bytearray(b'\x00\xb9\x15`\xe8\x07\xc08\x00\x00\x00\xd0\x07')
2023-06-30 20:05:18,100 root DEBUG btp.py                    627   event_handler             : event_handler Header(svc_id=1, op=130, ctrl_index=0, data_len=13) (b'\x00\xb9\x15`\xe8\x07\xc08\x00\x00\x00\xd0\x07',)
2023-06-30 20:05:18,100 root DEBUG gap.py                    151   gap_connected_ev_         : gap_connected_ev_ b'\x00\xb9\x15`\xe8\x07\xc08\x00\x00\x00\xd0\x07'
2023-06-30 20:05:18,100 root DEBUG iutctl_common.py          72    read                      : Read 5 bytes
2023-06-30 20:05:18,100 root DEBUG iutctl_common.py          81    read                      : Received: hdr: Header(svc_id=1, op=128, ctrl_index=0, data_len=4) bytearray(b'\x01\x80\x00\x04\x00')
2023-06-30 20:05:18,100 root DEBUG iutctl_common.py          89    read                      : Read 4 bytes data
2023-06-30 20:05:18,100 root DEBUG iutctl_common.py          97    read                      : Received data: {'1b 82 00 00'}, bytearray(b'\x1b\x82\x00\x00')
2023-06-30 20:05:18,100 root DEBUG btp.py                    627   event_handler             : event_handler Header(svc_id=1, op=128, ctrl_index=0, data_len=4) (b'\x1b\x82\x00\x00',)
2023-06-30 20:05:18,100 root DEBUG gap.py                    119   gap_new_settings_ev_      : gap_new_settings_ev_ b'\x1b\x82\x00\x00'
2023-06-30 20:05:18,100 root DEBUG gap.py                    346   __gap_current_settings_update : __gap_current_settings_update 33307
2023-06-30 20:05:21,147 ClientCallback.on_implicit_send INFO client.py                 171   on_implicit_send          : ********************
2023-06-30 20:05:21,147 ClientCallback.on_implicit_send INFO client.py                 172   on_implicit_send          : BEGIN OnImplicitSend:
2023-06-30 20:05:21,147 ClientCallback.on_implicit_send INFO client.py                 173   on_implicit_send          : project_name: GATT
2023-06-30 20:05:21,147 ClientCallback.on_implicit_send INFO client.py                 174   on_implicit_send          : wid: 51
2023-06-30 20:05:21,147 ClientCallback.on_implicit_send INFO client.py                 175   on_implicit_send          : test_case_name: GATT/CL/GAR/BI-10-C
2023-06-30 20:05:21,147 ClientCallback.on_implicit_send INFO client.py                 176   on_implicit_send          : description: Please send read using characteristic UUID = 'B002'O handle range = '00EB'O to '00EB'O to the PTS.

Description: Verify that the Implementation Under Test (IUT) can send Read characteristic by UUID.
2023-06-30 20:05:21,147 ClientCallback.on_implicit_send INFO client.py                 177   on_implicit_send          : style: MMI_Style_Ok_Cancel2 0x11141
2023-06-30 20:05:21,147 ClientCallback.on_implicit_send INFO client.py                 183   on_implicit_send          : Calling test cases on_implicit_send
2023-06-30 20:05:21,147 root DEBUG testcase.py               675   on_implicit_send          : GATT GATT/CL/GAR/BI-10-C on_implicit_send
2023-06-30 20:05:21,147 root DEBUG testcase.py               619   join_post_wid_thread      : GATT GATT/CL/GAR/BI-10-C join_post_wid_thread
2023-06-30 20:05:21,147 root DEBUG testcase.py               621   join_post_wid_thread      : self.post_wid_thread None
2023-06-30 20:05:21,147 root DEBUG gatt_wid.py               24    gatt_wid_hdl              : gatt_wid_hdl, 51, Please send read using characteristic UUID = 'B002'O handle range = '00EB'O to '00EB'O to the PTS.

Description: Verify that the Implementation Under Test (IUT) can send Read characteristic by UUID., GATT/CL/GAR/BI-10-C
2023-06-30 20:05:21,147 root DEBUG testcase.py               87    parse_description         : parse_description "Please send read using characteristic UUID = 'B002'O handle range = '00EB'O to '00EB'O to the PTS.\n\nDescription: Verify that the Implementation Under Test (IUT) can send Read characteristic by UUID."
2023-06-30 20:05:21,147 root DEBUG testcase.py               91    parse_description         : Parse result: ['B002', '00EB', '00EB']
2023-06-30 20:05:21,147 root DEBUG gatt.py                   794   gattc_read_uuid           : gattc_read_uuid 0 'c007e86015b9' '00EB' '00EB' 'B002'
2023-06-30 20:05:21,147 root DEBUG iutctl_common.py          104   send                      : send, 2 18 0 "bytearray(b'\\x00\\xb9\\x15`\\xe8\\x07\\xc0\\xeb\\x00\\xeb\\x00\\x02\\x02\\xb0')"
2023-06-30 20:05:21,147 root DEBUG iutctl_common.py          109   send                      : sending frame '0212000e0000b91560e807c0eb00eb000202b0'
2023-06-30 20:05:21,147 root DEBUG iutctl_common.py          217   read                      : read
2023-06-30 20:05:21,366 root DEBUG iutctl_common.py          72    read                      : Read 5 bytes
2023-06-30 20:05:21,366 root DEBUG iutctl_common.py          81    read                      : Received: hdr: Header(svc_id=2, op=18, ctrl_index=0, data_len=2) bytearray(b'\x02\x12\x00\x02\x00')
2023-06-30 20:05:21,381 root DEBUG iutctl_common.py          89    read                      : Read 2 bytes data
2023-06-30 20:05:21,397 root DEBUG iutctl_common.py          97    read                      : Received data: {'05 00'}, bytearray(b'\x05\x00')
2023-06-30 20:05:21,413 root DEBUG gatt.py                   1622  gattc_read_uuid_rsp       : gattc_read_uuid_rsp received Header(svc_id=2, op=18, ctrl_index=0, data_len=2) (b'\x05\x00',)
2023-06-30 20:05:21,413 root DEBUG gatt.py                   1628  gattc_read_uuid_rsp       : gattc_read_uuid_rsp 5 []
2023-06-30 20:05:21,413 root DEBUG testcase.py               713   on_implicit_send          : Sending response 'OK' to wid 51 test case GATT/CL/GAR/BI-10-C
2023-06-30 20:05:21,413 ClientCallback.on_implicit_send INFO client.py                 188   on_implicit_send          : test case returned on_implicit_send, response: OK
2023-06-30 20:05:21,413 ClientCallback.on_implicit_send INFO client.py                 198   on_implicit_send          : END OnImplicitSend:
2023-06-30 20:05:21,413 ClientCallback.on_implicit_send INFO client.py                 199   on_implicit_send          : ********************
2023-06-30 20:05:21,413 ClientCallback.on_implicit_send INFO client.py                 171   on_implicit_send          : ********************
2023-06-30 20:05:21,413 ClientCallback.on_implicit_send INFO client.py                 172   on_implicit_send          : BEGIN OnImplicitSend:
2023-06-30 20:05:21,413 ClientCallback.on_implicit_send INFO client.py                 173   on_implicit_send          : project_name: GATT
2023-06-30 20:05:21,413 ClientCallback.on_implicit_send INFO client.py                 174   on_implicit_send          : wid: 43
2023-06-30 20:05:21,413 ClientCallback.on_implicit_send INFO client.py                 175   on_implicit_send          : test_case_name: GATT/CL/GAR/BI-10-C
2023-06-30 20:05:21,413 ClientCallback.on_implicit_send INFO client.py                 176   on_implicit_send          : description: Please confirm IUT received authentication error. Click Yes if IUT received it, otherwise click No.

Description: Verify that the Implementation Under Test (IUT) indicate authentication error when read a characteristic.
2023-06-30 20:05:21,413 ClientCallback.on_implicit_send INFO client.py                 177   on_implicit_send          : style: MMI_Style_Yes_No1 0x11044
2023-06-30 20:05:21,413 ClientCallback.on_implicit_send INFO client.py                 183   on_implicit_send          : Calling test cases on_implicit_send
2023-06-30 20:05:21,413 root DEBUG testcase.py               675   on_implicit_send          : GATT GATT/CL/GAR/BI-10-C on_implicit_send
2023-06-30 20:05:21,413 root DEBUG testcase.py               619   join_post_wid_thread      : GATT GATT/CL/GAR/BI-10-C join_post_wid_thread
2023-06-30 20:05:21,413 root DEBUG testcase.py               621   join_post_wid_thread      : self.post_wid_thread None
2023-06-30 20:05:21,413 root DEBUG gatt_wid.py               24    gatt_wid_hdl              : gatt_wid_hdl, 43, Please confirm IUT received authentication error. Click Yes if IUT received it, otherwise click No.

Description: Verify that the Implementation Under Test (IUT) indicate authentication error when read a characteristic., GATT/CL/GAR/BI-10-C
2023-06-30 20:05:21,413 root DEBUG btp.py                    130   verify_att_error          : description='Please confirm IUT received authentication error. Click Yes if IUT received it, otherwise click No.\n\nDescription: Verify that the Implementation Under Test (IUT) indicate authentication error when read a characteristic.'
2023-06-30 20:05:21,413 root DEBUG btp.py                    139   verify_att_error          : Verifying values: ['authentication error']
2023-06-30 20:05:21,413 root DEBUG btp.py                    141   verify_att_error          : Description values: ['authentication error']
2023-06-30 20:05:21,413 root DEBUG btp.py                    144   verify_att_error          : Verifying: 'authentication error'
2023-06-30 20:05:21,413 root DEBUG btp.py                    153   verify_att_error          : All verifications passed
2023-06-30 20:05:21,413 root DEBUG testcase.py               713   on_implicit_send          : Sending response 'Yes' to wid 43 test case GATT/CL/GAR/BI-10-C
2023-06-30 20:05:21,413 ClientCallback.on_implicit_send INFO client.py                 188   on_implicit_send          : test case returned on_implicit_send, response: Yes
2023-06-30 20:05:21,413 ClientCallback.on_implicit_send INFO client.py                 198   on_implicit_send          : END OnImplicitSend:
2023-06-30 20:05:21,413 ClientCallback.on_implicit_send INFO client.py                 199   on_implicit_send          : ********************
2023-06-30 20:05:22,803 root DEBUG iutctl_common.py          72    read                      : Read 5 bytes
2023-06-30 20:05:22,803 root DEBUG iutctl_common.py          81    read                      : Received: hdr: Header(svc_id=1, op=131, ctrl_index=0, data_len=7) bytearray(b'\x01\x83\x00\x07\x00')
2023-06-30 20:05:22,803 root DEBUG iutctl_common.py          89    read                      : Read 7 bytes data
2023-06-30 20:05:22,803 root DEBUG iutctl_common.py          97    read                      : Received data: {'00 b9 15 60 e8 07 c0'}, bytearray(b'\x00\xb9\x15`\xe8\x07\xc0')
2023-06-30 20:05:22,803 root DEBUG btp.py                    627   event_handler             : event_handler Header(svc_id=1, op=131, ctrl_index=0, data_len=7) (b'\x00\xb9\x15`\xe8\x07\xc0',)
2023-06-30 20:05:22,803 root DEBUG gap.py                    166   gap_disconnected_ev_      : gap_disconnected_ev_ b'\x00\xb9\x15`\xe8\x07\xc0'
2023-06-30 20:05:26,366 ClientCallback.log INFO client.py                 135   log                       : PTS_LOGTYPE_START_TEST Start Test Case 

+16 ms
 GATT/CL/GAR/BI-10-C GATT/CL/GAR/BI-10-C

2023-06-30 20:05:26,366 root DEBUG testcase.py               464   log                       : New status GATT GATT/CL/GAR/BI-10-C - Started
2023-06-30 20:05:26,647 ClientCallback.log INFO client.py                 135   log                       : PTS_LOGTYPE_FINAL_VERDICT Final Verdict 

+10563 ms
 GATT/CL/GAR/BI-10-C PASS

2023-06-30 20:05:26,647 root DEBUG testcase.py               464   log                       : New status GATT GATT/CL/GAR/BI-10-C - PASS
2023-06-30 20:05:26,647 ClientCallback.log INFO client.py                 135   log                       : PTS_LOGTYPE_FINAL_VERDICT Encrypted Verdict 

+10563 ms
 GATT/CL/GAR/BI-10-C A1#ZWY4MzQ5MDg3MmQwNTIxOGQzMzQ5YjY2ODA5M2MzNjQ5ZDY4NmY0Yjc2MzIzM2VkNTUyNTFhNGU4Mjg1MjI0NA==#NJX4B4g9NJ7ITQbXMkuWrY8Ih1M4LC0IpUuN7Yqi+dXuz6pWymO6CasNYMr/YCMX

2023-06-30 20:05:26,709 ClientCallback.log INFO client.py                 135   log                       : PTS_LOGTYPE_END_TEST Test Case Ended 

+10563 ms
 GATT/CL/GAR/BI-10-C GATT/CL/GAR/BI-10-C

2023-06-30 20:05:26,741 root DEBUG client.py                 811   run_test_case_thread_entry : After run_test_case error_code='' status='PASS'
2023-06-30 20:05:26,741 root DEBUG client.py                 281   error_code                : CallbackThread.error_code
2023-06-30 20:05:26,741 root DEBUG client.py                 295   cleanup                   : CallbackThread.cleanup
2023-06-30 20:05:27,756 root DEBUG testcase.py               758   post_run                  : post_run GATT GATT/CL/GAR/BI-10-C 
2023-06-30 20:05:27,756 root DEBUG testcase.py               246   start                     : Starting test function: class=<class 'autopts.ptsprojects.testcase.TestFuncCleanUp'>, func=<bound method Stack.cleanup of <autopts.ptsprojects.stack.Stack object at 0x00000192DD7C4520>> start_wid=None stop_wid=None post_wid=None skip_call=None call_count=1 args=() kwds={}
2023-06-30 20:05:27,756 root DEBUG testcase.py               258   start                     : Test function parameters: args=(), kwds={}
2023-06-30 20:05:27,756 root DEBUG client.py                 290   clear_pending_responses   : CallbackThread.clear_pending_responses
2023-06-30 20:05:27,756 root DEBUG client.py                 290   clear_pending_responses   : CallbackThread.clear_pending_responses
2023-06-30 20:05:27,756 root DEBUG testcase.py               246   start                     : Starting test function: class=<class 'autopts.ptsprojects.testcase.TestFuncCleanUp'>, func=<bound method ZephyrCtl.stop of <autopts.ptsprojects.zephyr.iutctl.ZephyrCtl object at 0x00000192DD5FB160>> start_wid=None stop_wid=None post_wid=None skip_call=None call_count=1 args=() kwds={}
2023-06-30 20:05:27,756 root DEBUG testcase.py               258   start                     : Test function parameters: args=(), kwds={}
2023-06-30 20:05:27,756 root DEBUG iutctl.py                 237   stop                      : <class 'autopts.ptsprojects.zephyr.iutctl.ZephyrCtl'>.stop
2023-06-30 20:05:27,819 root DEBUG __init__.py               48    reset                     : About to reset DUT: 'nrfjprog -r -s 683511993'
2023-06-30 20:05:31,315 root DEBUG testcase.py               783   post_run                  : post_run, cleanup running pre test case script
2023-06-30 20:05:31,315 root DEBUG testcase.py               793   post_run                  : post_run, run post test case script
2023-06-30 20:05:31,377 root DEBUG client.py                 841   run_test_case_thread_entry : Done TestCase wrapper GATT GATT/CL/GAR/BI-10-C
