2024-08-31 16:18:04,324 LT1-thread root DEBUG client.py                 951   _run_test_case            : Starting TestCase _run_test_case CSIP CSIP/CL/SP/BV-04-C
2024-08-31 16:18:04,324 LT1-thread root DEBUG testcase.py               712   pre_run                   : pre_run CSIP CSIP/CL/SP/BV-04-C
2024-08-31 16:18:04,324 LT1-thread root DEBUG testcase.py               714   pre_run                   : About to run test case CSIP CSIP/CL/SP/BV-04-C with commands:
2024-08-31 16:18:04,325 LT1-thread root DEBUG testcase.py               717   pre_run                   : 0) class=<class 'autopts.ptsprojects.testcase.TestFunc'>, func=<bound method Stack.core_init of <autopts.ptsprojects.stack.stack.Stack object at 0x7f4497f39f90>> start_wid=None stop_wid=None post_wid=None skip_call=None call_count=0 args=() kwds={}
2024-08-31 16:18:04,325 LT1-thread root DEBUG testcase.py               717   pre_run                   : 1) class=<class 'autopts.ptsprojects.testcase.TestFunc'>, func=<bound method ZephyrCtl.hw_reset of <autopts.ptsprojects.zephyr.iutctl.ZephyrCtl object at 0x7f4497f3abf0>> start_wid=None stop_wid=None post_wid=None skip_call=None call_count=0 args=() kwds={}
2024-08-31 16:18:04,325 LT1-thread root DEBUG testcase.py               717   pre_run                   : 2) class=<class 'autopts.ptsprojects.testcase.TestFunc'>, func=<bound method ZephyrCtl.start of <autopts.ptsprojects.zephyr.iutctl.ZephyrCtl object at 0x7f4497f3abf0>> start_wid=None stop_wid=None post_wid=None skip_call=None call_count=0 args=(<autopts.ptsprojects.zephyr.ztestcase.ZTestCase object at 0x7f449640f490>,) kwds={}
2024-08-31 16:18:04,325 LT1-thread root DEBUG testcase.py               717   pre_run                   : 3) class=<class 'autopts.ptsprojects.testcase.TestFunc'>, func=<bound method ZephyrCtl.hw_reset of <autopts.ptsprojects.zephyr.iutctl.ZephyrCtl object at 0x7f4497f3abf0>> start_wid=None stop_wid=None post_wid=None skip_call=None call_count=0 args=() kwds={}
2024-08-31 16:18:04,325 LT1-thread root DEBUG testcase.py               717   pre_run                   : 4) class=<class 'autopts.ptsprojects.testcase.TestFunc'>, func=<bound method ZephyrCtl.wait_iut_ready_event of <autopts.ptsprojects.zephyr.iutctl.ZephyrCtl object at 0x7f4497f3abf0>> start_wid=None stop_wid=None post_wid=None skip_call=None call_count=0 args=(False,) kwds={}
2024-08-31 16:18:04,325 LT1-thread root DEBUG testcase.py               717   pre_run                   : 5) class=<class 'autopts.ptsprojects.testcase.TestFunc'>, func=<function core_reg_svc_gap at 0x7f449a93e950> start_wid=None stop_wid=None post_wid=None skip_call=None call_count=8 args=() kwds={}
2024-08-31 16:18:04,325 LT1-thread root DEBUG testcase.py               717   pre_run                   : 6) class=<class 'autopts.ptsprojects.testcase.TestFunc'>, func=<bound method Stack.gap_init of <autopts.ptsprojects.stack.stack.Stack object at 0x7f4497f39f90>> start_wid=None stop_wid=None post_wid=None skip_call=None call_count=8 args=(b'Tester_1C28DF',) kwds={}
2024-08-31 16:18:04,325 LT1-thread root DEBUG testcase.py               717   pre_run                   : 7) class=<class 'autopts.ptsprojects.testcase.TestFunc'>, func=<function gap_read_ctrl_info at 0x7f449a9428c0> start_wid=None stop_wid=None post_wid=None skip_call=None call_count=8 args=() kwds={}
2024-08-31 16:18:04,325 LT1-thread root DEBUG testcase.py               717   pre_run                   : 8) class=<class 'autopts.ptsprojects.testcase.TestFunc'>, func=<function test_cases.<locals>.<lambda> at 0x7f4497fbd120> start_wid=None stop_wid=None post_wid=None skip_call=None call_count=8 args=() kwds={}
2024-08-31 16:18:04,325 LT3-thread root DEBUG client.py                 951   _run_test_case            : Starting TestCase _run_test_case CSIP CSIP/CL/SP/BV-04-C_LT3
2024-08-31 16:18:04,325 LT2-thread root DEBUG client.py                 951   _run_test_case            : Starting TestCase _run_test_case CSIP CSIP/CL/SP/BV-04-C_LT2
2024-08-31 16:18:04,325 LT1-thread root DEBUG testcase.py               717   pre_run                   : 9) class=<class 'autopts.ptsprojects.testcase.TestFunc'>, func=<function core_reg_svc_gatt at 0x7f449a93ea70> start_wid=None stop_wid=None post_wid=None skip_call=None call_count=8 args=() kwds={}
2024-08-31 16:18:04,325 LT1-thread root DEBUG testcase.py               717   pre_run                   : 10) class=<class 'autopts.ptsprojects.testcase.TestFunc'>, func=<function set_pts_addr at 0x7f449a93e560> start_wid=None stop_wid=None post_wid=None skip_call=None call_count=8 args=('C0:07:E8:1C:28:DF', 0) kwds={}
2024-08-31 16:18:04,326 LT1-thread root DEBUG testcase.py               717   pre_run                   : 11) class=<class 'autopts.ptsprojects.testcase.TestFunc'>, func=<function gap_set_conn at 0x7f449a942290> start_wid=None stop_wid=None post_wid=None skip_call=None call_count=8 args=() kwds={}
2024-08-31 16:18:04,326 LT1-thread root DEBUG testcase.py               717   pre_run                   : 12) class=<class 'autopts.ptsprojects.testcase.TestFunc'>, func=<function gap_set_gendiscov at 0x7f449a942440> start_wid=None stop_wid=None post_wid=None skip_call=None call_count=8 args=() kwds={}
2024-08-31 16:18:04,326 LT1-thread root DEBUG testcase.py               717   pre_run                   : 13) class=<class 'autopts.ptsprojects.testcase.TestFunc'>, func=<function core_reg_svc_csip at 0x7f449a93fa30> start_wid=None stop_wid=None post_wid=None skip_call=None call_count=8 args=() kwds={}
2024-08-31 16:18:04,326 LT1-thread root DEBUG testcase.py               717   pre_run                   : 14) class=<class 'autopts.ptsprojects.testcase.TestFunc'>, func=<function core_reg_svc_csis at 0x7f449a93f490> start_wid=None stop_wid=None post_wid=None skip_call=None call_count=8 args=() kwds={}
2024-08-31 16:18:04,326 LT1-thread root DEBUG testcase.py               717   pre_run                   : 15) class=<class 'autopts.ptsprojects.testcase.TestFunc'>, func=<bound method Stack.csip_init of <autopts.ptsprojects.stack.stack.Stack object at 0x7f4497f39f90>> start_wid=None stop_wid=None post_wid=None skip_call=None call_count=8 args=() kwds={}
2024-08-31 16:18:04,326 LT3-thread root DEBUG testcase.py               712   pre_run                   : pre_run CSIP CSIP/CL/SP/BV-04-C_LT3
2024-08-31 16:18:04,326 LT2-thread root DEBUG testcase.py               712   pre_run                   : pre_run CSIP CSIP/CL/SP/BV-04-C_LT2
2024-08-31 16:18:04,326 LT1-thread root DEBUG testcase.py               717   pre_run                   : 16) class=<class 'autopts.ptsprojects.testcase.TestFunc'>, func=<function test_cases.<locals>.<lambda> at 0x7f4497fbd1b0> start_wid=None stop_wid=None post_wid=None skip_call=None call_count=8 args=() kwds={}
2024-08-31 16:18:04,326 LT1-thread root DEBUG testcase.py               717   pre_run                   : 17) class=<class 'autopts.ptsprojects.testcase.TestFunc'>, func=<bound method Synch.add_synch_element of <autopts.ptsprojects.stack.synch.Synch object at 0x7f4497f3aef0>> start_wid=None stop_wid=None post_wid=None skip_call=None call_count=0 args=([<autopts.ptsprojects.stack.synch.SynchPoint object at 0x7f449640f040>, <autopts.ptsprojects.stack.synch.SynchPoint object at 0x7f449640f0a0>, <autopts.ptsprojects.stack.synch.SynchPoint object at 0x7f449640f100>],) kwds={}
2024-08-31 16:18:04,326 LT1-thread root DEBUG testcase.py               717   pre_run                   : 18) class=<class 'autopts.ptsprojects.testcase.TestFunc'>, func=<bound method Synch.add_synch_element of <autopts.ptsprojects.stack.synch.Synch object at 0x7f4497f3aef0>> start_wid=None stop_wid=None post_wid=None skip_call=None call_count=0 args=([<autopts.ptsprojects.stack.synch.SynchPoint object at 0x7f449640f190>, <autopts.ptsprojects.stack.synch.SynchPoint object at 0x7f449640f1f0>, <autopts.ptsprojects.stack.synch.SynchPoint object at 0x7f449640f250>],) kwds={}
2024-08-31 16:18:04,326 LT3-thread root DEBUG testcase.py               714   pre_run                   : About to run test case CSIP CSIP/CL/SP/BV-04-C_LT3 with commands:
2024-08-31 16:18:04,326 LT3-thread root DEBUG testcase.py               717   pre_run                   : 0) class=<class 'autopts.ptsprojects.testcase.TestFunc'>, func=<function test_cases.<locals>.<lambda> at 0x7f4497fbd2d0> start_wid=None stop_wid=None post_wid=None skip_call=None call_count=2 args=() kwds={}
2024-08-31 16:18:04,326 LT1-thread root DEBUG testcase.py               717   pre_run                   : 19) class=<class 'autopts.ptsprojects.testcase.TestFunc'>, func=<bound method Synch.add_synch_element of <autopts.ptsprojects.stack.synch.Synch object at 0x7f4497f3aef0>> start_wid=None stop_wid=None post_wid=None skip_call=None call_count=0 args=([<autopts.ptsprojects.stack.synch.SynchPoint object at 0x7f449640f310>, <autopts.ptsprojects.stack.synch.SynchPoint object at 0x7f449640f370>, <autopts.ptsprojects.stack.synch.SynchPoint object at 0x7f449640f3d0>],) kwds={}
2024-08-31 16:18:04,326 LT1-thread root DEBUG testcase.py               717   pre_run                   : 20) class=<class 'autopts.ptsprojects.testcase.TestFuncCleanUp'>, func=<bound method Stack.cleanup of <autopts.ptsprojects.stack.stack.Stack object at 0x7f4497f39f90>> start_wid=None stop_wid=None post_wid=None skip_call=None call_count=0 args=() kwds={}
2024-08-31 16:18:04,326 LT1-thread root DEBUG testcase.py               717   pre_run                   : 21) class=<class 'autopts.ptsprojects.testcase.TestFuncCleanUp'>, func=<bound method ZephyrCtl.stop of <autopts.ptsprojects.zephyr.iutctl.ZephyrCtl object at 0x7f4497f3abf0>> start_wid=None stop_wid=None post_wid=None skip_call=None call_count=0 args=() kwds={}
2024-08-31 16:18:04,326 LT1-thread root DEBUG testcase.py               724   pre_run                   : pre_run, run pre test case script
2024-08-31 16:18:04,327 LT3-thread root DEBUG testcase.py               717   pre_run                   : 1) class=<class 'autopts.ptsprojects.testcase.TestFunc'>, func=<function set_lt3_addr at 0x7f449a93e8c0> start_wid=None stop_wid=None post_wid=None skip_call=None call_count=2 args=('C0:07:E8:2C:B6:EE', 0) kwds={}
2024-08-31 16:18:04,327 LT2-thread root DEBUG testcase.py               714   pre_run                   : About to run test case CSIP CSIP/CL/SP/BV-04-C_LT2 with commands:
2024-08-31 16:18:04,327 LT3-thread root DEBUG testcase.py               253   start                     : Starting test function: class=<class 'autopts.ptsprojects.testcase.TestFunc'>, func=<function test_cases.<locals>.<lambda> at 0x7f4497fbd2d0> start_wid=None stop_wid=None post_wid=None skip_call=None call_count=3 args=() kwds={}
2024-08-31 16:18:04,327 LT3-thread root DEBUG testcase.py               265   start                     : Test function parameters: args=(), kwds={}
2024-08-31 16:18:04,327 LT2-thread root DEBUG testcase.py               717   pre_run                   : 0) class=<class 'autopts.ptsprojects.testcase.TestFunc'>, func=<function test_cases.<locals>.<lambda> at 0x7f4497fbd240> start_wid=None stop_wid=None post_wid=None skip_call=None call_count=2 args=() kwds={}
2024-08-31 16:18:04,327 LT2-thread root DEBUG testcase.py               717   pre_run                   : 1) class=<class 'autopts.ptsprojects.testcase.TestFunc'>, func=<function set_lt2_addr at 0x7f449a93e830> start_wid=None stop_wid=None post_wid=None skip_call=None call_count=2 args=('C0:07:E8:60:15:B9', 0) kwds={}
2024-08-31 16:18:04,327 LT2-thread root DEBUG testcase.py               253   start                     : Starting test function: class=<class 'autopts.ptsprojects.testcase.TestFunc'>, func=<function test_cases.<locals>.<lambda> at 0x7f4497fbd240> start_wid=None stop_wid=None post_wid=None skip_call=None call_count=3 args=() kwds={}
2024-08-31 16:18:04,328 LT1-thread root DEBUG testcase.py               253   start                     : Starting test function: class=<class 'autopts.ptsprojects.testcase.TestFunc'>, func=<bound method Stack.core_init of <autopts.ptsprojects.stack.stack.Stack object at 0x7f4497f39f90>> start_wid=None stop_wid=None post_wid=None skip_call=None call_count=1 args=() kwds={}
2024-08-31 16:18:04,328 LT2-thread root DEBUG testcase.py               265   start                     : Test function parameters: args=(), kwds={}
2024-08-31 16:18:04,328 LT1-thread root DEBUG testcase.py               265   start                     : Test function parameters: args=(), kwds={}
2024-08-31 16:18:04,328 LT1-thread root DEBUG testcase.py               253   start                     : Starting test function: class=<class 'autopts.ptsprojects.testcase.TestFunc'>, func=<bound method ZephyrCtl.hw_reset of <autopts.ptsprojects.zephyr.iutctl.ZephyrCtl object at 0x7f4497f3abf0>> start_wid=None stop_wid=None post_wid=None skip_call=None call_count=1 args=() kwds={}
2024-08-31 16:18:04,328 LT1-thread root DEBUG testcase.py               265   start                     : Test function parameters: args=(), kwds={}
2024-08-31 16:18:04,328 LT1-thread root DEBUG testcase.py               253   start                     : Starting test function: class=<class 'autopts.ptsprojects.testcase.TestFunc'>, func=<bound method ZephyrCtl.start of <autopts.ptsprojects.zephyr.iutctl.ZephyrCtl object at 0x7f4497f3abf0>> start_wid=None stop_wid=None post_wid=None skip_call=None call_count=1 args=(<autopts.ptsprojects.zephyr.ztestcase.ZTestCase object at 0x7f449640f490>,) kwds={}
2024-08-31 16:18:04,328 LT1-thread root DEBUG testcase.py               265   start                     : Test function parameters: args=(<autopts.ptsprojects.zephyr.ztestcase.ZTestCase object at 0x7f449640f490>,), kwds={}
2024-08-31 16:18:04,329 LT1-thread root DEBUG iutctl.py                 104   start                     : <class 'autopts.ptsprojects.zephyr.iutctl.ZephyrCtl'>.start
2024-08-31 16:18:04,329 LT1-thread root DEBUG iutctl.py                 169   flush_serial              : <class 'autopts.ptsprojects.zephyr.iutctl.ZephyrCtl'>.flush_serial
2024-08-31 16:18:04,331 LT2-thread root DEBUG testcase.py               253   start                     : Starting test function: class=<class 'autopts.ptsprojects.testcase.TestFunc'>, func=<function set_lt2_addr at 0x7f449a93e830> start_wid=None stop_wid=None post_wid=None skip_call=None call_count=3 args=('C0:07:E8:60:15:B9', 0) kwds={}
2024-08-31 16:18:04,331 LT2-thread root DEBUG testcase.py               265   start                     : Test function parameters: args=('C0:07:E8:60:15:B9', 0), kwds={}
2024-08-31 16:18:04,332 LT3-thread root DEBUG testcase.py               253   start                     : Starting test function: class=<class 'autopts.ptsprojects.testcase.TestFunc'>, func=<function set_lt3_addr at 0x7f449a93e8c0> start_wid=None stop_wid=None post_wid=None skip_call=None call_count=3 args=('C0:07:E8:2C:B6:EE', 0) kwds={}
2024-08-31 16:18:04,332 LT3-thread root DEBUG testcase.py               265   start                     : Test function parameters: args=('C0:07:E8:2C:B6:EE', 0), kwds={}
2024-08-31 16:18:05,365 LT1-thread root DEBUG iutctl.py                 134   start                     : Starting socat process: socat -x -v /dev/ttyACM1,rawer,b115200 UNIX-CONNECT:/tmp/bt-stack-tester1050060770
2024-08-31 16:18:05,366 LT1-thread root DEBUG iutctl_common.py          293   accept                    : accept
2024-08-31 16:18:05,368 BTPWorkerThread-174 (_rx_task) root DEBUG iutctl_common.py          198   _rx_task                  : BTPWorkerThread-174 (_rx_task) started
2024-08-31 16:18:05,368 LT1-thread root DEBUG testcase.py               253   start                     : Starting test function: class=<class 'autopts.ptsprojects.testcase.TestFunc'>, func=<bound method ZephyrCtl.hw_reset of <autopts.ptsprojects.zephyr.iutctl.ZephyrCtl object at 0x7f4497f3abf0>> start_wid=None stop_wid=None post_wid=None skip_call=None call_count=1 args=() kwds={}
2024-08-31 16:18:05,368 LT1-thread root DEBUG testcase.py               265   start                     : Test function parameters: args=(), kwds={}
2024-08-31 16:18:05,368 LT1-thread root DEBUG testcase.py               253   start                     : Starting test function: class=<class 'autopts.ptsprojects.testcase.TestFunc'>, func=<bound method ZephyrCtl.wait_iut_ready_event of <autopts.ptsprojects.zephyr.iutctl.ZephyrCtl object at 0x7f4497f3abf0>> start_wid=None stop_wid=None post_wid=None skip_call=None call_count=1 args=(False,) kwds={}
2024-08-31 16:18:05,368 LT1-thread root DEBUG testcase.py               265   start                     : Test function parameters: args=(False,), kwds={}
2024-08-31 16:18:05,368 LT1-thread root DEBUG iutctl.py                 231   wait_iut_ready_event      : IUT ready event received OK
2024-08-31 16:18:05,368 LT1-thread root DEBUG rtt.py                    232   start                     : <class 'autopts.rtt.RTTLogger'>.start
2024-08-31 16:18:05,369 LT1-thread root DEBUG rtt.py                    87    start                     : <class 'autopts.rtt.RTT'>.start
2024-08-31 16:18:05,993 LT1-thread root DEBUG testcase.py               253   start                     : Starting test function: class=<class 'autopts.ptsprojects.testcase.TestFunc'>, func=<function core_reg_svc_gap at 0x7f449a93e950> start_wid=None stop_wid=None post_wid=None skip_call=None call_count=9 args=() kwds={}
2024-08-31 16:18:05,993 LT1-thread root DEBUG testcase.py               265   start                     : Test function parameters: args=(), kwds={}
2024-08-31 16:18:05,993 LT1-thread root DEBUG btp.py                    461   core_reg_svc_gap          : core_reg_svc_gap
2024-08-31 16:18:05,993 LT1-thread root DEBUG iutctl_common.py          106   send                      : send, 0 3 255 '1'
2024-08-31 16:18:05,993 LT1-thread root DEBUG iutctl_common.py          111   send                      : sending frame '0003ff010001'
2024-08-31 16:18:05,993 LT1-thread root DEBUG btp.py                    710   core_reg_svc_rsp_succ     : core_reg_svc_rsp_succ
2024-08-31 16:18:05,993 LT1-thread root DEBUG iutctl_common.py          230   read                      : read
2024-08-31 16:18:06,049 BTPWorkerThread-174 (_rx_task) root DEBUG iutctl_common.py          76    read                      : Read 5 bytes
2024-08-31 16:18:06,076 BTPWorkerThread-174 (_rx_task) root DEBUG iutctl_common.py          83    read                      : Received: hdr: Header(svc_id=0, op=3, ctrl_index=255, data_len=0) bytearray(b'\x00\x03\xff\x00\x00')
2024-08-31 16:18:06,096 BTPWorkerThread-174 (_rx_task) root DEBUG iutctl_common.py          99    read                      : Received data: {''}, bytearray(b'')
2024-08-31 16:18:06,096 LT1-thread root DEBUG btp.py                    721   core_reg_svc_rsp_succ     : received Header(svc_id=0, op=3, ctrl_index=255, data_len=0) (b'',)
2024-08-31 16:18:06,096 LT1-thread root DEBUG btp.py                    722   core_reg_svc_rsp_succ     : expected ((0, 3, 255, 0), (b'',))
2024-08-31 16:18:06,096 LT1-thread root DEBUG btp.py                    727   core_reg_svc_rsp_succ     : response is valid
2024-08-31 16:18:06,097 LT1-thread root DEBUG testcase.py               253   start                     : Starting test function: class=<class 'autopts.ptsprojects.testcase.TestFunc'>, func=<bound method Stack.gap_init of <autopts.ptsprojects.stack.stack.Stack object at 0x7f4497f39f90>> start_wid=None stop_wid=None post_wid=None skip_call=None call_count=9 args=(b'Tester_1C28DF',) kwds={}
2024-08-31 16:18:06,097 LT1-thread root DEBUG testcase.py               265   start                     : Test function parameters: args=(b'Tester_1C28DF',), kwds={}
2024-08-31 16:18:06,097 LT1-thread root DEBUG testcase.py               253   start                     : Starting test function: class=<class 'autopts.ptsprojects.testcase.TestFunc'>, func=<function gap_read_ctrl_info at 0x7f449a9428c0> start_wid=None stop_wid=None post_wid=None skip_call=None call_count=9 args=() kwds={}
2024-08-31 16:18:06,097 LT1-thread root DEBUG testcase.py               265   start                     : Test function parameters: args=(), kwds={}
2024-08-31 16:18:06,097 LT1-thread root DEBUG gap.py                    937   gap_read_ctrl_info        : gap_read_ctrl_info
2024-08-31 16:18:06,097 LT1-thread root DEBUG iutctl_common.py          106   send                      : send, 1 3 0 ''
2024-08-31 16:18:06,097 LT1-thread root DEBUG iutctl_common.py          111   send                      : sending frame '0103000000'
2024-08-31 16:18:06,097 LT1-thread root DEBUG iutctl_common.py          230   read                      : read
2024-08-31 16:18:06,286 BTPWorkerThread-174 (_rx_task) root DEBUG iutctl_common.py          76    read                      : Read 5 bytes
2024-08-31 16:18:06,292 BTPWorkerThread-174 (_rx_task) root DEBUG iutctl_common.py          83    read                      : Received: hdr: Header(svc_id=1, op=3, ctrl_index=0, data_len=277) bytearray(b'\x01\x03\x00\x15\x01')
2024-08-31 16:18:06,297 BTPWorkerThread-174 (_rx_task) root DEBUG iutctl_common.py          91    read                      : Read 248 bytes data
2024-08-31 16:18:06,297 BTPWorkerThread-174 (_rx_task) root DEBUG iutctl_common.py          91    read                      : Read 29 bytes data
2024-08-31 16:18:06,297 BTPWorkerThread-174 (_rx_task) root DEBUG iutctl_common.py          99    read                      : Received data: {'b7 c4 d2 0b e4 72 13 06 02 00 13 22 00 00 00 00 00 62 74 70 5f 74 65 73 74 65 72 00 00 00 00 00 00 00 00 00 00 00 00 00 00 00 00 00 00 00 00 00 00 00 00 00 00 00 00 00 00 00 00 00 00 00 00 00 00 00 00 00 00 00 00 00 00 00 00 00 00 00 00 00 00 00 00 00 00 00 00 00 00 00 00 00 00 00 00 00 00 00 00 00 00 00 00 00 00 00 00 00 00 00 00 00 00 00 00 00 00 00 00 00 00 00 00 00 00 00 00 00 00 00 00 00 00 00 00 00 00 00 00 00 00 00 00 00 00 00 00 00 00 00 00 00 00 00 00 00 00 00 00 00 00 00 00 00 00 00 00 00 00 00 00 00 00 00 00 00 00 00 00 00 00 00 00 00 00 00 00 00 00 00 00 00 00 00 00 00 00 00 00 00 00 00 00 00 00 00 00 00 00 00 00 00 00 00 00 00 00 00 00 00 00 00 00 00 00 00 00 00 00 00 00 00 00 00 00 00 00 00 00 00 00 00 00 00 00 00 00 00 00 00 00 00 00 00 00 00 00 00 00 00 00 00 00 00 00 00 00 00 00 00 00 00 00 00 00 00 00'}, bytearray(b'\xb7\xc4\xd2\x0b\xe4r\x13\x06\x02\x00\x13"\x00\x00\x00\x00\x00btp_tester\x00\x00\x00\x00\x00\x00\x00\x00\x00\x00\x00\x00\x00\x00\x00\x00\x00\x00\x00\x00\x00\x00\x00\x00\x00\x00\x00\x00\x00\x00\x00\x00\x00\x00\x00\x00\x00\x00\x00\x00\x00\x00\x00\x00\x00\x00\x00\x00\x00\x00\x00\x00\x00\x00\x00\x00\x00\x00\x00\x00\x00\x00\x00\x00\x00\x00\x00\x00\x00\x00\x00\x00\x00\x00\x00\x00\x00\x00\x00\x00\x00\x00\x00\x00\x00\x00\x00\x00\x00\x00\x00\x00\x00\x00\x00\x00\x00\x00\x00\x00\x00\x00\x00\x00\x00\x00\x00\x00\x00\x00\x00\x00\x00\x00\x00\x00\x00\x00\x00\x00\x00\x00\x00\x00\x00\x00\x00\x00\x00\x00\x00\x00\x00\x00\x00\x00\x00\x00\x00\x00\x00\x00\x00\x00\x00\x00\x00\x00\x00\x00\x00\x00\x00\x00\x00\x00\x00\x00\x00\x00\x00\x00\x00\x00\x00\x00\x00\x00\x00\x00\x00\x00\x00\x00\x00\x00\x00\x00\x00\x00\x00\x00\x00\x00\x00\x00\x00\x00\x00\x00\x00\x00\x00\x00\x00\x00\x00\x00\x00\x00\x00\x00\x00\x00\x00\x00\x00\x00\x00\x00\x00\x00\x00\x00\x00\x00\x00\x00\x00\x00\x00\x00\x00\x00\x00\x00\x00\x00\x00\x00\x00\x00\x00\x00\x00\x00\x00\x00\x00\x00\x00\x00\x00\x00\x00\x00\x00\x00\x00\x00')
2024-08-31 16:18:06,297 LT1-thread root DEBUG gap.py                    944   gap_read_ctrl_info        : received Header(svc_id=1, op=3, ctrl_index=0, data_len=277) (b'\xb7\xc4\xd2\x0b\xe4r\x13\x06\x02\x00\x13"\x00\x00\x00\x00\x00btp_tester\x00\x00\x00\x00\x00\x00\x00\x00\x00\x00\x00\x00\x00\x00\x00\x00\x00\x00\x00\x00\x00\x00\x00\x00\x00\x00\x00\x00\x00\x00\x00\x00\x00\x00\x00\x00\x00\x00\x00\x00\x00\x00\x00\x00\x00\x00\x00\x00\x00\x00\x00\x00\x00\x00\x00\x00\x00\x00\x00\x00\x00\x00\x00\x00\x00\x00\x00\x00\x00\x00\x00\x00\x00\x00\x00\x00\x00\x00\x00\x00\x00\x00\x00\x00\x00\x00\x00\x00\x00\x00\x00\x00\x00\x00\x00\x00\x00\x00\x00\x00\x00\x00\x00\x00\x00\x00\x00\x00\x00\x00\x00\x00\x00\x00\x00\x00\x00\x00\x00\x00\x00\x00\x00\x00\x00\x00\x00\x00\x00\x00\x00\x00\x00\x00\x00\x00\x00\x00\x00\x00\x00\x00\x00\x00\x00\x00\x00\x00\x00\x00\x00\x00\x00\x00\x00\x00\x00\x00\x00\x00\x00\x00\x00\x00\x00\x00\x00\x00\x00\x00\x00\x00\x00\x00\x00\x00\x00\x00\x00\x00\x00\x00\x00\x00\x00\x00\x00\x00\x00\x00\x00\x00\x00\x00\x00\x00\x00\x00\x00\x00\x00\x00\x00\x00\x00\x00\x00\x00\x00\x00\x00\x00\x00\x00\x00\x00\x00\x00\x00\x00\x00\x00\x00\x00\x00\x00\x00\x00\x00\x00\x00\x00\x00\x00\x00\x00\x00\x00\x00\x00\x00\x00\x00\x00\x00\x00\x00\x00\x00\x00',)
2024-08-31 16:18:06,297 LT1-thread root DEBUG gap.py                    965   gap_read_ctrl_info        : IUT address '72e40bd2c4b7' 'random'
2024-08-31 16:18:06,297 LT1-thread root DEBUG gap.py                    400   __gap_current_settings_update : __gap_current_settings_update 8723
2024-08-31 16:18:06,297 LT1-thread root DEBUG testcase.py               253   start                     : Starting test function: class=<class 'autopts.ptsprojects.testcase.TestFunc'>, func=<function test_cases.<locals>.<lambda> at 0x7f4497fbd120> start_wid=None stop_wid=None post_wid=None skip_call=None call_count=9 args=() kwds={}
2024-08-31 16:18:06,298 LT1-thread root DEBUG testcase.py               265   start                     : Test function parameters: args=(), kwds={}
2024-08-31 16:18:06,300 LT1-thread root DEBUG testcase.py               253   start                     : Starting test function: class=<class 'autopts.ptsprojects.testcase.TestFunc'>, func=<function core_reg_svc_gatt at 0x7f449a93ea70> start_wid=None stop_wid=None post_wid=None skip_call=None call_count=9 args=() kwds={}
2024-08-31 16:18:06,300 LT1-thread root DEBUG testcase.py               265   start                     : Test function parameters: args=(), kwds={}
2024-08-31 16:18:06,300 LT1-thread root DEBUG btp.py                    479   core_reg_svc_gatt         : core_reg_svc_gatt
2024-08-31 16:18:06,300 LT1-thread root DEBUG iutctl_common.py          106   send                      : send, 0 3 255 '2'
2024-08-31 16:18:06,300 LT1-thread root DEBUG iutctl_common.py          111   send                      : sending frame '0003ff010002'
2024-08-31 16:18:06,301 LT1-thread root DEBUG btp.py                    710   core_reg_svc_rsp_succ     : core_reg_svc_rsp_succ
2024-08-31 16:18:06,301 LT1-thread root DEBUG iutctl_common.py          230   read                      : read
2024-08-31 16:18:06,337 BTPWorkerThread-174 (_rx_task) root DEBUG iutctl_common.py          76    read                      : Read 5 bytes
2024-08-31 16:18:06,337 BTPWorkerThread-174 (_rx_task) root DEBUG iutctl_common.py          83    read                      : Received: hdr: Header(svc_id=0, op=3, ctrl_index=255, data_len=0) bytearray(b'\x00\x03\xff\x00\x00')
2024-08-31 16:18:06,338 BTPWorkerThread-174 (_rx_task) root DEBUG iutctl_common.py          99    read                      : Received data: {''}, bytearray(b'')
2024-08-31 16:18:06,338 LT1-thread root DEBUG btp.py                    721   core_reg_svc_rsp_succ     : received Header(svc_id=0, op=3, ctrl_index=255, data_len=0) (b'',)
2024-08-31 16:18:06,338 LT1-thread root DEBUG btp.py                    722   core_reg_svc_rsp_succ     : expected ((0, 3, 255, 0), (b'',))
2024-08-31 16:18:06,338 LT1-thread root DEBUG btp.py                    727   core_reg_svc_rsp_succ     : response is valid
2024-08-31 16:18:06,338 LT1-thread root DEBUG testcase.py               253   start                     : Starting test function: class=<class 'autopts.ptsprojects.testcase.TestFunc'>, func=<function set_pts_addr at 0x7f449a93e560> start_wid=None stop_wid=None post_wid=None skip_call=None call_count=9 args=('C0:07:E8:1C:28:DF', 0) kwds={}
2024-08-31 16:18:06,338 LT1-thread root DEBUG testcase.py               265   start                     : Test function parameters: args=('C0:07:E8:1C:28:DF', 0), kwds={}
2024-08-31 16:18:06,338 LT1-thread root DEBUG testcase.py               253   start                     : Starting test function: class=<class 'autopts.ptsprojects.testcase.TestFunc'>, func=<function gap_set_conn at 0x7f449a942290> start_wid=None stop_wid=None post_wid=None skip_call=None call_count=9 args=() kwds={}
2024-08-31 16:18:06,338 LT1-thread root DEBUG testcase.py               265   start                     : Test function parameters: args=(), kwds={}
2024-08-31 16:18:06,338 LT1-thread root DEBUG gap.py                    758   gap_set_conn              : gap_set_conn
2024-08-31 16:18:06,338 LT1-thread root DEBUG testcase.py               253   start                     : Starting test function: class=<class 'autopts.ptsprojects.testcase.TestFunc'>, func=<function gap_set_gendiscov at 0x7f449a942440> start_wid=None stop_wid=None post_wid=None skip_call=None call_count=9 args=() kwds={}
2024-08-31 16:18:06,338 LT1-thread root DEBUG testcase.py               265   start                     : Test function parameters: args=(), kwds={}
2024-08-31 16:18:06,338 LT1-thread root DEBUG gap.py                    809   gap_set_gendiscov         : gap_set_gendiscov
2024-08-31 16:18:06,338 LT1-thread root DEBUG iutctl_common.py          106   send                      : send, 1 8 0 '1'
2024-08-31 16:18:06,338 LT1-thread root DEBUG iutctl_common.py          111   send                      : sending frame '010800010001'
2024-08-31 16:18:06,338 LT1-thread root DEBUG gap.py                    972   gap_command_rsp_succ      : gap_command_rsp_succ
2024-08-31 16:18:06,338 LT1-thread root DEBUG iutctl_common.py          230   read                      : read
2024-08-31 16:18:06,354 BTPWorkerThread-174 (_rx_task) root DEBUG iutctl_common.py          76    read                      : Read 5 bytes
2024-08-31 16:18:06,359 BTPWorkerThread-174 (_rx_task) root DEBUG iutctl_common.py          83    read                      : Received: hdr: Header(svc_id=1, op=8, ctrl_index=0, data_len=4) bytearray(b'\x01\x08\x00\x04\x00')
2024-08-31 16:18:06,390 BTPWorkerThread-174 (_rx_task) root DEBUG iutctl_common.py          91    read                      : Read 4 bytes data
2024-08-31 16:18:06,395 BTPWorkerThread-174 (_rx_task) root DEBUG iutctl_common.py          99    read                      : Received data: {'1b 22 00 00'}, bytearray(b'\x1b"\x00\x00')
2024-08-31 16:18:06,401 LT1-thread root DEBUG gap.py                    977   gap_command_rsp_succ      : received Header(svc_id=1, op=8, ctrl_index=0, data_len=4) (b'\x1b"\x00\x00',)
2024-08-31 16:18:06,401 LT1-thread root DEBUG gap.py                    400   __gap_current_settings_update : __gap_current_settings_update (b'\x1b"\x00\x00',)
2024-08-31 16:18:06,401 LT1-thread root DEBUG testcase.py               253   start                     : Starting test function: class=<class 'autopts.ptsprojects.testcase.TestFunc'>, func=<function core_reg_svc_csip at 0x7f449a93fa30> start_wid=None stop_wid=None post_wid=None skip_call=None call_count=9 args=() kwds={}
2024-08-31 16:18:06,401 LT1-thread root DEBUG testcase.py               265   start                     : Test function parameters: args=(), kwds={}
2024-08-31 16:18:06,401 LT1-thread root DEBUG btp.py                    681   core_reg_svc_csip         : core_reg_svc_csip
2024-08-31 16:18:06,401 LT1-thread root DEBUG iutctl_common.py          106   send                      : send, 0 3 255 '25'
2024-08-31 16:18:06,402 LT1-thread root DEBUG iutctl_common.py          111   send                      : sending frame '0003ff010019'
2024-08-31 16:18:06,402 LT1-thread root DEBUG iutctl_common.py          230   read                      : read
2024-08-31 16:18:06,428 BTPWorkerThread-174 (_rx_task) root DEBUG iutctl_common.py          76    read                      : Read 5 bytes
2024-08-31 16:18:06,433 BTPWorkerThread-174 (_rx_task) root DEBUG iutctl_common.py          83    read                      : Received: hdr: Header(svc_id=0, op=3, ctrl_index=255, data_len=0) bytearray(b'\x00\x03\xff\x00\x00')
2024-08-31 16:18:06,433 BTPWorkerThread-174 (_rx_task) root DEBUG iutctl_common.py          99    read                      : Received data: {''}, bytearray(b'')
2024-08-31 16:18:06,444 LT1-thread root DEBUG testcase.py               253   start                     : Starting test function: class=<class 'autopts.ptsprojects.testcase.TestFunc'>, func=<function core_reg_svc_csis at 0x7f449a93f490> start_wid=None stop_wid=None post_wid=None skip_call=None call_count=9 args=() kwds={}
2024-08-31 16:18:06,444 LT1-thread root DEBUG testcase.py               265   start                     : Test function parameters: args=(), kwds={}
2024-08-31 16:18:06,444 LT1-thread root DEBUG btp.py                    612   core_reg_svc_csis         : core_reg_svc_csis
2024-08-31 16:18:06,444 LT1-thread root DEBUG iutctl_common.py          106   send                      : send, 0 3 255 '17'
2024-08-31 16:18:06,444 LT1-thread root DEBUG iutctl_common.py          111   send                      : sending frame '0003ff010011'
2024-08-31 16:18:06,444 LT1-thread root DEBUG iutctl_common.py          230   read                      : read
2024-08-31 16:18:06,470 BTPWorkerThread-174 (_rx_task) root DEBUG iutctl_common.py          76    read                      : Read 5 bytes
2024-08-31 16:18:06,475 BTPWorkerThread-174 (_rx_task) root DEBUG iutctl_common.py          83    read                      : Received: hdr: Header(svc_id=0, op=3, ctrl_index=255, data_len=0) bytearray(b'\x00\x03\xff\x00\x00')
2024-08-31 16:18:06,475 BTPWorkerThread-174 (_rx_task) root DEBUG iutctl_common.py          99    read                      : Received data: {''}, bytearray(b'')
2024-08-31 16:18:06,511 LT1-thread root DEBUG testcase.py               253   start                     : Starting test function: class=<class 'autopts.ptsprojects.testcase.TestFunc'>, func=<bound method Stack.csip_init of <autopts.ptsprojects.stack.stack.Stack object at 0x7f4497f39f90>> start_wid=None stop_wid=None post_wid=None skip_call=None call_count=9 args=() kwds={}
2024-08-31 16:18:06,512 LT1-thread root DEBUG testcase.py               265   start                     : Test function parameters: args=(), kwds={}
2024-08-31 16:18:06,512 LT1-thread root DEBUG testcase.py               253   start                     : Starting test function: class=<class 'autopts.ptsprojects.testcase.TestFunc'>, func=<function test_cases.<locals>.<lambda> at 0x7f4497fbd1b0> start_wid=None stop_wid=None post_wid=None skip_call=None call_count=9 args=() kwds={}
2024-08-31 16:18:06,512 LT1-thread root DEBUG testcase.py               265   start                     : Test function parameters: args=(), kwds={}
2024-08-31 16:18:06,512 LT1-thread root DEBUG testcase.py               253   start                     : Starting test function: class=<class 'autopts.ptsprojects.testcase.TestFunc'>, func=<bound method Synch.add_synch_element of <autopts.ptsprojects.stack.synch.Synch object at 0x7f4497f3aef0>> start_wid=None stop_wid=None post_wid=None skip_call=None call_count=1 args=([<autopts.ptsprojects.stack.synch.SynchPoint object at 0x7f449640f040>, <autopts.ptsprojects.stack.synch.SynchPoint object at 0x7f449640f0a0>, <autopts.ptsprojects.stack.synch.SynchPoint object at 0x7f449640f100>],) kwds={}
2024-08-31 16:18:06,512 LT1-thread root DEBUG testcase.py               265   start                     : Test function parameters: args=([<autopts.ptsprojects.stack.synch.SynchPoint object at 0x7f449640f040>, <autopts.ptsprojects.stack.synch.SynchPoint object at 0x7f449640f0a0>, <autopts.ptsprojects.stack.synch.SynchPoint object at 0x7f449640f100>],), kwds={}
2024-08-31 16:18:06,512 LT1-thread root DEBUG testcase.py               253   start                     : Starting test function: class=<class 'autopts.ptsprojects.testcase.TestFunc'>, func=<bound method Synch.add_synch_element of <autopts.ptsprojects.stack.synch.Synch object at 0x7f4497f3aef0>> start_wid=None stop_wid=None post_wid=None skip_call=None call_count=1 args=([<autopts.ptsprojects.stack.synch.SynchPoint object at 0x7f449640f190>, <autopts.ptsprojects.stack.synch.SynchPoint object at 0x7f449640f1f0>, <autopts.ptsprojects.stack.synch.SynchPoint object at 0x7f449640f250>],) kwds={}
2024-08-31 16:18:06,512 LT1-thread root DEBUG testcase.py               265   start                     : Test function parameters: args=([<autopts.ptsprojects.stack.synch.SynchPoint object at 0x7f449640f190>, <autopts.ptsprojects.stack.synch.SynchPoint object at 0x7f449640f1f0>, <autopts.ptsprojects.stack.synch.SynchPoint object at 0x7f449640f250>],), kwds={}
2024-08-31 16:18:06,512 LT1-thread root DEBUG testcase.py               253   start                     : Starting test function: class=<class 'autopts.ptsprojects.testcase.TestFunc'>, func=<bound method Synch.add_synch_element of <autopts.ptsprojects.stack.synch.Synch object at 0x7f4497f3aef0>> start_wid=None stop_wid=None post_wid=None skip_call=None call_count=1 args=([<autopts.ptsprojects.stack.synch.SynchPoint object at 0x7f449640f310>, <autopts.ptsprojects.stack.synch.SynchPoint object at 0x7f449640f370>, <autopts.ptsprojects.stack.synch.SynchPoint object at 0x7f449640f3d0>],) kwds={}
2024-08-31 16:18:06,512 LT1-thread root DEBUG testcase.py               265   start                     : Test function parameters: args=([<autopts.ptsprojects.stack.synch.SynchPoint object at 0x7f449640f310>, <autopts.ptsprojects.stack.synch.SynchPoint object at 0x7f449640f370>, <autopts.ptsprojects.stack.synch.SynchPoint object at 0x7f449640f3d0>],), kwds={}
2024-08-31 16:18:06,514 LT1-thread root DEBUG client.py                 309   get_result                : ClientCallback.get_result run_test_case
2024-08-31 16:18:07,339 LT2-thread root DEBUG client.py                 309   get_result                : ClientCallback.get_result run_test_case
2024-08-31 16:18:07,339 LT3-thread root DEBUG client.py                 309   get_result                : ClientCallback.get_result run_test_case
2024-08-31 16:18:22,331 LT3-callback ClientCallback.on_implicit_send INFO client.py                 256   on_implicit_send          : 
    ********************
    BEGIN OnImplicitSend:
    project_name: CSIP
    wid: 20100
    test_case_name: CSIP/CL/SP/BV-04-C_LT3
    description: Please initiate a GATT connection to the PTS.

Description: Verify that the Implementation Under Test (IUT) can initiate a GATT connect request to the PTS.
    style: MMI_Style_Ok_Cancel2 0x11141
2024-08-31 16:18:22,331 LT3-callback ClientCallback.on_implicit_send INFO client.py                 269   on_implicit_send          : Calling test cases on_implicit_send
2024-08-31 16:18:22,331 LT3-callback ClientCallback.on_implicit_send INFO client.py                 282   on_implicit_send          : 
    on_implicit_send returned response: WAIT
    END OnImplicitSend
    ********************
2024-08-31 16:18:22,341 LT3-thread root DEBUG testcase.py               671   run_wid                   : CSIP CSIP/CL/SP/BV-04-C_LT3 on_implicit_send
2024-08-31 16:18:22,341 LT3-thread root DEBUG synch.py                  118   wait_for_start            : SYNCH: Waiting at barrier for start, tc CSIP/CL/SP/BV-04-C_LT3 wid 20100
2024-08-31 16:18:22,371 LT2-callback ClientCallback.on_implicit_send INFO client.py                 256   on_implicit_send          : 
    ********************
    BEGIN OnImplicitSend:
    project_name: CSIP
    wid: 20100
    test_case_name: CSIP/CL/SP/BV-04-C_LT2
    description: Please initiate a GATT connection to the PTS.

Description: Verify that the Implementation Under Test (IUT) can initiate a GATT connect request to the PTS.
    style: MMI_Style_Ok_Cancel2 0x11141
2024-08-31 16:18:22,371 LT2-callback ClientCallback.on_implicit_send INFO client.py                 269   on_implicit_send          : Calling test cases on_implicit_send
2024-08-31 16:18:22,371 LT2-callback ClientCallback.on_implicit_send INFO client.py                 282   on_implicit_send          : 
    on_implicit_send returned response: WAIT
    END OnImplicitSend
    ********************
2024-08-31 16:18:23,341 LT2-thread root DEBUG testcase.py               671   run_wid                   : CSIP CSIP/CL/SP/BV-04-C_LT2 on_implicit_send
2024-08-31 16:18:23,341 LT2-thread root DEBUG synch.py                  118   wait_for_start            : SYNCH: Waiting at barrier for start, tc CSIP/CL/SP/BV-04-C_LT2 wid 20100
2024-08-31 16:18:25,485 LT1-callback ClientCallback.on_implicit_send INFO client.py                 256   on_implicit_send          : 
    ********************
    BEGIN OnImplicitSend:
    project_name: CSIP
    wid: 20100
    test_case_name: CSIP/CL/SP/BV-04-C
    description: Please initiate a GATT connection to the PTS.

Description: Verify that the Implementation Under Test (IUT) can initiate a GATT connect request to the PTS.
    style: MMI_Style_Ok_Cancel2 0x11141
2024-08-31 16:18:25,485 LT1-callback ClientCallback.on_implicit_send INFO client.py                 269   on_implicit_send          : Calling test cases on_implicit_send
2024-08-31 16:18:25,485 LT1-callback ClientCallback.on_implicit_send INFO client.py                 282   on_implicit_send          : 
    on_implicit_send returned response: WAIT
    END OnImplicitSend
    ********************
2024-08-31 16:18:25,516 LT1-thread root DEBUG testcase.py               671   run_wid                   : CSIP CSIP/CL/SP/BV-04-C on_implicit_send
2024-08-31 16:18:25,516 LT1-thread root DEBUG synch.py                  118   wait_for_start            : SYNCH: Waiting at barrier for start, tc CSIP/CL/SP/BV-04-C wid 20100
2024-08-31 16:18:25,516 LT1-thread root DEBUG synch.py                  120   wait_for_start            : SYNCH: Waiting for turn to start, tc CSIP/CL/SP/BV-04-C wid 20100
2024-08-31 16:18:25,516 LT1-thread root DEBUG synch.py                  123   wait_for_start            : SYNCH: Started tc CSIP/CL/SP/BV-04-C wid 20100
2024-08-31 16:18:25,516 LT2-thread root DEBUG synch.py                  120   wait_for_start            : SYNCH: Waiting for turn to start, tc CSIP/CL/SP/BV-04-C_LT2 wid 20100
2024-08-31 16:18:25,516 LT3-thread root DEBUG synch.py                  120   wait_for_start            : SYNCH: Waiting for turn to start, tc CSIP/CL/SP/BV-04-C_LT3 wid 20100
2024-08-31 16:18:25,516 LT1-thread root DEBUG csip_wid.py               24    csip_wid_hdl              : csip_wid_hdl, 20100, Please initiate a GATT connection to the PTS.

Description: Verify that the Implementation Under Test (IUT) can initiate a GATT connect request to the PTS., CSIP/CL/SP/BV-04-C
2024-08-31 16:18:25,517 LT1-thread root DEBUG gap.py                    561   gap_conn                  : gap_conn 'c007e81c28df' 0
2024-08-31 16:18:25,517 LT1-thread root DEBUG iutctl_common.py          106   send                      : send, 1 14 0 "bytearray(b'\\x00\\xdf(\\x1c\\xe8\\x07\\xc0\\x00')"
2024-08-31 16:18:25,517 LT1-thread root DEBUG iutctl_common.py          111   send                      : sending frame '010e00080000df281ce807c000'
2024-08-31 16:18:25,517 LT1-thread root DEBUG iutctl_common.py          230   read                      : read
2024-08-31 16:18:25,527 BTPWorkerThread-174 (_rx_task) root DEBUG iutctl_common.py          76    read                      : Read 5 bytes
2024-08-31 16:18:25,558 BTPWorkerThread-174 (_rx_task) root DEBUG iutctl_common.py          83    read                      : Received: hdr: Header(svc_id=1, op=14, ctrl_index=0, data_len=0) bytearray(b'\x01\x0e\x00\x00\x00')
2024-08-31 16:18:25,584 BTPWorkerThread-174 (_rx_task) root DEBUG iutctl_common.py          99    read                      : Received data: {''}, bytearray(b'')
2024-08-31 16:18:25,713 BTPWorkerThread-174 (_rx_task) root DEBUG iutctl_common.py          76    read                      : Read 5 bytes
2024-08-31 16:18:25,718 BTPWorkerThread-174 (_rx_task) root DEBUG iutctl_common.py          83    read                      : Received: hdr: Header(svc_id=1, op=130, ctrl_index=0, data_len=13) bytearray(b'\x01\x82\x00\r\x00')
2024-08-31 16:18:25,739 BTPWorkerThread-174 (_rx_task) root DEBUG iutctl_common.py          91    read                      : Read 13 bytes data
2024-08-31 16:18:25,755 BTPWorkerThread-174 (_rx_task) root DEBUG iutctl_common.py          99    read                      : Received data: {'00 df 28 1c e8 07 c0 28 00 00 00 90 01'}, bytearray(b'\x00\xdf(\x1c\xe8\x07\xc0(\x00\x00\x00\x90\x01')
2024-08-31 16:18:25,755 BTPWorkerThread-174 (_rx_task) root DEBUG btp.py                    814   event_handler             : event_handler Header(svc_id=1, op=130, ctrl_index=0, data_len=13) (b'\x00\xdf(\x1c\xe8\x07\xc0(\x00\x00\x00\x90\x01',)
2024-08-31 16:18:25,755 BTPWorkerThread-174 (_rx_task) root DEBUG gap.py                    171   gap_connected_ev_         : gap_connected_ev_ b'\x00\xdf(\x1c\xe8\x07\xc0(\x00\x00\x00\x90\x01'
2024-08-31 16:18:27,546 BTPWorkerThread-174 (_rx_task) root DEBUG iutctl_common.py          76    read                      : Read 5 bytes
2024-08-31 16:18:27,546 BTPWorkerThread-174 (_rx_task) root DEBUG iutctl_common.py          83    read                      : Received: hdr: Header(svc_id=1, op=137, ctrl_index=0, data_len=8) bytearray(b'\x01\x89\x00\x08\x00')
2024-08-31 16:18:27,552 BTPWorkerThread-174 (_rx_task) root DEBUG iutctl_common.py          91    read                      : Read 8 bytes data
2024-08-31 16:18:27,552 BTPWorkerThread-174 (_rx_task) root DEBUG iutctl_common.py          99    read                      : Received data: {'00 df 28 1c e8 07 c0 02'}, bytearray(b'\x00\xdf(\x1c\xe8\x07\xc0\x02')
2024-08-31 16:18:27,552 BTPWorkerThread-174 (_rx_task) root DEBUG btp.py                    814   event_handler             : event_handler Header(svc_id=1, op=137, ctrl_index=0, data_len=8) (b'\x00\xdf(\x1c\xe8\x07\xc0\x02',)
2024-08-31 16:18:27,552 BTPWorkerThread-174 (_rx_task) root DEBUG gap.py                    256   gap_sec_level_changed_ev_ : gap_sec_level_changed_ev_
2024-08-31 16:18:27,552 BTPWorkerThread-174 (_rx_task) root DEBUG gap.py                    258   gap_sec_level_changed_ev_ : received b'\x00\xdf(\x1c\xe8\x07\xc0\x02'
2024-08-31 16:18:27,567 BTPWorkerThread-174 (_rx_task) root DEBUG gap.py                    269   gap_sec_level_changed_ev_ : received (0, 'c007e81c28df', 2)
2024-08-31 16:18:27,568 LT1-thread root DEBUG csip.py                   68    csip_discover             : csip_discover
2024-08-31 16:18:27,568 LT1-thread root DEBUG iutctl_common.py          106   send                      : send, 25 2 0 "bytearray(b'\\x00\\xdf(\\x1c\\xe8\\x07\\xc0')"
2024-08-31 16:18:27,568 LT1-thread root DEBUG iutctl_common.py          111   send                      : sending frame '190200070000df281ce807c0'
2024-08-31 16:18:27,568 LT1-thread root DEBUG csip.py                   55    csip_command_rsp_succ     : csip_command_rsp_succ
2024-08-31 16:18:27,568 LT1-thread root DEBUG iutctl_common.py          230   read                      : read
2024-08-31 16:18:27,594 BTPWorkerThread-174 (_rx_task) root DEBUG iutctl_common.py          76    read                      : Read 5 bytes
2024-08-31 16:18:27,594 BTPWorkerThread-174 (_rx_task) root DEBUG iutctl_common.py          83    read                      : Received: hdr: Header(svc_id=25, op=2, ctrl_index=0, data_len=0) bytearray(b'\x19\x02\x00\x00\x00')
2024-08-31 16:18:27,594 BTPWorkerThread-174 (_rx_task) root DEBUG iutctl_common.py          99    read                      : Received data: {''}, bytearray(b'')
2024-08-31 16:18:27,595 LT1-thread root DEBUG csip.py                   60    csip_command_rsp_succ     : received Header(svc_id=25, op=2, ctrl_index=0, data_len=0) (b'',)
2024-08-31 16:18:28,850 BTPWorkerThread-174 (_rx_task) root DEBUG iutctl_common.py          76    read                      : Read 5 bytes
2024-08-31 16:18:28,855 BTPWorkerThread-174 (_rx_task) root DEBUG iutctl_common.py          83    read                      : Received: hdr: Header(svc_id=25, op=129, ctrl_index=0, data_len=23) bytearray(b'\x19\x81\x00\x17\x00')
2024-08-31 16:18:28,866 BTPWorkerThread-174 (_rx_task) root DEBUG iutctl_common.py          91    read                      : Read 23 bytes data
2024-08-31 16:18:28,876 BTPWorkerThread-174 (_rx_task) root DEBUG iutctl_common.py          99    read                      : Received data: {'00 df 28 1c e8 07 c0 b8 03 ea c6 af bb 65 a2 5a 41 f1 53 05 68 8e 83'}, bytearray(b'\x00\xdf(\x1c\xe8\x07\xc0\xb8\x03\xea\xc6\xaf\xbbe\xa2ZA\xf1S\x05h\x8e\x83')
2024-08-31 16:18:28,881 BTPWorkerThread-174 (_rx_task) root DEBUG btp.py                    814   event_handler             : event_handler Header(svc_id=25, op=129, ctrl_index=0, data_len=23) (b'\x00\xdf(\x1c\xe8\x07\xc0\xb8\x03\xea\xc6\xaf\xbbe\xa2ZA\xf1S\x05h\x8e\x83',)
2024-08-31 16:18:28,892 BTPWorkerThread-174 (_rx_task) root DEBUG csip.py                   157   csip_sirk_ev              : csip_sirk_ev b'\x00\xdf(\x1c\xe8\x07\xc0\xb8\x03\xea\xc6\xaf\xbbe\xa2ZA\xf1S\x05h\x8e\x83'
2024-08-31 16:18:28,897 BTPWorkerThread-174 (_rx_task) root DEBUG csip.py                   168   csip_sirk_ev              : CSIP Sirk event: addr c007e81c28df, addr_type 0, sirk 838e680553f1415aa265bbafc6ea03b8
2024-08-31 16:18:28,907 LT1-thread root DEBUG testcase.py               707   run_wid                   : Sending response 'OK' to wid 20100 test case CSIP/CL/SP/BV-04-C
2024-08-31 16:18:28,908 BTPWorkerThread-174 (_rx_task) root DEBUG iutctl_common.py          76    read                      : Read 5 bytes
2024-08-31 16:18:28,908 BTPWorkerThread-174 (_rx_task) root DEBUG iutctl_common.py          83    read                      : Received: hdr: Header(svc_id=25, op=128, ctrl_index=0, data_len=16) bytearray(b'\x19\x80\x00\x10\x00')
2024-08-31 16:18:28,908 BTPWorkerThread-174 (_rx_task) root DEBUG iutctl_common.py          91    read                      : Read 16 bytes data
2024-08-31 16:18:28,909 BTPWorkerThread-174 (_rx_task) root DEBUG iutctl_common.py          99    read                      : Received data: {'00 df 28 1c e8 07 c0 00 62 01 67 01 64 01 6a 01'}, bytearray(b'\x00\xdf(\x1c\xe8\x07\xc0\x00b\x01g\x01d\x01j\x01')
2024-08-31 16:18:28,909 BTPWorkerThread-174 (_rx_task) root DEBUG btp.py                    814   event_handler             : event_handler Header(svc_id=25, op=128, ctrl_index=0, data_len=16) (b'\x00\xdf(\x1c\xe8\x07\xc0\x00b\x01g\x01d\x01j\x01',)
2024-08-31 16:18:28,909 BTPWorkerThread-174 (_rx_task) root DEBUG csip.py                   135   csip_ev_discovery_completed : csip_ev_discovery_completed b'\x00\xdf(\x1c\xe8\x07\xc0\x00b\x01g\x01d\x01j\x01'
2024-08-31 16:18:28,909 BTPWorkerThread-174 (_rx_task) root DEBUG csip.py                   145   csip_ev_discovery_completed : CSIP Discovery Completed: addr c007e81c28df, addr_type 0, status 0, Set Sirk Handle 354, Set Size Handle 359, Set Lock Handle 356, Rank Handle 362
2024-08-31 16:18:28,910 LT1-thread root DEBUG client.py                 309   get_result                : ClientCallback.get_result run_test_case
2024-08-31 16:18:28,910 LT1-thread root DEBUG synch.py                  138   wait_for_end              : SYNCH: Waiting at end barrier, tc CSIP/CL/SP/BV-04-C wid 20100
2024-08-31 16:18:28,910 LT2-thread root DEBUG synch.py                  123   wait_for_start            : SYNCH: Started tc CSIP/CL/SP/BV-04-C_LT2 wid 20100
2024-08-31 16:18:28,910 LT2-thread root DEBUG csip_wid.py               24    csip_wid_hdl              : csip_wid_hdl, 20100, Please initiate a GATT connection to the PTS.

Description: Verify that the Implementation Under Test (IUT) can initiate a GATT connect request to the PTS., CSIP/CL/SP/BV-04-C_LT2
2024-08-31 16:18:28,910 LT2-thread root DEBUG gap.py                    561   gap_conn                  : gap_conn 'c007e86015b9' 0
2024-08-31 16:18:28,910 LT2-thread root DEBUG iutctl_common.py          106   send                      : send, 1 14 0 "bytearray(b'\\x00\\xb9\\x15`\\xe8\\x07\\xc0\\x00')"
2024-08-31 16:18:28,910 LT2-thread root DEBUG iutctl_common.py          111   send                      : sending frame '010e00080000b91560e807c000'
2024-08-31 16:18:28,911 LT2-thread root DEBUG iutctl_common.py          230   read                      : read
2024-08-31 16:18:28,926 BTPWorkerThread-174 (_rx_task) root DEBUG iutctl_common.py          76    read                      : Read 5 bytes
2024-08-31 16:18:28,932 BTPWorkerThread-174 (_rx_task) root DEBUG iutctl_common.py          83    read                      : Received: hdr: Header(svc_id=1, op=14, ctrl_index=0, data_len=0) bytearray(b'\x01\x0e\x00\x00\x00')
2024-08-31 16:18:28,979 BTPWorkerThread-174 (_rx_task) root DEBUG iutctl_common.py          99    read                      : Received data: {''}, bytearray(b'')
2024-08-31 16:18:29,000 LT1-callback ClientCallback.on_implicit_send INFO client.py                 256   on_implicit_send          : 
    ********************
    BEGIN OnImplicitSend:
    project_name: CSIP
    wid: 20110
    test_case_name: CSIP/CL/SP/BV-04-C
    description: Please send write request to handle 0x0164 with following value.
Set Member Lock: 
    Set Member Lock: [1 (0x01)]
    style: MMI_Style_Ok_Cancel2 0x11141
2024-08-31 16:18:29,010 LT1-callback ClientCallback.on_implicit_send INFO client.py                 269   on_implicit_send          : Calling test cases on_implicit_send
2024-08-31 16:18:29,010 LT1-callback ClientCallback.on_implicit_send INFO client.py                 282   on_implicit_send          : 
    on_implicit_send returned response: WAIT
    END OnImplicitSend
    ********************
2024-08-31 16:18:29,015 BTPWorkerThread-174 (_rx_task) root DEBUG iutctl_common.py          76    read                      : Read 5 bytes
2024-08-31 16:18:29,015 BTPWorkerThread-174 (_rx_task) root DEBUG iutctl_common.py          83    read                      : Received: hdr: Header(svc_id=1, op=130, ctrl_index=0, data_len=13) bytearray(b'\x01\x82\x00\r\x00')
2024-08-31 16:18:29,015 BTPWorkerThread-174 (_rx_task) root DEBUG iutctl_common.py          91    read                      : Read 13 bytes data
2024-08-31 16:18:29,015 BTPWorkerThread-174 (_rx_task) root DEBUG iutctl_common.py          99    read                      : Received data: {'00 b9 15 60 e8 07 c0 28 00 00 00 90 01'}, bytearray(b'\x00\xb9\x15`\xe8\x07\xc0(\x00\x00\x00\x90\x01')
2024-08-31 16:18:29,032 BTPWorkerThread-174 (_rx_task) root DEBUG btp.py                    814   event_handler             : event_handler Header(svc_id=1, op=130, ctrl_index=0, data_len=13) (b'\x00\xb9\x15`\xe8\x07\xc0(\x00\x00\x00\x90\x01',)
2024-08-31 16:18:29,037 BTPWorkerThread-174 (_rx_task) root DEBUG gap.py                    171   gap_connected_ev_         : gap_connected_ev_ b'\x00\xb9\x15`\xe8\x07\xc0(\x00\x00\x00\x90\x01'
2024-08-31 16:18:30,750 BTPWorkerThread-174 (_rx_task) root DEBUG iutctl_common.py          76    read                      : Read 5 bytes
2024-08-31 16:18:30,755 BTPWorkerThread-174 (_rx_task) root DEBUG iutctl_common.py          83    read                      : Received: hdr: Header(svc_id=1, op=137, ctrl_index=0, data_len=8) bytearray(b'\x01\x89\x00\x08\x00')
2024-08-31 16:18:30,760 BTPWorkerThread-174 (_rx_task) root DEBUG iutctl_common.py          91    read                      : Read 8 bytes data
2024-08-31 16:18:30,760 BTPWorkerThread-174 (_rx_task) root DEBUG iutctl_common.py          99    read                      : Received data: {'00 b9 15 60 e8 07 c0 02'}, bytearray(b'\x00\xb9\x15`\xe8\x07\xc0\x02')
2024-08-31 16:18:30,766 BTPWorkerThread-174 (_rx_task) root DEBUG btp.py                    814   event_handler             : event_handler Header(svc_id=1, op=137, ctrl_index=0, data_len=8) (b'\x00\xb9\x15`\xe8\x07\xc0\x02',)
2024-08-31 16:18:30,812 BTPWorkerThread-174 (_rx_task) root DEBUG gap.py                    256   gap_sec_level_changed_ev_ : gap_sec_level_changed_ev_
2024-08-31 16:18:30,817 BTPWorkerThread-174 (_rx_task) root DEBUG gap.py                    258   gap_sec_level_changed_ev_ : received b'\x00\xb9\x15`\xe8\x07\xc0\x02'
2024-08-31 16:18:30,818 BTPWorkerThread-174 (_rx_task) root DEBUG gap.py                    269   gap_sec_level_changed_ev_ : received (0, 'c007e86015b9', 2)
2024-08-31 16:18:30,818 LT2-thread root DEBUG csip.py                   68    csip_discover             : csip_discover
2024-08-31 16:18:30,818 LT2-thread root DEBUG iutctl_common.py          106   send                      : send, 25 2 0 "bytearray(b'\\x00\\xb9\\x15`\\xe8\\x07\\xc0')"
2024-08-31 16:18:30,818 BTPWorkerThread-174 (_rx_task) root DEBUG iutctl_common.py          76    read                      : Read 5 bytes
2024-08-31 16:18:30,819 LT2-thread root DEBUG iutctl_common.py          111   send                      : sending frame '190200070000b91560e807c0'
2024-08-31 16:18:30,819 BTPWorkerThread-174 (_rx_task) root DEBUG iutctl_common.py          83    read                      : Received: hdr: Header(svc_id=1, op=140, ctrl_index=0, data_len=8) bytearray(b'\x01\x8c\x00\x08\x00')
2024-08-31 16:18:30,819 LT2-thread root DEBUG csip.py                   55    csip_command_rsp_succ     : csip_command_rsp_succ
2024-08-31 16:18:30,819 BTPWorkerThread-174 (_rx_task) root DEBUG iutctl_common.py          91    read                      : Read 8 bytes data
2024-08-31 16:18:30,819 LT2-thread root DEBUG iutctl_common.py          230   read                      : read
2024-08-31 16:18:30,819 BTPWorkerThread-174 (_rx_task) root DEBUG iutctl_common.py          99    read                      : Received data: {'00 b9 15 60 e8 07 c0 04'}, bytearray(b'\x00\xb9\x15`\xe8\x07\xc0\x04')
2024-08-31 16:18:30,824 BTPWorkerThread-174 (_rx_task) root DEBUG btp.py                    814   event_handler             : event_handler Header(svc_id=1, op=140, ctrl_index=0, data_len=8) (b'\x00\xb9\x15`\xe8\x07\xc0\x04',)
2024-08-31 16:18:30,830 BTPWorkerThread-174 (_rx_task) root DEBUG gap.py                    289   gap_pairing_failed_ev_    : gap_pairing_failed_ev_
2024-08-31 16:18:30,835 BTPWorkerThread-174 (_rx_task) root DEBUG gap.py                    291   gap_pairing_failed_ev_    : received b'\x00\xb9\x15`\xe8\x07\xc0\x04'
2024-08-31 16:18:30,840 BTPWorkerThread-174 (_rx_task) root DEBUG gap.py                    300   gap_pairing_failed_ev_    : received (0, 'c007e86015b9', 4)
2024-08-31 16:18:30,856 BTPWorkerThread-174 (_rx_task) root DEBUG iutctl_common.py          76    read                      : Read 5 bytes
2024-08-31 16:18:30,861 BTPWorkerThread-174 (_rx_task) root DEBUG iutctl_common.py          83    read                      : Received: hdr: Header(svc_id=25, op=2, ctrl_index=0, data_len=0) bytearray(b'\x19\x02\x00\x00\x00')
2024-08-31 16:18:30,866 BTPWorkerThread-174 (_rx_task) root DEBUG iutctl_common.py          99    read                      : Received data: {''}, bytearray(b'')
2024-08-31 16:18:30,882 LT2-thread root DEBUG csip.py                   60    csip_command_rsp_succ     : received Header(svc_id=25, op=2, ctrl_index=0, data_len=0) (b'',)
2024-08-31 16:18:31,192 BTPWorkerThread-174 (_rx_task) root DEBUG iutctl_common.py          76    read                      : Read 5 bytes
2024-08-31 16:18:31,192 BTPWorkerThread-174 (_rx_task) root DEBUG iutctl_common.py          83    read                      : Received: hdr: Header(svc_id=1, op=131, ctrl_index=0, data_len=7) bytearray(b'\x01\x83\x00\x07\x00')
2024-08-31 16:18:31,192 BTPWorkerThread-174 (_rx_task) root DEBUG iutctl_common.py          91    read                      : Read 1 bytes data
2024-08-31 16:18:31,193 BTPWorkerThread-174 (_rx_task) root DEBUG iutctl_common.py          91    read                      : Read 6 bytes data
2024-08-31 16:18:31,193 BTPWorkerThread-174 (_rx_task) root DEBUG iutctl_common.py          99    read                      : Received data: {'00 b9 15 60 e8 07 c0'}, bytearray(b'\x00\xb9\x15`\xe8\x07\xc0')
2024-08-31 16:18:31,193 BTPWorkerThread-174 (_rx_task) root DEBUG btp.py                    814   event_handler             : event_handler Header(svc_id=1, op=131, ctrl_index=0, data_len=7) (b'\x00\xb9\x15`\xe8\x07\xc0',)
2024-08-31 16:18:31,193 BTPWorkerThread-174 (_rx_task) root DEBUG gap.py                    184   gap_disconnected_ev_      : gap_disconnected_ev_ b'\x00\xb9\x15`\xe8\x07\xc0'
2024-08-31 16:19:00,911 LT2-thread root DEBUG testcase.py               707   run_wid                   : Sending response 'Cancel' to wid 20100 test case CSIP/CL/SP/BV-04-C_LT2
2024-08-31 16:19:05,892 LT2-thread root DEBUG client.py                 309   get_result                : ClientCallback.get_result run_test_case
2024-08-31 16:19:05,892 LT2-thread root DEBUG synch.py                  138   wait_for_end              : SYNCH: Waiting at end barrier, tc CSIP/CL/SP/BV-04-C_LT2 wid 20100
2024-08-31 16:19:05,892 LT3-thread root DEBUG synch.py                  123   wait_for_start            : SYNCH: Started tc CSIP/CL/SP/BV-04-C_LT3 wid 20100
2024-08-31 16:19:05,892 LT3-thread root DEBUG csip_wid.py               24    csip_wid_hdl              : csip_wid_hdl, 20100, Please initiate a GATT connection to the PTS.

Description: Verify that the Implementation Under Test (IUT) can initiate a GATT connect request to the PTS., CSIP/CL/SP/BV-04-C_LT3
2024-08-31 16:19:05,892 LT3-thread root DEBUG gap.py                    561   gap_conn                  : gap_conn 'c007e82cb6ee' 0
2024-08-31 16:19:05,892 LT3-thread root DEBUG iutctl_common.py          106   send                      : send, 1 14 0 "bytearray(b'\\x00\\xee\\xb6,\\xe8\\x07\\xc0\\x00')"
2024-08-31 16:19:05,892 LT3-thread root DEBUG iutctl_common.py          111   send                      : sending frame '010e00080000eeb62ce807c000'
2024-08-31 16:19:05,892 LT3-thread root DEBUG iutctl_common.py          230   read                      : read
2024-08-31 16:19:05,923 BTPWorkerThread-174 (_rx_task) root DEBUG iutctl_common.py          76    read                      : Read 5 bytes
2024-08-31 16:19:05,929 BTPWorkerThread-174 (_rx_task) root DEBUG iutctl_common.py          83    read                      : Received: hdr: Header(svc_id=1, op=14, ctrl_index=0, data_len=0) bytearray(b'\x01\x0e\x00\x00\x00')
2024-08-31 16:19:05,934 BTPWorkerThread-174 (_rx_task) root DEBUG iutctl_common.py          99    read                      : Received data: {''}, bytearray(b'')
2024-08-31 16:19:05,950 LT2-callback ClientCallback.log INFO client.py                 232   log                       : PTS_LOGTYPE_START_TEST Start Test Case 

+13140 ms
 CSIP/CL/SP/BV-04-C_LT2 CSIP/CL/SP/BV-04-C_LT2

2024-08-31 16:19:05,966 BTPWorkerThread-174 (_rx_task) root DEBUG iutctl_common.py          76    read                      : Read 5 bytes
2024-08-31 16:19:05,966 BTPWorkerThread-174 (_rx_task) root DEBUG iutctl_common.py          83    read                      : Received: hdr: Header(svc_id=1, op=130, ctrl_index=0, data_len=13) bytearray(b'\x01\x82\x00\r\x00')
2024-08-31 16:19:05,971 BTPWorkerThread-174 (_rx_task) root DEBUG iutctl_common.py          91    read                      : Read 13 bytes data
2024-08-31 16:19:05,971 BTPWorkerThread-174 (_rx_task) root DEBUG iutctl_common.py          99    read                      : Received data: {'00 ee b6 2c e8 07 c0 28 00 00 00 90 01'}, bytearray(b'\x00\xee\xb6,\xe8\x07\xc0(\x00\x00\x00\x90\x01')
2024-08-31 16:19:05,971 BTPWorkerThread-174 (_rx_task) root DEBUG btp.py                    814   event_handler             : event_handler Header(svc_id=1, op=130, ctrl_index=0, data_len=13) (b'\x00\xee\xb6,\xe8\x07\xc0(\x00\x00\x00\x90\x01',)
2024-08-31 16:19:05,972 BTPWorkerThread-174 (_rx_task) root DEBUG gap.py                    171   gap_connected_ev_         : gap_connected_ev_ b'\x00\xee\xb6,\xe8\x07\xc0(\x00\x00\x00\x90\x01'
2024-08-31 16:19:06,525 LT2-callback ClientCallback.log INFO client.py                 232   log                       : PTS_LOGTYPE_FINAL_VERDICT Final Verdict 

+25937 ms
 CSIP/CL/SP/BV-04-C_LT2 FAIL

2024-08-31 16:19:06,561 LT2-callback ClientCallback.log INFO client.py                 232   log                       : PTS_LOGTYPE_FINAL_VERDICT Encrypted Verdict 

+25937 ms
 CSIP/CL/SP/BV-04-C_LT2 A1#NjAxY2FhMjM0NWEwOWQ5NjJjZGEzMTVlYzQxNTA5MmRlM2NhM2EzZjQzZGU4ODg3Mzg1NGI0NzI4ZWFiNzAxNA==#JXgv7HSQorxDr+TLhWcx0WWlXc6Klbv7482ox/j5btlZDjdkCYiwQjufuDwaleCv

2024-08-31 16:19:06,572 LT2-callback ClientCallback.log INFO client.py                 232   log                       : PTS_LOGTYPE_END_TEST Test Case Ended 

+25937 ms
 CSIP/CL/SP/BV-04-C_LT2 CSIP/CL/SP/BV-04-C_LT2

2024-08-31 16:19:06,705 LT2-callback root DEBUG client.py                 294   set_result                : ClientCallback, set_result, run_test_case, FAIL
2024-08-31 16:19:06,721 LT2-thread root DEBUG client.py                 1012  _run_test_case            : SYNCH: Cancelled waiting at a barrier, tc CSIP/CL/SP/BV-04-C_LT2
2024-08-31 16:19:06,722 LT2-thread root DEBUG client.py                 868   get_error_code            : get_error_code returning error code 'FATAL ERROR' for exception BrokenBarrierError()
2024-08-31 16:19:06,773 LT1-thread root DEBUG client.py                 1012  _run_test_case            : SYNCH: Cancelled waiting at a barrier, tc CSIP/CL/SP/BV-04-C
2024-08-31 16:19:06,774 LT1-thread root DEBUG client.py                 868   get_error_code            : get_error_code returning error code 'FATAL ERROR' for exception BrokenBarrierError()
2024-08-31 16:19:06,848 LT2-thread root DEBUG client.py                 1029  _run_test_case            : After run_test_case error_code='FATAL ERROR' status='RUNNING'
2024-08-31 16:19:06,869 LT2-thread root DEBUG testcase.py               752   post_run                  : post_run CSIP CSIP/CL/SP/BV-04-C_LT2 FATAL ERROR
2024-08-31 16:19:06,895 LT1-thread root DEBUG client.py                 1027  _run_test_case            : Test case stopped externally
2024-08-31 16:19:06,895 LT1-thread root DEBUG client.py                 1029  _run_test_case            : After run_test_case error_code='FATAL ERROR' status='RUNNING'
2024-08-31 16:19:06,936 MainThread root DEBUG client.py                 1140  run_test_case             : Interrupting CSIP CSIP/CL/SP/BV-04-C test case of thread LT1-thread
2024-08-31 16:19:06,962 LT1-thread root DEBUG testcase.py               752   post_run                  : post_run CSIP CSIP/CL/SP/BV-04-C FATAL ERROR
2024-08-31 16:19:06,972 LT1-thread root DEBUG testcase.py               253   start                     : Starting test function: class=<class 'autopts.ptsprojects.testcase.TestFuncCleanUp'>, func=<bound method Stack.cleanup of <autopts.ptsprojects.stack.stack.Stack object at 0x7f4497f39f90>> start_wid=None stop_wid=None post_wid=None skip_call=None call_count=1 args=() kwds={}
2024-08-31 16:19:06,983 LT1-thread root DEBUG testcase.py               265   start                     : Test function parameters: args=(), kwds={}
2024-08-31 16:19:07,014 LT1-thread root DEBUG testcase.py               253   start                     : Starting test function: class=<class 'autopts.ptsprojects.testcase.TestFuncCleanUp'>, func=<bound method ZephyrCtl.stop of <autopts.ptsprojects.zephyr.iutctl.ZephyrCtl object at 0x7f4497f3abf0>> start_wid=None stop_wid=None post_wid=None skip_call=None call_count=1 args=() kwds={}
2024-08-31 16:19:07,039 LT1-thread root DEBUG testcase.py               265   start                     : Test function parameters: args=(), kwds={}
2024-08-31 16:19:07,045 LT1-thread root DEBUG iutctl.py                 249   stop                      : <class 'autopts.ptsprojects.zephyr.iutctl.ZephyrCtl'>.stop
2024-08-31 16:19:07,165 LT1-thread root DEBUG rtt.py                    237   stop                      : <class 'autopts.rtt.RTTLogger'>.stop
2024-08-31 16:19:07,170 LT1-thread root DEBUG rtt.py                    102   stop                      : <class 'autopts.rtt.RTT'>.stop
2024-08-31 16:19:07,247 LT1-thread root DEBUG __init__.py               49    reset                     : About to reset DUT: nrfjprog -r -s 1050060770
2024-08-31 16:19:07,747 BTPWorkerThread-174 (_rx_task) root DEBUG iutctl_common.py          76    read                      : Read 5 bytes
2024-08-31 16:19:07,758 BTPWorkerThread-174 (_rx_task) root DEBUG iutctl_common.py          83    read                      : Received: hdr: Header(svc_id=1, op=137, ctrl_index=0, data_len=8) bytearray(b'\x01\x89\x00\x08\x00')
2024-08-31 16:19:07,773 BTPWorkerThread-174 (_rx_task) root DEBUG iutctl_common.py          91    read                      : Read 8 bytes data
2024-08-31 16:19:07,784 BTPWorkerThread-174 (_rx_task) root DEBUG iutctl_common.py          99    read                      : Received data: {'00 ee b6 2c e8 07 c0 02'}, bytearray(b'\x00\xee\xb6,\xe8\x07\xc0\x02')
2024-08-31 16:19:07,794 BTPWorkerThread-174 (_rx_task) root DEBUG btp.py                    814   event_handler             : event_handler Header(svc_id=1, op=137, ctrl_index=0, data_len=8) (b'\x00\xee\xb6,\xe8\x07\xc0\x02',)
2024-08-31 16:19:07,804 BTPWorkerThread-174 (_rx_task) root DEBUG gap.py                    256   gap_sec_level_changed_ev_ : gap_sec_level_changed_ev_
2024-08-31 16:19:07,809 BTPWorkerThread-174 (_rx_task) root DEBUG gap.py                    258   gap_sec_level_changed_ev_ : received b'\x00\xee\xb6,\xe8\x07\xc0\x02'
2024-08-31 16:19:07,820 BTPWorkerThread-174 (_rx_task) root ERROR iutctl_common.py          221   _rx_task                  : KeyError('c007e82cb6ee')
2024-08-31 16:19:07,840 BTPWorkerThread-174 (_rx_task) root DEBUG iutctl_common.py          76    read                      : Read 5 bytes
2024-08-31 16:19:07,851 BTPWorkerThread-174 (_rx_task) root DEBUG iutctl_common.py          83    read                      : Received: hdr: Header(svc_id=1, op=140, ctrl_index=0, data_len=8) bytearray(b'\x01\x8c\x00\x08\x00')
2024-08-31 16:19:07,871 BTPWorkerThread-174 (_rx_task) root DEBUG iutctl_common.py          91    read                      : Read 8 bytes data
2024-08-31 16:19:07,877 BTPWorkerThread-174 (_rx_task) root DEBUG iutctl_common.py          99    read                      : Received data: {'00 ee b6 2c e8 07 c0 04'}, bytearray(b'\x00\xee\xb6,\xe8\x07\xc0\x04')
2024-08-31 16:19:07,887 BTPWorkerThread-174 (_rx_task) root DEBUG btp.py                    814   event_handler             : event_handler Header(svc_id=1, op=140, ctrl_index=0, data_len=8) (b'\x00\xee\xb6,\xe8\x07\xc0\x04',)
2024-08-31 16:19:07,897 BTPWorkerThread-174 (_rx_task) root DEBUG gap.py                    289   gap_pairing_failed_ev_    : gap_pairing_failed_ev_
2024-08-31 16:19:07,907 BTPWorkerThread-174 (_rx_task) root DEBUG gap.py                    291   gap_pairing_failed_ev_    : received b'\x00\xee\xb6,\xe8\x07\xc0\x04'
2024-08-31 16:19:07,918 BTPWorkerThread-174 (_rx_task) root DEBUG gap.py                    300   gap_pairing_failed_ev_    : received (0, 'c007e82cb6ee', 4)
2024-08-31 16:19:08,200 BTPWorkerThread-174 (_rx_task) root DEBUG iutctl_common.py          76    read                      : Read 5 bytes
2024-08-31 16:19:08,211 BTPWorkerThread-174 (_rx_task) root DEBUG iutctl_common.py          83    read                      : Received: hdr: Header(svc_id=1, op=131, ctrl_index=0, data_len=7) bytearray(b'\x01\x83\x00\x07\x00')
2024-08-31 16:19:08,231 BTPWorkerThread-174 (_rx_task) root DEBUG iutctl_common.py          91    read                      : Read 7 bytes data
2024-08-31 16:19:08,242 BTPWorkerThread-174 (_rx_task) root DEBUG iutctl_common.py          99    read                      : Received data: {'00 df 28 1c e8 07 c0'}, bytearray(b'\x00\xdf(\x1c\xe8\x07\xc0')
2024-08-31 16:19:08,247 BTPWorkerThread-174 (_rx_task) root DEBUG btp.py                    814   event_handler             : event_handler Header(svc_id=1, op=131, ctrl_index=0, data_len=7) (b'\x00\xdf(\x1c\xe8\x07\xc0',)
2024-08-31 16:19:08,257 BTPWorkerThread-174 (_rx_task) root DEBUG gap.py                    184   gap_disconnected_ev_      : gap_disconnected_ev_ b'\x00\xdf(\x1c\xe8\x07\xc0'
2024-08-31 16:19:08,267 BTPWorkerThread-174 (_rx_task) root ERROR iutctl_common.py          221   _rx_task                  : KeyError('c007e81c28df')
2024-08-31 16:19:08,288 BTPWorkerThread-174 (_rx_task) root DEBUG iutctl_common.py          76    read                      : Read 5 bytes
2024-08-31 16:19:08,298 BTPWorkerThread-174 (_rx_task) root DEBUG iutctl_common.py          83    read                      : Received: hdr: Header(svc_id=1, op=131, ctrl_index=0, data_len=7) bytearray(b'\x01\x83\x00\x07\x00')
2024-08-31 16:19:08,314 BTPWorkerThread-174 (_rx_task) root DEBUG iutctl_common.py          91    read                      : Read 7 bytes data
2024-08-31 16:19:08,319 BTPWorkerThread-174 (_rx_task) root DEBUG iutctl_common.py          99    read                      : Received data: {'00 ee b6 2c e8 07 c0'}, bytearray(b'\x00\xee\xb6,\xe8\x07\xc0')
2024-08-31 16:19:08,319 BTPWorkerThread-174 (_rx_task) root DEBUG btp.py                    814   event_handler             : event_handler Header(svc_id=1, op=131, ctrl_index=0, data_len=7) (b'\x00\xee\xb6,\xe8\x07\xc0',)
2024-08-31 16:19:08,319 BTPWorkerThread-174 (_rx_task) root DEBUG gap.py                    184   gap_disconnected_ev_      : gap_disconnected_ev_ b'\x00\xee\xb6,\xe8\x07\xc0'
2024-08-31 16:19:08,319 BTPWorkerThread-174 (_rx_task) root ERROR iutctl_common.py          221   _rx_task                  : KeyError('c007e82cb6ee')
2024-08-31 16:19:09,914 BTPWorkerThread-174 (_rx_task) root DEBUG iutctl_common.py          76    read                      : Read 5 bytes
2024-08-31 16:19:09,915 BTPWorkerThread-174 (_rx_task) root DEBUG iutctl_common.py          83    read                      : Received: hdr: Header(svc_id=0, op=128, ctrl_index=255, data_len=0) bytearray(b'\x00\x80\xff\x00\x00')
2024-08-31 16:19:10,343 BTPWorkerThread-174 (_rx_task) root DEBUG iutctl_common.py          99    read                      : Received data: {''}, bytearray(b'')
2024-08-31 16:19:10,343 BTPWorkerThread-174 (_rx_task) root DEBUG btp.py                    814   event_handler             : event_handler Header(svc_id=0, op=128, ctrl_index=255, data_len=0) (b'',)
2024-08-31 16:19:10,343 BTPWorkerThread-174 (_rx_task) root DEBUG core.py                   28    core_iut_ready_ev         : core_iut_ready_ev
2024-08-31 16:19:10,343 LT1-thread root DEBUG iutctl.py                 267   stop                      : IUT ready event received OK
2024-08-31 16:19:10,348 LT1-thread root DEBUG iutctl_common.py          307   close                     : Waiting for _rx_worker to finish ...
2024-08-31 16:19:10,354 LT2-thread root DEBUG client.py                 1059  _run_test_case            : Done TestCase _run_test_case CSIP CSIP/CL/SP/BV-04-C_LT2
2024-08-31 16:19:10,766 LT1-callback ClientCallback.log INFO client.py                 232   log                       : PTS_LOGTYPE_START_TEST Start Test Case 

+13000 ms
 CSIP/CL/SP/BV-04-C CSIP/CL/SP/BV-04-C

2024-08-31 16:19:11,348 BTPWorkerThread-174 (_rx_task) root DEBUG iutctl_common.py          223   _rx_task                  : BTPWorkerThread-174 (_rx_task) finishing...
2024-08-31 16:19:11,359 LT1-thread root DEBUG iutctl_common.py          307   close                     : Waiting for _rx_worker to finish ...
2024-08-31 16:19:11,448 LT1-callback ClientCallback.log INFO client.py                 232   log                       : PTS_LOGTYPE_FINAL_VERDICT Final Verdict 

+62781 ms
 CSIP/CL/SP/BV-04-C INCONC

2024-08-31 16:19:11,489 LT1-callback ClientCallback.log INFO client.py                 232   log                       : PTS_LOGTYPE_FINAL_VERDICT Encrypted Verdict 

+62781 ms
 CSIP/CL/SP/BV-04-C A1#YzFhNzhkMDJhNDRmZWU3MDc3ZmU4NjNkZWViNTMxYWI5NjkyZGExZjUwODcwNjJjMzRhZmU5ZTdiYzA2NDgzOQ==#Z7YZYBhwYMj8yO8RwwHiFogEY4eFhur26E00kaX/FNW9c8HGSBQpl+uT+JwkopYJ

2024-08-31 16:19:11,510 LT1-callback ClientCallback.log INFO client.py                 232   log                       : PTS_LOGTYPE_END_TEST Test Case Ended 

+62781 ms
 CSIP/CL/SP/BV-04-C CSIP/CL/SP/BV-04-C

2024-08-31 16:19:11,644 LT1-callback root DEBUG client.py                 294   set_result                : ClientCallback, set_result, run_test_case, INCONC
2024-08-31 16:19:14,406 LT1-thread root DEBUG testcase.py               781   post_run                  : post_run, cleanup running post test case script
2024-08-31 16:19:14,442 LT1-thread root DEBUG testcase.py               791   post_run                  : post_run, run post test case script
2024-08-31 16:19:14,510 LT1-thread root DEBUG client.py                 1059  _run_test_case            : Done TestCase _run_test_case CSIP CSIP/CL/SP/BV-04-C
2024-08-31 16:19:14,525 MainThread root DEBUG client.py                 1140  run_test_case             : Interrupting CSIP CSIP/CL/SP/BV-04-C_LT3 test case of thread LT3-thread
2024-08-31 16:19:14,536 MainThread root DEBUG client.py                 1152  run_test_case             : Waiting for [<LTThread(LT3-thread, started 139932550018624)>] to finish ...
2024-08-31 16:19:15,547 MainThread root DEBUG client.py                 1152  run_test_case             : Waiting for [<LTThread(LT3-thread, started 139932550018624)>] to finish ...
2024-08-31 16:19:16,563 MainThread root DEBUG client.py                 1152  run_test_case             : Waiting for [<LTThread(LT3-thread, started 139932550018624)>] to finish ...
2024-08-31 16:19:17,579 MainThread root DEBUG client.py                 1152  run_test_case             : Waiting for [<LTThread(LT3-thread, started 139932550018624)>] to finish ...
2024-08-31 16:19:18,595 MainThread root DEBUG client.py                 1152  run_test_case             : Waiting for [<LTThread(LT3-thread, started 139932550018624)>] to finish ...
2024-08-31 16:19:19,612 MainThread root DEBUG client.py                 1152  run_test_case             : Waiting for [<LTThread(LT3-thread, started 139932550018624)>] to finish ...
2024-08-31 16:19:20,628 MainThread root DEBUG client.py                 1152  run_test_case             : Waiting for [<LTThread(LT3-thread, started 139932550018624)>] to finish ...
2024-08-31 16:19:21,646 MainThread root DEBUG client.py                 1152  run_test_case             : Waiting for [<LTThread(LT3-thread, started 139932550018624)>] to finish ...
2024-08-31 16:19:22,663 MainThread root DEBUG client.py                 1152  run_test_case             : Waiting for [<LTThread(LT3-thread, started 139932550018624)>] to finish ...
2024-08-31 16:19:23,679 MainThread root DEBUG client.py                 1152  run_test_case             : Waiting for [<LTThread(LT3-thread, started 139932550018624)>] to finish ...
2024-08-31 16:19:24,695 MainThread root DEBUG client.py                 1152  run_test_case             : Waiting for [<LTThread(LT3-thread, started 139932550018624)>] to finish ...
2024-08-31 16:19:25,711 MainThread root DEBUG client.py                 1152  run_test_case             : Waiting for [<LTThread(LT3-thread, started 139932550018624)>] to finish ...
2024-08-31 16:19:26,727 MainThread root DEBUG client.py                 1152  run_test_case             : Waiting for [<LTThread(LT3-thread, started 139932550018624)>] to finish ...
2024-08-31 16:19:27,743 MainThread root DEBUG client.py                 1152  run_test_case             : Waiting for [<LTThread(LT3-thread, started 139932550018624)>] to finish ...
2024-08-31 16:19:28,759 MainThread root DEBUG client.py                 1152  run_test_case             : Waiting for [<LTThread(LT3-thread, started 139932550018624)>] to finish ...
2024-08-31 16:19:29,775 MainThread root DEBUG client.py                 1152  run_test_case             : Waiting for [<LTThread(LT3-thread, started 139932550018624)>] to finish ...
2024-08-31 16:19:30,791 MainThread root DEBUG client.py                 1152  run_test_case             : Waiting for [<LTThread(LT3-thread, started 139932550018624)>] to finish ...
2024-08-31 16:19:31,808 MainThread root DEBUG client.py                 1152  run_test_case             : Waiting for [<LTThread(LT3-thread, started 139932550018624)>] to finish ...
2024-08-31 16:19:32,825 MainThread root DEBUG client.py                 1152  run_test_case             : Waiting for [<LTThread(LT3-thread, started 139932550018624)>] to finish ...
2024-08-31 16:19:33,841 MainThread root DEBUG client.py                 1152  run_test_case             : Waiting for [<LTThread(LT3-thread, started 139932550018624)>] to finish ...
2024-08-31 16:19:34,858 MainThread root DEBUG client.py                 1152  run_test_case             : Waiting for [<LTThread(LT3-thread, started 139932550018624)>] to finish ...
2024-08-31 16:19:35,874 MainThread root DEBUG client.py                 1152  run_test_case             : Waiting for [<LTThread(LT3-thread, started 139932550018624)>] to finish ...
2024-08-31 16:19:35,977 LT3-thread root DEBUG csip.py                   68    csip_discover             : csip_discover
2024-08-31 16:19:35,977 LT3-thread root ERROR client.py                 1014  _run_test_case            : 'NoneType' object has no attribute 'send'
Traceback (most recent call last):
  File "/home/codecoup/workspace/autopts/auto-pts/autopts/client.py", line 998, in _run_test_case
    response = test_case.run_next_step()
  File "/home/codecoup/workspace/autopts/auto-pts/autopts/ptsprojects/testcase.py", line 664, in run_next_step
    response = step(*args)
  File "/home/codecoup/workspace/autopts/auto-pts/autopts/ptsprojects/testcase.py", line 684, in run_wid
    my_response = self.handle_mmi_generic(wid, description, style,
  File "/home/codecoup/workspace/autopts/auto-pts/autopts/ptsprojects/testcase.py", line 605, in handle_mmi_generic
    response = self.generic_wid_hdl(wid, description, test_case_name)
  File "/home/codecoup/workspace/autopts/auto-pts/autopts/ptsprojects/zephyr/csip_wid.py", line 25, in csip_wid_hdl
    return generic_wid_hdl(wid, description, test_case_name, [__name__, 'autopts.wid.csip'])
  File "/home/codecoup/workspace/autopts/auto-pts/autopts/wid/wid.py", line 26, in generic_wid_hdl
    response = _generic_wid_hdl(wid, description, test_case_name, module_names)
  File "/home/codecoup/workspace/autopts/auto-pts/autopts/wid/wid.py", line 22, in _generic_wid_hdl
    return wid_hdl(WIDParams(wid, description, test_case_name))
  File "/home/codecoup/workspace/autopts/auto-pts/autopts/wid/csip.py", line 187, in hdl_wid_20100
    btp.csip_discover(addr_type, addr)
  File "/home/codecoup/workspace/autopts/auto-pts/autopts/pybtp/btp/csip.py", line 73, in csip_discover
    iutctl.btp_socket.send(*CSIP['discover'], data=data)
AttributeError: 'NoneType' object has no attribute 'send'
2024-08-31 16:19:35,978 LT3-thread root DEBUG client.py                 868   get_error_code            : get_error_code returning error code 'FATAL ERROR' for exception AttributeError("'NoneType' object has no attribute 'send'")
2024-08-31 16:19:35,980 LT3-thread root DEBUG client.py                 1027  _run_test_case            : Test case stopped externally
2024-08-31 16:19:35,980 LT3-thread root DEBUG client.py                 1029  _run_test_case            : After run_test_case error_code='FATAL ERROR' status='RUNNING'
2024-08-31 16:19:35,980 LT3-thread root DEBUG testcase.py               752   post_run                  : post_run CSIP CSIP/CL/SP/BV-04-C_LT3 FATAL ERROR
2024-08-31 16:19:35,991 LT3-callback ClientCallback.log INFO client.py                 232   log                       : PTS_LOGTYPE_START_TEST Start Test Case 

+13047 ms
 CSIP/CL/SP/BV-04-C_LT3 CSIP/CL/SP/BV-04-C_LT3

2024-08-31 16:19:36,521 LT3-callback ClientCallback.log INFO client.py                 232   log                       : PTS_LOGTYPE_FINAL_VERDICT Final Verdict 

+62875 ms
 CSIP/CL/SP/BV-04-C_LT3 FAIL

2024-08-31 16:19:36,524 LT3-callback ClientCallback.log INFO client.py                 232   log                       : PTS_LOGTYPE_FINAL_VERDICT Encrypted Verdict 

+62875 ms
 CSIP/CL/SP/BV-04-C_LT3 A1#YzFhNzhkMDJhNDRmZWU3MDc3ZmU4NjNkZWViNTMxYWI5NjkyZGExZjUwODcwNjJjMzRhZmU5ZTdiYzA2NDgzOQ==#Z7YZYBhwYMj8yO8RwwHiFogEY4eFhur26E00kaX/FNUeZDgrzPw+hsbqVPmWMLu5

2024-08-31 16:19:36,528 LT3-callback ClientCallback.log INFO client.py                 232   log                       : PTS_LOGTYPE_END_TEST Test Case Ended 

+62875 ms
 CSIP/CL/SP/BV-04-C_LT3 CSIP/CL/SP/BV-04-C_LT3

2024-08-31 16:19:36,633 LT3-callback root DEBUG client.py                 294   set_result                : ClientCallback, set_result, run_test_case, FAIL
2024-08-31 16:19:36,887 MainThread root DEBUG client.py                 1152  run_test_case             : Waiting for [<LTThread(LT3-thread, started 139932550018624)>] to finish ...
2024-08-31 16:19:37,888 MainThread root DEBUG client.py                 1152  run_test_case             : Waiting for [<LTThread(LT3-thread, started 139932550018624)>] to finish ...
2024-08-31 16:19:38,889 MainThread root DEBUG client.py                 1152  run_test_case             : Waiting for [<LTThread(LT3-thread, started 139932550018624)>] to finish ...
2024-08-31 16:19:38,981 LT3-thread root DEBUG client.py                 1059  _run_test_case            : Done TestCase _run_test_case CSIP CSIP/CL/SP/BV-04-C_LT3
