Applying system reset.
Run.
< 2021/11/26 20:43:52.767233  length=5 from=0 to=4
 00 80 ff 00 00                                   .....
--
> 2021/11/26 20:43:52.829604  length=6 from=0 to=5
 00 03 ff 01 00 01                                ......
--
< 2021/11/26 20:43:52.845304  length=5 from=5 to=9
 00 03 ff 00 00                                   .....
--
> 2021/11/26 20:43:52.892060  length=5 from=6 to=10
 01 03 00 00 00                                   .....
--
< 2021/11/26 20:43:53.110894  length=141 from=10 to=150
 01 03 00 15 01 36 a7 20 ad 80 fc 13 06 00 00 13  .....6. ........
 82 00 00 00 00 00 62 74 70 5f 74 65 73 74 65 72  ......btp_tester
 00 00 00 00 00 00 00 00 00 00 00 00 00 00 00 00  ................
 00 00 00 00 00 00 00 00 00 00 00 00 00 00 00 00  ................
 00 00 00 00 00 00 00 00 00 00 00 00 00 00 00 00  ................
 00 00 00 00 00 00 00 00 00 00 00 00 00 00 00 00  ................
 00 00 00 00 00 00 00 00 00 00 00 00 00 00 00 00  ................
 00 00 00 00 00 00 00 00 00 00 00 00 00 00 00 00  ................
 00 00 00 00 00 00 00 00 00 00 00 00 00           .............
--
< 2021/11/26 20:43:53.112804  length=23 from=151 to=173
 00 00 00 00 00 00 00 00 00 00 00 00 00 00 00 00  ................
 00 00 00 00 00 00 00                             .......
--
< 2021/11/26 20:43:53.126627  length=118 from=174 to=291
 00 00 00 00 00 00 00 00 00 00 00 00 00 00 00 00  ................
 00 00 00 00 00 00 00 00 00 00 00 00 00 00 00 00  ................
 00 00 00 00 00 00 00 00 00 00 00 00 00 00 00 00  ................
 00 00 00 00 00 00 00 00 00 00 00 00 00 00 00 00  ................
 00 00 00 00 00 00 00 00 00 00 00 00 00 00 00 00  ................
 00 00 00 00 00 00 00 00 00 00 00 00 00 00 00 00  ................
 00 00 00 00 00 00 00 00 00 00 00 00 00 00 00 00  ................
 00 00 00 00 00 00                                ......
--
> 2021/11/26 20:43:59.843554  length=27 from=11 to=37
 01 0a                                            ..
 00 16 00 0f 00 09 0d 54 65 73 74 65 72 5f 35 36  .......Tester_56
 43 39 45 46 ff ff ff ff 00                       C9EF.....
--
< 2021/11/26 20:43:59.859185  length=9 from=292 to=300
 01 0a                                            ..
 00 04 00 13 86 00 00                             .......
--
< 2021/11/26 20:43:59.968759  length=18 from=301 to=318
 01 82 00 0d 00 00 ef c9 56 72 f5 db 38 00 00 00  ........Vr..8...
 d0 07                                            ..
--
< 2021/11/26 20:44:03.425494  length=13 from=319 to=331
 01 89 00 08 00 00 ef c9 56 72 f5 db 02           ........Vr...
--
> 2021/11/26 20:44:03.712932  length=12 from=38 to=49
 01 0f 00 07 00 00 ef c9 56 72 f5 db              ........Vr..
--
< 2021/11/26 20:44:03.728681  length=5 from=332 to=336
 01 0f 00 00 00                                   .....
--
< 2021/11/26 20:44:03.807029  length=12 from=337 to=348
 01 83 00 07 00 00 ef c9 56 72 f5 db              ........Vr..
--
< 2021/11/26 20:44:04.135052  length=18 from=349 to=366
 01 82 00 0d 00 00 ef c9 56 72 f5 db 38 00 00 00  ........Vr..8...
 d0 07                                            ..
--
< 2021/11/26 20:44:06.931430  length=13 from=367 to=379
 01 89 00 08 00 00 ef c9 56 72 f5 db 02           ........Vr...
--
> 2021/11/26 20:44:07.024683  length=12 from=50 to=61
 01 0f 00 07 00 00 ef c9 56 72 f5 db              ........Vr..
--
< 2021/11/26 20:44:07.040385  length=5 from=380 to=384
 01 0f 00 00 00                                   .....
--
< 2021/11/26 20:44:07.150037  length=12 from=385 to=396
 01 83 00 07 00 00 ef c9 56 72 f5 db              ........Vr..
--
< 2021/11/26 20:44:07.259580  length=18 from=397 to=414
 01 82 00 0d 00 00 ef c9 56 72 f5 db 38 00 00 00  ........Vr..8...
 d0 07                                            ..
--
< 2021/11/26 20:44:10.055818  length=13 from=415 to=427
 01 89 00 08 00 00 ef c9 56 72 f5 db 02           ........Vr...
--
> 2021/11/26 20:44:10.164566  length=12 from=62 to=73
 01 0f 00 07 00 00 ef c9 56 72 f5 db              ........Vr..
--
< 2021/11/26 20:44:10.180331  length=5 from=428 to=432
 01 0f 00 00 00                                   .....
--
< 2021/11/26 20:44:10.274319  length=12 from=433 to=444
 01 83 00 07 00 00 ef c9 56 72 f5 db              ........Vr..
--
