2023-03-29 00:28:51,871 root DEBUG client.py                 782   run_test_case_thread_entry : Starting TestCase wrapper GAP GAP/SEC/SEM/BV-58-C
2023-03-29 00:28:51,871 root DEBUG testcase.py               718   pre_run                   : pre_run GAP GAP/SEC/SEM/BV-58-C
2023-03-29 00:28:51,871 root DEBUG testcase.py               720   pre_run                   : About to run test case GAP GAP/SEC/SEM/BV-58-C with commands:
2023-03-29 00:28:51,871 root DEBUG testcase.py               723   pre_run                   : 0) class=<class 'autopts.ptsprojects.testcase.TestFunc'>, func=<bound method ZephyrCtl.start of <autopts.ptsprojects.zephyr.iutctl.ZephyrCtl object at 0x0000019B26AECC40>> start_wid=None stop_wid=None post_wid=None skip_call=None call_count=0 args=(<autopts.ptsprojects.zephyr.ztestcase.ZTestCase object at 0x0000019B26E3FD60>,) kwds={}
2023-03-29 00:28:51,871 root DEBUG testcase.py               723   pre_run                   : 1) class=<class 'autopts.ptsprojects.testcase.TestFunc'>, func=<bound method ZephyrCtl.wait_iut_ready_event of <autopts.ptsprojects.zephyr.iutctl.ZephyrCtl object at 0x0000019B26AECC40>> start_wid=None stop_wid=None post_wid=None skip_call=None call_count=0 args=() kwds={}
2023-03-29 00:28:51,871 root DEBUG testcase.py               723   pre_run                   : 2) class=<class 'autopts.ptsprojects.testcase.TestFunc'>, func=<function core_reg_svc_gap at 0x0000019B25242430> start_wid=None stop_wid=None post_wid=None skip_call=None call_count=148 args=() kwds={}
2023-03-29 00:28:51,871 root DEBUG testcase.py               723   pre_run                   : 3) class=<class 'autopts.ptsprojects.testcase.TestFunc'>, func=<bound method Stack.gap_init of <autopts.ptsprojects.stack.Stack object at 0x0000019B26AEC610>> start_wid=None stop_wid=None post_wid=None skip_call=None call_count=148 args=(b'Tester_56C9EF', 'ABCD', '1111', '1111', '11', '1111', b'\x17github.com/auto-pts') kwds={}
2023-03-29 00:28:51,872 root DEBUG testcase.py               723   pre_run                   : 4) class=<class 'autopts.ptsprojects.testcase.TestFunc'>, func=<function gap_read_ctrl_info at 0x0000019B25255310> start_wid=None stop_wid=None post_wid=None skip_call=None call_count=148 args=() kwds={}
2023-03-29 00:28:51,872 root DEBUG testcase.py               723   pre_run                   : 5) class=<class 'autopts.ptsprojects.testcase.TestFunc'>, func=<function test_cases.<locals>.<lambda> at 0x0000019B26D62AF0> start_wid=None stop_wid=None post_wid=None skip_call=None call_count=148 args=() kwds={}
2023-03-29 00:28:51,872 root DEBUG testcase.py               723   pre_run                   : 6) class=<class 'autopts.ptsprojects.testcase.TestFunc'>, func=<function test_cases.<locals>.<lambda> at 0x0000019B26D62A60> start_wid=None stop_wid=None post_wid=None skip_call=None call_count=148 args=() kwds={}
2023-03-29 00:28:51,872 root DEBUG testcase.py               723   pre_run                   : 7) class=<class 'autopts.ptsprojects.testcase.TestFunc'>, func=<function test_cases.<locals>.<lambda> at 0x0000019B26D62B80> start_wid=None stop_wid=None post_wid=None skip_call=None call_count=148 args=() kwds={}
2023-03-29 00:28:51,872 root DEBUG testcase.py               723   pre_run                   : 8) class=<class 'autopts.ptsprojects.testcase.TestFunc'>, func=<function test_cases.<locals>.<lambda> at 0x0000019B26D62C10> start_wid=None stop_wid=None post_wid=None skip_call=None call_count=148 args=() kwds={}
2023-03-29 00:28:51,872 root DEBUG testcase.py               723   pre_run                   : 9) class=<class 'autopts.ptsprojects.testcase.TestFunc'>, func=<function test_cases.<locals>.<lambda> at 0x0000019B26D62CA0> start_wid=None stop_wid=None post_wid=None skip_call=None call_count=148 args=() kwds={}
2023-03-29 00:28:51,872 root DEBUG testcase.py               723   pre_run                   : 10) class=<class 'autopts.ptsprojects.testcase.TestFunc'>, func=<function test_cases.<locals>.<lambda> at 0x0000019B26D62D30> start_wid=None stop_wid=None post_wid=None skip_call=None call_count=148 args=() kwds={}
2023-03-29 00:28:51,872 root DEBUG testcase.py               723   pre_run                   : 11) class=<class 'autopts.ptsprojects.testcase.TestFunc'>, func=<function test_cases.<locals>.<lambda> at 0x0000019B26D62DC0> start_wid=None stop_wid=None post_wid=None skip_call=None call_count=148 args=() kwds={}
2023-03-29 00:28:51,872 root DEBUG testcase.py               723   pre_run                   : 12) class=<class 'autopts.ptsprojects.testcase.TestFunc'>, func=<function test_cases.<locals>.<lambda> at 0x0000019B26D62E50> start_wid=None stop_wid=None post_wid=None skip_call=None call_count=148 args=() kwds={}
2023-03-29 00:28:51,872 root DEBUG testcase.py               723   pre_run                   : 13) class=<class 'autopts.ptsprojects.testcase.TestFunc'>, func=<function test_cases.<locals>.<lambda> at 0x0000019B26D62EE0> start_wid=None stop_wid=None post_wid=None skip_call=None call_count=148 args=() kwds={}
2023-03-29 00:28:51,872 root DEBUG testcase.py               723   pre_run                   : 14) class=<class 'autopts.ptsprojects.testcase.TestFunc'>, func=<function test_cases.<locals>.<lambda> at 0x0000019B26D62F70> start_wid=None stop_wid=None post_wid=None skip_call=None call_count=148 args=() kwds={}
2023-03-29 00:28:51,872 root DEBUG testcase.py               723   pre_run                   : 15) class=<class 'autopts.ptsprojects.testcase.TestFunc'>, func=<function test_cases.<locals>.<lambda> at 0x0000019B26E03040> start_wid=None stop_wid=None post_wid=None skip_call=None call_count=148 args=() kwds={}
2023-03-29 00:28:51,872 root DEBUG testcase.py               723   pre_run                   : 16) class=<class 'autopts.ptsprojects.testcase.TestFunc'>, func=<function test_cases.<locals>.<lambda> at 0x0000019B26E030D0> start_wid=None stop_wid=None post_wid=None skip_call=None call_count=148 args=() kwds={}
2023-03-29 00:28:51,872 root DEBUG testcase.py               723   pre_run                   : 17) class=<class 'autopts.ptsprojects.testcase.TestFunc'>, func=<function core_reg_svc_gatt at 0x0000019B25242550> start_wid=None stop_wid=None post_wid=None skip_call=None call_count=148 args=() kwds={}
2023-03-29 00:28:51,872 root DEBUG testcase.py               723   pre_run                   : 18) class=<class 'autopts.ptsprojects.testcase.TestFunc'>, func=<bound method Stack.gatt_init of <autopts.ptsprojects.stack.Stack object at 0x0000019B26AEC610>> start_wid=None stop_wid=None post_wid=None skip_call=None call_count=148 args=() kwds={}
2023-03-29 00:28:51,872 root DEBUG testcase.py               723   pre_run                   : 19) class=<class 'autopts.ptsprojects.testcase.TestFunc'>, func=<function gap_set_io_cap at 0x0000019B25254940> start_wid=None stop_wid=None post_wid=None skip_call=None call_count=148 args=(4,) kwds={}
2023-03-29 00:28:51,873 root DEBUG testcase.py               723   pre_run                   : 20) class=<class 'autopts.ptsprojects.testcase.TestFunc'>, func=<function set_pts_addr at 0x0000019B252421F0> start_wid=None stop_wid=None post_wid=None skip_call=None call_count=148 args=('C0:07:E8:56:C9:EF', 0) kwds={}
2023-03-29 00:28:51,873 root DEBUG testcase.py               723   pre_run                   : 21) class=<class 'autopts.ptsprojects.testcase.TestFunc'>, func=<function gatts_add_svc at 0x0000019B2525A820> start_wid=None stop_wid=None post_wid=None skip_call=None call_count=147 args=(0, 'AA50') kwds={}
2023-03-29 00:28:51,873 root DEBUG testcase.py               723   pre_run                   : 22) class=<class 'autopts.ptsprojects.testcase.TestFunc'>, func=<function gatts_add_char at 0x0000019B2525A940> start_wid=None stop_wid=None post_wid=None skip_call=None call_count=147 args=(0, 2, 17, 'AA51') kwds={}
2023-03-29 00:28:51,873 root DEBUG testcase.py               723   pre_run                   : 23) class=<class 'autopts.ptsprojects.testcase.TestFunc'>, func=<function gatts_set_val at 0x0000019B2525A9D0> start_wid=None stop_wid=None post_wid=None skip_call=None call_count=147 args=(0, '01') kwds={}
2023-03-29 00:28:51,873 root DEBUG testcase.py               723   pre_run                   : 24) class=<class 'autopts.ptsprojects.testcase.TestFunc'>, func=<function gatts_add_char at 0x0000019B2525A940> start_wid=None stop_wid=None post_wid=None skip_call=None call_count=147 args=(0, 2, 5, 'AA52') kwds={}
2023-03-29 00:28:51,873 root DEBUG testcase.py               723   pre_run                   : 25) class=<class 'autopts.ptsprojects.testcase.TestFunc'>, func=<function gatts_set_val at 0x0000019B2525A9D0> start_wid=None stop_wid=None post_wid=None skip_call=None call_count=147 args=(0, '02') kwds={}
2023-03-29 00:28:51,873 root DEBUG testcase.py               723   pre_run                   : 26) class=<class 'autopts.ptsprojects.testcase.TestFunc'>, func=<function gatts_add_char at 0x0000019B2525A940> start_wid=None stop_wid=None post_wid=None skip_call=None call_count=147 args=(0, 66, 3, 'AA53') kwds={}
2023-03-29 00:28:51,873 root DEBUG testcase.py               723   pre_run                   : 27) class=<class 'autopts.ptsprojects.testcase.TestFunc'>, func=<function gatts_set_val at 0x0000019B2525A9D0> start_wid=None stop_wid=None post_wid=None skip_call=None call_count=147 args=(0, '03') kwds={}
2023-03-29 00:28:51,873 root DEBUG testcase.py               723   pre_run                   : 28) class=<class 'autopts.ptsprojects.testcase.TestFunc'>, func=<function gatts_add_char at 0x0000019B2525A940> start_wid=None stop_wid=None post_wid=None skip_call=None call_count=147 args=(0, 10, 48, 'AA54') kwds={}
2023-03-29 00:28:51,873 root DEBUG testcase.py               723   pre_run                   : 29) class=<class 'autopts.ptsprojects.testcase.TestFunc'>, func=<function gatts_set_val at 0x0000019B2525A9D0> start_wid=None stop_wid=None post_wid=None skip_call=None call_count=147 args=(0, '04') kwds={}
2023-03-29 00:28:51,873 root DEBUG testcase.py               723   pre_run                   : 30) class=<class 'autopts.ptsprojects.testcase.TestFunc'>, func=<function gatts_start_server at 0x0000019B2525AC10> start_wid=None stop_wid=None post_wid=None skip_call=None call_count=147 args=() kwds={}
2023-03-29 00:28:51,873 root DEBUG testcase.py               723   pre_run                   : 31) class=<class 'autopts.ptsprojects.testcase.TestFuncCleanUp'>, func=<bound method Stack.cleanup of <autopts.ptsprojects.stack.Stack object at 0x0000019B26AEC610>> start_wid=None stop_wid=None post_wid=None skip_call=None call_count=0 args=() kwds={}
2023-03-29 00:28:51,873 root DEBUG testcase.py               723   pre_run                   : 32) class=<class 'autopts.ptsprojects.testcase.TestFuncCleanUp'>, func=<bound method ZephyrCtl.stop of <autopts.ptsprojects.zephyr.iutctl.ZephyrCtl object at 0x0000019B26AECC40>> start_wid=None stop_wid=None post_wid=None skip_call=None call_count=0 args=() kwds={}
2023-03-29 00:28:51,874 root DEBUG testcase.py               730   pre_run                   : post_run, run pre test case script
2023-03-29 00:28:51,877 root DEBUG testcase.py               246   start                     : Starting test function: class=<class 'autopts.ptsprojects.testcase.TestFunc'>, func=<bound method ZephyrCtl.start of <autopts.ptsprojects.zephyr.iutctl.ZephyrCtl object at 0x0000019B26AECC40>> start_wid=None stop_wid=None post_wid=None skip_call=None call_count=1 args=(<autopts.ptsprojects.zephyr.ztestcase.ZTestCase object at 0x0000019B26E3FD60>,) kwds={}
2023-03-29 00:28:51,877 root DEBUG testcase.py               258   start                     : Test function parameters: args=(<autopts.ptsprojects.zephyr.ztestcase.ZTestCase object at 0x0000019B26E3FD60>,), kwds={}
2023-03-29 00:28:51,877 root DEBUG iutctl.py                 100   start                     : <class 'autopts.ptsprojects.zephyr.iutctl.ZephyrCtl'>.start
2023-03-29 00:28:51,878 root DEBUG iutctl.py                 161   flush_serial              : <class 'autopts.ptsprojects.zephyr.iutctl.ZephyrCtl'>.flush_serial
2023-03-29 00:28:52,941 root DEBUG iutctl.py                 126   start                     : Starting socat process: socat.exe -x -v tcp:192.168.9.43:61637,retry=100,interval=1 /dev/ttyS4,raw,b115200
2023-03-29 00:28:52,945 root DEBUG iutctl_common.py          272   accept                    : accept
2023-03-29 00:28:52,966 root DEBUG testcase.py               246   start                     : Starting test function: class=<class 'autopts.ptsprojects.testcase.TestFunc'>, func=<bound method ZephyrCtl.wait_iut_ready_event of <autopts.ptsprojects.zephyr.iutctl.ZephyrCtl object at 0x0000019B26AECC40>> start_wid=None stop_wid=None post_wid=None skip_call=None call_count=1 args=() kwds={}
2023-03-29 00:28:52,966 root DEBUG testcase.py               258   start                     : Test function parameters: args=(), kwds={}
2023-03-29 00:28:52,966 root DEBUG iutctl.py                 200   reset                     : <class 'autopts.ptsprojects.zephyr.iutctl.ZephyrCtl'>.reset
2023-03-29 00:28:52,966 root DEBUG iutctl.py                 237   stop                      : <class 'autopts.ptsprojects.zephyr.iutctl.ZephyrCtl'>.stop
2023-03-29 00:28:53,975 root DEBUG __init__.py               48    reset                     : About to reset DUT: 'nrfjprog -r -s 683989059'
2023-03-29 00:28:54,531 root DEBUG iutctl.py                 100   start                     : <class 'autopts.ptsprojects.zephyr.iutctl.ZephyrCtl'>.start
2023-03-29 00:28:54,532 root DEBUG iutctl.py                 161   flush_serial              : <class 'autopts.ptsprojects.zephyr.iutctl.ZephyrCtl'>.flush_serial
2023-03-29 00:28:55,608 root DEBUG iutctl.py                 126   start                     : Starting socat process: socat.exe -x -v tcp:192.168.9.43:61639,retry=100,interval=1 /dev/ttyS4,raw,b115200
2023-03-29 00:28:55,612 root DEBUG iutctl_common.py          272   accept                    : accept
2023-03-29 00:28:55,632 root DEBUG iutctl.py                 161   flush_serial              : <class 'autopts.ptsprojects.zephyr.iutctl.ZephyrCtl'>.flush_serial
2023-03-29 00:28:55,632 root DEBUG __init__.py               48    reset                     : About to reset DUT: 'nrfjprog -r -s 683989059'
2023-03-29 00:28:56,198 root DEBUG iutctl_common.py          211   read                      : read
2023-03-29 00:28:56,466 root DEBUG iutctl_common.py          70    read                      : Read 5 bytes
2023-03-29 00:28:56,498 root DEBUG iutctl_common.py          79    read                      : Received: hdr: Header(svc_id=0, op=128, ctrl_index=255, data_len=0) bytearray(b'\x00\x80\xff\x00\x00')
2023-03-29 00:28:56,514 root DEBUG iutctl_common.py          92    read                      : Received data: "('',)", bytearray(b'')
2023-03-29 00:28:56,530 root DEBUG btp.py                    597   event_handler             : event_handler Header(svc_id=0, op=128, ctrl_index=255, data_len=0) (b'',)
2023-03-29 00:28:56,530 root ERROR btp.py                    659   event_handler             : Unhandled event! svc_id 0 op 128
2023-03-29 00:28:56,530 root DEBUG iutctl.py                 230   wait_iut_ready_event      : IUT ready event received OK
2023-03-29 00:28:56,530 root DEBUG testcase.py               246   start                     : Starting test function: class=<class 'autopts.ptsprojects.testcase.TestFunc'>, func=<function core_reg_svc_gap at 0x0000019B25242430> start_wid=None stop_wid=None post_wid=None skip_call=None call_count=149 args=() kwds={}
2023-03-29 00:28:56,530 root DEBUG testcase.py               258   start                     : Test function parameters: args=(), kwds={}
2023-03-29 00:28:56,530 root DEBUG btp.py                    398   core_reg_svc_gap          : core_reg_svc_gap
2023-03-29 00:28:56,530 root DEBUG iutctl_common.py          98    send                      : send, 0 3 255 '1'
2023-03-29 00:28:56,530 root DEBUG iutctl_common.py          103   send                      : sending frame '0003ff010001'
2023-03-29 00:28:56,530 root DEBUG btp.py                    511   core_reg_svc_rsp_succ     : core_reg_svc_rsp_succ
2023-03-29 00:28:56,530 root DEBUG iutctl_common.py          211   read                      : read
2023-03-29 00:28:56,594 root DEBUG iutctl_common.py          70    read                      : Read 5 bytes
2023-03-29 00:28:56,610 root DEBUG iutctl_common.py          79    read                      : Received: hdr: Header(svc_id=0, op=3, ctrl_index=255, data_len=0) bytearray(b'\x00\x03\xff\x00\x00')
2023-03-29 00:28:56,626 root DEBUG iutctl_common.py          92    read                      : Received data: "('',)", bytearray(b'')
2023-03-29 00:28:56,674 root DEBUG btp.py                    522   core_reg_svc_rsp_succ     : received Header(svc_id=0, op=3, ctrl_index=255, data_len=0) (b'',)
2023-03-29 00:28:56,674 root DEBUG btp.py                    523   core_reg_svc_rsp_succ     : expected ((0, 3, 255, 0), (b'',))
2023-03-29 00:28:56,674 root DEBUG btp.py                    528   core_reg_svc_rsp_succ     : response is valid
2023-03-29 00:28:56,674 root DEBUG testcase.py               246   start                     : Starting test function: class=<class 'autopts.ptsprojects.testcase.TestFunc'>, func=<bound method Stack.gap_init of <autopts.ptsprojects.stack.Stack object at 0x0000019B26AEC610>> start_wid=None stop_wid=None post_wid=None skip_call=None call_count=149 args=(b'Tester_56C9EF', 'ABCD', '1111', '1111', '11', '1111', b'\x17github.com/auto-pts') kwds={}
2023-03-29 00:28:56,674 root DEBUG testcase.py               258   start                     : Test function parameters: args=(b'Tester_56C9EF', 'ABCD', '1111', '1111', '11', '1111', b'\x17github.com/auto-pts'), kwds={}
2023-03-29 00:28:56,674 root DEBUG testcase.py               246   start                     : Starting test function: class=<class 'autopts.ptsprojects.testcase.TestFunc'>, func=<function gap_read_ctrl_info at 0x0000019B25255310> start_wid=None stop_wid=None post_wid=None skip_call=None call_count=149 args=() kwds={}
2023-03-29 00:28:56,674 root DEBUG testcase.py               258   start                     : Test function parameters: args=(), kwds={}
2023-03-29 00:28:56,674 root DEBUG gap.py                    875   gap_read_ctrl_info        : gap_read_ctrl_info
2023-03-29 00:28:56,674 root DEBUG iutctl_common.py          98    send                      : send, 1 3 0 ''
2023-03-29 00:28:56,675 root DEBUG iutctl_common.py          103   send                      : sending frame '0103000000'
2023-03-29 00:28:56,675 root DEBUG iutctl_common.py          211   read                      : read
2023-03-29 00:28:56,866 root DEBUG iutctl_common.py          70    read                      : Read 5 bytes
2023-03-29 00:28:56,882 root DEBUG iutctl_common.py          79    read                      : Received: hdr: Header(svc_id=1, op=3, ctrl_index=0, data_len=277) bytearray(b'\x01\x03\x00\x15\x01')
2023-03-29 00:28:56,914 root DEBUG iutctl_common.py          92    read                      : Received data: '(\'\x14\r\x81¾£g\x13\x06\x00\x00\x13"\x00\x00\x00\x00\x00btp_tester\x00\x00\x00\x00\x00\x00\x00\x00\x00\x00\x00\x00\x00\x00\x00\x00\x00\x00\x00\x00\x00\x00\x00\x00\x00\x00\x00\x00\x00\x00\x00\x00\x00\x00\x00\x00\x00\x00\x00\x00\x00\x00\x00\x00\x00\x00\x00\x00\x00\x00\x00\x00\x00\x00\x00\x00\x00\x00\x00\x00\x00\x00\x00\x00\x00\x00\x00\x00\x00\x00\x00\x00\x00\x00\x00\x00\x00\x00\x00\x00\x00\x00\x00\x00\x00\x00\x00\x00\x00\x00\x00\x00\x00\x00\x00\x00\x00\x00\x00\x00\x00\x00\x00\x00\x00\x00\x00\x00\x00\x00\x00\x00\x00\x00\x00\x00\x00\x00\x00\x00\x00\x00\x00\x00\x00\x00\x00\x00\x00\x00\x00\x00\x00\x00\x00\x00\x00\x00\x00\x00\x00\x00\x00\x00\x00\x00\x00\x00\x00\x00\x00\x00\x00\x00\x00\x00\x00\x00\x00\x00\x00\x00\x00\x00\x00\x00\x00\x00\x00\x00\x00\x00\x00\x00\x00\x00\x00\x00\x00\x00\x00\x00\x00\x00\x00\x00\x00\x00\x00\x00\x00\x00\x00\x00\x00\x00\x00\x00\x00\x00\x00\x00\x00\x00\x00\x00\x00\x00\x00\x00\x00\x00\x00\x00\x00\x00\x00\x00\x00\x00\x00\x00\x00\x00\x00\x00\x00\x00\x00\x00\x00\x00\x00\x00\x00\x00\x00\x00\x00\x00\x00\x00\x00\x00\x00\x00\x00\x00\x00\x00\',)', bytearray(b'\x14\r\x81\xbe\xa3g\x13\x06\x00\x00\x13"\x00\x00\x00\x00\x00btp_tester\x00\x00\x00\x00\x00\x00\x00\x00\x00\x00\x00\x00\x00\x00\x00\x00\x00\x00\x00\x00\x00\x00\x00\x00\x00\x00\x00\x00\x00\x00\x00\x00\x00\x00\x00\x00\x00\x00\x00\x00\x00\x00\x00\x00\x00\x00\x00\x00\x00\x00\x00\x00\x00\x00\x00\x00\x00\x00\x00\x00\x00\x00\x00\x00\x00\x00\x00\x00\x00\x00\x00\x00\x00\x00\x00\x00\x00\x00\x00\x00\x00\x00\x00\x00\x00\x00\x00\x00\x00\x00\x00\x00\x00\x00\x00\x00\x00\x00\x00\x00\x00\x00\x00\x00\x00\x00\x00\x00\x00\x00\x00\x00\x00\x00\x00\x00\x00\x00\x00\x00\x00\x00\x00\x00\x00\x00\x00\x00\x00\x00\x00\x00\x00\x00\x00\x00\x00\x00\x00\x00\x00\x00\x00\x00\x00\x00\x00\x00\x00\x00\x00\x00\x00\x00\x00\x00\x00\x00\x00\x00\x00\x00\x00\x00\x00\x00\x00\x00\x00\x00\x00\x00\x00\x00\x00\x00\x00\x00\x00\x00\x00\x00\x00\x00\x00\x00\x00\x00\x00\x00\x00\x00\x00\x00\x00\x00\x00\x00\x00\x00\x00\x00\x00\x00\x00\x00\x00\x00\x00\x00\x00\x00\x00\x00\x00\x00\x00\x00\x00\x00\x00\x00\x00\x00\x00\x00\x00\x00\x00\x00\x00\x00\x00\x00\x00\x00\x00\x00\x00\x00\x00\x00\x00\x00\x00\x00\x00\x00\x00\x00')
2023-03-29 00:28:56,914 root DEBUG gap.py                    882   gap_read_ctrl_info        : received Header(svc_id=1, op=3, ctrl_index=0, data_len=277) (b'\x14\r\x81\xbe\xa3g\x13\x06\x00\x00\x13"\x00\x00\x00\x00\x00btp_tester\x00\x00\x00\x00\x00\x00\x00\x00\x00\x00\x00\x00\x00\x00\x00\x00\x00\x00\x00\x00\x00\x00\x00\x00\x00\x00\x00\x00\x00\x00\x00\x00\x00\x00\x00\x00\x00\x00\x00\x00\x00\x00\x00\x00\x00\x00\x00\x00\x00\x00\x00\x00\x00\x00\x00\x00\x00\x00\x00\x00\x00\x00\x00\x00\x00\x00\x00\x00\x00\x00\x00\x00\x00\x00\x00\x00\x00\x00\x00\x00\x00\x00\x00\x00\x00\x00\x00\x00\x00\x00\x00\x00\x00\x00\x00\x00\x00\x00\x00\x00\x00\x00\x00\x00\x00\x00\x00\x00\x00\x00\x00\x00\x00\x00\x00\x00\x00\x00\x00\x00\x00\x00\x00\x00\x00\x00\x00\x00\x00\x00\x00\x00\x00\x00\x00\x00\x00\x00\x00\x00\x00\x00\x00\x00\x00\x00\x00\x00\x00\x00\x00\x00\x00\x00\x00\x00\x00\x00\x00\x00\x00\x00\x00\x00\x00\x00\x00\x00\x00\x00\x00\x00\x00\x00\x00\x00\x00\x00\x00\x00\x00\x00\x00\x00\x00\x00\x00\x00\x00\x00\x00\x00\x00\x00\x00\x00\x00\x00\x00\x00\x00\x00\x00\x00\x00\x00\x00\x00\x00\x00\x00\x00\x00\x00\x00\x00\x00\x00\x00\x00\x00\x00\x00\x00\x00\x00\x00\x00\x00\x00\x00\x00\x00\x00\x00\x00\x00\x00\x00\x00\x00\x00\x00\x00\x00\x00\x00\x00\x00\x00',)
2023-03-29 00:28:56,914 root DEBUG gap.py                    903   gap_read_ctrl_info        : IUT address '67a3be810d14' 'random'
2023-03-29 00:28:56,914 root DEBUG gap.py                    346   __gap_current_settings_update : __gap_current_settings_update 8723
2023-03-29 00:28:56,914 root ERROR stack.py                  220   current_settings_clear    : current_settings_clear SC Only not in current_settings
2023-03-29 00:28:56,914 root DEBUG testcase.py               246   start                     : Starting test function: class=<class 'autopts.ptsprojects.testcase.TestFunc'>, func=<function test_cases.<locals>.<lambda> at 0x0000019B26D62AF0> start_wid=None stop_wid=None post_wid=None skip_call=None call_count=149 args=() kwds={}
2023-03-29 00:28:56,914 root DEBUG testcase.py               258   start                     : Test function parameters: args=(), kwds={}
2023-03-29 00:28:56,923 root DEBUG testcase.py               246   start                     : Starting test function: class=<class 'autopts.ptsprojects.testcase.TestFunc'>, func=<function test_cases.<locals>.<lambda> at 0x0000019B26D62A60> start_wid=None stop_wid=None post_wid=None skip_call=None call_count=149 args=() kwds={}
2023-03-29 00:28:56,923 root DEBUG testcase.py               258   start                     : Test function parameters: args=(), kwds={}
2023-03-29 00:28:56,932 root DEBUG testcase.py               246   start                     : Starting test function: class=<class 'autopts.ptsprojects.testcase.TestFunc'>, func=<function test_cases.<locals>.<lambda> at 0x0000019B26D62B80> start_wid=None stop_wid=None post_wid=None skip_call=None call_count=149 args=() kwds={}
2023-03-29 00:28:56,932 root DEBUG testcase.py               258   start                     : Test function parameters: args=(), kwds={}
2023-03-29 00:28:56,940 root DEBUG testcase.py               246   start                     : Starting test function: class=<class 'autopts.ptsprojects.testcase.TestFunc'>, func=<function test_cases.<locals>.<lambda> at 0x0000019B26D62C10> start_wid=None stop_wid=None post_wid=None skip_call=None call_count=149 args=() kwds={}
2023-03-29 00:28:56,940 root DEBUG testcase.py               258   start                     : Test function parameters: args=(), kwds={}
2023-03-29 00:28:56,948 root DEBUG testcase.py               246   start                     : Starting test function: class=<class 'autopts.ptsprojects.testcase.TestFunc'>, func=<function test_cases.<locals>.<lambda> at 0x0000019B26D62CA0> start_wid=None stop_wid=None post_wid=None skip_call=None call_count=149 args=() kwds={}
2023-03-29 00:28:56,948 root DEBUG testcase.py               258   start                     : Test function parameters: args=(), kwds={}
2023-03-29 00:28:56,956 root DEBUG testcase.py               246   start                     : Starting test function: class=<class 'autopts.ptsprojects.testcase.TestFunc'>, func=<function test_cases.<locals>.<lambda> at 0x0000019B26D62D30> start_wid=None stop_wid=None post_wid=None skip_call=None call_count=149 args=() kwds={}
2023-03-29 00:28:56,956 root DEBUG testcase.py               258   start                     : Test function parameters: args=(), kwds={}
2023-03-29 00:28:56,965 root DEBUG testcase.py               246   start                     : Starting test function: class=<class 'autopts.ptsprojects.testcase.TestFunc'>, func=<function test_cases.<locals>.<lambda> at 0x0000019B26D62DC0> start_wid=None stop_wid=None post_wid=None skip_call=None call_count=149 args=() kwds={}
2023-03-29 00:28:56,965 root DEBUG testcase.py               258   start                     : Test function parameters: args=(), kwds={}
2023-03-29 00:28:56,973 root DEBUG testcase.py               246   start                     : Starting test function: class=<class 'autopts.ptsprojects.testcase.TestFunc'>, func=<function test_cases.<locals>.<lambda> at 0x0000019B26D62E50> start_wid=None stop_wid=None post_wid=None skip_call=None call_count=149 args=() kwds={}
2023-03-29 00:28:56,973 root DEBUG testcase.py               258   start                     : Test function parameters: args=(), kwds={}
2023-03-29 00:28:56,981 root DEBUG testcase.py               246   start                     : Starting test function: class=<class 'autopts.ptsprojects.testcase.TestFunc'>, func=<function test_cases.<locals>.<lambda> at 0x0000019B26D62EE0> start_wid=None stop_wid=None post_wid=None skip_call=None call_count=149 args=() kwds={}
2023-03-29 00:28:56,981 root DEBUG testcase.py               258   start                     : Test function parameters: args=(), kwds={}
2023-03-29 00:28:56,989 root DEBUG testcase.py               246   start                     : Starting test function: class=<class 'autopts.ptsprojects.testcase.TestFunc'>, func=<function test_cases.<locals>.<lambda> at 0x0000019B26D62F70> start_wid=None stop_wid=None post_wid=None skip_call=None call_count=149 args=() kwds={}
2023-03-29 00:28:56,989 root DEBUG testcase.py               258   start                     : Test function parameters: args=(), kwds={}
2023-03-29 00:28:56,998 root DEBUG testcase.py               246   start                     : Starting test function: class=<class 'autopts.ptsprojects.testcase.TestFunc'>, func=<function test_cases.<locals>.<lambda> at 0x0000019B26E03040> start_wid=None stop_wid=None post_wid=None skip_call=None call_count=149 args=() kwds={}
2023-03-29 00:28:56,998 root DEBUG testcase.py               258   start                     : Test function parameters: args=(), kwds={}
2023-03-29 00:28:57,006 root DEBUG testcase.py               246   start                     : Starting test function: class=<class 'autopts.ptsprojects.testcase.TestFunc'>, func=<function test_cases.<locals>.<lambda> at 0x0000019B26E030D0> start_wid=None stop_wid=None post_wid=None skip_call=None call_count=149 args=() kwds={}
2023-03-29 00:28:57,006 root DEBUG testcase.py               258   start                     : Test function parameters: args=(), kwds={}
2023-03-29 00:28:57,014 root DEBUG testcase.py               246   start                     : Starting test function: class=<class 'autopts.ptsprojects.testcase.TestFunc'>, func=<function core_reg_svc_gatt at 0x0000019B25242550> start_wid=None stop_wid=None post_wid=None skip_call=None call_count=149 args=() kwds={}
2023-03-29 00:28:57,014 root DEBUG testcase.py               258   start                     : Test function parameters: args=(), kwds={}
2023-03-29 00:28:57,014 root DEBUG btp.py                    416   core_reg_svc_gatt         : core_reg_svc_gatt
2023-03-29 00:28:57,014 root DEBUG iutctl_common.py          98    send                      : send, 0 3 255 '2'
2023-03-29 00:28:57,014 root DEBUG iutctl_common.py          103   send                      : sending frame '0003ff010002'
2023-03-29 00:28:57,015 root DEBUG btp.py                    511   core_reg_svc_rsp_succ     : core_reg_svc_rsp_succ
2023-03-29 00:28:57,015 root DEBUG iutctl_common.py          211   read                      : read
2023-03-29 00:28:57,088 root DEBUG iutctl_common.py          70    read                      : Read 5 bytes
2023-03-29 00:28:57,104 root DEBUG iutctl_common.py          79    read                      : Received: hdr: Header(svc_id=0, op=3, ctrl_index=255, data_len=0) bytearray(b'\x00\x03\xff\x00\x00')
2023-03-29 00:28:57,120 root DEBUG iutctl_common.py          92    read                      : Received data: "('',)", bytearray(b'')
2023-03-29 00:28:57,152 root DEBUG btp.py                    522   core_reg_svc_rsp_succ     : received Header(svc_id=0, op=3, ctrl_index=255, data_len=0) (b'',)
2023-03-29 00:28:57,152 root DEBUG btp.py                    523   core_reg_svc_rsp_succ     : expected ((0, 3, 255, 0), (b'',))
2023-03-29 00:28:57,152 root DEBUG btp.py                    528   core_reg_svc_rsp_succ     : response is valid
2023-03-29 00:28:57,152 root DEBUG testcase.py               246   start                     : Starting test function: class=<class 'autopts.ptsprojects.testcase.TestFunc'>, func=<bound method Stack.gatt_init of <autopts.ptsprojects.stack.Stack object at 0x0000019B26AEC610>> start_wid=None stop_wid=None post_wid=None skip_call=None call_count=149 args=() kwds={}
2023-03-29 00:28:57,152 root DEBUG testcase.py               258   start                     : Test function parameters: args=(), kwds={}
2023-03-29 00:28:57,152 root DEBUG testcase.py               246   start                     : Starting test function: class=<class 'autopts.ptsprojects.testcase.TestFunc'>, func=<function gap_set_io_cap at 0x0000019B25254940> start_wid=None stop_wid=None post_wid=None skip_call=None call_count=149 args=(4,) kwds={}
2023-03-29 00:28:57,152 root DEBUG testcase.py               258   start                     : Test function parameters: args=(4,), kwds={}
2023-03-29 00:28:57,152 root DEBUG gap.py                    597   gap_set_io_cap            : gap_set_io_cap 4
2023-03-29 00:28:57,152 root DEBUG iutctl_common.py          98    send                      : send, 1 16 0 '\x04'
2023-03-29 00:28:57,152 root DEBUG iutctl_common.py          103   send                      : sending frame '011000010004'
2023-03-29 00:28:57,153 root DEBUG gap.py                    910   gap_command_rsp_succ      : gap_command_rsp_succ
2023-03-29 00:28:57,153 root DEBUG iutctl_common.py          211   read                      : read
2023-03-29 00:28:57,215 root DEBUG iutctl_common.py          70    read                      : Read 5 bytes
2023-03-29 00:28:57,231 root DEBUG iutctl_common.py          79    read                      : Received: hdr: Header(svc_id=1, op=16, ctrl_index=0, data_len=0) bytearray(b'\x01\x10\x00\x00\x00')
2023-03-29 00:28:57,263 root DEBUG iutctl_common.py          92    read                      : Received data: "('',)", bytearray(b'')
2023-03-29 00:28:57,295 root DEBUG gap.py                    915   gap_command_rsp_succ      : received Header(svc_id=1, op=16, ctrl_index=0, data_len=0) (b'',)
2023-03-29 00:28:57,295 root DEBUG testcase.py               246   start                     : Starting test function: class=<class 'autopts.ptsprojects.testcase.TestFunc'>, func=<function set_pts_addr at 0x0000019B252421F0> start_wid=None stop_wid=None post_wid=None skip_call=None call_count=149 args=('C0:07:E8:56:C9:EF', 0) kwds={}
2023-03-29 00:28:57,295 root DEBUG testcase.py               258   start                     : Test function parameters: args=('C0:07:E8:56:C9:EF', 0), kwds={}
2023-03-29 00:28:57,295 root DEBUG testcase.py               246   start                     : Starting test function: class=<class 'autopts.ptsprojects.testcase.TestFunc'>, func=<function gatts_add_svc at 0x0000019B2525A820> start_wid=None stop_wid=None post_wid=None skip_call=None call_count=148 args=(0, 'AA50') kwds={}
2023-03-29 00:28:57,295 root DEBUG testcase.py               258   start                     : Test function parameters: args=(0, 'AA50'), kwds={}
2023-03-29 00:28:57,295 root DEBUG gatt.py                   124   gatts_add_svc             : gatts_add_svc 0 'AA50'
2023-03-29 00:28:57,295 root DEBUG iutctl_common.py          98    send                      : send, 2 2 0 "bytearray(b'\\x00\\x02\\xaaP')"
2023-03-29 00:28:57,295 root DEBUG iutctl_common.py          103   send                      : sending frame '02020004000002aa50'
2023-03-29 00:28:57,295 root DEBUG gatt.py                   1137  gatt_command_rsp_succ     : gatt_command_rsp_succ
2023-03-29 00:28:57,296 root DEBUG iutctl_common.py          211   read                      : read
2023-03-29 00:28:57,359 root DEBUG iutctl_common.py          70    read                      : Read 5 bytes
2023-03-29 00:28:57,375 root DEBUG iutctl_common.py          79    read                      : Received: hdr: Header(svc_id=2, op=2, ctrl_index=0, data_len=2) bytearray(b'\x02\x02\x00\x02\x00')
2023-03-29 00:28:57,439 root DEBUG iutctl_common.py          92    read                      : Received data: "('\x00\x00',)", bytearray(b'\x00\x00')
2023-03-29 00:28:57,455 root DEBUG gatt.py                   1142  gatt_command_rsp_succ     : received Header(svc_id=2, op=2, ctrl_index=0, data_len=2) (b'\x00\x00',)
2023-03-29 00:28:57,455 root DEBUG testcase.py               246   start                     : Starting test function: class=<class 'autopts.ptsprojects.testcase.TestFunc'>, func=<function gatts_add_char at 0x0000019B2525A940> start_wid=None stop_wid=None post_wid=None skip_call=None call_count=148 args=(0, 2, 17, 'AA51') kwds={}
2023-03-29 00:28:57,455 root DEBUG testcase.py               258   start                     : Test function parameters: args=(0, 2, 17, 'AA51'), kwds={}
2023-03-29 00:28:57,455 root DEBUG gatt.py                   158   gatts_add_char            : gatts_add_char 0 2 17 'AA51'
2023-03-29 00:28:57,455 root DEBUG iutctl_common.py          98    send                      : send, 2 3 0 "bytearray(b'\\x00\\x00\\x02\\x11\\x02\\xaaQ')"
2023-03-29 00:28:57,455 root DEBUG iutctl_common.py          103   send                      : sending frame '02030007000000021102aa51'
2023-03-29 00:28:57,455 root DEBUG gatt.py                   1137  gatt_command_rsp_succ     : gatt_command_rsp_succ
2023-03-29 00:28:57,455 root DEBUG iutctl_common.py          211   read                      : read
2023-03-29 00:28:57,519 root DEBUG iutctl_common.py          70    read                      : Read 5 bytes
2023-03-29 00:28:57,551 root DEBUG iutctl_common.py          79    read                      : Received: hdr: Header(svc_id=2, op=3, ctrl_index=0, data_len=2) bytearray(b'\x02\x03\x00\x02\x00')
2023-03-29 00:28:57,615 root DEBUG iutctl_common.py          92    read                      : Received data: "('\x00\x00',)", bytearray(b'\x00\x00')
2023-03-29 00:28:57,647 root DEBUG gatt.py                   1142  gatt_command_rsp_succ     : received Header(svc_id=2, op=3, ctrl_index=0, data_len=2) (b'\x00\x00',)
2023-03-29 00:28:57,647 root DEBUG testcase.py               246   start                     : Starting test function: class=<class 'autopts.ptsprojects.testcase.TestFunc'>, func=<function gatts_set_val at 0x0000019B2525A9D0> start_wid=None stop_wid=None post_wid=None skip_call=None call_count=148 args=(0, '01') kwds={}
2023-03-29 00:28:57,647 root DEBUG testcase.py               258   start                     : Test function parameters: args=(0, '01'), kwds={}
2023-03-29 00:28:57,647 root DEBUG gatt.py                   190   gatts_set_val             : gatts_set_val 0 '01' 
2023-03-29 00:28:57,647 root DEBUG iutctl_common.py          98    send                      : send, 2 6 0 "bytearray(b'\\x00\\x00\\x01\\x00\\x01')"
2023-03-29 00:28:57,647 root DEBUG iutctl_common.py          103   send                      : sending frame '02060005000000010001'
2023-03-29 00:28:57,647 root DEBUG gatt.py                   1137  gatt_command_rsp_succ     : gatt_command_rsp_succ
2023-03-29 00:28:57,647 root DEBUG iutctl_common.py          211   read                      : read
2023-03-29 00:28:57,727 root DEBUG iutctl_common.py          70    read                      : Read 5 bytes
2023-03-29 00:28:57,759 root DEBUG iutctl_common.py          79    read                      : Received: hdr: Header(svc_id=2, op=6, ctrl_index=0, data_len=0) bytearray(b'\x02\x06\x00\x00\x00')
2023-03-29 00:28:57,775 root DEBUG iutctl_common.py          92    read                      : Received data: "('',)", bytearray(b'')
2023-03-29 00:28:57,807 root DEBUG gatt.py                   1142  gatt_command_rsp_succ     : received Header(svc_id=2, op=6, ctrl_index=0, data_len=0) (b'',)
2023-03-29 00:28:57,807 root DEBUG testcase.py               246   start                     : Starting test function: class=<class 'autopts.ptsprojects.testcase.TestFunc'>, func=<function gatts_add_char at 0x0000019B2525A940> start_wid=None stop_wid=None post_wid=None skip_call=None call_count=148 args=(0, 2, 5, 'AA52') kwds={}
2023-03-29 00:28:57,807 root DEBUG testcase.py               258   start                     : Test function parameters: args=(0, 2, 5, 'AA52'), kwds={}
2023-03-29 00:28:57,807 root DEBUG gatt.py                   158   gatts_add_char            : gatts_add_char 0 2 5 'AA52'
2023-03-29 00:28:57,807 root DEBUG iutctl_common.py          98    send                      : send, 2 3 0 "bytearray(b'\\x00\\x00\\x02\\x05\\x02\\xaaR')"
2023-03-29 00:28:57,807 root DEBUG iutctl_common.py          103   send                      : sending frame '02030007000000020502aa52'
2023-03-29 00:28:57,807 root DEBUG gatt.py                   1137  gatt_command_rsp_succ     : gatt_command_rsp_succ
2023-03-29 00:28:57,807 root DEBUG iutctl_common.py          211   read                      : read
2023-03-29 00:28:57,871 root DEBUG iutctl_common.py          70    read                      : Read 5 bytes
2023-03-29 00:28:57,887 root DEBUG iutctl_common.py          79    read                      : Received: hdr: Header(svc_id=2, op=3, ctrl_index=0, data_len=2) bytearray(b'\x02\x03\x00\x02\x00')
2023-03-29 00:28:57,951 root DEBUG iutctl_common.py          92    read                      : Received data: "('\x00\x00',)", bytearray(b'\x00\x00')
2023-03-29 00:28:57,983 root DEBUG gatt.py                   1142  gatt_command_rsp_succ     : received Header(svc_id=2, op=3, ctrl_index=0, data_len=2) (b'\x00\x00',)
2023-03-29 00:28:57,983 root DEBUG testcase.py               246   start                     : Starting test function: class=<class 'autopts.ptsprojects.testcase.TestFunc'>, func=<function gatts_set_val at 0x0000019B2525A9D0> start_wid=None stop_wid=None post_wid=None skip_call=None call_count=148 args=(0, '02') kwds={}
2023-03-29 00:28:57,983 root DEBUG testcase.py               258   start                     : Test function parameters: args=(0, '02'), kwds={}
2023-03-29 00:28:57,983 root DEBUG gatt.py                   190   gatts_set_val             : gatts_set_val 0 '02' 
2023-03-29 00:28:57,983 root DEBUG iutctl_common.py          98    send                      : send, 2 6 0 "bytearray(b'\\x00\\x00\\x01\\x00\\x02')"
2023-03-29 00:28:57,983 root DEBUG iutctl_common.py          103   send                      : sending frame '02060005000000010002'
2023-03-29 00:28:57,983 root DEBUG gatt.py                   1137  gatt_command_rsp_succ     : gatt_command_rsp_succ
2023-03-29 00:28:57,983 root DEBUG iutctl_common.py          211   read                      : read
2023-03-29 00:28:58,063 root DEBUG iutctl_common.py          70    read                      : Read 5 bytes
2023-03-29 00:28:58,063 root DEBUG iutctl_common.py          79    read                      : Received: hdr: Header(svc_id=2, op=6, ctrl_index=0, data_len=0) bytearray(b'\x02\x06\x00\x00\x00')
2023-03-29 00:28:58,063 root DEBUG iutctl_common.py          92    read                      : Received data: "('',)", bytearray(b'')
2023-03-29 00:28:58,063 root DEBUG gatt.py                   1142  gatt_command_rsp_succ     : received Header(svc_id=2, op=6, ctrl_index=0, data_len=0) (b'',)
2023-03-29 00:28:58,063 root DEBUG testcase.py               246   start                     : Starting test function: class=<class 'autopts.ptsprojects.testcase.TestFunc'>, func=<function gatts_add_char at 0x0000019B2525A940> start_wid=None stop_wid=None post_wid=None skip_call=None call_count=148 args=(0, 66, 3, 'AA53') kwds={}
2023-03-29 00:28:58,063 root DEBUG testcase.py               258   start                     : Test function parameters: args=(0, 66, 3, 'AA53'), kwds={}
2023-03-29 00:28:58,063 root DEBUG gatt.py                   158   gatts_add_char            : gatts_add_char 0 66 3 'AA53'
2023-03-29 00:28:58,063 root DEBUG iutctl_common.py          98    send                      : send, 2 3 0 "bytearray(b'\\x00\\x00B\\x03\\x02\\xaaS')"
2023-03-29 00:28:58,064 root DEBUG iutctl_common.py          103   send                      : sending frame '02030007000000420302aa53'
2023-03-29 00:28:58,064 root DEBUG gatt.py                   1137  gatt_command_rsp_succ     : gatt_command_rsp_succ
2023-03-29 00:28:58,064 root DEBUG iutctl_common.py          211   read                      : read
2023-03-29 00:28:58,142 root DEBUG iutctl_common.py          70    read                      : Read 5 bytes
2023-03-29 00:28:58,142 root DEBUG iutctl_common.py          79    read                      : Received: hdr: Header(svc_id=2, op=3, ctrl_index=0, data_len=2) bytearray(b'\x02\x03\x00\x02\x00')
2023-03-29 00:28:58,142 root DEBUG iutctl_common.py          92    read                      : Received data: "('\x00\x00',)", bytearray(b'\x00\x00')
2023-03-29 00:28:58,142 root DEBUG gatt.py                   1142  gatt_command_rsp_succ     : received Header(svc_id=2, op=3, ctrl_index=0, data_len=2) (b'\x00\x00',)
2023-03-29 00:28:58,142 root DEBUG testcase.py               246   start                     : Starting test function: class=<class 'autopts.ptsprojects.testcase.TestFunc'>, func=<function gatts_set_val at 0x0000019B2525A9D0> start_wid=None stop_wid=None post_wid=None skip_call=None call_count=148 args=(0, '03') kwds={}
2023-03-29 00:28:58,142 root DEBUG testcase.py               258   start                     : Test function parameters: args=(0, '03'), kwds={}
2023-03-29 00:28:58,142 root DEBUG gatt.py                   190   gatts_set_val             : gatts_set_val 0 '03' 
2023-03-29 00:28:58,142 root DEBUG iutctl_common.py          98    send                      : send, 2 6 0 "bytearray(b'\\x00\\x00\\x01\\x00\\x03')"
2023-03-29 00:28:58,143 root DEBUG iutctl_common.py          103   send                      : sending frame '02060005000000010003'
2023-03-29 00:28:58,143 root DEBUG gatt.py                   1137  gatt_command_rsp_succ     : gatt_command_rsp_succ
2023-03-29 00:28:58,143 root DEBUG iutctl_common.py          211   read                      : read
2023-03-29 00:28:58,206 root DEBUG iutctl_common.py          70    read                      : Read 5 bytes
2023-03-29 00:28:58,222 root DEBUG iutctl_common.py          79    read                      : Received: hdr: Header(svc_id=2, op=6, ctrl_index=0, data_len=0) bytearray(b'\x02\x06\x00\x00\x00')
2023-03-29 00:28:58,238 root DEBUG iutctl_common.py          92    read                      : Received data: "('',)", bytearray(b'')
2023-03-29 00:28:58,254 root DEBUG gatt.py                   1142  gatt_command_rsp_succ     : received Header(svc_id=2, op=6, ctrl_index=0, data_len=0) (b'',)
2023-03-29 00:28:58,254 root DEBUG testcase.py               246   start                     : Starting test function: class=<class 'autopts.ptsprojects.testcase.TestFunc'>, func=<function gatts_add_char at 0x0000019B2525A940> start_wid=None stop_wid=None post_wid=None skip_call=None call_count=148 args=(0, 10, 48, 'AA54') kwds={}
2023-03-29 00:28:58,254 root DEBUG testcase.py               258   start                     : Test function parameters: args=(0, 10, 48, 'AA54'), kwds={}
2023-03-29 00:28:58,254 root DEBUG gatt.py                   158   gatts_add_char            : gatts_add_char 0 10 48 'AA54'
2023-03-29 00:28:58,254 root DEBUG iutctl_common.py          98    send                      : send, 2 3 0 "bytearray(b'\\x00\\x00\\n0\\x02\\xaaT')"
2023-03-29 00:28:58,254 root DEBUG iutctl_common.py          103   send                      : sending frame '020300070000000a3002aa54'
2023-03-29 00:28:58,254 root DEBUG gatt.py                   1137  gatt_command_rsp_succ     : gatt_command_rsp_succ
2023-03-29 00:28:58,254 root DEBUG iutctl_common.py          211   read                      : read
2023-03-29 00:28:58,318 root DEBUG iutctl_common.py          70    read                      : Read 5 bytes
2023-03-29 00:28:58,334 root DEBUG iutctl_common.py          79    read                      : Received: hdr: Header(svc_id=2, op=3, ctrl_index=0, data_len=2) bytearray(b'\x02\x03\x00\x02\x00')
2023-03-29 00:28:58,366 root DEBUG iutctl_common.py          92    read                      : Received data: "('\x00\x00',)", bytearray(b'\x00\x00')
2023-03-29 00:28:58,462 root DEBUG gatt.py                   1142  gatt_command_rsp_succ     : received Header(svc_id=2, op=3, ctrl_index=0, data_len=2) (b'\x00\x00',)
2023-03-29 00:28:58,462 root DEBUG testcase.py               246   start                     : Starting test function: class=<class 'autopts.ptsprojects.testcase.TestFunc'>, func=<function gatts_set_val at 0x0000019B2525A9D0> start_wid=None stop_wid=None post_wid=None skip_call=None call_count=148 args=(0, '04') kwds={}
2023-03-29 00:28:58,462 root DEBUG testcase.py               258   start                     : Test function parameters: args=(0, '04'), kwds={}
2023-03-29 00:28:58,462 root DEBUG gatt.py                   190   gatts_set_val             : gatts_set_val 0 '04' 
2023-03-29 00:28:58,462 root DEBUG iutctl_common.py          98    send                      : send, 2 6 0 "bytearray(b'\\x00\\x00\\x01\\x00\\x04')"
2023-03-29 00:28:58,462 root DEBUG iutctl_common.py          103   send                      : sending frame '02060005000000010004'
2023-03-29 00:28:58,462 root DEBUG gatt.py                   1137  gatt_command_rsp_succ     : gatt_command_rsp_succ
2023-03-29 00:28:58,462 root DEBUG iutctl_common.py          211   read                      : read
2023-03-29 00:28:58,542 root DEBUG iutctl_common.py          70    read                      : Read 5 bytes
2023-03-29 00:28:58,574 root DEBUG iutctl_common.py          79    read                      : Received: hdr: Header(svc_id=2, op=6, ctrl_index=0, data_len=0) bytearray(b'\x02\x06\x00\x00\x00')
2023-03-29 00:28:58,590 root DEBUG iutctl_common.py          92    read                      : Received data: "('',)", bytearray(b'')
2023-03-29 00:28:58,606 root DEBUG gatt.py                   1142  gatt_command_rsp_succ     : received Header(svc_id=2, op=6, ctrl_index=0, data_len=0) (b'',)
2023-03-29 00:28:58,606 root DEBUG testcase.py               246   start                     : Starting test function: class=<class 'autopts.ptsprojects.testcase.TestFunc'>, func=<function gatts_start_server at 0x0000019B2525AC10> start_wid=None stop_wid=None post_wid=None skip_call=None call_count=148 args=() kwds={}
2023-03-29 00:28:58,606 root DEBUG testcase.py               258   start                     : Test function parameters: args=(), kwds={}
2023-03-29 00:28:58,606 root DEBUG gatt.py                   286   gatts_start_server        : gatts_start_server
2023-03-29 00:28:58,606 root DEBUG iutctl_common.py          98    send                      : send, 2 7 0 ''
2023-03-29 00:28:58,606 root DEBUG iutctl_common.py          103   send                      : sending frame '0207000000'
2023-03-29 00:28:58,606 root DEBUG gatt.py                   1137  gatt_command_rsp_succ     : gatt_command_rsp_succ
2023-03-29 00:28:58,606 root DEBUG iutctl_common.py          211   read                      : read
2023-03-29 00:28:58,686 root DEBUG iutctl_common.py          70    read                      : Read 5 bytes
2023-03-29 00:28:58,702 root DEBUG iutctl_common.py          79    read                      : Received: hdr: Header(svc_id=2, op=7, ctrl_index=0, data_len=3) bytearray(b'\x02\x07\x00\x03\x00')
2023-03-29 00:28:58,718 root DEBUG iutctl_common.py          92    read                      : Received data: "('\x00\x00\x00',)", bytearray(b'\x00\x00\x00')
2023-03-29 00:28:58,718 root DEBUG gatt.py                   1142  gatt_command_rsp_succ     : received Header(svc_id=2, op=7, ctrl_index=0, data_len=3) (b'\x00\x00\x00',)
2023-03-29 00:28:58,718 root DEBUG client.py                 272   set_current_test_case     : CallbackThread.set_current_test_case GAP/SEC/SEM/BV-58-C
2023-03-29 00:29:01,539 ClientCallback.on_implicit_send INFO client.py                 171   on_implicit_send          : ********************
2023-03-29 00:29:01,539 ClientCallback.on_implicit_send INFO client.py                 172   on_implicit_send          : BEGIN OnImplicitSend:
2023-03-29 00:29:01,539 ClientCallback.on_implicit_send INFO client.py                 173   on_implicit_send          : project_name: GAP
2023-03-29 00:29:01,539 ClientCallback.on_implicit_send INFO client.py                 174   on_implicit_send          : wid: 209
2023-03-29 00:29:01,539 ClientCallback.on_implicit_send INFO client.py                 175   on_implicit_send          : test_case_name: GAP/SEC/SEM/BV-58-C
2023-03-29 00:29:01,539 ClientCallback.on_implicit_send INFO client.py                 176   on_implicit_send          : description: Please make sure the IUT does not initiate the security. Click OK when ready.
2023-03-29 00:29:01,539 ClientCallback.on_implicit_send INFO client.py                 177   on_implicit_send          : style: MMI_Style_Ok_Cancel1 0x11041
2023-03-29 00:29:01,539 ClientCallback.on_implicit_send INFO client.py                 183   on_implicit_send          : Calling test cases on_implicit_send
2023-03-29 00:29:01,540 root DEBUG testcase.py               675   on_implicit_send          : GAP GAP/SEC/SEM/BV-58-C on_implicit_send
2023-03-29 00:29:01,540 root DEBUG testcase.py               619   join_post_wid_thread      : GAP GAP/SEC/SEM/BV-58-C join_post_wid_thread
2023-03-29 00:29:01,540 root DEBUG testcase.py               621   join_post_wid_thread      : self.post_wid_thread None
2023-03-29 00:29:01,540 root DEBUG gap_wid.py                25    gap_wid_hdl               : gap_wid_hdl, 209, 'Please make sure the IUT does not initiate the security. Click OK when ready.', GAP/SEC/SEM/BV-58-C
2023-03-29 00:29:01,540 root DEBUG testcase.py               713   on_implicit_send          : Sending response 'OK' to wid 209 test case GAP/SEC/SEM/BV-58-C
2023-03-29 00:29:01,540 ClientCallback.on_implicit_send INFO client.py                 188   on_implicit_send          : test case returned on_implicit_send, response: OK
2023-03-29 00:29:01,540 ClientCallback.on_implicit_send INFO client.py                 198   on_implicit_send          : END OnImplicitSend:
2023-03-29 00:29:01,540 ClientCallback.on_implicit_send INFO client.py                 199   on_implicit_send          : ********************
2023-03-29 00:29:01,543 ClientCallback.on_implicit_send INFO client.py                 171   on_implicit_send          : ********************
2023-03-29 00:29:01,543 ClientCallback.on_implicit_send INFO client.py                 172   on_implicit_send          : BEGIN OnImplicitSend:
2023-03-29 00:29:01,543 ClientCallback.on_implicit_send INFO client.py                 173   on_implicit_send          : project_name: GAP
2023-03-29 00:29:01,543 ClientCallback.on_implicit_send INFO client.py                 174   on_implicit_send          : wid: 226
2023-03-29 00:29:01,543 ClientCallback.on_implicit_send INFO client.py                 175   on_implicit_send          : test_case_name: GAP/SEC/SEM/BV-58-C
2023-03-29 00:29:01,543 ClientCallback.on_implicit_send INFO client.py                 176   on_implicit_send          : description: Please configures the IUT into LE Security: Mode 1 Level 4. Press OK to continue.
2023-03-29 00:29:01,543 ClientCallback.on_implicit_send INFO client.py                 177   on_implicit_send          : style: MMI_Style_Ok_Cancel1 0x11041
2023-03-29 00:29:01,544 ClientCallback.on_implicit_send INFO client.py                 183   on_implicit_send          : Calling test cases on_implicit_send
2023-03-29 00:29:01,544 root DEBUG testcase.py               675   on_implicit_send          : GAP GAP/SEC/SEM/BV-58-C on_implicit_send
2023-03-29 00:29:01,544 root DEBUG testcase.py               619   join_post_wid_thread      : GAP GAP/SEC/SEM/BV-58-C join_post_wid_thread
2023-03-29 00:29:01,544 root DEBUG testcase.py               621   join_post_wid_thread      : self.post_wid_thread None
2023-03-29 00:29:01,544 root DEBUG gap_wid.py                25    gap_wid_hdl               : gap_wid_hdl, 226, 'Please configures the IUT into LE Security: Mode 1 Level 4. Press OK to continue.', GAP/SEC/SEM/BV-58-C
2023-03-29 00:29:01,544 root DEBUG testcase.py               713   on_implicit_send          : Sending response 'OK' to wid 226 test case GAP/SEC/SEM/BV-58-C
2023-03-29 00:29:01,544 ClientCallback.on_implicit_send INFO client.py                 188   on_implicit_send          : test case returned on_implicit_send, response: OK
2023-03-29 00:29:01,544 ClientCallback.on_implicit_send INFO client.py                 198   on_implicit_send          : END OnImplicitSend:
2023-03-29 00:29:01,544 ClientCallback.on_implicit_send INFO client.py                 199   on_implicit_send          : ********************
2023-03-29 00:29:05,904 ClientCallback.on_implicit_send INFO client.py                 171   on_implicit_send          : ********************
2023-03-29 00:29:05,904 ClientCallback.on_implicit_send INFO client.py                 172   on_implicit_send          : BEGIN OnImplicitSend:
2023-03-29 00:29:05,904 ClientCallback.on_implicit_send INFO client.py                 173   on_implicit_send          : project_name: GAP
2023-03-29 00:29:05,904 ClientCallback.on_implicit_send INFO client.py                 174   on_implicit_send          : wid: 91
2023-03-29 00:29:05,905 ClientCallback.on_implicit_send INFO client.py                 175   on_implicit_send          : test_case_name: GAP/SEC/SEM/BV-58-C
2023-03-29 00:29:05,905 ClientCallback.on_implicit_send INFO client.py                 176   on_implicit_send          : description: Please send a connectable undirected advertising report.
2023-03-29 00:29:05,905 ClientCallback.on_implicit_send INFO client.py                 177   on_implicit_send          : style: MMI_Style_Ok_Cancel2 0x11141
2023-03-29 00:29:05,905 ClientCallback.on_implicit_send INFO client.py                 183   on_implicit_send          : Calling test cases on_implicit_send
2023-03-29 00:29:05,905 root DEBUG testcase.py               675   on_implicit_send          : GAP GAP/SEC/SEM/BV-58-C on_implicit_send
2023-03-29 00:29:05,905 root DEBUG testcase.py               619   join_post_wid_thread      : GAP GAP/SEC/SEM/BV-58-C join_post_wid_thread
2023-03-29 00:29:05,905 root DEBUG testcase.py               621   join_post_wid_thread      : self.post_wid_thread None
2023-03-29 00:29:05,905 root DEBUG gap_wid.py                25    gap_wid_hdl               : gap_wid_hdl, 91, 'Please send a connectable undirected advertising report.', GAP/SEC/SEM/BV-58-C
2023-03-29 00:29:05,905 root DEBUG gap.py                    696   gap_set_conn              : gap_set_conn
2023-03-29 00:29:05,905 root DEBUG gap.py                    395   gap_adv_ind_on            : gap_adv_ind_on {9: b'Tester_56C9EF'} None
2023-03-29 00:29:05,905 root DEBUG iutctl_common.py          98    send                      : send, 1 10 0 "bytearray(b'\\x0f\\x00\\t\\rTester_56C9EF\\xff\\xff\\xff\\xff\\x00')"
2023-03-29 00:29:05,905 root DEBUG iutctl_common.py          103   send                      : sending frame '010a0016000f00090d5465737465725f353643394546ffffffff00'
2023-03-29 00:29:05,905 root DEBUG gap.py                    910   gap_command_rsp_succ      : gap_command_rsp_succ
2023-03-29 00:29:05,906 root DEBUG iutctl_common.py          211   read                      : read
2023-03-29 00:29:05,969 root DEBUG iutctl_common.py          70    read                      : Read 5 bytes
2023-03-29 00:29:05,985 root DEBUG iutctl_common.py          79    read                      : Received: hdr: Header(svc_id=1, op=10, ctrl_index=0, data_len=4) bytearray(b'\x01\n\x00\x04\x00')
2023-03-29 00:29:06,033 root DEBUG iutctl_common.py          92    read                      : Received data: "('\x13&\x00\x00',)", bytearray(b'\x13&\x00\x00')
2023-03-29 00:29:06,033 root DEBUG gap.py                    915   gap_command_rsp_succ      : received Header(svc_id=1, op=10, ctrl_index=0, data_len=4) (b'\x13&\x00\x00',)
2023-03-29 00:29:06,033 root DEBUG gap.py                    346   __gap_current_settings_update : __gap_current_settings_update (b'\x13&\x00\x00',)
2023-03-29 00:29:06,033 root ERROR stack.py                  220   current_settings_clear    : current_settings_clear SC Only not in current_settings
2023-03-29 00:29:06,033 root DEBUG testcase.py               713   on_implicit_send          : Sending response 'OK' to wid 91 test case GAP/SEC/SEM/BV-58-C
2023-03-29 00:29:06,033 ClientCallback.on_implicit_send INFO client.py                 188   on_implicit_send          : test case returned on_implicit_send, response: OK
2023-03-29 00:29:06,033 ClientCallback.on_implicit_send INFO client.py                 198   on_implicit_send          : END OnImplicitSend:
2023-03-29 00:29:06,033 ClientCallback.on_implicit_send INFO client.py                 199   on_implicit_send          : ********************
2023-03-29 00:29:06,270 root DEBUG iutctl_common.py          70    read                      : Read 5 bytes
2023-03-29 00:29:06,271 root DEBUG iutctl_common.py          79    read                      : Received: hdr: Header(svc_id=1, op=130, ctrl_index=0, data_len=13) bytearray(b'\x01\x82\x00\r\x00')
2023-03-29 00:29:06,271 root DEBUG iutctl_common.py          92    read                      : Received data: "('\x00ïÉVè\x07À8\x00\x00\x00Ð\x07',)", bytearray(b'\x00\xef\xc9V\xe8\x07\xc08\x00\x00\x00\xd0\x07')
2023-03-29 00:29:06,272 root DEBUG btp.py                    597   event_handler             : event_handler Header(svc_id=1, op=130, ctrl_index=0, data_len=13) (b'\x00\xef\xc9V\xe8\x07\xc08\x00\x00\x00\xd0\x07',)
2023-03-29 00:29:06,272 root DEBUG gap.py                    151   gap_connected_ev_         : gap_connected_ev_ b'\x00\xef\xc9V\xe8\x07\xc08\x00\x00\x00\xd0\x07'
2023-03-29 00:29:06,273 root DEBUG iutctl_common.py          70    read                      : Read 5 bytes
2023-03-29 00:29:06,273 root DEBUG iutctl_common.py          79    read                      : Received: hdr: Header(svc_id=1, op=128, ctrl_index=0, data_len=4) bytearray(b'\x01\x80\x00\x04\x00')
2023-03-29 00:29:06,274 root DEBUG iutctl_common.py          92    read                      : Received data: '(\'\x13"\x00\x00\',)', bytearray(b'\x13"\x00\x00')
2023-03-29 00:29:06,274 root DEBUG btp.py                    597   event_handler             : event_handler Header(svc_id=1, op=128, ctrl_index=0, data_len=4) (b'\x13"\x00\x00',)
2023-03-29 00:29:06,275 root DEBUG gap.py                    119   gap_new_settings_ev_      : gap_new_settings_ev_ b'\x13"\x00\x00'
2023-03-29 00:29:06,275 root DEBUG gap.py                    346   __gap_current_settings_update : __gap_current_settings_update 8723
2023-03-29 00:29:06,275 root ERROR stack.py                  220   current_settings_clear    : current_settings_clear SC Only not in current_settings
2023-03-29 00:29:07,120 root DEBUG iutctl_common.py          70    read                      : Read 5 bytes
2023-03-29 00:29:07,121 root DEBUG iutctl_common.py          79    read                      : Received: hdr: Header(svc_id=1, op=134, ctrl_index=0, data_len=11) bytearray(b'\x01\x86\x00\x0b\x00')
2023-03-29 00:29:07,121 root DEBUG iutctl_common.py          92    read                      : Received data: "('\x00ïÉVè\x07À¦W\x0e\x00',)", bytearray(b'\x00\xef\xc9V\xe8\x07\xc0\xa6W\x0e\x00')
2023-03-29 00:29:07,121 root DEBUG btp.py                    597   event_handler             : event_handler Header(svc_id=1, op=134, ctrl_index=0, data_len=11) (b'\x00\xef\xc9V\xe8\x07\xc0\xa6W\x0e\x00',)
2023-03-29 00:29:07,122 root DEBUG gap.py                    298   gap_passkey_confirm_req_ev_ : gap_passkey_confirm_req_ev_
2023-03-29 00:29:07,122 root DEBUG gap.py                    310   gap_passkey_confirm_req_ev_ : passkey = '939942'
2023-03-29 00:29:07,247 ClientCallback.on_implicit_send INFO client.py                 171   on_implicit_send          : ********************
2023-03-29 00:29:07,247 ClientCallback.on_implicit_send INFO client.py                 172   on_implicit_send          : BEGIN OnImplicitSend:
2023-03-29 00:29:07,248 ClientCallback.on_implicit_send INFO client.py                 173   on_implicit_send          : project_name: GAP
2023-03-29 00:29:07,248 ClientCallback.on_implicit_send INFO client.py                 174   on_implicit_send          : wid: 1003
2023-03-29 00:29:07,248 ClientCallback.on_implicit_send INFO client.py                 175   on_implicit_send          : test_case_name: GAP/SEC/SEM/BV-58-C
2023-03-29 00:29:07,248 ClientCallback.on_implicit_send INFO client.py                 176   on_implicit_send          : description: Please confirm the following number matches IUT: 939942.
2023-03-29 00:29:07,248 ClientCallback.on_implicit_send INFO client.py                 177   on_implicit_send          : style: MMI_Style_Yes_No1 0x11044
2023-03-29 00:29:07,248 ClientCallback.on_implicit_send INFO client.py                 183   on_implicit_send          : Calling test cases on_implicit_send
2023-03-29 00:29:07,248 root DEBUG testcase.py               675   on_implicit_send          : GAP GAP/SEC/SEM/BV-58-C on_implicit_send
2023-03-29 00:29:07,248 root DEBUG testcase.py               619   join_post_wid_thread      : GAP GAP/SEC/SEM/BV-58-C join_post_wid_thread
2023-03-29 00:29:07,248 root DEBUG testcase.py               621   join_post_wid_thread      : self.post_wid_thread None
2023-03-29 00:29:07,248 root DEBUG gap_wid.py                25    gap_wid_hdl               : gap_wid_hdl, 1003, 'Please confirm the following number matches IUT: 939942.', GAP/SEC/SEM/BV-58-C
2023-03-29 00:29:07,248 root DEBUG gap.py                    664   gap_passkey_confirm_rsp   : gap_passkey_confirm_rsp 'c007e856c9ef' 0
2023-03-29 00:29:07,248 root DEBUG iutctl_common.py          98    send                      : send, 1 20 0 "bytearray(b'\\x00\\xef\\xc9V\\xe8\\x07\\xc0\\x01')"
2023-03-29 00:29:07,248 root DEBUG iutctl_common.py          103   send                      : sending frame '011400080000efc956e807c001'
2023-03-29 00:29:07,248 root DEBUG gap.py                    910   gap_command_rsp_succ      : gap_command_rsp_succ
2023-03-29 00:29:07,248 root DEBUG iutctl_common.py          211   read                      : read
2023-03-29 00:29:07,326 root DEBUG iutctl_common.py          70    read                      : Read 5 bytes
2023-03-29 00:29:07,342 root DEBUG iutctl_common.py          79    read                      : Received: hdr: Header(svc_id=1, op=20, ctrl_index=0, data_len=0) bytearray(b'\x01\x14\x00\x00\x00')
2023-03-29 00:29:07,358 root DEBUG iutctl_common.py          92    read                      : Received data: "('',)", bytearray(b'')
2023-03-29 00:29:07,374 root DEBUG gap.py                    915   gap_command_rsp_succ      : received Header(svc_id=1, op=20, ctrl_index=0, data_len=0) (b'',)
2023-03-29 00:29:07,374 root DEBUG testcase.py               713   on_implicit_send          : Sending response 'Yes' to wid 1003 test case GAP/SEC/SEM/BV-58-C
2023-03-29 00:29:07,374 ClientCallback.on_implicit_send INFO client.py                 188   on_implicit_send          : test case returned on_implicit_send, response: Yes
2023-03-29 00:29:07,374 ClientCallback.on_implicit_send INFO client.py                 198   on_implicit_send          : END OnImplicitSend:
2023-03-29 00:29:07,374 ClientCallback.on_implicit_send INFO client.py                 199   on_implicit_send          : ********************
2023-03-29 00:29:07,781 root DEBUG iutctl_common.py          70    read                      : Read 5 bytes
2023-03-29 00:29:07,781 root DEBUG iutctl_common.py          79    read                      : Received: hdr: Header(svc_id=1, op=137, ctrl_index=0, data_len=8) bytearray(b'\x01\x89\x00\x08\x00')
2023-03-29 00:29:07,782 root DEBUG iutctl_common.py          92    read                      : Received data: "('\x00ïÉVè\x07À\x04',)", bytearray(b'\x00\xef\xc9V\xe8\x07\xc0\x04')
2023-03-29 00:29:07,782 root DEBUG btp.py                    597   event_handler             : event_handler Header(svc_id=1, op=137, ctrl_index=0, data_len=8) (b'\x00\xef\xc9V\xe8\x07\xc0\x04',)
2023-03-29 00:29:07,782 root DEBUG gap.py                    232   gap_sec_level_changed_ev_ : gap_sec_level_changed_ev_
2023-03-29 00:29:07,782 root DEBUG gap.py                    234   gap_sec_level_changed_ev_ : received b'\x00\xef\xc9V\xe8\x07\xc0\x04'
2023-03-29 00:29:07,783 root DEBUG gap.py                    245   gap_sec_level_changed_ev_ : received (0, 'c007e856c9ef', 4)
2023-03-29 00:29:07,955 ClientCallback.on_implicit_send INFO client.py                 171   on_implicit_send          : ********************
2023-03-29 00:29:07,955 ClientCallback.on_implicit_send INFO client.py                 172   on_implicit_send          : BEGIN OnImplicitSend:
2023-03-29 00:29:07,955 ClientCallback.on_implicit_send INFO client.py                 173   on_implicit_send          : project_name: GAP
2023-03-29 00:29:07,955 ClientCallback.on_implicit_send INFO client.py                 174   on_implicit_send          : wid: 234
2023-03-29 00:29:07,955 ClientCallback.on_implicit_send INFO client.py                 175   on_implicit_send          : test_case_name: GAP/SEC/SEM/BV-58-C
2023-03-29 00:29:07,955 ClientCallback.on_implicit_send INFO client.py                 176   on_implicit_send          : description: Please send ATT_WRITE_REQUEST to handle 0x000D with CCCD set to 0x0002 to enable indication. Discover services if needed.
2023-03-29 00:29:07,955 ClientCallback.on_implicit_send INFO client.py                 177   on_implicit_send          : style: MMI_Style_Ok_Cancel2 0x11141
2023-03-29 00:29:07,955 ClientCallback.on_implicit_send INFO client.py                 183   on_implicit_send          : Calling test cases on_implicit_send
2023-03-29 00:29:07,955 root DEBUG testcase.py               675   on_implicit_send          : GAP GAP/SEC/SEM/BV-58-C on_implicit_send
2023-03-29 00:29:07,955 root DEBUG testcase.py               619   join_post_wid_thread      : GAP GAP/SEC/SEM/BV-58-C join_post_wid_thread
2023-03-29 00:29:07,955 root DEBUG testcase.py               621   join_post_wid_thread      : self.post_wid_thread None
2023-03-29 00:29:07,955 root DEBUG gap_wid.py                25    gap_wid_hdl               : gap_wid_hdl, 234, 'Please send ATT_WRITE_REQUEST to handle 0x000D with CCCD set to 0x0002 to enable indication. Discover services if needed.', GAP/SEC/SEM/BV-58-C
2023-03-29 00:29:07,956 root DEBUG gatt.py                   1086  gattc_cfg_indicate        : gattc_cfg_indicate 0 'c007e856c9ef', 1, '000D'
2023-03-29 00:29:07,956 root DEBUG iutctl_common.py          98    send                      : send, 2 27 0 "bytearray(b'\\x00\\xef\\xc9V\\xe8\\x07\\xc0\\x01\\r\\x00')"
2023-03-29 00:29:07,956 root DEBUG iutctl_common.py          103   send                      : sending frame '021b000a0000efc956e807c0010d00'
2023-03-29 00:29:07,956 root DEBUG iutctl_common.py          211   read                      : read
2023-03-29 00:29:08,542 root DEBUG iutctl_common.py          70    read                      : Read 5 bytes
2023-03-29 00:29:08,542 root DEBUG iutctl_common.py          79    read                      : Received: hdr: Header(svc_id=2, op=27, ctrl_index=0, data_len=0) bytearray(b'\x02\x1b\x00\x00\x00')
2023-03-29 00:29:08,574 root DEBUG iutctl_common.py          92    read                      : Received data: "('',)", bytearray(b'')
2023-03-29 00:29:08,590 root DEBUG gatt.py                   1107  gattc_cfg_indicate        : gattc_cfg_indicate received Header(svc_id=2, op=27, ctrl_index=0, data_len=0) (b'',)
2023-03-29 00:29:08,590 root DEBUG testcase.py               713   on_implicit_send          : Sending response 'OK' to wid 234 test case GAP/SEC/SEM/BV-58-C
2023-03-29 00:29:08,590 ClientCallback.on_implicit_send INFO client.py                 188   on_implicit_send          : test case returned on_implicit_send, response: OK
2023-03-29 00:29:08,590 ClientCallback.on_implicit_send INFO client.py                 198   on_implicit_send          : END OnImplicitSend:
2023-03-29 00:29:08,590 ClientCallback.on_implicit_send INFO client.py                 199   on_implicit_send          : ********************
2023-03-29 00:29:08,592 ClientCallback.on_implicit_send INFO client.py                 171   on_implicit_send          : ********************
2023-03-29 00:29:08,592 ClientCallback.on_implicit_send INFO client.py                 172   on_implicit_send          : BEGIN OnImplicitSend:
2023-03-29 00:29:08,592 ClientCallback.on_implicit_send INFO client.py                 173   on_implicit_send          : project_name: GAP
2023-03-29 00:29:08,592 ClientCallback.on_implicit_send INFO client.py                 174   on_implicit_send          : wid: 118
2023-03-29 00:29:08,592 ClientCallback.on_implicit_send INFO client.py                 175   on_implicit_send          : test_case_name: GAP/SEC/SEM/BV-58-C
2023-03-29 00:29:08,593 ClientCallback.on_implicit_send INFO client.py                 176   on_implicit_send          : description: Please press ok to disconnect the link.
2023-03-29 00:29:08,593 ClientCallback.on_implicit_send INFO client.py                 177   on_implicit_send          : style: MMI_Style_Ok_Cancel1 0x11041
2023-03-29 00:29:08,593 ClientCallback.on_implicit_send INFO client.py                 183   on_implicit_send          : Calling test cases on_implicit_send
2023-03-29 00:29:08,593 root DEBUG testcase.py               675   on_implicit_send          : GAP GAP/SEC/SEM/BV-58-C on_implicit_send
2023-03-29 00:29:08,593 root DEBUG testcase.py               619   join_post_wid_thread      : GAP GAP/SEC/SEM/BV-58-C join_post_wid_thread
2023-03-29 00:29:08,593 root DEBUG testcase.py               621   join_post_wid_thread      : self.post_wid_thread None
2023-03-29 00:29:08,593 root DEBUG gap_wid.py                25    gap_wid_hdl               : gap_wid_hdl, 118, 'Please press ok to disconnect the link.', GAP/SEC/SEM/BV-58-C
2023-03-29 00:29:11,403 root DEBUG iutctl_common.py          70    read                      : Read 5 bytes
2023-03-29 00:29:11,419 root DEBUG iutctl_common.py          79    read                      : Received: hdr: Header(svc_id=1, op=136, ctrl_index=0, data_len=13) bytearray(b'\x01\x88\x00\r\x00')
2023-03-29 00:29:11,435 root DEBUG iutctl_common.py          92    read                      : Received data: "('\x00ïÉVè\x07À8\x00\x00\x00Ð\x07',)", bytearray(b'\x00\xef\xc9V\xe8\x07\xc08\x00\x00\x00\xd0\x07')
2023-03-29 00:29:11,450 root DEBUG btp.py                    597   event_handler             : event_handler Header(svc_id=1, op=136, ctrl_index=0, data_len=13) (b'\x00\xef\xc9V\xe8\x07\xc08\x00\x00\x00\xd0\x07',)
2023-03-29 00:29:11,466 root DEBUG gap.py                    211   gap_conn_param_update_ev_ : gap_conn_param_update_ev_
2023-03-29 00:29:11,482 root DEBUG gap.py                    213   gap_conn_param_update_ev_ : received b'\x00\xef\xc9V\xe8\x07\xc08\x00\x00\x00\xd0\x07'
2023-03-29 00:29:11,498 root DEBUG gap.py                    226   gap_conn_param_update_ev_ : received (0, b'c007e856c9ef', 56, 0, 2000)
2023-03-29 00:29:38,611 root DEBUG testcase.py               713   on_implicit_send          : Sending response 'OK' to wid 118 test case GAP/SEC/SEM/BV-58-C
2023-03-29 00:29:38,611 ClientCallback.on_implicit_send INFO client.py                 188   on_implicit_send          : test case returned on_implicit_send, response: OK
2023-03-29 00:29:38,611 ClientCallback.on_implicit_send INFO client.py                 198   on_implicit_send          : END OnImplicitSend:
2023-03-29 00:29:38,611 ClientCallback.on_implicit_send INFO client.py                 199   on_implicit_send          : ********************
2023-03-29 00:29:38,895 root DEBUG iutctl_common.py          70    read                      : Read 5 bytes
2023-03-29 00:29:38,895 root DEBUG iutctl_common.py          79    read                      : Received: hdr: Header(svc_id=1, op=131, ctrl_index=0, data_len=7) bytearray(b'\x01\x83\x00\x07\x00')
2023-03-29 00:29:38,896 root DEBUG iutctl_common.py          92    read                      : Received data: "('\x00ïÉVè\x07À',)", bytearray(b'\x00\xef\xc9V\xe8\x07\xc0')
2023-03-29 00:29:38,896 root DEBUG btp.py                    597   event_handler             : event_handler Header(svc_id=1, op=131, ctrl_index=0, data_len=7) (b'\x00\xef\xc9V\xe8\x07\xc0',)
2023-03-29 00:29:38,896 root DEBUG gap.py                    166   gap_disconnected_ev_      : gap_disconnected_ev_ b'\x00\xef\xc9V\xe8\x07\xc0'
2023-03-29 00:29:39,100 ClientCallback.on_implicit_send INFO client.py                 171   on_implicit_send          : ********************
2023-03-29 00:29:39,101 ClientCallback.on_implicit_send INFO client.py                 172   on_implicit_send          : BEGIN OnImplicitSend:
2023-03-29 00:29:39,101 ClientCallback.on_implicit_send INFO client.py                 173   on_implicit_send          : project_name: GAP
2023-03-29 00:29:39,101 ClientCallback.on_implicit_send INFO client.py                 174   on_implicit_send          : wid: 91
2023-03-29 00:29:39,101 ClientCallback.on_implicit_send INFO client.py                 175   on_implicit_send          : test_case_name: GAP/SEC/SEM/BV-58-C
2023-03-29 00:29:39,101 ClientCallback.on_implicit_send INFO client.py                 176   on_implicit_send          : description: Please send a connectable undirected advertising report.
2023-03-29 00:29:39,101 ClientCallback.on_implicit_send INFO client.py                 177   on_implicit_send          : style: MMI_Style_Ok_Cancel2 0x11141
2023-03-29 00:29:39,101 ClientCallback.on_implicit_send INFO client.py                 183   on_implicit_send          : Calling test cases on_implicit_send
2023-03-29 00:29:39,101 root DEBUG testcase.py               675   on_implicit_send          : GAP GAP/SEC/SEM/BV-58-C on_implicit_send
2023-03-29 00:29:39,101 root DEBUG testcase.py               619   join_post_wid_thread      : GAP GAP/SEC/SEM/BV-58-C join_post_wid_thread
2023-03-29 00:29:39,101 root DEBUG testcase.py               621   join_post_wid_thread      : self.post_wid_thread None
2023-03-29 00:29:39,101 root DEBUG gap_wid.py                25    gap_wid_hdl               : gap_wid_hdl, 91, 'Please send a connectable undirected advertising report.', GAP/SEC/SEM/BV-58-C
2023-03-29 00:29:39,101 root DEBUG gap.py                    696   gap_set_conn              : gap_set_conn
2023-03-29 00:29:39,101 root DEBUG gap.py                    395   gap_adv_ind_on            : gap_adv_ind_on {9: b'Tester_56C9EF'} None
2023-03-29 00:29:39,102 root DEBUG iutctl_common.py          98    send                      : send, 1 10 0 "bytearray(b'\\x0f\\x00\\t\\rTester_56C9EF\\xff\\xff\\xff\\xff\\x00')"
2023-03-29 00:29:39,102 root DEBUG iutctl_common.py          103   send                      : sending frame '010a0016000f00090d5465737465725f353643394546ffffffff00'
2023-03-29 00:29:39,102 root DEBUG gap.py                    910   gap_command_rsp_succ      : gap_command_rsp_succ
2023-03-29 00:29:39,102 root DEBUG iutctl_common.py          211   read                      : read
2023-03-29 00:29:39,160 root DEBUG iutctl_common.py          70    read                      : Read 5 bytes
2023-03-29 00:29:39,160 root DEBUG iutctl_common.py          79    read                      : Received: hdr: Header(svc_id=1, op=10, ctrl_index=0, data_len=4) bytearray(b'\x01\n\x00\x04\x00')
2023-03-29 00:29:39,208 root DEBUG iutctl_common.py          92    read                      : Received data: "('\x13&\x00\x00',)", bytearray(b'\x13&\x00\x00')
2023-03-29 00:29:39,223 root DEBUG gap.py                    915   gap_command_rsp_succ      : received Header(svc_id=1, op=10, ctrl_index=0, data_len=4) (b'\x13&\x00\x00',)
2023-03-29 00:29:39,223 root DEBUG gap.py                    346   __gap_current_settings_update : __gap_current_settings_update (b'\x13&\x00\x00',)
2023-03-29 00:29:39,223 root ERROR stack.py                  220   current_settings_clear    : current_settings_clear SC Only not in current_settings
2023-03-29 00:29:39,223 root DEBUG testcase.py               713   on_implicit_send          : Sending response 'OK' to wid 91 test case GAP/SEC/SEM/BV-58-C
2023-03-29 00:29:39,223 ClientCallback.on_implicit_send INFO client.py                 188   on_implicit_send          : test case returned on_implicit_send, response: OK
2023-03-29 00:29:39,223 ClientCallback.on_implicit_send INFO client.py                 198   on_implicit_send          : END OnImplicitSend:
2023-03-29 00:29:39,223 ClientCallback.on_implicit_send INFO client.py                 199   on_implicit_send          : ********************
2023-03-29 00:29:39,679 root DEBUG iutctl_common.py          70    read                      : Read 5 bytes
2023-03-29 00:29:39,680 root DEBUG iutctl_common.py          79    read                      : Received: hdr: Header(svc_id=1, op=130, ctrl_index=0, data_len=13) bytearray(b'\x01\x82\x00\r\x00')
2023-03-29 00:29:39,680 root DEBUG iutctl_common.py          92    read                      : Received data: "('\x00ïÉVè\x07À8\x00\x00\x00Ð\x07',)", bytearray(b'\x00\xef\xc9V\xe8\x07\xc08\x00\x00\x00\xd0\x07')
2023-03-29 00:29:39,680 root DEBUG btp.py                    597   event_handler             : event_handler Header(svc_id=1, op=130, ctrl_index=0, data_len=13) (b'\x00\xef\xc9V\xe8\x07\xc08\x00\x00\x00\xd0\x07',)
2023-03-29 00:29:39,680 root DEBUG gap.py                    151   gap_connected_ev_         : gap_connected_ev_ b'\x00\xef\xc9V\xe8\x07\xc08\x00\x00\x00\xd0\x07'
2023-03-29 00:29:39,680 root DEBUG iutctl_common.py          70    read                      : Read 5 bytes
2023-03-29 00:29:39,680 root DEBUG iutctl_common.py          79    read                      : Received: hdr: Header(svc_id=1, op=128, ctrl_index=0, data_len=4) bytearray(b'\x01\x80\x00\x04\x00')
2023-03-29 00:29:39,680 root DEBUG iutctl_common.py          92    read                      : Received data: '(\'\x13"\x00\x00\',)', bytearray(b'\x13"\x00\x00')
2023-03-29 00:29:39,681 root DEBUG btp.py                    597   event_handler             : event_handler Header(svc_id=1, op=128, ctrl_index=0, data_len=4) (b'\x13"\x00\x00',)
2023-03-29 00:29:39,681 root DEBUG gap.py                    119   gap_new_settings_ev_      : gap_new_settings_ev_ b'\x13"\x00\x00'
2023-03-29 00:29:39,681 root DEBUG gap.py                    346   __gap_current_settings_update : __gap_current_settings_update 8723
2023-03-29 00:29:39,681 root ERROR stack.py                  220   current_settings_clear    : current_settings_clear SC Only not in current_settings
2023-03-29 00:29:40,299 ClientCallback.on_implicit_send INFO client.py                 171   on_implicit_send          : ********************
2023-03-29 00:29:40,300 ClientCallback.on_implicit_send INFO client.py                 172   on_implicit_send          : BEGIN OnImplicitSend:
2023-03-29 00:29:40,300 ClientCallback.on_implicit_send INFO client.py                 173   on_implicit_send          : project_name: GAP
2023-03-29 00:29:40,300 ClientCallback.on_implicit_send INFO client.py                 174   on_implicit_send          : wid: 236
2023-03-29 00:29:40,300 ClientCallback.on_implicit_send INFO client.py                 175   on_implicit_send          : test_case_name: GAP/SEC/SEM/BV-58-C
2023-03-29 00:29:40,300 ClientCallback.on_implicit_send INFO client.py                 176   on_implicit_send          : description: Please confirm that IUT does not send a GATT_HandleValueIndication to the Upper Tester
2023-03-29 00:29:40,300 ClientCallback.on_implicit_send INFO client.py                 177   on_implicit_send          : style: MMI_Style_Yes_No1 0x11044
2023-03-29 00:29:40,300 ClientCallback.on_implicit_send INFO client.py                 183   on_implicit_send          : Calling test cases on_implicit_send
2023-03-29 00:29:40,300 root DEBUG testcase.py               675   on_implicit_send          : GAP GAP/SEC/SEM/BV-58-C on_implicit_send
2023-03-29 00:29:40,300 root DEBUG testcase.py               619   join_post_wid_thread      : GAP GAP/SEC/SEM/BV-58-C join_post_wid_thread
2023-03-29 00:29:40,300 root DEBUG testcase.py               621   join_post_wid_thread      : self.post_wid_thread None
2023-03-29 00:29:40,300 root DEBUG gap_wid.py                25    gap_wid_hdl               : gap_wid_hdl, 236, 'Please confirm that IUT does not send a GATT_HandleValueIndication to the Upper Tester', GAP/SEC/SEM/BV-58-C
2023-03-29 00:29:44,790 root DEBUG iutctl_common.py          70    read                      : Read 5 bytes
2023-03-29 00:29:44,791 root DEBUG iutctl_common.py          79    read                      : Received: hdr: Header(svc_id=1, op=136, ctrl_index=0, data_len=13) bytearray(b'\x01\x88\x00\r\x00')
2023-03-29 00:29:44,791 root DEBUG iutctl_common.py          92    read                      : Received data: "('\x00ïÉVè\x07À8\x00\x00\x00Ð\x07',)", bytearray(b'\x00\xef\xc9V\xe8\x07\xc08\x00\x00\x00\xd0\x07')
2023-03-29 00:29:44,792 root DEBUG btp.py                    597   event_handler             : event_handler Header(svc_id=1, op=136, ctrl_index=0, data_len=13) (b'\x00\xef\xc9V\xe8\x07\xc08\x00\x00\x00\xd0\x07',)
2023-03-29 00:29:44,792 root DEBUG gap.py                    211   gap_conn_param_update_ev_ : gap_conn_param_update_ev_
2023-03-29 00:29:44,792 root DEBUG gap.py                    213   gap_conn_param_update_ev_ : received b'\x00\xef\xc9V\xe8\x07\xc08\x00\x00\x00\xd0\x07'
2023-03-29 00:29:44,793 root DEBUG gap.py                    226   gap_conn_param_update_ev_ : received (0, b'c007e856c9ef', 56, 0, 2000)
2023-03-29 00:29:45,302 root DEBUG testcase.py               713   on_implicit_send          : Sending response 'Yes' to wid 236 test case GAP/SEC/SEM/BV-58-C
2023-03-29 00:29:45,302 ClientCallback.on_implicit_send INFO client.py                 188   on_implicit_send          : test case returned on_implicit_send, response: Yes
2023-03-29 00:29:45,303 ClientCallback.on_implicit_send INFO client.py                 198   on_implicit_send          : END OnImplicitSend:
2023-03-29 00:29:45,303 ClientCallback.on_implicit_send INFO client.py                 199   on_implicit_send          : ********************
2023-03-29 00:29:45,315 ClientCallback.on_implicit_send INFO client.py                 171   on_implicit_send          : ********************
2023-03-29 00:29:45,315 ClientCallback.on_implicit_send INFO client.py                 172   on_implicit_send          : BEGIN OnImplicitSend:
2023-03-29 00:29:45,315 ClientCallback.on_implicit_send INFO client.py                 173   on_implicit_send          : project_name: GAP
2023-03-29 00:29:45,315 ClientCallback.on_implicit_send INFO client.py                 174   on_implicit_send          : wid: 106
2023-03-29 00:29:45,315 ClientCallback.on_implicit_send INFO client.py                 175   on_implicit_send          : test_case_name: GAP/SEC/SEM/BV-58-C
2023-03-29 00:29:45,315 ClientCallback.on_implicit_send INFO client.py                 176   on_implicit_send          : description: Waiting for HCI_ENCRYPTION_CHANGE_EVENT...
2023-03-29 00:29:45,315 ClientCallback.on_implicit_send INFO client.py                 177   on_implicit_send          : style: MMI_Style_Ok_Cancel2 0x11141
2023-03-29 00:29:45,315 ClientCallback.on_implicit_send INFO client.py                 183   on_implicit_send          : Calling test cases on_implicit_send
2023-03-29 00:29:45,315 root DEBUG testcase.py               675   on_implicit_send          : GAP GAP/SEC/SEM/BV-58-C on_implicit_send
2023-03-29 00:29:45,315 root DEBUG testcase.py               619   join_post_wid_thread      : GAP GAP/SEC/SEM/BV-58-C join_post_wid_thread
2023-03-29 00:29:45,315 root DEBUG testcase.py               621   join_post_wid_thread      : self.post_wid_thread None
2023-03-29 00:29:45,316 root DEBUG gap_wid.py                25    gap_wid_hdl               : gap_wid_hdl, 106, 'Waiting for HCI_ENCRYPTION_CHANGE_EVENT...', GAP/SEC/SEM/BV-58-C
2023-03-29 00:29:45,316 root DEBUG testcase.py               713   on_implicit_send          : Sending response 'OK' to wid 106 test case GAP/SEC/SEM/BV-58-C
2023-03-29 00:29:45,316 ClientCallback.on_implicit_send INFO client.py                 188   on_implicit_send          : test case returned on_implicit_send, response: OK
2023-03-29 00:29:45,316 ClientCallback.on_implicit_send INFO client.py                 198   on_implicit_send          : END OnImplicitSend:
2023-03-29 00:29:45,316 ClientCallback.on_implicit_send INFO client.py                 199   on_implicit_send          : ********************
2023-03-29 00:29:45,492 root DEBUG iutctl_common.py          70    read                      : Read 5 bytes
2023-03-29 00:29:45,492 root DEBUG iutctl_common.py          79    read                      : Received: hdr: Header(svc_id=1, op=137, ctrl_index=0, data_len=8) bytearray(b'\x01\x89\x00\x08\x00')
2023-03-29 00:29:45,492 root DEBUG iutctl_common.py          92    read                      : Received data: "('\x00ïÉVè\x07À\x04',)", bytearray(b'\x00\xef\xc9V\xe8\x07\xc0\x04')
2023-03-29 00:29:45,492 root DEBUG btp.py                    597   event_handler             : event_handler Header(svc_id=1, op=137, ctrl_index=0, data_len=8) (b'\x00\xef\xc9V\xe8\x07\xc0\x04',)
2023-03-29 00:29:45,492 root DEBUG gap.py                    232   gap_sec_level_changed_ev_ : gap_sec_level_changed_ev_
2023-03-29 00:29:45,492 root DEBUG gap.py                    234   gap_sec_level_changed_ev_ : received b'\x00\xef\xc9V\xe8\x07\xc0\x04'
2023-03-29 00:29:45,492 root DEBUG gap.py                    245   gap_sec_level_changed_ev_ : received (0, 'c007e856c9ef', 4)
2023-03-29 00:29:45,633 root DEBUG iutctl_common.py          70    read                      : Read 5 bytes
2023-03-29 00:29:45,634 root DEBUG iutctl_common.py          79    read                      : Received: hdr: Header(svc_id=2, op=128, ctrl_index=0, data_len=13) bytearray(b'\x02\x80\x00\r\x00')
2023-03-29 00:29:45,634 root DEBUG iutctl_common.py          92    read                      : Received data: "('\x00ïÉVè\x07À\x02\x0b\x00\x01\x00',)", bytearray(b'\x00\xef\xc9V\xe8\x07\xc0\x02\x0b\x00\x01\x00b')
2023-03-29 00:29:45,634 root DEBUG btp.py                    597   event_handler             : event_handler Header(svc_id=2, op=128, ctrl_index=0, data_len=13) (b'\x00\xef\xc9V\xe8\x07\xc0\x02\x0b\x00\x01\x00b',)
2023-03-29 00:29:45,634 root DEBUG gatt.py                   111   gatt_notification_ev_     : gatt_notification_ev_ 0 'c007e856c9ef' 2 11 b'b'
2023-03-29 00:29:45,695 ClientCallback.on_implicit_send INFO client.py                 171   on_implicit_send          : ********************
2023-03-29 00:29:45,695 ClientCallback.on_implicit_send INFO client.py                 172   on_implicit_send          : BEGIN OnImplicitSend:
2023-03-29 00:29:45,696 ClientCallback.on_implicit_send INFO client.py                 173   on_implicit_send          : project_name: GAP
2023-03-29 00:29:45,696 ClientCallback.on_implicit_send INFO client.py                 174   on_implicit_send          : wid: 237
2023-03-29 00:29:45,696 ClientCallback.on_implicit_send INFO client.py                 175   on_implicit_send          : test_case_name: GAP/SEC/SEM/BV-58-C
2023-03-29 00:29:45,697 ClientCallback.on_implicit_send INFO client.py                 176   on_implicit_send          : description: Please confirm that IUT send a GATT_HandleValueIndication to the Upper Tester
2023-03-29 00:29:45,697 ClientCallback.on_implicit_send INFO client.py                 177   on_implicit_send          : style: MMI_Style_Yes_No1 0x11044
2023-03-29 00:29:45,698 ClientCallback.on_implicit_send INFO client.py                 183   on_implicit_send          : Calling test cases on_implicit_send
2023-03-29 00:29:45,698 root DEBUG testcase.py               675   on_implicit_send          : GAP GAP/SEC/SEM/BV-58-C on_implicit_send
2023-03-29 00:29:45,698 root DEBUG testcase.py               619   join_post_wid_thread      : GAP GAP/SEC/SEM/BV-58-C join_post_wid_thread
2023-03-29 00:29:45,698 root DEBUG testcase.py               621   join_post_wid_thread      : self.post_wid_thread None
2023-03-29 00:29:45,699 root DEBUG gap_wid.py                25    gap_wid_hdl               : gap_wid_hdl, 237, 'Please confirm that IUT send a GATT_HandleValueIndication to the Upper Tester', GAP/SEC/SEM/BV-58-C
2023-03-29 00:29:45,699 root DEBUG testcase.py               713   on_implicit_send          : Sending response 'Yes' to wid 237 test case GAP/SEC/SEM/BV-58-C
2023-03-29 00:29:45,700 ClientCallback.on_implicit_send INFO client.py                 188   on_implicit_send          : test case returned on_implicit_send, response: Yes
2023-03-29 00:29:45,700 ClientCallback.on_implicit_send INFO client.py                 198   on_implicit_send          : END OnImplicitSend:
2023-03-29 00:29:45,700 ClientCallback.on_implicit_send INFO client.py                 199   on_implicit_send          : ********************
2023-03-29 00:29:46,053 root DEBUG iutctl_common.py          70    read                      : Read 5 bytes
2023-03-29 00:29:46,053 root DEBUG iutctl_common.py          79    read                      : Received: hdr: Header(svc_id=1, op=131, ctrl_index=0, data_len=7) bytearray(b'\x01\x83\x00\x07\x00')
2023-03-29 00:29:46,053 root DEBUG iutctl_common.py          92    read                      : Received data: "('\x00ïÉVè\x07À',)", bytearray(b'\x00\xef\xc9V\xe8\x07\xc0')
2023-03-29 00:29:46,053 root DEBUG btp.py                    597   event_handler             : event_handler Header(svc_id=1, op=131, ctrl_index=0, data_len=7) (b'\x00\xef\xc9V\xe8\x07\xc0',)
2023-03-29 00:29:46,053 root DEBUG gap.py                    166   gap_disconnected_ev_      : gap_disconnected_ev_ b'\x00\xef\xc9V\xe8\x07\xc0'
2023-03-29 00:29:48,596 ClientCallback.log INFO client.py                 135   log                       : PTS_LOGTYPE_START_TEST Start Test Case 

+16 ms
 GAP/SEC/SEM/BV-58-C GAP/SEC/SEM/BV-58-C

2023-03-29 00:29:48,596 root DEBUG testcase.py               464   log                       : New status GAP GAP/SEC/SEM/BV-58-C - Started
2023-03-29 00:29:49,117 ClientCallback.log INFO client.py                 135   log                       : PTS_LOGTYPE_FINAL_VERDICT Final Verdict 

+47063 ms
 GAP/SEC/SEM/BV-58-C PASS

2023-03-29 00:29:49,117 root DEBUG testcase.py               464   log                       : New status GAP GAP/SEC/SEM/BV-58-C - PASS
2023-03-29 00:29:49,119 ClientCallback.log INFO client.py                 135   log                       : PTS_LOGTYPE_FINAL_VERDICT Encrypted Verdict 

+47063 ms
 GAP/SEC/SEM/BV-58-C A1#ZWY4MzQ5MDg3MmQwNTIxOGQzMzQ5YjY2ODA5M2MzNjQ5ZDY4NmY0Yjc2MzIzM2VkNTUyNTFhNGU4Mjg1MjI0NA==#ciKXntlKIZcEeDdQiQHShwMk6Y60lKFE46H9vdBSYeu990ZWd2RzVUdlyuY+cF1l

2023-03-29 00:29:49,121 ClientCallback.log INFO client.py                 135   log                       : PTS_LOGTYPE_END_TEST Test Case Ended 

+47063 ms
 GAP/SEC/SEM/BV-58-C GAP/SEC/SEM/BV-58-C

2023-03-29 00:29:49,267 root DEBUG client.py                 803   run_test_case_thread_entry : After run_test_case error_code='' status='PASS'
2023-03-29 00:29:49,267 root DEBUG client.py                 280   error_code                : CallbackThread.error_code
2023-03-29 00:29:49,267 root DEBUG client.py                 294   cleanup                   : CallbackThread.cleanup
2023-03-29 00:29:50,286 root DEBUG testcase.py               758   post_run                  : post_run GAP GAP/SEC/SEM/BV-58-C 
2023-03-29 00:29:50,286 root DEBUG testcase.py               246   start                     : Starting test function: class=<class 'autopts.ptsprojects.testcase.TestFuncCleanUp'>, func=<bound method Stack.cleanup of <autopts.ptsprojects.stack.Stack object at 0x0000019B26AEC610>> start_wid=None stop_wid=None post_wid=None skip_call=None call_count=1 args=() kwds={}
2023-03-29 00:29:50,287 root DEBUG testcase.py               258   start                     : Test function parameters: args=(), kwds={}
2023-03-29 00:29:50,288 root DEBUG client.py                 289   clear_pending_responses   : CallbackThread.clear_pending_responses
2023-03-29 00:29:50,288 root DEBUG client.py                 289   clear_pending_responses   : CallbackThread.clear_pending_responses
2023-03-29 00:29:50,288 root DEBUG testcase.py               246   start                     : Starting test function: class=<class 'autopts.ptsprojects.testcase.TestFuncCleanUp'>, func=<bound method ZephyrCtl.stop of <autopts.ptsprojects.zephyr.iutctl.ZephyrCtl object at 0x0000019B26AECC40>> start_wid=None stop_wid=None post_wid=None skip_call=None call_count=1 args=() kwds={}
2023-03-29 00:29:50,289 root DEBUG testcase.py               258   start                     : Test function parameters: args=(), kwds={}
2023-03-29 00:29:50,289 root DEBUG iutctl.py                 237   stop                      : <class 'autopts.ptsprojects.zephyr.iutctl.ZephyrCtl'>.stop
2023-03-29 00:29:51,096 root DEBUG __init__.py               48    reset                     : About to reset DUT: 'nrfjprog -r -s 683989059'
2023-03-29 00:29:54,663 root DEBUG testcase.py               783   post_run                  : post_run, cleanup running pre test case script
2023-03-29 00:29:54,664 root DEBUG testcase.py               793   post_run                  : post_run, run post test case script
2023-03-29 00:29:54,758 root DEBUG client.py                 833   run_test_case_thread_entry : Done TestCase wrapper GAP GAP/SEC/SEM/BV-58-C
