Applying system reset.
Run.
Applying system reset.
Run.
< 2022/06/17 19:23:09.669293  length=5 from=0 to=4
 00 80 ff 00 00                                   .....
--
> 2022/06/17 19:23:09.796807  length=6 from=0 to=5
 00 03 ff 01 00 01                                ......
--
< 2022/06/17 19:23:09.812845  length=5 from=5 to=9
 00 03 ff 00 00                                   .....
--
> 2022/06/17 19:23:09.955354  length=5 from=6 to=10
 01 03 00 00 00                                   .....
--
< 2022/06/17 19:23:10.067200  length=15 from=10 to=24
 01 03 00 15 01 70 1f c4 76 e7 dc 13 06 00 00     .....p..v......
--
< 2022/06/17 19:23:10.067997  length=11 from=25 to=35
 13 82 00 00 00 00 00 62 74 70 5f                 .......btp_
--
< 2022/06/17 19:23:10.083266  length=176 from=36 to=211
 74 65 73 74 65 72 00 00 00 00 00 00 00 00 00 00  tester..........
 00 00 00 00 00 00 00 00 00 00 00 00 00 00 00 00  ................
 00 00 00 00 00 00 00 00 00 00 00 00 00 00 00 00  ................
 00 00 00 00 00 00 00 00 00 00 00 00 00 00 00 00  ................
 00 00 00 00 00 00 00 00 00 00 00 00 00 00 00 00  ................
 00 00 00 00 00 00 00 00 00 00 00 00 00 00 00 00  ................
 00 00 00 00 00 00 00 00 00 00 00 00 00 00 00 00  ................
 00 00 00 00 00 00 00 00 00 00 00 00 00 00 00 00  ................
 00 00 00 00 00 00 00 00 00 00 00 00 00 00 00 00  ................
 00 00 00 00 00 00 00 00 00 00 00 00 00 00 00 00  ................
 00 00 00 00 00 00 00 00 00 00 00 00 00 00 00 00  ................
--
< 2022/06/17 19:23:10.084854  length=24 from=212 to=235
 00 00 00 00 00 00 00 00 00 00 00 00 00 00 00 00  ................
 00 00 00 00 00 00 00 00                          ........
--
< 2022/06/17 19:23:10.099185  length=56 from=236 to=291
 00 00 00 00 00 00 00 00 00 00 00 00 00 00 00 00  ................
 00 00 00 00 00 00 00 00 00 00 00 00 00 00 00 00  ................
 00 00 00 00 00 00 00 00 00 00 00 00 00 00 00 00  ................
 00 00 00 00 00 00 00 00                          ........
--
> 2022/06/17 19:23:10.241717  length=6 from=11 to=16
 00 03 ff 01 00 02                                ......
--
< 2022/06/17 19:23:10.257773  length=5 from=292 to=296
 00 03 ff 00 00                                   .....
--
> 2022/06/17 19:23:16.921520  length=6 from=17 to=22
 01 08 00 01 00 02                                ......
--
< 2022/06/17 19:23:16.937489  length=9 from=297 to=305
 01 08 00 04 00 1b 82 00 00                       .........
--
> 2022/06/17 19:23:17.081105  length=27 from=23 to=49
 01 0a                                            ..
 00 16 00 0f 00 09 0d 54 65 73 74 65 72 5f 35 36  .......Tester_56
 43 39 45 46 ff ff ff ff 00                       C9EF.....
--
< 2022/06/17 19:23:17.097182  length=9 from=306 to=314
 01 0a                                            ..
 00 04 00 1b 86 00 00                             .......
--
< 2022/06/17 19:23:17.425682  length=18 from=315 to=332
 01 82 00 0d 00 00 ef c9 56 e8 07 c0 38 00 01 00  ........V...8...
 d0 09                                            ..
--
< 2022/06/17 19:23:18.266486  length=12 from=333 to=344
 01 83 00 07 00 00 ef c9 56 e8 07 c0              ........V...
--
Applying system reset.
Run.
