*** Booting Zephyr OS build zephyr-v3.4.0-404-gc744e7c2527d ***
[00:00:00.253,265] <dbg> bttester: tester_init: Initializing tester
[00:00:01.539,520] <inf> bt_hci_core: HW Platform: Nordic Semiconductor (0x0002)
[00:00:01.539,581] <inf> bt_hci_core: HW Variant: nRF53x (0x0003)
[00:00:01.539,581] <inf> bt_hci_core: Firmware: Standard Bluetooth controller (0x00) Version 3.4 Build 99
[00:00:01.541,687] <inf> bt_hci_core: Identity: D7:B8:1B:0B:51:C3 (random)
[00:00:01.541,717] <inf> bt_hci_core: HCI: version 5.4 (0x0d) revision 0x0000, manufacturer 0x05f1
[00:00:01.541,748] <inf> bt_hci_core: LMP: version 5.4 (0x0d) subver 0xffff
[00:00:11.079,864] <dbg> bttester_bap: connected: Connected: C0:07:E8:79:0D:90 (public)
[00:00:16.332,092] <dbg> bttester_bap: pac_record_cb: 
[00:00:16.332,122] <dbg> bttester_bap: pac_record_cb: Discovered codec capabilities 0x2000d80c
[00:00:16.332,122] <dbg> bttester_bap: print_codec: codec 0x06 cid 0x0000 vid 0x0000 count 4
[00:00:16.332,153] <dbg> bttester_bap: print_codec: data #0: type 0x01 len 2
[00:00:16.332,153] <dbg> bttester_bap: print_codec: 
                                       3f                                               |?                
[00:00:16.332,183] <dbg> bttester_bap: print_codec: data #1: type 0x02 len 1
[00:00:16.332,214] <dbg> bttester_bap: print_codec: 
[00:00:16.332,214] <dbg> bttester_bap: print_codec: data #2: type 0x03 len 1
[00:00:16.332,244] <dbg> bttester_bap: print_codec: 
[00:00:16.332,244] <dbg> bttester_bap: print_codec: data #3: type 0x04 len 4
[00:00:16.332,275] <dbg> bttester_bap: print_codec: 
                                       1a 00 c8                                         |...              
[00:00:16.332,305] <dbg> bttester_bap: print_codec:   Frequency: -2 Hz
[00:00:16.332,305] <dbg> bttester_bap: print_codec:   Frame Duration: -2 us
[00:00:16.332,336] <dbg> bttester_bap: print_codec:   Channel allocation: 0x1
[00:00:16.332,336] <dbg> bttester_bap: print_codec:   Octets per frame: 26 (negative means value not pressent)
[00:00:16.332,366] <dbg> bttester_bap: print_codec:   Frames per SDU: 1
[00:00:17.481,536] <dbg> bttester_bap: unicast_client_location_cb: dir 1 loc 3
[00:00:18.231,536] <dbg> bttester_bap: available_contexts_cb: snk ctx 1 src ctx 1
[00:00:18.831,604] <dbg> bttester_bap: endpoint_cb: 
[00:00:18.831,634] <dbg> bttester_bap: endpoint_cb: Discovered ASE 0x200059b0, id 1, dir 0x01
[00:00:19.281,616] <dbg> bttester_bap: endpoint_cb: 
[00:00:19.281,616] <dbg> bttester_bap: endpoint_cb: Discovered ASE 0x20005ae0, id 2, dir 0x01
[00:00:20.281,494] <dbg> bttester_bap: discover_cb: 
[00:00:20.281,524] <dbg> bttester_bap: discover_cb: Discover complete
[00:00:20.281,524] <dbg> bttester_bap: discover_cb: Discover remote ASEs complete: err 0
[00:00:20.832,092] <dbg> bttester_bap: pac_record_cb: 
[00:00:20.832,092] <dbg> bttester_bap: pac_record_cb: Discovered codec capabilities 0x2000d80c
[00:00:20.832,122] <dbg> bttester_bap: print_codec: codec 0x06 cid 0x0000 vid 0x0000 count 4
[00:00:20.832,122] <dbg> bttester_bap: print_codec: data #0: type 0x01 len 2
[00:00:20.832,153] <dbg> bttester_bap: print_codec: 
                                       3f                                               |?                
[00:00:20.832,153] <dbg> bttester_bap: print_codec: data #1: type 0x02 len 1
[00:00:20.832,183] <dbg> bttester_bap: print_codec: 
[00:00:20.832,214] <dbg> bttester_bap: print_codec: data #2: type 0x03 len 1
[00:00:20.832,244] <dbg> bttester_bap: print_codec: 
[00:00:20.832,244] <dbg> bttester_bap: print_codec: data #3: type 0x04 len 4
[00:00:20.832,275] <dbg> bttester_bap: print_codec: 
                                       1a 00 c8                                         |...              
[00:00:20.832,275] <dbg> bttester_bap: print_codec:   Frequency: -2 Hz
[00:00:20.832,305] <dbg> bttester_bap: print_codec:   Frame Duration: -2 us
[00:00:20.832,305] <dbg> bttester_bap: print_codec:   Channel allocation: 0x1
[00:00:20.832,336] <dbg> bttester_bap: print_codec:   Octets per frame: 26 (negative means value not pressent)
[00:00:20.832,336] <dbg> bttester_bap: print_codec:   Frames per SDU: 1
[00:00:21.981,536] <dbg> bttester_bap: unicast_client_location_cb: dir 2 loc 3
[00:00:22.631,500] <dbg> bttester_bap: available_contexts_cb: snk ctx 1 src ctx 1
[00:00:23.131,591] <dbg> bttester_bap: endpoint_cb: 
[00:00:23.131,652] <dbg> bttester_bap: endpoint_cb: Discovered ASE 0x20005c10, id 10, dir 0x02
[00:00:23.681,671] <wrn> bt_att: Not connected
[00:00:23.681,701] <dbg> bttester_bap: discover_cb: 
[00:00:23.681,732] <dbg> bttester_bap: discover_cb: Discover remote ASEs failed: 14
[00:00:23.682,922] <wrn> bt_att: Not connected
[00:00:23.683,197] <dbg> bttester_bap: disconnected: Disconnected: C0:07:E8:79:0D:90 (public) (reason 0x13)
