WARNING: Using a test - not safe - entropy source
uart connected to pseudotty: /dev/pts/4
*** Booting Zephyr OS build v4.2.0-4508-gf23b1f59da7c ***
[00:00:00.000,000] [0m<dbg> bttester: tester_init: Initializing tester[0m
[00:00:00.510,000] [0m<dbg> bttester: cmd_handler: cmd service 0x00 opcode 0x03 index 0xff[0m
[00:00:00.690,000] [1;33m<wrn> bt_hci_core: Num of Controller's ACL packets != ACL bt_conn_tx contexts (3 != 6)[0m
[00:00:00.690,000] [1;33m<wrn> bt_hci_core: Num of Controller's ISO packets != ISO bt_conn_tx contexts(3 != 1)[0m
[00:00:00.870,000] [0m<inf> bt_hci_core: HCI transport: HCI User Channel[0m
[00:00:00.870,000] [0m<inf> bt_hci_core: Identity: D5:B6:CC:31:DB:3B (random)[0m
[00:00:00.870,000] [0m<inf> bt_hci_core: HCI: version 6.0 (0x0e) revision 0x30e8, manufacturer 0x0059[0m
[00:00:00.870,000] [0m<inf> bt_hci_core: LMP: version 6.0 (0x0e) subver 0x30e8[0m
[00:00:00.870,000] [0m<dbg> bttester: cmd_handler: Command returns status 0[0m
[00:00:00.870,000] [0m<dbg> bttester: tester_rsp_with_index: service 0x00 opcode 0x03 index 0xff status 0x00[0m
[00:00:00.910,000] [0m<dbg> bttester: cmd_handler: cmd service 0x01 opcode 0x01 index 0xff[0m
[00:00:00.910,000] [0m<dbg> bttester: cmd_handler: Command returns status 0[0m
[00:00:00.980,000] [0m<dbg> bttester: cmd_handler: cmd service 0x00 opcode 0x03 index 0xff[0m
[00:00:00.980,000] [0m<dbg> bttester: cmd_handler: Command returns status 0[0m
[00:00:00.980,000] [0m<dbg> bttester: tester_rsp_with_index: service 0x00 opcode 0x03 index 0xff status 0x00[0m
[00:00:01.010,000] [0m<dbg> bttester: cmd_handler: cmd service 0x02 opcode 0x01 index 0xff[0m
[00:00:01.010,000] [0m<dbg> bttester: cmd_handler: Command returns status 0[0m
[00:00:01.030,000] [0m<dbg> bttester: cmd_handler: cmd service 0x00 opcode 0x03 index 0xff[0m
[00:00:01.030,000] [0m<dbg> bttester: cmd_handler: Command returns status 0[0m
[00:00:01.030,000] [0m<dbg> bttester: tester_rsp_with_index: service 0x00 opcode 0x03 index 0xff status 0x00[0m
[00:00:01.040,000] [0m<dbg> bttester: cmd_handler: cmd service 0x04 opcode 0x01 index 0xff[0m
[00:00:01.040,000] [0m<dbg> bttester: cmd_handler: Command returns status 0[0m
[00:00:01.100,000] [0m<dbg> bttester: cmd_handler: cmd service 0x04 opcode 0x04 index 0x00[0m
[00:00:01.100,000] [1;33m<wrn> bttester_mesh: Loading default comp data[0m
[00:00:01.100,000] [1;33m<wrn> bt_mesh_access: Unused space in relation list: 2[0m
[00:00:01.100,000] [0m<dbg> bttester: cmd_handler: Command returns status 0[0m
[00:00:01.100,000] [0m<dbg> bttester: tester_rsp_with_index: service 0x04 opcode 0x04 index 0x00 status 0x00[0m
[00:00:01.140,000] [0m<dbg> bttester: cmd_handler: cmd service 0x01 opcode 0x03 index 0x00[0m
[00:00:01.140,000] [0m<dbg> bttester: cmd_handler: Command returns status 0[0m
[00:00:05.230,000] [0m<dbg> bttester: cmd_handler: cmd service 0x04 opcode 0x02 index 0x00[0m
[00:00:05.230,000] [0m<dbg> bttester_mesh: config_prov: [0m
[00:00:05.230,000] [0m<dbg> bttester: cmd_handler: Command returns status 0[0m
[00:00:05.230,000] [0m<dbg> bttester: tester_rsp_with_index: service 0x04 opcode 0x02 index 0x00 status 0x00[0m
[00:00:05.250,000] [0m<dbg> bttester: cmd_handler: cmd service 0x04 opcode 0x78 index 0x00[0m
[00:00:05.250,000] [0m<dbg> bttester_mesh: start: [0m
[00:00:05.250,000] [0m<inf> bt_mesh_provisionee: Device UUID: 47469db1-1ebe-413f-b438-e318d216f8fa[0m
[00:00:05.350,000] [0m<inf> bt_mesh_provisionee: Device UUID: 47469db1-1ebe-413f-b438-e318d216f8fa[0m
[00:00:05.350,000] [0m<dbg> bttester: cmd_handler: Command returns status 0[0m
[00:00:05.350,000] [0m<dbg> bttester: tester_rsp_with_index: service 0x04 opcode 0x78 index 0x00 status 0x00[0m
[00:00:05.590,000] [0m<dbg> bttester_mesh: link_open: bearer 0x01[0m
[00:00:05.590,000] [0m<dbg> bttester: tester_event: service 0x04 opcode 0x84[0m
[00:00:08.170,000] [0m<inf> bt_mesh_main: Primary Element: 0x0002[0m
[00:00:08.170,000] [0m<dbg> bttester_mesh: prov_complete: net_idx 0x0000 addr 0x0002[0m
[00:00:08.170,000] [0m<dbg> bttester: tester_event: service 0x04 opcode 0x83[0m
[00:00:09.830,000] [0m<dbg> bttester_mesh: link_close: bearer 0x01[0m
[00:00:09.830,000] [0m<dbg> bttester: tester_event: service 0x04 opcode 0x85[0m
[00:00:10.470,000] [0m<dbg> bttester_mesh: net_recv_ev: ttl 0x03 ctl 0x00 src 0x0001 dst 0x0002 payload_len 16[0m
[00:00:10.470,000] [0m<dbg> bttester: tester_event: service 0x04 opcode 0x86[0m
[00:00:10.470,000] [0m<dbg> bttester_mesh: model_recv_ev: src 0x0001 dst 0x0002 payload_len 4[0m
[00:00:10.470,000] [0m<dbg> bttester: tester_event: service 0x04 opcode 0x8f[0m
[00:00:10.750,000] [0m<dbg> bttester_mesh: net_recv_ev: ttl 0x2e ctl 0x00 src 0x0001 dst 0x0066 payload_len 8[0m
[00:00:10.750,000] [0m<dbg> bttester: tester_event: service 0x04 opcode 0x86[0m
[00:00:13.930,000] [0m<dbg> bttester_mesh: net_recv_ev: ttl 0x2e ctl 0x00 src 0x0001 dst 0x0066 payload_len 8[0m
[00:00:13.930,000] [0m<dbg> bttester: tester_event: service 0x04 opcode 0x86[0m
[00:00:17.090,000] [0m<dbg> bttester_mesh: net_recv_ev: ttl 0x2e ctl 0x00 src 0x0001 dst 0x0066 payload_len 8[0m
[00:00:17.090,000] [0m<dbg> bttester: tester_event: service 0x04 opcode 0x86[0m
[00:00:20.290,000] [0m<dbg> bttester_mesh: net_recv_ev: ttl 0x2e ctl 0x00 src 0x0001 dst 0x0066 payload_len 8[0m
[00:00:20.290,000] [0m<dbg> bttester: tester_event: service 0x04 opcode 0x86[0m
[00:00:23.490,000] [0m<dbg> bttester_mesh: net_recv_ev: ttl 0x2e ctl 0x00 src 0x0001 dst 0x0066 payload_len 8[0m
[00:00:23.490,000] [0m<dbg> bttester: tester_event: service 0x04 opcode 0x86[0m
[00:00:26.670,000] [0m<dbg> bttester_mesh: net_recv_ev: ttl 0x2e ctl 0x00 src 0x0001 dst 0x0066 payload_len 8[0m
[00:00:26.670,000] [0m<dbg> bttester: tester_event: service 0x04 opcode 0x86[0m
[00:00:29.850,000] [0m<dbg> bttester_mesh: net_recv_ev: ttl 0x2e ctl 0x00 src 0x0001 dst 0x0066 payload_len 8[0m
[00:00:29.850,000] [0m<dbg> bttester: tester_event: service 0x04 opcode 0x86[0m
[00:00:33.050,000] [0m<dbg> bttester_mesh: net_recv_ev: ttl 0x2e ctl 0x00 src 0x0001 dst 0x0066 payload_len 8[0m
[00:00:33.050,000] [0m<dbg> bttester: tester_event: service 0x04 opcode 0x86[0m
[00:00:36.150,000] [0m<dbg> bttester_mesh: net_recv_ev: ttl 0x2e ctl 0x00 src 0x0001 dst 0x0066 payload_len 8[0m
[00:00:36.150,000] [0m<dbg> bttester: tester_event: service 0x04 opcode 0x86[0m
[00:00:39.370,000] [0m<dbg> bttester_mesh: net_recv_ev: ttl 0x2e ctl 0x00 src 0x0001 dst 0x0066 payload_len 8[0m
[00:00:39.370,000] [0m<dbg> bttester: tester_event: service 0x04 opcode 0x86[0m
[00:00:42.770,000] [0m<dbg> bttester_mesh: net_recv_ev: ttl 0x2e ctl 0x00 src 0x0001 dst 0x0066 payload_len 8[0m
[00:00:42.770,000] [0m<dbg> bttester: tester_event: service 0x04 opcode 0x86[0m
[00:01:06.230,000] [0m<dbg> bttester_mesh: net_recv_ev: ttl 0x2e ctl 0x00 src 0x0001 dst 0x0066 payload_len 8[0m
[00:01:06.230,000] [0m<dbg> bttester: tester_event: service 0x04 opcode 0x86[0m
[00:01:06.470,000] [0m<dbg> bttester_mesh: net_recv_ev: ttl 0x24 ctl 0x00 src 0x0001 dst 0x0066 payload_len 16[0m
[00:01:06.470,000] [0m<dbg> bttester: tester_event: service 0x04 opcode 0x86[0m
[00:01:10.400,000] [0m<dbg> bttester: cmd_handler: cmd service 0x04 opcode 0x0a index 0x00[0m
[00:01:10.400,000] [0m<dbg> bttester_mesh: net_send: ttl 0xff dst 0xffff payload_len 4[0m
[00:01:10.400,000] [0m<dbg> bttester: cmd_handler: Command returns status 0[0m
[00:01:10.400,000] [0m<dbg> bttester: tester_rsp_with_index: service 0x04 opcode 0x0a index 0x00 status 0x00[0m
[00:01:10.400,000] [0m<dbg> bttester_mesh: net_recv_ev: ttl 0x07 ctl 0x00 src 0x0002 dst 0xffff payload_len 9[0m
[00:01:10.400,000] [0m<dbg> bttester: tester_event: service 0x04 opcode 0x86[0m
[00:01:10.400,000] [0m<dbg> bttester_mesh: model_recv_ev: src 0x0002 dst 0xffff payload_len 4[0m
[00:01:10.400,000] [0m<dbg> bttester: tester_event: service 0x04 opcode 0x8f[0m
[00:01:13.810,000] [0m<dbg> bttester_mesh: net_recv_ev: ttl 0x03 ctl 0x00 src 0x0001 dst 0x0002 payload_len 15[0m
[00:01:13.810,000] [0m<dbg> bttester: tester_event: service 0x04 opcode 0x86[0m
[00:01:13.810,000] [0m<dbg> bttester_mesh: model_recv_ev: src 0x0001 dst 0x0002 payload_len 3[0m
[00:01:13.810,000] [0m<dbg> bttester: tester_event: service 0x04 opcode 0x8f[0m
[00:01:14.070,000] [0m<dbg> bttester_mesh: net_recv_ev: ttl 0x03 ctl 0x00 src 0x0001 dst 0x0002 payload_len 15[0m
[00:01:14.070,000] [0m<dbg> bttester: tester_event: service 0x04 opcode 0x86[0m
[00:01:14.070,000] [0m<dbg> bttester_mesh: model_recv_ev: src 0x0001 dst 0x0002 payload_len 3[0m
[00:01:14.070,000] [0m<dbg> bttester: tester_event: service 0x04 opcode 0x8f[0m
[00:01:14.770,000] [0m<dbg> bttester_mesh: net_recv_ev: ttl 0x07 ctl 0x01 src 0x0001 dst 0x0002 payload_len 7[0m
[00:01:14.770,000] [0m<dbg> bttester: tester_event: service 0x04 opcode 0x86[0m
[00:01:15.070,000] [0m<dbg> bttester_mesh: net_recv_ev: ttl 0x07 ctl 0x01 src 0x0001 dst 0x0002 payload_len 7[0m
[00:01:15.070,000] [0m<dbg> bttester: tester_event: service 0x04 opcode 0x86[0m
[00:01:15.290,000] [0m<dbg> bttester_mesh: net_recv_ev: ttl 0x07 ctl 0x01 src 0x0001 dst 0x0002 payload_len 7[0m
[00:01:15.290,000] [0m<dbg> bttester: tester_event: service 0x04 opcode 0x86[0m
[00:01:15.410,000] [0m<dbg> bttester_mesh: net_recv_ev: ttl 0x03 ctl 0x00 src 0x0001 dst 0x0002 payload_len 15[0m
[00:01:15.410,000] [0m<dbg> bttester: tester_event: service 0x04 opcode 0x86[0m
[00:01:15.410,000] [0m<dbg> bttester_mesh: model_recv_ev: src 0x0001 dst 0x0002 payload_len 3[0m
[00:01:15.410,000] [0m<dbg> bttester: tester_event: service 0x04 opcode 0x8f[0m
[00:01:16.210,000] [0m<dbg> bttester_mesh: net_recv_ev: ttl 0x07 ctl 0x01 src 0x0001 dst 0x0002 payload_len 7[0m
[00:01:16.210,000] [0m<dbg> bttester: tester_event: service 0x04 opcode 0x86[0m
[00:01:16.530,000] [0m<dbg> bttester_mesh: net_recv_ev: ttl 0x07 ctl 0x01 src 0x0001 dst 0x0002 payload_len 7[0m
[00:01:16.530,000] [0m<dbg> bttester: tester_event: service 0x04 opcode 0x86[0m
[00:01:16.770,000] [0m<dbg> bttester_mesh: net_recv_ev: ttl 0x07 ctl 0x01 src 0x0001 dst 0x0002 payload_len 7[0m
[00:01:16.770,000] [0m<dbg> bttester: tester_event: service 0x04 opcode 0x86[0m
[00:01:17.210,000] [0m<dbg> bttester_mesh: net_recv_ev: ttl 0x07 ctl 0x01 src 0x0001 dst 0x0002 payload_len 7[0m
[00:01:17.210,000] [0m<dbg> bttester: tester_event: service 0x04 opcode 0x86[0m
[00:01:17.470,000] [0m<dbg> bttester_mesh: net_recv_ev: ttl 0x07 ctl 0x01 src 0x0001 dst 0x0002 payload_len 7[0m
[00:01:17.470,000] [0m<dbg> bttester: tester_event: service 0x04 opcode 0x86[0m
[00:01:17.630,000] [0m<dbg> bttester_mesh: net_recv_ev: ttl 0x07 ctl 0x01 src 0x0001 dst 0x0002 payload_len 7[0m
[00:01:17.630,000] [0m<dbg> bttester: tester_event: service 0x04 opcode 0x86[0m
[00:01:17.710,000] [0m<dbg> bttester_mesh: net_recv_ev: ttl 0x03 ctl 0x00 src 0x0001 dst 0x0002 payload_len 16[0m
[00:01:17.710,000] [0m<dbg> bttester: tester_event: service 0x04 opcode 0x86[0m
[00:01:17.750,000] [0m<dbg> bttester_mesh: net_recv_ev: ttl 0x03 ctl 0x00 src 0x0001 dst 0x0002 payload_len 16[0m
[00:01:17.750,000] [0m<dbg> bttester: tester_event: service 0x04 opcode 0x86[0m
[00:01:17.750,000] [0m<dbg> bttester_mesh: model_recv_ev: src 0x0001 dst 0x0002 payload_len 20[0m
[00:01:17.750,000] [0m<dbg> bttester: tester_event: service 0x04 opcode 0x8f[0m
[00:01:18.050,000] [0m<dbg> bttester_mesh: net_recv_ev: ttl 0x03 ctl 0x00 src 0x0001 dst 0x0002 payload_len 16[0m
[00:01:18.050,000] [0m<dbg> bttester: tester_event: service 0x04 opcode 0x86[0m
[00:01:18.050,000] [0m<dbg> bttester_mesh: model_recv_ev: src 0x0001 dst 0x0002 payload_len 8[0m
[00:01:18.050,000] [0m<dbg> bttester: tester_event: service 0x04 opcode 0x8f[0m
[00:01:18.050,000] [0m<dbg> bttester_mesh: model_bound_cb: remote addr 0x0001 key_idx 0x0000 model 0x80c2c58[0m
[00:01:18.350,000] [0m<dbg> bttester_mesh: net_recv_ev: ttl 0x07 ctl 0x01 src 0x0001 dst 0x0002 payload_len 7[0m
[00:01:18.350,000] [0m<dbg> bttester: tester_event: service 0x04 opcode 0x86[0m
[00:01:18.490,000] [0m<dbg> bttester_mesh: net_recv_ev: ttl 0x03 ctl 0x00 src 0x0001 dst 0x0002 payload_len 16[0m
[00:01:18.490,000] [0m<dbg> bttester: tester_event: service 0x04 opcode 0x86[0m
[00:01:18.490,000] [0m<dbg> bttester_mesh: model_recv_ev: src 0x0001 dst 0x0002 payload_len 8[0m
[00:01:18.490,000] [0m<dbg> bttester: tester_event: service 0x04 opcode 0x8f[0m
[00:01:18.490,000] [0m<dbg> bttester_mesh: model_bound_cb: remote addr 0x0001 key_idx 0x0000 model 0x80c2c84[0m
[00:01:18.810,000] [0m<dbg> bttester_mesh: net_recv_ev: ttl 0x03 ctl 0x00 src 0x0001 dst 0x0002 payload_len 16[0m
[00:01:18.810,000] [0m<dbg> bttester: tester_event: service 0x04 opcode 0x86[0m
[00:01:18.810,000] [0m<dbg> bttester_mesh: model_recv_ev: src 0x0001 dst 0x0002 payload_len 8[0m
[00:01:18.810,000] [0m<dbg> bttester: tester_event: service 0x04 opcode 0x8f[0m
[00:01:18.810,000] [0m<dbg> bttester_mesh: model_bound_cb: remote addr 0x0001 key_idx 0x0000 model 0x80c2e68[0m
[00:01:19.010,000] [0m<dbg> bttester_mesh: net_recv_ev: ttl 0x03 ctl 0x00 src 0x0001 dst 0x0002 payload_len 16[0m
[00:01:19.010,000] [0m<dbg> bttester: tester_event: service 0x04 opcode 0x86[0m
[00:01:19.010,000] [0m<dbg> bttester_mesh: model_recv_ev: src 0x0001 dst 0x0002 payload_len 8[0m
[00:01:19.010,000] [0m<dbg> bttester: tester_event: service 0x04 opcode 0x8f[0m
[00:01:19.010,000] [0m<dbg> bttester_mesh: model_bound_cb: remote addr 0x0001 key_idx 0x0000 model 0x80c2b40[0m
[00:01:19.250,000] [0m<dbg> bttester_mesh: net_recv_ev: ttl 0x03 ctl 0x00 src 0x0001 dst 0x0002 payload_len 16[0m
[00:01:19.250,000] [0m<dbg> bttester: tester_event: service 0x04 opcode 0x86[0m
[00:01:19.250,000] [0m<dbg> bttester_mesh: model_recv_ev: src 0x0001 dst 0x0002 payload_len 8[0m
[00:01:19.250,000] [0m<dbg> bttester: tester_event: service 0x04 opcode 0x8f[0m
[00:01:19.250,000] [0m<dbg> bttester_mesh: model_bound_cb: remote addr 0x0001 key_idx 0x0000 model 0x80c2b6c[0m
[00:01:20.990,000] [0m<dbg> bttester_mesh: net_recv_ev: ttl 0x03 ctl 0x00 src 0x0001 dst 0x0002 payload_len 16[0m
[00:01:20.990,000] [0m<dbg> bttester: tester_event: service 0x04 opcode 0x86[0m
[00:01:20.990,000] [0m<dbg> bttester_mesh: model_recv_ev: src 0x0001 dst 0x0002 payload_len 8[0m
[00:01:20.990,000] [0m<dbg> bttester: tester_event: service 0x04 opcode 0x8f[0m
[00:01:20.990,000] [0m<dbg> bttester_mesh: model_bound_cb: remote addr 0x0001 key_idx 0x0000 model 0x80c2b98[0m
[00:01:21.290,000] [0m<dbg> bttester_mesh: net_recv_ev: ttl 0x03 ctl 0x00 src 0x0001 dst 0x0002 payload_len 16[0m
[00:01:21.290,000] [0m<dbg> bttester: tester_event: service 0x04 opcode 0x86[0m
[00:01:21.290,000] [0m<dbg> bttester_mesh: model_recv_ev: src 0x0001 dst 0x0002 payload_len 8[0m
[00:01:21.290,000] [0m<dbg> bttester: tester_event: service 0x04 opcode 0x8f[0m
[00:01:21.290,000] [0m<dbg> bttester_mesh: model_bound_cb: remote addr 0x0001 key_idx 0x0000 model 0x80c2bc4[0m
[00:01:22.130,000] [0m<dbg> bttester_mesh: net_recv_ev: ttl 0x03 ctl 0x00 src 0x0001 dst 0x0002 payload_len 16[0m
[00:01:22.130,000] [0m<dbg> bttester: tester_event: service 0x04 opcode 0x86[0m
[00:01:22.130,000] [0m<dbg> bttester_mesh: model_recv_ev: src 0x0001 dst 0x0002 payload_len 8[0m
[00:01:22.130,000] [0m<dbg> bttester: tester_event: service 0x04 opcode 0x8f[0m
[00:01:22.130,000] [0m<dbg> bttester_mesh: model_bound_cb: remote addr 0x0001 key_idx 0x0000 model 0x80c2ae0[0m
[00:01:22.390,000] [0m<dbg> bttester_mesh: net_recv_ev: ttl 0x03 ctl 0x00 src 0x0001 dst 0x0002 payload_len 16[0m
[00:01:22.390,000] [0m<dbg> bttester: tester_event: service 0x04 opcode 0x86[0m
[00:01:22.390,000] [0m<dbg> bttester_mesh: model_recv_ev: src 0x0001 dst 0x0002 payload_len 8[0m
[00:01:22.390,000] [0m<dbg> bttester: tester_event: service 0x04 opcode 0x8f[0m
[00:01:22.390,000] [0m<dbg> bttester_mesh: model_bound_cb: remote addr 0x0001 key_idx 0x0000 model 0x80c2b0c[0m
[00:01:22.590,000] [0m<dbg> bttester_mesh: net_recv_ev: ttl 0x03 ctl 0x00 src 0x0001 dst 0x0002 payload_len 16[0m
[00:01:22.590,000] [0m<dbg> bttester: tester_event: service 0x04 opcode 0x86[0m
[00:01:22.590,000] [0m<dbg> bttester_mesh: model_recv_ev: src 0x0001 dst 0x0002 payload_len 8[0m
[00:01:22.590,000] [0m<dbg> bttester: tester_event: service 0x04 opcode 0x8f[0m
[00:01:22.590,000] [0m<dbg> bttester_mesh: model_bound_cb: remote addr 0x0001 key_idx 0x0000 model 0x80c2aa0[0m
[00:01:23.440,000] [0m<dbg> bttester: cmd_handler: cmd service 0x04 opcode 0x12 index 0x00[0m
[00:01:23.440,000] [0m<dbg> bttester_mesh: rpl_clear: [0m
[00:01:23.440,000] [0m<dbg> bttester: cmd_handler: Command returns status 0[0m
[00:01:23.440,000] [0m<dbg> bttester: tester_rsp_with_index: service 0x04 opcode 0x12 index 0x00 status 0x00[0m
[00:01:23.510,000] [0m<dbg> bttester_mesh: net_recv_ev: ttl 0x06 ctl 0x00 src 0x0065 dst 0x0002 payload_len 14[0m
[00:01:23.510,000] [0m<dbg> bttester: tester_event: service 0x04 opcode 0x86[0m
[00:01:23.510,000] [0m<dbg> bttester_mesh: model_recv_ev: src 0x0065 dst 0x0002 payload_len 2[0m
[00:01:23.510,000] [0m<dbg> bttester: tester_event: service 0x04 opcode 0x8f[0m
[00:01:23.770,000] [0m<dbg> bttester_mesh: net_recv_ev: ttl 0x06 ctl 0x00 src 0x0066 dst 0x0002 payload_len 14[0m
[00:01:23.770,000] [0m<dbg> bttester: tester_event: service 0x04 opcode 0x86[0m
[00:01:23.770,000] [0m<dbg> bttester_mesh: model_recv_ev: src 0x0066 dst 0x0002 payload_len 2[0m
[00:01:23.770,000] [0m<dbg> bttester: tester_event: service 0x04 opcode 0x8f[0m

Stopped at 89.780s
WARNING: Using a test - not safe - entropy source
uart connected to pseudotty: /dev/pts/5
*** Booting Zephyr OS build v4.2.0-4508-gf23b1f59da7c ***
[00:00:00.000,000] [0m<dbg> bttester: tester_init: Initializing tester[0m
[00:00:00.510,000] [0m<dbg> bttester: cmd_handler: cmd service 0x00 opcode 0x03 index 0xff[0m
[00:00:00.690,000] [1;33m<wrn> bt_hci_core: Num of Controller's ACL packets != ACL bt_conn_tx contexts (3 != 6)[0m
[00:00:00.690,000] [1;33m<wrn> bt_hci_core: Num of Controller's ISO packets != ISO bt_conn_tx contexts(3 != 1)[0m
[00:00:00.870,000] [0m<inf> bt_hci_core: HCI transport: HCI User Channel[0m
[00:00:00.870,000] [0m<inf> bt_hci_core: Identity: D5:B6:CC:31:DB:3B (random)[0m
[00:00:00.870,000] [0m<inf> bt_hci_core: HCI: version 6.0 (0x0e) revision 0x30e8, manufacturer 0x0059[0m
[00:00:00.870,000] [0m<inf> bt_hci_core: LMP: version 6.0 (0x0e) subver 0x30e8[0m
[00:00:00.870,000] [0m<dbg> bttester: cmd_handler: Command returns status 0[0m
[00:00:00.870,000] [0m<dbg> bttester: tester_rsp_with_index: service 0x00 opcode 0x03 index 0xff status 0x00[0m
[00:00:00.900,000] [0m<dbg> bttester: cmd_handler: cmd service 0x01 opcode 0x01 index 0xff[0m
[00:00:00.900,000] [0m<dbg> bttester: cmd_handler: Command returns status 0[0m
[00:00:00.960,000] [0m<dbg> bttester: cmd_handler: cmd service 0x00 opcode 0x03 index 0xff[0m
[00:00:00.960,000] [0m<dbg> bttester: cmd_handler: Command returns status 0[0m
[00:00:00.960,000] [0m<dbg> bttester: tester_rsp_with_index: service 0x00 opcode 0x03 index 0xff status 0x00[0m
[00:00:00.990,000] [0m<dbg> bttester: cmd_handler: cmd service 0x04 opcode 0x01 index 0xff[0m
[00:00:00.990,000] [0m<dbg> bttester: cmd_handler: Command returns status 0[0m
[00:00:01.010,000] [0m<dbg> bttester: cmd_handler: cmd service 0x04 opcode 0x04 index 0x00[0m
[00:00:01.010,000] [1;33m<wrn> bttester_mesh: Loading default comp data[0m
[00:00:01.010,000] [1;33m<wrn> bt_mesh_access: Unused space in relation list: 2[0m
[00:00:01.010,000] [0m<dbg> bttester: cmd_handler: Command returns status 0[0m
[00:00:01.010,000] [0m<dbg> bttester: tester_rsp_with_index: service 0x04 opcode 0x04 index 0x00 status 0x00[0m
[00:00:01.060,000] [0m<dbg> bttester: cmd_handler: cmd service 0x01 opcode 0x03 index 0x00[0m
[00:00:01.060,000] [0m<dbg> bttester: cmd_handler: Command returns status 0[0m
[00:00:01.090,000] [0m<dbg> bttester: cmd_handler: cmd service 0x04 opcode 0x78 index 0x00[0m
[00:00:01.090,000] [0m<dbg> bttester_mesh: start: [0m
[00:00:01.090,000] [0m<inf> bt_mesh_provisionee: Device UUID: 00000000-0000-0000-0000-000000000000[0m
[00:00:01.190,000] [0m<inf> bt_mesh_provisionee: Device UUID: 00000000-0000-0000-0000-000000000000[0m
[00:00:01.190,000] [0m<dbg> bttester: cmd_handler: Command returns status 0[0m
[00:00:01.190,000] [0m<dbg> bttester: tester_rsp_with_index: service 0x04 opcode 0x78 index 0x00 status 0x00[0m

Stopped at 70.280s
