02:53:44:208    < BTP_CORE_EV_IUT_READY (0x00|0x80|0xff)
                  raw data (0): 00 80 ff 00 00|
02:53:44:708    > BTP_CORE_CMD_REGISTER_SERVICE (0x00|0x03|0xff)
                  raw data (1): 00 03 ff 01 00|01
02:53:45:045    < BTP_CORE_CMD_REGISTER_SERVICE (0x00|0x03|0xff)
                  raw data (0): 00 03 ff 00 00|
02:53:45:046    > BTP_GAP_CMD_READ_SUPPORTED_COMMANDS (0x01|0x01|0xff)
                  raw data (0): 01 01 ff 00 00|
02:53:45:090    < BTP_GAP_CMD_READ_SUPPORTED_COMMANDS (0x01|0x01|0xff)
                  raw data (6): 01 01 ff 06 00|6e ff 7f 1f fe 77
02:53:45:091    > BTP_CORE_CMD_REGISTER_SERVICE (0x00|0x03|0xff)
                  raw data (4): 00 03 ff 01 00|04
02:53:45:125    < BTP_CORE_CMD_REGISTER_SERVICE (0x00|0x03|0xff)
                  raw data (0): 00 03 ff 00 00|
02:53:45:136    > BTP_MESH_CMD_READ_SUPPORTED_COMMANDS (0x04|0x01|0xff)
                  raw data (0): 04 01 ff 00 00|
02:53:45:190    < BTP_MESH_CMD_READ_SUPPORTED_COMMANDS (0x04|0x01|0xff)
                  raw data (16): 
                  04 01 ff 10 00|fe ff 7f ff ff ff ff ff ff ff ff 
                  fe ff f1 87 01
02:53:45:196    > BTP_MESH_CMD_INIT (0x04|0x04|0x00)
                  raw data (1): 04 04 00 01 00|00
02:53:45:243    < BTP_MESH_CMD_INIT (0x04|0x04|0x00)
                  raw data (0): 04 04 00 00 00|
02:53:45:254    > BTP_CORE_CMD_REGISTER_SERVICE (0x00|0x03|0xff)
                  raw data (5): 00 03 ff 01 00|05
02:53:45:285    < BTP_CORE_CMD_REGISTER_SERVICE (0x00|0x03|0xff)
                  raw data (0): 00 03 ff 00 00|
02:53:45:296    > BTP_MMDL_CMD_READ_SUPPORTED_COMMANDS (0x05|0x01|0xff)
                  raw data (0): 05 01 ff 00 00|
02:53:45:350    < BTP_ERROR (0x05|0x00|0xff) Unknown Command
                  raw data (1): 05 00 ff 01 00 02
02:53:45:361    > BTP_GAP_CMD_READ_CONTROLLER_INFO (0x01|0x03|0x00)
                  raw data (0): 01 03 00 00 00|
02:53:45:411    < BTP_GAP_CMD_READ_CONTROLLER_INFO (0x01|0x03|0x00)
                  raw data (277): 
                  01 03 00 15 01|00 00 00 00 00 00 13 06 02 00 13 
                  02 00 00 00 00 00 62 74 70 5f 74 65 73 74 65 72 
                  00 00 00 00 00 00 00 00 00 00 00 00 00 00 00 00 
                  00 00 00 00 00 00 00 00 00 00 00 00 00 00 00 00 
                  00 00 00 00 00 00 00 00 00 00 00 00 00 00 00 00 
                  00 00 00 00 00 00 00 00 00 00 00 00 00 00 00 00 
                  00 00 00 00 00 00 00 00 00 00 00 00 00 00 00 00 
                  00 00 00 00 00 00 00 00 00 00 00 00 00 00 00 00 
                  00 00 00 00 00 00 00 00 00 00 00 00 00 00 00 00 
                  00 00 00 00 00 00 00 00 00 00 00 00 00 00 00 00 
                  00 00 00 00 00 00 00 00 00 00 00 00 00 00 00 00 
                  00 00 00 00 00 00 00 00 00 00 00 00 00 00 00 00 
                  00 00 00 00 00 00 00 00 00 00 00 00 00 00 00 00 
                  00 00 00 00 00 00 00 00 00 00 00 00 00 00 00 00 
                  00 00 00 00 00 00 00 00 00 00 00 00 00 00 00 00 
                  00 00 00 00 00 00 00 00 00 00 00 00 00 00 00 00 
                  00 00 00 00 00 00 00 00 00 00 00 00 00 00 00 00 
                  00 00 00 00 00 00 00 00 00 00
02:53:47:440    > BTP_MESH_CMD_CONFIG_PROVISIONING (0x04|0x02|0x00)
                  raw data (56): 
                  04 02 00 38 00|47 46 9d b1 1e be 41 3f b4 38 e3 
                  18 d2 16 f8 fa 00 00 00 00 00 00 00 00 00 00 00 
                  00 00 00 00 00 00 00 00 00 00 00 00 00 00 00 00 
                  00 00 00 00 00 10 02 10 00 01 08 00 00
02:53:47:460    < BTP_MESH_CMD_CONFIG_PROVISIONING (0x04|0x02|0x00)
                  raw data (0): 04 02 00 00 00|
02:53:47:465    > BTP_MESH_CMD_START (0x04|0x78|0x00)
                  raw data (0): 04 78 00 00 00|
02:53:47:615    < BTP_MESH_CMD_START (0x04|0x78|0x00)
                  raw data (0): 04 78 00 00 00|
02:53:47:835    < BTP_MESH_EV_PROV_LINK_OPEN (0x04|0x84|0x00)
                  raw data (1): 04 84 00 01 00|00
02:53:50:455    < BTP_MESH_EV_PROVISIONED (0x04|0x83|0x00)
                  raw data (0): 04 83 00 00 00|
02:53:52:103    < BTP_MESH_EV_PROV_LINK_CLOSED (0x04|0x85|0x00)
                  raw data (1): 04 85 00 01 00|00
02:53:53:235    < BTP_MESH_EV_NET_RECV (0x04|0x86|0x00)
                  raw data (22): 
                  04 86 00 16 00|03 00 01 00 02 00 0f 80 80 00 00 
                  a2 f7 5e 5e 95 c5 9b 6f 2b a8 f6
02:53:53:235    < BTP_MESH_EV_MODEL_RECV (0x04|0x8f|0x00)
                  raw data (8): 04 8f 00 08 00|01 00 02 00 03 80 08 7f
02:53:53:535    < BTP_MESH_EV_NET_RECV (0x04|0x86|0x00)
                  raw data (22): 
                  04 86 00 16 00|03 00 01 00 02 00 0f 80 80 04 00 
                  c2 e1 d3 6a 2f 8b 0b 7c 59 ff ea
02:53:53:536    < BTP_MESH_EV_MODEL_RECV (0x04|0x8f|0x00)
                  raw data (8): 04 8f 00 08 00|01 00 02 00 03 80 08 01
02:53:54:616    < BTP_MESH_EV_NET_RECV (0x04|0x86|0x00)
                  raw data (14): 
                  04 86 00 0e 00|07 01 01 00 02 00 07 00 00 0c 00 
                  00 00 07
02:53:54:715    < BTP_MESH_EV_NET_RECV (0x04|0x86|0x00)
                  raw data (14): 
                  04 86 00 0e 00|07 01 01 00 02 00 07 00 00 0c 00 
                  00 00 0f
02:53:54:856    < BTP_MESH_EV_NET_RECV (0x04|0x86|0x00)
                  raw data (22): 
                  04 86 00 16 00|03 00 01 00 02 00 0f 80 80 10 00 
                  44 28 44 4e f8 a4 23 7e 81 b5 c4
02:53:54:857    < BTP_MESH_EV_MODEL_RECV (0x04|0x8f|0x00)
                  raw data (8): 04 8f 00 08 00|01 00 02 00 03 80 08 00
02:53:55:695    < BTP_MESH_EV_NET_RECV (0x04|0x86|0x00)
                  raw data (14): 
                  04 86 00 0e 00|07 01 01 00 02 00 07 00 00 20 00 
                  00 00 07
02:53:55:915    < BTP_MESH_EV_NET_RECV (0x04|0x86|0x00)
                  raw data (14): 
                  04 86 00 0e 00|07 01 01 00 02 00 07 00 00 20 00 
                  00 00 0f
02:53:56:195    < BTP_MESH_EV_NET_RECV (0x04|0x86|0x00)
                  raw data (14): 
                  04 86 00 0e 00|07 01 01 00 02 00 07 00 00 20 00 
                  00 00 1f
02:53:56:655    < BTP_MESH_EV_NET_RECV (0x04|0x86|0x00)
                  raw data (14): 
                  04 86 00 0e 00|07 01 01 00 02 00 07 00 00 20 00 
                  00 00 3f
02:53:56:795    < BTP_MESH_EV_NET_RECV (0x04|0x86|0x00)
                  raw data (14): 
                  04 86 00 0e 00|07 01 01 00 02 00 07 00 00 20 00 
                  00 00 7f
02:53:56:915    < BTP_MESH_EV_NET_RECV (0x04|0x86|0x00)
                  raw data (23): 
                  04 86 00 17 00|03 00 01 00 02 00 10 80 00 28 01 
                  67 51 b8 e2 23 0f f5 a6 8d 8b e2 40
02:53:57:275    < BTP_MESH_EV_NET_RECV (0x04|0x86|0x00)
                  raw data (23): 
                  04 86 00 17 00|03 00 01 00 02 00 10 80 00 28 21 
                  29 dc 5c 7e fd 81 48 71 e4 c0 c1 21
02:53:57:275    < BTP_MESH_EV_MODEL_RECV (0x04|0x8f|0x00)
                  raw data (25): 
                  04 8f 00 19 00|01 00 02 00 14 00 00 00 00 19 c5 
                  14 46 5c c5 27 0d 53 17 d2 eb d2 fa d1 6d
02:53:57:515    < BTP_MESH_EV_NET_RECV (0x04|0x86|0x00)
                  raw data (23): 
                  04 86 00 17 00|03 00 01 00 02 00 10 80 00 34 00 
                  69 21 6d 05 c6 da e3 5b 86 ab dc e9
02:53:57:515    < BTP_MESH_EV_MODEL_RECV (0x04|0x8f|0x00)
                  raw data (13): 
                  04 8f 00 0d 00|01 00 02 00 08 80 3d 02 00 00 00 
                  02 00
02:53:57:895    < BTP_MESH_EV_NET_RECV (0x04|0x86|0x00)
                  raw data (23): 
                  04 86 00 17 00|03 00 01 00 02 00 10 80 00 38 00 
                  c9 d1 65 d9 cb d1 91 9d fc f0 65 46
02:53:57:895    < BTP_MESH_EV_MODEL_RECV (0x04|0x8f|0x00)
                  raw data (13): 
                  04 8f 00 0d 00|01 00 02 00 08 80 3d 02 00 00 00 
                  03 00
02:53:58:255    < BTP_MESH_EV_NET_RECV (0x04|0x86|0x00)
                  raw data (23): 
                  04 86 00 17 00|03 00 01 00 02 00 10 80 00 3c 00 
                  de f7 69 a2 1b 43 fe 1d 25 02 b4 4d
02:53:58:256    < BTP_MESH_EV_MODEL_RECV (0x04|0x8f|0x00)
                  raw data (13): 
                  04 8f 00 0d 00|01 00 02 00 08 80 3d 02 00 00 00 
                  14 00
02:53:58:635    < BTP_MESH_EV_NET_RECV (0x04|0x86|0x00)
                  raw data (23): 
                  04 86 00 17 00|03 00 01 00 02 00 10 80 00 40 00 
                  fe 8f 50 b9 5f dc 55 90 df 56 92 56
02:53:58:635    < BTP_MESH_EV_MODEL_RECV (0x04|0x8f|0x00)
                  raw data (13): 
                  04 8f 00 0d 00|01 00 02 00 08 80 3d 03 00 00 00 
                  01 14
02:53:59:015    < BTP_MESH_EV_NET_RECV (0x04|0x86|0x00)
                  raw data (23): 
                  04 86 00 17 00|03 00 01 00 02 00 10 80 00 44 00 
                  36 2a 7f b7 46 a1 96 b6 99 2d 85 a6
02:53:59:015    < BTP_MESH_EV_MODEL_RECV (0x04|0x8f|0x00)
                  raw data (13): 
                  04 8f 00 0d 00|01 00 02 00 08 80 3d 03 00 00 00 
                  03 14
02:53:59:395    < BTP_MESH_EV_NET_RECV (0x04|0x86|0x00)
                  raw data (23): 
                  04 86 00 17 00|03 00 01 00 02 00 10 80 00 48 00 
                  5e ea d4 e6 bf 84 00 f6 e2 3a 40 4b
02:53:59:395    < BTP_MESH_EV_MODEL_RECV (0x04|0x8f|0x00)
                  raw data (13): 
                  04 8f 00 0d 00|01 00 02 00 08 80 3d 03 00 00 00 
                  00 14
02:53:59:762    < BTP_MESH_EV_NET_RECV (0x04|0x86|0x00)
                  raw data (23): 
                  04 86 00 17 00|03 00 01 00 02 00 10 80 00 4c 00 
                  8a 1a c0 9f 00 92 a8 fe 11 e6 02 26
02:53:59:762    < BTP_MESH_EV_MODEL_RECV (0x04|0x8f|0x00)
                  raw data (13): 
                  04 8f 00 0d 00|01 00 02 00 08 80 3d 03 00 00 00 
                  04 14
02:54:00:135    < BTP_MESH_EV_NET_RECV (0x04|0x86|0x00)
                  raw data (23): 
                  04 86 00 17 00|03 00 01 00 02 00 10 80 00 50 00 
                  a5 c6 09 5b e2 1d 36 e6 01 ac fa 04
02:54:00:136    < BTP_MESH_EV_MODEL_RECV (0x04|0x8f|0x00)
                  raw data (13): 
                  04 8f 00 0d 00|01 00 02 00 08 80 3d 04 00 00 00 
                  01 14
02:54:00:735    < BTP_MESH_EV_NET_RECV (0x04|0x86|0x00)
                  raw data (14): 
                  04 86 00 0e 00|07 01 01 00 02 00 07 00 00 20 00 
                  00 00 7f
02:54:01:675    < BTP_MESH_EV_NET_RECV (0x04|0x86|0x00)
                  raw data (21): 
                  04 86 00 15 00|03 00 01 00 03 00 0e e3 80 58 00 
                  ca 4f 94 38 74 42 cb df 38 8d
02:54:01:675    < BTP_MESH_EV_MODEL_RECV (0x04|0x8f|0x00)
                  raw data (7): 04 8f 00 07 00|01 00 03 00 02 83 18
02:54:01:935    < BTP_MESH_EV_NET_RECV (0x04|0x86|0x00)
                  raw data (21): 
                  04 86 00 15 00|03 00 01 00 03 00 0e e3 80 5c 00 
                  14 54 6e 89 bc 30 52 d6 0d 13
02:54:01:935    < BTP_MESH_EV_MODEL_RECV (0x04|0x8f|0x00)
                  raw data (7): 04 8f 00 07 00|01 00 03 00 02 83 12
02:54:02:195    < BTP_MESH_EV_NET_RECV (0x04|0x86|0x00)
                  raw data (21): 
                  04 86 00 15 00|03 00 01 00 03 00 0e e3 80 60 00 
                  a9 52 b2 46 32 a5 99 f7 29 86
02:54:02:196    < BTP_MESH_EV_MODEL_RECV (0x04|0x8f|0x00)
                  raw data (7): 04 8f 00 07 00|01 00 03 00 02 83 21
02:54:02:555    < BTP_MESH_EV_NET_RECV (0x04|0x86|0x00)
                  raw data (21): 
                  04 86 00 15 00|03 00 01 00 03 00 0e e3 80 64 00 
                  12 df da ce 8c bd 8f 6f 17 e0
02:54:02:556    < BTP_MESH_EV_MODEL_RECV (0x04|0x8f|0x00)
                  raw data (7): 04 8f 00 07 00|01 00 03 00 02 83 26
02:54:02:955    < BTP_MESH_EV_NET_RECV (0x04|0x86|0x00)
                  raw data (23): 
                  04 86 00 17 00|03 00 01 00 03 00 10 e3 00 68 02 
                  d5 9b dd 8a 22 c6 2f 54 7e 08 b0 3a
02:54:02:995    < BTP_MESH_EV_NET_RECV (0x04|0x86|0x00)
                  raw data (23): 
                  04 86 00 17 00|03 00 01 00 03 00 10 e3 00 68 22 
                  6d 72 00 f7 ac 8f f0 92 71 97 d5 40
02:54:03:015    < BTP_MESH_EV_NET_RECV (0x04|0x86|0x00)
                  raw data (21): 
                  04 86 00 15 00|03 00 01 00 03 00 0e e3 00 68 42 
                  9d 8a 2c c8 2c f9 30 63 61 77
02:54:03:015    < BTP_MESH_EV_MODEL_RECV (0x04|0x8f|0x00)
                  raw data (35): 
                  04 8f 00 23 00|01 00 03 00 1e 83 1f 07 06 00 af 
                  1e 42 7d c0 60 72 60 50 00 00 00 08 11 00 00 00 
                  00 00 00 11 11 00 00 11
02:54:03:295    < BTP_MESH_EV_NET_RECV (0x04|0x86|0x00)
                  raw data (21): 
                  04 86 00 15 00|03 00 01 00 03 00 0e e3 80 74 00 
                  52 a3 25 0b 9f 0b b0 da 21 96
02:54:03:295    < BTP_MESH_EV_MODEL_RECV (0x04|0x8f|0x00)
                  raw data (7): 04 8f 00 07 00|01 00 03 00 02 83 06
02:54:03:895    < BTP_MESH_EV_NET_RECV (0x04|0x86|0x00)
                  raw data (14): 
                  04 86 00 0e 00|07 01 01 00 03 00 07 00 00 b8 00 
                  00 00 03
02:54:04:015    < BTP_MESH_EV_NET_RECV (0x04|0x86|0x00)
                  raw data (21): 
                  04 86 00 15 00|03 00 01 00 03 00 0e e3 80 7c 00 
                  16 35 1c bc c9 54 b3 7b 75 07
02:54:04:016    < BTP_MESH_EV_MODEL_RECV (0x04|0x8f|0x00)
                  raw data (7): 04 8f 00 07 00|01 00 03 00 02 83 00
02:54:04:535    < BTP_MESH_EV_NET_RECV (0x04|0x86|0x00)
                  raw data (14): 
                  04 86 00 0e 00|07 01 01 00 03 00 07 00 00 c4 00 
                  00 00 03
02:54:04:675    < BTP_MESH_EV_NET_RECV (0x04|0x86|0x00)
                  raw data (23): 
                  04 86 00 17 00|03 00 01 00 03 00 10 e3 00 84 01 
                  36 94 b8 7c 67 ee b8 14 e3 27 5a 92
02:54:04:715    < BTP_MESH_EV_NET_RECV (0x04|0x86|0x00)
                  raw data (21): 
                  04 86 00 15 00|03 00 01 00 03 00 0e e3 00 84 21 
                  6a de 85 3d a0 b8 a0 02 fd d9
02:54:04:715    < BTP_MESH_EV_MODEL_RECV (0x04|0x8f|0x00)
                  raw data (23): 
                  04 8f 00 17 00|01 00 03 00 12 83 01 40 af 1e 42 
                  7d c0 60 72 60 50 00 00 00 08 ff ff
02:54:05:495    < BTP_MESH_EV_NET_RECV (0x04|0x86|0x00)
                  raw data (14): 
                  04 86 00 0e 00|07 01 01 00 03 00 07 00 00 d0 00 
                  00 00 07
02:54:05:615    < BTP_MESH_EV_NET_RECV (0x04|0x86|0x00)
                  raw data (21): 
                  04 86 00 15 00|03 00 01 00 03 00 0e e3 00 90 00 
                  dd 77 ce 7e 33 56 f4 55 4a f7
02:54:05:615    < BTP_MESH_EV_MODEL_RECV (0x04|0x8f|0x00)
                  raw data (11): 04 8f 00 0b 00|01 00 03 00 06 83 04 00 00 00 01
02:54:05:915    < BTP_MESH_EV_NET_RECV (0x04|0x86|0x00)
                  raw data (21): 
                  04 86 00 15 00|03 00 01 00 03 00 0e e3 80 94 00 
                  8b df 6c 1d 5b 12 0b 71 98 e5
02:54:05:916    < BTP_MESH_EV_MODEL_RECV (0x04|0x8f|0x00)
                  raw data (7): 04 8f 00 07 00|01 00 03 00 02 83 00
02:54:06:815    < BTP_MESH_EV_NET_RECV (0x04|0x86|0x00)
                  raw data (14): 
                  04 86 00 0e 00|07 01 01 00 03 00 07 00 00 e8 00 
                  00 00 07
02:54:06:955    < BTP_MESH_EV_NET_RECV (0x04|0x86|0x00)
                  raw data (23): 
                  04 86 00 17 00|03 00 01 00 03 00 10 e3 80 9c 07 
                  6a 0d 57 b0 f8 34 d7 99 65 a8 ac 80
02:54:06:995    < BTP_MESH_EV_NET_RECV (0x04|0x86|0x00)
                  raw data (23): 
                  04 86 00 17 00|03 00 01 00 03 00 10 e3 80 9c 27 
                  42 62 14 c4 32 44 7a a9 3f a6 6b 8e
02:54:07:055    < BTP_MESH_EV_NET_RECV (0x04|0x86|0x00)
                  raw data (23): 
                  04 86 00 17 00|03 00 01 00 03 00 10 e3 80 9c 47 
                  e3 c7 3a 1e 7d 32 03 4f 59 29 c8 32
02:54:07:095    < BTP_MESH_EV_NET_RECV (0x04|0x86|0x00)
                  raw data (23): 
                  04 86 00 17 00|03 00 01 00 03 00 10 e3 80 9c 67 
                  cf 91 e7 86 2c 94 b8 d1 e1 ca ea 6d
02:54:07:135    < BTP_MESH_EV_NET_RECV (0x04|0x86|0x00)
                  raw data (23): 
                  04 86 00 17 00|03 00 01 00 03 00 10 e3 80 9c 87 
                  f0 4d 0a 41 b8 1a 52 d0 66 61 2b 82
02:54:07:195    < BTP_MESH_EV_NET_RECV (0x04|0x86|0x00)
                  raw data (23): 
                  04 86 00 17 00|03 00 01 00 03 00 10 e3 80 9c a7 
                  15 a8 1f 6e 8a db 91 a4 df 17 ae e4
02:54:07:235    < BTP_MESH_EV_NET_RECV (0x04|0x86|0x00)
                  raw data (23): 
                  04 86 00 17 00|03 00 01 00 03 00 10 e3 80 9c c7 
                  7c fa dd a8 e6 02 b1 99 b2 11 91 8c
02:54:07:275    < BTP_MESH_EV_NET_RECV (0x04|0x86|0x00)
                  raw data (18): 
                  04 86 00 12 00|03 00 01 00 03 00 0b e3 80 9c e7 
                  eb 80 80 59 4b 48 07
02:54:07:276    < BTP_MESH_EV_MODEL_RECV (0x04|0x8f|0x00)
                  raw data (88): 
                  04 8f 00 58 00|01 00 03 00 53 66 00 00 31 31 31 
                  31 31 31 31 31 31 31 31 31 31 31 31 31 31 31 31 
                  31 31 31 31 31 31 31 31 31 31 31 31 31 31 31 31 
                  31 31 31 31 31 31 31 31 31 31 31 31 31 31 31 31 
                  31 31 31 31 31 31 31 31 31 31 31 31 31 31 31 31 
                  31 31 31 31 31 31 31 31 31 31 31 31 31
02:54:07:415    < BTP_MESH_EV_NET_RECV (0x04|0x86|0x00)
                  raw data (21): 
                  04 86 00 15 00|03 00 01 00 03 00 0e e3 80 bc 00 
                  95 ce e3 30 55 7b 14 74 12 55
02:54:07:415    < BTP_MESH_EV_MODEL_RECV (0x04|0x8f|0x00)
                  raw data (7): 04 8f 00 07 00|01 00 03 00 02 83 05
02:54:07:655    < BTP_MESH_EV_NET_RECV (0x04|0x86|0x00)
                  raw data (21): 
                  04 86 00 15 00|03 00 01 00 03 00 0e e3 80 c0 00 
                  3b b5 de cb 5d 43 d8 83 af a8
02:54:07:656    < BTP_MESH_EV_MODEL_RECV (0x04|0x8f|0x00)
                  raw data (7): 04 8f 00 07 00|01 00 03 00 02 83 00
02:54:08:535    < BTP_MESH_EV_NET_RECV (0x04|0x86|0x00)
                  raw data (14): 
                  04 86 00 0e 00|07 01 01 00 03 00 07 00 01 04 00 
                  00 00 07
02:54:09:135    < BTP_MESH_EV_NET_RECV (0x04|0x86|0x00)
                  raw data (21): 
                  04 86 00 15 00|03 00 01 00 03 00 0e e3 80 c8 00 
                  af 5b fa 47 8a 1c 40 b3 dd 11
02:54:09:136    < BTP_MESH_EV_MODEL_RECV (0x04|0x8f|0x00)
                  raw data (7): 04 8f 00 07 00|01 00 03 00 02 83 1e
02:54:09:435    < BTP_MESH_EV_NET_RECV (0x04|0x86|0x00)
                  raw data (20): 
                  04 86 00 14 00|03 00 01 00 03 00 0d e3 00 d0 00 
                  35 cf 2f 99 39 15 46 9b 28
02:54:09:436    < BTP_MESH_EV_MODEL_RECV (0x04|0x8f|0x00)
                  raw data (10): 04 8f 00 0a 00|01 00 03 00 05 83 11 64 00 00
02:54:09:815    < BTP_MESH_EV_NET_RECV (0x04|0x86|0x00)
                  raw data (19): 
                  04 86 00 13 00|03 00 01 00 03 00 0c e3 80 d4 21 
                  d7 e8 24 e1 e8 f9 00 38
02:54:10:075    < BTP_MESH_EV_NET_RECV (0x04|0x86|0x00)
                  raw data (23): 
                  04 86 00 17 00|03 00 01 00 03 00 10 e3 80 d4 01 
                  50 dd 51 5b c2 3f 08 0c 2f 18 94 2f
02:54:10:076    < BTP_MESH_EV_MODEL_RECV (0x04|0x8f|0x00)
                  raw data (17): 
                  04 8f 00 11 00|01 00 03 00 0c 83 19 00 00 ff 06 
                  00 01 00 00 00 00
02:54:10:595    < BTP_MESH_EV_NET_RECV (0x04|0x86|0x00)
                  raw data (14): 
                  04 86 00 0e 00|07 01 01 00 03 00 07 00 01 2c 00 
                  00 00 03
02:54:10:855    < BTP_MESH_EV_NET_RECV (0x04|0x86|0x00)
                  raw data (14): 
                  04 86 00 0e 00|07 01 64 00 03 00 07 00 01 28 00 
                  00 00 07
02:54:11:115    < BTP_MESH_EV_NET_RECV (0x04|0x86|0x00)
                  raw data (23): 
                  04 86 00 17 00|03 00 64 00 03 00 10 e3 80 e8 01 
                  d0 e9 63 c5 47 d0 06 8f 09 c3 38 93
02:54:11:155    < BTP_MESH_EV_NET_RECV (0x04|0x86|0x00)
                  raw data (23): 
                  04 86 00 17 00|03 00 64 00 03 00 10 e3 80 e8 21 
                  b1 87 ca b0 27 46 e4 ef 98 23 61 4e
02:54:11:156    < BTP_MESH_EV_MODEL_RECV (0x04|0x8f|0x00)
                  raw data (21): 
                  04 8f 00 15 00|64 00 03 00 10 83 10 40 ff 00 06 
                  00 b2 fc de d0 86 fe a5 51 00
02:54:11:315    < BTP_MESH_EV_NET_RECV (0x04|0x86|0x00)
                  raw data (21): 
                  04 86 00 15 00|03 00 01 00 03 00 0e e3 00 f0 00 
                  c1 37 b0 8a 1a 84 ff ef 00 1b
02:54:11:316    < BTP_MESH_EV_MODEL_RECV (0x04|0x8f|0x00)
                  raw data (11): 04 8f 00 0b 00|01 00 03 00 06 83 25 11 00 00 11
02:54:11:675    < BTP_MESH_EV_NET_RECV (0x04|0x86|0x00)
                  raw data (23): 
                  04 86 00 17 00|03 00 64 00 03 00 10 e3 80 f8 01 
                  ff 70 ca 45 1b e3 f3 51 36 27 77 5c
02:54:11:715    < BTP_MESH_EV_NET_RECV (0x04|0x86|0x00)
                  raw data (22): 
                  04 86 00 16 00|03 00 64 00 03 00 0f e3 80 f8 21 
                  10 00 f5 12 07 43 83 15 90 25 70
02:54:11:716    < BTP_MESH_EV_MODEL_RECV (0x04|0x8f|0x00)
                  raw data (20): 
                  04 8f 00 14 00|64 00 03 00 0f 83 07 06 16 23 00 
                  23 00 ff ff 00 00 ff 00 01
02:54:11:775    < BTP_MESH_EV_NET_RECV (0x04|0x86|0x00)
                  raw data (23): 
                  04 86 00 17 00|03 00 64 00 03 00 10 e3 80 f8 01 
                  ff 70 ca 45 1b e3 f3 51 36 27 77 5c
02:54:11:815    < BTP_MESH_EV_NET_RECV (0x04|0x86|0x00)
                  raw data (22): 
                  04 86 00 16 00|03 00 64 00 03 00 0f e3 80 f8 21 
                  10 00 f5 12 07 43 83 15 90 25 70
02:54:11:935    < BTP_MESH_EV_NET_RECV (0x04|0x86|0x00)
                  raw data (21): 
                  04 86 00 15 00|03 00 01 00 03 00 0e e3 81 08 00 
                  7b 48 55 5f 6a 29 aa 64 89 d7
02:54:11:936    < BTP_MESH_EV_MODEL_RECV (0x04|0x8f|0x00)
                  raw data (7): 04 8f 00 07 00|01 00 03 00 02 83 26
02:54:12:355    < BTP_MESH_EV_NET_RECV (0x04|0x86|0x00)
                  raw data (14): 
                  04 86 00 0e 00|07 01 64 00 03 00 07 00 01 50 00 
                  00 00 03
