Applying system reset.
Run.
< 2022/02/26 09:12:29.244022  length=5 from=0 to=4
 00 80 ff 00 00                                   .....
--
> 2022/02/26 09:12:29.337614  length=6 from=0 to=5
 00 03 ff 01 00 01                                ......
--
< 2022/02/26 09:12:29.353331  length=5 from=5 to=9
 00 03 ff 00 00                                   .....
--
> 2022/02/26 09:12:29.431294  length=5 from=6 to=10
 01 03 00 00 00                                   .....
--
< 2022/02/26 09:12:29.618865  length=149 from=10 to=158
 01 03 00 15 01 36 a7 20 ad 80 fc 13 06 00 00 13  .....6. ........
 82 00 00 00 00 00 62 74 70 5f 74 65 73 74 65 72  ......btp_tester
 00 00 00 00 00 00 00 00 00 00 00 00 00 00 00 00  ................
 00 00 00 00 00 00 00 00 00 00 00 00 00 00 00 00  ................
 00 00 00 00 00 00 00 00 00 00 00 00 00 00 00 00  ................
 00 00 00 00 00 00 00 00 00 00 00 00 00 00 00 00  ................
 00 00 00 00 00 00 00 00 00 00 00 00 00 00 00 00  ................
 00 00 00 00 00 00 00 00 00 00 00 00 00 00 00 00  ................
 00 00 00 00 00 00 00 00 00 00 00 00 00 00 00 00  ................
 00 00 00 00 00                                   .....
--
< 2022/02/26 09:12:29.621048  length=34 from=159 to=192
 00 00 00 00 00 00 00 00 00 00 00 00 00 00 00 00  ................
 00 00 00 00 00 00 00 00 00 00 00 00 00 00 00 00  ................
 00 00                                            ..
--
< 2022/02/26 09:12:29.634401  length=99 from=193 to=291
 00 00 00 00 00 00 00 00 00 00 00 00 00 00 00 00  ................
 00 00 00 00 00 00 00 00 00 00 00 00 00 00 00 00  ................
 00 00 00 00 00 00 00 00 00 00 00 00 00 00 00 00  ................
 00 00 00 00 00 00 00 00 00 00 00 00 00 00 00 00  ................
 00 00 00 00 00 00 00 00 00 00 00 00 00 00 00 00  ................
 00 00 00 00 00 00 00 00 00 00 00 00 00 00 00 00  ................
 00 00 00                                         ...
--
> 2022/02/26 09:12:29.696870  length=6 from=11 to=16
 00 03 ff 01 00 02                                ......
--
< 2022/02/26 09:12:29.712620  length=5 from=292 to=296
 00 03 ff 00 00                                   .....
--
> 2022/02/26 09:12:29.790565  length=9 from=17 to=25
 02 02 00 04 00 00 02 0a                          ........
 18                                               .
--
< 2022/02/26 09:12:29.806249  length=7 from=297 to=303
 02 02 00 02 00 00 00                             .......
--
> 2022/02/26 09:12:29.884314  length=12 from=26 to=37
 02 03 00 07 00 00 00 02 01 02 29 2a              ..........)*
--
< 2022/02/26 09:12:29.899971  length=7 from=304 to=310
 02 03 00 02 00 00 00                             .......
--
> 2022/02/26 09:12:29.978047  length=12 from=38 to=49
 02 03 00 07 00 00 00 02 01 02 24 2a              ..........$*
--
< 2022/02/26 09:12:29.993811  length=7 from=311 to=317
 02 03 00 02 00 00 00                             .......
--
> 2022/02/26 09:12:30.118632  length=12 from=50 to=61
 02 03 00 07 00 00 00 02 01 02 25 2a              ..........%*
--
< 2022/02/26 09:12:30.134408  length=7 from=318 to=324
 02 03 00 02 00 00 00                             .......
--
> 2022/02/26 09:12:30.306091  length=12 from=62 to=73
 02 03 00 07 00 00 00 02 01 02 27 2a              ..........'*
--
< 2022/02/26 09:12:30.321844  length=7 from=325 to=331
 02 03 00 02 00 00 00                             .......
--
> 2022/02/26 09:12:30.446679  length=12 from=74 to=85
 02 03 00 07 00 00 00 02 01 02 26 2a              ..........&*
--
< 2022/02/26 09:12:30.462361  length=7 from=332 to=338
 02 03 00 02 00 00 00                             .......
--
> 2022/02/26 09:12:30.540416  length=12 from=86 to=97
 02 03 00 07 00 00 00 02 01 02 28 2a              ..........(*
--
< 2022/02/26 09:12:30.556125  length=7 from=339 to=345
 02 03 00 02 00 00 00                             .......
--
> 2022/02/26 09:12:30.649817  length=12 from=98 to=109
 02 03 00 07 00 00 00 02 01 02 50 2a              ..........P*
--
< 2022/02/26 09:12:30.665526  length=7 from=346 to=352
 02 03 00 02 00 00 00                             .......
--
> 2022/02/26 09:12:30.759115  length=16 from=110 to=125
 02 06 00 0b 00 00 00 07 00 01 00 e5 fe 11 00 11  ................
--
< 2022/02/26 09:12:30.774876  length=5 from=353 to=357
 02 06 00 00 00                                   .....
--
> 2022/02/26 09:12:30.821599  length=5 from=126 to=130
 02 07 00 00 00                                   .....
--
< 2022/02/26 09:12:30.837322  length=8 from=358 to=365
 02 07 00 03 00 70 60 00                          .....p`.
--
> 2022/02/26 09:12:33.055454  length=27 from=131 to=157
 01 0a                                            ..
 00 16 00 0f 00 09 0d 54 65 73 74 65 72 5f 36 30  .......Tester_60
 31 35 42 39 ff ff ff ff 00                       15B9.....
--
< 2022/02/26 09:12:33.071184  length=9 from=366 to=374
 01 0a                                            ..
 00 04 00 13 86 00 00                             .......
--
< 2022/02/26 09:12:33.493407  length=18 from=375 to=392
 01 82 00 0d 00 00 b9 15 60 e8 07 c0 38 00 00 00  ........`...8...
 d0 07                                            ..
--
< 2022/02/26 09:12:38.468235  length=12 from=393 to=404
 01 83 00 07 00 00 b9 15 60 e8 07 c0              ........`...
--
