*** Booting Zephyr OS build v4.0.0-3179-gcbf867ff2cc8 ***
[00:00:00.253,356] <dbg> bttester: tester_init: Initializing tester
[00:00:06.039,367] <dbg> bttester: cmd_handler: cmd service 0x00 opcode 0x03 index 0xff
[00:00:06.068,450] <inf> bt_hci_core: HW Platform: Nordic Semiconductor (0x0002)
[00:00:06.068,481] <inf> bt_hci_core: HW Variant: nRF53x (0x0003)
[00:00:06.068,511] <inf> bt_hci_core: Firmware: Standard Bluetooth controller (0x00) Version 4.0 Build 99
[00:00:06.070,495] <wrn> net_buf: Timeout discarded. No blocking in syswq
[00:00:06.070,709] <inf> bt_hci_core: Identity: D7:B8:1B:0B:51:C3 (random)
[00:00:06.070,739] <inf> bt_hci_core: HCI: version 5.4 (0x0d) revision 0x0000, manufacturer 0x05f1
[00:00:06.070,739] <inf> bt_hci_core: LMP: version 5.4 (0x0d) subver 0xffff
[00:00:06.070,770] <dbg> bttester: tester_rsp_with_index: service 0x00 opcode 0x03 index 0xff status 0x00
[00:00:06.087,310] <dbg> bttester: cmd_handler: cmd service 0x01 opcode 0x03 index 0x00
[00:00:06.509,063] <dbg> bttester: cmd_handler: cmd service 0x00 opcode 0x03 index 0xff
[00:00:06.509,124] <dbg> bttester: tester_rsp_with_index: service 0x00 opcode 0x03 index 0xff status 0x00
[00:00:06.573,150] <dbg> bttester: cmd_handler: cmd service 0x01 opcode 0x08 index 0x00
[00:00:06.605,407] <dbg> bttester: cmd_handler: cmd service 0x00 opcode 0x03 index 0xff
[00:00:06.605,987] <dbg> bttester: tester_rsp_with_index: service 0x00 opcode 0x03 index 0xff status 0x00
[00:00:06.648,101] <dbg> bttester: cmd_handler: cmd service 0x00 opcode 0x03 index 0xff
[00:00:06.648,101] <dbg> bttester: tester_rsp_with_index: service 0x00 opcode 0x03 index 0xff status 0x00
[00:00:06.736,358] <dbg> bttester: cmd_handler: cmd service 0x00 opcode 0x03 index 0xff
[00:00:06.736,480] <dbg> bttester: tester_rsp_with_index: service 0x00 opcode 0x03 index 0xff status 0x00
[00:00:06.773,925] <dbg> bttester: cmd_handler: cmd service 0x01 opcode 0x21 index 0x00
[00:00:06.773,956] <dbg> bttester_gap: set_extended_advertising: ext adv settings: 1
[00:00:06.825,714] <dbg> bttester: cmd_handler: cmd service 0x01 opcode 0x0a index 0x00
[00:00:06.916,320] <dbg> bttester: cmd_handler: cmd service 0x0e opcode 0x0a index 0x00
[00:00:06.916,351] <dbg> bttester_bap_broadcast: btp_bap_broadcast_sink_setup: 
[00:00:06.916,473] <dbg> bttester: tester_rsp_with_index: service 0x0e opcode 0x0a index 0x00 status 0x00
[00:00:13.323,822] <dbg> bttester_gap: le_connected: C0:07:E8:1C:28:DF (public): 0x00
[00:00:13.323,852] <dbg> bttester: tester_event: service 0x01 opcode 0x82
[00:00:13.325,347] <dbg> bttester: tester_event: service 0x01 opcode 0x80
[00:00:13.326,202] <dbg> bttester_bap_unicast: connected: Connected: C0:07:E8:1C:28:DF (public)
[00:00:13.965,179] <dbg> bttester: cmd_handler: cmd service 0x01 opcode 0x0a index 0x00
[00:00:16.027,740] <wrn> net_buf: Timeout discarded. No blocking in syswq
[00:00:16.667,877] <dbg> bttester: tester_event: service 0x01 opcode 0x89
[00:00:17.946,319] <dbg> bttester_bap_broadcast: pa_sync_req_cb: sync state 0 
[00:00:17.946,350] <dbg> bttester: tester_event: service 0x0e opcode 0x8a
[00:00:17.948,150] <dbg> bttester_bap_broadcast: recv_state_updated_cb: Receive state with ID 0 updated
[00:00:17.948,181] <dbg> bttester: tester_event: service 0x0e opcode 0x89
[00:00:17.950,897] <dbg> bttester_bap_broadcast: bis_sync_req_cb: BIS sync request received for 0x20018af4: 0x00000001
[00:00:18.009,552] <dbg> bttester: cmd_handler: cmd service 0x0e opcode 0x0e index 0x00
[00:00:18.009,582] <dbg> bttester_bap_broadcast: btp_bap_broadcast_sink_sync: 
[00:00:18.012,115] <dbg> bttester: tester_rsp_with_index: service 0x0e opcode 0x0e index 0x00 status 0x00
[00:00:18.425,628] <dbg> bttester: tester_event: service 0x01 opcode 0x88
[00:00:18.802,246] <dbg> bttester_gap: pa_sync_synced_cb: 
[00:00:18.802,276] <dbg> bttester: tester_event: service 0x01 opcode 0x8d
[00:00:18.803,649] <dbg> bttester_bap_broadcast: recv_state_updated_cb: Receive state with ID 0 updated
[00:00:18.803,680] <dbg> bttester: tester_event: service 0x0e opcode 0x89
[00:00:18.806,396] <dbg> bttester_bap_broadcast: bap_pa_sync_synced_cb: Sync info: service_data 0x0000
[00:00:18.806,884] <dbg> bttester_bap_broadcast: recv_state_updated_cb: Receive state with ID 0 updated
[00:00:18.806,915] <dbg> bttester: tester_event: service 0x0e opcode 0x89
[00:00:18.810,058] <dbg> bttester_bap_broadcast: base_recv_cb: 
[00:00:18.810,058] <dbg> bttester_bap_broadcast: base_recv_cb: Received BASE: broadcast sink 0x20018570 subgroups 1
[00:00:18.810,150] <dbg> bttester: tester_event: service 0x0e opcode 0x85
[00:00:18.813,201] <dbg> bttester_bap_broadcast: base_recv_cb: bis_index_bitfield 0x00000001
[00:00:18.813,476] <dbg> bttester_bap_broadcast: recv_state_updated_cb: Receive state with ID 0 updated
[00:00:18.813,507] <dbg> bttester: tester_event: service 0x0e opcode 0x89
[00:00:18.816,558] <dbg> bttester_bap_broadcast: syncable_cb: Broadcaster PA found, encrypted 1, requested_bis_sync 1
[00:00:18.905,883] <dbg> bttester_bap_broadcast: broadcast_code_cb: Broadcast code received for 0x20018af4
[00:00:19.702,331] <dbg> bttester_bap_broadcast: base_recv_cb: 
[00:00:19.702,362] <dbg> bttester_bap_broadcast: base_recv_cb: Received BASE: broadcast sink 0x20018570 subgroups 1
[00:00:19.702,423] <dbg> bttester: tester_event: service 0x0e opcode 0x85
[00:00:19.705,474] <dbg> bttester_bap_broadcast: base_recv_cb: bis_index_bitfield 0x00000001
[00:00:19.713,012] <dbg> bttester_bap_broadcast: stream_started: Started stream 0x20013ba4
[00:00:19.713,012] <err> bttester_bap_broadcast: Failed to register stream: -22
[00:00:19.713,043] <dbg> bttester: tester_event: service 0x0e opcode 0x86
[00:00:19.714,569] <dbg> bttester_bap_broadcast: recv_state_updated_cb: Receive state with ID 0 updated
[00:00:19.714,599] <dbg> bttester: tester_event: service 0x0e opcode 0x89
[00:00:19.724,456] <dbg> bttester_bap_broadcast: stream_recv: Incoming audio on stream 0x20013ba4 len 0 flags 0x0A seq_num 0 and ts 12896685
[00:00:19.724,487] <dbg> bttester_bap_broadcast: send_bis_stream_received_ev: Stream received, len 0
[00:00:19.724,487] <dbg> bttester: tester_event: service 0x0e opcode 0x87
[00:00:20.601,684] <dbg> bttester_bap_broadcast: base_recv_cb: 
[00:00:20.601,715] <dbg> bttester_bap_broadcast: base_recv_cb: Received BASE: broadcast sink 0x20018570 subgroups 1
[00:00:20.601,776] <dbg> bttester: tester_event: service 0x0e opcode 0x85
[00:00:20.604,858] <dbg> bttester_bap_broadcast: base_recv_cb: bis_index_bitfield 0x00000001
[00:00:21.066,192] <dbg> bttester_gap: le_disconnected: C0:07:E8:1C:28:DF (public): 0x13
[00:00:21.066,223] <dbg> bttester: tester_event: service 0x01 opcode 0x83
[00:00:21.067,260] <dbg> bttester_bap_unicast: disconnected: Disconnected: C0:07:E8:1C:28:DF (public) (reason 0x13)
[00:00:21.264,556] <dbg> bttester_bap_broadcast: stream_stopped: Stopped stream 0x20013ba4 with reason 0x08
[00:00:21.264,587] <err> bttester_bap_broadcast: Failed to unregister stream: -61
[00:00:21.264,709] <dbg> bttester_bap_broadcast: recv_state_updated_cb: Receive state with ID 0 updated
[00:00:21.264,739] <dbg> bttester: tester_event: service 0x0e opcode 0x89
