WARNING: Using a test - not safe - entropy source
uart connected to pseudotty: /dev/pts/4
*** Booting Zephyr OS build v4.4.0-3337-g07e34e68d340 ***
[00:00:00.000,000] [0m<dbg> bttester.tester_init: Initializing tester[0m
[00:00:00.110,000] [0m<dbg> bttester.cmd_handler: cmd service 0x00 opcode 0x03 index 0xff[0m
[00:00:00.290,000] [1;33m<wrn> bt_hci_core: Num of Controller's ISO packets != ISO bt_conn_tx contexts(3 != 4)[0m
[00:00:00.470,000] [0m<inf> bt_hci_core: HCI transport: HCI User Channel[0m
[00:00:00.470,000] [0m<inf> bt_hci_core: Identity: D5:B6:CC:31:DB:3B (random)[0m
[00:00:00.470,000] [0m<inf> bt_hci_core: HCI: version 6.1 (0x0f) revision 0x3069, manufacturer 0x0059[0m
[00:00:00.470,000] [0m<inf> bt_hci_core: LMP: version 6.1 (0x0f) subver 0x3069[0m
[00:00:00.470,000] [0m<dbg> bttester.cmd_handler: Command returns status 0[0m
[00:00:00.470,000] [0m<dbg> bttester.tester_rsp_with_index: service 0x00 opcode 0x03 index 0xff status 0x00[0m
[00:00:00.480,000] [0m<dbg> bttester.cmd_handler: cmd service 0x01 opcode 0x01 index 0xff[0m
[00:00:00.480,000] [0m<dbg> bttester.cmd_handler: Command returns status 0[0m
[00:00:00.540,000] [0m<dbg> bttester.cmd_handler: cmd service 0x01 opcode 0x03 index 0x00[0m
[00:00:00.540,000] [0m<dbg> bttester.cmd_handler: Command returns status 0[0m
[00:00:00.610,000] [0m<dbg> bttester.cmd_handler: cmd service 0x00 opcode 0x03 index 0xff[0m
[00:00:00.610,000] [0m<dbg> bttester.cmd_handler: Command returns status 0[0m
[00:00:00.610,000] [0m<dbg> bttester.tester_rsp_with_index: service 0x00 opcode 0x03 index 0xff status 0x00[0m
[00:00:00.630,000] [0m<dbg> bttester.cmd_handler: cmd service 0x02 opcode 0x01 index 0xff[0m
[00:00:00.630,000] [0m<dbg> bttester.cmd_handler: Command returns status 0[0m
[00:00:00.690,000] [0m<dbg> bttester.cmd_handler: cmd service 0x01 opcode 0x08 index 0x00[0m
[00:00:00.690,000] [0m<dbg> bttester.cmd_handler: Command returns status 0[0m
[00:00:00.750,000] [0m<dbg> bttester.cmd_handler: cmd service 0x00 opcode 0x03 index 0xff[0m
[00:00:00.750,000] [0m<dbg> bttester.cmd_handler: Command returns status 0[0m
[00:00:00.750,000] [0m<dbg> bttester.tester_rsp_with_index: service 0x00 opcode 0x03 index 0xff status 0x00[0m
[00:00:00.800,000] [0m<dbg> bttester.cmd_handler: cmd service 0x0c opcode 0x01 index 0xff[0m
[00:00:00.800,000] [0m<dbg> bttester.cmd_handler: Command returns status 0[0m
[00:00:00.860,000] [0m<dbg> bttester.cmd_handler: cmd service 0x00 opcode 0x03 index 0xff[0m
[00:00:00.860,000] [0m<dbg> bttester.cmd_handler: Command returns status 0[0m
[00:00:00.860,000] [0m<dbg> bttester.tester_rsp_with_index: service 0x00 opcode 0x03 index 0xff status 0x00[0m
[00:00:00.910,000] [0m<dbg> bttester.cmd_handler: cmd service 0x0d opcode 0x01 index 0xff[0m
[00:00:00.910,000] [0m<dbg> bttester.cmd_handler: Command returns status 0[0m
[00:00:00.970,000] [0m<dbg> bttester.cmd_handler: cmd service 0x00 opcode 0x03 index 0xff[0m
[00:00:00.970,000] [0m<dbg> bttester.cmd_handler: Command returns status 0[0m
[00:00:00.970,000] [0m<dbg> bttester.tester_rsp_with_index: service 0x00 opcode 0x03 index 0xff status 0x00[0m
[00:00:01.020,000] [0m<dbg> bttester.cmd_handler: cmd service 0x0e opcode 0x01 index 0xff[0m
[00:00:01.020,000] [0m<dbg> bttester.cmd_handler: Command returns status 0[0m
[00:00:04.080,000] [0m<dbg> bttester.cmd_handler: cmd service 0x0e opcode 0x0a index 0x00[0m
[00:00:04.080,000] [0m<dbg> bttester_bap_broadcast.btp_bap_broadcast_sink_setup: [0m
[00:00:04.080,000] [0m<dbg> bttester.cmd_handler: Command returns status 0[0m
[00:00:04.080,000] [0m<dbg> bttester.tester_rsp_with_index: service 0x0e opcode 0x0a index 0x00 status 0x00[0m
[00:00:04.090,000] [0m<dbg> bttester.cmd_handler: cmd service 0x0e opcode 0x0c index 0x00[0m
[00:00:04.090,000] [0m<dbg> bttester_bap_broadcast.btp_bap_broadcast_scan_start: [0m
[00:00:04.150,000] [0m<dbg> bttester.cmd_handler: Command returns status 0[0m
[00:00:04.150,000] [0m<dbg> bttester.tester_rsp_with_index: service 0x0e opcode 0x0c index 0x00 status 0x00[0m
[00:00:06.370,000] [0m<dbg> bttester_bap_broadcast.baa_check: Found BAA with ID 0xCF08FE, addr DF:A9:FF:F6:B1:1A (public), sid 0x00, interval 0x0258[0m
[00:00:06.370,000] [0m<dbg> bttester.tester_event: service 0x0e opcode 0x84[0m
[00:00:06.400,000] [0m<dbg> bttester.cmd_handler: cmd service 0x0e opcode 0x0d index 0x00[0m
[00:00:06.400,000] [0m<dbg> bttester_bap_broadcast.btp_bap_broadcast_scan_stop: [0m
[00:00:06.410,000] [0m<dbg> bttester.cmd_handler: Command returns status 0[0m
[00:00:06.410,000] [0m<dbg> bttester.tester_rsp_with_index: service 0x0e opcode 0x0d index 0x00 status 0x00[0m
[00:00:06.430,000] [0m<dbg> bttester.cmd_handler: cmd service 0x0e opcode 0x0e index 0x00[0m
[00:00:06.430,000] [0m<dbg> bttester_bap_broadcast.btp_bap_broadcast_sink_sync: [0m
[00:00:06.510,000] [0m<dbg> bttester.cmd_handler: Command returns status 0[0m
[00:00:06.510,000] [0m<dbg> bttester.tester_rsp_with_index: service 0x0e opcode 0x0e index 0x00 status 0x00[0m
[00:00:08.610,000] [0m<dbg> bttester_gap.pa_sync_synced_cb: [0m
[00:00:08.610,000] [0m<dbg> bttester.tester_event: service 0x01 opcode 0x8d[0m
[00:00:08.610,000] [0m<dbg> bttester_bap_broadcast.bap_pa_sync_synced_cb: Sync info: service_data 0x0000[0m
[00:00:08.610,000] [0m<dbg> bttester_bap_broadcast.recv_state_updated_cb: Receive state with ID 0 updated[0m
[00:00:08.610,000] [0m<dbg> bttester.tester_event: service 0x0e opcode 0x89[0m
[00:00:08.610,000] [0m<dbg> bttester_bap_broadcast.recv_state_updated_cb: Receive state with ID 0 updated[0m
[00:00:08.610,000] [0m<dbg> bttester.tester_event: service 0x0e opcode 0x89[0m
[00:00:08.610,000] [0m<dbg> bttester_bap_broadcast.base_recv_cb: [0m
[00:00:08.610,000] [0m<dbg> bttester_bap_broadcast.base_recv_cb: Received BASE: broadcast sink 0x8287ae0 subgroups 1[0m
[00:00:08.610,000] [0m<dbg> bttester.tester_event: service 0x0e opcode 0x85[0m
[00:00:08.610,000] [0m<dbg> bttester.tester_event: service 0x0e opcode 0x85[0m
[00:00:08.610,000] [0m<dbg> bttester_bap_broadcast.base_recv_cb: bis_index_bitfield 0x00000003[0m
[00:00:08.610,000] [0m<dbg> bttester_gap.pa_sync_recv_cb: [0m
[00:00:08.610,000] [0m<dbg> bttester.tester_event: service 0x01 opcode 0x8f[0m
[00:00:08.610,000] [0m<dbg> bttester_bap_broadcast.syncable_cb: Broadcaster PA found, encrypted 0, requested_bis_sync 0[0m
[00:00:08.610,000] [0m<dbg> bttester_bap_broadcast.syncable_cb: BIGInfo received, but have not yet received request to sync to broadcast[0m
[00:00:08.610,000] [0m<dbg> bttester_gap.pa_sync_biginfo_cb: [0m
[00:00:08.610,000] [0m<dbg> bttester.tester_event: service 0x01 opcode 0x97[0m
[00:00:08.660,000] [0m<dbg> bttester.cmd_handler: cmd service 0x0e opcode 0x10 index 0x00[0m
[00:00:08.660,000] [0m<dbg> bttester_bap_broadcast.btp_bap_broadcast_sink_bis_sync: [0m
[00:00:08.670,000] [0m<dbg> bttester.cmd_handler: Command returns status 0[0m
[00:00:08.670,000] [0m<dbg> bttester.tester_rsp_with_index: service 0x0e opcode 0x10 index 0x00 status 0x00[0m
[00:00:09.350,000] [0m<dbg> bttester_bap_broadcast.base_recv_cb: [0m
[00:00:09.350,000] [0m<dbg> bttester_bap_broadcast.base_recv_cb: Received BASE: broadcast sink 0x8287ae0 subgroups 1[0m
[00:00:09.350,000] [0m<dbg> bttester.tester_event: service 0x0e opcode 0x85[0m
[00:00:09.350,000] [0m<dbg> bttester.tester_event: service 0x0e opcode 0x85[0m
[00:00:09.350,000] [0m<dbg> bttester_bap_broadcast.base_recv_cb: bis_index_bitfield 0x00000003[0m
[00:00:09.350,000] [0m<dbg> bttester_gap.pa_sync_recv_cb: [0m
[00:00:09.350,000] [0m<dbg> bttester.tester_event: service 0x01 opcode 0x8f[0m
[00:00:09.350,000] [0m<dbg> bttester_gap.pa_sync_biginfo_cb: [0m
[00:00:09.350,000] [0m<dbg> bttester.tester_event: service 0x01 opcode 0x97[0m
[00:00:09.370,000] [1;31m<err> bt_driver: No available ISO buffers![0m
[00:00:09.370,000] [0m<dbg> bttester_bap_broadcast.stream_started: Started stream 0x827704c[0m
[00:00:09.370,000] [0m<dbg> bttester.tester_event: service 0x0e opcode 0x86[0m
[00:00:09.370,000] [0m<dbg> bttester_bap_broadcast.recv_state_updated_cb: Receive state with ID 0 updated[0m
[00:00:09.370,000] [0m<dbg> bttester.tester_event: service 0x0e opcode 0x89[0m
[00:00:09.370,000] [0m<dbg> bttester_bap_broadcast.stream_recv: Incoming audio on stream 0x827704c len 0 flags 0x04 seq_num 600 and ts 0[0m
[00:00:09.370,000] [0m<dbg> bttester_bap_broadcast.stream_recv: Incoming audio on stream 0x827704c len 0 flags 0x04 seq_num 601 and ts 0[0m
[00:00:09.370,000] [0m<dbg> bttester_bap_broadcast.stream_recv: Incoming audio on stream 0x827704c len 0 flags 0x0C seq_num 602 and ts 1654186929[0m
[00:00:09.370,000] [0m<dbg> bttester_bap_broadcast.stream_recv: Incoming audio on stream 0x827704c len 0 flags 0x0C seq_num 603 and ts 1654196929[0m
[00:00:09.390,000] [0m<dbg> bttester_bap_broadcast.stream_recv: Incoming audio on stream 0x827704c len 0 flags 0x0C seq_num 606 and ts 1654226929[0m
[00:00:09.390,000] [0m<dbg> bttester_bap_broadcast.stream_recv: Incoming audio on stream 0x827704c len 0 flags 0x0C seq_num 607 and ts 1654236930[0m
[00:00:09.410,000] [0m<dbg> bttester_bap_broadcast.stream_recv: Incoming audio on stream 0x827704c len 0 flags 0x0C seq_num 608 and ts 1654246930[0m
[00:00:09.410,000] [0m<dbg> bttester_bap_broadcast.stream_recv: Incoming audio on stream 0x827704c len 0 flags 0x0C seq_num 609 and ts 1654256930[0m
[00:00:09.430,000] [0m<dbg> bttester_bap_broadcast.stream_recv: Incoming audio on stream 0x827704c len 0 flags 0x0C seq_num 610 and ts 1654266930[0m
[00:00:09.430,000] [0m<dbg> bttester_bap_broadcast.stream_recv: Incoming audio on stream 0x827704c len 0 flags 0x0C seq_num 611 and ts 1654276930[0m
[00:00:09.450,000] [0m<dbg> bttester_bap_broadcast.stream_recv: Incoming audio on stream 0x827704c len 0 flags 0x0C seq_num 612 and ts 1654286930[0m
[00:00:09.450,000] [0m<dbg> bttester_bap_broadcast.stream_recv: Incoming audio on stream 0x827704c len 0 flags 0x0C seq_num 613 and ts 1654296930[0m
[00:00:09.470,000] [0m<dbg> bttester_bap_broadcast.stream_recv: Incoming audio on stream 0x827704c len 0 flags 0x0C seq_num 614 and ts 1654306930[0m
[00:00:09.470,000] [0m<dbg> bttester_bap_broadcast.stream_recv: Incoming audio on stream 0x827704c len 0 flags 0x0C seq_num 615 and ts 1654316930[0m
[00:00:09.490,000] [0m<dbg> bttester_bap_broadcast.stream_recv: Incoming audio on stream 0x827704c len 0 flags 0x0C seq_num 616 and ts 1654326930[0m
[00:00:09.490,000] [0m<dbg> bttester_bap_broadcast.stream_recv: Incoming audio on stream 0x827704c len 0 flags 0x0C seq_num 617 and ts 1654336930[0m
[00:00:09.510,000] [0m<dbg> bttester_bap_broadcast.stream_recv: Incoming audio on stream 0x827704c len 0 flags 0x0C seq_num 618 and ts 1654346930[0m
[00:00:09.510,000] [0m<dbg> bttester_bap_broadcast.stream_recv: Incoming audio on stream 0x827704c len 0 flags 0x0C seq_num 619 and ts 1654356930[0m
[00:00:09.530,000] [0m<dbg> bttester_bap_broadcast.stream_recv: Incoming audio on stream 0x827704c len 0 flags 0x0C seq_num 620 and ts 1654366930[0m
[00:00:09.530,000] [0m<dbg> bttester_bap_broadcast.stream_recv: Incoming audio on stream 0x827704c len 0 flags 0x0C seq_num 621 and ts 1654376930[0m
[00:00:09.550,000] [0m<dbg> bttester_bap_broadcast.stream_recv: Incoming audio on stream 0x827704c len 0 flags 0x0C seq_num 622 and ts 1654386930[0m
[00:00:09.550,000] [0m<dbg> bttester_bap_broadcast.stream_recv: Incoming audio on stream 0x827704c len 0 flags 0x0C seq_num 623 and ts 1654396930[0m
[00:00:09.570,000] [0m<dbg> bttester_bap_broadcast.stream_recv: Incoming audio on stream 0x827704c len 0 flags 0x0C seq_num 624 and ts 1654406930[0m
[00:00:09.570,000] [0m<dbg> bttester_bap_broadcast.stream_recv: Incoming audio on stream 0x827704c len 0 flags 0x0C seq_num 625 and ts 1654416931[0m
[00:00:09.590,000] [0m<dbg> bttester_bap_broadcast.stream_recv: Incoming audio on stream 0x827704c len 0 flags 0x0C seq_num 626 and ts 1654426931[0m
[00:00:09.590,000] [0m<dbg> bttester_bap_broadcast.stream_recv: Incoming audio on stream 0x827704c len 0 flags 0x0C seq_num 627 and ts 1654436931[0m
[00:00:09.610,000] [0m<dbg> bttester_bap_broadcast.stream_recv: Incoming audio on stream 0x827704c len 0 flags 0x0C seq_num 628 and ts 1654446931[0m
[00:00:09.610,000] [0m<dbg> bttester_bap_broadcast.stream_recv: Incoming audio on stream 0x827704c len 0 flags 0x0C seq_num 629 and ts 1654456931[0m
[00:00:09.630,000] [0m<dbg> bttester_bap_broadcast.stream_recv: Incoming audio on stream 0x827704c len 0 flags 0x0C seq_num 630 and ts 1654466931[0m
[00:00:09.630,000] [0m<dbg> bttester_bap_broadcast.stream_recv: Incoming audio on stream 0x827704c len 0 flags 0x0C seq_num 631 and ts 1654476931[0m
[00:00:09.650,000] [0m<dbg> bttester_bap_broadcast.stream_recv: Incoming audio on stream 0x827704c len 0 flags 0x0C seq_num 632 and ts 1654486931[0m
[00:00:09.650,000] [0m<dbg> bttester_bap_broadcast.stream_recv: Incoming audio on stream 0x827704c len 0 flags 0x0C seq_num 633 and ts 1654496931[0m
[00:00:09.670,000] [0m<dbg> bttester_bap_broadcast.stream_recv: Incoming audio on stream 0x827704c len 0 flags 0x0C seq_num 634 and ts 1654506931[0m
[00:00:09.670,000] [0m<dbg> bttester_bap_broadcast.stream_recv: Incoming audio on stream 0x827704c len 0 flags 0x0C seq_num 635 and ts 1654516931[0m
[00:00:09.690,000] [0m<dbg> bttester_bap_broadcast.stream_recv: Incoming audio on stream 0x827704c len 0 flags 0x0C seq_num 636 and ts 1654526931[0m
[00:00:09.690,000] [0m<dbg> bttester_bap_broadcast.stream_recv: Incoming audio on stream 0x827704c len 0 flags 0x0C seq_num 637 and ts 1654536931[0m
[00:00:09.710,000] [0m<dbg> bttester_bap_broadcast.stream_recv: Incoming audio on stream 0x827704c len 0 flags 0x0C seq_num 638 and ts 1654546931[0m
[00:00:09.710,000] [0m<dbg> bttester_bap_broadcast.stream_recv: Incoming audio on stream 0x827704c len 0 flags 0x0C seq_num 639 and ts 1654556931[0m
[00:00:09.730,000] [0m<dbg> bttester_bap_broadcast.stream_recv: Incoming audio on stream 0x827704c len 0 flags 0x0C seq_num 640 and ts 1654566931[0m
[00:00:09.730,000] [0m<dbg> bttester_bap_broadcast.stream_recv: Incoming audio on stream 0x827704c len 0 flags 0x0C seq_num 641 and ts 1654576931[0m
[00:00:09.750,000] [0m<dbg> bttester_bap_broadcast.stream_recv: Incoming audio on stream 0x827704c len 0 flags 0x0C seq_num 642 and ts 1654586931[0m
[00:00:09.750,000] [0m<dbg> bttester_bap_broadcast.stream_recv: Incoming audio on stream 0x827704c len 0 flags 0x0C seq_num 643 and ts 1654596932[0m
[00:00:09.770,000] [0m<dbg> bttester_bap_broadcast.stream_recv: Incoming audio on stream 0x827704c len 0 flags 0x0C seq_num 644 and ts 1654606932[0m
[00:00:09.770,000] [0m<dbg> bttester_bap_broadcast.stream_recv: Incoming audio on stream 0x827704c len 0 flags 0x0C seq_num 645 and ts 1654616932[0m
[00:00:09.790,000] [0m<dbg> bttester_bap_broadcast.stream_recv: Incoming audio on stream 0x827704c len 0 flags 0x0C seq_num 646 and ts 1654626932[0m
[00:00:09.790,000] [0m<dbg> bttester_bap_broadcast.stream_recv: Incoming audio on stream 0x827704c len 0 flags 0x0C seq_num 647 and ts 1654636932[0m
[00:00:09.810,000] [0m<dbg> bttester_bap_broadcast.stream_recv: Incoming audio on stream 0x827704c len 0 flags 0x0C seq_num 648 and ts 1654646932[0m
[00:00:09.810,000] [0m<dbg> bttester_bap_broadcast.stream_recv: Incoming audio on stream 0x827704c len 0 flags 0x0C seq_num 649 and ts 1654656932[0m
[00:00:09.830,000] [0m<dbg> bttester_bap_broadcast.stream_recv: Incoming audio on stream 0x827704c len 0 flags 0x0C seq_num 650 and ts 1654666932[0m
[00:00:09.830,000] [0m<dbg> bttester_bap_broadcast.stream_recv: Incoming audio on stream 0x827704c len 0 flags 0x0C seq_num 651 and ts 1654676932[0m
[00:00:09.850,000] [0m<dbg> bttester_bap_broadcast.stream_recv: Incoming audio on stream 0x827704c len 0 flags 0x0C seq_num 652 and ts 1654686932[0m
[00:00:09.850,000] [0m<dbg> bttester_bap_broadcast.stream_recv: Incoming audio on stream 0x827704c len 0 flags 0x0C seq_num 653 and ts 1654696932[0m
[00:00:09.870,000] [0m<dbg> bttester_bap_broadcast.stream_recv: Incoming audio on stream 0x827704c len 0 flags 0x0C seq_num 654 and ts 1654706932[0m
[00:00:09.870,000] [0m<dbg> bttester_bap_broadcast.stream_recv: Incoming audio on stream 0x827704c len 0 flags 0x0C seq_num 655 and ts 1654716932[0m
[00:00:09.890,000] [0m<dbg> bttester_bap_broadcast.stream_recv: Incoming audio on stream 0x827704c len 0 flags 0x0C seq_num 656 and ts 1654726932[0m
[00:00:09.890,000] [0m<dbg> bttester_bap_broadcast.stream_recv: Incoming audio on stream 0x827704c len 0 flags 0x0C seq_num 657 and ts 1654736932[0m
[00:00:09.910,000] [0m<dbg> bttester_bap_broadcast.stream_recv: Incoming audio on stream 0x827704c len 0 flags 0x0C seq_num 658 and ts 1654746932[0m
[00:00:09.910,000] [0m<dbg> bttester_bap_broadcast.stream_recv: Incoming audio on stream 0x827704c len 0 flags 0x0C seq_num 659 and ts 1654756932[0m
[00:00:09.930,000] [0m<dbg> bttester_bap_broadcast.stream_recv: Incoming audio on stream 0x827704c len 0 flags 0x0C seq_num 660 and ts 1654766932[0m
[00:00:09.930,000] [0m<dbg> bttester_bap_broadcast.stream_recv: Incoming audio on stream 0x827704c len 0 flags 0x0C seq_num 661 and ts 1654776933[0m
[00:00:09.950,000] [0m<dbg> bttester_bap_broadcast.stream_recv: Incoming audio on stream 0x827704c len 0 flags 0x0C seq_num 662 and ts 1654786933[0m
[00:00:09.950,000] [0m<dbg> bttester_bap_broadcast.stream_recv: Incoming audio on stream 0x827704c len 0 flags 0x0C seq_num 663 and ts 1654796933[0m
[00:00:09.970,000] [0m<dbg> bttester_bap_broadcast.stream_recv: Incoming audio on stream 0x827704c len 0 flags 0x0C seq_num 664 and ts 1654806933[0m
[00:00:09.970,000] [0m<dbg> bttester_bap_broadcast.stream_recv: Incoming audio on stream 0x827704c len 0 flags 0x0C seq_num 665 and ts 1654816933[0m
[00:00:09.990,000] [0m<dbg> bttester_bap_broadcast.stream_recv: Incoming audio on stream 0x827704c len 0 flags 0x0C seq_num 666 and ts 1654826933[0m
[00:00:09.990,000] [0m<dbg> bttester_bap_broadcast.stream_recv: Incoming audio on stream 0x827704c len 0 flags 0x0C seq_num 667 and ts 1654836933[0m
[00:00:10.010,000] [0m<dbg> bttester_bap_broadcast.stream_recv: Incoming audio on stream 0x827704c len 0 flags 0x0C seq_num 668 and ts 1654846933[0m
[00:00:10.010,000] [0m<dbg> bttester_bap_broadcast.stream_recv: Incoming audio on stream 0x827704c len 0 flags 0x0C seq_num 669 and ts 1654856933[0m
[00:00:10.030,000] [0m<dbg> bttester_bap_broadcast.stream_recv: Incoming audio on stream 0x827704c len 0 flags 0x0C seq_num 670 and ts 1654866933[0m
[00:00:10.030,000] [0m<dbg> bttester_bap_broadcast.stream_recv: Incoming audio on stream 0x827704c len 0 flags 0x0C seq_num 671 and ts 1654876933[0m
[00:00:10.050,000] [0m<dbg> bttester_bap_broadcast.stream_recv: Incoming audio on stream 0x827704c len 0 flags 0x0C seq_num 672 and ts 1654886933[0m
[00:00:10.050,000] [0m<dbg> bttester_bap_broadcast.stream_recv: Incoming audio on stream 0x827704c len 0 flags 0x0C seq_num 673 and ts 1654896933[0m
[00:00:10.070,000] [0m<dbg> bttester_bap_broadcast.stream_recv: Incoming audio on stream 0x827704c len 0 flags 0x0C seq_num 674 and ts 1654906933[0m
[00:00:10.070,000] [0m<dbg> bttester_bap_broadcast.stream_recv: Incoming audio on stream 0x827704c len 0 flags 0x0C seq_num 675 and ts 1654916933[0m
[00:00:10.090,000] [0m<dbg> bttester_bap_broadcast.stream_recv: Incoming audio on stream 0x827704c len 0 flags 0x0C seq_num 676 and ts 1654926933[0m
[00:00:10.090,000] [0m<dbg> bttester_bap_broadcast.base_recv_cb: [0m
[00:00:10.090,000] [0m<dbg> bttester_bap_broadcast.base_recv_cb: Received BASE: broadcast sink 0x8287ae0 subgroups 1[0m
[00:00:10.090,000] [0m<dbg> bttester.tester_event: service 0x0e opcode 0x85[0m
[00:00:10.090,000] [0m<dbg> bttester.tester_event: service 0x0e opcode 0x85[0m
[00:00:10.090,000] [0m<dbg> bttester_bap_broadcast.base_recv_cb: bis_index_bitfield 0x00000003[0m
[00:00:10.090,000] [0m<dbg> bttester_gap.pa_sync_recv_cb: [0m
[00:00:10.090,000] [0m<dbg> bttester.tester_event: service 0x01 opcode 0x8f[0m
[00:00:10.090,000] [0m<dbg> bttester_gap.pa_sync_biginfo_cb: [0m
[00:00:10.090,000] [0m<dbg> bttester.tester_event: service 0x01 opcode 0x97[0m
[00:00:10.090,000] [0m<dbg> bttester_bap_broadcast.stream_recv: Incoming audio on stream 0x827704c len 0 flags 0x0C seq_num 677 and ts 1654936933[0m
[00:00:10.110,000] [0m<dbg> bttester_bap_broadcast.stream_recv: Incoming audio on stream 0x827704c len 0 flags 0x0C seq_num 678 and ts 1654946933[0m
[00:00:10.110,000] [0m<dbg> bttester_bap_broadcast.stream_recv: Incoming audio on stream 0x827704c len 0 flags 0x0C seq_num 679 and ts 1654956933[0m
[00:00:10.130,000] [0m<dbg> bttester_bap_broadcast.stream_recv: Incoming audio on stream 0x827704c len 0 flags 0x0C seq_num 680 and ts 1654966934[0m
[00:00:10.130,000] [0m<dbg> bttester_bap_broadcast.stream_recv: Incoming audio on stream 0x827704c len 0 flags 0x0C seq_num 681 and ts 1654976934[0m
[00:00:10.150,000] [0m<dbg> bttester_bap_broadcast.stream_recv: Incoming audio on stream 0x827704c len 0 flags 0x0C seq_num 682 and ts 1654986934[0m
[00:00:10.150,000] [0m<dbg> bttester_bap_broadcast.stream_recv: Incoming audio on stream 0x827704c len 0 flags 0x0C seq_num 683 and ts 1654996934[0m
[00:00:10.170,000] [0m<dbg> bttester_bap_broadcast.stream_recv: Incoming audio on stream 0x827704c len 0 flags 0x0C seq_num 684 and ts 1655006934[0m
[00:00:10.170,000] [0m<dbg> bttester_bap_broadcast.stream_recv: Incoming audio on stream 0x827704c len 0 flags 0x0C seq_num 685 and ts 1655016934[0m
[00:00:10.190,000] [0m<dbg> bttester_bap_broadcast.stream_recv: Incoming audio on stream 0x827704c len 0 flags 0x0C seq_num 686 and ts 1655026934[0m
[00:00:10.190,000] [0m<dbg> bttester_bap_broadcast.stream_recv: Incoming audio on stream 0x827704c len 0 flags 0x0C seq_num 687 and ts 1655036934[0m
[00:00:10.210,000] [0m<dbg> bttester_bap_broadcast.stream_recv: Incoming audio on stream 0x827704c len 0 flags 0x0C seq_num 688 and ts 1655046934[0m
[00:00:10.210,000] [0m<dbg> bttester_bap_broadcast.stream_recv: Incoming audio on stream 0x827704c len 0 flags 0x0C seq_num 689 and ts 1655056934[0m
[00:00:10.230,000] [0m<dbg> bttester_bap_broadcast.stream_recv: Incoming audio on stream 0x827704c len 0 flags 0x0C seq_num 690 and ts 1655066934[0m
[00:00:10.230,000] [0m<dbg> bttester_bap_broadcast.stream_recv: Incoming audio on stream 0x827704c len 0 flags 0x0C seq_num 691 and ts 1655076934[0m
[00:00:10.250,000] [0m<dbg> bttester_bap_broadcast.stream_recv: Incoming audio on stream 0x827704c len 0 flags 0x0C seq_num 692 and ts 1655086934[0m
[00:00:10.250,000] [0m<dbg> bttester_bap_broadcast.stream_recv: Incoming audio on stream 0x827704c len 0 flags 0x0C seq_num 693 and ts 1655096934[0m
[00:00:10.270,000] [0m<dbg> bttester_bap_broadcast.stream_recv: Incoming audio on stream 0x827704c len 0 flags 0x0C seq_num 694 and ts 1655106934[0m
[00:00:10.270,000] [0m<dbg> bttester_bap_broadcast.stream_recv: Incoming audio on stream 0x827704c len 0 flags 0x0C seq_num 695 and ts 1655116934[0m
[00:00:10.290,000] [0m<dbg> bttester_bap_broadcast.stream_recv: Incoming audio on stream 0x827704c len 0 flags 0x0C seq_num 696 and ts 1655126934[0m
[00:00:10.290,000] [0m<dbg> bttester_bap_broadcast.stream_recv: Incoming audio on stream 0x827704c len 0 flags 0x0C seq_num 697 and ts 1655136935[0m
[00:00:10.310,000] [0m<dbg> bttester_bap_broadcast.stream_recv: Incoming audio on stream 0x827704c len 0 flags 0x0C seq_num 698 and ts 1655146935[0m
[00:00:10.310,000] [0m<dbg> bttester_bap_broadcast.stream_recv: Incoming audio on stream 0x827704c len 0 flags 0x0C seq_num 699 and ts 1655156935[0m
[00:00:10.330,000] [0m<dbg> bttester_bap_broadcast.stream_recv: Incoming audio on stream 0x827704c len 0 flags 0x0C seq_num 700 and ts 1655166935[0m
[00:00:10.330,000] [0m<dbg> bttester_bap_broadcast.stream_recv: Incoming audio on stream 0x827704c len 0 flags 0x0C seq_num 701 and ts 1655176935[0m
[00:00:10.350,000] [0m<dbg> bttester_bap_broadcast.stream_recv: Incoming audio on stream 0x827704c len 0 flags 0x0C seq_num 702 and ts 1655186935[0m
[00:00:10.350,000] [0m<dbg> bttester_bap_broadcast.stream_recv: Incoming audio on stream 0x827704c len 0 flags 0x0C seq_num 703 and ts 1655196935[0m
[00:00:10.370,000] [0m<dbg> bttester_bap_broadcast.stream_recv: Incoming audio on stream 0x827704c len 0 flags 0x0C seq_num 704 and ts 1655206935[0m
[00:00:10.370,000] [0m<dbg> bttester_bap_broadcast.stream_recv: Incoming audio on stream 0x827704c len 0 flags 0x0C seq_num 705 and ts 1655216935[0m
[00:00:10.390,000] [0m<dbg> bttester_bap_broadcast.stream_recv: Incoming audio on stream 0x827704c len 0 flags 0x0C seq_num 706 and ts 1655226935[0m
[00:00:10.390,000] [0m<dbg> bttester_bap_broadcast.stream_recv: Incoming audio on stream 0x827704c len 0 flags 0x0C seq_num 707 and ts 1655236935[0m
[00:00:10.410,000] [0m<dbg> bttester_bap_broadcast.stream_recv: Incoming audio on stream 0x827704c len 0 flags 0x0C seq_num 708 and ts 1655246935[0m
[00:00:10.410,000] [0m<dbg> bttester_bap_broadcast.stream_recv: Incoming audio on stream 0x827704c len 0 flags 0x0C seq_num 709 and ts 1655256935[0m
[00:00:10.430,000] [0m<dbg> bttester_bap_broadcast.stream_recv: Incoming audio on stream 0x827704c len 0 flags 0x0C seq_num 710 and ts 1655266935[0m
[00:00:10.430,000] [0m<dbg> bttester_bap_broadcast.stream_recv: Incoming audio on stream 0x827704c len 120 flags 0x09 seq_num 711 and ts 1655276935[0m
[00:00:10.430,000] [0m<dbg> bttester_bap_broadcast.send_bis_stream_received_ev: Stream received, len 120[0m
[00:00:10.430,000] [0m<dbg> bttester.tester_event: service 0x0e opcode 0x87[0m
[00:00:10.850,000] [0m<dbg> bttester_bap_broadcast.base_recv_cb: [0m
[00:00:10.850,000] [0m<dbg> bttester_bap_broadcast.base_recv_cb: Received BASE: broadcast sink 0x8287ae0 subgroups 1[0m
[00:00:10.850,000] [0m<dbg> bttester.tester_event: service 0x0e opcode 0x85[0m
[00:00:10.850,000] [0m<dbg> bttester.tester_event: service 0x0e opcode 0x85[0m
[00:00:10.850,000] [0m<dbg> bttester_bap_broadcast.base_recv_cb: bis_index_bitfield 0x00000003[0m
[00:00:10.850,000] [0m<dbg> bttester_gap.pa_sync_recv_cb: [0m
[00:00:10.850,000] [0m<dbg> bttester.tester_event: service 0x01 opcode 0x8f[0m
[00:00:10.850,000] [0m<dbg> bttester_gap.pa_sync_biginfo_cb: [0m
[00:00:10.850,000] [0m<dbg> bttester.tester_event: service 0x01 opcode 0x97[0m
[00:00:11.590,000] [0m<dbg> bttester_bap_broadcast.base_recv_cb: [0m
[00:00:11.590,000] [0m<dbg> bttester_bap_broadcast.base_recv_cb: Received BASE: broadcast sink 0x8287ae0 subgroups 1[0m
[00:00:11.590,000] [0m<dbg> bttester.tester_event: service 0x0e opcode 0x85[0m
[00:00:11.590,000] [0m<dbg> bttester.tester_event: service 0x0e opcode 0x85[0m
[00:00:11.590,000] [0m<dbg> bttester_bap_broadcast.base_recv_cb: bis_index_bitfield 0x00000003[0m
[00:00:11.590,000] [0m<dbg> bttester_gap.pa_sync_recv_cb: [0m
[00:00:11.590,000] [0m<dbg> bttester.tester_event: service 0x01 opcode 0x8f[0m
[00:00:11.590,000] [0m<dbg> bttester_gap.pa_sync_biginfo_cb: [0m
[00:00:11.590,000] [0m<dbg> bttester.tester_event: service 0x01 opcode 0x97[0m
[00:00:12.350,000] [0m<dbg> bttester_bap_broadcast.base_recv_cb: [0m
[00:00:12.350,000] [0m<dbg> bttester_bap_broadcast.base_recv_cb: Received BASE: broadcast sink 0x8287ae0 subgroups 1[0m
[00:00:12.350,000] [0m<dbg> bttester.tester_event: service 0x0e opcode 0x85[0m
[00:00:12.350,000] [0m<dbg> bttester.tester_event: service 0x0e opcode 0x85[0m
[00:00:12.350,000] [0m<dbg> bttester_bap_broadcast.base_recv_cb: bis_index_bitfield 0x00000003[0m
[00:00:12.350,000] [0m<dbg> bttester_gap.pa_sync_recv_cb: [0m
[00:00:12.350,000] [0m<dbg> bttester.tester_event: service 0x01 opcode 0x8f[0m
[00:00:12.350,000] [0m<dbg> bttester_gap.pa_sync_biginfo_cb: [0m
[00:00:12.350,000] [0m<dbg> bttester.tester_event: service 0x01 opcode 0x97[0m
[00:00:13.090,000] [0m<dbg> bttester_bap_broadcast.base_recv_cb: [0m
[00:00:13.090,000] [0m<dbg> bttester_bap_broadcast.base_recv_cb: Received BASE: broadcast sink 0x8287ae0 subgroups 1[0m
[00:00:13.090,000] [0m<dbg> bttester.tester_event: service 0x0e opcode 0x85[0m
[00:00:13.090,000] [0m<dbg> bttester.tester_event: service 0x0e opcode 0x85[0m
[00:00:13.090,000] [0m<dbg> bttester_bap_broadcast.base_recv_cb: bis_index_bitfield 0x00000003[0m
[00:00:13.090,000] [0m<dbg> bttester_gap.pa_sync_recv_cb: [0m
[00:00:13.090,000] [0m<dbg> bttester.tester_event: service 0x01 opcode 0x8f[0m
[00:00:13.090,000] [0m<dbg> bttester_gap.pa_sync_biginfo_cb: [0m
[00:00:13.090,000] [0m<dbg> bttester.tester_event: service 0x01 opcode 0x97[0m
[00:00:13.850,000] [0m<dbg> bttester_bap_broadcast.base_recv_cb: [0m
[00:00:13.850,000] [0m<dbg> bttester_bap_broadcast.base_recv_cb: Received BASE: broadcast sink 0x8287ae0 subgroups 1[0m
[00:00:13.850,000] [0m<dbg> bttester.tester_event: service 0x0e opcode 0x85[0m
[00:00:13.850,000] [0m<dbg> bttester.tester_event: service 0x0e opcode 0x85[0m
[00:00:13.850,000] [0m<dbg> bttester_bap_broadcast.base_recv_cb: bis_index_bitfield 0x00000003[0m
[00:00:13.850,000] [0m<dbg> bttester_gap.pa_sync_recv_cb: [0m
[00:00:13.850,000] [0m<dbg> bttester.tester_event: service 0x01 opcode 0x8f[0m
[00:00:13.850,000] [0m<dbg> bttester_gap.pa_sync_biginfo_cb: [0m
[00:00:13.850,000] [0m<dbg> bttester.tester_event: service 0x01 opcode 0x97[0m
[00:00:14.590,000] [0m<dbg> bttester_bap_broadcast.base_recv_cb: [0m
[00:00:14.590,000] [0m<dbg> bttester_bap_broadcast.base_recv_cb: Received BASE: broadcast sink 0x8287ae0 subgroups 1[0m
[00:00:14.590,000] [0m<dbg> bttester.tester_event: service 0x0e opcode 0x85[0m
[00:00:14.590,000] [0m<dbg> bttester.tester_event: service 0x0e opcode 0x85[0m
[00:00:14.590,000] [0m<dbg> bttester_bap_broadcast.base_recv_cb: bis_index_bitfield 0x00000003[0m
[00:00:14.590,000] [0m<dbg> bttester_gap.pa_sync_recv_cb: [0m
[00:00:14.590,000] [0m<dbg> bttester.tester_event: service 0x01 opcode 0x8f[0m
[00:00:14.590,000] [0m<dbg> bttester_gap.pa_sync_biginfo_cb: [0m
[00:00:14.590,000] [0m<dbg> bttester.tester_event: service 0x01 opcode 0x97[0m
[00:00:15.350,000] [0m<dbg> bttester_bap_broadcast.base_recv_cb: [0m
[00:00:15.350,000] [0m<dbg> bttester_bap_broadcast.base_recv_cb: Received BASE: broadcast sink 0x8287ae0 subgroups 1[0m
[00:00:15.350,000] [0m<dbg> bttester.tester_event: service 0x0e opcode 0x85[0m
[00:00:15.350,000] [0m<dbg> bttester.tester_event: service 0x0e opcode 0x85[0m
[00:00:15.350,000] [0m<dbg> bttester_bap_broadcast.base_recv_cb: bis_index_bitfield 0x00000003[0m
[00:00:15.350,000] [0m<dbg> bttester_gap.pa_sync_recv_cb: [0m
[00:00:15.350,000] [0m<dbg> bttester.tester_event: service 0x01 opcode 0x8f[0m
[00:00:15.350,000] [0m<dbg> bttester_gap.pa_sync_biginfo_cb: [0m
[00:00:15.350,000] [0m<dbg> bttester.tester_event: service 0x01 opcode 0x97[0m
[00:00:16.090,000] [0m<dbg> bttester_bap_broadcast.base_recv_cb: [0m
[00:00:16.090,000] [0m<dbg> bttester_bap_broadcast.base_recv_cb: Received BASE: broadcast sink 0x8287ae0 subgroups 1[0m
[00:00:16.090,000] [0m<dbg> bttester.tester_event: service 0x0e opcode 0x85[0m
[00:00:16.090,000] [0m<dbg> bttester.tester_event: service 0x0e opcode 0x85[0m
[00:00:16.090,000] [0m<dbg> bttester_bap_broadcast.base_recv_cb: bis_index_bitfield 0x00000003[0m
[00:00:16.090,000] [0m<dbg> bttester_gap.pa_sync_recv_cb: [0m
[00:00:16.090,000] [0m<dbg> bttester.tester_event: service 0x01 opcode 0x8f[0m
[00:00:16.090,000] [0m<dbg> bttester_gap.pa_sync_biginfo_cb: [0m
[00:00:16.090,000] [0m<dbg> bttester.tester_event: service 0x01 opcode 0x97[0m
[00:00:16.850,000] [0m<dbg> bttester_bap_broadcast.base_recv_cb: [0m
[00:00:16.850,000] [0m<dbg> bttester_bap_broadcast.base_recv_cb: Received BASE: broadcast sink 0x8287ae0 subgroups 1[0m
[00:00:16.850,000] [0m<dbg> bttester.tester_event: service 0x0e opcode 0x85[0m
[00:00:16.850,000] [0m<dbg> bttester.tester_event: service 0x0e opcode 0x85[0m
[00:00:16.850,000] [0m<dbg> bttester_bap_broadcast.base_recv_cb: bis_index_bitfield 0x00000003[0m
[00:00:16.850,000] [0m<dbg> bttester_gap.pa_sync_recv_cb: [0m
[00:00:16.850,000] [0m<dbg> bttester.tester_event: service 0x01 opcode 0x8f[0m
[00:00:16.850,000] [0m<dbg> bttester_gap.pa_sync_biginfo_cb: [0m
[00:00:16.850,000] [0m<dbg> bttester.tester_event: service 0x01 opcode 0x97[0m
[00:00:17.590,000] [0m<dbg> bttester_bap_broadcast.base_recv_cb: [0m
[00:00:17.590,000] [0m<dbg> bttester_bap_broadcast.base_recv_cb: Received BASE: broadcast sink 0x8287ae0 subgroups 1[0m
[00:00:17.590,000] [0m<dbg> bttester.tester_event: service 0x0e opcode 0x85[0m
[00:00:17.590,000] [0m<dbg> bttester.tester_event: service 0x0e opcode 0x85[0m
[00:00:17.590,000] [0m<dbg> bttester_bap_broadcast.base_recv_cb: bis_index_bitfield 0x00000003[0m
[00:00:17.590,000] [0m<dbg> bttester_gap.pa_sync_recv_cb: [0m
[00:00:17.590,000] [0m<dbg> bttester.tester_event: service 0x01 opcode 0x8f[0m
[00:00:17.590,000] [0m<dbg> bttester_gap.pa_sync_biginfo_cb: [0m
[00:00:17.590,000] [0m<dbg> bttester.tester_event: service 0x01 opcode 0x97[0m
[00:00:18.350,000] [0m<dbg> bttester_bap_broadcast.base_recv_cb: [0m
[00:00:18.350,000] [0m<dbg> bttester_bap_broadcast.base_recv_cb: Received BASE: broadcast sink 0x8287ae0 subgroups 1[0m
[00:00:18.350,000] [0m<dbg> bttester.tester_event: service 0x0e opcode 0x85[0m
[00:00:18.350,000] [0m<dbg> bttester.tester_event: service 0x0e opcode 0x85[0m
[00:00:18.350,000] [0m<dbg> bttester_bap_broadcast.base_recv_cb: bis_index_bitfield 0x00000003[0m
[00:00:18.350,000] [0m<dbg> bttester_gap.pa_sync_recv_cb: [0m
[00:00:18.350,000] [0m<dbg> bttester.tester_event: service 0x01 opcode 0x8f[0m
[00:00:18.350,000] [0m<dbg> bttester_gap.pa_sync_biginfo_cb: [0m
[00:00:18.350,000] [0m<dbg> bttester.tester_event: service 0x01 opcode 0x97[0m
[00:00:19.090,000] [0m<dbg> bttester_bap_broadcast.base_recv_cb: [0m
[00:00:19.090,000] [0m<dbg> bttester_bap_broadcast.base_recv_cb: Received BASE: broadcast sink 0x8287ae0 subgroups 1[0m
[00:00:19.090,000] [0m<dbg> bttester.tester_event: service 0x0e opcode 0x85[0m
[00:00:19.090,000] [0m<dbg> bttester.tester_event: service 0x0e opcode 0x85[0m
[00:00:19.090,000] [0m<dbg> bttester_bap_broadcast.base_recv_cb: bis_index_bitfield 0x00000003[0m
[00:00:19.090,000] [0m<dbg> bttester_gap.pa_sync_recv_cb: [0m
[00:00:19.090,000] [0m<dbg> bttester.tester_event: service 0x01 opcode 0x8f[0m
[00:00:19.090,000] [0m<dbg> bttester_gap.pa_sync_biginfo_cb: [0m
[00:00:19.090,000] [0m<dbg> bttester.tester_event: service 0x01 opcode 0x97[0m
[00:00:19.830,000] [0m<dbg> bttester_bap_broadcast.base_recv_cb: [0m
[00:00:19.830,000] [0m<dbg> bttester_bap_broadcast.base_recv_cb: Received BASE: broadcast sink 0x8287ae0 subgroups 1[0m
[00:00:19.830,000] [0m<dbg> bttester.tester_event: service 0x0e opcode 0x85[0m
[00:00:19.830,000] [0m<dbg> bttester.tester_event: service 0x0e opcode 0x85[0m
[00:00:19.830,000] [0m<dbg> bttester_bap_broadcast.base_recv_cb: bis_index_bitfield 0x00000003[0m
[00:00:19.830,000] [0m<dbg> bttester_gap.pa_sync_recv_cb: [0m
[00:00:19.830,000] [0m<dbg> bttester.tester_event: service 0x01 opcode 0x8f[0m
[00:00:19.850,000] [0m<dbg> bttester_gap.pa_sync_biginfo_cb: [0m
[00:00:19.850,000] [0m<dbg> bttester.tester_event: service 0x01 opcode 0x97[0m
[00:00:20.490,000] [0m<dbg> bttester_bap_broadcast.stream_stopped: Stopped stream 0x827704c with reason 0x13[0m
[00:00:20.490,000] [0m<dbg> bttester_bap_broadcast.recv_state_updated_cb: Receive state with ID 0 updated[0m
[00:00:20.490,000] [0m<dbg> bttester.tester_event: service 0x0e opcode 0x89[0m
[00:00:20.590,000] [0m<dbg> bttester_bap_broadcast.recv_state_updated_cb: Receive state with ID 0 updated[0m
[00:00:20.590,000] [0m<dbg> bttester.tester_event: service 0x0e opcode 0x89[0m
[00:00:20.590,000] [0m<dbg> bttester_gap.pa_sync_terminated_cb: [0m
[00:00:20.590,000] [0m<dbg> bttester_gap.pa_sync_terminated_cb: PA sync lost with reason 31[0m
[00:00:20.590,000] [0m<dbg> bttester.tester_event: service 0x01 opcode 0x8e[0m
[00:00:24.740,000] [0m<dbg> bttester.cmd_handler: cmd service 0x01 opcode 0x05 index 0x00[0m
[00:00:24.750,000] [0m<dbg> bttester.cmd_handler: Command returns status 0[0m

Stopped at 25.770s
2026/05/23 18:36:46 socat[1866573] W cannot restore terminal settings on fd 5: Input/output error
==1866570==LeakSanitizer has encountered a fatal error.
==1866570==HINT: For debugging, try setting environment variable LSAN_OPTIONS=verbosity=1:log_threads=1
==1866570==HINT: LeakSanitizer does not work under ptrace (strace, gdb, etc)
