*** Booting Zephyr OS build v3.7.0-5411-g31fea97e05fd ***
[00:00:00.250,762] <dbg> bttester: tester_init: Initializing tester
[00:00:05.989,013] <wrn> net_buf: Timeout discarded. No blocking in syswq
[00:00:05.989,196] <wrn> net_buf: Timeout discarded. No blocking in syswq
[00:00:05.989,379] <wrn> net_buf: Timeout discarded. No blocking in syswq
[00:00:05.989,562] <wrn> net_buf: Timeout discarded. No blocking in syswq
[00:00:05.989,746] <wrn> net_buf: Timeout discarded. No blocking in syswq
[00:00:05.989,898] <wrn> net_buf: Timeout discarded. No blocking in syswq
[00:00:05.990,051] <wrn> net_buf: Timeout discarded. No blocking in syswq
[00:00:05.990,203] <wrn> net_buf: Timeout discarded. No blocking in syswq
[00:00:05.990,386] <wrn> net_buf: Timeout discarded. No blocking in syswq
[00:00:05.990,539] <wrn> net_buf: Timeout discarded. No blocking in syswq
[00:00:05.990,722] <wrn> net_buf: Timeout discarded. No blocking in syswq
[00:00:05.990,905] <wrn> net_buf: Timeout discarded. No blocking in syswq
[00:00:05.991,058] <wrn> net_buf: Timeout discarded. No blocking in syswq
[00:00:05.991,180] <inf> bt_hci_core: HW Platform: Nordic Semiconductor (0x0002)
[00:00:05.991,210] <inf> bt_hci_core: HW Variant: nRF52x (0x0002)
[00:00:05.991,241] <inf> bt_hci_core: Firmware: Standard Bluetooth controller (0x00) Version 3.7 Build 99
[00:00:05.991,333] <wrn> net_buf: Timeout discarded. No blocking in syswq
[00:00:05.991,516] <wrn> net_buf: Timeout discarded. No blocking in syswq
[00:00:05.991,699] <wrn> net_buf: Timeout discarded. No blocking in syswq
[00:00:05.991,882] <wrn> net_buf: Timeout discarded. No blocking in syswq
[00:00:05.992,065] <wrn> net_buf: Timeout discarded. No blocking in syswq
[00:00:05.992,279] <wrn> net_buf: Timeout discarded. No blocking in syswq
[00:00:05.992,492] <inf> bt_hci_core: Identity: DC:E7:76:C4:1F:70 (random)
[00:00:05.992,523] <inf> bt_hci_core: HCI: version 5.4 (0x0d) revision 0x0000, manufacturer 0x05f1
[00:00:05.992,553] <inf> bt_hci_core: LMP: version 5.4 (0x0d) subver 0xffff
[00:00:13.405,853] <wrn> bt_conn: *conn should be unreferenced and initialized to NULL
[00:00:13.406,463] <wrn> net_buf: Timeout discarded. No blocking in syswq
[00:00:13.441,986] <wrn> net_buf: Timeout discarded. No blocking in syswq
[00:00:13.442,108] <wrn> net_buf: Timeout discarded. No blocking in syswq
[00:00:13.442,230] <wrn> net_buf: Timeout discarded. No blocking in syswq
[00:00:13.442,352] <wrn> net_buf: Timeout discarded. No blocking in syswq
[00:00:15.543,151] <wrn> bt_l2cap: PDU size > MPS (98 > 96)
[00:00:15.543,182] <wrn> bt_conn: Timeout discarded. No blocking in syswq.
