18:48:48:002	> BTP_CORE_CMD_REGISTER_SERVICE (0x00|0x03|0xff)
                  raw data (1): 00 03 ff 01 00 01
18:48:48:065	< BTP_CORE_CMD_REGISTER_SERVICE (0x00|0x03|0xff)
                  raw data (0): 00 03 ff 00 00
18:48:48:071	> BTP_GAP_CMD_READ_CONTROLLER_INFO (0x01|0x03|0x00)
                  raw data (0): 01 03 00 00 00
18:48:48:486	< BTP_GAP_CMD_READ_CONTROLLER_INFO (0x01|0x03|0x00)
                  raw data (277): 
                  01 03 00 15 01 c3 51 0b 1b b8 d7 13 06 02 00 13 
                  82 00 00 00 00 00 62 74 70 5f 74 65 73 74 65 72 
                  00 00 00 00 00 00 00 00 00 00 00 00 00 00 00 00 
                  00 00 00 00 00 00 00 00 00 00 00 00 00 00 00 00 
                  00 00 00 00 00 00 00 00 00 00 00 00 00 00 00 00 
                  00 00 00 00 00 00 00 00 00 00 00 00 00 00 00 00 
                  00 00 00 00 00 00 00 00 00 00 00 00 00 00 00 00 
                  00 00 00 00 00 00 00 00 00 00 00 00 00 00 00 00 
                  00 00 00 00 00 00 00 00 00 00 00 00 00 00 00 00 
                  00 00 00 00 00 00 00 00 00 00 00 00 00 00 00 00 
                  00 00 00 00 00 00 00 00 00 00 00 00 00 00 00 00 
                  00 00 00 00 00 00 00 00 00 00 00 00 00 00 00 00 
                  00 00 00 00 00 00 00 00 00 00 00 00 00 00 00 00 
                  00 00 00 00 00 00 00 00 00 00 00 00 00 00 00 00 
                  00 00 00 00 00 00 00 00 00 00 00 00 00 00 00 00 
                  00 00 00 00 00 00 00 00 00 00 00 00 00 00 00 00 
                  00 00 00 00 00 00 00 00 00 00 00 00 00 00 00 00 
                  00 00 00 00 00 00 00 00 00 00
18:48:48:495	> BTP_CORE_CMD_REGISTER_SERVICE (0x00|0x03|0xff)
                  raw data (2): 00 03 ff 01 00 02
18:48:48:526	< BTP_CORE_CMD_REGISTER_SERVICE (0x00|0x03|0xff)
                  raw data (0): 00 03 ff 00 00
18:48:48:533	> BTP_GAP_CMD_SET_DISCOVERABLE (0x01|0x08|0x00)
                  raw data (1): 01 08 00 01 00 01
18:48:48:559	< BTP_GAP_CMD_SET_DISCOVERABLE (0x01|0x08|0x00)
                  raw data (4): 01 08 00 04 00 1b 82 00 00
18:48:48:565	> BTP_CORE_CMD_REGISTER_SERVICE (0x00|0x03|0xff)
                  raw data (12): 00 03 ff 01 00 0c
18:48:48:592	<- Response:  BTP_ERROR (0x00|0x00|0xff)
                  raw data (1): 00 00 ff 01 00 01 Fail
18:48:50:992	< BTP_CORE_EV_IUT_READY (0x00|0x80|0xff)
                  raw data (0): 00 80 ff 00 00
