Applying system reset.
Run.
< 2022/04/01 21:22:20.038826  length=5 from=0 to=4
 00 80 ff 00 00                                   .....
--
> 2022/04/01 21:22:20.150436  length=6 from=0 to=5
 00 03 ff 01 00 01                                ......
--
< 2022/04/01 21:22:20.166483  length=5 from=5 to=9
 00 03 ff 00 00                                   .....
--
> 2022/04/01 21:22:20.246147  length=5 from=6 to=10
 01 03 00 00 00                                   .....
--
< 2022/04/01 21:22:20.420795  length=3 from=10 to=12
 01 03 00                                         ...
--
< 2022/04/01 21:22:20.421603  length=12 from=13 to=24
 15 01 36 a7 20 ad 80 fc 13 06 00 00              ..6. .......
--
< 2022/04/01 21:22:20.436852  length=175 from=25 to=199
 13 82 00 00 00 00 00 62 74 70 5f 74 65 73 74 65  .......btp_teste
 72 00 00 00 00 00 00 00 00 00 00 00 00 00 00 00  r...............
 00 00 00 00 00 00 00 00 00 00 00 00 00 00 00 00  ................
 00 00 00 00 00 00 00 00 00 00 00 00 00 00 00 00  ................
 00 00 00 00 00 00 00 00 00 00 00 00 00 00 00 00  ................
 00 00 00 00 00 00 00 00 00 00 00 00 00 00 00 00  ................
 00 00 00 00 00 00 00 00 00 00 00 00 00 00 00 00  ................
 00 00 00 00 00 00 00 00 00 00 00 00 00 00 00 00  ................
 00 00 00 00 00 00 00 00 00 00 00 00 00 00 00 00  ................
 00 00 00 00 00 00 00 00 00 00 00 00 00 00 00 00  ................
 00 00 00 00 00 00 00 00 00 00 00 00 00 00 00     ...............
--
< 2022/04/01 21:22:20.438377  length=22 from=200 to=221
 00 00 00 00 00 00 00 00 00 00 00 00 00 00 00 00  ................
 00 00 00 00 00 00                                ......
--
< 2022/04/01 21:22:20.438705  length=3 from=222 to=224
 00 00 00                                         ...
--
< 2022/04/01 21:22:20.452819  length=67 from=225 to=291
 00 00 00 00 00 00 00 00 00 00 00 00 00 00 00 00  ................
 00 00 00 00 00 00 00 00 00 00 00 00 00 00 00 00  ................
 00 00 00 00 00 00 00 00 00 00 00 00 00 00 00 00  ................
 00 00 00 00 00 00 00 00 00 00 00 00 00 00 00 00  ................
 00 00 00                                         ...
--
> 2022/04/01 21:22:20.595269  length=6 from=11 to=16
 00 03 ff 01 00 02                                ......
--
< 2022/04/01 21:22:20.611313  length=5 from=292 to=296
 00 03 ff 00 00                                   .....
--
> 2022/04/01 21:22:20.706966  length=9 from=17 to=25
 02 02 00 04 00 00 02 aa 50                       ........P
--
< 2022/04/01 21:22:20.723031  length=7 from=297 to=303
 02 02 00 02 00 00 00                             .......
--
> 2022/04/01 21:22:20.802692  length=12 from=26 to=37
 02 03 00 07 00 00 00 02 11 02 aa 51              ...........Q
--
< 2022/04/01 21:22:20.818759  length=7 from=304 to=310
 02 03 00 02 00 00 00                             .......
--
> 2022/04/01 21:22:20.898443  length=10 from=38 to=47
 02 06 00 05 00 00 00 01 00 01                    ..........
--
< 2022/04/01 21:22:20.914502  length=5 from=311 to=315
 02 06 00 00 00                                   .....
--
> 2022/04/01 21:22:20.994150  length=12 from=48 to=59
 02 03 00 07 00 00 00 02 05 02 aa 52              ...........R
--
< 2022/04/01 21:22:21.010242  length=7 from=316 to=322
 02 03 00 02 00 00 00                             .......
--
> 2022/04/01 21:22:21.057994  length=10 from=60 to=69
 02 06 00 05 00 00 00 01 00 02                    ..........
--
< 2022/04/01 21:22:21.074091  length=5 from=323 to=327
 02 06 00 00 00                                   .....
--
> 2022/04/01 21:22:21.153719  length=12 from=70 to=81
 02 03 00 07 00 00 00 42 03 02 aa 52              .......B...R
--
< 2022/04/01 21:22:21.169821  length=7 from=328 to=334
 02 03 00 02 00 00 00                             .......
--
> 2022/04/01 21:22:21.313308  length=10 from=82 to=91
 02 06 00 05 00 00 00 01 00 03                    ..........
--
< 2022/04/01 21:22:21.329280  length=5 from=335 to=339
 02 06 00 00 00                                   .....
--
> 2022/04/01 21:22:21.472924  length=12 from=92 to=103
 02 03 00 07 00 00 00 42 30 02 aa 53              .......B0..S
--
< 2022/04/01 21:22:21.488944  length=7 from=340 to=346
 02 03 00 02 00 00 00                             .......
--
> 2022/04/01 21:22:21.648467  length=10 from=104 to=113
 02 06 00 05 00 00 00 01 00 04                    ..........
--
< 2022/04/01 21:22:21.664460  length=5 from=347 to=351
 02 06 00 00 00                                   .....
--
> 2022/04/01 21:22:21.760172  length=5 from=114 to=118
 02 07 00 00 00                                   .....
--
< 2022/04/01 21:22:21.776185  length=8 from=352 to=359
 02 07 00 03 00 60 60 00                          .....``.
--
> 2022/04/01 21:22:21.919776  length=6 from=119 to=124
 01 10 00 01 00 00                                ......
--
< 2022/04/01 21:22:21.935822  length=5 from=360 to=364
 01 10 00 00 00                                   .....
--
> 2022/04/01 21:22:24.560717  length=12 from=125 to=136
 01 12 00 07 00 00 b9 15 60 e8 07 c0              ........`...
--
< 2022/04/01 21:22:24.576784  length=5 from=365 to=369
 01 12 00 00 00                                   .....
--
> 2022/04/01 21:22:28.915891  length=13 from=137 to=149
 01 0e 00 08 00 00 b9 15 60 e8 07 c0 00           ........`....
--
< 2022/04/01 21:22:28.931963  length=5 from=370 to=374
 01 0e 00 00 00                                   .....
--
< 2022/04/01 21:22:29.229814  length=18 from=375 to=392
 01 82 00 0d 00 00 b9 15 60 e8 07 c0 28 00 00 00  ........`...(...
 90 01                                            ..
--
< 2022/04/01 21:22:30.479550  length=13 from=393 to=405
 01 89 00 08 00 00 b9 15 60 e8 07 c0 02           ........`....
--
> 2022/04/01 21:22:30.589123  length=12 from=150 to=161
 01 0f 00 07 00 00 b9 15 60 e8 07 c0              ........`...
--
< 2022/04/01 21:22:30.605201  length=5 from=406 to=410
 01 0f 00 00 00                                   .....
--
< 2022/04/01 21:22:30.621396  length=12 from=411 to=422
 01 83 00 07 00 00 b9 15 60 e8 07 c0              ........`...
--
> 2022/04/01 21:22:30.668897  length=13 from=162 to=174
 01 0e 00 08 00 00 b9 15 60 e8 07 c0 00           ........`....
--
< 2022/04/01 21:22:30.684996  length=5 from=423 to=427
 01 0e 00 00 00                                   .....
--
< 2022/04/01 21:22:30.953932  length=18 from=428 to=445
 01 82 00 0d 00 00 b9 15 60 e8 07 c0 28 00 00 00  ........`...(...
 90 01                                            ..
--
> 2022/04/01 21:22:31.033511  length=17 from=175 to=191
 02 16 00 0c 00 00 b9 15 60 e8 07 c0 07 00 01 00  ........`.......
 01                                               .
--
< 2022/04/01 21:22:31.049586  length=5 from=446 to=450
 02 16 00 00 00                                   .....
--
> 2022/04/01 21:22:31.177193  length=12 from=192 to=203
 01 0f 00 07 00 00 b9 15 60 e8 07 c0              ........`...
--
< 2022/04/01 21:22:31.193234  length=5 from=451 to=455
 01 0f 00 00 00                                   .....
--
< 2022/04/01 21:22:31.209278  length=12 from=456 to=467
 01 83 00 07 00 00 b9 15 60 e8 07 c0              ........`...
--
