*** Booting Zephyr OS build v4.0.0-rc2 ***
[00:00:00.388,031] <dbg> bttester: tester_init: Initializing tester
[00:00:35.954,376] <dbg> bttester: cmd_handler: cmd service 0 opcode 3 index 255
[00:00:35.958,404] <wrn> net_buf: Timeout discarded. No blocking in syswq
[00:00:35.958,587] <wrn> net_buf: Timeout discarded. No blocking in syswq
[00:00:35.958,770] <wrn> net_buf: Timeout discarded. No blocking in syswq
[00:00:35.958,953] <wrn> net_buf: Timeout discarded. No blocking in syswq
[00:00:35.959,106] <wrn> net_buf: Timeout discarded. No blocking in syswq
[00:00:35.959,259] <wrn> net_buf: Timeout discarded. No blocking in syswq
[00:00:35.959,411] <wrn> net_buf: Timeout discarded. No blocking in syswq
[00:00:35.959,594] <wrn> net_buf: Timeout discarded. No blocking in syswq
[00:00:35.959,747] <wrn> net_buf: Timeout discarded. No blocking in syswq
[00:00:35.959,930] <wrn> net_buf: Timeout discarded. No blocking in syswq
[00:00:35.960,113] <wrn> net_buf: Timeout discarded. No blocking in syswq
[00:00:35.960,266] <wrn> net_buf: Timeout discarded. No blocking in syswq
[00:00:35.960,449] <wrn> net_buf: Timeout discarded. No blocking in syswq
[00:00:35.960,571] <inf> bt_hci_core: HW Platform: Nordic Semiconductor (0x0002)
[00:00:35.960,601] <inf> bt_hci_core: HW Variant: nRF52x (0x0002)
[00:00:35.960,632] <inf> bt_hci_core: Firmware: Standard Bluetooth controller (0x00) Version 4.0 Build 0
[00:00:35.960,693] <wrn> net_buf: Timeout discarded. No blocking in syswq
[00:00:35.960,906] <wrn> net_buf: Timeout discarded. No blocking in syswq
[00:00:35.961,059] <wrn> net_buf: Timeout discarded. No blocking in syswq
[00:00:35.961,242] <wrn> net_buf: Timeout discarded. No blocking in syswq
[00:00:35.961,425] <wrn> net_buf: Timeout discarded. No blocking in syswq
[00:00:35.961,639] <wrn> net_buf: Timeout discarded. No blocking in syswq
[00:00:35.961,853] <inf> bt_hci_core: Identity: DC:E7:76:C4:1F:70 (random)
[00:00:35.961,883] <inf> bt_hci_core: HCI: version 5.4 (0x0d) revision 0x0000, manufacturer 0x05f1
[00:00:35.961,914] <inf> bt_hci_core: LMP: version 5.4 (0x0d) subver 0xffff
[00:00:35.961,944] <dbg> bttester: tester_rsp_with_index: service 0 opcode 3 index 255 status 0
[00:00:35.979,217] <dbg> bttester: cmd_handler: cmd service 1 opcode 3 index 0
[00:00:36.333,923] <dbg> bttester: cmd_handler: cmd service 0 opcode 3 index 255
[00:00:36.333,984] <dbg> bttester: tester_rsp_with_index: service 0 opcode 3 index 255 status 0
[00:00:46.357,147] <dbg> bttester: cmd_handler: cmd service 1 opcode 8 index 0
[00:00:46.401,733] <dbg> bttester: cmd_handler: cmd service 1 opcode 10 index 0
[00:00:46.401,855] <wrn> net_buf: Timeout discarded. No blocking in syswq
[00:00:46.402,008] <wrn> net_buf: Timeout discarded. No blocking in syswq
[00:00:46.402,221] <wrn> net_buf: Timeout discarded. No blocking in syswq
[00:00:46.402,374] <wrn> net_buf: Timeout discarded. No blocking in syswq
[00:00:46.402,709] <wrn> net_buf: Timeout discarded. No blocking in syswq
[00:00:47.045,227] <dbg> bttester: tester_event: service 1 opcode 130
[00:00:47.046,752] <dbg> bttester: tester_event: service 1 opcode 128
[00:00:47.047,821] <wrn> net_buf: Timeout discarded. No blocking in syswq
[00:00:47.047,973] <wrn> net_buf: Timeout discarded. No blocking in syswq
[00:00:47.048,065] <wrn> net_buf: Timeout discarded. No blocking in syswq
[00:00:47.048,217] <wrn> net_buf: Timeout discarded. No blocking in syswq
[00:00:52.045,166] <wrn> net_buf: Timeout discarded. No blocking in syswq
[00:00:52.171,142] <dbg> bttester: tester_event: service 1 opcode 136
[00:00:55.483,917] <wrn> net_buf: Timeout discarded. No blocking in syswq
[00:00:55.713,745] <dbg> bttester: tester_event: service 1 opcode 137
[00:00:55.797,760] <wrn> net_buf: Timeout discarded. No blocking in syswq
[00:00:55.797,912] <wrn> net_buf: Timeout discarded. No blocking in syswq
[00:00:55.798,095] <wrn> net_buf: Timeout discarded. No blocking in syswq
[00:00:58.109,161] <wrn> net_buf: Timeout discarded. No blocking in syswq
[00:00:58.234,130] <dbg> bttester: tester_event: service 1 opcode 137
