> 2024/01/13 06:03:51.113246  length=6 from=0 to=5
 00 03 ff 01 00 01                                ......
--
< 2024/01/13 06:03:51.144366  length=5 from=0 to=4
 00 03 ff 00 00                                   .....
--
> 2024/01/13 06:03:51.175244  length=6 from=6 to=11
 00 03 ff 01 00 02                                ......
--
< 2024/01/13 06:03:51.191290  length=5 from=5 to=9
 00 03 ff 00 00                                   .....
--
> 2024/01/13 06:03:51.319231  length=5 from=12 to=16
 01 03 00 00 00                                   .....
--
< 2024/01/13 06:03:51.383411  length=190 from=10 to=199
 01 03 00 15 01 c3 51 0b 1b b8 d7 13 06 02 00 13  ......Q.........
 82 00 00 00 00 00 62 74 70 5f 74 65 73 74 65 72  ......btp_tester
 00 00 00 00 00 00 00 00 00 00 00 00 00 00 00 00  ................
 00 00 00 00 00 00 00 00 00 00 00 00 00 00 00 00  ................
 00 00 00 00 00 00 00 00 00 00 00 00 00 00 00 00  ................
 00 00 00 00 00 00 00 00 00 00 00 00 00 00 00 00  ................
 00 00 00 00 00 00 00 00 00 00 00 00 00 00 00 00  ................
 00 00 00 00 00 00 00 00 00 00 00 00 00 00 00 00  ................
 00 00 00 00 00 00 00 00 00 00 00 00 00 00 00 00  ................
 00 00 00 00 00 00 00 00 00 00 00 00 00 00 00 00  ................
 00 00 00 00 00 00 00 00 00 00 00 00 00 00 00 00  ................
 00 00 00 00 00 00 00 00 00 00 00 00 00 00        ..............
--
< 2024/01/13 06:03:51.385367  length=19 from=200 to=218
 00 00 00 00 00 00 00 00 00 00 00 00 00 00 00 00  ................
 00 00 00                                         ...
--
< 2024/01/13 06:03:51.385740  length=9 from=219 to=227
 00 00 00 00 00 00 00 00 00                       .........
--
< 2024/01/13 06:03:51.399509  length=64 from=228 to=291
 00 00 00 00 00 00 00 00 00 00 00 00 00 00 00 00  ................
 00 00 00 00 00 00 00 00 00 00 00 00 00 00 00 00  ................
 00 00 00 00 00 00 00 00 00 00 00 00 00 00 00 00  ................
 00 00 00 00 00 00 00 00 00 00 00 00 00 00 00 00  ................
--
> 2024/01/13 06:03:51.463242  length=6 from=17 to=22
 01 10 00 01 00 00                                ......
--
< 2024/01/13 06:03:51.479265  length=5 from=292 to=296
 01 10 00 00 00                                   .....
--
> 2024/01/13 06:03:51.559252  length=6 from=23 to=28
 01 08 00 01 00 01                                ......
--
< 2024/01/13 06:03:51.575395  length=9 from=297 to=305
 01 08 00 04 00 1b 82 00 00                       .........
--
> 2024/01/13 06:03:51.719226  length=6 from=29 to=34
 00 03 ff 01 00 10                                ......
--
< 2024/01/13 06:03:51.735336  length=5 from=306 to=310
 00 03 ff 00 00                                   .....
--
> 2024/01/13 06:03:51.895271  length=6 from=35 to=40
 00 03 ff 01 00 0a                                ......
--
< 2024/01/13 06:03:51.911319  length=5 from=311 to=315
 00 03 ff 00 00                                   .....
--
> 2024/01/13 06:03:58.090570  length=13 from=41 to=53
 01 0e 00 08 00 00 90 0d 79 e8 07 c0 00           ........y....
--
< 2024/01/13 06:03:58.106585  length=5 from=316 to=320
 01 0e 00 00 00                                   .....
--
< 2024/01/13 06:03:58.282748  length=18 from=321 to=338
 01 82 00 0d 00 00 90 0d 79 e8 07 c0 28 00 00 00  ........y...(...
 90 01                                            ..
--
< 2024/01/13 06:03:59.976697  length=13 from=339 to=351
 01 89 00 08 00 00 90 0d 79 e8 07 c0 02           ........y....
--
> 2024/01/13 06:04:00.072603  length=12 from=54 to=65
 10 02 00 07 00 00 90 0d 79 e8 07 c0              ........y...
--
< 2024/01/13 06:04:00.088797  length=5 from=352 to=356
 10 02 00 00 00                                   .....
--
< 2024/01/13 06:04:01.431711  length=27 from=357 to=383
 10 80 00 16 00 00 90 0d 79 e8 07 c0 00 d3 00 f2  ........y.......
 00 f5 00 f7 00 f9 00 fc 00 fe 00                 ...........
--
> 2024/01/13 06:04:02.530853  length=12 from=66 to=77
 0a                                               .
 0e 00 07 00 00 90 0d 79 e8 07 c0                 .......y...
--
< 2024/01/13 06:04:02.546957  length=5 from=384 to=388
 0a                                               .
 0e 00 00 00                                      ....
--
< 2024/01/13 06:04:02.627093  length=16 from=389 to=404
 0a                                               .
 80 00 0b 00 00 90 0d 79 e8 07 c0 00 00 00 02     .......y.......
--
> 2024/01/13 06:04:03.742232  length=12 from=78 to=89
 0a                                               .
 06 00 07 00 00 90 0d 79 e8 07 c0                 .......y...
--
< 2024/01/13 06:04:03.758263  length=5 from=405 to=409
 0a                                               .
 06 00 00 00                                      ....
--
< 2024/01/13 06:04:03.838337  length=30 from=410 to=439
 0a                                               .
 85 00 09 00 00 90 0d 79 e8 07 c0 00 06 0a        .......y......
 80 00 0b 00 00 90 0d 79 e8 07 c0 00 00 00 03     .......y.......
--
< 2024/01/13 06:04:05.238679  length=12 from=440 to=451
 01 83 00 07 00 00 90 0d 79 e8 07 c0              ........y...
--
< 2024/01/13 06:04:09.009420  length=5 from=452 to=456
 00 80 ff 00 00                                   .....
--
