Applying system reset.
Run.
< 2021/08/21 11:53:01.735051  length=5 from=0 to=4
 00 80 ff 00 00                                   .....
--
> 2021/08/21 11:53:01.827722  length=6 from=0 to=5
 00 03 ff 01 00 01                                ......
--
< 2021/08/21 11:53:01.843741  length=5 from=5 to=9
 00 03 ff 00 00                                   .....
--
> 2021/08/21 11:53:01.907043  length=5 from=6 to=10
 01 03 00 00 00                                   .....
--
< 2021/08/21 11:53:02.097624  length=14 from=10 to=23
 01 03 00 15 01 b0 af 7c d6 f9 59 13 06 00        .......|..Y...
--
< 2021/08/21 11:53:02.098561  length=12 from=24 to=35
 00 13 22 00 00 00 00 00 62 74 70 5f              ..".....btp_
--
< 2021/08/21 11:53:02.112766  length=163 from=36 to=198
 74 65 73 74 65 72 00 00 00 00 00 00 00 00 00 00  tester..........
 00 00 00 00 00 00 00 00 00 00 00 00 00 00 00 00  ................
 00 00 00 00 00 00 00 00 00 00 00 00 00 00 00 00  ................
 00 00 00 00 00 00 00 00 00 00 00 00 00 00 00 00  ................
 00 00 00 00 00 00 00 00 00 00 00 00 00 00 00 00  ................
 00 00 00 00 00 00 00 00 00 00 00 00 00 00 00 00  ................
 00 00 00 00 00 00 00 00 00 00 00 00 00 00 00 00  ................
 00 00 00 00 00 00 00 00 00 00 00 00 00 00 00 00  ................
 00 00 00 00 00 00 00 00 00 00 00 00 00 00 00 00  ................
 00 00 00 00 00 00 00 00 00 00 00 00 00 00 00 00  ................
 00 00 00                                         ...
--
< 2021/08/21 11:53:02.114245  length=24 from=199 to=222
 00 00 00 00 00 00 00 00 00 00 00 00 00 00 00 00  ................
 00 00 00 00 00 00 00 00                          ........
--
< 2021/08/21 11:53:02.127728  length=69 from=223 to=291
 00 00 00 00 00 00 00 00 00 00 00 00 00 00 00 00  ................
 00 00 00 00 00 00 00 00 00 00 00 00 00 00 00 00  ................
 00 00 00 00 00 00 00 00 00 00 00 00 00 00 00 00  ................
 00 00 00 00 00 00 00 00 00 00 00 00 00 00 00 00  ................
 00 00 00 00 00                                   .....
--
> 2021/08/21 11:53:02.190292  length=6 from=11 to=16
 00 03 ff 01 00 02                                ......
--
< 2021/08/21 11:53:02.206230  length=5 from=292 to=296
 00 03 ff 00 00                                   .....
--
> 2021/08/21 11:53:02.268088  length=9 from=17 to=25
 02 02 00 04 00 00 02 aa 50                       ........P
--
< 2021/08/21 11:53:02.284045  length=7 from=297 to=303
 02 02 00 02 00 00 00                             .......
--
> 2021/08/21 11:53:02.394792  length=12 from=26 to=37
 02 03 00 07 00 00 00 02 11 02 aa 51              ...........Q
--
< 2021/08/21 11:53:02.410773  length=7 from=304 to=310
 02 03 00 02 00 00 00                             .......
--
> 2021/08/21 11:53:02.537435  length=10 from=38 to=47
 02 06 00 05 00 00 00 01 00 01                    ..........
--
< 2021/08/21 11:53:02.553482  length=5 from=311 to=315
 02 06 00 00 00                                   .....
--
> 2021/08/21 11:53:02.630466  length=12 from=48 to=59
 02 03 00 07 00 00 00 02 05 02 aa 52              ...........R
--
< 2021/08/21 11:53:02.646439  length=7 from=316 to=322
 02 03 00 02 00 00 00                             .......
--
> 2021/08/21 11:53:02.802989  length=10 from=60 to=69
 02 06 00 05 00 00 00 01 00 02                    ..........
--
< 2021/08/21 11:53:02.818021  length=5 from=323 to=327
 02 06 00 00 00                                   .....
--
> 2021/08/21 11:53:02.928644  length=12 from=70 to=81
 02 03 00 07 00 00 00 42 03 02 aa 52              .......B...R
--
< 2021/08/21 11:53:02.944673  length=7 from=328 to=334
 02 03 00 02 00 00 00                             .......
--
> 2021/08/21 11:53:03.007831  length=10 from=82 to=91
 02 06 00 05 00 00 00 01 00 03                    ..........
--
< 2021/08/21 11:53:03.023772  length=5 from=335 to=339
 02 06 00 00 00                                   .....
--
> 2021/08/21 11:53:03.070572  length=12 from=92 to=103
 02 03 00 07 00 00 00 42 30 02 aa 53              .......B0..S
--
< 2021/08/21 11:53:03.086551  length=7 from=340 to=346
 02 03 00 02 00 00 00                             .......
--
> 2021/08/21 11:53:03.164545  length=10 from=104 to=113
 02 06 00 05 00 00 00 01 00 04                    ..........
--
< 2021/08/21 11:53:03.180646  length=5 from=347 to=351
 02 06 00 00 00                                   .....
--
> 2021/08/21 11:53:03.243368  length=5 from=114 to=118
 02 07 00 00 00                                   .....
--
< 2021/08/21 11:53:03.259463  length=8 from=352 to=359
 02 07 00 03 00 00 00 00                          ........
--
> 2021/08/21 11:53:03.352627  length=6 from=119 to=124
 01 10 00 01 00 00                                ......
--
< 2021/08/21 11:53:03.368681  length=5 from=360 to=364
 01 10 00 00 00                                   .....
--
> 2021/08/21 11:53:06.348362  length=13 from=125 to=137
 01 0e 00 08 00 00 35 1c f2 dc 1b 00 00           ......5......
--
< 2021/08/21 11:53:06.363473  length=5 from=365 to=369
 01 0e 00 00 00                                   .....
--
< 2021/08/21 11:53:06.799745  length=18 from=370 to=387
 01 82 00 0d 00 00 35 1c f2 dc 1b 00 28 00 00 00  ......5.....(...
 90 01                                            ..
--
> 2021/08/21 11:53:06.830296  length=12 from=138 to=149
 02 1c 00 07 00 01 00 ff ff 02 03 28              ...........(
--
< 2021/08/21 11:53:06.846446  length=78 from=388 to=465
 02 1c 00 49 00 0c 02 00 01 02 03 28 05 00 01 02  ...I.......(....
 03 28 07 00 01 02 03 28 09 00 01 02 03 28 0c 00  .(.....(.....(..
 01 02 03 28 0e 00 01 02 03 28 10 00 01 02 03 28  ...(.....(.....(
 12 00 01 02 03 28 15 00 01 02 03 28 17 00 01 02  .....(.....(....
 03 28 19 00 01 02 03 28 1b 00 01 02 03 28        .(.....(.....(
--
> 2021/08/21 11:53:06.909505  length=14 from=150 to=163
 02 1d 00 09 00 00 35 1c f2 dc 1b 00 02 00        ......5.......
--
< 2021/08/21 11:53:06.925555  length=13 from=466 to=478
 02 1d 00 08 00 00 05 00 20 03 00 05 2a           ........ ...*
--
> 2021/08/21 11:53:07.005286  length=10 from=164 to=173
 02 1c 00 05 00 03 00 03 00 00                    ..........
--
< 2021/08/21 11:53:07.020263  length=12 from=479 to=490
 02 1c 00 07 00 01 03 00 00 02 05 2a              ...........*
--
> 2021/08/21 11:53:07.132089  length=14 from=174 to=187
 02 1d 00 09 00 00 35 1c f2 dc 1b 00 05 00        ......5.......
--
< 2021/08/21 11:53:07.148140  length=13 from=491 to=503
 02 1d 00 08 00 00 05 00 0a                       .........
 06 00 29 2b                                      ..)+
--
> 2021/08/21 11:53:07.290594  length=10 from=188 to=197
 02 1c 00 05 00 06 00 06 00 00                    ..........
--
< 2021/08/21 11:53:07.306653  length=12 from=504 to=515
 02 1c 00 07 00 01 06 00 03 02 29 2b              ..........)+
--
> 2021/08/21 11:53:07.369075  length=14 from=198 to=211
 02 1d 00 09 00 00 35 1c f2 dc 1b 00 07 00        ......5.......
--
< 2021/08/21 11:53:07.385094  length=13 from=516 to=528
 02 1d 00 08 00 00 05 00 02 08 00 2a 2b           ...........*+
--
> 2021/08/21 11:53:07.526983  length=10 from=212 to=221
 02 1c 00 05 00 08 00 08 00 00                    ..........
--
< 2021/08/21 11:53:07.542047  length=12 from=529 to=540
 02 1c 00 07 00 01 08 00 01 02 2a 2b              ..........*+
--
> 2021/08/21 11:53:07.635686  length=14 from=222 to=235
 02 1d 00 09 00 00 35 1c f2 dc 1b 00 09 00        ......5.......
--
< 2021/08/21 11:53:07.651729  length=13 from=541 to=553
 02 1d 00 08 00 00 05 00 02 0a                    ..........
 00 3a 2b                                         .:+
--
> 2021/08/21 11:53:07.763443  length=10 from=236 to=245
 02 1c 00 05 00 0a                                ......
 00 0a                                            ..
 00 00                                            ..
--
< 2021/08/21 11:53:07.779447  length=12 from=554 to=565
 02 1c 00 07 00 01 0a                             .......
 00 01 02 3a 2b                                   ...:+
--
> 2021/08/21 11:53:07.890126  length=14 from=246 to=259
 02 1d 00 09 00 00 35 1c f2 dc 1b 00 0c 00        ......5.......
--
< 2021/08/21 11:53:07.906148  length=13 from=566 to=578
 02 1d 00 08 00 00 05 00 0a                       .........
 0d 00 00 2a                                      ...*
--
> 2021/08/21 11:53:07.985825  length=10 from=260 to=269
 02 1c 00 05 00 0d 00 0d 00 00                    ..........
--
< 2021/08/21 11:53:08.002014  length=12 from=579 to=590
 02 1c 00 07 00 01 0d 00 09 02 00 2a              ...........*
--
> 2021/08/21 11:53:08.112523  length=14 from=270 to=283
 02 1d 00 09 00 00 35 1c f2 dc 1b 00 0e 00        ......5.......
--
< 2021/08/21 11:53:08.128539  length=13 from=591 to=603
 02 1d 00 08 00 00 05 00 02 0f 00 01 2a           ............*
--
> 2021/08/21 11:53:08.208261  length=10 from=284 to=293
 02 1c 00 05 00 0f 00 0f 00 00                    ..........
--
< 2021/08/21 11:53:08.224317  length=12 from=604 to=615
 02 1c 00 07 00 01 0f 00 01 02 01 2a              ...........*
--
> 2021/08/21 11:53:08.272022  length=14 from=294 to=307
 02 1d 00 09 00 00 35 1c f2 dc 1b 00 10 00        ......5.......
--
< 2021/08/21 11:53:08.287978  length=13 from=616 to=628
 02 1d 00 08 00 00 05 00 02 11 00 a6 2a           ............*
--
> 2021/08/21 11:53:08.381812  length=10 from=308 to=317
 02 1c 00 05 00 11 00 11 00 00                    ..........
--
< 2021/08/21 11:53:08.396832  length=12 from=629 to=640
 02 1c 00 07 00 01 11 00 01 02 a6 2a              ...........*
--
> 2021/08/21 11:53:08.522598  length=14 from=318 to=331
 02 1d 00 09 00 00 35 1c f2 dc 1b 00 12 00        ......5.......
--
< 2021/08/21 11:53:08.538654  length=13 from=641 to=653
 02 1d 00 08 00 00 05 00 02 13 00 04 2a           ............*
--
> 2021/08/21 11:53:08.681182  length=10 from=332 to=341
 02 1c 00 05 00 13 00 13 00 00                    ..........
--
< 2021/08/21 11:53:08.697201  length=12 from=654 to=665
 02 1c 00 07 00 01 13 00 01 02 04 2a              ...........*
--
> 2021/08/21 11:53:08.823749  length=14 from=342 to=355
 02 1d 00 09 00 00 35 1c f2 dc 1b 00 15 00        ......5.......
--
< 2021/08/21 11:53:08.839790  length=13 from=666 to=678
 02 1d 00 08 00 00 05 00 02 16 00 aa 51           ............Q
--
> 2021/08/21 11:53:08.982302  length=10 from=356 to=365
 02 1c 00 05 00 16 00 16 00 00                    ..........
--
< 2021/08/21 11:53:08.998246  length=12 from=679 to=690
 02 1c 00 07 00 01 16 00 51 02 aa 51              ........Q..Q
--
> 2021/08/21 11:53:09.124965  length=14 from=366 to=379
 02 1d 00 09 00 00 35 1c f2 dc 1b 00 17 00        ......5.......
--
< 2021/08/21 11:53:09.141012  length=13 from=691 to=703
 02 1d 00 08 00 00 05 00 02 18 00 aa 52           ............R
--
> 2021/08/21 11:53:09.267652  length=10 from=380 to=389
 02 1c 00 05 00 18 00 18 00 00                    ..........
--
< 2021/08/21 11:53:09.283703  length=12 from=704 to=715
 02 1c 00 07 00 01 18 00 45 02 aa 52              ........E..R
--
> 2021/08/21 11:53:09.377359  length=14 from=390 to=403
 02 1d 00 09 00 00 35 1c f2 dc 1b 00 19 00        ......5.......
--
< 2021/08/21 11:53:09.393418  length=13 from=716 to=728
 02 1d 00 08 00 00 05 00 42 1a 00 aa 52           ........B...R
--
> 2021/08/21 11:53:09.503947  length=10 from=404 to=413
 02 1c 00 05 00 1a 00 1a 00 00                    ..........
--
< 2021/08/21 11:53:09.519976  length=12 from=729 to=740
 02 1c 00 07 00 01 1a 00 43 02 aa 52              ........C..R
--
> 2021/08/21 11:53:09.598807  length=14 from=414 to=427
 02 1d 00 09 00 00 35 1c f2 dc 1b 00 1b 00        ......5.......
--
< 2021/08/21 11:53:09.614808  length=13 from=741 to=753
 02 1d 00 08 00 00 05 00 42 1c 00 aa 53           ........B...S
--
> 2021/08/21 11:53:09.758350  length=10 from=428 to=437
 02 1c 00 05 00 1c 00 1c 00 00                    ..........
--
< 2021/08/21 11:53:09.774337  length=12 from=754 to=765
 02 1c 00 07 00 01 1c 00 70 02 aa 53              ........p..S
--
< 2021/08/21 11:53:15.943874  length=12 from=766 to=777
 01 83 00 07 00 00 35 1c f2 dc 1b 00              ......5.....
--
