< 2024/08/07 04:30:10.966691  length=6 from=0 to=5
 00 03 ff 01 00 01                                ......
--
> 2024/08/07 04:30:11.007022  length=4 from=0 to=3
 00 03 ff 00                                      ....
--
> 2024/08/07 04:30:11.007122  length=1 from=4 to=4
 00                                               .
--
< 2024/08/07 04:30:11.039340  length=6 from=6 to=11
 00 03 ff 01 00 02                                ......
--
> 2024/08/07 04:30:11.041804  length=5 from=5 to=9
 00 03 ff 00 00                                   .....
--
< 2024/08/07 04:30:11.073672  length=5 from=12 to=16
 01 03 00 00 00                                   .....
--
> 2024/08/07 04:30:11.243117  length=6 from=10 to=15
 01 03 00 15 01 c3                                ......
--
> 2024/08/07 04:30:11.243227  length=2 from=16 to=17
 51 0b                                            Q.
--
> 2024/08/07 04:30:11.243303  length=1 from=18 to=18
 1b                                               .
--
> 2024/08/07 04:30:11.243388  length=1 from=19 to=19
 b8                                               .
--
> 2024/08/07 04:30:11.243456  length=1 from=20 to=20
 d7                                               .
--
> 2024/08/07 04:30:11.244006  length=6 from=21 to=26
 13 06 02 00 13 82                                ......
--
> 2024/08/07 04:30:11.244096  length=1 from=27 to=27
 00                                               .
--
> 2024/08/07 04:30:11.245029  length=11 from=28 to=38
 00 00 00 00 62 74 70 5f 74 65 73                 ....btp_tes
--
> 2024/08/07 04:30:11.245126  length=1 from=39 to=39
 74                                               t
--
> 2024/08/07 04:30:11.246010  length=10 from=40 to=49
 65 72 00 00 00 00 00 00 00 00                    er........
--
> 2024/08/07 04:30:11.246109  length=1 from=50 to=50
 00                                               .
--
> 2024/08/07 04:30:11.246176  length=1 from=51 to=51
 00                                               .
--
> 2024/08/07 04:30:11.246242  length=1 from=52 to=52
 00                                               .
--
> 2024/08/07 04:30:11.247006  length=9 from=53 to=61
 00 00 00 00 00 00 00 00 00                       .........
--
> 2024/08/07 04:30:11.247102  length=1 from=62 to=62
 00                                               .
--
> 2024/08/07 04:30:11.248060  length=10 from=63 to=72
 00 00 00 00 00 00 00 00 00 00                    ..........
--
> 2024/08/07 04:30:11.248170  length=2 from=73 to=74
 00 00                                            ..
--
> 2024/08/07 04:30:11.248241  length=1 from=75 to=75
 00                                               .
--
> 2024/08/07 04:30:11.248451  length=1 from=76 to=76
 00                                               .
--
> 2024/08/07 04:30:11.249007  length=8 from=77 to=84
 00 00 00 00 00 00 00 00                          ........
--
> 2024/08/07 04:30:11.249236  length=1 from=85 to=85
 00                                               .
--
> 2024/08/07 04:30:11.250122  length=11 from=86 to=96
 00 00 00 00 00 00 00 00 00 00 00                 ...........
--
> 2024/08/07 04:30:11.250264  length=2 from=97 to=98
 00 00                                            ..
--
> 2024/08/07 04:30:11.250333  length=1 from=99 to=99
 00                                               .
--
> 2024/08/07 04:30:11.251533  length=9 from=100 to=108
 00 00 00 00 00 00 00 00 00                       .........
--
> 2024/08/07 04:30:11.253986  length=33 from=109 to=141
 00 00 00 00 00 00 00 00 00 00 00 00 00 00 00 00  ................
 00 00 00 00 00 00 00 00 00 00 00 00 00 00 00 00  ................
 00                                               .
--
> 2024/08/07 04:30:11.254218  length=2 from=142 to=143
 00 00                                            ..
--
> 2024/08/07 04:30:11.254379  length=3 from=144 to=146
 00 00 00                                         ...
--
> 2024/08/07 04:30:11.254455  length=1 from=147 to=147
 00                                               .
--
> 2024/08/07 04:30:11.255006  length=6 from=148 to=153
 00 00 00 00 00 00                                ......
--
> 2024/08/07 04:30:11.255121  length=1 from=154 to=154
 00                                               .
--
> 2024/08/07 04:30:11.255253  length=1 from=155 to=155
 00                                               .
--
> 2024/08/07 04:30:11.255326  length=1 from=156 to=156
 00                                               .
--
> 2024/08/07 04:30:11.255392  length=1 from=157 to=157
 00                                               .
--
> 2024/08/07 04:30:11.255458  length=1 from=158 to=158
 00                                               .
--
> 2024/08/07 04:30:11.255526  length=1 from=159 to=159
 00                                               .
--
> 2024/08/07 04:30:11.255595  length=1 from=160 to=160
 00                                               .
--
> 2024/08/07 04:30:11.255983  length=5 from=161 to=165
 00 00 00 00 00                                   .....
--
> 2024/08/07 04:30:11.257008  length=11 from=166 to=176
 00 00 00 00 00 00 00 00 00 00 00                 ...........
--
> 2024/08/07 04:30:11.257119  length=1 from=177 to=177
 00                                               .
--
> 2024/08/07 04:30:11.257232  length=1 from=178 to=178
 00                                               .
--
> 2024/08/07 04:30:11.257302  length=1 from=179 to=179
 00                                               .
--
> 2024/08/07 04:30:11.257369  length=1 from=180 to=180
 00                                               .
--
> 2024/08/07 04:30:11.257461  length=1 from=181 to=181
 00                                               .
--
> 2024/08/07 04:30:11.257527  length=1 from=182 to=182
 00                                               .
--
> 2024/08/07 04:30:11.258023  length=6 from=183 to=188
 00 00 00 00 00 00                                ......
--
> 2024/08/07 04:30:11.259108  length=12 from=189 to=200
 00 00 00 00 00 00 00 00 00 00 00 00              ............
--
> 2024/08/07 04:30:11.259221  length=1 from=201 to=201
 00                                               .
--
> 2024/08/07 04:30:11.260016  length=10 from=202 to=211
 00 00 00 00 00 00 00 00 00 00                    ..........
--
> 2024/08/07 04:30:11.261003  length=6 from=212 to=217
 00 00 00 00 00 00                                ......
--
> 2024/08/07 04:30:11.261090  length=5 from=218 to=222
 00 00 00 00 00                                   .....
--
> 2024/08/07 04:30:11.261208  length=1 from=223 to=223
 00                                               .
--
> 2024/08/07 04:30:11.261273  length=1 from=224 to=224
 00                                               .
--
> 2024/08/07 04:30:11.261344  length=1 from=225 to=225
 00                                               .
--
> 2024/08/07 04:30:11.261408  length=2 from=226 to=227
 00 00                                            ..
--
> 2024/08/07 04:30:11.262014  length=7 from=228 to=234
 00 00 00 00 00 00 00                             .......
--
> 2024/08/07 04:30:11.263368  length=12 from=235 to=246
 00 00 00 00 00 00 00 00 00 00 00 00              ............
--
> 2024/08/07 04:30:11.264042  length=11 from=247 to=257
 00 00 00 00 00 00 00 00 00 00 00                 ...........
--
> 2024/08/07 04:30:11.264201  length=1 from=258 to=258
 00                                               .
--
> 2024/08/07 04:30:11.264258  length=1 from=259 to=259
 00                                               .
--
> 2024/08/07 04:30:11.264323  length=1 from=260 to=260
 00                                               .
--
> 2024/08/07 04:30:11.265013  length=8 from=261 to=268
 00 00 00 00 00 00 00 00                          ........
--
> 2024/08/07 04:30:11.265144  length=1 from=269 to=269
 00                                               .
--
> 2024/08/07 04:30:11.266059  length=11 from=270 to=280
 00 00 00 00 00 00 00 00 00 00 00                 ...........
--
> 2024/08/07 04:30:11.267062  length=11 from=281 to=291
 00 00 00 00 00 00 00 00 00 00 00                 ...........
--
< 2024/08/07 04:30:11.299537  length=6 from=17 to=22
 01 10 00 01 00 00                                ......
--
> 2024/08/07 04:30:11.301011  length=5 from=292 to=296
 01 10 00 00 00                                   .....
--
< 2024/08/07 04:30:11.306652  length=6 from=23 to=28
 01 08 00 01 00 01                                ......
--
> 2024/08/07 04:30:11.308015  length=6 from=297 to=302
 01 08 00 04 00 1b                                ......
--
> 2024/08/07 04:30:11.308134  length=1 from=303 to=303
 82                                               .
--
> 2024/08/07 04:30:11.308987  length=2 from=304 to=305
 00 00                                            ..
--
< 2024/08/07 04:30:11.330328  length=6 from=29 to=34
 00 03 ff 01 00 14                                ......
--
> 2024/08/07 04:30:11.332000  length=5 from=306 to=310
 00 03 ff 00 00                                   .....
--
< 2024/08/07 04:30:11.355003  length=6 from=35 to=40
 00 03 ff 01 00 0a                                ......
--
> 2024/08/07 04:30:11.356016  length=2 from=311 to=312
 00 03                                            ..
--
> 2024/08/07 04:30:11.356251  length=3 from=313 to=315
 ff 00 00                                         ...
--
< 2024/08/07 04:30:11.358236  length=6 from=41 to=46
 00 03 ff 01 00 0b                                ......
--
> 2024/08/07 04:30:11.360000  length=5 from=316 to=320
 00 03 ff 00 00                                   .....
--
< 2024/08/07 04:30:17.403837  length=13 from=47 to=59
 01 0e 00 08 00 00 df 28 1c e8 07 c0 00           .......(.....
--
> 2024/08/07 04:30:17.407117  length=5 from=321 to=325
 01 0e 00 00 00                                   .....
--
> 2024/08/07 04:30:17.468128  length=5 from=326 to=330
 01 82 00 0d 00                                   .....
--
> 2024/08/07 04:30:17.468266  length=1 from=331 to=331
 00                                               .
--
> 2024/08/07 04:30:17.468347  length=1 from=332 to=332
 df                                               .
--
> 2024/08/07 04:30:17.468411  length=1 from=333 to=333
 28                                               (
--
> 2024/08/07 04:30:17.469151  length=8 from=334 to=341
 1c e8 07 c0 28 00 00 00                          ....(...
--
> 2024/08/07 04:30:17.469241  length=1 from=342 to=342
 90                                               .
--
> 2024/08/07 04:30:17.470107  length=1 from=343 to=343
 01                                               .
--
> 2024/08/07 04:30:19.220154  length=6 from=344 to=349
 01 89 00 08 00 00                                ......
--
> 2024/08/07 04:30:19.221153  length=7 from=350 to=356
 df 28 1c e8 07 c0 02                             .(.....
--
< 2024/08/07 04:30:19.302932  length=12 from=60 to=71
 14 02 00 07 00 00 df 28 1c e8 07 c0              .......(....
--
> 2024/08/07 04:30:19.305130  length=5 from=357 to=361
 14 02 00 00 00                                   .....
--
> 2024/08/07 04:30:21.470246  length=9 from=362 to=370
 14 80 00 22 00 00 df 28 1c                       ..."...(.
--
> 2024/08/07 04:30:21.470400  length=2 from=371 to=372
 e8 07                                            ..
--
> 2024/08/07 04:30:21.470497  length=1 from=373 to=373
 c0                                               .
--
> 2024/08/07 04:30:21.471204  length=8 from=374 to=381
 00 da 00 d7 00 d4 00 f2                          ........
--
> 2024/08/07 04:30:21.471279  length=1 from=382 to=382
 00                                               .
--
> 2024/08/07 04:30:21.472234  length=10 from=383 to=392
 f5 00 f8 00 fa 00 12 01 15 01                    ..........
--
> 2024/08/07 04:30:21.472313  length=2 from=393 to=394
 17 01                                            ..
--
> 2024/08/07 04:30:21.472383  length=1 from=395 to=395
 19                                               .
--
> 2024/08/07 04:30:21.472443  length=1 from=396 to=396
 01                                               .
--
> 2024/08/07 04:30:21.472563  length=1 from=397 to=397
 1c                                               .
--
> 2024/08/07 04:30:21.473124  length=3 from=398 to=400
 01 1e 01                                         ...
--
< 2024/08/07 04:30:22.519361  length=12 from=72 to=83
 14 03 00 07 00 00 df 28 1c e8 07 c0              .......(....
--
> 2024/08/07 04:30:22.521232  length=3 from=401 to=403
 14 03 00                                         ...
--
> 2024/08/07 04:30:22.521307  length=2 from=404 to=405
 00 00                                            ..
--
> 2024/08/07 04:30:22.620268  length=9 from=406 to=414
 14 81 00 0a                                      ....
 00 00 df 28 1c                                   ...(.
--
> 2024/08/07 04:30:22.620415  length=3 from=415 to=417
 e8 07 c0                                         ...
--
> 2024/08/07 04:30:22.621229  length=3 from=418 to=420
 00 0a                                            ..
 00                                               .
--
< 2024/08/07 04:30:23.662391  length=12 from=84 to=95
 14 08 00 07 00 00 df 28 1c e8 07 c0              .......(....
--
> 2024/08/07 04:30:23.664168  length=3 from=421 to=423
 14 08 00                                         ...
--
> 2024/08/07 04:30:23.664264  length=1 from=424 to=424
 00                                               .
--
> 2024/08/07 04:30:23.665149  length=1 from=425 to=425
 00                                               .
--
> 2024/08/07 04:30:23.720209  length=10 from=426 to=435
 14 83 00 09 00 00 df 28 1c e8                    .......(..
--
> 2024/08/07 04:30:23.720326  length=1 from=436 to=436
 07                                               .
--
> 2024/08/07 04:30:23.720464  length=2 from=437 to=438
 c0 00                                            ..
--
> 2024/08/07 04:30:23.721247  length=6 from=439 to=444
 08 14 81 00 0a                                   .....
 00                                               .
--
> 2024/08/07 04:30:23.721353  length=1 from=445 to=445
 00                                               .
--
> 2024/08/07 04:30:23.721503  length=1 from=446 to=446
 df                                               .
--
> 2024/08/07 04:30:23.721564  length=2 from=447 to=448
 28 1c                                            (.
--
> 2024/08/07 04:30:23.722243  length=6 from=449 to=454
 e8 07 c0 00 0b 00                                ......
--
> 2024/08/07 04:30:23.770235  length=10 from=455 to=464
 14 82 00 09 00 00 df 28 1c e8                    .......(..
--
> 2024/08/07 04:30:23.770374  length=1 from=465 to=465
 07                                               .
--
> 2024/08/07 04:30:23.770504  length=1 from=466 to=466
 c0                                               .
--
> 2024/08/07 04:30:23.770566  length=1 from=467 to=467
 00                                               .
--
> 2024/08/07 04:30:23.770618  length=1 from=468 to=468
 01                                               .
--
> 2024/08/07 04:30:25.170277  length=5 from=469 to=473
 01 83 00 07 00                                   .....
--
> 2024/08/07 04:30:25.170386  length=1 from=474 to=474
 00                                               .
--
> 2024/08/07 04:30:25.170501  length=2 from=475 to=476
 df 28                                            .(
--
> 2024/08/07 04:30:25.171345  length=4 from=477 to=480
 1c e8 07 c0                                      ....
--
> 2024/08/07 04:30:30.769314  length=5 from=481 to=485
 00 80 ff 00 00                                   .....
--
