2024-12-01 13:09:08,218 LT1-thread root DEBUG client.py                 951   _run_test_case            : Starting TestCase _run_test_case TBS GTBS/SR/SP/BV-01-C
2024-12-01 13:09:08,218 LT1-thread root DEBUG testcase.py               712   pre_run                   : pre_run TBS GTBS/SR/SP/BV-01-C
2024-12-01 13:09:08,218 LT1-thread root DEBUG testcase.py               714   pre_run                   : About to run test case TBS GTBS/SR/SP/BV-01-C with commands:
2024-12-01 13:09:08,218 LT1-thread root DEBUG testcase.py               717   pre_run                   : 0) class=<class 'autopts.ptsprojects.testcase.TestFunc'>, func=<bound method Stack.core_init of <autopts.ptsprojects.stack.stack.Stack object at 0x7f395ee571f0>> start_wid=None stop_wid=None post_wid=None skip_call=None call_count=0 args=() kwds={}
2024-12-01 13:09:08,218 LT1-thread root DEBUG testcase.py               717   pre_run                   : 1) class=<class 'autopts.ptsprojects.testcase.TestFunc'>, func=<bound method ZephyrCtl.hw_reset of <autopts.ptsprojects.zephyr.iutctl.ZephyrCtl object at 0x7f395ee57be0>> start_wid=None stop_wid=None post_wid=None skip_call=None call_count=0 args=() kwds={}
2024-12-01 13:09:08,218 LT1-thread root DEBUG testcase.py               717   pre_run                   : 2) class=<class 'autopts.ptsprojects.testcase.TestFunc'>, func=<bound method ZephyrCtl.start of <autopts.ptsprojects.zephyr.iutctl.ZephyrCtl object at 0x7f395ee57be0>> start_wid=None stop_wid=None post_wid=None skip_call=None call_count=0 args=(<autopts.ptsprojects.zephyr.ztestcase.ZTestCase object at 0x7f395c6cd330>,) kwds={}
2024-12-01 13:09:08,218 LT1-thread root DEBUG testcase.py               717   pre_run                   : 3) class=<class 'autopts.ptsprojects.testcase.TestFunc'>, func=<bound method ZephyrCtl.hw_reset of <autopts.ptsprojects.zephyr.iutctl.ZephyrCtl object at 0x7f395ee57be0>> start_wid=None stop_wid=None post_wid=None skip_call=None call_count=0 args=() kwds={}
2024-12-01 13:09:08,218 LT1-thread root DEBUG testcase.py               717   pre_run                   : 4) class=<class 'autopts.ptsprojects.testcase.TestFunc'>, func=<bound method ZephyrCtl.wait_iut_ready_event of <autopts.ptsprojects.zephyr.iutctl.ZephyrCtl object at 0x7f395ee57be0>> start_wid=None stop_wid=None post_wid=None skip_call=None call_count=0 args=(False,) kwds={}
2024-12-01 13:09:08,218 LT1-thread root DEBUG testcase.py               717   pre_run                   : 5) class=<class 'autopts.ptsprojects.testcase.TestFunc'>, func=<function core_reg_svc_gap at 0x7f3961b430a0> start_wid=None stop_wid=None post_wid=None skip_call=None call_count=84 args=() kwds={}
2024-12-01 13:09:08,219 LT1-thread root DEBUG testcase.py               717   pre_run                   : 6) class=<class 'autopts.ptsprojects.testcase.TestFunc'>, func=<bound method Stack.gap_init of <autopts.ptsprojects.stack.stack.Stack object at 0x7f395ee571f0>> start_wid=None stop_wid=None post_wid=None skip_call=None call_count=84 args=(b'Tester_1C28DF',) kwds={}
2024-12-01 13:09:08,219 LT1-thread root DEBUG testcase.py               717   pre_run                   : 7) class=<class 'autopts.ptsprojects.testcase.TestFunc'>, func=<function core_reg_svc_gatt at 0x7f3961b431c0> start_wid=None stop_wid=None post_wid=None skip_call=None call_count=84 args=() kwds={}
2024-12-01 13:09:08,219 LT1-thread root DEBUG testcase.py               717   pre_run                   : 8) class=<class 'autopts.ptsprojects.testcase.TestFunc'>, func=<function gap_read_ctrl_info at 0x7f3961b530a0> start_wid=None stop_wid=None post_wid=None skip_call=None call_count=84 args=() kwds={}
2024-12-01 13:09:08,219 LT1-thread root DEBUG testcase.py               717   pre_run                   : 9) class=<class 'autopts.ptsprojects.testcase.TestFunc'>, func=<function test_cases.<locals>.<lambda> at 0x7f395caf2f80> start_wid=None stop_wid=None post_wid=None skip_call=None call_count=84 args=() kwds={}
2024-12-01 13:09:08,219 LT1-thread root DEBUG testcase.py               717   pre_run                   : 10) class=<class 'autopts.ptsprojects.testcase.TestFunc'>, func=<function test_cases.<locals>.<lambda> at 0x7f395caf3010> start_wid=None stop_wid=None post_wid=None skip_call=None call_count=84 args=() kwds={}
2024-12-01 13:09:08,219 LT1-thread root DEBUG testcase.py               717   pre_run                   : 11) class=<class 'autopts.ptsprojects.testcase.TestFunc'>, func=<function gap_set_io_cap at 0x7f3961b52710> start_wid=None stop_wid=None post_wid=None skip_call=None call_count=84 args=(0,) kwds={}
2024-12-01 13:09:08,219 LT1-thread root DEBUG testcase.py               717   pre_run                   : 12) class=<class 'autopts.ptsprojects.testcase.TestFunc'>, func=<function set_pts_addr at 0x7f3961b42cb0> start_wid=None stop_wid=None post_wid=None skip_call=None call_count=84 args=('C0:07:E8:1C:28:DF', 0) kwds={}
2024-12-01 13:09:08,219 LT1-thread root DEBUG testcase.py               717   pre_run                   : 13) class=<class 'autopts.ptsprojects.testcase.TestFunc'>, func=<bound method Stack.gatt_init of <autopts.ptsprojects.stack.stack.Stack object at 0x7f395ee571f0>> start_wid=None stop_wid=None post_wid=None skip_call=None call_count=84 args=() kwds={}
2024-12-01 13:09:08,219 LT1-thread root DEBUG testcase.py               717   pre_run                   : 14) class=<class 'autopts.ptsprojects.testcase.TestFunc'>, func=<function gap_set_conn at 0x7f3961b52a70> start_wid=None stop_wid=None post_wid=None skip_call=None call_count=84 args=() kwds={}
2024-12-01 13:09:08,219 LT1-thread root DEBUG testcase.py               717   pre_run                   : 15) class=<class 'autopts.ptsprojects.testcase.TestFunc'>, func=<function gap_set_gendiscov at 0x7f3961b52c20> start_wid=None stop_wid=None post_wid=None skip_call=None call_count=84 args=() kwds={}
2024-12-01 13:09:08,219 LT1-thread root DEBUG testcase.py               717   pre_run                   : 16) class=<class 'autopts.ptsprojects.testcase.TestFunc'>, func=<function core_reg_svc_tbs at 0x7f3961b50310> start_wid=None stop_wid=None post_wid=None skip_call=None call_count=84 args=() kwds={}
2024-12-01 13:09:08,219 LT1-thread root DEBUG testcase.py               717   pre_run                   : 17) class=<class 'autopts.ptsprojects.testcase.TestFunc'>, func=<function test_cases.<locals>.<lambda> at 0x7f395caf30a0> start_wid=None stop_wid=None post_wid=None skip_call=None call_count=84 args=() kwds={}
2024-12-01 13:09:08,219 LT1-thread root DEBUG testcase.py               717   pre_run                   : 18) class=<class 'autopts.ptsprojects.testcase.TestFunc'>, func=<bound method Stack.tbs_init of <autopts.ptsprojects.stack.stack.Stack object at 0x7f395ee571f0>> start_wid=None stop_wid=None post_wid=None skip_call=None call_count=84 args=() kwds={}
2024-12-01 13:09:08,219 LT1-thread root DEBUG testcase.py               717   pre_run                   : 19) class=<class 'autopts.ptsprojects.testcase.TestFuncCleanUp'>, func=<bound method Stack.cleanup of <autopts.ptsprojects.stack.stack.Stack object at 0x7f395ee571f0>> start_wid=None stop_wid=None post_wid=None skip_call=None call_count=0 args=() kwds={}
2024-12-01 13:09:08,219 LT1-thread root DEBUG testcase.py               717   pre_run                   : 20) class=<class 'autopts.ptsprojects.testcase.TestFuncCleanUp'>, func=<bound method ZephyrCtl.stop of <autopts.ptsprojects.zephyr.iutctl.ZephyrCtl object at 0x7f395ee57be0>> start_wid=None stop_wid=None post_wid=None skip_call=None call_count=0 args=() kwds={}
2024-12-01 13:09:08,219 LT1-thread root DEBUG testcase.py               724   pre_run                   : pre_run, run pre test case script
2024-12-01 13:09:08,220 LT1-thread root DEBUG testcase.py               253   start                     : Starting test function: class=<class 'autopts.ptsprojects.testcase.TestFunc'>, func=<bound method Stack.core_init of <autopts.ptsprojects.stack.stack.Stack object at 0x7f395ee571f0>> start_wid=None stop_wid=None post_wid=None skip_call=None call_count=1 args=() kwds={}
2024-12-01 13:09:08,220 LT1-thread root DEBUG testcase.py               265   start                     : Test function parameters: args=(), kwds={}
2024-12-01 13:09:08,220 LT1-thread root DEBUG testcase.py               253   start                     : Starting test function: class=<class 'autopts.ptsprojects.testcase.TestFunc'>, func=<bound method ZephyrCtl.hw_reset of <autopts.ptsprojects.zephyr.iutctl.ZephyrCtl object at 0x7f395ee57be0>> start_wid=None stop_wid=None post_wid=None skip_call=None call_count=1 args=() kwds={}
2024-12-01 13:09:08,220 LT1-thread root DEBUG testcase.py               265   start                     : Test function parameters: args=(), kwds={}
2024-12-01 13:09:08,220 LT1-thread root DEBUG testcase.py               253   start                     : Starting test function: class=<class 'autopts.ptsprojects.testcase.TestFunc'>, func=<bound method ZephyrCtl.start of <autopts.ptsprojects.zephyr.iutctl.ZephyrCtl object at 0x7f395ee57be0>> start_wid=None stop_wid=None post_wid=None skip_call=None call_count=1 args=(<autopts.ptsprojects.zephyr.ztestcase.ZTestCase object at 0x7f395c6cd330>,) kwds={}
2024-12-01 13:09:08,220 LT1-thread root DEBUG testcase.py               265   start                     : Test function parameters: args=(<autopts.ptsprojects.zephyr.ztestcase.ZTestCase object at 0x7f395c6cd330>,), kwds={}
2024-12-01 13:09:08,220 LT1-thread root DEBUG iutctl.py                 104   start                     : <class 'autopts.ptsprojects.zephyr.iutctl.ZephyrCtl'>.start
2024-12-01 13:09:08,220 LT1-thread root DEBUG iutctl.py                 169   flush_serial              : <class 'autopts.ptsprojects.zephyr.iutctl.ZephyrCtl'>.flush_serial
2024-12-01 13:09:09,257 LT1-thread root DEBUG iutctl.py                 134   start                     : Starting socat process: socat -x -v /dev/ttyACM2,rawer,b115200 UNIX-CONNECT:/tmp/bt-stack-tester1050060770
2024-12-01 13:09:09,258 LT1-thread root DEBUG iutctl_common.py          293   accept                    : accept
2024-12-01 13:09:09,259 BTPWorkerThread-37315 (_rx_task) root DEBUG iutctl_common.py          198   _rx_task                  : BTPWorkerThread-37315 (_rx_task) started
2024-12-01 13:09:09,260 LT1-thread root DEBUG testcase.py               253   start                     : Starting test function: class=<class 'autopts.ptsprojects.testcase.TestFunc'>, func=<bound method ZephyrCtl.hw_reset of <autopts.ptsprojects.zephyr.iutctl.ZephyrCtl object at 0x7f395ee57be0>> start_wid=None stop_wid=None post_wid=None skip_call=None call_count=1 args=() kwds={}
2024-12-01 13:09:09,260 LT1-thread root DEBUG testcase.py               265   start                     : Test function parameters: args=(), kwds={}
2024-12-01 13:09:09,260 LT1-thread root DEBUG testcase.py               253   start                     : Starting test function: class=<class 'autopts.ptsprojects.testcase.TestFunc'>, func=<bound method ZephyrCtl.wait_iut_ready_event of <autopts.ptsprojects.zephyr.iutctl.ZephyrCtl object at 0x7f395ee57be0>> start_wid=None stop_wid=None post_wid=None skip_call=None call_count=1 args=(False,) kwds={}
2024-12-01 13:09:09,260 LT1-thread root DEBUG testcase.py               265   start                     : Test function parameters: args=(False,), kwds={}
2024-12-01 13:09:09,260 LT1-thread root DEBUG iutctl.py                 231   wait_iut_ready_event      : IUT ready event received OK
2024-12-01 13:09:09,260 LT1-thread root DEBUG rtt.py                    232   start                     : <class 'autopts.rtt.RTTLogger'>.start
2024-12-01 13:09:09,260 LT1-thread root DEBUG rtt.py                    87    start                     : <class 'autopts.rtt.RTT'>.start
2024-12-01 13:09:09,913 LT1-thread root DEBUG testcase.py               253   start                     : Starting test function: class=<class 'autopts.ptsprojects.testcase.TestFunc'>, func=<function core_reg_svc_gap at 0x7f3961b430a0> start_wid=None stop_wid=None post_wid=None skip_call=None call_count=85 args=() kwds={}
2024-12-01 13:09:09,913 LT1-thread root DEBUG testcase.py               265   start                     : Test function parameters: args=(), kwds={}
2024-12-01 13:09:09,913 LT1-thread root DEBUG btp.py                    463   core_reg_svc_gap          : core_reg_svc_gap
2024-12-01 13:09:09,913 LT1-thread root DEBUG iutctl_common.py          106   send                      : send, 0 3 255 '1'
2024-12-01 13:09:09,913 LT1-thread root DEBUG iutctl_common.py          111   send                      : sending frame '0003ff010001'
2024-12-01 13:09:09,913 LT1-thread root DEBUG btp.py                    719   core_reg_svc_rsp_succ     : core_reg_svc_rsp_succ
2024-12-01 13:09:09,913 LT1-thread root DEBUG iutctl_common.py          230   read                      : read
2024-12-01 13:09:09,954 BTPWorkerThread-37315 (_rx_task) root DEBUG iutctl_common.py          76    read                      : Read 5 bytes
2024-12-01 13:09:09,954 BTPWorkerThread-37315 (_rx_task) root DEBUG iutctl_common.py          83    read                      : Received: hdr: Header(svc_id=0x00, op=0x03, ctrl_index=0xff, data_len=0x00) bytearray(b'\x00\x03\xff\x00\x00')
2024-12-01 13:09:09,955 BTPWorkerThread-37315 (_rx_task) root DEBUG iutctl_common.py          99    read                      : Received data: {''}, bytearray(b'')
2024-12-01 13:09:09,960 LT1-thread root DEBUG btp.py                    730   core_reg_svc_rsp_succ     : received Header(svc_id=0, op=3, ctrl_index=255, data_len=0) (b'',)
2024-12-01 13:09:09,960 LT1-thread root DEBUG btp.py                    731   core_reg_svc_rsp_succ     : expected ((0, 3, 255, 0), (b'',))
2024-12-01 13:09:09,960 LT1-thread root DEBUG btp.py                    736   core_reg_svc_rsp_succ     : response is valid
2024-12-01 13:09:09,960 LT1-thread root DEBUG testcase.py               253   start                     : Starting test function: class=<class 'autopts.ptsprojects.testcase.TestFunc'>, func=<bound method Stack.gap_init of <autopts.ptsprojects.stack.stack.Stack object at 0x7f395ee571f0>> start_wid=None stop_wid=None post_wid=None skip_call=None call_count=85 args=(b'Tester_1C28DF',) kwds={}
2024-12-01 13:09:09,960 LT1-thread root DEBUG testcase.py               265   start                     : Test function parameters: args=(b'Tester_1C28DF',), kwds={}
2024-12-01 13:09:09,960 LT1-thread root DEBUG testcase.py               253   start                     : Starting test function: class=<class 'autopts.ptsprojects.testcase.TestFunc'>, func=<function core_reg_svc_gatt at 0x7f3961b431c0> start_wid=None stop_wid=None post_wid=None skip_call=None call_count=85 args=() kwds={}
2024-12-01 13:09:09,960 LT1-thread root DEBUG testcase.py               265   start                     : Test function parameters: args=(), kwds={}
2024-12-01 13:09:09,960 LT1-thread root DEBUG btp.py                    481   core_reg_svc_gatt         : core_reg_svc_gatt
2024-12-01 13:09:09,961 LT1-thread root DEBUG iutctl_common.py          106   send                      : send, 0 3 255 '2'
2024-12-01 13:09:09,961 LT1-thread root DEBUG iutctl_common.py          111   send                      : sending frame '0003ff010002'
2024-12-01 13:09:09,961 LT1-thread root DEBUG btp.py                    719   core_reg_svc_rsp_succ     : core_reg_svc_rsp_succ
2024-12-01 13:09:09,961 LT1-thread root DEBUG iutctl_common.py          230   read                      : read
2024-12-01 13:09:09,966 BTPWorkerThread-37315 (_rx_task) root DEBUG iutctl_common.py          76    read                      : Read 5 bytes
2024-12-01 13:09:09,972 BTPWorkerThread-37315 (_rx_task) root DEBUG iutctl_common.py          83    read                      : Received: hdr: Header(svc_id=0x00, op=0x03, ctrl_index=0xff, data_len=0x00) bytearray(b'\x00\x03\xff\x00\x00')
2024-12-01 13:09:09,972 BTPWorkerThread-37315 (_rx_task) root DEBUG iutctl_common.py          99    read                      : Received data: {''}, bytearray(b'')
2024-12-01 13:09:09,972 LT1-thread root DEBUG btp.py                    730   core_reg_svc_rsp_succ     : received Header(svc_id=0, op=3, ctrl_index=255, data_len=0) (b'',)
2024-12-01 13:09:09,972 LT1-thread root DEBUG btp.py                    731   core_reg_svc_rsp_succ     : expected ((0, 3, 255, 0), (b'',))
2024-12-01 13:09:09,972 LT1-thread root DEBUG btp.py                    736   core_reg_svc_rsp_succ     : response is valid
2024-12-01 13:09:09,972 LT1-thread root DEBUG testcase.py               253   start                     : Starting test function: class=<class 'autopts.ptsprojects.testcase.TestFunc'>, func=<function gap_read_ctrl_info at 0x7f3961b530a0> start_wid=None stop_wid=None post_wid=None skip_call=None call_count=85 args=() kwds={}
2024-12-01 13:09:09,972 LT1-thread root DEBUG testcase.py               265   start                     : Test function parameters: args=(), kwds={}
2024-12-01 13:09:09,972 LT1-thread root DEBUG gap.py                    937   gap_read_ctrl_info        : gap_read_ctrl_info
2024-12-01 13:09:09,972 LT1-thread root DEBUG iutctl_common.py          106   send                      : send, 1 3 0 ''
2024-12-01 13:09:09,972 LT1-thread root DEBUG iutctl_common.py          111   send                      : sending frame '0103000000'
2024-12-01 13:09:09,973 LT1-thread root DEBUG iutctl_common.py          230   read                      : read
2024-12-01 13:09:10,345 BTPWorkerThread-37315 (_rx_task) root DEBUG iutctl_common.py          76    read                      : Read 5 bytes
2024-12-01 13:09:10,351 BTPWorkerThread-37315 (_rx_task) root DEBUG iutctl_common.py          83    read                      : Received: hdr: Header(svc_id=0x01, op=0x03, ctrl_index=0x00, data_len=0x115) bytearray(b'\x01\x03\x00\x15\x01')
2024-12-01 13:09:10,351 BTPWorkerThread-37315 (_rx_task) root DEBUG iutctl_common.py          91    read                      : Read 276 bytes data
2024-12-01 13:09:10,356 BTPWorkerThread-37315 (_rx_task) root DEBUG iutctl_common.py          91    read                      : Read 1 bytes data
2024-12-01 13:09:10,362 BTPWorkerThread-37315 (_rx_task) root DEBUG iutctl_common.py          99    read                      : Received data: {'c3 51 0b 1b b8 d7 13 06 02 00 13 82 00 00 00 00 00 62 74 70 5f 74 65 73 74 65 72 00 00 00 00 00 00 00 00 00 00 00 00 00 00 00 00 00 00 00 00 00 00 00 00 00 00 00 00 00 00 00 00 00 00 00 00 00 00 00 00 00 00 00 00 00 00 00 00 00 00 00 00 00 00 00 00 00 00 00 00 00 00 00 00 00 00 00 00 00 00 00 00 00 00 00 00 00 00 00 00 00 00 00 00 00 00 00 00 00 00 00 00 00 00 00 00 00 00 00 00 00 00 00 00 00 00 00 00 00 00 00 00 00 00 00 00 00 00 00 00 00 00 00 00 00 00 00 00 00 00 00 00 00 00 00 00 00 00 00 00 00 00 00 00 00 00 00 00 00 00 00 00 00 00 00 00 00 00 00 00 00 00 00 00 00 00 00 00 00 00 00 00 00 00 00 00 00 00 00 00 00 00 00 00 00 00 00 00 00 00 00 00 00 00 00 00 00 00 00 00 00 00 00 00 00 00 00 00 00 00 00 00 00 00 00 00 00 00 00 00 00 00 00 00 00 00 00 00 00 00 00 00 00 00 00 00 00 00 00 00 00 00 00 00 00 00 00 00 00 00'}, bytearray(b'\xc3Q\x0b\x1b\xb8\xd7\x13\x06\x02\x00\x13\x82\x00\x00\x00\x00\x00btp_tester\x00\x00\x00\x00\x00\x00\x00\x00\x00\x00\x00\x00\x00\x00\x00\x00\x00\x00\x00\x00\x00\x00\x00\x00\x00\x00\x00\x00\x00\x00\x00\x00\x00\x00\x00\x00\x00\x00\x00\x00\x00\x00\x00\x00\x00\x00\x00\x00\x00\x00\x00\x00\x00\x00\x00\x00\x00\x00\x00\x00\x00\x00\x00\x00\x00\x00\x00\x00\x00\x00\x00\x00\x00\x00\x00\x00\x00\x00\x00\x00\x00\x00\x00\x00\x00\x00\x00\x00\x00\x00\x00\x00\x00\x00\x00\x00\x00\x00\x00\x00\x00\x00\x00\x00\x00\x00\x00\x00\x00\x00\x00\x00\x00\x00\x00\x00\x00\x00\x00\x00\x00\x00\x00\x00\x00\x00\x00\x00\x00\x00\x00\x00\x00\x00\x00\x00\x00\x00\x00\x00\x00\x00\x00\x00\x00\x00\x00\x00\x00\x00\x00\x00\x00\x00\x00\x00\x00\x00\x00\x00\x00\x00\x00\x00\x00\x00\x00\x00\x00\x00\x00\x00\x00\x00\x00\x00\x00\x00\x00\x00\x00\x00\x00\x00\x00\x00\x00\x00\x00\x00\x00\x00\x00\x00\x00\x00\x00\x00\x00\x00\x00\x00\x00\x00\x00\x00\x00\x00\x00\x00\x00\x00\x00\x00\x00\x00\x00\x00\x00\x00\x00\x00\x00\x00\x00\x00\x00\x00\x00\x00\x00\x00\x00\x00\x00\x00\x00\x00\x00\x00\x00\x00\x00\x00\x00\x00\x00\x00\x00\x00')
2024-12-01 13:09:10,367 LT1-thread root DEBUG gap.py                    944   gap_read_ctrl_info        : received Header(svc_id=1, op=3, ctrl_index=0, data_len=277) (b'\xc3Q\x0b\x1b\xb8\xd7\x13\x06\x02\x00\x13\x82\x00\x00\x00\x00\x00btp_tester\x00\x00\x00\x00\x00\x00\x00\x00\x00\x00\x00\x00\x00\x00\x00\x00\x00\x00\x00\x00\x00\x00\x00\x00\x00\x00\x00\x00\x00\x00\x00\x00\x00\x00\x00\x00\x00\x00\x00\x00\x00\x00\x00\x00\x00\x00\x00\x00\x00\x00\x00\x00\x00\x00\x00\x00\x00\x00\x00\x00\x00\x00\x00\x00\x00\x00\x00\x00\x00\x00\x00\x00\x00\x00\x00\x00\x00\x00\x00\x00\x00\x00\x00\x00\x00\x00\x00\x00\x00\x00\x00\x00\x00\x00\x00\x00\x00\x00\x00\x00\x00\x00\x00\x00\x00\x00\x00\x00\x00\x00\x00\x00\x00\x00\x00\x00\x00\x00\x00\x00\x00\x00\x00\x00\x00\x00\x00\x00\x00\x00\x00\x00\x00\x00\x00\x00\x00\x00\x00\x00\x00\x00\x00\x00\x00\x00\x00\x00\x00\x00\x00\x00\x00\x00\x00\x00\x00\x00\x00\x00\x00\x00\x00\x00\x00\x00\x00\x00\x00\x00\x00\x00\x00\x00\x00\x00\x00\x00\x00\x00\x00\x00\x00\x00\x00\x00\x00\x00\x00\x00\x00\x00\x00\x00\x00\x00\x00\x00\x00\x00\x00\x00\x00\x00\x00\x00\x00\x00\x00\x00\x00\x00\x00\x00\x00\x00\x00\x00\x00\x00\x00\x00\x00\x00\x00\x00\x00\x00\x00\x00\x00\x00\x00\x00\x00\x00\x00\x00\x00\x00\x00\x00\x00\x00\x00\x00\x00\x00\x00\x00',)
2024-12-01 13:09:10,367 LT1-thread root DEBUG gap.py                    965   gap_read_ctrl_info        : IUT address 'd7b81b0b51c3' 'random'
2024-12-01 13:09:10,367 LT1-thread root DEBUG gap.py                    400   __gap_current_settings_update : __gap_current_settings_update 33299
2024-12-01 13:09:10,368 LT1-thread root DEBUG testcase.py               253   start                     : Starting test function: class=<class 'autopts.ptsprojects.testcase.TestFunc'>, func=<function test_cases.<locals>.<lambda> at 0x7f395caf2f80> start_wid=None stop_wid=None post_wid=None skip_call=None call_count=85 args=() kwds={}
2024-12-01 13:09:10,368 LT1-thread root DEBUG testcase.py               265   start                     : Test function parameters: args=(), kwds={}
2024-12-01 13:09:10,370 LT1-thread root DEBUG testcase.py               253   start                     : Starting test function: class=<class 'autopts.ptsprojects.testcase.TestFunc'>, func=<function test_cases.<locals>.<lambda> at 0x7f395caf3010> start_wid=None stop_wid=None post_wid=None skip_call=None call_count=85 args=() kwds={}
2024-12-01 13:09:10,371 LT1-thread root DEBUG testcase.py               265   start                     : Test function parameters: args=(), kwds={}
2024-12-01 13:09:10,371 LT1-thread root DEBUG testcase.py               253   start                     : Starting test function: class=<class 'autopts.ptsprojects.testcase.TestFunc'>, func=<function gap_set_io_cap at 0x7f3961b52710> start_wid=None stop_wid=None post_wid=None skip_call=None call_count=85 args=(0,) kwds={}
2024-12-01 13:09:10,371 LT1-thread root DEBUG testcase.py               265   start                     : Test function parameters: args=(0,), kwds={}
2024-12-01 13:09:10,371 LT1-thread root DEBUG gap.py                    659   gap_set_io_cap            : gap_set_io_cap 0
2024-12-01 13:09:10,371 LT1-thread root DEBUG iutctl_common.py          106   send                      : send, 1 16 0 '\x00'
2024-12-01 13:09:10,371 LT1-thread root DEBUG iutctl_common.py          111   send                      : sending frame '011000010000'
2024-12-01 13:09:10,371 LT1-thread root DEBUG gap.py                    972   gap_command_rsp_succ      : gap_command_rsp_succ
2024-12-01 13:09:10,371 LT1-thread root DEBUG iutctl_common.py          230   read                      : read
2024-12-01 13:09:10,397 BTPWorkerThread-37315 (_rx_task) root DEBUG iutctl_common.py          76    read                      : Read 5 bytes
2024-12-01 13:09:10,403 BTPWorkerThread-37315 (_rx_task) root DEBUG iutctl_common.py          83    read                      : Received: hdr: Header(svc_id=0x01, op=0x10, ctrl_index=0x00, data_len=0x00) bytearray(b'\x01\x10\x00\x00\x00')
2024-12-01 13:09:10,408 BTPWorkerThread-37315 (_rx_task) root DEBUG iutctl_common.py          99    read                      : Received data: {''}, bytearray(b'')
2024-12-01 13:09:10,408 LT1-thread root DEBUG gap.py                    977   gap_command_rsp_succ      : received Header(svc_id=1, op=16, ctrl_index=0, data_len=0) (b'',)
2024-12-01 13:09:10,408 LT1-thread root DEBUG testcase.py               253   start                     : Starting test function: class=<class 'autopts.ptsprojects.testcase.TestFunc'>, func=<function set_pts_addr at 0x7f3961b42cb0> start_wid=None stop_wid=None post_wid=None skip_call=None call_count=85 args=('C0:07:E8:1C:28:DF', 0) kwds={}
2024-12-01 13:09:10,408 LT1-thread root DEBUG testcase.py               265   start                     : Test function parameters: args=('C0:07:E8:1C:28:DF', 0), kwds={}
2024-12-01 13:09:10,408 LT1-thread root DEBUG testcase.py               253   start                     : Starting test function: class=<class 'autopts.ptsprojects.testcase.TestFunc'>, func=<bound method Stack.gatt_init of <autopts.ptsprojects.stack.stack.Stack object at 0x7f395ee571f0>> start_wid=None stop_wid=None post_wid=None skip_call=None call_count=85 args=() kwds={}
2024-12-01 13:09:10,408 LT1-thread root DEBUG testcase.py               265   start                     : Test function parameters: args=(), kwds={}
2024-12-01 13:09:10,408 LT1-thread root DEBUG testcase.py               253   start                     : Starting test function: class=<class 'autopts.ptsprojects.testcase.TestFunc'>, func=<function gap_set_conn at 0x7f3961b52a70> start_wid=None stop_wid=None post_wid=None skip_call=None call_count=85 args=() kwds={}
2024-12-01 13:09:10,409 LT1-thread root DEBUG testcase.py               265   start                     : Test function parameters: args=(), kwds={}
2024-12-01 13:09:10,409 LT1-thread root DEBUG gap.py                    758   gap_set_conn              : gap_set_conn
2024-12-01 13:09:10,409 LT1-thread root DEBUG testcase.py               253   start                     : Starting test function: class=<class 'autopts.ptsprojects.testcase.TestFunc'>, func=<function gap_set_gendiscov at 0x7f3961b52c20> start_wid=None stop_wid=None post_wid=None skip_call=None call_count=85 args=() kwds={}
2024-12-01 13:09:10,409 LT1-thread root DEBUG testcase.py               265   start                     : Test function parameters: args=(), kwds={}
2024-12-01 13:09:10,409 LT1-thread root DEBUG gap.py                    809   gap_set_gendiscov         : gap_set_gendiscov
2024-12-01 13:09:10,409 LT1-thread root DEBUG iutctl_common.py          106   send                      : send, 1 8 0 '1'
2024-12-01 13:09:10,409 LT1-thread root DEBUG iutctl_common.py          111   send                      : sending frame '010800010001'
2024-12-01 13:09:10,409 LT1-thread root DEBUG gap.py                    972   gap_command_rsp_succ      : gap_command_rsp_succ
2024-12-01 13:09:10,409 LT1-thread root DEBUG iutctl_common.py          230   read                      : read
2024-12-01 13:09:10,445 BTPWorkerThread-37315 (_rx_task) root DEBUG iutctl_common.py          76    read                      : Read 5 bytes
2024-12-01 13:09:10,456 BTPWorkerThread-37315 (_rx_task) root DEBUG iutctl_common.py          83    read                      : Received: hdr: Header(svc_id=0x01, op=0x08, ctrl_index=0x00, data_len=0x04) bytearray(b'\x01\x08\x00\x04\x00')
2024-12-01 13:09:10,461 BTPWorkerThread-37315 (_rx_task) root DEBUG iutctl_common.py          91    read                      : Read 4 bytes data
2024-12-01 13:09:10,481 BTPWorkerThread-37315 (_rx_task) root DEBUG iutctl_common.py          99    read                      : Received data: {'1b 82 00 00'}, bytearray(b'\x1b\x82\x00\x00')
2024-12-01 13:09:10,497 LT1-thread root DEBUG gap.py                    977   gap_command_rsp_succ      : received Header(svc_id=1, op=8, ctrl_index=0, data_len=4) (b'\x1b\x82\x00\x00',)
2024-12-01 13:09:10,497 LT1-thread root DEBUG gap.py                    400   __gap_current_settings_update : __gap_current_settings_update (b'\x1b\x82\x00\x00',)
2024-12-01 13:09:10,497 LT1-thread root DEBUG testcase.py               253   start                     : Starting test function: class=<class 'autopts.ptsprojects.testcase.TestFunc'>, func=<function core_reg_svc_tbs at 0x7f3961b50310> start_wid=None stop_wid=None post_wid=None skip_call=None call_count=85 args=() kwds={}
2024-12-01 13:09:10,497 LT1-thread root DEBUG testcase.py               265   start                     : Test function parameters: args=(), kwds={}
2024-12-01 13:09:10,498 LT1-thread root DEBUG btp.py                    696   core_reg_svc_tbs          : core_reg_svc_tbs
2024-12-01 13:09:10,498 LT1-thread root DEBUG iutctl_common.py          106   send                      : send, 0 3 255 '27'
2024-12-01 13:09:10,498 LT1-thread root DEBUG iutctl_common.py          111   send                      : sending frame '0003ff01001b'
2024-12-01 13:09:10,498 LT1-thread root DEBUG iutctl_common.py          230   read                      : read
2024-12-01 13:09:10,524 BTPWorkerThread-37315 (_rx_task) root DEBUG iutctl_common.py          76    read                      : Read 5 bytes
2024-12-01 13:09:10,526 BTPWorkerThread-37315 (_rx_task) root DEBUG iutctl_common.py          83    read                      : Received: hdr: Header(svc_id=0x00, op=0x03, ctrl_index=0xff, data_len=0x00) bytearray(b'\x00\x03\xff\x00\x00')
2024-12-01 13:09:10,527 BTPWorkerThread-37315 (_rx_task) root DEBUG iutctl_common.py          99    read                      : Received data: {''}, bytearray(b'')
2024-12-01 13:09:10,542 LT1-thread root DEBUG testcase.py               253   start                     : Starting test function: class=<class 'autopts.ptsprojects.testcase.TestFunc'>, func=<function test_cases.<locals>.<lambda> at 0x7f395caf30a0> start_wid=None stop_wid=None post_wid=None skip_call=None call_count=85 args=() kwds={}
2024-12-01 13:09:10,542 LT1-thread root DEBUG testcase.py               265   start                     : Test function parameters: args=(), kwds={}
2024-12-01 13:09:10,545 LT1-thread root DEBUG testcase.py               253   start                     : Starting test function: class=<class 'autopts.ptsprojects.testcase.TestFunc'>, func=<bound method Stack.tbs_init of <autopts.ptsprojects.stack.stack.Stack object at 0x7f395ee571f0>> start_wid=None stop_wid=None post_wid=None skip_call=None call_count=85 args=() kwds={}
2024-12-01 13:09:10,545 LT1-thread root DEBUG testcase.py               265   start                     : Test function parameters: args=(), kwds={}
2024-12-01 13:09:10,546 LT1-thread root DEBUG client.py                 309   get_result                : ClientCallback.get_result run_test_case
2024-12-01 13:09:28,551 LT1-callback ClientCallback.on_implicit_send INFO client.py                 256   on_implicit_send          : 
    ********************
    BEGIN OnImplicitSend:
    project_name: TBS
    wid: 20001
    test_case_name: GTBS/SR/SP/BV-01-C
    description: Please prepare IUT into a connectable mode.

Description: Verify that the Implementation Under Test (IUT) can accept GATT connect request from PTS.
    style: MMI_Style_Ok_Cancel2 0x11141
2024-12-01 13:09:28,552 LT1-callback ClientCallback.on_implicit_send INFO client.py                 269   on_implicit_send          : Calling test cases on_implicit_send
2024-12-01 13:09:28,552 LT1-callback ClientCallback.on_implicit_send INFO client.py                 282   on_implicit_send          : 
    on_implicit_send returned response: WAIT
    END OnImplicitSend
    ********************
2024-12-01 13:09:29,549 LT1-thread root DEBUG testcase.py               671   run_wid                   : TBS GTBS/SR/SP/BV-01-C on_implicit_send
2024-12-01 13:09:29,549 LT1-thread root DEBUG tbs_wid.py                24    tbs_wid_hdl               : tbs_wid_hdl, 20001, Please prepare IUT into a connectable mode.

Description: Verify that the Implementation Under Test (IUT) can accept GATT connect request from PTS., GTBS/SR/SP/BV-01-C
2024-12-01 13:09:29,549 LT1-thread root DEBUG gap.py                    758   gap_set_conn              : gap_set_conn
2024-12-01 13:09:29,549 LT1-thread root DEBUG gap.py                    449   gap_adv_ind_on            : gap_adv_ind_on {9: b'Tester_1C28DF'} None
2024-12-01 13:09:29,549 LT1-thread root DEBUG iutctl_common.py          106   send                      : send, 1 10 0 "bytearray(b'\\x0f\\x00\\t\\rTester_1C28DF\\xff\\xff\\xff\\xff\\x00')"
2024-12-01 13:09:29,549 LT1-thread root DEBUG iutctl_common.py          111   send                      : sending frame '010a0016000f00090d5465737465725f314332384446ffffffff00'
2024-12-01 13:09:29,549 LT1-thread root DEBUG gap.py                    972   gap_command_rsp_succ      : gap_command_rsp_succ
2024-12-01 13:09:29,549 LT1-thread root DEBUG iutctl_common.py          230   read                      : read
2024-12-01 13:09:29,558 BTPWorkerThread-37315 (_rx_task) root DEBUG iutctl_common.py          76    read                      : Read 5 bytes
2024-12-01 13:09:29,558 BTPWorkerThread-37315 (_rx_task) root DEBUG iutctl_common.py          83    read                      : Received: hdr: Header(svc_id=0x01, op=0x0a, ctrl_index=0x00, data_len=0x04) bytearray(b'\x01\n\x00\x04\x00')
2024-12-01 13:09:29,558 BTPWorkerThread-37315 (_rx_task) root DEBUG iutctl_common.py          91    read                      : Read 4 bytes data
2024-12-01 13:09:29,566 BTPWorkerThread-37315 (_rx_task) root DEBUG iutctl_common.py          99    read                      : Received data: {'1b 86 00 00'}, bytearray(b'\x1b\x86\x00\x00')
2024-12-01 13:09:29,567 LT1-thread root DEBUG gap.py                    977   gap_command_rsp_succ      : received Header(svc_id=1, op=10, ctrl_index=0, data_len=4) (b'\x1b\x86\x00\x00',)
2024-12-01 13:09:29,567 LT1-thread root DEBUG gap.py                    400   __gap_current_settings_update : __gap_current_settings_update (b'\x1b\x86\x00\x00',)
2024-12-01 13:09:29,567 LT1-thread root DEBUG testcase.py               707   run_wid                   : Sending response 'OK' to wid 20001 test case GTBS/SR/SP/BV-01-C
2024-12-01 13:09:29,572 LT1-thread root DEBUG client.py                 309   get_result                : ClientCallback.get_result run_test_case
2024-12-01 13:09:29,667 BTPWorkerThread-37315 (_rx_task) root DEBUG iutctl_common.py          76    read                      : Read 5 bytes
2024-12-01 13:09:29,667 BTPWorkerThread-37315 (_rx_task) root DEBUG iutctl_common.py          83    read                      : Received: hdr: Header(svc_id=0x01, op=0x82, ctrl_index=0x00, data_len=0x0d) bytearray(b'\x01\x82\x00\r\x00')
2024-12-01 13:09:29,667 BTPWorkerThread-37315 (_rx_task) root DEBUG iutctl_common.py          91    read                      : Read 2 bytes data
2024-12-01 13:09:29,667 BTPWorkerThread-37315 (_rx_task) root DEBUG iutctl_common.py          91    read                      : Read 9 bytes data
2024-12-01 13:09:29,668 BTPWorkerThread-37315 (_rx_task) root DEBUG iutctl_common.py          91    read                      : Read 2 bytes data
2024-12-01 13:09:29,668 BTPWorkerThread-37315 (_rx_task) root DEBUG iutctl_common.py          99    read                      : Received data: {'00 df 28 1c e8 07 c0 32 00 00 00 d0 09'}, bytearray(b'\x00\xdf(\x1c\xe8\x07\xc02\x00\x00\x00\xd0\t')
2024-12-01 13:09:29,668 BTPWorkerThread-37315 (_rx_task) root DEBUG btp.py                    824   event_handler             : event_handler Header(svc_id=1, op=130, ctrl_index=0, data_len=13) (b'\x00\xdf(\x1c\xe8\x07\xc02\x00\x00\x00\xd0\t',)
2024-12-01 13:09:29,669 BTPWorkerThread-37315 (_rx_task) root DEBUG gap.py                    171   gap_connected_ev_         : gap_connected_ev_ b'\x00\xdf(\x1c\xe8\x07\xc02\x00\x00\x00\xd0\t'
2024-12-01 13:09:29,669 BTPWorkerThread-37315 (_rx_task) root DEBUG iutctl_common.py          76    read                      : Read 5 bytes
2024-12-01 13:09:29,669 BTPWorkerThread-37315 (_rx_task) root DEBUG iutctl_common.py          83    read                      : Received: hdr: Header(svc_id=0x01, op=0x80, ctrl_index=0x00, data_len=0x04) bytearray(b'\x01\x80\x00\x04\x00')
2024-12-01 13:09:29,669 BTPWorkerThread-37315 (_rx_task) root DEBUG iutctl_common.py          91    read                      : Read 1 bytes data
2024-12-01 13:09:29,669 BTPWorkerThread-37315 (_rx_task) root DEBUG iutctl_common.py          91    read                      : Read 3 bytes data
2024-12-01 13:09:29,669 BTPWorkerThread-37315 (_rx_task) root DEBUG iutctl_common.py          99    read                      : Received data: {'1b 82 00 00'}, bytearray(b'\x1b\x82\x00\x00')
2024-12-01 13:09:29,669 BTPWorkerThread-37315 (_rx_task) root DEBUG btp.py                    824   event_handler             : event_handler Header(svc_id=1, op=128, ctrl_index=0, data_len=4) (b'\x1b\x82\x00\x00',)
2024-12-01 13:09:29,669 BTPWorkerThread-37315 (_rx_task) root DEBUG gap.py                    139   gap_new_settings_ev_      : gap_new_settings_ev_ b'\x1b\x82\x00\x00'
2024-12-01 13:09:29,669 BTPWorkerThread-37315 (_rx_task) root DEBUG gap.py                    400   __gap_current_settings_update : __gap_current_settings_update 33307
2024-12-01 13:09:32,294 BTPWorkerThread-37315 (_rx_task) root DEBUG iutctl_common.py          76    read                      : Read 1 bytes
2024-12-01 13:09:32,295 BTPWorkerThread-37315 (_rx_task) root DEBUG iutctl_common.py          76    read                      : Read 4 bytes
2024-12-01 13:09:32,295 BTPWorkerThread-37315 (_rx_task) root DEBUG iutctl_common.py          83    read                      : Received: hdr: Header(svc_id=0x01, op=0x84, ctrl_index=0x00, data_len=0x0b) bytearray(b'\x01\x84\x00\x0b\x00')
2024-12-01 13:09:32,295 BTPWorkerThread-37315 (_rx_task) root DEBUG iutctl_common.py          91    read                      : Read 7 bytes data
2024-12-01 13:09:32,296 BTPWorkerThread-37315 (_rx_task) root DEBUG iutctl_common.py          91    read                      : Read 4 bytes data
2024-12-01 13:09:32,296 BTPWorkerThread-37315 (_rx_task) root DEBUG iutctl_common.py          99    read                      : Received data: {'00 df 28 1c e8 07 c0 e1 89 06 00'}, bytearray(b'\x00\xdf(\x1c\xe8\x07\xc0\xe1\x89\x06\x00')
2024-12-01 13:09:32,296 BTPWorkerThread-37315 (_rx_task) root DEBUG btp.py                    824   event_handler             : event_handler Header(svc_id=1, op=132, ctrl_index=0, data_len=11) (b'\x00\xdf(\x1c\xe8\x07\xc0\xe1\x89\x06\x00',)
2024-12-01 13:09:32,296 BTPWorkerThread-37315 (_rx_task) root DEBUG gap.py                    194   gap_passkey_disp_ev_      : gap_passkey_disp_ev_ b'\x00\xdf(\x1c\xe8\x07\xc0\xe1\x89\x06\x00'
2024-12-01 13:09:32,296 BTPWorkerThread-37315 (_rx_task) root DEBUG gap.py                    205   gap_passkey_disp_ev_      : passkey = '428513'
2024-12-01 13:09:32,360 LT1-callback ClientCallback.on_implicit_send INFO client.py                 256   on_implicit_send          : 
    ********************
    BEGIN OnImplicitSend:
    project_name: TBS
    wid: 2000
    test_case_name: GTBS/SR/SP/BV-01-C
    description: Please enter the secure ID.
    style: MMI_Style_Edit1 0x12040
2024-12-01 13:09:32,360 LT1-callback ClientCallback.on_implicit_send INFO client.py                 269   on_implicit_send          : Calling test cases on_implicit_send
2024-12-01 13:09:32,360 LT1-callback ClientCallback.on_implicit_send INFO client.py                 282   on_implicit_send          : 
    on_implicit_send returned response: WAIT
    END OnImplicitSend
    ********************
2024-12-01 13:09:32,572 LT1-thread root DEBUG testcase.py               671   run_wid                   : TBS GTBS/SR/SP/BV-01-C on_implicit_send
2024-12-01 13:09:32,572 LT1-thread root DEBUG tbs_wid.py                24    tbs_wid_hdl               : tbs_wid_hdl, 2000, Please enter the secure ID., GTBS/SR/SP/BV-01-C
2024-12-01 13:09:32,572 LT1-thread root DEBUG testcase.py               707   run_wid                   : Sending response '428513' to wid 2000 test case GTBS/SR/SP/BV-01-C
2024-12-01 13:09:32,574 LT1-thread root DEBUG client.py                 309   get_result                : ClientCallback.get_result run_test_case
2024-12-01 13:09:34,792 BTPWorkerThread-37315 (_rx_task) root DEBUG iutctl_common.py          76    read                      : Read 2 bytes
2024-12-01 13:09:34,793 BTPWorkerThread-37315 (_rx_task) root DEBUG iutctl_common.py          76    read                      : Read 3 bytes
2024-12-01 13:09:34,793 BTPWorkerThread-37315 (_rx_task) root DEBUG iutctl_common.py          83    read                      : Received: hdr: Header(svc_id=0x01, op=0x88, ctrl_index=0x00, data_len=0x0d) bytearray(b'\x01\x88\x00\r\x00')
2024-12-01 13:09:34,793 BTPWorkerThread-37315 (_rx_task) root DEBUG iutctl_common.py          91    read                      : Read 5 bytes data
2024-12-01 13:09:34,793 BTPWorkerThread-37315 (_rx_task) root DEBUG iutctl_common.py          91    read                      : Read 8 bytes data
2024-12-01 13:09:34,793 BTPWorkerThread-37315 (_rx_task) root DEBUG iutctl_common.py          99    read                      : Received data: {'00 df 28 1c e8 07 c0 32 00 00 00 d0 09'}, bytearray(b'\x00\xdf(\x1c\xe8\x07\xc02\x00\x00\x00\xd0\t')
2024-12-01 13:09:34,794 BTPWorkerThread-37315 (_rx_task) root DEBUG btp.py                    824   event_handler             : event_handler Header(svc_id=1, op=136, ctrl_index=0, data_len=13) (b'\x00\xdf(\x1c\xe8\x07\xc02\x00\x00\x00\xd0\t',)
2024-12-01 13:09:34,794 BTPWorkerThread-37315 (_rx_task) root DEBUG gap.py                    235   gap_conn_param_update_ev_ : gap_conn_param_update_ev_
2024-12-01 13:09:34,794 BTPWorkerThread-37315 (_rx_task) root DEBUG gap.py                    237   gap_conn_param_update_ev_ : received b'\x00\xdf(\x1c\xe8\x07\xc02\x00\x00\x00\xd0\t'
2024-12-01 13:09:34,794 BTPWorkerThread-37315 (_rx_task) root DEBUG gap.py                    250   gap_conn_param_update_ev_ : received (0, b'c007e81c28df', 50, 0, 2512)
2024-12-01 13:09:38,020 BTPWorkerThread-37315 (_rx_task) root DEBUG iutctl_common.py          76    read                      : Read 5 bytes
2024-12-01 13:09:38,020 BTPWorkerThread-37315 (_rx_task) root DEBUG iutctl_common.py          83    read                      : Received: hdr: Header(svc_id=0x01, op=0x89, ctrl_index=0x00, data_len=0x08) bytearray(b'\x01\x89\x00\x08\x00')
2024-12-01 13:09:38,020 BTPWorkerThread-37315 (_rx_task) root DEBUG iutctl_common.py          91    read                      : Read 1 bytes data
2024-12-01 13:09:38,020 BTPWorkerThread-37315 (_rx_task) root DEBUG iutctl_common.py          91    read                      : Read 7 bytes data
2024-12-01 13:09:38,021 BTPWorkerThread-37315 (_rx_task) root DEBUG iutctl_common.py          99    read                      : Received data: {'00 df 28 1c e8 07 c0 04'}, bytearray(b'\x00\xdf(\x1c\xe8\x07\xc0\x04')
2024-12-01 13:09:38,021 BTPWorkerThread-37315 (_rx_task) root DEBUG btp.py                    824   event_handler             : event_handler Header(svc_id=1, op=137, ctrl_index=0, data_len=8) (b'\x00\xdf(\x1c\xe8\x07\xc0\x04',)
2024-12-01 13:09:38,021 BTPWorkerThread-37315 (_rx_task) root DEBUG gap.py                    256   gap_sec_level_changed_ev_ : gap_sec_level_changed_ev_
2024-12-01 13:09:38,021 BTPWorkerThread-37315 (_rx_task) root DEBUG gap.py                    258   gap_sec_level_changed_ev_ : received b'\x00\xdf(\x1c\xe8\x07\xc0\x04'
2024-12-01 13:09:38,021 BTPWorkerThread-37315 (_rx_task) root DEBUG gap.py                    269   gap_sec_level_changed_ev_ : received (0, 'c007e81c28df', 4)
2024-12-01 13:09:43,186 LT1-callback ClientCallback.on_implicit_send INFO client.py                 256   on_implicit_send          : 
    ********************
    BEGIN OnImplicitSend:
    project_name: TBS
    wid: 111
    test_case_name: GTBS/SR/SP/BV-01-C
    description: Waiting for Bearer Signal Strength Notification.
    style: MMI_Style_Ok_Cancel2 0x11141
2024-12-01 13:09:43,186 LT1-callback ClientCallback.on_implicit_send INFO client.py                 269   on_implicit_send          : Calling test cases on_implicit_send
2024-12-01 13:09:43,186 LT1-callback ClientCallback.on_implicit_send INFO client.py                 282   on_implicit_send          : 
    on_implicit_send returned response: WAIT
    END OnImplicitSend
    ********************
2024-12-01 13:09:43,575 LT1-thread root DEBUG testcase.py               671   run_wid                   : TBS GTBS/SR/SP/BV-01-C on_implicit_send
2024-12-01 13:09:43,575 LT1-thread root DEBUG tbs_wid.py                24    tbs_wid_hdl               : tbs_wid_hdl, 111, Waiting for Bearer Signal Strength Notification., GTBS/SR/SP/BV-01-C
2024-12-01 13:09:43,575 LT1-thread root DEBUG tbs.py                    175   tbs_set_signal_strength   : tbs_set_signal_strength
2024-12-01 13:09:43,576 LT1-thread root DEBUG iutctl_common.py          106   send                      : send, 27 10 0 "bytearray(b'\\xff\\n')"
2024-12-01 13:09:43,576 LT1-thread root DEBUG iutctl_common.py          111   send                      : sending frame '1b0a000200ff0a'
2024-12-01 13:09:43,576 LT1-thread root DEBUG tbs.py                    64    tbs_command_rsp_succ      : tbs_command_rsp_succ
2024-12-01 13:09:43,576 LT1-thread root DEBUG iutctl_common.py          230   read                      : read
2024-12-01 13:09:43,586 BTPWorkerThread-37315 (_rx_task) root DEBUG iutctl_common.py          76    read                      : Read 5 bytes
2024-12-01 13:09:43,607 BTPWorkerThread-37315 (_rx_task) root DEBUG iutctl_common.py          83    read                      : Received: hdr: Header(svc_id=0x1b, op=0x0a, ctrl_index=0x00, data_len=0x00) bytearray(b'\x1b\n\x00\x00\x00')
2024-12-01 13:09:43,607 BTPWorkerThread-37315 (_rx_task) root DEBUG iutctl_common.py          99    read                      : Received data: {''}, bytearray(b'')
2024-12-01 13:09:43,613 LT1-thread root DEBUG tbs.py                    69    tbs_command_rsp_succ      : received Header(svc_id=27, op=10, ctrl_index=0, data_len=0) (b'',)
2024-12-01 13:09:43,613 LT1-thread root DEBUG testcase.py               707   run_wid                   : Sending response 'OK' to wid 111 test case GTBS/SR/SP/BV-01-C
2024-12-01 13:09:43,617 LT1-thread root DEBUG client.py                 309   get_result                : ClientCallback.get_result run_test_case
2024-12-01 13:09:43,623 LT1-callback ClientCallback.on_implicit_send INFO client.py                 256   on_implicit_send          : 
    ********************
    BEGIN OnImplicitSend:
    project_name: TBS
    wid: 120
    test_case_name: GTBS/SR/SP/BV-01-C
    description: Please force to update Bear Signal Strength value 3 times and then send a Bearer Signal Strength notification using new interval.
    style: MMI_Style_Ok_Cancel2 0x11141
2024-12-01 13:09:43,623 LT1-callback ClientCallback.on_implicit_send INFO client.py                 269   on_implicit_send          : Calling test cases on_implicit_send
2024-12-01 13:09:43,623 LT1-callback ClientCallback.on_implicit_send INFO client.py                 282   on_implicit_send          : 
    on_implicit_send returned response: WAIT
    END OnImplicitSend
    ********************
2024-12-01 13:09:44,617 LT1-thread root DEBUG testcase.py               671   run_wid                   : TBS GTBS/SR/SP/BV-01-C on_implicit_send
2024-12-01 13:09:44,617 LT1-thread root DEBUG tbs_wid.py                24    tbs_wid_hdl               : tbs_wid_hdl, 120, Please force to update Bear Signal Strength value 3 times and then send a Bearer Signal Strength notification using new interval., GTBS/SR/SP/BV-01-C
2024-12-01 13:09:44,617 LT1-thread root DEBUG tbs.py                    175   tbs_set_signal_strength   : tbs_set_signal_strength
2024-12-01 13:09:44,617 LT1-thread root DEBUG iutctl_common.py          106   send                      : send, 27 10 0 "bytearray(b'\\xff\\t')"
2024-12-01 13:09:44,617 LT1-thread root DEBUG iutctl_common.py          111   send                      : sending frame '1b0a000200ff09'
2024-12-01 13:09:44,617 LT1-thread root DEBUG tbs.py                    64    tbs_command_rsp_succ      : tbs_command_rsp_succ
2024-12-01 13:09:44,617 LT1-thread root DEBUG iutctl_common.py          230   read                      : read
2024-12-01 13:09:44,633 BTPWorkerThread-37315 (_rx_task) root DEBUG iutctl_common.py          76    read                      : Read 5 bytes
2024-12-01 13:09:44,644 BTPWorkerThread-37315 (_rx_task) root DEBUG iutctl_common.py          83    read                      : Received: hdr: Header(svc_id=0x1b, op=0x0a, ctrl_index=0x00, data_len=0x00) bytearray(b'\x1b\n\x00\x00\x00')
2024-12-01 13:09:44,644 BTPWorkerThread-37315 (_rx_task) root DEBUG iutctl_common.py          99    read                      : Received data: {''}, bytearray(b'')
2024-12-01 13:09:44,649 LT1-thread root DEBUG tbs.py                    69    tbs_command_rsp_succ      : received Header(svc_id=27, op=10, ctrl_index=0, data_len=0) (b'',)
2024-12-01 13:09:44,649 LT1-thread root DEBUG tbs.py                    175   tbs_set_signal_strength   : tbs_set_signal_strength
2024-12-01 13:09:44,650 LT1-thread root DEBUG iutctl_common.py          106   send                      : send, 27 10 0 "bytearray(b'\\xff\\x08')"
2024-12-01 13:09:44,650 LT1-thread root DEBUG iutctl_common.py          111   send                      : sending frame '1b0a000200ff08'
2024-12-01 13:09:44,650 LT1-thread root DEBUG tbs.py                    64    tbs_command_rsp_succ      : tbs_command_rsp_succ
2024-12-01 13:09:44,650 LT1-thread root DEBUG iutctl_common.py          230   read                      : read
2024-12-01 13:09:44,670 BTPWorkerThread-37315 (_rx_task) root DEBUG iutctl_common.py          76    read                      : Read 5 bytes
2024-12-01 13:09:44,681 BTPWorkerThread-37315 (_rx_task) root DEBUG iutctl_common.py          83    read                      : Received: hdr: Header(svc_id=0x1b, op=0x0a, ctrl_index=0x00, data_len=0x00) bytearray(b'\x1b\n\x00\x00\x00')
2024-12-01 13:09:44,686 BTPWorkerThread-37315 (_rx_task) root DEBUG iutctl_common.py          99    read                      : Received data: {''}, bytearray(b'')
2024-12-01 13:09:44,697 LT1-thread root DEBUG tbs.py                    69    tbs_command_rsp_succ      : received Header(svc_id=27, op=10, ctrl_index=0, data_len=0) (b'',)
2024-12-01 13:09:44,697 LT1-thread root DEBUG tbs.py                    175   tbs_set_signal_strength   : tbs_set_signal_strength
2024-12-01 13:09:44,697 LT1-thread root DEBUG iutctl_common.py          106   send                      : send, 27 10 0 "bytearray(b'\\xff\\x07')"
2024-12-01 13:09:44,697 LT1-thread root DEBUG iutctl_common.py          111   send                      : sending frame '1b0a000200ff07'
2024-12-01 13:09:44,697 LT1-thread root DEBUG tbs.py                    64    tbs_command_rsp_succ      : tbs_command_rsp_succ
2024-12-01 13:09:44,697 LT1-thread root DEBUG iutctl_common.py          230   read                      : read
2024-12-01 13:09:44,718 BTPWorkerThread-37315 (_rx_task) root DEBUG iutctl_common.py          76    read                      : Read 5 bytes
2024-12-01 13:09:44,723 BTPWorkerThread-37315 (_rx_task) root DEBUG iutctl_common.py          83    read                      : Received: hdr: Header(svc_id=0x1b, op=0x0a, ctrl_index=0x00, data_len=0x00) bytearray(b'\x1b\n\x00\x00\x00')
2024-12-01 13:09:44,733 BTPWorkerThread-37315 (_rx_task) root DEBUG iutctl_common.py          99    read                      : Received data: {''}, bytearray(b'')
2024-12-01 13:09:44,749 LT1-thread root DEBUG tbs.py                    69    tbs_command_rsp_succ      : received Header(svc_id=27, op=10, ctrl_index=0, data_len=0) (b'',)
2024-12-01 13:09:44,749 LT1-thread root DEBUG testcase.py               707   run_wid                   : Sending response 'OK' to wid 120 test case GTBS/SR/SP/BV-01-C
2024-12-01 13:09:44,751 LT1-thread root DEBUG client.py                 309   get_result                : ClientCallback.get_result run_test_case
2024-12-01 13:09:53,608 LT1-callback ClientCallback.on_implicit_send INFO client.py                 256   on_implicit_send          : 
    ********************
    BEGIN OnImplicitSend:
    project_name: TBS
    wid: 111
    test_case_name: GTBS/SR/SP/BV-01-C
    description: Waiting for Bearer Signal Strength Notification.
    style: MMI_Style_Ok_Cancel2 0x11141
2024-12-01 13:09:53,608 LT1-callback ClientCallback.on_implicit_send INFO client.py                 269   on_implicit_send          : Calling test cases on_implicit_send
2024-12-01 13:09:53,609 LT1-callback ClientCallback.on_implicit_send INFO client.py                 282   on_implicit_send          : 
    on_implicit_send returned response: WAIT
    END OnImplicitSend
    ********************
2024-12-01 13:09:53,752 LT1-thread root DEBUG testcase.py               671   run_wid                   : TBS GTBS/SR/SP/BV-01-C on_implicit_send
2024-12-01 13:09:53,752 LT1-thread root DEBUG tbs_wid.py                24    tbs_wid_hdl               : tbs_wid_hdl, 111, Waiting for Bearer Signal Strength Notification., GTBS/SR/SP/BV-01-C
2024-12-01 13:09:53,752 LT1-thread root DEBUG tbs.py                    175   tbs_set_signal_strength   : tbs_set_signal_strength
2024-12-01 13:09:53,752 LT1-thread root DEBUG iutctl_common.py          106   send                      : send, 27 10 0 "bytearray(b'\\xff\\n')"
2024-12-01 13:09:53,752 LT1-thread root DEBUG iutctl_common.py          111   send                      : sending frame '1b0a000200ff0a'
2024-12-01 13:09:53,752 LT1-thread root DEBUG tbs.py                    64    tbs_command_rsp_succ      : tbs_command_rsp_succ
2024-12-01 13:09:53,753 LT1-thread root DEBUG iutctl_common.py          230   read                      : read
2024-12-01 13:09:53,768 BTPWorkerThread-37315 (_rx_task) root DEBUG iutctl_common.py          76    read                      : Read 5 bytes
2024-12-01 13:09:53,773 BTPWorkerThread-37315 (_rx_task) root DEBUG iutctl_common.py          83    read                      : Received: hdr: Header(svc_id=0x1b, op=0x0a, ctrl_index=0x00, data_len=0x00) bytearray(b'\x1b\n\x00\x00\x00')
2024-12-01 13:09:53,789 BTPWorkerThread-37315 (_rx_task) root DEBUG iutctl_common.py          99    read                      : Received data: {''}, bytearray(b'')
2024-12-01 13:09:53,799 LT1-thread root DEBUG tbs.py                    69    tbs_command_rsp_succ      : received Header(svc_id=27, op=10, ctrl_index=0, data_len=0) (b'',)
2024-12-01 13:09:53,799 LT1-thread root DEBUG testcase.py               707   run_wid                   : Sending response 'OK' to wid 111 test case GTBS/SR/SP/BV-01-C
2024-12-01 13:09:53,801 LT1-thread root DEBUG client.py                 309   get_result                : ClientCallback.get_result run_test_case
2024-12-01 13:10:04,981 BTPWorkerThread-37315 (_rx_task) root DEBUG iutctl_common.py          76    read                      : Read 5 bytes
2024-12-01 13:10:04,981 BTPWorkerThread-37315 (_rx_task) root DEBUG iutctl_common.py          83    read                      : Received: hdr: Header(svc_id=0x01, op=0x83, ctrl_index=0x00, data_len=0x07) bytearray(b'\x01\x83\x00\x07\x00')
2024-12-01 13:10:04,982 BTPWorkerThread-37315 (_rx_task) root DEBUG iutctl_common.py          91    read                      : Read 7 bytes data
2024-12-01 13:10:04,982 BTPWorkerThread-37315 (_rx_task) root DEBUG iutctl_common.py          99    read                      : Received data: {'00 df 28 1c e8 07 c0'}, bytearray(b'\x00\xdf(\x1c\xe8\x07\xc0')
2024-12-01 13:10:04,982 BTPWorkerThread-37315 (_rx_task) root DEBUG btp.py                    824   event_handler             : event_handler Header(svc_id=1, op=131, ctrl_index=0, data_len=7) (b'\x00\xdf(\x1c\xe8\x07\xc0',)
2024-12-01 13:10:04,982 BTPWorkerThread-37315 (_rx_task) root DEBUG gap.py                    184   gap_disconnected_ev_      : gap_disconnected_ev_ b'\x00\xdf(\x1c\xe8\x07\xc0'
2024-12-01 13:10:07,625 LT1-callback ClientCallback.log INFO client.py                 232   log                       : PTS_LOGTYPE_START_TEST Start Test Case 

+1547 ms
 GTBS/SR/SP/BV-01-C GTBS/SR/SP/BV-01-C

2024-12-01 13:10:10,174 LT1-callback ClientCallback.log INFO client.py                 232   log                       : PTS_LOGTYPE_FINAL_VERDICT Final Verdict 

+45484 ms
 GTBS/SR/SP/BV-01-C PASS

2024-12-01 13:10:10,178 LT1-callback ClientCallback.log INFO client.py                 232   log                       : PTS_LOGTYPE_FINAL_VERDICT Encrypted Verdict 

+45484 ms
 GTBS/SR/SP/BV-01-C A1#MzEzN2I0OWIxYjJiN2FiZjI3MTU2M2I3YWVjZGM5Y2MxYjJjZjgyNGU1ZmE4YWE5ZjhhZjI1Njg2YWJlYzM5NA==#BlEuCKhtACE8L7//stqEDBTM/PYzxqOEfYF6mXRBtc1gzcOzFF6akNHGcEc+0+nJ

2024-12-01 13:10:10,183 LT1-callback ClientCallback.log INFO client.py                 232   log                       : PTS_LOGTYPE_END_TEST Test Case Ended 

+45484 ms
 GTBS/SR/SP/BV-01-C GTBS/SR/SP/BV-01-C

2024-12-01 13:10:10,265 LT1-callback root DEBUG client.py                 294   set_result                : ClientCallback, set_result, run_test_case, PASS
2024-12-01 13:10:10,266 LT1-thread root DEBUG client.py                 1029  _run_test_case            : After run_test_case error_code=0 status='PASS'
2024-12-01 13:10:10,266 LT1-thread root DEBUG testcase.py               752   post_run                  : post_run TBS GTBS/SR/SP/BV-01-C 0
2024-12-01 13:10:10,266 LT1-thread root DEBUG testcase.py               253   start                     : Starting test function: class=<class 'autopts.ptsprojects.testcase.TestFuncCleanUp'>, func=<bound method Stack.cleanup of <autopts.ptsprojects.stack.stack.Stack object at 0x7f395ee571f0>> start_wid=None stop_wid=None post_wid=None skip_call=None call_count=1 args=() kwds={}
2024-12-01 13:10:10,266 LT1-thread root DEBUG testcase.py               265   start                     : Test function parameters: args=(), kwds={}
2024-12-01 13:10:10,267 LT1-thread root DEBUG testcase.py               253   start                     : Starting test function: class=<class 'autopts.ptsprojects.testcase.TestFuncCleanUp'>, func=<bound method ZephyrCtl.stop of <autopts.ptsprojects.zephyr.iutctl.ZephyrCtl object at 0x7f395ee57be0>> start_wid=None stop_wid=None post_wid=None skip_call=None call_count=1 args=() kwds={}
2024-12-01 13:10:10,267 LT1-thread root DEBUG testcase.py               265   start                     : Test function parameters: args=(), kwds={}
2024-12-01 13:10:10,267 LT1-thread root DEBUG iutctl.py                 249   stop                      : <class 'autopts.ptsprojects.zephyr.iutctl.ZephyrCtl'>.stop
2024-12-01 13:10:10,367 LT1-thread root DEBUG rtt.py                    237   stop                      : <class 'autopts.rtt.RTTLogger'>.stop
2024-12-01 13:10:10,367 LT1-thread root DEBUG rtt.py                    102   stop                      : <class 'autopts.rtt.RTT'>.stop
2024-12-01 13:10:10,395 LT1-thread root DEBUG __init__.py               49    reset                     : About to reset DUT: nrfjprog -r -s 1050060770
2024-12-01 13:10:12,662 BTPWorkerThread-37315 (_rx_task) root DEBUG iutctl_common.py          76    read                      : Read 5 bytes
2024-12-01 13:10:12,667 BTPWorkerThread-37315 (_rx_task) root DEBUG iutctl_common.py          83    read                      : Received: hdr: Header(svc_id=0x00, op=0x80, ctrl_index=0xff, data_len=0x00) bytearray(b'\x00\x80\xff\x00\x00')
2024-12-01 13:10:12,672 BTPWorkerThread-37315 (_rx_task) root DEBUG iutctl_common.py          99    read                      : Received data: {''}, bytearray(b'')
2024-12-01 13:10:12,672 BTPWorkerThread-37315 (_rx_task) root DEBUG btp.py                    824   event_handler             : event_handler Header(svc_id=0, op=128, ctrl_index=255, data_len=0) (b'',)
2024-12-01 13:10:12,683 BTPWorkerThread-37315 (_rx_task) root DEBUG core.py                   28    core_iut_ready_ev         : core_iut_ready_ev
2024-12-01 13:10:12,693 LT1-thread root DEBUG iutctl.py                 267   stop                      : IUT ready event received OK
2024-12-01 13:10:12,693 LT1-thread root DEBUG iutctl_common.py          307   close                     : Waiting for _rx_worker to finish ...
2024-12-01 13:10:13,693 LT1-thread root DEBUG iutctl_common.py          307   close                     : Waiting for _rx_worker to finish ...
2024-12-01 13:10:13,694 BTPWorkerThread-37315 (_rx_task) root DEBUG iutctl_common.py          223   _rx_task                  : BTPWorkerThread-37315 (_rx_task) finishing...
2024-12-01 13:10:16,731 LT1-thread root DEBUG testcase.py               781   post_run                  : post_run, cleanup running post test case script
2024-12-01 13:10:16,732 LT1-thread root DEBUG testcase.py               791   post_run                  : post_run, run post test case script
2024-12-01 13:10:16,753 LT1-thread root DEBUG client.py                 1059  _run_test_case            : Done TestCase _run_test_case TBS GTBS/SR/SP/BV-01-C
