*** Booting Zephyr OS build v3.7.0-5411-g31fea97e05fd ***
[00:00:00.250,701] <dbg> bttester: tester_init: Initializing tester
[00:00:05.954,437] <wrn> net_buf: Timeout discarded. No blocking in syswq
[00:00:05.954,620] <wrn> net_buf: Timeout discarded. No blocking in syswq
[00:00:05.954,803] <wrn> net_buf: Timeout discarded. No blocking in syswq
[00:00:05.954,986] <wrn> net_buf: Timeout discarded. No blocking in syswq
[00:00:05.955,139] <wrn> net_buf: Timeout discarded. No blocking in syswq
[00:00:05.955,322] <wrn> net_buf: Timeout discarded. No blocking in syswq
[00:00:05.955,474] <wrn> net_buf: Timeout discarded. No blocking in syswq
[00:00:05.955,627] <wrn> net_buf: Timeout discarded. No blocking in syswq
[00:00:05.955,810] <wrn> net_buf: Timeout discarded. No blocking in syswq
[00:00:05.955,963] <wrn> net_buf: Timeout discarded. No blocking in syswq
[00:00:05.956,146] <wrn> net_buf: Timeout discarded. No blocking in syswq
[00:00:05.956,329] <wrn> net_buf: Timeout discarded. No blocking in syswq
[00:00:05.956,481] <wrn> net_buf: Timeout discarded. No blocking in syswq
[00:00:05.956,604] <inf> bt_hci_core: HW Platform: Nordic Semiconductor (0x0002)
[00:00:05.956,634] <inf> bt_hci_core: HW Variant: nRF52x (0x0002)
[00:00:05.956,665] <inf> bt_hci_core: Firmware: Standard Bluetooth controller (0x00) Version 3.7 Build 99
[00:00:05.956,756] <wrn> net_buf: Timeout discarded. No blocking in syswq
[00:00:05.956,939] <wrn> net_buf: Timeout discarded. No blocking in syswq
[00:00:05.957,092] <wrn> net_buf: Timeout discarded. No blocking in syswq
[00:00:05.957,275] <wrn> net_buf: Timeout discarded. No blocking in syswq
[00:00:05.957,458] <wrn> net_buf: Timeout discarded. No blocking in syswq
[00:00:05.957,702] <wrn> net_buf: Timeout discarded. No blocking in syswq
[00:00:05.957,885] <inf> bt_hci_core: Identity: DC:E7:76:C4:1F:70 (random)
[00:00:05.957,916] <inf> bt_hci_core: HCI: version 5.4 (0x0d) revision 0x0000, manufacturer 0x05f1
[00:00:05.957,946] <inf> bt_hci_core: LMP: version 5.4 (0x0d) subver 0xffff
[00:00:06.102,935] <wrn> bttester_mesh: Loading default comp data
[00:00:06.103,179] <wrn> bt_mesh_access: Unused space in relation list: 2
[00:00:06.563,995] <dbg> bttester_mesh: start: 
[00:00:06.564,086] <inf> bt_mesh_provisionee: Device UUID: 00000000-0000-0000-0000-000000000000
[00:00:06.564,208] <wrn> net_buf: Timeout discarded. No blocking in syswq
[00:00:06.564,392] <wrn> net_buf: Timeout discarded. No blocking in syswq
[00:00:06.564,941] <wrn> net_buf: Timeout discarded. No blocking in syswq
[00:00:06.565,124] <wrn> net_buf: Timeout discarded. No blocking in syswq
[00:00:06.565,399] <wrn> net_buf: Timeout discarded. No blocking in syswq
[00:00:06.565,673] <inf> bt_mesh_provisionee: Device UUID: 00000000-0000-0000-0000-000000000000
[00:00:06.566,864] <wrn> net_buf: Timeout discarded. No blocking in syswq
[00:00:06.567,016] <wrn> net_buf: Timeout discarded. No blocking in syswq
[00:00:06.567,199] <wrn> net_buf: Timeout discarded. No blocking in syswq
[00:00:06.606,109] <dbg> bttester_mesh: reset: 
[00:00:06.626,251] <wrn> net_buf: Timeout discarded. No blocking in syswq
[00:00:06.626,373] <wrn> net_buf: Timeout discarded. No blocking in syswq
[00:00:06.626,556] <wrn> net_buf: Timeout discarded. No blocking in syswq
[00:00:06.627,197] <dbg> bttester_mesh: change_prepare: 
[00:00:06.686,401] <wrn> net_buf: Timeout discarded. No blocking in syswq
[00:00:06.686,523] <wrn> net_buf: Timeout discarded. No blocking in syswq
[00:00:06.686,614] <wrn> net_buf: Timeout discarded. No blocking in syswq
[00:00:06.686,676] <wrn> net_buf: Timeout discarded. No blocking in syswq
[00:00:06.686,767] <wrn> net_buf: Timeout discarded. No blocking in syswq
[00:00:06.686,828] <wrn> net_buf: Timeout discarded. No blocking in syswq
[00:00:06.686,950] <wrn> net_buf: Timeout discarded. No blocking in syswq
[00:00:06.687,103] <wrn> net_buf: Timeout discarded. No blocking in syswq
