< 2024/12/07 11:44:24.788762  length=6 from=0 to=5
 00 03 ff 01 00 01                                ......
--
> 2024/12/07 11:44:24.798248  length=5 from=0 to=4
 00 03 ff 00 00                                   .....
--
< 2024/12/07 11:44:24.852075  length=6 from=6 to=11
 00 03 ff 01 00 02                                ......
--
> 2024/12/07 11:44:24.854711  length=5 from=5 to=9
 00 03 ff 00 00                                   .....
--
< 2024/12/07 11:44:25.007589  length=6 from=12 to=17
 00 03 ff 01 00 04                                ......
--
> 2024/12/07 11:44:25.010535  length=5 from=10 to=14
 00 03 ff 00 00                                   .....
--
< 2024/12/07 11:44:25.096218  length=6 from=18 to=23
 04 04 00 01 00 00                                ......
--
> 2024/12/07 11:44:25.532341  length=5 from=15 to=19
 04 04 00 00 00                                   .....
--
< 2024/12/07 11:44:25.562230  length=5 from=24 to=28
 01 03 00 00 00                                   .....
--
> 2024/12/07 11:44:25.662186  length=10 from=20 to=29
 01 03 00 15 01 70 1f c4 76 e7                    .....p..v.
--
> 2024/12/07 11:44:25.663523  length=14 from=30 to=43
 dc 13 06 02 00 13 82 00 00 00 00 00 62 74        ............bt
--
> 2024/12/07 11:44:25.664865  length=15 from=44 to=58
 70 5f 74 65 73 74 65 72 00 00 00 00 00 00 00     p_tester.......
--
> 2024/12/07 11:44:25.666443  length=5 from=59 to=63
 00 00 00 00 00                                   .....
--
> 2024/12/07 11:44:25.667839  length=28 from=64 to=91
 00 00 00 00 00 00 00 00 00 00 00 00 00 00 00 00  ................
 00 00 00 00 00 00 00 00 00 00 00 00              ............
--
> 2024/12/07 11:44:25.669159  length=15 from=92 to=106
 00 00 00 00 00 00 00 00 00 00 00 00 00 00 00     ...............
--
> 2024/12/07 11:44:25.670486  length=15 from=107 to=121
 00 00 00 00 00 00 00 00 00 00 00 00 00 00 00     ...............
--
> 2024/12/07 11:44:25.671848  length=15 from=122 to=136
 00 00 00 00 00 00 00 00 00 00 00 00 00 00 00     ...............
--
> 2024/12/07 11:44:25.673201  length=15 from=137 to=151
 00 00 00 00 00 00 00 00 00 00 00 00 00 00 00     ...............
--
> 2024/12/07 11:44:25.674560  length=14 from=152 to=165
 00 00 00 00 00 00 00 00 00 00 00 00 00 00        ..............
--
> 2024/12/07 11:44:25.675889  length=15 from=166 to=180
 00 00 00 00 00 00 00 00 00 00 00 00 00 00 00     ...............
--
> 2024/12/07 11:44:25.677273  length=12 from=181 to=192
 00 00 00 00 00 00 00 00 00 00 00 00              ............
--
> 2024/12/07 11:44:25.678576  length=18 from=193 to=210
 00 00 00 00 00 00 00 00 00 00 00 00 00 00 00 00  ................
 00 00                                            ..
--
> 2024/12/07 11:44:25.679955  length=15 from=211 to=225
 00 00 00 00 00 00 00 00 00 00 00 00 00 00 00     ...............
--
> 2024/12/07 11:44:25.681273  length=15 from=226 to=240
 00 00 00 00 00 00 00 00 00 00 00 00 00 00 00     ...............
--
> 2024/12/07 11:44:25.682627  length=15 from=241 to=255
 00 00 00 00 00 00 00 00 00 00 00 00 00 00 00     ...............
--
> 2024/12/07 11:44:25.683940  length=15 from=256 to=270
 00 00 00 00 00 00 00 00 00 00 00 00 00 00 00     ...............
--
> 2024/12/07 11:44:25.685300  length=15 from=271 to=285
 00 00 00 00 00 00 00 00 00 00 00 00 00 00 00     ...............
--
> 2024/12/07 11:44:25.686863  length=16 from=286 to=301
 00 00 00 00 00 00 00 00 00 00 00 00 00 00 00 00  ................
--
< 2024/12/07 11:44:25.766108  length=5 from=29 to=33
 04 78 00 00 00                                   .x...
--
> 2024/12/07 11:44:25.770194  length=1 from=302 to=302
 04                                               .
--
> 2024/12/07 11:44:25.771530  length=4 from=303 to=306
 78 00 00 00                                      x...
--
< 2024/12/07 11:44:25.808556  length=5 from=34 to=38
 04 05 00 00 00                                   .....
--
> 2024/12/07 11:44:25.811140  length=5 from=307 to=311
 04 05 00 00 00                                   .....
--
< 2024/12/07 11:44:25.866330  length=5 from=39 to=43
 04 57 00 00 00                                   .W...
--
> 2024/12/07 11:44:25.869257  length=6 from=312 to=317
 04 00 00 01 00 01                                ......
--
> 2024/12/07 11:44:28.219053  length=2 from=318 to=319
 00 80                                            ..
--
> 2024/12/07 11:44:28.220044  length=2 from=320 to=321
 ff 00                                            ..
--
> 2024/12/07 11:44:28.220109  length=1 from=322 to=322
 00                                               .
--
