WARNING: Using a test - not safe - entropy source
uart connected to pseudotty: /dev/pts/4
*** Booting Zephyr OS build v4.4.0-3826-gfe01b66f8d9e ***
[00:00:00.000,000] [0m<dbg> bttester.tester_init: Initializing tester[0m
[00:00:00.110,000] [0m<dbg> bttester.cmd_handler: cmd service 0x00 opcode 0x03 index 0xff[0m
[00:00:00.290,000] [1;33m<wrn> bt_hci_core: Num of Controller's ISO packets != ISO bt_conn_tx contexts(3 != 4)[0m
[00:00:00.470,000] [0m<inf> bt_hci_core: HCI transport: HCI User Channel[0m
[00:00:00.470,000] [0m<inf> bt_hci_core: Identity: D5:B6:CC:31:DB:3B (random)[0m
[00:00:00.470,000] [0m<inf> bt_hci_core: HCI: version 6.1 (0x0f) revision 0x3069, manufacturer 0x0059[0m
[00:00:00.470,000] [0m<inf> bt_hci_core: LMP: version 6.1 (0x0f) subver 0x3069[0m
[00:00:00.470,000] [0m<dbg> bttester.cmd_handler: Command returns status 0[0m
[00:00:00.470,000] [0m<dbg> bttester.tester_rsp_with_index: service 0x00 opcode 0x03 index 0xff status 0x00[0m
[00:00:00.490,000] [0m<dbg> bttester.cmd_handler: cmd service 0x01 opcode 0x01 index 0xff[0m
[00:00:00.490,000] [0m<dbg> bttester.cmd_handler: Command returns status 0[0m
[00:00:00.550,000] [0m<dbg> bttester.cmd_handler: cmd service 0x00 opcode 0x03 index 0xff[0m
[00:00:00.550,000] [0m<dbg> bttester.cmd_handler: Command returns status 0[0m
[00:00:00.550,000] [0m<dbg> bttester.tester_rsp_with_index: service 0x00 opcode 0x03 index 0xff status 0x00[0m
[00:00:00.600,000] [0m<dbg> bttester.cmd_handler: cmd service 0x02 opcode 0x01 index 0xff[0m
[00:00:00.600,000] [0m<dbg> bttester.cmd_handler: Command returns status 0[0m
[00:00:00.660,000] [0m<dbg> bttester.cmd_handler: cmd service 0x01 opcode 0x03 index 0x00[0m
[00:00:00.660,000] [0m<dbg> bttester.cmd_handler: Command returns status 0[0m
[00:00:00.720,000] [0m<dbg> bttester.cmd_handler: cmd service 0x01 opcode 0x10 index 0x00[0m
[00:00:00.720,000] [0m<dbg> bttester_gap.set_io_cap: io_cap: 0[0m
[00:00:00.720,000] [0m<dbg> bttester.cmd_handler: Command returns status 0[0m
[00:00:00.720,000] [0m<dbg> bttester.tester_rsp_with_index: service 0x01 opcode 0x10 index 0x00 status 0x00[0m
[00:00:00.740,000] [0m<dbg> bttester.cmd_handler: cmd service 0x01 opcode 0x08 index 0x00[0m
[00:00:00.740,000] [0m<dbg> bttester.cmd_handler: Command returns status 0[0m
[00:00:00.800,000] [0m<dbg> bttester.cmd_handler: cmd service 0x00 opcode 0x03 index 0xff[0m
[00:00:00.800,000] [0m<dbg> bttester.cmd_handler: Command returns status 0[0m
[00:00:00.800,000] [0m<dbg> bttester.tester_rsp_with_index: service 0x00 opcode 0x03 index 0xff status 0x00[0m
[00:00:00.850,000] [0m<dbg> bttester.cmd_handler: cmd service 0x16 opcode 0x01 index 0xff[0m
[00:00:00.850,000] [0m<dbg> bttester.cmd_handler: Command returns status 0[0m
[00:00:02.900,000] [0m<dbg> bttester.cmd_handler: cmd service 0x01 opcode 0x0e index 0x00[0m
[00:00:02.910,000] [0m<dbg> bttester.cmd_handler: Command returns status 0[0m
[00:00:02.910,000] [0m<dbg> bttester.tester_rsp_with_index: service 0x01 opcode 0x0e index 0x00 status 0x00[0m
[00:00:02.990,000] [0m<dbg> bttester_gap.le_connected: DF:A9:FF:F6:B1:1A (public): 0x00[0m
[00:00:02.990,000] [0m<dbg> bttester.tester_event: service 0x01 opcode 0x82[0m
[00:00:05.290,000] [0m<dbg> bttester.tester_event: service 0x01 opcode 0x91[0m
[00:00:05.290,000] [0m<dbg> bttester.tester_event: service 0x01 opcode 0x89[0m
[00:00:06.340,000] [0m<dbg> bttester.cmd_handler: cmd service 0x16 opcode 0x02 index 0x00[0m
[00:00:06.340,000] [0m<dbg> bttester.cmd_handler: Command returns status 0[0m
[00:00:06.340,000] [0m<dbg> bttester.tester_rsp_with_index: service 0x16 opcode 0x02 index 0x00 status 0x00[0m
[00:00:13.770,000] [0m<dbg> bttester.tester_event: service 0x16 opcode 0x80[0m
[00:00:14.880,000] [0m<dbg> bttester.cmd_handler: cmd service 0x16 opcode 0x02 index 0x00[0m
[00:00:15.870,000] [0m<dbg> bttester.cmd_handler: Command returns status 0[0m
[00:00:15.870,000] [0m<dbg> bttester.tester_rsp_with_index: service 0x16 opcode 0x02 index 0x00 status 0x00[0m
[00:00:17.270,000] [1;31m<err> bt_otc: Instance not found[0m
[00:00:17.410,000] [1;31m<err> bt_otc: Instance not found[0m
[00:00:24.830,000] [0m<dbg> bttester.tester_event: service 0x16 opcode 0x80[0m
[00:00:25.940,000] [0m<dbg> bttester.cmd_handler: cmd service 0x16 opcode 0x02 index 0x00[0m
[00:00:26.930,000] [0m<dbg> bttester.cmd_handler: Command returns status 0[0m
[00:00:26.930,000] [0m<dbg> bttester.tester_rsp_with_index: service 0x16 opcode 0x02 index 0x00 status 0x00[0m
[00:00:28.330,000] [1;31m<err> bt_otc: Instance not found[0m
[00:00:28.470,000] [1;31m<err> bt_otc: Instance not found[0m
[00:00:35.890,000] [0m<dbg> bttester.tester_event: service 0x16 opcode 0x80[0m
[00:00:37.000,000] [0m<dbg> bttester.cmd_handler: cmd service 0x16 opcode 0x02 index 0x00[0m
[00:00:37.990,000] [0m<dbg> bttester.cmd_handler: Command returns status 0[0m
[00:00:37.990,000] [0m<dbg> bttester.tester_rsp_with_index: service 0x16 opcode 0x02 index 0x00 status 0x00[0m
[00:00:39.390,000] [1;31m<err> bt_otc: Instance not found[0m
[00:00:39.530,000] [1;31m<err> bt_otc: Instance not found[0m
[00:00:46.950,000] [0m<dbg> bttester.tester_event: service 0x16 opcode 0x80[0m
[00:00:47.970,000] [0m<dbg> bttester.cmd_handler: cmd service 0x16 opcode 0x02 index 0x00[0m
[00:00:48.910,000] [0m<dbg> bttester.cmd_handler: Command returns status 0[0m
[00:00:48.910,000] [0m<dbg> bttester.tester_rsp_with_index: service 0x16 opcode 0x02 index 0x00 status 0x00[0m
[00:00:50.310,000] [1;31m<err> bt_otc: Instance not found[0m
[00:00:50.450,000] [1;31m<err> bt_otc: Instance not found[0m
[00:00:57.870,000] [0m<dbg> bttester.tester_event: service 0x16 opcode 0x80[0m
[00:00:58.970,000] [0m<dbg> bttester.cmd_handler: cmd service 0x16 opcode 0x02 index 0x00[0m
[00:00:59.970,000] [0m<dbg> bttester.cmd_handler: Command returns status 0[0m
[00:00:59.970,000] [0m<dbg> bttester.tester_rsp_with_index: service 0x16 opcode 0x02 index 0x00 status 0x00[0m
[00:01:01.370,000] [1;31m<err> bt_otc: Instance not found[0m
[00:01:01.510,000] [1;31m<err> bt_otc: Instance not found[0m
[00:01:08.930,000] [0m<dbg> bttester.tester_event: service 0x16 opcode 0x80[0m
[00:01:10.030,000] [0m<dbg> bttester.cmd_handler: cmd service 0x16 opcode 0x02 index 0x00[0m
[00:01:11.010,000] [0m<dbg> bttester.cmd_handler: Command returns status 0[0m
[00:01:11.010,000] [0m<dbg> bttester.tester_rsp_with_index: service 0x16 opcode 0x02 index 0x00 status 0x00[0m
[00:01:12.410,000] [1;31m<err> bt_otc: Instance not found[0m
[00:01:12.570,000] [1;31m<err> bt_otc: Instance not found[0m
[00:01:19.970,000] [0m<dbg> bttester.tester_event: service 0x16 opcode 0x80[0m
[00:01:21.090,000] [0m<dbg> bttester.cmd_handler: cmd service 0x16 opcode 0x02 index 0x00[0m
[00:01:22.070,000] [0m<dbg> bttester.cmd_handler: Command returns status 0[0m
[00:01:22.070,000] [0m<dbg> bttester.tester_rsp_with_index: service 0x16 opcode 0x02 index 0x00 status 0x00[0m
[00:01:23.470,000] [1;31m<err> bt_otc: Instance not found[0m
[00:01:23.610,000] [1;31m<err> bt_otc: Instance not found[0m
[00:01:31.030,000] [0m<dbg> bttester.tester_event: service 0x16 opcode 0x80[0m
[00:01:32.130,000] [0m<dbg> bttester.cmd_handler: cmd service 0x16 opcode 0x02 index 0x00[0m
[00:01:33.070,000] [0m<dbg> bttester.cmd_handler: Command returns status 0[0m
[00:01:33.070,000] [0m<dbg> bttester.tester_rsp_with_index: service 0x16 opcode 0x02 index 0x00 status 0x00[0m
[00:01:34.470,000] [1;31m<err> bt_otc: Instance not found[0m
[00:01:34.610,000] [1;31m<err> bt_otc: Instance not found[0m
[00:01:42.030,000] [0m<dbg> bttester.tester_event: service 0x16 opcode 0x80[0m
[00:01:43.140,000] [0m<dbg> bttester.cmd_handler: cmd service 0x16 opcode 0x02 index 0x00[0m
[00:01:44.130,000] [0m<dbg> bttester.cmd_handler: Command returns status 0[0m
[00:01:44.130,000] [0m<dbg> bttester.tester_rsp_with_index: service 0x16 opcode 0x02 index 0x00 status 0x00[0m
[00:01:45.530,000] [1;31m<err> bt_otc: Instance not found[0m
[00:01:45.670,000] [1;31m<err> bt_otc: Instance not found[0m
[00:01:53.090,000] [0m<dbg> bttester.tester_event: service 0x16 opcode 0x80[0m
[00:01:54.200,000] [0m<dbg> bttester.cmd_handler: cmd service 0x16 opcode 0x02 index 0x00[0m
[00:01:55.190,000] [0m<dbg> bttester.cmd_handler: Command returns status 0[0m
[00:01:55.190,000] [0m<dbg> bttester.tester_rsp_with_index: service 0x16 opcode 0x02 index 0x00 status 0x00[0m
[00:01:56.590,000] [1;31m<err> bt_otc: Instance not found[0m
[00:01:56.730,000] [1;31m<err> bt_otc: Instance not found[0m
[00:02:04.150,000] [0m<dbg> bttester.tester_event: service 0x16 opcode 0x80[0m
[00:02:05.260,000] [0m<dbg> bttester.cmd_handler: cmd service 0x16 opcode 0x02 index 0x00[0m
[00:02:06.250,000] [0m<dbg> bttester.cmd_handler: Command returns status 0[0m
[00:02:06.250,000] [0m<dbg> bttester.tester_rsp_with_index: service 0x16 opcode 0x02 index 0x00 status 0x00[0m
[00:02:07.650,000] [1;31m<err> bt_otc: Instance not found[0m
[00:02:07.790,000] [1;31m<err> bt_otc: Instance not found[0m
[00:02:15.210,000] [0m<dbg> bttester.tester_event: service 0x16 opcode 0x80[0m
[00:02:16.310,000] [0m<dbg> bttester.cmd_handler: cmd service 0x16 opcode 0x02 index 0x00[0m
[00:02:17.230,000] [0m<dbg> bttester.cmd_handler: Command returns status 0[0m
[00:02:17.230,000] [0m<dbg> bttester.tester_rsp_with_index: service 0x16 opcode 0x02 index 0x00 status 0x00[0m
[00:02:18.630,000] [1;31m<err> bt_otc: Instance not found[0m
[00:02:18.770,000] [1;31m<err> bt_otc: Instance not found[0m
[00:02:26.190,000] [0m<dbg> bttester.tester_event: service 0x16 opcode 0x80[0m
[00:02:27.310,000] [0m<dbg> bttester.cmd_handler: cmd service 0x16 opcode 0x02 index 0x00[0m
[00:02:28.290,000] [0m<dbg> bttester.cmd_handler: Command returns status 0[0m
[00:02:28.290,000] [0m<dbg> bttester.tester_rsp_with_index: service 0x16 opcode 0x02 index 0x00 status 0x00[0m
[00:02:29.690,000] [1;31m<err> bt_otc: Instance not found[0m
[00:02:29.830,000] [1;31m<err> bt_otc: Instance not found[0m
[00:02:37.250,000] [0m<dbg> bttester.tester_event: service 0x16 opcode 0x80[0m
[00:02:38.350,000] [0m<dbg> bttester.cmd_handler: cmd service 0x16 opcode 0x19 index 0x00[0m
[00:02:38.350,000] [0m<dbg> bttester_mcp.mcp_cmd_search: MCC Send Search Control Point Command[0m
[00:02:38.350,000] [0m<dbg> bttester.cmd_handler: Command returns status 0[0m
[00:02:38.350,000] [0m<dbg> bttester.tester_rsp_with_index: service 0x16 opcode 0x19 index 0x00 status 0x00[0m
[00:02:38.450,000] [0m<dbg> bttester_mcp.mcc_send_search_cb: MCC Send Search cb (0)[0m
[00:02:38.450,000] [0m<dbg> bttester.tester_event: service 0x16 opcode 0x91[0m
[00:02:38.450,000] [0m<dbg> bttester_mcp.mcc_search_ntf_cb: MCC Search Control Point Notify cb (0)[0m
[00:02:38.450,000] [0m<dbg> bttester.tester_event: service 0x16 opcode 0x93[0m
[00:02:39.480,000] [0m<dbg> bttester.cmd_handler: cmd service 0x16 opcode 0x02 index 0x00[0m
[00:02:39.990,000] [0m<dbg> bttester_mcp.mcc_discover_cb: Discovery failed (14)[0m
[00:02:39.990,000] [0m<dbg> bttester.tester_event: service 0x16 opcode 0x80[0m
[00:02:39.990,000] [0m<dbg> bttester_mcp.mcc_discover_cb: Discovery failed (14)[0m
[00:02:39.990,000] [0m<dbg> bttester.tester_event: service 0x16 opcode 0x80[0m
[00:02:39.990,000] [0m<dbg> bttester_mcp.mcc_discover_cb: Discovery failed (14)[0m
[00:02:39.990,000] [0m<dbg> bttester.tester_event: service 0x16 opcode 0x80[0m
[00:02:39.990,000] [0m<dbg> bttester_mcp.mcc_discover_cb: Discovery failed (14)[0m
[00:02:39.990,000] [0m<dbg> bttester.tester_event: service 0x16 opcode 0x80[0m
[00:02:39.990,000] [0m<dbg> bttester_mcp.mcc_discover_cb: Discovery failed (14)[0m
[00:02:39.990,000] [0m<dbg> bttester.tester_event: service 0x16 opcode 0x80[0m
[00:02:39.990,000] [0m<dbg> bttester_mcp.mcc_discover_cb: Discovery failed (14)[0m
[00:02:39.990,000] [0m<dbg> bttester.tester_event: service 0x16 opcode 0x80[0m
[00:02:39.990,000] [0m<dbg> bttester_mcp.mcc_discover_cb: Discovery failed (14)[0m
[00:02:39.990,000] [0m<dbg> bttester.tester_event: service 0x16 opcode 0x80[0m
[00:02:39.990,000] [0m<dbg> bttester_mcp.mcc_discover_cb: Discovery failed (14)[0m
[00:02:39.990,000] [0m<dbg> bttester.tester_event: service 0x16 opcode 0x80[0m
[00:02:39.990,000] [0m<dbg> bttester_mcp.mcc_discover_cb: Discovery failed (14)[0m
[00:02:39.990,000] [0m<dbg> bttester.tester_event: service 0x16 opcode 0x80[0m
[00:02:39.990,000] [0m<dbg> bttester_mcp.mcc_discover_cb: Discovery failed (14)[0m
[00:02:39.990,000] [0m<dbg> bttester.tester_event: service 0x16 opcode 0x80[0m
[00:02:39.990,000] [0m<dbg> bttester_mcp.mcc_discover_cb: Discovery failed (14)[0m
[00:02:39.990,000] [0m<dbg> bttester.tester_event: service 0x16 opcode 0x80[0m
[00:02:39.990,000] [0m<dbg> bttester_mcp.mcc_discover_cb: Discovery failed (14)[0m
[00:02:39.990,000] [0m<dbg> bttester.tester_event: service 0x16 opcode 0x80[0m
[00:02:39.990,000] [1;31m<err> bt_otc: Instance not found[0m
[00:02:39.990,000] [1;31m<err> bt_otc: Instance not found[0m
[00:02:39.990,000] [0m<dbg> bttester_gap.le_disconnected: DF:A9:FF:F6:B1:1A (public): 0x13[0m
[00:02:39.990,000] [0m<dbg> bttester.tester_event: service 0x01 opcode 0x83[0m
[00:02:39.990,000] [1;33m<wrn> bt_att: Not connected[0m
[00:02:39.990,000] [0m<dbg> bttester_mcp.mcp_discover: Discovery failed: -12[0m
[00:02:39.990,000] [0m<dbg> bttester.cmd_handler: Command returns status 1[0m
[00:02:39.990,000] [0m<dbg> bttester.tester_rsp_with_index: service 0x16 opcode 0x02 index 0x00 status 0x01[0m
[00:02:41.120,000] [0m<dbg> bttester.cmd_handler: cmd service 0x01 opcode 0x05 index 0x00[0m
[00:02:41.130,000] [0m<dbg> bttester.cmd_handler: Command returns status 0[0m

Stopped at 162.230s
2026/05/31 01:31:07 socat[2353777] W cannot restore terminal settings on fd 5: Input/output error
==2353774==LeakSanitizer has encountered a fatal error.
==2353774==HINT: For debugging, try setting environment variable LSAN_OPTIONS=verbosity=1:log_threads=1
==2353774==HINT: LeakSanitizer does not work under ptrace (strace, gdb, etc)
