*** Booting Zephyr OS build v3.7.0-3588-gd11997dbcf2f ***
[00:00:00.250,946] <dbg> bttester: tester_init: Initializing tester
[00:00:05.969,970] <inf> fs_nvs: 8 Sectors of 4096 bytes
[00:00:05.970,001] <inf> fs_nvs: alloc wra: 6, e58
[00:00:05.970,001] <inf> fs_nvs: data wra: 6, 230
[00:00:05.976,470] <inf> bt_hci_core: HW Platform: Nordic Semiconductor (0x0002)
[00:00:05.976,501] <inf> bt_hci_core: HW Variant: nRF52x (0x0002)
[00:00:05.976,531] <inf> bt_hci_core: Firmware: Standard Bluetooth controller (0x00) Version 3.7 Build 99
[00:00:05.977,142] <inf> bt_hci_core: No ID address. App must call settings_load()
[00:00:06.025,360] <wrn> bttester_mesh: Loading default comp data
[00:00:06.025,604] <wrn> bt_mesh_access: Unused space in relation list: 3
[00:00:12.468,200] <dbg> bttester_mesh: config_prov: 
[00:00:12.494,934] <dbg> bttester_mesh: start: 
Loading stored settings
[00:00:12.513,610] <inf> bt_hci_core: Identity: DC:E7:76:C4:1F:70 (random)
[00:00:12.513,641] <inf> bt_hci_core: HCI: version 5.4 (0x0d) revision 0x0000, manufacturer 0x05f1
[00:00:12.513,671] <inf> bt_hci_core: LMP: version 5.4 (0x0d) subver 0xffff
[00:00:12.522,552] <dbg> bttester_mesh: prov_complete: net_idx 0x0000 addr 0x0002
[00:00:12.588,012] <dbg> bttester_mesh: reset: 
[00:00:12.596,771] <dbg> bttester_mesh: dfd_srv_del: Deleting the firmware image from the distributor.
[00:00:12.975,646] <dbg> bttester_mesh: prov_reset: 
[00:00:12.975,769] <inf> bt_mesh_provisionee: Device UUID: c7f7a794-5692-4236-9f84-cf7562a06136
[00:00:12.977,020] <inf> bt_mesh_provisionee: Device UUID: c7f7a794-5692-4236-9f84-cf7562a06136
[00:00:13.052,917] <dbg> bttester_mesh: link_open: bearer 0x01
[00:00:14.936,248] <inf> bt_mesh_main: Primary Element: 0x0002
[00:00:14.948,913] <dbg> bttester_mesh: prov_complete: net_idx 0x0000 addr 0x0002
[00:00:16.526,306] <dbg> bttester_mesh: link_close: bearer 0x01
[00:00:17.402,954] <dbg> bttester_mesh: net_recv_ev: ttl 0x03 ctl 0x00 src 0x0001 dst 0x0002 payload_len 15
[00:00:17.405,761] <dbg> bttester_mesh: model_recv_ev: src 0x0001 dst 0x0002 payload_len 3
[00:00:18.024,566] <dbg> bttester_mesh: net_recv_ev: ttl 0x03 ctl 0x00 src 0x0001 dst 0x0002 payload_len 15
[00:00:18.027,099] <dbg> bttester_mesh: model_recv_ev: src 0x0001 dst 0x0002 payload_len 3
[00:00:18.302,947] <dbg> bttester_mesh: net_recv_ev: ttl 0x07 ctl 0x01 src 0x0001 dst 0x0002 payload_len 7
[00:00:18.453,643] <dbg> bttester_mesh: net_recv_ev: ttl 0x03 ctl 0x00 src 0x0001 dst 0x0002 payload_len 15
[00:00:18.456,481] <dbg> bttester_mesh: model_recv_ev: src 0x0001 dst 0x0002 payload_len 3
[00:00:18.867,492] <dbg> bttester_mesh: net_recv_ev: ttl 0x07 ctl 0x01 src 0x0001 dst 0x0002 payload_len 7
[00:00:19.000,579] <dbg> bttester_mesh: net_recv_ev: ttl 0x03 ctl 0x00 src 0x0001 dst 0x0002 payload_len 16
[00:00:19.057,189] <dbg> bttester_mesh: net_recv_ev: ttl 0x03 ctl 0x00 src 0x0001 dst 0x0002 payload_len 16
[00:00:19.060,211] <dbg> bttester_mesh: model_recv_ev: src 0x0001 dst 0x0002 payload_len 20
[00:00:19.181,152] <dbg> bttester_mesh: net_recv_ev: ttl 0x03 ctl 0x00 src 0x0001 dst 0x0002 payload_len 16
[00:00:19.183,868] <dbg> bttester_mesh: model_recv_ev: src 0x0001 dst 0x0002 payload_len 8
[00:00:19.185,424] <dbg> bttester_mesh: model_bound_cb: remote addr 0x0001 key_idx 0x0000 model 0x721e4
[00:00:19.322,723] <dbg> bttester_mesh: net_recv_ev: ttl 0x03 ctl 0x00 src 0x0001 dst 0x0002 payload_len 16
[00:00:19.325,347] <dbg> bttester_mesh: model_recv_ev: src 0x0001 dst 0x0002 payload_len 8
[00:00:19.326,873] <dbg> bttester_mesh: model_bound_cb: remote addr 0x0001 key_idx 0x0000 model 0x72210
[00:00:19.446,136] <dbg> bttester_mesh: net_recv_ev: ttl 0x03 ctl 0x00 src 0x0001 dst 0x0002 payload_len 16
[00:00:19.448,760] <dbg> bttester_mesh: model_recv_ev: src 0x0001 dst 0x0002 payload_len 8
[00:00:19.450,317] <dbg> bttester_mesh: model_bound_cb: remote addr 0x0001 key_idx 0x0000 model 0x7239c
[00:00:19.588,043] <dbg> bttester_mesh: net_recv_ev: ttl 0x03 ctl 0x00 src 0x0001 dst 0x0002 payload_len 16
[00:00:19.590,667] <dbg> bttester_mesh: model_recv_ev: src 0x0001 dst 0x0002 payload_len 8
[00:00:19.592,224] <dbg> bttester_mesh: model_bound_cb: remote addr 0x0001 key_idx 0x0000 model 0x723c8
[00:00:19.712,860] <dbg> bttester_mesh: net_recv_ev: ttl 0x03 ctl 0x00 src 0x0001 dst 0x0002 payload_len 16
[00:00:19.715,545] <dbg> bttester_mesh: model_recv_ev: src 0x0001 dst 0x0002 payload_len 8
[00:00:19.717,193] <dbg> bttester_mesh: model_bound_cb: remote addr 0x0001 key_idx 0x0000 model 0x723f4
[00:00:19.836,608] <dbg> bttester_mesh: net_recv_ev: ttl 0x03 ctl 0x00 src 0x0001 dst 0x0002 payload_len 16
[00:00:19.839,233] <dbg> bttester_mesh: model_recv_ev: src 0x0001 dst 0x0002 payload_len 8
[00:00:19.840,789] <dbg> bttester_mesh: model_bound_cb: remote addr 0x0001 key_idx 0x0000 model 0x72420
[00:00:19.961,029] <dbg> bttester_mesh: net_recv_ev: ttl 0x03 ctl 0x00 src 0x0001 dst 0x0002 payload_len 16
[00:00:19.963,684] <dbg> bttester_mesh: model_recv_ev: src 0x0001 dst 0x0002 payload_len 8
[00:00:19.965,209] <dbg> bttester_mesh: model_bound_cb: remote addr 0x0001 key_idx 0x0000 model 0x724a4
[00:00:21.193,450] <dbg> bttester_mesh: net_recv_ev: ttl 0x03 ctl 0x00 src 0x0001 dst 0x0002 payload_len 14
[00:00:21.195,892] <dbg> bttester_mesh: model_recv_ev: src 0x0001 dst 0x0002 payload_len 2
[00:00:21.317,657] <dbg> bttester_mesh: net_recv_ev: ttl 0x03 ctl 0x00 src 0x0001 dst 0x0002 payload_len 14
[00:00:21.320,098] <dbg> bttester_mesh: model_recv_ev: src 0x0001 dst 0x0002 payload_len 2
[00:00:21.441,345] <dbg> bttester_mesh: net_recv_ev: ttl 0x03 ctl 0x00 src 0x0001 dst 0x0002 payload_len 14
[00:00:21.443,847] <dbg> bttester_mesh: model_recv_ev: src 0x0001 dst 0x0002 payload_len 2
[00:00:21.583,129] <dbg> bttester_mesh: net_recv_ev: ttl 0x03 ctl 0x00 src 0x0001 dst 0x0002 payload_len 14
[00:00:21.585,601] <dbg> bttester_mesh: model_recv_ev: src 0x0001 dst 0x0002 payload_len 2
[00:00:21.724,487] <dbg> bttester_mesh: net_recv_ev: ttl 0x03 ctl 0x00 src 0x0001 dst 0x0002 payload_len 16
[00:00:21.781,066] <dbg> bttester_mesh: net_recv_ev: ttl 0x03 ctl 0x00 src 0x0001 dst 0x0002 payload_len 16
[00:00:21.837,036] <dbg> bttester_mesh: net_recv_ev: ttl 0x03 ctl 0x00 src 0x0001 dst 0x0002 payload_len 14
[00:00:21.839,508] <dbg> bttester_mesh: model_recv_ev: src 0x0001 dst 0x0002 payload_len 30
[00:00:21.843,048] <dbg> bttester_mesh: dfd_srv_recv: Uploading new firmware image to the distributor.
[00:00:21.977,294] <dbg> bttester_mesh: net_recv_ev: ttl 0x03 ctl 0x00 src 0x0001 dst 0x0002 payload_len 14
[00:00:21.979,736] <dbg> bttester_mesh: model_recv_ev: src 0x0001 dst 0x0002 payload_len 2
[00:00:22.136,718] <dbg> bttester_mesh: net_recv_ev: ttl 0x07 ctl 0x01 src 0x0001 dst 0x0002 payload_len 7
[00:00:22.269,256] <dbg> bttester_mesh: net_recv_ev: ttl 0x03 ctl 0x00 src 0x0001 dst 0x0002 payload_len 14
[00:00:22.272,003] <dbg> bttester_mesh: model_recv_ev: src 0x0001 dst 0x0002 payload_len 2
[00:00:22.428,588] <dbg> bttester_mesh: net_recv_ev: ttl 0x07 ctl 0x01 src 0x0001 dst 0x0002 payload_len 7
[00:00:22.578,308] <dbg> bttester_mesh: net_recv_ev: ttl 0x03 ctl 0x00 src 0x0001 dst 0x0002 payload_len 16
[00:00:22.617,736] <dbg> bttester_mesh: net_recv_ev: ttl 0x03 ctl 0x00 src 0x0001 dst 0x0002 payload_len 14
[00:00:22.620,513] <dbg> bttester_mesh: model_recv_ev: src 0x0001 dst 0x0002 payload_len 18
[00:00:23.452,087] <dbg> bttester_mesh: net_recv_ev: ttl 0x07 ctl 0x01 src 0x0001 dst 0x0002 payload_len 7
[00:00:23.507,995] <dbg> bttester_mesh: net_recv_ev: ttl 0x03 ctl 0x00 src 0x0001 dst 0x0002 payload_len 14
[00:00:23.510,894] <dbg> bttester_mesh: model_recv_ev: src 0x0001 dst 0x0002 payload_len 6
[00:00:23.632,629] <dbg> bttester_mesh: net_recv_ev: ttl 0x03 ctl 0x00 src 0x0001 dst 0x0002 payload_len 14
[00:00:23.635,101] <dbg> bttester_mesh: model_recv_ev: src 0x0001 dst 0x0002 payload_len 2
[00:00:23.875,793] <dbg> bttester_mesh: net_recv_ev: ttl 0x07 ctl 0x01 src 0x0001 dst 0x0002 payload_len 7
[00:00:24.025,970] <dbg> bttester_mesh: net_recv_ev: ttl 0x03 ctl 0x00 src 0x0001 dst 0x0002 payload_len 16
[00:00:24.065,490] <dbg> bttester_mesh: net_recv_ev: ttl 0x03 ctl 0x00 src 0x0001 dst 0x0002 payload_len 16
[00:00:24.103,485] <dbg> bttester_mesh: net_recv_ev: ttl 0x03 ctl 0x00 src 0x0001 dst 0x0002 payload_len 16
[00:00:24.160,522] <dbg> bttester_mesh: net_recv_ev: ttl 0x03 ctl 0x00 src 0x0001 dst 0x0002 payload_len 16
[00:00:24.198,425] <dbg> bttester_mesh: net_recv_ev: ttl 0x03 ctl 0x00 src 0x0001 dst 0x0002 payload_len 16
[00:00:24.255,096] <dbg> bttester_mesh: net_recv_ev: ttl 0x03 ctl 0x00 src 0x0001 dst 0x0002 payload_len 16
[00:00:24.294,525] <dbg> bttester_mesh: net_recv_ev: ttl 0x03 ctl 0x00 src 0x0001 dst 0x0002 payload_len 16
[00:00:24.349,945] <dbg> bttester_mesh: net_recv_ev: ttl 0x03 ctl 0x00 src 0x0001 dst 0x0002 payload_len 11
[00:00:24.352,569] <dbg> bttester_mesh: model_recv_ev: src 0x0001 dst 0x0002 payload_len 83
[00:00:24.423,461] <dbg> bttester_mesh: net_recv_ev: ttl 0x03 ctl 0x00 src 0x0001 dst 0x0002 payload_len 14
[00:00:24.426,452] <dbg> bttester_mesh: model_recv_ev: src 0x0001 dst 0x0002 payload_len 2
[00:00:24.547,637] <dbg> bttester_mesh: net_recv_ev: ttl 0x03 ctl 0x00 src 0x0001 dst 0x0002 payload_len 14
[00:00:24.550,109] <dbg> bttester_mesh: model_recv_ev: src 0x0001 dst 0x0002 payload_len 2
[00:00:24.773,193] <dbg> bttester_mesh: net_recv_ev: ttl 0x07 ctl 0x01 src 0x0001 dst 0x0002 payload_len 7
[00:00:24.924,316] <dbg> bttester_mesh: net_recv_ev: ttl 0x03 ctl 0x00 src 0x0001 dst 0x0002 payload_len 14
[00:00:24.927,154] <dbg> bttester_mesh: model_recv_ev: src 0x0001 dst 0x0002 payload_len 2
[00:00:25.049,041] <dbg> bttester_mesh: net_recv_ev: ttl 0x03 ctl 0x00 src 0x0001 dst 0x0002 payload_len 13
[00:00:25.051,391] <dbg> bttester_mesh: model_recv_ev: src 0x0001 dst 0x0002 payload_len 5
[00:00:25.171,691] <dbg> bttester_mesh: net_recv_ev: ttl 0x03 ctl 0x00 src 0x0001 dst 0x0002 payload_len 16
[00:00:25.228,729] <dbg> bttester_mesh: net_recv_ev: ttl 0x03 ctl 0x00 src 0x0001 dst 0x0002 payload_len 12
[00:00:25.230,987] <dbg> bttester_mesh: model_recv_ev: src 0x0001 dst 0x0002 payload_len 12
[00:00:25.232,910] <dbg> bttester_mesh: dfd_srv_send: Starting the firmware distribution.
[00:00:25.232,910] <dbg> bttester_mesh: dfd_srv_send: DFD server starts self-update...
[00:00:25.488,372] <dbg> bttester_mesh: net_recv_ev: ttl 0x07 ctl 0x01 src 0x0001 dst 0x0002 payload_len 7
[00:00:25.742,340] <dbg> bttester_mesh: net_recv_ev: ttl 0x07 ctl 0x01 src 0x0064 dst 0x0002 payload_len 7
[00:00:26.011,962] <dbg> bttester_mesh: net_recv_ev: ttl 0x03 ctl 0x00 src 0x0064 dst 0x0002 payload_len 16
[00:00:26.068,023] <dbg> bttester_mesh: net_recv_ev: ttl 0x03 ctl 0x00 src 0x0064 dst 0x0002 payload_len 16
[00:00:26.070,678] <dbg> bttester_mesh: model_recv_ev: src 0x0064 dst 0x0002 payload_len 16
[00:00:26.329,132] <dbg> bttester_mesh: net_recv_ev: ttl 0x03 ctl 0x00 src 0x0064 dst 0x0002 payload_len 16
[00:00:26.368,103] <dbg> bttester_mesh: net_recv_ev: ttl 0x03 ctl 0x00 src 0x0064 dst 0x0002 payload_len 15
[00:00:26.370,941] <dbg> bttester_mesh: model_recv_ev: src 0x0064 dst 0x0002 payload_len 15
[00:00:26.525,299] <dbg> bttester_mesh: net_recv_ev: ttl 0x07 ctl 0x01 src 0x0064 dst 0x0002 payload_len 7
[00:00:26.659,454] <dbg> bttester_mesh: net_recv_ev: ttl 0x03 ctl 0x00 src 0x0064 dst 0x0002 payload_len 16
[00:00:26.698,364] <dbg> bttester_mesh: net_recv_ev: ttl 0x03 ctl 0x00 src 0x0064 dst 0x0002 payload_len 12
[00:00:26.700,927] <dbg> bttester_mesh: model_recv_ev: src 0x0064 dst 0x0002 payload_len 12
[00:00:26.702,819] <wrn> bt_mesh_blob_cli: Dropping 0x0064: 7
[00:00:26.702,819] <err> bt_mesh_dfu_cli: Target 0x0064 failed: 3
[00:00:26.771,392] <dbg> bttester_mesh: net_recv_ev: ttl 0x03 ctl 0x00 src 0x0001 dst 0x0002 payload_len 14
[00:00:26.774,139] <dbg> bttester_mesh: model_recv_ev: src 0x0001 dst 0x0002 payload_len 2
[00:00:26.968,505] <dbg> bttester_mesh: net_recv_ev: ttl 0x07 ctl 0x01 src 0x0001 dst 0x0002 payload_len 7
[00:00:27.079,742] <dbg> bttester_mesh: net_recv_ev: ttl 0x03 ctl 0x00 src 0x0001 dst 0x0002 payload_len 14
[00:00:27.082,489] <dbg> bttester_mesh: model_recv_ev: src 0x0001 dst 0x0002 payload_len 2
[00:00:27.255,187] <dbg> bttester_mesh: net_recv_ev: ttl 0x07 ctl 0x01 src 0x0001 dst 0x0002 payload_len 7
