04:24:18:537    < BTP_CORE_EV_IUT_READY (0x00|0x80|0xff)
                  raw data (0): 00 80 ff 00 00|
04:24:18:638    > BTP_CORE_CMD_REGISTER_SERVICE (0x00|0x03|0xff)
                  raw data (1): 00 03 ff 01 00|01
04:24:19:030    < BTP_CORE_CMD_REGISTER_SERVICE (0x00|0x03|0xff)
                  raw data (0): 00 03 ff 00 00|
04:24:19:041    > BTP_GAP_CMD_READ_SUPPORTED_COMMANDS (0x01|0x01|0xff)
                  raw data (0): 01 01 ff 00 00|
04:24:19:090    < BTP_GAP_CMD_READ_SUPPORTED_COMMANDS (0x01|0x01|0xff)
                  raw data (7): 01 01 ff 07 00|6e ff 7f 1f fe f7 0e
04:24:19:101    > BTP_GAP_CMD_READ_CONTROLLER_INFO (0x01|0x03|0x00)
                  raw data (0): 01 03 00 00 00|
04:24:19:166    < BTP_GAP_CMD_READ_CONTROLLER_INFO (0x01|0x03|0x00)
                  raw data (277): 
                  01 03 00 15 01|3b db 31 cc b6 d5 13 06 02 00 13 
                  82 00 00 00 00 00 62 74 70 5f 74 65 73 74 65 72 
                  00 00 00 00 00 00 00 00 00 00 00 00 00 00 00 00 
                  00 00 00 00 00 00 00 00 00 00 00 00 00 00 00 00 
                  00 00 00 00 00 00 00 00 00 00 00 00 00 00 00 00 
                  00 00 00 00 00 00 00 00 00 00 00 00 00 00 00 00 
                  00 00 00 00 00 00 00 00 00 00 00 00 00 00 00 00 
                  00 00 00 00 00 00 00 00 00 00 00 00 00 00 00 00 
                  00 00 00 00 00 00 00 00 00 00 00 00 00 00 00 00 
                  00 00 00 00 00 00 00 00 00 00 00 00 00 00 00 00 
                  00 00 00 00 00 00 00 00 00 00 00 00 00 00 00 00 
                  00 00 00 00 00 00 00 00 00 00 00 00 00 00 00 00 
                  00 00 00 00 00 00 00 00 00 00 00 00 00 00 00 00 
                  00 00 00 00 00 00 00 00 00 00 00 00 00 00 00 00 
                  00 00 00 00 00 00 00 00 00 00 00 00 00 00 00 00 
                  00 00 00 00 00 00 00 00 00 00 00 00 00 00 00 00 
                  00 00 00 00 00 00 00 00 00 00 00 00 00 00 00 00 
                  00 00 00 00 00 00 00 00 00 00
04:24:19:185    > BTP_CORE_CMD_REGISTER_SERVICE (0x00|0x03|0xff)
                  raw data (2): 00 03 ff 01 00|02
04:24:19:195    < BTP_CORE_CMD_REGISTER_SERVICE (0x00|0x03|0xff)
                  raw data (0): 00 03 ff 00 00|
04:24:19:195    > BTP_GATT_CMD_READ_SUPPORTED_COMMANDS (0x02|0x01|0xff)
                  raw data (0): 02 01 ff 00 00|
04:24:19:240    < BTP_GATT_CMD_READ_SUPPORTED_COMMANDS (0x02|0x01|0xff)
                  raw data (5): 02 01 ff 05 00|fe fe bf fd 0f
04:24:19:246    > BTP_GAP_CMD_SET_DISCOVERABLE (0x01|0x08|0x00)
                  raw data (1): 01 08 00 01 00|01
04:24:19:275    < BTP_GAP_CMD_SET_DISCOVERABLE (0x01|0x08|0x00)
                  raw data (4): 01 08 00 04 00|1b 82 00 00
04:24:19:291    > BTP_CORE_CMD_REGISTER_SERVICE (0x00|0x03|0xff)
                  raw data (12): 00 03 ff 01 00|0c
04:24:19:330    < BTP_CORE_CMD_REGISTER_SERVICE (0x00|0x03|0xff)
                  raw data (0): 00 03 ff 00 00|
04:24:19:341    > BTP_PACS_CMD_READ_SUPPORTED_COMMANDS (0x0c|0x01|0xff)
                  raw data (0): 0c 01 ff 00 00|
04:24:19:390    < BTP_PACS_CMD_READ_SUPPORTED_COMMANDS (0x0c|0x01|0xff)
                  raw data (1): 0c 01 ff 01 00|3e
04:24:19:401    > BTP_CORE_CMD_REGISTER_SERVICE (0x00|0x03|0xff)
                  raw data (13): 00 03 ff 01 00|0d
04:24:19:440    < BTP_CORE_CMD_REGISTER_SERVICE (0x00|0x03|0xff)
                  raw data (0): 00 03 ff 00 00|
04:24:19:451    > BTP_ASCS_CMD_READ_SUPPORTED_COMMANDS (0x0d|0x01|0xff)
                  raw data (0): 0d 01 ff 00 00|
04:24:19:495    < BTP_ASCS_CMD_READ_SUPPORTED_COMMANDS (0x0d|0x01|0xff)
                  raw data (2): 0d 01 ff 02 00|fe 0f
04:24:19:511    > BTP_CORE_CMD_REGISTER_SERVICE (0x00|0x03|0xff)
                  raw data (14): 00 03 ff 01 00|0e
04:24:19:550    < BTP_CORE_CMD_REGISTER_SERVICE (0x00|0x03|0xff)
                  raw data (0): 00 03 ff 00 00|
04:24:19:561    > BTP_BAP_CMD_READ_SUPPORTED_COMMANDS (0x0e|0x01|0xff)
                  raw data (0): 0e 01 ff 00 00|
04:24:19:610    < BTP_BAP_CMD_READ_SUPPORTED_COMMANDS (0x0e|0x01|0xff)
                  raw data (4): 0e 01 ff 04 00|fe ff ff 0f
04:24:19:621    > BTP_CORE_CMD_REGISTER_SERVICE (0x00|0x03|0xff)
                  raw data (26): 00 03 ff 01 00|1a
04:24:19:655    < BTP_CORE_CMD_REGISTER_SERVICE (0x00|0x03|0xff)
                  raw data (0): 00 03 ff 00 00|
04:24:19:671    > BTP_CAP_CMD_READ_SUPPORTED_COMMANDS (0x1a|0x01|0xff)
                  raw data (0): 1a 01 ff 00 00|
04:24:19:725    < BTP_CAP_CMD_READ_SUPPORTED_COMMANDS (0x1a|0x01|0xff)
                  raw data (2): 1a 01 ff 02 00|fe ff
04:24:19:736    > BTP_CORE_CMD_REGISTER_SERVICE (0x00|0x03|0xff)
                  raw data (28): 00 03 ff 01 00|1c
04:24:19:770    < BTP_CORE_CMD_REGISTER_SERVICE (0x00|0x03|0xff)
                  raw data (0): 00 03 ff 00 00|
04:24:19:781    > BTP_TMAP_CMD_READ_SUPPORTED_COMMANDS (0x1c|0x01|0xff)
                  raw data (0): 1c 01 ff 00 00|
04:24:19:830    < BTP_TMAP_CMD_READ_SUPPORTED_COMMANDS (0x1c|0x01|0xff)
                  raw data (1): 1c 01 ff 01 00|06
04:24:19:841    > BTP_CORE_CMD_REGISTER_SERVICE (0x00|0x03|0xff)
                  raw data (20): 00 03 ff 01 00|14
04:24:19:881    < BTP_CORE_CMD_REGISTER_SERVICE (0x00|0x03|0xff)
                  raw data (0): 00 03 ff 00 00|
04:24:19:891    > BTP_VCP_CMD_READ_SUPPORTED_COMMANDS (0x14|0x01|0xff)
                  raw data (0): 14 01 ff 00 00|
04:24:19:940    < BTP_VCP_CMD_READ_SUPPORTED_COMMANDS (0x14|0x01|0xff)
                  raw data (2): 14 01 ff 02 00|fe 0f
04:24:19:951    > BTP_CORE_CMD_REGISTER_SERVICE (0x00|0x03|0xff)
                  raw data (8): 00 03 ff 01 00|08
04:24:19:990    < BTP_CORE_CMD_REGISTER_SERVICE (0x00|0x03|0xff)
                  raw data (0): 00 03 ff 00 00|
04:24:20:001    > BTP_VCS_CMD_READ_SUPPORTED_COMMANDS (0x08|0x01|0xff)
                  raw data (0): 08 01 ff 00 00|
04:24:20:055    < BTP_VCS_CMD_READ_SUPPORTED_COMMANDS (0x08|0x01|0xff)
                  raw data (1): 08 01 ff 01 00|fe
04:24:20:066    > BTP_CORE_CMD_REGISTER_SERVICE (0x00|0x03|0xff)
                  raw data (27): 00 03 ff 01 00|1b
04:24:20:095    < BTP_CORE_CMD_REGISTER_SERVICE (0x00|0x03|0xff)
                  raw data (0): 00 03 ff 00 00|
04:24:20:106    > BTP_TBS_CMD_READ_SUPPORTED_COMMANDS (0x1b|0x01|0xff)
                  raw data (0): 1b 01 ff 00 00|
04:24:20:150    < BTP_TBS_CMD_READ_SUPPORTED_COMMANDS (0x1b|0x01|0xff)
                  raw data (2): 1b 01 ff 02 00|fe 1f
04:24:20:161    > BTP_CORE_CMD_REGISTER_SERVICE (0x00|0x03|0xff)
                  raw data (25): 00 03 ff 01 00|19
04:24:20:202    < BTP_CORE_CMD_REGISTER_SERVICE (0x00|0x03|0xff)
                  raw data (0): 00 03 ff 00 00|
04:24:20:217    > BTP_CSIP_CMD_READ_SUPPORTED_COMMANDS (0x19|0x01|0xff)
                  raw data (0): 19 01 ff 00 00|
04:24:20:260    < BTP_CSIP_CMD_READ_SUPPORTED_COMMANDS (0x19|0x01|0xff)
                  raw data (1): 19 01 ff 01 00|3e
04:24:20:271    > BTP_CORE_CMD_REGISTER_SERVICE (0x00|0x03|0xff)
                  raw data (18): 00 03 ff 01 00|12
04:24:20:315    < BTP_CORE_CMD_REGISTER_SERVICE (0x00|0x03|0xff)
                  raw data (0): 00 03 ff 00 00|
04:24:20:326    > BTP_MICS_CMD_READ_SUPPORTED_COMMANDS (0x12|0x01|0xff)
                  raw data (0): 12 01 ff 00 00|
04:24:20:376    < BTP_MICS_CMD_READ_SUPPORTED_COMMANDS (0x12|0x01|0xff)
                  raw data (1): 12 01 ff 01 00|3e
04:24:20:381    > BTP_CORE_CMD_REGISTER_SERVICE (0x00|0x03|0xff)
                  raw data (10): 00 03 ff 01 00|0a
04:24:20:400    < BTP_CORE_CMD_REGISTER_SERVICE (0x00|0x03|0xff)
                  raw data (0): 00 03 ff 00 00|
04:24:20:400    > BTP_AICS_CMD_READ_SUPPORTED_COMMANDS (0x0a|0x01|0xff)
                  raw data (0): 0a 01 ff 00 00|
04:24:20:420    < BTP_AICS_CMD_READ_SUPPORTED_COMMANDS (0x0a|0x01|0xff)
                  raw data (2): 0a 01 ff 02 00|fe ff
04:24:20:430    > BTP_CORE_CMD_REGISTER_SERVICE (0x00|0x03|0xff)
                  raw data (11): 00 03 ff 01 00|0b
04:24:20:470    < BTP_CORE_CMD_REGISTER_SERVICE (0x00|0x03|0xff)
                  raw data (0): 00 03 ff 00 00|
04:24:20:481    > BTP_VOCS_CMD_READ_SUPPORTED_COMMANDS (0x0b|0x01|0xff)
                  raw data (0): 0b 01 ff 00 00|
04:24:20:530    < BTP_VOCS_CMD_READ_SUPPORTED_COMMANDS (0x0b|0x01|0xff)
                  raw data (1): 0b 01 ff 01 00|7e
04:24:20:541    > BTP_CORE_CMD_REGISTER_SERVICE (0x00|0x03|0xff)
                  raw data (23): 00 03 ff 01 00|17
04:24:20:581    < BTP_CORE_CMD_REGISTER_SERVICE (0x00|0x03|0xff)
                  raw data (0): 00 03 ff 00 00|
04:24:20:592    > BTP_GMCS_CMD_READ_SUPPORTED_COMMANDS (0x17|0x01|0xff)
                  raw data (0): 17 01 ff 00 00|
04:24:20:640    < BTP_GMCS_CMD_READ_SUPPORTED_COMMANDS (0x17|0x01|0xff)
                  raw data (1): 17 01 ff 01 00|7e
04:24:20:651    > BTP_CORE_CMD_REGISTER_SERVICE (0x00|0x03|0xff)
                  raw data (21): 00 03 ff 01 00|15
04:24:20:690    < BTP_CORE_CMD_REGISTER_SERVICE (0x00|0x03|0xff)
                  raw data (0): 00 03 ff 00 00|
04:24:20:701    > BTP_CORE_CMD_REGISTER_SERVICE (0x00|0x03|0xff)
                  raw data (16): 00 03 ff 01 00|10
04:24:20:740    < BTP_CORE_CMD_REGISTER_SERVICE (0x00|0x03|0xff)
                  raw data (0): 00 03 ff 00 00|
04:24:20:751    > BTP_MICP_CMD_READ_SUPPORTED_COMMANDS (0x10|0x01|0xff)
                  raw data (0): 10 01 ff 00 00|
04:24:20:801    < BTP_MICP_CMD_READ_SUPPORTED_COMMANDS (0x10|0x01|0xff)
                  raw data (1): 10 01 ff 01 00|1e
04:24:20:806    > BTP_CORE_CMD_REGISTER_SERVICE (0x00|0x03|0xff)
                  raw data (19): 00 03 ff 01 00|13
04:24:20:840    < BTP_CORE_CMD_REGISTER_SERVICE (0x00|0x03|0xff)
                  raw data (0): 00 03 ff 00 00|
04:24:20:851    > BTP_CCP_CMD_READ_SUPPORTED_COMMANDS (0x13|0x01|0xff)
                  raw data (0): 13 01 ff 00 00|
04:24:20:905    < BTP_CCP_CMD_READ_SUPPORTED_COMMANDS (0x13|0x01|0xff)
                  raw data (3): 13 01 ff 03 00|fe ff ff
04:24:20:917    > BTP_VCS_CMD_REGISTER (0x08|0x07|0x00)
                  raw data (3): 08 07 00 03 00|01 00 64
04:24:20:950    < BTP_VCS_CMD_REGISTER (0x08|0x07|0x00)
                  raw data (0): 08 07 00 00 00|
04:24:20:956    > BTP_TBS_CMD_REGISTER_BEARER (0x1b|0x0c|0x00)
                  raw data (32): 
                  1b 0c 00 20 00|01 03 03 00 0b 05 09 47 65 6e 65 
                  72 69 63 20 54 42 53 75 6e 30 30 30 74 65 6c 2c 
                  73 6b 79 70 65
04:24:21:001    < BTP_TBS_CMD_REGISTER_BEARER (0x1b|0x0c|0x00)
                  raw data (1): 1b 0c 00 01 00|ff
04:24:21:006    > BTP_TBS_CMD_REGISTER_BEARER (0x1b|0x0c|0x00)
                  raw data (24): 
                  1b 0c 00 18 00|00 04 03 00 03 05 09 54 42 53 75 
                  6e 30 30 30 74 65 6c 2c 73 6b 79 70 65
04:24:21:050    < BTP_TBS_CMD_REGISTER_BEARER (0x1b|0x0c|0x00)
                  raw data (1): 1b 0c 00 01 00|00
04:24:21:061    > BTP_GAP_CMD_SET_EXTENDED_ADVERTISING (0x01|0x21|0x00)
                  raw data (1): 01 21 00 01 00|01
04:24:21:100    < BTP_GAP_CMD_SET_EXTENDED_ADVERTISING (0x01|0x21|0x00)
                  raw data (4): 01 21 00 04 00|1b 82 02 00
04:24:21:111    > BTP_GAP_CMD_START_ADVERTISING (0x01|0x0a|0x00)
                  raw data (13): 
                  01 0a 00 0d 00|06 00 16 04 55 18 02 00 ff ff ff 
                  ff 00
04:24:21:246    < BTP_GAP_CMD_START_ADVERTISING (0x01|0x0a|0x00)
                  raw data (4): 01 0a 00 04 00|1b 86 02 00
04:24:27:122    > BTP_GAP_CMD_SET_POWERED (0x01|0x05|0x00)
                  raw data (0): 01 05 00 01 00|00
04:24:27:181    < BTP_GAP_CMD_SET_POWERED (0x01|0x05|0x00)
                  raw data (4): 01 05 00 04 00|1a 86 02 00
