Applying system reset.
Run.
< 2021/12/24 20:38:02.227433  length=5 from=0 to=4
 00 80 ff 00 00                                   .....
--
> 2021/12/24 20:38:02.274155  length=6 from=0 to=5
 00 03 ff 01 00 01                                ......
--
< 2021/12/24 20:38:02.289881  length=5 from=5 to=9
 00 03 ff 00 00                                   .....
--
> 2021/12/24 20:38:02.336680  length=5 from=6 to=10
 01 03 00 00 00                                   .....
--
< 2021/12/24 20:38:02.555417  length=91 from=10 to=100
 01 03 00 15 01 36 a7 20 ad 80 fc 13 06 00 00 13  .....6. ........
 82 00 00 00 00 00 62 74 70 5f 74 65 73 74 65 72  ......btp_tester
 00 00 00 00 00 00 00 00 00 00 00 00 00 00 00 00  ................
 00 00 00 00 00 00 00 00 00 00 00 00 00 00 00 00  ................
 00 00 00 00 00 00 00 00 00 00 00 00 00 00 00 00  ................
 00 00 00 00 00 00 00 00 00 00 00                 ...........
--
< 2021/12/24 20:38:02.556926  length=11 from=101 to=111
 00 00 00 00 00 00 00 00 00 00 00                 ...........
--
< 2021/12/24 20:38:02.557172  length=11 from=112 to=122
 00 00 00 00 00 00 00 00 00 00 00                 ...........
--
< 2021/12/24 20:38:02.571178  length=163 from=123 to=285
 00 00 00 00 00 00 00 00 00 00 00 00 00 00 00 00  ................
 00 00 00 00 00 00 00 00 00 00 00 00 00 00 00 00  ................
 00 00 00 00 00 00 00 00 00 00 00 00 00 00 00 00  ................
 00 00 00 00 00 00 00 00 00 00 00 00 00 00 00 00  ................
 00 00 00 00 00 00 00 00 00 00 00 00 00 00 00 00  ................
 00 00 00 00 00 00 00 00 00 00 00 00 00 00 00 00  ................
 00 00 00 00 00 00 00 00 00 00 00 00 00 00 00 00  ................
 00 00 00 00 00 00 00 00 00 00 00 00 00 00 00 00  ................
 00 00 00 00 00 00 00 00 00 00 00 00 00 00 00 00  ................
 00 00 00 00 00 00 00 00 00 00 00 00 00 00 00 00  ................
 00 00 00                                         ...
--
< 2021/12/24 20:38:02.572662  length=6 from=286 to=291
 00 00 00 00 00 00                                ......
--
> 2021/12/24 20:38:06.804325  length=13 from=11 to=23
 01 0e 00 08 00 00 ef c9 56 72 f5 db 00           ........Vr...
--
< 2021/12/24 20:38:06.820064  length=5 from=292 to=296
 01 0e 00 00 00                                   .....
--
