09:03:43:168    < BTP_CORE_EV_IUT_READY (0x00|0x80|0xff)
                  raw data (0): 00 80 ff 00 00|
09:03:43:668    > BTP_CORE_CMD_REGISTER_SERVICE (0x00|0x03|0xff)
                  raw data (1): 00 03 ff 01 00|01
09:03:44:060    < BTP_CORE_CMD_REGISTER_SERVICE (0x00|0x03|0xff)
                  raw data (0): 00 03 ff 00 00|
09:03:44:061    > BTP_GAP_CMD_READ_SUPPORTED_COMMANDS (0x01|0x01|0xff)
                  raw data (0): 01 01 ff 00 00|
09:03:44:110    < BTP_GAP_CMD_READ_SUPPORTED_COMMANDS (0x01|0x01|0xff)
                  raw data (6): 01 01 ff 06 00|6e ff 7f 1f fe 77
09:03:44:116    > BTP_CORE_CMD_REGISTER_SERVICE (0x00|0x03|0xff)
                  raw data (2): 00 03 ff 01 00|02
09:03:44:155    < BTP_CORE_CMD_REGISTER_SERVICE (0x00|0x03|0xff)
                  raw data (0): 00 03 ff 00 00|
09:03:44:171    > BTP_GATT_CMD_READ_SUPPORTED_COMMANDS (0x02|0x01|0xff)
                  raw data (0): 02 01 ff 00 00|
09:03:44:215    < BTP_GATT_CMD_READ_SUPPORTED_COMMANDS (0x02|0x01|0xff)
                  raw data (5): 02 01 ff 05 00|fe fe ff fd 03
09:03:44:226    > BTP_CORE_CMD_REGISTER_SERVICE (0x00|0x03|0xff)
                  raw data (4): 00 03 ff 01 00|04
09:03:44:265    < BTP_CORE_CMD_REGISTER_SERVICE (0x00|0x03|0xff)
                  raw data (0): 00 03 ff 00 00|
09:03:44:271    > BTP_MESH_CMD_READ_SUPPORTED_COMMANDS (0x04|0x01|0xff)
                  raw data (0): 04 01 ff 00 00|
09:03:44:315    < BTP_MESH_CMD_READ_SUPPORTED_COMMANDS (0x04|0x01|0xff)
                  raw data (16): 
                  04 01 ff 10 00|fe ff 7f ff ff ff ff ff ff ff ff 
                  fe ff f1 87 01
09:03:44:326    > BTP_MESH_CMD_INIT (0x04|0x04|0x00)
                  raw data (1): 04 04 00 01 00|00
09:03:44:373    < BTP_MESH_CMD_INIT (0x04|0x04|0x00)
                  raw data (0): 04 04 00 00 00|
09:03:44:383    > BTP_GAP_CMD_READ_CONTROLLER_INFO (0x01|0x03|0x00)
                  raw data (0): 01 03 00 00 00|
09:03:44:430    < BTP_GAP_CMD_READ_CONTROLLER_INFO (0x01|0x03|0x00)
                  raw data (277): 
                  01 03 00 15 01|3b db 31 cc b6 d5 13 06 02 00 13 
                  82 00 00 00 00 00 62 74 70 5f 74 65 73 74 65 72 
                  00 00 00 00 00 00 00 00 00 00 00 00 00 00 00 00 
                  00 00 00 00 00 00 00 00 00 00 00 00 00 00 00 00 
                  00 00 00 00 00 00 00 00 00 00 00 00 00 00 00 00 
                  00 00 00 00 00 00 00 00 00 00 00 00 00 00 00 00 
                  00 00 00 00 00 00 00 00 00 00 00 00 00 00 00 00 
                  00 00 00 00 00 00 00 00 00 00 00 00 00 00 00 00 
                  00 00 00 00 00 00 00 00 00 00 00 00 00 00 00 00 
                  00 00 00 00 00 00 00 00 00 00 00 00 00 00 00 00 
                  00 00 00 00 00 00 00 00 00 00 00 00 00 00 00 00 
                  00 00 00 00 00 00 00 00 00 00 00 00 00 00 00 00 
                  00 00 00 00 00 00 00 00 00 00 00 00 00 00 00 00 
                  00 00 00 00 00 00 00 00 00 00 00 00 00 00 00 00 
                  00 00 00 00 00 00 00 00 00 00 00 00 00 00 00 00 
                  00 00 00 00 00 00 00 00 00 00 00 00 00 00 00 00 
                  00 00 00 00 00 00 00 00 00 00 00 00 00 00 00 00 
                  00 00 00 00 00 00 00 00 00 00
09:03:47:490    > BTP_MESH_CMD_CONFIG_PROVISIONING (0x04|0x02|0x00)
                  raw data (56): 
                  04 02 00 38 00|8c 76 f5 20 ba 4e 4b f6 ad 62 70 
                  7f a9 7f 21 9f 00 01 02 03 04 05 06 07 08 09 0a 
                  0b 0c 0d 0e 0f 00 00 00 00 00 00 00 00 00 00 00 
                  00 00 00 00 00 10 02 18 00 01 04 00 00
09:03:47:505    < BTP_MESH_CMD_CONFIG_PROVISIONING (0x04|0x02|0x00)
                  raw data (0): 04 02 00 00 00|
09:03:47:505    > BTP_MESH_CMD_START (0x04|0x78|0x00)
                  raw data (0): 04 78 00 00 00|
09:03:47:625    < BTP_MESH_CMD_START (0x04|0x78|0x00)
                  raw data (0): 04 78 00 00 00|
09:03:47:855    < BTP_MESH_EV_PROV_LINK_OPEN (0x04|0x84|0x00)
                  raw data (1): 04 84 00 01 00|00
09:03:50:495    < BTP_MESH_EV_PROVISIONED (0x04|0x83|0x00)
                  raw data (0): 04 83 00 00 00|
09:03:52:123    < BTP_MESH_EV_PROV_LINK_CLOSED (0x04|0x85|0x00)
                  raw data (1): 04 85 00 01 00|00
09:03:53:255    < BTP_MESH_EV_NET_RECV (0x04|0x86|0x00)
                  raw data (22): 
                  04 86 00 16 00|03 00 01 00 02 00 0f 80 80 00 00 
                  38 a2 b7 3e 00 0a aa d1 de ec 5f
09:03:53:255    < BTP_MESH_EV_MODEL_RECV (0x04|0x8f|0x00)
                  raw data (8): 04 8f 00 08 00|01 00 02 00 03 80 08 7f
09:03:53:495    < BTP_MESH_EV_NET_RECV (0x04|0x86|0x00)
                  raw data (22): 
                  04 86 00 16 00|03 00 01 00 02 00 0f 80 80 04 00 
                  24 ef 63 e6 55 77 0a fe c9 5b 8c
09:03:53:496    < BTP_MESH_EV_MODEL_RECV (0x04|0x8f|0x00)
                  raw data (8): 04 8f 00 08 00|01 00 02 00 03 80 08 01
09:03:54:255    < BTP_MESH_EV_NET_RECV (0x04|0x86|0x00)
                  raw data (14): 
                  04 86 00 0e 00|07 01 01 00 02 00 07 00 00 0c 00 
                  00 00 07
09:03:54:715    < BTP_MESH_EV_NET_RECV (0x04|0x86|0x00)
                  raw data (14): 
                  04 86 00 0e 00|07 01 01 00 02 00 07 00 00 0c 00 
                  00 00 0f
09:03:54:815    < BTP_MESH_EV_NET_RECV (0x04|0x86|0x00)
                  raw data (14): 
                  04 86 00 0e 00|07 01 01 00 02 00 07 00 00 0c 00 
                  00 00 1f
09:03:54:935    < BTP_MESH_EV_NET_RECV (0x04|0x86|0x00)
                  raw data (22): 
                  04 86 00 16 00|03 00 01 00 02 00 0f 80 80 14 00 
                  fb 6d bb 8d 6e 3e 8f e8 a4 b7 5a
09:03:54:935    < BTP_MESH_EV_MODEL_RECV (0x04|0x8f|0x00)
                  raw data (8): 04 8f 00 08 00|01 00 02 00 03 80 08 00
09:03:55:735    < BTP_MESH_EV_NET_RECV (0x04|0x86|0x00)
                  raw data (14): 
                  04 86 00 0e 00|07 01 01 00 02 00 07 00 00 24 00 
                  00 00 07
09:03:55:955    < BTP_MESH_EV_NET_RECV (0x04|0x86|0x00)
                  raw data (14): 
                  04 86 00 0e 00|07 01 01 00 02 00 07 00 00 24 00 
                  00 00 0f
09:03:56:435    < BTP_MESH_EV_NET_RECV (0x04|0x86|0x00)
                  raw data (14): 
                  04 86 00 0e 00|07 01 01 00 02 00 07 00 00 24 00 
                  00 00 1f
09:03:56:675    < BTP_MESH_EV_NET_RECV (0x04|0x86|0x00)
                  raw data (14): 
                  04 86 00 0e 00|07 01 01 00 02 00 07 00 00 24 00 
                  00 00 3f
09:03:56:955    < BTP_MESH_EV_NET_RECV (0x04|0x86|0x00)
                  raw data (14): 
                  04 86 00 0e 00|07 01 01 00 02 00 07 00 00 24 00 
                  00 00 7f
09:03:57:055    < BTP_MESH_EV_NET_RECV (0x04|0x86|0x00)
                  raw data (14): 
                  04 86 00 0e 00|07 01 01 00 02 00 07 00 00 24 00 
                  00 00 ff
09:03:57:175    < BTP_MESH_EV_NET_RECV (0x04|0x86|0x00)
                  raw data (23): 
                  04 86 00 17 00|03 00 01 00 02 00 10 80 00 30 01 
                  6a e6 94 2f a5 67 a1 20 57 b5 a4 58
09:03:57:215    < BTP_MESH_EV_NET_RECV (0x04|0x86|0x00)
                  raw data (23): 
                  04 86 00 17 00|03 00 01 00 02 00 10 80 00 30 21 
                  15 25 0a cf 95 38 86 9b c0 1d 08 72
09:03:57:215    < BTP_MESH_EV_MODEL_RECV (0x04|0x8f|0x00)
                  raw data (25): 
                  04 8f 00 19 00|01 00 02 00 14 00 00 00 00 69 2f 
                  e5 8a 53 6b d8 0b f8 fa c4 30 a0 4d 48 21
09:03:57:475    < BTP_MESH_EV_NET_RECV (0x04|0x86|0x00)
                  raw data (23): 
                  04 86 00 17 00|03 00 01 00 02 00 10 80 00 38 00 
                  a6 a9 17 eb d4 ff b7 5b ad a1 84 f4
09:03:57:476    < BTP_MESH_EV_MODEL_RECV (0x04|0x8f|0x00)
                  raw data (13): 
                  04 8f 00 0d 00|01 00 02 00 08 80 3d 02 00 00 00 
                  02 00
09:03:57:695    < BTP_MESH_EV_NET_RECV (0x04|0x86|0x00)
                  raw data (23): 
                  04 86 00 17 00|03 00 01 00 02 00 10 80 00 3c 00 
                  c8 b3 77 d6 e3 ca a6 c4 c0 72 98 c4
09:03:57:696    < BTP_MESH_EV_MODEL_RECV (0x04|0x8f|0x00)
                  raw data (13): 
                  04 8f 00 0d 00|01 00 02 00 08 80 3d 02 00 00 00 
                  03 00
09:03:57:895    < BTP_MESH_EV_NET_RECV (0x04|0x86|0x00)
                  raw data (23): 
                  04 86 00 17 00|03 00 01 00 02 00 10 80 00 40 00 
                  1c ea 5e 49 eb 20 f4 f2 ab 41 b8 c7
09:03:57:896    < BTP_MESH_EV_MODEL_RECV (0x04|0x8f|0x00)
                  raw data (13): 
                  04 8f 00 0d 00|01 00 02 00 08 80 3d 02 00 00 00 
                  14 00
09:03:58:115    < BTP_MESH_EV_NET_RECV (0x04|0x86|0x00)
                  raw data (23): 
                  04 86 00 17 00|03 00 01 00 02 00 10 80 00 44 00 
                  aa c1 44 72 de ba 03 ef 43 22 7f d5
09:03:58:115    < BTP_MESH_EV_MODEL_RECV (0x04|0x8f|0x00)
                  raw data (13): 
                  04 8f 00 0d 00|01 00 02 00 08 80 3d 03 00 00 00 
                  01 14
09:03:58:315    < BTP_MESH_EV_NET_RECV (0x04|0x86|0x00)
                  raw data (23): 
                  04 86 00 17 00|03 00 01 00 02 00 10 80 00 48 00 
                  84 78 c1 e1 79 f1 9f a1 64 8c e9 f7
09:03:58:316    < BTP_MESH_EV_MODEL_RECV (0x04|0x8f|0x00)
                  raw data (13): 
                  04 8f 00 0d 00|01 00 02 00 08 80 3d 03 00 00 00 
                  03 14
09:03:58:535    < BTP_MESH_EV_NET_RECV (0x04|0x86|0x00)
                  raw data (23): 
                  04 86 00 17 00|03 00 01 00 02 00 10 80 00 4c 00 
                  fc 79 ea b1 03 11 78 5e 30 be d8 f9
09:03:58:536    < BTP_MESH_EV_MODEL_RECV (0x04|0x8f|0x00)
                  raw data (13): 
                  04 8f 00 0d 00|01 00 02 00 08 80 3d 03 00 00 00 
                  00 14
09:03:58:735    < BTP_MESH_EV_NET_RECV (0x04|0x86|0x00)
                  raw data (23): 
                  04 86 00 17 00|03 00 01 00 02 00 10 80 00 50 00 
                  5c 9c e0 bf 70 fa d7 c7 19 e3 6e 38
09:03:58:736    < BTP_MESH_EV_MODEL_RECV (0x04|0x8f|0x00)
                  raw data (13): 
                  04 8f 00 0d 00|01 00 02 00 08 80 3d 03 00 00 00 
                  04 14
09:03:58:975    < BTP_MESH_EV_NET_RECV (0x04|0x86|0x00)
                  raw data (23): 
                  04 86 00 17 00|03 00 01 00 02 00 10 80 00 54 00 
                  9d 03 6f 88 32 fe 77 5c c3 21 d6 69
09:03:58:976    < BTP_MESH_EV_MODEL_RECV (0x04|0x8f|0x00)
                  raw data (13): 
                  04 8f 00 0d 00|01 00 02 00 08 80 3d 04 00 00 00 
                  00 14
09:03:59:275    < BTP_MESH_EV_NET_RECV (0x04|0x86|0x00)
                  raw data (23): 
                  04 86 00 17 00|03 00 01 00 02 00 10 80 00 58 00 
                  6d 96 f1 dc 34 1a 63 a3 35 31 13 8e
09:03:59:275    < BTP_MESH_EV_MODEL_RECV (0x04|0x8f|0x00)
                  raw data (13): 
                  04 8f 00 0d 00|01 00 02 00 08 80 3d 04 00 00 00 
                  02 14
09:03:59:515    < BTP_MESH_EV_NET_RECV (0x04|0x86|0x00)
                  raw data (23): 
                  04 86 00 17 00|03 00 01 00 02 00 10 80 00 5c 00 
                  84 1c 26 21 7b 25 60 e7 31 cf 40 a2
09:03:59:516    < BTP_MESH_EV_MODEL_RECV (0x04|0x8f|0x00)
                  raw data (13): 
                  04 8f 00 0d 00|01 00 02 00 08 80 3d 05 00 00 00 
                  01 14
09:04:00:775    < BTP_MESH_EV_NET_RECV (0x04|0x86|0x00)
                  raw data (22): 
                  04 86 00 16 00|03 00 01 00 02 00 0f 80 80 60 00 
                  0f e2 b6 29 24 cd 48 65 bc 29 a6
09:04:00:776    < BTP_MESH_EV_MODEL_RECV (0x04|0x8f|0x00)
                  raw data (8): 04 8f 00 08 00|01 00 02 00 03 80 61 01
09:04:21:495    < BTP_MESH_EV_NET_RECV (0x04|0x86|0x00)
                  raw data (23): 
                  04 86 00 17 00|03 00 01 00 02 00 10 80 80 64 00 
                  a8 c9 c4 78 49 ea 8c 51 d5 23 dc 29
09:04:21:496    < BTP_MESH_EV_MODEL_RECV (0x04|0x8f|0x00)
                  raw data (9): 04 8f 00 09 00|01 00 02 00 04 80 15 00 00
09:04:31:775    < BTP_MESH_EV_NET_RECV (0x04|0x86|0x00)
                  raw data (23): 
                  04 86 00 17 00|03 00 01 00 02 00 10 80 00 6c 01 
                  f9 b6 31 cb 20 b5 9d aa aa 70 e1 92
09:04:31:815    < BTP_MESH_EV_NET_RECV (0x04|0x86|0x00)
                  raw data (23): 
                  04 86 00 17 00|03 00 01 00 02 00 10 80 00 6c 21 
                  28 e3 28 4a a0 e1 33 90 47 a1 24 2e
09:04:31:816    < BTP_MESH_EV_MODEL_RECV (0x04|0x8f|0x00)
                  raw data (25): 
                  04 8f 00 19 00|01 00 02 00 14 80 45 00 00 71 af 
                  b1 49 f3 f8 14 4c ad 31 1e e1 6d 2c de 81
09:04:32:075    < BTP_MESH_EV_NET_RECV (0x04|0x86|0x00)
                  raw data (23): 
                  04 86 00 17 00|03 00 01 00 02 00 10 80 00 74 01 
                  68 44 c5 01 c4 29 bc 41 c2 97 cf 42
09:04:32:095    < BTP_MESH_EV_NET_RECV (0x04|0x86|0x00)
                  raw data (23): 
                  04 86 00 17 00|03 00 01 00 02 00 10 80 00 74 21 
                  14 d2 bd 31 7a 3b 7e fd ce d8 bd 75
09:04:32:096    < BTP_MESH_EV_MODEL_RECV (0x04|0x8f|0x00)
                  raw data (25): 
                  04 8f 00 19 00|01 00 02 00 14 01 00 00 00 97 0c 
                  b4 ee fa 57 e9 ff c9 ac df 9b e7 4c c0 3f
09:04:35:455    < BTP_MESH_EV_NET_RECV (0x04|0x86|0x00)
                  raw data (23): 
                  04 86 00 17 00|03 00 01 00 02 00 10 80 80 7c 00 
                  78 b9 83 43 7e a7 bd 88 b9 19 af f6
09:04:35:456    < BTP_MESH_EV_MODEL_RECV (0x04|0x8f|0x00)
                  raw data (9): 04 8f 00 09 00|01 00 02 00 04 80 15 00 00
09:05:04:636    < BTP_MESH_EV_NET_RECV (0x04|0x86|0x00)
                  raw data (23): 
                  04 86 00 17 00|03 00 01 00 02 00 10 80 80 80 00 
                  60 c9 c3 6a cd e5 15 8f cf bb 34 a8
09:05:04:637    < BTP_MESH_EV_MODEL_RECV (0x04|0x8f|0x00)
                  raw data (9): 04 8f 00 09 00|01 00 02 00 04 80 15 00 00
09:05:34:976    < BTP_MESH_EV_NET_RECV (0x04|0x86|0x00)
                  raw data (23): 
                  04 86 00 17 00|03 00 01 00 02 00 10 80 80 84 00 
                  01 97 a6 d3 d8 8b 2c a9 ea 6f 0c bf
09:05:34:977    < BTP_MESH_EV_MODEL_RECV (0x04|0x8f|0x00)
                  raw data (9): 04 8f 00 09 00|01 00 02 00 04 80 15 00 00
09:05:35:236    < BTP_MESH_EV_NET_RECV (0x04|0x86|0x00)
                  raw data (21): 
                  04 86 00 15 00|03 00 01 00 02 00 0e f7 80 88 00 
                  05 d9 f9 59 1f 68 71 cb 50 ba
09:05:35:237    < BTP_MESH_EV_MODEL_RECV (0x04|0x8f|0x00)
                  raw data (7): 04 8f 00 07 00|01 00 02 00 02 80 34
09:05:35:416    < BTP_MESH_EV_NET_RECV (0x04|0x86|0x00)
                  raw data (23): 
                  04 86 00 17 00|03 00 01 00 02 00 10 80 00 8c 01 
                  84 e5 db f5 9c 1e ae 38 5a 4a 79 cf
09:05:35:456    < BTP_MESH_EV_NET_RECV (0x04|0x86|0x00)
                  raw data (23): 
                  04 86 00 17 00|03 00 01 00 02 00 10 80 00 8c 21 
                  72 75 cd e6 28 dd b3 5c 95 33 55 c1
09:05:35:457    < BTP_MESH_EV_MODEL_RECV (0x04|0x8f|0x00)
                  raw data (25): 
                  04 8f 00 19 00|01 00 02 00 14 80 40 01 00 2e 71 
                  4a 22 54 21 a8 47 86 f4 ef 94 f3 06 26 be
09:05:42:176    < BTP_MESH_EV_NET_RECV (0x04|0x86|0x00)
                  raw data (23): 
                  04 86 00 17 00|03 00 01 00 02 00 10 80 80 94 00 
                  8f 91 5b 33 76 18 7b 65 3a 83 aa 8a
09:05:42:177    < BTP_MESH_EV_MODEL_RECV (0x04|0x8f|0x00)
                  raw data (9): 04 8f 00 09 00|01 00 02 00 04 80 15 01 00
09:05:52:436    < BTP_MESH_EV_NET_RECV (0x04|0x86|0x00)
                  raw data (23): 
                  04 86 00 17 00|03 00 01 00 02 00 10 80 00 9c 01 
                  38 56 8a 86 ba 28 4b 8c ba 4b 00 9c
09:05:52:476    < BTP_MESH_EV_NET_RECV (0x04|0x86|0x00)
                  raw data (23): 
                  04 86 00 17 00|03 00 01 00 02 00 10 80 00 9c 21 
                  5f 3b a0 4c c5 11 33 c8 3a f8 c8 a9
09:05:52:477    < BTP_MESH_EV_MODEL_RECV (0x04|0x8f|0x00)
                  raw data (25): 
                  04 8f 00 19 00|01 00 02 00 14 80 45 01 00 d0 72 
                  85 2b 94 b2 46 02 78 30 2e a7 f5 d2 38 cd
09:05:55:737    < BTP_MESH_EV_NET_RECV (0x04|0x86|0x00)
                  raw data (23): 
                  04 86 00 17 00|03 00 01 00 02 00 10 80 80 ac 00 
                  f2 df 99 1c 41 e0 2c 48 8b 0f 0a 9e
09:05:55:737    < BTP_MESH_EV_MODEL_RECV (0x04|0x8f|0x00)
                  raw data (9): 04 8f 00 09 00|01 00 02 00 04 80 15 01 00
09:06:25:937    < BTP_MESH_EV_NET_RECV (0x04|0x86|0x00)
                  raw data (23): 
                  04 86 00 17 00|03 00 01 00 02 00 10 80 80 b4 00 
                  96 dd 12 ae 30 95 91 85 42 5a 6e 8b
09:06:25:938    < BTP_MESH_EV_MODEL_RECV (0x04|0x8f|0x00)
                  raw data (9): 04 8f 00 09 00|01 00 02 00 04 80 15 01 00
09:07:37:418    < BTP_MESH_EV_NET_RECV (0x04|0x86|0x00)
                  raw data (23): 
                  04 86 00 17 00|03 00 01 00 02 00 10 80 80 bc 00 
                  25 db d2 24 87 e9 72 26 86 8b 80 4e
09:07:37:419    < BTP_MESH_EV_MODEL_RECV (0x04|0x8f|0x00)
                  raw data (9): 04 8f 00 09 00|01 00 02 00 04 80 15 01 00
09:07:47:578    < BTP_MESH_EV_NET_RECV (0x04|0x86|0x00)
                  raw data (23): 
                  04 86 00 17 00|03 00 01 00 02 00 10 80 80 c4 00 
                  67 b7 9c 30 d0 c6 12 36 6d e2 76 c1
09:07:47:579    < BTP_MESH_EV_MODEL_RECV (0x04|0x8f|0x00)
                  raw data (9): 04 8f 00 09 00|01 00 02 00 04 80 15 01 00
09:07:58:002    > BTP_GAP_CMD_SET_POWERED (0x01|0x05|0x00)
                  raw data (0): 01 05 00 01 00|00
09:07:58:038    < BTP_GAP_CMD_SET_POWERED (0x01|0x05|0x00)
                  raw data (4): 01 05 00 04 00|12 82 00 00
