02:21:33:530	> BTP_CORE_CMD_REGISTER_SERVICE (0x00|0x03|0xff)
                  raw data (1): 00 03 ff 01 00|01
02:21:33:582	< BTP_CORE_CMD_REGISTER_SERVICE (0x00|0x03|0xff)
                  raw data (0): 00 03 ff 00 00|
02:21:33:583	> BTP_GAP_CMD_READ_SUPPORTED_COMMANDS (0x01|0x01|0xff)
                  raw data (0): 01 01 ff 00 00|
02:21:33:626	< BTP_GAP_CMD_READ_SUPPORTED_COMMANDS (0x01|0x01|0xff)
                  raw data (6): 01 01 ff 06 00|6e ff 7f 1f fe 07
02:21:33:633	> BTP_GAP_CMD_READ_CONTROLLER_INFO (0x01|0x03|0x00)
                  raw data (0): 01 03 00 00 00|
02:21:34:011	< BTP_GAP_CMD_READ_CONTROLLER_INFO (0x01|0x03|0x00)
                  raw data (277): 
                  01 03 00 15 01|c3 51 0b 1b b8 d7 13 06 02 00 13 
                  82 00 00 00 00 00 62 74 70 5f 74 65 73 74 65 72 
                  00 00 00 00 00 00 00 00 00 00 00 00 00 00 00 00 
                  00 00 00 00 00 00 00 00 00 00 00 00 00 00 00 00 
                  00 00 00 00 00 00 00 00 00 00 00 00 00 00 00 00 
                  00 00 00 00 00 00 00 00 00 00 00 00 00 00 00 00 
                  00 00 00 00 00 00 00 00 00 00 00 00 00 00 00 00 
                  00 00 00 00 00 00 00 00 00 00 00 00 00 00 00 00 
                  00 00 00 00 00 00 00 00 00 00 00 00 00 00 00 00 
                  00 00 00 00 00 00 00 00 00 00 00 00 00 00 00 00 
                  00 00 00 00 00 00 00 00 00 00 00 00 00 00 00 00 
                  00 00 00 00 00 00 00 00 00 00 00 00 00 00 00 00 
                  00 00 00 00 00 00 00 00 00 00 00 00 00 00 00 00 
                  00 00 00 00 00 00 00 00 00 00 00 00 00 00 00 00 
                  00 00 00 00 00 00 00 00 00 00 00 00 00 00 00 00 
                  00 00 00 00 00 00 00 00 00 00 00 00 00 00 00 00 
                  00 00 00 00 00 00 00 00 00 00 00 00 00 00 00 00 
                  00 00 00 00 00 00 00 00 00 00
02:21:34:024	> BTP_CORE_CMD_REGISTER_SERVICE (0x00|0x03|0xff)
                  raw data (2): 00 03 ff 01 00|02
02:21:34:030	< BTP_CORE_CMD_REGISTER_SERVICE (0x00|0x03|0xff)
                  raw data (0): 00 03 ff 00 00|
02:21:34:030	> BTP_GATT_CMD_READ_SUPPORTED_COMMANDS (0x02|0x01|0xff)
                  raw data (0): 02 01 ff 00 00|
02:21:34:082	< BTP_GATT_CMD_READ_SUPPORTED_COMMANDS (0x02|0x01|0xff)
                  raw data (5): 02 01 ff 05 00|fe fe ff fd 03
02:21:34:084	> BTP_GAP_CMD_SET_DISCOVERABLE (0x01|0x08|0x00)
                  raw data (1): 01 08 00 01 00|01
02:21:34:147	< BTP_GAP_CMD_SET_DISCOVERABLE (0x01|0x08|0x00)
                  raw data (4): 01 08 00 04 00|1b 82 00 00
02:21:34:168	> BTP_CORE_CMD_REGISTER_SERVICE (0x00|0x03|0xff)
                  raw data (12): 00 03 ff 01 00|0c
02:21:34:241	< BTP_CORE_CMD_REGISTER_SERVICE (0x00|0x03|0xff)
                  raw data (0): 00 03 ff 00 00|
02:21:34:252	> BTP_PACS_CMD_READ_SUPPORTED_COMMANDS (0x0c|0x01|0xff)
                  raw data (0): 0c 01 ff 00 00|
02:21:34:310	< BTP_PACS_CMD_READ_SUPPORTED_COMMANDS (0x0c|0x01|0xff)
                  raw data (1): 0c 01 ff 01 00|3e
02:21:34:331	> BTP_CORE_CMD_REGISTER_SERVICE (0x00|0x03|0xff)
                  raw data (13): 00 03 ff 01 00|0d
02:21:34:358	< BTP_CORE_CMD_REGISTER_SERVICE (0x00|0x03|0xff)
                  raw data (0): 00 03 ff 00 00|
02:21:34:359	> BTP_ASCS_CMD_READ_SUPPORTED_COMMANDS (0x0d|0x01|0xff)
                  raw data (0): 0d 01 ff 00 00|
02:21:34:370	< BTP_ASCS_CMD_READ_SUPPORTED_COMMANDS (0x0d|0x01|0xff)
                  raw data (2): 0d 01 ff 02 00|fe 0f
02:21:34:370	> BTP_CORE_CMD_REGISTER_SERVICE (0x00|0x03|0xff)
                  raw data (14): 00 03 ff 01 00|0e
02:21:34:412	< BTP_CORE_CMD_REGISTER_SERVICE (0x00|0x03|0xff)
                  raw data (0): 00 03 ff 00 00|
02:21:34:413	> BTP_BAP_CMD_READ_SUPPORTED_COMMANDS (0x0e|0x01|0xff)
                  raw data (0): 0e 01 ff 00 00|
02:21:34:420	< BTP_BAP_CMD_READ_SUPPORTED_COMMANDS (0x0e|0x01|0xff)
                  raw data (4): 0e 01 ff 04 00|fe ff ff 03
02:21:37:426	> BTP_BAP_CMD_BROADCAST_SOURCE_SETUP (0x0e|0x04|0x00)
                  raw data (39): 
                  0e 04 00 27 00|02 01 10 27 00 00 28 00 02 0a 00 
                  40 9c 00 06 00 00 00 00 13 02 01 03 02 02 01 05 
                  03 01 00 00 00 03 04 28 00 02 05 01
02:21:37:437	< BTP_BAP_CMD_BROADCAST_SOURCE_SETUP (0x0e|0x04|0x00)
                  raw data (7): 0e 04 00 07 00|08 00 02 00 c9 a6 01
02:21:37:438	> BTP_BAP_CMD_BROADCAST_ADV_START (0x0e|0x06|0x00)
                  raw data (3): 0e 06 00 03 00|c9 a6 01
02:21:37:480	< BTP_BAP_CMD_BROADCAST_ADV_START (0x0e|0x06|0x00)
                  raw data (0): 0e 06 00 00 00|
02:21:37:481	> BTP_BAP_CMD_BROADCAST_SOURCE_START (0x0e|0x08|0x00)
                  raw data (3): 0e 08 00 03 00|c9 a6 01
02:21:37:535	< BTP_BAP_CMD_BROADCAST_SOURCE_START (0x0e|0x08|0x00)
                  raw data (0): 0e 08 00 00 00|
02:21:37:542	> BTP_BAP_CMD_SEND (0x0e|0x03|0x00)
                  raw data (50): 
                  0e 03 00 32 00|00 df 28 1c e8 07 c0 00 29 00 01 
                  02 03 04 05 06 07 08 09 0a 0b 0c 0d 0e 0f 10 11 
                  12 13 14 15 16 17 18 19 1a 1b 1c 1d 1e 1f 20 21 
                  22 23 24 25 26 27 28
02:21:37:576	< BTP_BAP_CMD_SEND (0x0e|0x03|0x00)
                  raw data (1): 0e 03 00 01 00|29
02:21:37:578	> BTP_BAP_CMD_SEND (0x0e|0x03|0x00)
                  raw data (50): 
                  0e 03 00 32 00|00 df 28 1c e8 07 c0 00 29 00 01 
                  02 03 04 05 06 07 08 09 0a 0b 0c 0d 0e 0f 10 11 
                  12 13 14 15 16 17 18 19 1a 1b 1c 1d 1e 1f 20 21 
                  22 23 24 25 26 27 28
02:21:37:599	< BTP_BAP_CMD_SEND (0x0e|0x03|0x00)
                  raw data (1): 0e 03 00 01 00|29
02:21:37:604	> BTP_BAP_CMD_SEND (0x0e|0x03|0x00)
                  raw data (50): 
                  0e 03 00 32 00|00 df 28 1c e8 07 c0 00 29 00 01 
                  02 03 04 05 06 07 08 09 0a 0b 0c 0d 0e 0f 10 11 
                  12 13 14 15 16 17 18 19 1a 1b 1c 1d 1e 1f 20 21 
                  22 23 24 25 26 27 28
02:21:37:620	< BTP_BAP_CMD_SEND (0x0e|0x03|0x00)
                  raw data (1): 0e 03 00 01 00|29
02:21:37:620	> BTP_BAP_CMD_SEND (0x0e|0x03|0x00)
                  raw data (50): 
                  0e 03 00 32 00|00 df 28 1c e8 07 c0 00 29 00 01 
                  02 03 04 05 06 07 08 09 0a 0b 0c 0d 0e 0f 10 11 
                  12 13 14 15 16 17 18 19 1a 1b 1c 1d 1e 1f 20 21 
                  22 23 24 25 26 27 28
02:21:37:637	< BTP_BAP_CMD_SEND (0x0e|0x03|0x00)
                  raw data (1): 0e 03 00 01 00|29
02:21:37:639	> BTP_BAP_CMD_SEND (0x0e|0x03|0x00)
                  raw data (50): 
                  0e 03 00 32 00|00 df 28 1c e8 07 c0 00 29 00 01 
                  02 03 04 05 06 07 08 09 0a 0b 0c 0d 0e 0f 10 11 
                  12 13 14 15 16 17 18 19 1a 1b 1c 1d 1e 1f 20 21 
                  22 23 24 25 26 27 28
02:21:37:654	< BTP_BAP_CMD_SEND (0x0e|0x03|0x00)
                  raw data (1): 0e 03 00 01 00|29
02:21:37:655	> BTP_BAP_CMD_SEND (0x0e|0x03|0x00)
                  raw data (50): 
                  0e 03 00 32 00|00 df 28 1c e8 07 c0 00 29 00 01 
                  02 03 04 05 06 07 08 09 0a 0b 0c 0d 0e 0f 10 11 
                  12 13 14 15 16 17 18 19 1a 1b 1c 1d 1e 1f 20 21 
                  22 23 24 25 26 27 28
02:21:37:670	< BTP_BAP_CMD_SEND (0x0e|0x03|0x00)
                  raw data (1): 0e 03 00 01 00|29
02:21:37:676	> BTP_BAP_CMD_SEND (0x0e|0x03|0x00)
                  raw data (50): 
                  0e 03 00 32 00|00 df 28 1c e8 07 c0 00 29 00 01 
                  02 03 04 05 06 07 08 09 0a 0b 0c 0d 0e 0f 10 11 
                  12 13 14 15 16 17 18 19 1a 1b 1c 1d 1e 1f 20 21 
                  22 23 24 25 26 27 28
02:21:37:700	< BTP_BAP_CMD_SEND (0x0e|0x03|0x00)
                  raw data (1): 0e 03 00 01 00|29
02:21:37:712	> BTP_BAP_CMD_SEND (0x0e|0x03|0x00)
                  raw data (50): 
                  0e 03 00 32 00|00 df 28 1c e8 07 c0 00 29 00 01 
                  02 03 04 05 06 07 08 09 0a 0b 0c 0d 0e 0f 10 11 
                  12 13 14 15 16 17 18 19 1a 1b 1c 1d 1e 1f 20 21 
                  22 23 24 25 26 27 28
02:21:37:728	< BTP_BAP_CMD_SEND (0x0e|0x03|0x00)
                  raw data (1): 0e 03 00 01 00|29
02:21:37:731	> BTP_BAP_CMD_SEND (0x0e|0x03|0x00)
                  raw data (50): 
                  0e 03 00 32 00|00 df 28 1c e8 07 c0 00 29 00 01 
                  02 03 04 05 06 07 08 09 0a 0b 0c 0d 0e 0f 10 11 
                  12 13 14 15 16 17 18 19 1a 1b 1c 1d 1e 1f 20 21 
                  22 23 24 25 26 27 28
02:21:37:764	< BTP_BAP_CMD_SEND (0x0e|0x03|0x00)
                  raw data (1): 0e 03 00 01 00|29
02:21:37:765	> BTP_BAP_CMD_SEND (0x0e|0x03|0x00)
                  raw data (50): 
                  0e 03 00 32 00|00 df 28 1c e8 07 c0 00 29 00 01 
                  02 03 04 05 06 07 08 09 0a 0b 0c 0d 0e 0f 10 11 
                  12 13 14 15 16 17 18 19 1a 1b 1c 1d 1e 1f 20 21 
                  22 23 24 25 26 27 28
02:21:37:782	< BTP_BAP_CMD_SEND (0x0e|0x03|0x00)
                  raw data (1): 0e 03 00 01 00|29
02:21:37:783	> BTP_BAP_CMD_SEND (0x0e|0x03|0x00)
                  raw data (50): 
                  0e 03 00 32 00|00 df 28 1c e8 07 c0 00 29 00 01 
                  02 03 04 05 06 07 08 09 0a 0b 0c 0d 0e 0f 10 11 
                  12 13 14 15 16 17 18 19 1a 1b 1c 1d 1e 1f 20 21 
                  22 23 24 25 26 27 28
02:21:37:820	< BTP_BAP_CMD_SEND (0x0e|0x03|0x00)
                  raw data (1): 0e 03 00 01 00|29
02:21:37:832	> BTP_BAP_CMD_SEND (0x0e|0x03|0x00)
                  raw data (50): 
                  0e 03 00 32 00|00 df 28 1c e8 07 c0 00 29 00 01 
                  02 03 04 05 06 07 08 09 0a 0b 0c 0d 0e 0f 10 11 
                  12 13 14 15 16 17 18 19 1a 1b 1c 1d 1e 1f 20 21 
                  22 23 24 25 26 27 28
02:21:37:878	< BTP_BAP_CMD_SEND (0x0e|0x03|0x00)
                  raw data (1): 0e 03 00 01 00|29
02:21:37:889	> BTP_BAP_CMD_SEND (0x0e|0x03|0x00)
                  raw data (50): 
                  0e 03 00 32 00|00 df 28 1c e8 07 c0 00 29 00 01 
                  02 03 04 05 06 07 08 09 0a 0b 0c 0d 0e 0f 10 11 
                  12 13 14 15 16 17 18 19 1a 1b 1c 1d 1e 1f 20 21 
                  22 23 24 25 26 27 28
02:21:37:941	< BTP_BAP_CMD_SEND (0x0e|0x03|0x00)
                  raw data (1): 0e 03 00 01 00|29
02:21:37:942	> BTP_BAP_CMD_SEND (0x0e|0x03|0x00)
                  raw data (50): 
                  0e 03 00 32 00|00 df 28 1c e8 07 c0 00 29 00 01 
                  02 03 04 05 06 07 08 09 0a 0b 0c 0d 0e 0f 10 11 
                  12 13 14 15 16 17 18 19 1a 1b 1c 1d 1e 1f 20 21 
                  22 23 24 25 26 27 28
02:21:37:975	< BTP_BAP_CMD_SEND (0x0e|0x03|0x00)
                  raw data (1): 0e 03 00 01 00|29
02:21:37:976	> BTP_BAP_CMD_SEND (0x0e|0x03|0x00)
                  raw data (50): 
                  0e 03 00 32 00|00 df 28 1c e8 07 c0 00 29 00 01 
                  02 03 04 05 06 07 08 09 0a 0b 0c 0d 0e 0f 10 11 
                  12 13 14 15 16 17 18 19 1a 1b 1c 1d 1e 1f 20 21 
                  22 23 24 25 26 27 28
02:21:38:013	< BTP_BAP_CMD_SEND (0x0e|0x03|0x00)
                  raw data (1): 0e 03 00 01 00|29
02:21:38:014	> BTP_BAP_CMD_SEND (0x0e|0x03|0x00)
                  raw data (50): 
                  0e 03 00 32 00|00 df 28 1c e8 07 c0 00 29 00 01 
                  02 03 04 05 06 07 08 09 0a 0b 0c 0d 0e 0f 10 11 
                  12 13 14 15 16 17 18 19 1a 1b 1c 1d 1e 1f 20 21 
                  22 23 24 25 26 27 28
02:21:38:071	< BTP_BAP_CMD_SEND (0x0e|0x03|0x00)
                  raw data (1): 0e 03 00 01 00|29
02:21:38:072	> BTP_BAP_CMD_SEND (0x0e|0x03|0x00)
                  raw data (50): 
                  0e 03 00 32 00|00 df 28 1c e8 07 c0 00 29 00 01 
                  02 03 04 05 06 07 08 09 0a 0b 0c 0d 0e 0f 10 11 
                  12 13 14 15 16 17 18 19 1a 1b 1c 1d 1e 1f 20 21 
                  22 23 24 25 26 27 28
02:21:38:117	< BTP_BAP_CMD_SEND (0x0e|0x03|0x00)
                  raw data (1): 0e 03 00 01 00|29
02:21:38:118	> BTP_BAP_CMD_SEND (0x0e|0x03|0x00)
                  raw data (50): 
                  0e 03 00 32 00|00 df 28 1c e8 07 c0 00 29 00 01 
                  02 03 04 05 06 07 08 09 0a 0b 0c 0d 0e 0f 10 11 
                  12 13 14 15 16 17 18 19 1a 1b 1c 1d 1e 1f 20 21 
                  22 23 24 25 26 27 28
02:21:38:186	< BTP_BAP_CMD_SEND (0x0e|0x03|0x00)
                  raw data (1): 0e 03 00 01 00|29
02:21:38:197	> BTP_BAP_CMD_SEND (0x0e|0x03|0x00)
                  raw data (50): 
                  0e 03 00 32 00|00 df 28 1c e8 07 c0 00 29 00 01 
                  02 03 04 05 06 07 08 09 0a 0b 0c 0d 0e 0f 10 11 
                  12 13 14 15 16 17 18 19 1a 1b 1c 1d 1e 1f 20 21 
                  22 23 24 25 26 27 28
02:21:38:236	< BTP_BAP_CMD_SEND (0x0e|0x03|0x00)
                  raw data (1): 0e 03 00 01 00|29
02:21:38:247	> BTP_BAP_CMD_SEND (0x0e|0x03|0x00)
                  raw data (50): 
                  0e 03 00 32 00|00 df 28 1c e8 07 c0 00 29 00 01 
                  02 03 04 05 06 07 08 09 0a 0b 0c 0d 0e 0f 10 11 
                  12 13 14 15 16 17 18 19 1a 1b 1c 1d 1e 1f 20 21 
                  22 23 24 25 26 27 28
02:21:38:259	< BTP_BAP_CMD_SEND (0x0e|0x03|0x00)
                  raw data (1): 0e 03 00 01 00|29
02:21:38:260	> BTP_BAP_CMD_SEND (0x0e|0x03|0x00)
                  raw data (50): 
                  0e 03 00 32 00|00 df 28 1c e8 07 c0 00 29 00 01 
                  02 03 04 05 06 07 08 09 0a 0b 0c 0d 0e 0f 10 11 
                  12 13 14 15 16 17 18 19 1a 1b 1c 1d 1e 1f 20 21 
                  22 23 24 25 26 27 28
02:21:38:323	< BTP_BAP_CMD_SEND (0x0e|0x03|0x00)
                  raw data (1): 0e 03 00 01 00|29
02:21:38:327	> BTP_BAP_CMD_SEND (0x0e|0x03|0x00)
                  raw data (50): 
                  0e 03 00 32 00|00 df 28 1c e8 07 c0 00 29 00 01 
                  02 03 04 05 06 07 08 09 0a 0b 0c 0d 0e 0f 10 11 
                  12 13 14 15 16 17 18 19 1a 1b 1c 1d 1e 1f 20 21 
                  22 23 24 25 26 27 28
02:21:38:338	< BTP_BAP_CMD_SEND (0x0e|0x03|0x00)
                  raw data (1): 0e 03 00 01 00|29
02:21:38:340	> BTP_BAP_CMD_SEND (0x0e|0x03|0x00)
                  raw data (50): 
                  0e 03 00 32 00|00 df 28 1c e8 07 c0 00 29 00 01 
                  02 03 04 05 06 07 08 09 0a 0b 0c 0d 0e 0f 10 11 
                  12 13 14 15 16 17 18 19 1a 1b 1c 1d 1e 1f 20 21 
                  22 23 24 25 26 27 28
02:21:38:379	< BTP_BAP_CMD_SEND (0x0e|0x03|0x00)
                  raw data (1): 0e 03 00 01 00|29
02:21:38:396	> BTP_BAP_CMD_SEND (0x0e|0x03|0x00)
                  raw data (50): 
                  0e 03 00 32 00|00 df 28 1c e8 07 c0 00 29 00 01 
                  02 03 04 05 06 07 08 09 0a 0b 0c 0d 0e 0f 10 11 
                  12 13 14 15 16 17 18 19 1a 1b 1c 1d 1e 1f 20 21 
                  22 23 24 25 26 27 28
02:21:38:434	< BTP_BAP_CMD_SEND (0x0e|0x03|0x00)
                  raw data (1): 0e 03 00 01 00|29
02:21:38:435	> BTP_BAP_CMD_SEND (0x0e|0x03|0x00)
                  raw data (50): 
                  0e 03 00 32 00|00 df 28 1c e8 07 c0 00 29 00 01 
                  02 03 04 05 06 07 08 09 0a 0b 0c 0d 0e 0f 10 11 
                  12 13 14 15 16 17 18 19 1a 1b 1c 1d 1e 1f 20 21 
                  22 23 24 25 26 27 28
02:21:38:474	< BTP_BAP_CMD_SEND (0x0e|0x03|0x00)
                  raw data (1): 0e 03 00 01 00|29
02:21:38:479	> BTP_BAP_CMD_SEND (0x0e|0x03|0x00)
                  raw data (50): 
                  0e 03 00 32 00|00 df 28 1c e8 07 c0 00 29 00 01 
                  02 03 04 05 06 07 08 09 0a 0b 0c 0d 0e 0f 10 11 
                  12 13 14 15 16 17 18 19 1a 1b 1c 1d 1e 1f 20 21 
                  22 23 24 25 26 27 28
02:21:38:488	< BTP_BAP_CMD_SEND (0x0e|0x03|0x00)
                  raw data (1): 0e 03 00 01 00|29
02:21:38:492	> BTP_BAP_CMD_SEND (0x0e|0x03|0x00)
                  raw data (50): 
                  0e 03 00 32 00|00 df 28 1c e8 07 c0 00 29 00 01 
                  02 03 04 05 06 07 08 09 0a 0b 0c 0d 0e 0f 10 11 
                  12 13 14 15 16 17 18 19 1a 1b 1c 1d 1e 1f 20 21 
                  22 23 24 25 26 27 28
02:21:38:500	< BTP_BAP_CMD_SEND (0x0e|0x03|0x00)
                  raw data (1): 0e 03 00 01 00|29
02:21:38:501	> BTP_BAP_CMD_SEND (0x0e|0x03|0x00)
                  raw data (50): 
                  0e 03 00 32 00|00 df 28 1c e8 07 c0 00 29 00 01 
                  02 03 04 05 06 07 08 09 0a 0b 0c 0d 0e 0f 10 11 
                  12 13 14 15 16 17 18 19 1a 1b 1c 1d 1e 1f 20 21 
                  22 23 24 25 26 27 28
02:21:38:516	< BTP_BAP_CMD_SEND (0x0e|0x03|0x00)
                  raw data (1): 0e 03 00 01 00|29
02:21:38:516	> BTP_BAP_CMD_SEND (0x0e|0x03|0x00)
                  raw data (50): 
                  0e 03 00 32 00|00 df 28 1c e8 07 c0 00 29 00 01 
                  02 03 04 05 06 07 08 09 0a 0b 0c 0d 0e 0f 10 11 
                  12 13 14 15 16 17 18 19 1a 1b 1c 1d 1e 1f 20 21 
                  22 23 24 25 26 27 28
02:21:38:525	< BTP_BAP_CMD_SEND (0x0e|0x03|0x00)
                  raw data (1): 0e 03 00 01 00|29
02:21:38:526	> BTP_BAP_CMD_SEND (0x0e|0x03|0x00)
                  raw data (50): 
                  0e 03 00 32 00|00 df 28 1c e8 07 c0 00 29 00 01 
                  02 03 04 05 06 07 08 09 0a 0b 0c 0d 0e 0f 10 11 
                  12 13 14 15 16 17 18 19 1a 1b 1c 1d 1e 1f 20 21 
                  22 23 24 25 26 27 28
02:21:38:536	< BTP_BAP_CMD_SEND (0x0e|0x03|0x00)
                  raw data (1): 0e 03 00 01 00|29
02:21:38:541	> BTP_BAP_CMD_SEND (0x0e|0x03|0x00)
                  raw data (50): 
                  0e 03 00 32 00|00 df 28 1c e8 07 c0 00 29 00 01 
                  02 03 04 05 06 07 08 09 0a 0b 0c 0d 0e 0f 10 11 
                  12 13 14 15 16 17 18 19 1a 1b 1c 1d 1e 1f 20 21 
                  22 23 24 25 26 27 28
02:21:38:552	< BTP_BAP_CMD_SEND (0x0e|0x03|0x00)
                  raw data (1): 0e 03 00 01 00|29
02:21:38:553	> BTP_BAP_CMD_SEND (0x0e|0x03|0x00)
                  raw data (50): 
                  0e 03 00 32 00|00 df 28 1c e8 07 c0 00 29 00 01 
                  02 03 04 05 06 07 08 09 0a 0b 0c 0d 0e 0f 10 11 
                  12 13 14 15 16 17 18 19 1a 1b 1c 1d 1e 1f 20 21 
                  22 23 24 25 26 27 28
02:21:38:564	< BTP_BAP_CMD_SEND (0x0e|0x03|0x00)
                  raw data (1): 0e 03 00 01 00|29
02:21:38:569	> BTP_BAP_CMD_SEND (0x0e|0x03|0x00)
                  raw data (50): 
                  0e 03 00 32 00|00 df 28 1c e8 07 c0 00 29 00 01 
                  02 03 04 05 06 07 08 09 0a 0b 0c 0d 0e 0f 10 11 
                  12 13 14 15 16 17 18 19 1a 1b 1c 1d 1e 1f 20 21 
                  22 23 24 25 26 27 28
02:21:38:648	< BTP_BAP_CMD_SEND (0x0e|0x03|0x00)
                  raw data (1): 0e 03 00 01 00|29
02:21:38:654	> BTP_BAP_CMD_SEND (0x0e|0x03|0x00)
                  raw data (50): 
                  0e 03 00 32 00|00 df 28 1c e8 07 c0 00 29 00 01 
                  02 03 04 05 06 07 08 09 0a 0b 0c 0d 0e 0f 10 11 
                  12 13 14 15 16 17 18 19 1a 1b 1c 1d 1e 1f 20 21 
                  22 23 24 25 26 27 28
02:21:38:701	< BTP_BAP_CMD_SEND (0x0e|0x03|0x00)
                  raw data (1): 0e 03 00 01 00|29
02:21:38:707	> BTP_BAP_CMD_SEND (0x0e|0x03|0x00)
                  raw data (50): 
                  0e 03 00 32 00|00 df 28 1c e8 07 c0 00 29 00 01 
                  02 03 04 05 06 07 08 09 0a 0b 0c 0d 0e 0f 10 11 
                  12 13 14 15 16 17 18 19 1a 1b 1c 1d 1e 1f 20 21 
                  22 23 24 25 26 27 28
02:21:38:797	< BTP_BAP_CMD_SEND (0x0e|0x03|0x00)
                  raw data (1): 0e 03 00 01 00|29
02:21:38:808	> BTP_BAP_CMD_SEND (0x0e|0x03|0x00)
                  raw data (50): 
                  0e 03 00 32 00|00 df 28 1c e8 07 c0 00 29 00 01 
                  02 03 04 05 06 07 08 09 0a 0b 0c 0d 0e 0f 10 11 
                  12 13 14 15 16 17 18 19 1a 1b 1c 1d 1e 1f 20 21 
                  22 23 24 25 26 27 28
02:21:38:855	< BTP_BAP_CMD_SEND (0x0e|0x03|0x00)
                  raw data (1): 0e 03 00 01 00|29
02:21:38:871	> BTP_BAP_CMD_SEND (0x0e|0x03|0x00)
                  raw data (50): 
                  0e 03 00 32 00|00 df 28 1c e8 07 c0 00 29 00 01 
                  02 03 04 05 06 07 08 09 0a 0b 0c 0d 0e 0f 10 11 
                  12 13 14 15 16 17 18 19 1a 1b 1c 1d 1e 1f 20 21 
                  22 23 24 25 26 27 28
02:21:38:928	< BTP_BAP_CMD_SEND (0x0e|0x03|0x00)
                  raw data (1): 0e 03 00 01 00|29
02:21:38:937	> BTP_BAP_CMD_SEND (0x0e|0x03|0x00)
                  raw data (50): 
                  0e 03 00 32 00|00 df 28 1c e8 07 c0 00 29 00 01 
                  02 03 04 05 06 07 08 09 0a 0b 0c 0d 0e 0f 10 11 
                  12 13 14 15 16 17 18 19 1a 1b 1c 1d 1e 1f 20 21 
                  22 23 24 25 26 27 28
02:21:38:949	< BTP_BAP_CMD_SEND (0x0e|0x03|0x00)
                  raw data (1): 0e 03 00 01 00|29
02:21:38:956	> BTP_BAP_CMD_SEND (0x0e|0x03|0x00)
                  raw data (50): 
                  0e 03 00 32 00|00 df 28 1c e8 07 c0 00 29 00 01 
                  02 03 04 05 06 07 08 09 0a 0b 0c 0d 0e 0f 10 11 
                  12 13 14 15 16 17 18 19 1a 1b 1c 1d 1e 1f 20 21 
                  22 23 24 25 26 27 28
02:21:38:987	< BTP_BAP_CMD_SEND (0x0e|0x03|0x00)
                  raw data (1): 0e 03 00 01 00|29
02:21:39:004	> BTP_BAP_CMD_SEND (0x0e|0x03|0x00)
                  raw data (50): 
                  0e 03 00 32 00|00 df 28 1c e8 07 c0 00 29 00 01 
                  02 03 04 05 06 07 08 09 0a 0b 0c 0d 0e 0f 10 11 
                  12 13 14 15 16 17 18 19 1a 1b 1c 1d 1e 1f 20 21 
                  22 23 24 25 26 27 28
02:21:39:097	< BTP_BAP_CMD_SEND (0x0e|0x03|0x00)
                  raw data (1): 0e 03 00 01 00|29
02:21:39:098	> BTP_BAP_CMD_SEND (0x0e|0x03|0x00)
                  raw data (50): 
                  0e 03 00 32 00|00 df 28 1c e8 07 c0 00 29 00 01 
                  02 03 04 05 06 07 08 09 0a 0b 0c 0d 0e 0f 10 11 
                  12 13 14 15 16 17 18 19 1a 1b 1c 1d 1e 1f 20 21 
                  22 23 24 25 26 27 28
02:21:39:125	< BTP_BAP_CMD_SEND (0x0e|0x03|0x00)
                  raw data (1): 0e 03 00 01 00|29
02:21:39:134	> BTP_BAP_CMD_SEND (0x0e|0x03|0x00)
                  raw data (50): 
                  0e 03 00 32 00|00 df 28 1c e8 07 c0 00 29 00 01 
                  02 03 04 05 06 07 08 09 0a 0b 0c 0d 0e 0f 10 11 
                  12 13 14 15 16 17 18 19 1a 1b 1c 1d 1e 1f 20 21 
                  22 23 24 25 26 27 28
02:21:39:163	< BTP_BAP_CMD_SEND (0x0e|0x03|0x00)
                  raw data (1): 0e 03 00 01 00|29
02:21:39:173	> BTP_BAP_CMD_SEND (0x0e|0x03|0x00)
                  raw data (50): 
                  0e 03 00 32 00|00 df 28 1c e8 07 c0 00 29 00 01 
                  02 03 04 05 06 07 08 09 0a 0b 0c 0d 0e 0f 10 11 
                  12 13 14 15 16 17 18 19 1a 1b 1c 1d 1e 1f 20 21 
                  22 23 24 25 26 27 28
02:21:39:196	< BTP_BAP_CMD_SEND (0x0e|0x03|0x00)
                  raw data (1): 0e 03 00 01 00|29
02:21:39:208	> BTP_BAP_CMD_SEND (0x0e|0x03|0x00)
                  raw data (50): 
                  0e 03 00 32 00|00 df 28 1c e8 07 c0 00 29 00 01 
                  02 03 04 05 06 07 08 09 0a 0b 0c 0d 0e 0f 10 11 
                  12 13 14 15 16 17 18 19 1a 1b 1c 1d 1e 1f 20 21 
                  22 23 24 25 26 27 28
02:21:39:215	< BTP_BAP_CMD_SEND (0x0e|0x03|0x00)
                  raw data (1): 0e 03 00 01 00|29
02:21:39:232	> BTP_BAP_CMD_SEND (0x0e|0x03|0x00)
                  raw data (50): 
                  0e 03 00 32 00|00 df 28 1c e8 07 c0 00 29 00 01 
                  02 03 04 05 06 07 08 09 0a 0b 0c 0d 0e 0f 10 11 
                  12 13 14 15 16 17 18 19 1a 1b 1c 1d 1e 1f 20 21 
                  22 23 24 25 26 27 28
02:21:39:244	< BTP_BAP_CMD_SEND (0x0e|0x03|0x00)
                  raw data (1): 0e 03 00 01 00|29
02:21:39:245	> BTP_BAP_CMD_SEND (0x0e|0x03|0x00)
                  raw data (50): 
                  0e 03 00 32 00|00 df 28 1c e8 07 c0 00 29 00 01 
                  02 03 04 05 06 07 08 09 0a 0b 0c 0d 0e 0f 10 11 
                  12 13 14 15 16 17 18 19 1a 1b 1c 1d 1e 1f 20 21 
                  22 23 24 25 26 27 28
02:21:39:273	< BTP_BAP_CMD_SEND (0x0e|0x03|0x00)
                  raw data (1): 0e 03 00 01 00|29
02:21:39:274	> BTP_BAP_CMD_SEND (0x0e|0x03|0x00)
                  raw data (50): 
                  0e 03 00 32 00|00 df 28 1c e8 07 c0 00 29 00 01 
                  02 03 04 05 06 07 08 09 0a 0b 0c 0d 0e 0f 10 11 
                  12 13 14 15 16 17 18 19 1a 1b 1c 1d 1e 1f 20 21 
                  22 23 24 25 26 27 28
02:21:39:287	< BTP_BAP_CMD_SEND (0x0e|0x03|0x00)
                  raw data (1): 0e 03 00 01 00|29
02:21:39:293	> BTP_BAP_CMD_SEND (0x0e|0x03|0x00)
                  raw data (50): 
                  0e 03 00 32 00|00 df 28 1c e8 07 c0 00 29 00 01 
                  02 03 04 05 06 07 08 09 0a 0b 0c 0d 0e 0f 10 11 
                  12 13 14 15 16 17 18 19 1a 1b 1c 1d 1e 1f 20 21 
                  22 23 24 25 26 27 28
02:21:39:332	< BTP_BAP_CMD_SEND (0x0e|0x03|0x00)
                  raw data (1): 0e 03 00 01 00|29
02:21:39:332	> BTP_BAP_CMD_SEND (0x0e|0x03|0x00)
                  raw data (50): 
                  0e 03 00 32 00|00 df 28 1c e8 07 c0 00 29 00 01 
                  02 03 04 05 06 07 08 09 0a 0b 0c 0d 0e 0f 10 11 
                  12 13 14 15 16 17 18 19 1a 1b 1c 1d 1e 1f 20 21 
                  22 23 24 25 26 27 28
02:21:39:341	< BTP_BAP_CMD_SEND (0x0e|0x03|0x00)
                  raw data (1): 0e 03 00 01 00|29
02:21:39:342	> BTP_BAP_CMD_SEND (0x0e|0x03|0x00)
                  raw data (50): 
                  0e 03 00 32 00|00 df 28 1c e8 07 c0 00 29 00 01 
                  02 03 04 05 06 07 08 09 0a 0b 0c 0d 0e 0f 10 11 
                  12 13 14 15 16 17 18 19 1a 1b 1c 1d 1e 1f 20 21 
                  22 23 24 25 26 27 28
02:21:39:365	< BTP_BAP_CMD_SEND (0x0e|0x03|0x00)
                  raw data (1): 0e 03 00 01 00|29
02:21:39:365	> BTP_BAP_CMD_SEND (0x0e|0x03|0x00)
                  raw data (50): 
                  0e 03 00 32 00|00 df 28 1c e8 07 c0 00 29 00 01 
                  02 03 04 05 06 07 08 09 0a 0b 0c 0d 0e 0f 10 11 
                  12 13 14 15 16 17 18 19 1a 1b 1c 1d 1e 1f 20 21 
                  22 23 24 25 26 27 28
02:21:39:413	< BTP_BAP_CMD_SEND (0x0e|0x03|0x00)
                  raw data (1): 0e 03 00 01 00|29
02:21:39:414	> BTP_BAP_CMD_SEND (0x0e|0x03|0x00)
                  raw data (50): 
                  0e 03 00 32 00|00 df 28 1c e8 07 c0 00 29 00 01 
                  02 03 04 05 06 07 08 09 0a 0b 0c 0d 0e 0f 10 11 
                  12 13 14 15 16 17 18 19 1a 1b 1c 1d 1e 1f 20 21 
                  22 23 24 25 26 27 28
02:21:39:452	< BTP_BAP_CMD_SEND (0x0e|0x03|0x00)
                  raw data (1): 0e 03 00 01 00|29
02:21:39:473	> BTP_BAP_CMD_SEND (0x0e|0x03|0x00)
                  raw data (50): 
                  0e 03 00 32 00|00 df 28 1c e8 07 c0 00 29 00 01 
                  02 03 04 05 06 07 08 09 0a 0b 0c 0d 0e 0f 10 11 
                  12 13 14 15 16 17 18 19 1a 1b 1c 1d 1e 1f 20 21 
                  22 23 24 25 26 27 28
02:21:39:492	< BTP_BAP_CMD_SEND (0x0e|0x03|0x00)
                  raw data (1): 0e 03 00 01 00|29
02:21:39:493	> BTP_BAP_CMD_SEND (0x0e|0x03|0x00)
                  raw data (50): 
                  0e 03 00 32 00|00 df 28 1c e8 07 c0 00 29 00 01 
                  02 03 04 05 06 07 08 09 0a 0b 0c 0d 0e 0f 10 11 
                  12 13 14 15 16 17 18 19 1a 1b 1c 1d 1e 1f 20 21 
                  22 23 24 25 26 27 28
02:21:39:535	< BTP_BAP_CMD_SEND (0x0e|0x03|0x00)
                  raw data (1): 0e 03 00 01 00|29
02:21:39:536	> BTP_BAP_CMD_SEND (0x0e|0x03|0x00)
                  raw data (50): 
                  0e 03 00 32 00|00 df 28 1c e8 07 c0 00 29 00 01 
                  02 03 04 05 06 07 08 09 0a 0b 0c 0d 0e 0f 10 11 
                  12 13 14 15 16 17 18 19 1a 1b 1c 1d 1e 1f 20 21 
                  22 23 24 25 26 27 28
02:21:39:568	< BTP_BAP_CMD_SEND (0x0e|0x03|0x00)
                  raw data (1): 0e 03 00 01 00|29
02:21:39:568	> BTP_BAP_CMD_SEND (0x0e|0x03|0x00)
                  raw data (50): 
                  0e 03 00 32 00|00 df 28 1c e8 07 c0 00 29 00 01 
                  02 03 04 05 06 07 08 09 0a 0b 0c 0d 0e 0f 10 11 
                  12 13 14 15 16 17 18 19 1a 1b 1c 1d 1e 1f 20 21 
                  22 23 24 25 26 27 28
02:21:39:646	< BTP_BAP_CMD_SEND (0x0e|0x03|0x00)
                  raw data (1): 0e 03 00 01 00|29
02:21:39:652	> BTP_BAP_CMD_SEND (0x0e|0x03|0x00)
                  raw data (50): 
                  0e 03 00 32 00|00 df 28 1c e8 07 c0 00 29 00 01 
                  02 03 04 05 06 07 08 09 0a 0b 0c 0d 0e 0f 10 11 
                  12 13 14 15 16 17 18 19 1a 1b 1c 1d 1e 1f 20 21 
                  22 23 24 25 26 27 28
02:21:39:689	< BTP_BAP_CMD_SEND (0x0e|0x03|0x00)
                  raw data (1): 0e 03 00 01 00|29
02:21:39:690	> BTP_BAP_CMD_SEND (0x0e|0x03|0x00)
                  raw data (50): 
                  0e 03 00 32 00|00 df 28 1c e8 07 c0 00 29 00 01 
                  02 03 04 05 06 07 08 09 0a 0b 0c 0d 0e 0f 10 11 
                  12 13 14 15 16 17 18 19 1a 1b 1c 1d 1e 1f 20 21 
                  22 23 24 25 26 27 28
02:21:39:717	< BTP_BAP_CMD_SEND (0x0e|0x03|0x00)
                  raw data (1): 0e 03 00 01 00|29
02:21:39:718	> BTP_BAP_CMD_SEND (0x0e|0x03|0x00)
                  raw data (50): 
                  0e 03 00 32 00|00 df 28 1c e8 07 c0 00 29 00 01 
                  02 03 04 05 06 07 08 09 0a 0b 0c 0d 0e 0f 10 11 
                  12 13 14 15 16 17 18 19 1a 1b 1c 1d 1e 1f 20 21 
                  22 23 24 25 26 27 28
02:21:39:801	< BTP_BAP_CMD_SEND (0x0e|0x03|0x00)
                  raw data (1): 0e 03 00 01 00|29
02:21:39:807	> BTP_BAP_CMD_SEND (0x0e|0x03|0x00)
                  raw data (50): 
                  0e 03 00 32 00|00 df 28 1c e8 07 c0 00 29 00 01 
                  02 03 04 05 06 07 08 09 0a 0b 0c 0d 0e 0f 10 11 
                  12 13 14 15 16 17 18 19 1a 1b 1c 1d 1e 1f 20 21 
                  22 23 24 25 26 27 28
02:21:39:895	< BTP_BAP_CMD_SEND (0x0e|0x03|0x00)
                  raw data (1): 0e 03 00 01 00|29
02:21:39:901	> BTP_BAP_CMD_SEND (0x0e|0x03|0x00)
                  raw data (50): 
                  0e 03 00 32 00|00 df 28 1c e8 07 c0 00 29 00 01 
                  02 03 04 05 06 07 08 09 0a 0b 0c 0d 0e 0f 10 11 
                  12 13 14 15 16 17 18 19 1a 1b 1c 1d 1e 1f 20 21 
                  22 23 24 25 26 27 28
02:21:39:938	< BTP_BAP_CMD_SEND (0x0e|0x03|0x00)
                  raw data (1): 0e 03 00 01 00|29
02:21:39:955	> BTP_BAP_CMD_SEND (0x0e|0x03|0x00)
                  raw data (50): 
                  0e 03 00 32 00|00 df 28 1c e8 07 c0 00 29 00 01 
                  02 03 04 05 06 07 08 09 0a 0b 0c 0d 0e 0f 10 11 
                  12 13 14 15 16 17 18 19 1a 1b 1c 1d 1e 1f 20 21 
                  22 23 24 25 26 27 28
02:21:39:972	< BTP_BAP_CMD_SEND (0x0e|0x03|0x00)
                  raw data (1): 0e 03 00 01 00|29
02:21:39:984	> BTP_BAP_CMD_SEND (0x0e|0x03|0x00)
                  raw data (50): 
                  0e 03 00 32 00|00 df 28 1c e8 07 c0 00 29 00 01 
                  02 03 04 05 06 07 08 09 0a 0b 0c 0d 0e 0f 10 11 
                  12 13 14 15 16 17 18 19 1a 1b 1c 1d 1e 1f 20 21 
                  22 23 24 25 26 27 28
02:21:40:003	< BTP_BAP_CMD_SEND (0x0e|0x03|0x00)
                  raw data (1): 0e 03 00 01 00|29
02:21:40:004	> BTP_BAP_CMD_SEND (0x0e|0x03|0x00)
                  raw data (50): 
                  0e 03 00 32 00|00 df 28 1c e8 07 c0 00 29 00 01 
                  02 03 04 05 06 07 08 09 0a 0b 0c 0d 0e 0f 10 11 
                  12 13 14 15 16 17 18 19 1a 1b 1c 1d 1e 1f 20 21 
                  22 23 24 25 26 27 28
02:21:40:018	< BTP_BAP_CMD_SEND (0x0e|0x03|0x00)
                  raw data (1): 0e 03 00 01 00|29
02:21:40:019	> BTP_BAP_CMD_SEND (0x0e|0x03|0x00)
                  raw data (50): 
                  0e 03 00 32 00|00 df 28 1c e8 07 c0 00 29 00 01 
                  02 03 04 05 06 07 08 09 0a 0b 0c 0d 0e 0f 10 11 
                  12 13 14 15 16 17 18 19 1a 1b 1c 1d 1e 1f 20 21 
                  22 23 24 25 26 27 28
02:21:40:031	< BTP_BAP_CMD_SEND (0x0e|0x03|0x00)
                  raw data (1): 0e 03 00 01 00|29
02:21:40:040	> BTP_BAP_CMD_SEND (0x0e|0x03|0x00)
                  raw data (50): 
                  0e 03 00 32 00|00 df 28 1c e8 07 c0 00 29 00 01 
                  02 03 04 05 06 07 08 09 0a 0b 0c 0d 0e 0f 10 11 
                  12 13 14 15 16 17 18 19 1a 1b 1c 1d 1e 1f 20 21 
                  22 23 24 25 26 27 28
02:21:40:052	< BTP_BAP_CMD_SEND (0x0e|0x03|0x00)
                  raw data (1): 0e 03 00 01 00|29
02:21:40:053	> BTP_BAP_CMD_SEND (0x0e|0x03|0x00)
                  raw data (50): 
                  0e 03 00 32 00|00 df 28 1c e8 07 c0 00 29 00 01 
                  02 03 04 05 06 07 08 09 0a 0b 0c 0d 0e 0f 10 11 
                  12 13 14 15 16 17 18 19 1a 1b 1c 1d 1e 1f 20 21 
                  22 23 24 25 26 27 28
02:21:40:062	< BTP_BAP_CMD_SEND (0x0e|0x03|0x00)
                  raw data (1): 0e 03 00 01 00|29
02:21:40:064	> BTP_BAP_CMD_SEND (0x0e|0x03|0x00)
                  raw data (50): 
                  0e 03 00 32 00|00 df 28 1c e8 07 c0 00 29 00 01 
                  02 03 04 05 06 07 08 09 0a 0b 0c 0d 0e 0f 10 11 
                  12 13 14 15 16 17 18 19 1a 1b 1c 1d 1e 1f 20 21 
                  22 23 24 25 26 27 28
02:21:40:077	< BTP_BAP_CMD_SEND (0x0e|0x03|0x00)
                  raw data (1): 0e 03 00 01 00|29
02:21:40:081	> BTP_BAP_CMD_SEND (0x0e|0x03|0x00)
                  raw data (50): 
                  0e 03 00 32 00|00 df 28 1c e8 07 c0 00 29 00 01 
                  02 03 04 05 06 07 08 09 0a 0b 0c 0d 0e 0f 10 11 
                  12 13 14 15 16 17 18 19 1a 1b 1c 1d 1e 1f 20 21 
                  22 23 24 25 26 27 28
02:21:40:116	< BTP_BAP_CMD_SEND (0x0e|0x03|0x00)
                  raw data (1): 0e 03 00 01 00|29
02:21:40:119	> BTP_BAP_CMD_SEND (0x0e|0x03|0x00)
                  raw data (50): 
                  0e 03 00 32 00|00 df 28 1c e8 07 c0 00 29 00 01 
                  02 03 04 05 06 07 08 09 0a 0b 0c 0d 0e 0f 10 11 
                  12 13 14 15 16 17 18 19 1a 1b 1c 1d 1e 1f 20 21 
                  22 23 24 25 26 27 28
02:21:40:141	< BTP_BAP_CMD_SEND (0x0e|0x03|0x00)
                  raw data (1): 0e 03 00 01 00|29
02:21:40:142	> BTP_BAP_CMD_SEND (0x0e|0x03|0x00)
                  raw data (50): 
                  0e 03 00 32 00|00 df 28 1c e8 07 c0 00 29 00 01 
                  02 03 04 05 06 07 08 09 0a 0b 0c 0d 0e 0f 10 11 
                  12 13 14 15 16 17 18 19 1a 1b 1c 1d 1e 1f 20 21 
                  22 23 24 25 26 27 28
02:21:40:175	< BTP_BAP_CMD_SEND (0x0e|0x03|0x00)
                  raw data (1): 0e 03 00 01 00|29
02:21:40:179	> BTP_BAP_CMD_SEND (0x0e|0x03|0x00)
                  raw data (50): 
                  0e 03 00 32 00|00 df 28 1c e8 07 c0 00 29 00 01 
                  02 03 04 05 06 07 08 09 0a 0b 0c 0d 0e 0f 10 11 
                  12 13 14 15 16 17 18 19 1a 1b 1c 1d 1e 1f 20 21 
                  22 23 24 25 26 27 28
02:21:40:195	< BTP_BAP_CMD_SEND (0x0e|0x03|0x00)
                  raw data (1): 0e 03 00 01 00|29
02:21:40:196	> BTP_BAP_CMD_SEND (0x0e|0x03|0x00)
                  raw data (50): 
                  0e 03 00 32 00|00 df 28 1c e8 07 c0 00 29 00 01 
                  02 03 04 05 06 07 08 09 0a 0b 0c 0d 0e 0f 10 11 
                  12 13 14 15 16 17 18 19 1a 1b 1c 1d 1e 1f 20 21 
                  22 23 24 25 26 27 28
02:21:40:239	< BTP_BAP_CMD_SEND (0x0e|0x03|0x00)
                  raw data (1): 0e 03 00 01 00|29
02:21:40:240	> BTP_BAP_CMD_SEND (0x0e|0x03|0x00)
                  raw data (50): 
                  0e 03 00 32 00|00 df 28 1c e8 07 c0 00 29 00 01 
                  02 03 04 05 06 07 08 09 0a 0b 0c 0d 0e 0f 10 11 
                  12 13 14 15 16 17 18 19 1a 1b 1c 1d 1e 1f 20 21 
                  22 23 24 25 26 27 28
02:21:40:287	< BTP_BAP_CMD_SEND (0x0e|0x03|0x00)
                  raw data (1): 0e 03 00 01 00|29
02:21:40:288	> BTP_BAP_CMD_SEND (0x0e|0x03|0x00)
                  raw data (50): 
                  0e 03 00 32 00|00 df 28 1c e8 07 c0 00 29 00 01 
                  02 03 04 05 06 07 08 09 0a 0b 0c 0d 0e 0f 10 11 
                  12 13 14 15 16 17 18 19 1a 1b 1c 1d 1e 1f 20 21 
                  22 23 24 25 26 27 28
02:21:40:314	< BTP_BAP_CMD_SEND (0x0e|0x03|0x00)
                  raw data (1): 0e 03 00 01 00|29
02:21:40:315	> BTP_BAP_CMD_SEND (0x0e|0x03|0x00)
                  raw data (50): 
                  0e 03 00 32 00|00 df 28 1c e8 07 c0 00 29 00 01 
                  02 03 04 05 06 07 08 09 0a 0b 0c 0d 0e 0f 10 11 
                  12 13 14 15 16 17 18 19 1a 1b 1c 1d 1e 1f 20 21 
                  22 23 24 25 26 27 28
02:21:40:357	< BTP_BAP_CMD_SEND (0x0e|0x03|0x00)
                  raw data (1): 0e 03 00 01 00|29
02:21:40:358	> BTP_BAP_CMD_SEND (0x0e|0x03|0x00)
                  raw data (50): 
                  0e 03 00 32 00|00 df 28 1c e8 07 c0 00 29 00 01 
                  02 03 04 05 06 07 08 09 0a 0b 0c 0d 0e 0f 10 11 
                  12 13 14 15 16 17 18 19 1a 1b 1c 1d 1e 1f 20 21 
                  22 23 24 25 26 27 28
02:21:40:380	< BTP_BAP_CMD_SEND (0x0e|0x03|0x00)
                  raw data (1): 0e 03 00 01 00|29
02:21:40:387	> BTP_BAP_CMD_SEND (0x0e|0x03|0x00)
                  raw data (50): 
                  0e 03 00 32 00|00 df 28 1c e8 07 c0 00 29 00 01 
                  02 03 04 05 06 07 08 09 0a 0b 0c 0d 0e 0f 10 11 
                  12 13 14 15 16 17 18 19 1a 1b 1c 1d 1e 1f 20 21 
                  22 23 24 25 26 27 28
02:21:40:403	< BTP_BAP_CMD_SEND (0x0e|0x03|0x00)
                  raw data (1): 0e 03 00 01 00|29
02:21:40:404	> BTP_BAP_CMD_SEND (0x0e|0x03|0x00)
                  raw data (50): 
                  0e 03 00 32 00|00 df 28 1c e8 07 c0 00 29 00 01 
                  02 03 04 05 06 07 08 09 0a 0b 0c 0d 0e 0f 10 11 
                  12 13 14 15 16 17 18 19 1a 1b 1c 1d 1e 1f 20 21 
                  22 23 24 25 26 27 28
02:21:40:416	< BTP_BAP_CMD_SEND (0x0e|0x03|0x00)
                  raw data (1): 0e 03 00 01 00|29
02:21:40:418	> BTP_BAP_CMD_SEND (0x0e|0x03|0x00)
                  raw data (50): 
                  0e 03 00 32 00|00 df 28 1c e8 07 c0 00 29 00 01 
                  02 03 04 05 06 07 08 09 0a 0b 0c 0d 0e 0f 10 11 
                  12 13 14 15 16 17 18 19 1a 1b 1c 1d 1e 1f 20 21 
                  22 23 24 25 26 27 28
02:21:40:433	< BTP_BAP_CMD_SEND (0x0e|0x03|0x00)
                  raw data (1): 0e 03 00 01 00|29
02:21:40:441	> BTP_BAP_CMD_SEND (0x0e|0x03|0x00)
                  raw data (50): 
                  0e 03 00 32 00|00 df 28 1c e8 07 c0 00 29 00 01 
                  02 03 04 05 06 07 08 09 0a 0b 0c 0d 0e 0f 10 11 
                  12 13 14 15 16 17 18 19 1a 1b 1c 1d 1e 1f 20 21 
                  22 23 24 25 26 27 28
02:21:40:465	< BTP_BAP_CMD_SEND (0x0e|0x03|0x00)
                  raw data (1): 0e 03 00 01 00|29
02:21:40:467	> BTP_BAP_CMD_SEND (0x0e|0x03|0x00)
                  raw data (50): 
                  0e 03 00 32 00|00 df 28 1c e8 07 c0 00 29 00 01 
                  02 03 04 05 06 07 08 09 0a 0b 0c 0d 0e 0f 10 11 
                  12 13 14 15 16 17 18 19 1a 1b 1c 1d 1e 1f 20 21 
                  22 23 24 25 26 27 28
02:21:40:524	< BTP_BAP_CMD_SEND (0x0e|0x03|0x00)
                  raw data (1): 0e 03 00 01 00|29
02:21:40:541	> BTP_BAP_CMD_SEND (0x0e|0x03|0x00)
                  raw data (50): 
                  0e 03 00 32 00|00 df 28 1c e8 07 c0 00 29 00 01 
                  02 03 04 05 06 07 08 09 0a 0b 0c 0d 0e 0f 10 11 
                  12 13 14 15 16 17 18 19 1a 1b 1c 1d 1e 1f 20 21 
                  22 23 24 25 26 27 28
02:21:40:608	< BTP_BAP_CMD_SEND (0x0e|0x03|0x00)
                  raw data (1): 0e 03 00 01 00|29
02:21:40:645	> BTP_BAP_CMD_SEND (0x0e|0x03|0x00)
                  raw data (50): 
                  0e 03 00 32 00|00 df 28 1c e8 07 c0 00 29 00 01 
                  02 03 04 05 06 07 08 09 0a 0b 0c 0d 0e 0f 10 11 
                  12 13 14 15 16 17 18 19 1a 1b 1c 1d 1e 1f 20 21 
                  22 23 24 25 26 27 28
02:21:40:724	< BTP_BAP_CMD_SEND (0x0e|0x03|0x00)
                  raw data (1): 0e 03 00 01 00|29
02:21:40:725	> BTP_BAP_CMD_SEND (0x0e|0x03|0x00)
                  raw data (50): 
                  0e 03 00 32 00|00 df 28 1c e8 07 c0 00 29 00 01 
                  02 03 04 05 06 07 08 09 0a 0b 0c 0d 0e 0f 10 11 
                  12 13 14 15 16 17 18 19 1a 1b 1c 1d 1e 1f 20 21 
                  22 23 24 25 26 27 28
02:21:40:744	< BTP_BAP_CMD_SEND (0x0e|0x03|0x00)
                  raw data (1): 0e 03 00 01 00|29
02:21:40:759	> BTP_BAP_CMD_SEND (0x0e|0x03|0x00)
                  raw data (50): 
                  0e 03 00 32 00|00 df 28 1c e8 07 c0 00 29 00 01 
                  02 03 04 05 06 07 08 09 0a 0b 0c 0d 0e 0f 10 11 
                  12 13 14 15 16 17 18 19 1a 1b 1c 1d 1e 1f 20 21 
                  22 23 24 25 26 27 28
02:21:40:804	< BTP_BAP_CMD_SEND (0x0e|0x03|0x00)
                  raw data (1): 0e 03 00 01 00|29
02:21:40:807	> BTP_BAP_CMD_SEND (0x0e|0x03|0x00)
                  raw data (50): 
                  0e 03 00 32 00|00 df 28 1c e8 07 c0 00 29 00 01 
                  02 03 04 05 06 07 08 09 0a 0b 0c 0d 0e 0f 10 11 
                  12 13 14 15 16 17 18 19 1a 1b 1c 1d 1e 1f 20 21 
                  22 23 24 25 26 27 28
02:21:40:832	< BTP_BAP_CMD_SEND (0x0e|0x03|0x00)
                  raw data (1): 0e 03 00 01 00|29
02:21:40:832	> BTP_BAP_CMD_SEND (0x0e|0x03|0x00)
                  raw data (50): 
                  0e 03 00 32 00|00 df 28 1c e8 07 c0 00 29 00 01 
                  02 03 04 05 06 07 08 09 0a 0b 0c 0d 0e 0f 10 11 
                  12 13 14 15 16 17 18 19 1a 1b 1c 1d 1e 1f 20 21 
                  22 23 24 25 26 27 28
02:21:40:844	< BTP_BAP_CMD_SEND (0x0e|0x03|0x00)
                  raw data (1): 0e 03 00 01 00|29
02:21:40:845	> BTP_BAP_CMD_SEND (0x0e|0x03|0x00)
                  raw data (50): 
                  0e 03 00 32 00|00 df 28 1c e8 07 c0 00 29 00 01 
                  02 03 04 05 06 07 08 09 0a 0b 0c 0d 0e 0f 10 11 
                  12 13 14 15 16 17 18 19 1a 1b 1c 1d 1e 1f 20 21 
                  22 23 24 25 26 27 28
02:21:40:857	< BTP_BAP_CMD_SEND (0x0e|0x03|0x00)
                  raw data (1): 0e 03 00 01 00|29
02:21:40:867	> BTP_BAP_CMD_SEND (0x0e|0x03|0x00)
                  raw data (50): 
                  0e 03 00 32 00|00 df 28 1c e8 07 c0 00 29 00 01 
                  02 03 04 05 06 07 08 09 0a 0b 0c 0d 0e 0f 10 11 
                  12 13 14 15 16 17 18 19 1a 1b 1c 1d 1e 1f 20 21 
                  22 23 24 25 26 27 28
02:21:40:878	< BTP_BAP_CMD_SEND (0x0e|0x03|0x00)
                  raw data (1): 0e 03 00 01 00|29
02:21:40:879	> BTP_BAP_CMD_SEND (0x0e|0x03|0x00)
                  raw data (50): 
                  0e 03 00 32 00|00 df 28 1c e8 07 c0 00 29 00 01 
                  02 03 04 05 06 07 08 09 0a 0b 0c 0d 0e 0f 10 11 
                  12 13 14 15 16 17 18 19 1a 1b 1c 1d 1e 1f 20 21 
                  22 23 24 25 26 27 28
02:21:40:890	< BTP_BAP_CMD_SEND (0x0e|0x03|0x00)
                  raw data (1): 0e 03 00 01 00|29
02:21:40:895	> BTP_BAP_CMD_SEND (0x0e|0x03|0x00)
                  raw data (50): 
                  0e 03 00 32 00|00 df 28 1c e8 07 c0 00 29 00 01 
                  02 03 04 05 06 07 08 09 0a 0b 0c 0d 0e 0f 10 11 
                  12 13 14 15 16 17 18 19 1a 1b 1c 1d 1e 1f 20 21 
                  22 23 24 25 26 27 28
02:21:40:922	< BTP_BAP_CMD_SEND (0x0e|0x03|0x00)
                  raw data (1): 0e 03 00 01 00|29
02:21:40:923	> BTP_BAP_CMD_SEND (0x0e|0x03|0x00)
                  raw data (50): 
                  0e 03 00 32 00|00 df 28 1c e8 07 c0 00 29 00 01 
                  02 03 04 05 06 07 08 09 0a 0b 0c 0d 0e 0f 10 11 
                  12 13 14 15 16 17 18 19 1a 1b 1c 1d 1e 1f 20 21 
                  22 23 24 25 26 27 28
02:21:40:961	< BTP_BAP_CMD_SEND (0x0e|0x03|0x00)
                  raw data (1): 0e 03 00 01 00|29
02:21:40:963	> BTP_BAP_CMD_SEND (0x0e|0x03|0x00)
                  raw data (50): 
                  0e 03 00 32 00|00 df 28 1c e8 07 c0 00 29 00 01 
                  02 03 04 05 06 07 08 09 0a 0b 0c 0d 0e 0f 10 11 
                  12 13 14 15 16 17 18 19 1a 1b 1c 1d 1e 1f 20 21 
                  22 23 24 25 26 27 28
02:21:40:980	< BTP_BAP_CMD_SEND (0x0e|0x03|0x00)
                  raw data (1): 0e 03 00 01 00|29
02:21:40:982	> BTP_BAP_CMD_SEND (0x0e|0x03|0x00)
                  raw data (50): 
                  0e 03 00 32 00|00 df 28 1c e8 07 c0 00 29 00 01 
                  02 03 04 05 06 07 08 09 0a 0b 0c 0d 0e 0f 10 11 
                  12 13 14 15 16 17 18 19 1a 1b 1c 1d 1e 1f 20 21 
                  22 23 24 25 26 27 28
02:21:41:015	< BTP_BAP_CMD_SEND (0x0e|0x03|0x00)
                  raw data (1): 0e 03 00 01 00|29
02:21:41:047	> BTP_BAP_CMD_SEND (0x0e|0x03|0x00)
                  raw data (50): 
                  0e 03 00 32 00|00 df 28 1c e8 07 c0 00 29 00 01 
                  02 03 04 05 06 07 08 09 0a 0b 0c 0d 0e 0f 10 11 
                  12 13 14 15 16 17 18 19 1a 1b 1c 1d 1e 1f 20 21 
                  22 23 24 25 26 27 28
02:21:41:099	< BTP_BAP_CMD_SEND (0x0e|0x03|0x00)
                  raw data (1): 0e 03 00 01 00|29
02:21:41:116	> BTP_BAP_CMD_SEND (0x0e|0x03|0x00)
                  raw data (50): 
                  0e 03 00 32 00|00 df 28 1c e8 07 c0 00 29 00 01 
                  02 03 04 05 06 07 08 09 0a 0b 0c 0d 0e 0f 10 11 
                  12 13 14 15 16 17 18 19 1a 1b 1c 1d 1e 1f 20 21 
                  22 23 24 25 26 27 28
02:21:41:188	< BTP_BAP_CMD_SEND (0x0e|0x03|0x00)
                  raw data (1): 0e 03 00 01 00|29
02:21:41:189	> BTP_BAP_CMD_SEND (0x0e|0x03|0x00)
                  raw data (50): 
                  0e 03 00 32 00|00 df 28 1c e8 07 c0 00 29 00 01 
                  02 03 04 05 06 07 08 09 0a 0b 0c 0d 0e 0f 10 11 
                  12 13 14 15 16 17 18 19 1a 1b 1c 1d 1e 1f 20 21 
                  22 23 24 25 26 27 28
02:21:41:263	< BTP_BAP_CMD_SEND (0x0e|0x03|0x00)
                  raw data (1): 0e 03 00 01 00|29
02:21:41:267	> BTP_BAP_CMD_SEND (0x0e|0x03|0x00)
                  raw data (50): 
                  0e 03 00 32 00|00 df 28 1c e8 07 c0 00 29 00 01 
                  02 03 04 05 06 07 08 09 0a 0b 0c 0d 0e 0f 10 11 
                  12 13 14 15 16 17 18 19 1a 1b 1c 1d 1e 1f 20 21 
                  22 23 24 25 26 27 28
02:21:41:319	< BTP_BAP_CMD_SEND (0x0e|0x03|0x00)
                  raw data (1): 0e 03 00 01 00|29
02:21:55:647	< BTP_CORE_EV_IUT_READY (0x00|0x80|0xff)
                  raw data (0): 00 80 ff 00 00|
