Applying system reset.
Run.
Applying system reset.
Run.
< 2022/12/29 15:23:47.019547  length=5 from=0 to=4
 00 80 ff 00 00                                   .....
--
> 2022/12/29 15:23:47.115445  length=6 from=0 to=5
 00 03 ff 01 00 01                                ......
--
< 2022/12/29 15:23:47.130499  length=5 from=5 to=9
 00 03 ff 00 00                                   .....
--
> 2022/12/29 15:23:47.258492  length=6 from=6 to=11
 00 03 ff 01 00 04                                ......
--
< 2022/12/29 15:23:47.274566  length=5 from=10 to=14
 00 03 ff 00 00                                   .....
--
> 2022/12/29 15:23:47.336418  length=5 from=12 to=16
 01 03 00 00 00                                   .....
--
< 2022/12/29 15:23:47.400618  length=147 from=15 to=161
 01 03 00 15 01 70 1f c4 76 e7 dc 13 06 00 00 13  .....p..v.......
 82 00 00 00 00 00 62 74 70 5f 74 65 73 74 65 72  ......btp_tester
 00 00 00 00 00 00 00 00 00 00 00 00 00 00 00 00  ................
 00 00 00 00 00 00 00 00 00 00 00 00 00 00 00 00  ................
 00 00 00 00 00 00 00 00 00 00 00 00 00 00 00 00  ................
 00 00 00 00 00 00 00 00 00 00 00 00 00 00 00 00  ................
 00 00 00 00 00 00 00 00 00 00 00 00 00 00 00 00  ................
 00 00 00 00 00 00 00 00 00 00 00 00 00 00 00 00  ................
 00 00 00 00 00 00 00 00 00 00 00 00 00 00 00 00  ................
 00 00 00                                         ...
--
< 2022/12/29 15:23:47.402355  length=11 from=162 to=172
 00 00 00 00 00 00 00 00 00 00 00                 ...........
--
< 2022/12/29 15:23:47.402652  length=12 from=173 to=184
 00 00 00 00 00 00 00 00 00 00 00 00              ............
--
< 2022/12/29 15:23:47.416597  length=112 from=185 to=296
 00 00 00 00 00 00 00 00 00 00 00 00 00 00 00 00  ................
 00 00 00 00 00 00 00 00 00 00 00 00 00 00 00 00  ................
 00 00 00 00 00 00 00 00 00 00 00 00 00 00 00 00  ................
 00 00 00 00 00 00 00 00 00 00 00 00 00 00 00 00  ................
 00 00 00 00 00 00 00 00 00 00 00 00 00 00 00 00  ................
 00 00 00 00 00 00 00 00 00 00 00 00 00 00 00 00  ................
 00 00 00 00 00 00 00 00 00 00 00 00 00 00 00 00  ................
--
> 2022/12/29 15:23:54.109622  length=44 from=17 to=60
 04 02 00 27 00 aa d6 de 7d 71 86 42 a1 b5 ec 36  ...'....}q.B...6
 26 4e 8a 9c 3c 00 00 00 00 00 00 00 00 00 00 00  &N..<...........
 00 00 00 00 00 02 08 00 00 00 00 00              ............
--
< 2022/12/29 15:23:54.125759  length=5 from=297 to=301
 04 02 00 00 00                                   .....
--
> 2022/12/29 15:23:54.205588  length=5 from=61 to=65
 04 04 00 00 00                                   .....
--
< 2022/12/29 15:23:54.221601  length=5 from=302 to=306
 04 04 00 00 00                                   .....
--
< 2022/12/29 15:23:54.237710  length=6 from=307 to=312
 04 84 00 01 00 00                                ......
--
< 2022/12/29 15:23:56.362210  length=5 from=313 to=317
 04 83 00 00 00                                   .....
--
< 2022/12/29 15:23:57.623130  length=6 from=318 to=323
 04 85 00 01 00 00                                ......
--
< 2022/12/29 15:23:58.761857  length=27 from=324 to=350
 04 86 00 16 00 03 00 01 00 02 00 0f 80 80 00 00  ................
 2f 2a cf 28 b7 aa 09 5b e5 f7 03                 /*.(...[...
--
< 2022/12/29 15:23:59.001783  length=19 from=351 to=369
 04 86 00 0e 00 07 01 01 00 02 00 07 00 00 04 00  ................
 00 00 07                                         ...
--
< 2022/12/29 15:23:59.126977  length=28 from=370 to=397
 04 86 00 17 00 03 00 01 00 02 00 10 80 00 08 01  ................
 e0 4e ab 6c b7 d9 80 93 48 5e 1d bb              .N.l....H^..
--
< 2022/12/29 15:23:59.157978  length=28 from=398 to=425
 04 86 00 17 00 03 00 01 00 02 00 10 80 00 08 21  ...............!
 d8 c0 64 3b ab d3 ca ba 8d ad fa 12              ..d;........
--
< 2022/12/29 15:23:59.286020  length=28 from=426 to=453
 04 86 00 17 00 03 00 01 00 02 00 10 80 00 10 00  ................
 c6 0a                                            ..
 ec ae 64 29 17 76 bc 0f a7 e8                    ..d).v....
--
< 2022/12/29 15:23:59.427653  length=28 from=454 to=481
 04 86 00 17 00 03 00 01 00 02 00 10 80 00 14 00  ................
 f2 93 f5 45 9e 51 21 3a 6c d2 e6 fb              ...E.Q!:l...
--
< 2022/12/29 15:23:59.570791  length=28 from=482 to=509
 04 86 00 17 00 03 00 01 00 02 00 10 f3 80 18 08  ................
 41 4e 5c 8e 55 de 5d 0a                          AN\.U.].
 23 e9 82 3e                                      #..>
--
< 2022/12/29 15:23:59.633758  length=28 from=510 to=537
 04 86 00 17 00 03 00 01 00 02 00 10 f3 80 18 28  ...............(
 05 03 a5 60 ec 7b 6c 20 9c 32 6e ff              ...`.{l .2n.
--
< 2022/12/29 15:23:59.649091  length=28 from=538 to=565
 04 86 00 17 00 03 00 01 00 02 00 10 f3 80 18 48  ...............H
 17 38 57 9b 6d 71 05 64 89 e7 5a 18              .8W.mq.d..Z.
--
< 2022/12/29 15:23:59.680721  length=28 from=566 to=593
 04 86 00 17 00 03 00 01 00 02 00 10 f3 80 18 68  ...............h
 59 a5 44 1a d7 b7 4e b8 bb f8 cb 4c              Y.D...N....L
--
< 2022/12/29 15:23:59.712494  length=28 from=594 to=621
 04 86 00 17 00 03 00 01 00 02 00 10 f3 80 18 88  ................
 89 42 03 4b ba 0e e3 83 91 f5 64 16              .B.K......d.
--
< 2022/12/29 15:23:59.744474  length=28 from=622 to=649
 04 86 00 17 00 03 00 01 00 02 00 10 f3 80 18 a8  ................
 b5 8f 80 00 5b a5 ac 6c ae 2b cf 66              ....[..l.+.f
--
< 2022/12/29 15:23:59.776469  length=28 from=650 to=677
 04 86 00 17 00 03 00 01 00 02 00 10 f3 80 18 c8  ................
 4e d2 70 9e 7a bb 54 d8 ab 31 83 a0              N.p.z.T..1..
--
< 2022/12/29 15:23:59.807451  length=28 from=678 to=705
 04 86 00 17 00 03 00 01 00 02 00 10 f3 80 18 e8  ................
 32 59 59 73 a0 35 a9 14 ba 03 ab cd              2YYs.5......
--
< 2022/12/29 15:25:00.205246  length=5 from=706 to=710
 04 88 00 00 00                                   .....
--
< 2022/12/29 15:25:00.333322  length=28 from=711 to=738
 04 86 00 17 00 03 00 01 00 02 00 10 f3 80 19 08  ................
 a4 29 88 ba da 87 b4 5d 35 44 c9 ad              .).....]5D..
--
Applying system reset.
Run.
