*** Booting Zephyr OS build zephyr-v3.4.0-4753-ga59b67c52114 ***
[00:00:00.253,326] <dbg> bttester: tester_init: Initializing tester
[00:00:06.910,064] <inf> bt_hci_core: HW Platform: Nordic Semiconductor (0x0002)
[00:00:06.910,095] <inf> bt_hci_core: HW Variant: nRF53x (0x0003)
[00:00:06.910,125] <inf> bt_hci_core: Firmware: Standard Bluetooth controller (0x00) Version 3.4 Build 99
[00:00:06.912,322] <inf> bt_hci_core: Identity: D7:B8:1B:0B:51:C3 (random)
[00:00:06.912,353] <inf> bt_hci_core: HCI: version 5.4 (0x0d) revision 0x0000, manufacturer 0x05f1
[00:00:06.912,384] <inf> bt_hci_core: LMP: version 5.4 (0x0d) subver 0xffff
[00:00:07.260,711] <dbg> bttester_gap: set_io_cap: io_cap: 0
[00:00:19.193,145] <dbg> bt_vcp_vol_ctlr: primary_discover_func: [ATTRIBUTE] handle 0x00A0
[00:00:19.193,176] <dbg> bt_vcp_vol_ctlr: primary_discover_func: Primary discover complete
[00:00:19.343,200] <dbg> bt_vcp_vol_ctlr: vcs_discover_func: [ATTRIBUTE] handle 0x00A3
[00:00:19.343,231] <dbg> bt_vcp_vol_ctlr: vcs_discover_func: Volume state
[00:00:19.343,322] <dbg> bt_vcp_vol_ctlr: vcs_discover_func: Subscribed to handle 0x00A3
[00:00:19.343,353] <dbg> bt_vcp_vol_ctlr: vcs_discover_func: [ATTRIBUTE] handle 0x00A6
[00:00:19.343,353] <dbg> bt_vcp_vol_ctlr: vcs_discover_func: Flags
[00:00:19.343,444] <dbg> bt_vcp_vol_ctlr: vcs_discover_func: Subscribed to handle 0x00A6
[00:00:19.343,444] <dbg> bt_vcp_vol_ctlr: vcs_discover_func: [ATTRIBUTE] handle 0x00A9
[00:00:19.343,475] <dbg> bt_vcp_vol_ctlr: vcs_discover_func: Control Point
[00:00:19.643,157] <dbg> bt_vcp_vol_ctlr: vcs_discover_func: Setup complete for vol_ctlr
[00:00:19.943,206] <dbg> bt_vcp_vol_ctlr: vcs_discover_include_func: [ATTRIBUTE] handle 0x00A1
[00:00:19.943,237] <dbg> bt_vcp_vol_ctlr: vcs_discover_include_func: Include UUID 1843
[00:00:20.693,145] <dbg> bt_vcp_vol_ctlr: vcs_discover_include_func: [ATTRIBUTE] handle 0x00A2
[00:00:20.693,237] <dbg> bt_vcp_vol_ctlr: vcs_discover_include_func: Include UUID 1845
[00:00:21.593,139] <dbg> bt_vcp_vol_ctlr: vcs_discover_include_func: Discover include complete for vol_ctlr: 1 AICS and 1 VOCS
[00:00:21.593,139] <dbg> bttester_vcp: vcp_vol_ctlr_discover_cb: Discovery done with 1 VOCS, 1 AICS
[00:00:21.691,741] <dbg> bttester_aics: aics_state_get: AICS State
[00:00:21.794,433] <dbg> bttester_aics: aics_state_cb: AICS state callback (0)
[00:00:21.915,740] <dbg> bttester_aics: aics_set_gain: AICS set gain 10
[00:00:22.194,244] <dbg> bttester_aics: aics_set_gain_cb: AICS set gain cb (0)
