2022-03-26 23:03:32,438 root DEBUG client.py                 778   run_test_case_thread_entry : Starting TestCase wrapper L2CAP L2CAP/ECFC/BV-24-C
2022-03-26 23:03:32,438 root DEBUG testcase.py               718   pre_run                   : pre_run L2CAP L2CAP/ECFC/BV-24-C
2022-03-26 23:03:32,438 root DEBUG testcase.py               720   pre_run                   : About to run test case L2CAP L2CAP/ECFC/BV-24-C with commands:
2022-03-26 23:03:32,438 root DEBUG testcase.py               723   pre_run                   : 0) class=<class 'autopts.ptsprojects.testcase.TestFunc'>, func=<bound method ZephyrCtl.start of <autopts.ptsprojects.zephyr.iutctl.ZephyrCtl object at 0x000001F646E673D0>> start_wid=None stop_wid=None post_wid=None skip_call=None call_count=0 args=(<autopts.ptsprojects.zephyr.ztestcase.ZTestCase object at 0x000001F646ED7A00>,) kwds={}
2022-03-26 23:03:32,438 root DEBUG testcase.py               723   pre_run                   : 1) class=<class 'autopts.ptsprojects.testcase.TestFunc'>, func=<bound method ZephyrCtl.wait_iut_ready_event of <autopts.ptsprojects.zephyr.iutctl.ZephyrCtl object at 0x000001F646E673D0>> start_wid=None stop_wid=None post_wid=None skip_call=None call_count=0 args=() kwds={}
2022-03-26 23:03:32,438 root DEBUG testcase.py               723   pre_run                   : 2) class=<class 'autopts.ptsprojects.testcase.TestFunc'>, func=<function core_reg_svc_gap at 0x000001F645593A60> start_wid=None stop_wid=None post_wid=None skip_call=None call_count=100 args=() kwds={}
2022-03-26 23:03:32,438 root DEBUG testcase.py               723   pre_run                   : 3) class=<class 'autopts.ptsprojects.testcase.TestFunc'>, func=<function core_reg_svc_l2cap at 0x000001F645593CA0> start_wid=None stop_wid=None post_wid=None skip_call=None call_count=100 args=() kwds={}
2022-03-26 23:03:32,438 root DEBUG testcase.py               723   pre_run                   : 4) class=<class 'autopts.ptsprojects.testcase.TestFunc'>, func=<function gap_read_ctrl_info at 0x000001F6455D04C0> start_wid=None stop_wid=None post_wid=None skip_call=None call_count=100 args=() kwds={}
2022-03-26 23:03:32,438 root DEBUG testcase.py               723   pre_run                   : 5) class=<class 'autopts.ptsprojects.testcase.TestFunc'>, func=<function test_cases.<locals>.<lambda> at 0x000001F646E56940> start_wid=None stop_wid=None post_wid=None skip_call=None call_count=100 args=() kwds={}
2022-03-26 23:03:32,438 root DEBUG testcase.py               723   pre_run                   : 6) class=<class 'autopts.ptsprojects.testcase.TestFunc'>, func=<function test_cases.<locals>.<lambda> at 0x000001F646E568B0> start_wid=None stop_wid=None post_wid=None skip_call=None call_count=100 args=() kwds={}
2022-03-26 23:03:32,438 root DEBUG testcase.py               723   pre_run                   : 7) class=<class 'autopts.ptsprojects.testcase.TestFunc'>, func=<function test_cases.<locals>.<lambda> at 0x000001F646E7CB80> start_wid=None stop_wid=None post_wid=None skip_call=None call_count=100 args=() kwds={}
2022-03-26 23:03:32,438 root DEBUG testcase.py               723   pre_run                   : 8) class=<class 'autopts.ptsprojects.testcase.TestFunc'>, func=<function test_cases.<locals>.<lambda> at 0x000001F646E7CC10> start_wid=None stop_wid=None post_wid=None skip_call=None call_count=100 args=() kwds={}
2022-03-26 23:03:32,438 root DEBUG testcase.py               723   pre_run                   : 9) class=<class 'autopts.ptsprojects.testcase.TestFunc'>, func=<function test_cases.<locals>.<lambda> at 0x000001F646E7CCA0> start_wid=None stop_wid=None post_wid=None skip_call=None call_count=100 args=() kwds={}
2022-03-26 23:03:32,438 root DEBUG testcase.py               723   pre_run                   : 10) class=<class 'autopts.ptsprojects.testcase.TestFunc'>, func=<function test_cases.<locals>.<lambda> at 0x000001F646E7CD30> start_wid=None stop_wid=None post_wid=None skip_call=None call_count=100 args=() kwds={}
2022-03-26 23:03:32,438 root DEBUG testcase.py               723   pre_run                   : 11) class=<class 'autopts.ptsprojects.testcase.TestFunc'>, func=<function test_cases.<locals>.<lambda> at 0x000001F646E7CDC0> start_wid=None stop_wid=None post_wid=None skip_call=None call_count=100 args=() kwds={}
2022-03-26 23:03:32,438 root DEBUG testcase.py               723   pre_run                   : 12) class=<class 'autopts.ptsprojects.testcase.TestFunc'>, func=<function test_cases.<locals>.<lambda> at 0x000001F646E7CE50> start_wid=None stop_wid=None post_wid=None skip_call=None call_count=100 args=() kwds={}
2022-03-26 23:03:32,438 root DEBUG testcase.py               723   pre_run                   : 13) class=<class 'autopts.ptsprojects.testcase.TestFunc'>, func=<function test_cases.<locals>.<lambda> at 0x000001F646E7CEE0> start_wid=None stop_wid=None post_wid=None skip_call=None call_count=100 args=() kwds={}
2022-03-26 23:03:32,438 root DEBUG testcase.py               723   pre_run                   : 14) class=<class 'autopts.ptsprojects.testcase.TestFunc'>, func=<function test_cases.<locals>.<lambda> at 0x000001F646E7CF70> start_wid=None stop_wid=None post_wid=None skip_call=None call_count=100 args=() kwds={}
2022-03-26 23:03:32,438 root DEBUG testcase.py               723   pre_run                   : 15) class=<class 'autopts.ptsprojects.testcase.TestFunc'>, func=<function test_cases.<locals>.<lambda> at 0x000001F646E99040> start_wid=None stop_wid=None post_wid=None skip_call=None call_count=100 args=() kwds={}
2022-03-26 23:03:32,438 root DEBUG testcase.py               723   pre_run                   : 16) class=<class 'autopts.ptsprojects.testcase.TestFunc'>, func=<function test_cases.<locals>.<lambda> at 0x000001F646E990D0> start_wid=None stop_wid=None post_wid=None skip_call=None call_count=100 args=() kwds={}
2022-03-26 23:03:32,438 root DEBUG testcase.py               723   pre_run                   : 17) class=<class 'autopts.ptsprojects.testcase.TestFunc'>, func=<function test_cases.<locals>.<lambda> at 0x000001F646E99160> start_wid=None stop_wid=None post_wid=None skip_call=None call_count=100 args=() kwds={}
2022-03-26 23:03:32,438 root DEBUG testcase.py               723   pre_run                   : 18) class=<class 'autopts.ptsprojects.testcase.TestFunc'>, func=<function set_pts_addr at 0x000001F6455939D0> start_wid=None stop_wid=None post_wid=None skip_call=None call_count=100 args=('C0:07:E8:60:15:B9', 0) kwds={}
2022-03-26 23:03:32,438 root DEBUG testcase.py               723   pre_run                   : 19) class=<class 'autopts.ptsprojects.testcase.TestFunc'>, func=<bound method Stack.l2cap_init of <autopts.ptsprojects.stack.Stack object at 0x000001F646E674F0>> start_wid=None stop_wid=None post_wid=None skip_call=None call_count=79 args=(128, 120) kwds={}
2022-03-26 23:03:32,438 root DEBUG testcase.py               723   pre_run                   : 20) class=<class 'autopts.ptsprojects.testcase.TestFunc'>, func=<function l2cap_le_listen at 0x000001F6455E6F70> start_wid=None stop_wid=None post_wid=None skip_call=None call_count=79 args=(128, 120, 0) kwds={}
2022-03-26 23:03:32,438 root DEBUG testcase.py               723   pre_run                   : 21) class=<class 'autopts.ptsprojects.testcase.TestFuncCleanUp'>, func=<bound method Stack.cleanup of <autopts.ptsprojects.stack.Stack object at 0x000001F646E674F0>> start_wid=None stop_wid=None post_wid=None skip_call=None call_count=0 args=() kwds={}
2022-03-26 23:03:32,438 root DEBUG testcase.py               723   pre_run                   : 22) class=<class 'autopts.ptsprojects.testcase.TestFuncCleanUp'>, func=<bound method ZephyrCtl.stop of <autopts.ptsprojects.zephyr.iutctl.ZephyrCtl object at 0x000001F646E673D0>> start_wid=None stop_wid=None post_wid=None skip_call=None call_count=0 args=() kwds={}
2022-03-26 23:03:32,438 root DEBUG testcase.py               730   pre_run                   : post_run, run pre test case script
2022-03-26 23:03:32,438 root DEBUG testcase.py               246   start                     : Starting test function: class=<class 'autopts.ptsprojects.testcase.TestFunc'>, func=<bound method ZephyrCtl.start of <autopts.ptsprojects.zephyr.iutctl.ZephyrCtl object at 0x000001F646E673D0>> start_wid=None stop_wid=None post_wid=None skip_call=None call_count=1 args=(<autopts.ptsprojects.zephyr.ztestcase.ZTestCase object at 0x000001F646ED7A00>,) kwds={}
2022-03-26 23:03:32,438 root DEBUG testcase.py               258   start                     : Test function parameters: args=(<autopts.ptsprojects.zephyr.ztestcase.ZTestCase object at 0x000001F646ED7A00>,), kwds={}
2022-03-26 23:03:32,438 root DEBUG iutctl.py                 97    start                     : <class 'autopts.ptsprojects.zephyr.iutctl.ZephyrCtl'>.start
2022-03-26 23:03:32,438 root DEBUG iutctl.py                 158   flush_serial              : <class 'autopts.ptsprojects.zephyr.iutctl.ZephyrCtl'>.flush_serial
2022-03-26 23:03:33,500 root DEBUG iutctl.py                 123   start                     : Starting socat process: socat.exe -x -v tcp:192.168.9.43:64965,retry=100,interval=1 /dev/ttyS4,raw,b115200
2022-03-26 23:03:33,516 root DEBUG iutctl_common.py          276   accept                    : accept
2022-03-26 23:03:33,531 root DEBUG testcase.py               246   start                     : Starting test function: class=<class 'autopts.ptsprojects.testcase.TestFunc'>, func=<bound method ZephyrCtl.wait_iut_ready_event of <autopts.ptsprojects.zephyr.iutctl.ZephyrCtl object at 0x000001F646E673D0>> start_wid=None stop_wid=None post_wid=None skip_call=None call_count=1 args=() kwds={}
2022-03-26 23:03:33,531 root DEBUG testcase.py               258   start                     : Test function parameters: args=(), kwds={}
2022-03-26 23:03:33,531 root DEBUG iutctl.py                 197   reset                     : <class 'autopts.ptsprojects.zephyr.iutctl.ZephyrCtl'>.reset
2022-03-26 23:03:33,531 root DEBUG iutctl.py                 232   stop                      : <class 'autopts.ptsprojects.zephyr.iutctl.ZephyrCtl'>.stop
2022-03-26 23:03:34,533 root DEBUG iutctl.py                 97    start                     : <class 'autopts.ptsprojects.zephyr.iutctl.ZephyrCtl'>.start
2022-03-26 23:03:34,533 root DEBUG iutctl.py                 158   flush_serial              : <class 'autopts.ptsprojects.zephyr.iutctl.ZephyrCtl'>.flush_serial
2022-03-26 23:03:35,583 root DEBUG iutctl.py                 123   start                     : Starting socat process: socat.exe -x -v tcp:192.168.9.43:64967,retry=100,interval=1 /dev/ttyS4,raw,b115200
2022-03-26 23:03:35,583 root DEBUG iutctl_common.py          276   accept                    : accept
2022-03-26 23:03:35,599 root DEBUG iutctl.py                 158   flush_serial              : <class 'autopts.ptsprojects.zephyr.iutctl.ZephyrCtl'>.flush_serial
2022-03-26 23:03:35,599 root DEBUG __init__.py               48    reset                     : About to reset DUT: 'nrfjprog -r -s 683357425'
2022-03-26 23:03:36,013 root DEBUG iutctl_common.py          215   read                      : read
2022-03-26 23:03:36,279 root DEBUG iutctl_common.py          74    read                      : Read 5 bytes
2022-03-26 23:03:36,294 root DEBUG iutctl_common.py          83    read                      : Received: hdr: Header(svc_id=0, op=128, ctrl_index=255, data_len=0) bytearray(b'\x00\x80\xff\x00\x00')
2022-03-26 23:03:36,310 root DEBUG iutctl_common.py          96    read                      : Received data: "('',)", bytearray(b'')
2022-03-26 23:03:36,341 root DEBUG btp.py                    467   event_handler             : event_handler Header(svc_id=0, op=128, ctrl_index=255, data_len=0) (b'',)
2022-03-26 23:03:36,361 root ERROR btp.py                    499   event_handler             : Unhandled event! svc_id 0 op 128
2022-03-26 23:03:36,361 root DEBUG iutctl.py                 225   wait_iut_ready_event      : IUT ready event received OK
2022-03-26 23:03:36,361 root DEBUG testcase.py               246   start                     : Starting test function: class=<class 'autopts.ptsprojects.testcase.TestFunc'>, func=<function core_reg_svc_gap at 0x000001F645593A60> start_wid=None stop_wid=None post_wid=None skip_call=None call_count=101 args=() kwds={}
2022-03-26 23:03:36,361 root DEBUG testcase.py               258   start                     : Test function parameters: args=(), kwds={}
2022-03-26 23:03:36,361 root DEBUG btp.py                    304   core_reg_svc_gap          : core_reg_svc_gap
2022-03-26 23:03:36,361 root DEBUG iutctl_common.py          102   send                      : send, 0 3 255 '1'
2022-03-26 23:03:36,361 root DEBUG iutctl_common.py          107   send                      : sending frame '0003ff010001'
2022-03-26 23:03:36,361 root DEBUG btp.py                    386   core_reg_svc_rsp_succ     : core_reg_svc_rsp_succ
2022-03-26 23:03:36,361 root DEBUG iutctl_common.py          215   read                      : read
2022-03-26 23:03:36,423 root DEBUG iutctl_common.py          74    read                      : Read 5 bytes
2022-03-26 23:03:36,423 root DEBUG iutctl_common.py          83    read                      : Received: hdr: Header(svc_id=0, op=3, ctrl_index=255, data_len=0) bytearray(b'\x00\x03\xff\x00\x00')
2022-03-26 23:03:36,423 root DEBUG iutctl_common.py          96    read                      : Received data: "('',)", bytearray(b'')
2022-03-26 23:03:36,423 root DEBUG btp.py                    397   core_reg_svc_rsp_succ     : received Header(svc_id=0, op=3, ctrl_index=255, data_len=0) (b'',)
2022-03-26 23:03:36,423 root DEBUG btp.py                    398   core_reg_svc_rsp_succ     : expected ((0, 3, 255, 0), (b'',))
2022-03-26 23:03:36,423 root DEBUG btp.py                    403   core_reg_svc_rsp_succ     : response is valid
2022-03-26 23:03:36,423 root DEBUG testcase.py               246   start                     : Starting test function: class=<class 'autopts.ptsprojects.testcase.TestFunc'>, func=<function core_reg_svc_l2cap at 0x000001F645593CA0> start_wid=None stop_wid=None post_wid=None skip_call=None call_count=101 args=() kwds={}
2022-03-26 23:03:36,423 root DEBUG testcase.py               258   start                     : Test function parameters: args=(), kwds={}
2022-03-26 23:03:36,423 root DEBUG btp.py                    338   core_reg_svc_l2cap        : core_reg_svc_l2cap
2022-03-26 23:03:36,423 root DEBUG iutctl_common.py          102   send                      : send, 0 3 255 '3'
2022-03-26 23:03:36,423 root DEBUG iutctl_common.py          107   send                      : sending frame '0003ff010003'
2022-03-26 23:03:36,423 root DEBUG btp.py                    386   core_reg_svc_rsp_succ     : core_reg_svc_rsp_succ
2022-03-26 23:03:36,423 root DEBUG iutctl_common.py          215   read                      : read
2022-03-26 23:03:36,525 root DEBUG iutctl_common.py          74    read                      : Read 5 bytes
2022-03-26 23:03:36,557 root DEBUG iutctl_common.py          83    read                      : Received: hdr: Header(svc_id=0, op=3, ctrl_index=255, data_len=0) bytearray(b'\x00\x03\xff\x00\x00')
2022-03-26 23:03:36,588 root DEBUG iutctl_common.py          96    read                      : Received data: "('',)", bytearray(b'')
2022-03-26 23:03:36,588 root DEBUG btp.py                    397   core_reg_svc_rsp_succ     : received Header(svc_id=0, op=3, ctrl_index=255, data_len=0) (b'',)
2022-03-26 23:03:36,588 root DEBUG btp.py                    398   core_reg_svc_rsp_succ     : expected ((0, 3, 255, 0), (b'',))
2022-03-26 23:03:36,588 root DEBUG btp.py                    403   core_reg_svc_rsp_succ     : response is valid
2022-03-26 23:03:36,588 root DEBUG testcase.py               246   start                     : Starting test function: class=<class 'autopts.ptsprojects.testcase.TestFunc'>, func=<function gap_read_ctrl_info at 0x000001F6455D04C0> start_wid=None stop_wid=None post_wid=None skip_call=None call_count=101 args=() kwds={}
2022-03-26 23:03:36,588 root DEBUG testcase.py               258   start                     : Test function parameters: args=(), kwds={}
2022-03-26 23:03:36,588 root DEBUG gap.py                    855   gap_read_ctrl_info        : gap_read_ctrl_info
2022-03-26 23:03:36,588 root DEBUG iutctl_common.py          102   send                      : send, 1 3 0 ''
2022-03-26 23:03:36,588 root DEBUG iutctl_common.py          107   send                      : sending frame '0103000000'
2022-03-26 23:03:36,588 root DEBUG iutctl_common.py          215   read                      : read
2022-03-26 23:03:36,713 root DEBUG iutctl_common.py          74    read                      : Read 5 bytes
2022-03-26 23:03:36,728 root DEBUG iutctl_common.py          83    read                      : Received: hdr: Header(svc_id=1, op=3, ctrl_index=0, data_len=277) bytearray(b'\x01\x03\x00\x15\x01')
2022-03-26 23:03:36,728 root DEBUG iutctl_common.py          96    read                      : Received data: "('6§ \xad\x80ü\x13\x06\x00\x00\x13\x82\x00\x00\x00\x00\x00btp_tester\x00\x00\x00\x00\x00\x00\x00\x00\x00\x00\x00\x00\x00\x00\x00\x00\x00\x00\x00\x00\x00\x00\x00\x00\x00\x00\x00\x00\x00\x00\x00\x00\x00\x00\x00\x00\x00\x00\x00\x00\x00\x00\x00\x00\x00\x00\x00\x00\x00\x00\x00\x00\x00\x00\x00\x00\x00\x00\x00\x00\x00\x00\x00\x00\x00\x00\x00\x00\x00\x00\x00\x00\x00\x00\x00\x00\x00\x00\x00\x00\x00\x00\x00\x00\x00\x00\x00\x00\x00\x00\x00\x00\x00\x00\x00\x00\x00\x00\x00\x00\x00\x00\x00\x00\x00\x00\x00\x00\x00\x00\x00\x00\x00\x00\x00\x00\x00\x00\x00\x00\x00\x00\x00\x00\x00\x00\x00\x00\x00\x00\x00\x00\x00\x00\x00\x00\x00\x00\x00\x00\x00\x00\x00\x00\x00\x00\x00\x00\x00\x00\x00\x00\x00\x00\x00\x00\x00\x00\x00\x00\x00\x00\x00\x00\x00\x00\x00\x00\x00\x00\x00\x00\x00\x00\x00\x00\x00\x00\x00\x00\x00\x00\x00\x00\x00\x00\x00\x00\x00\x00\x00\x00\x00\x00\x00\x00\x00\x00\x00\x00\x00\x00\x00\x00\x00\x00\x00\x00\x00\x00\x00\x00\x00\x00\x00\x00\x00\x00\x00\x00\x00\x00\x00\x00\x00\x00\x00\x00\x00\x00\x00\x00\x00\x00\x00\x00\x00\x00\x00\x00\x00\x00\x00\x00\x00\x00\x00\x00\x00\x00',)", bytearray(b'6\xa7 \xad\x80\xfc\x13\x06\x00\x00\x13\x82\x00\x00\x00\x00\x00btp_tester\x00\x00\x00\x00\x00\x00\x00\x00\x00\x00\x00\x00\x00\x00\x00\x00\x00\x00\x00\x00\x00\x00\x00\x00\x00\x00\x00\x00\x00\x00\x00\x00\x00\x00\x00\x00\x00\x00\x00\x00\x00\x00\x00\x00\x00\x00\x00\x00\x00\x00\x00\x00\x00\x00\x00\x00\x00\x00\x00\x00\x00\x00\x00\x00\x00\x00\x00\x00\x00\x00\x00\x00\x00\x00\x00\x00\x00\x00\x00\x00\x00\x00\x00\x00\x00\x00\x00\x00\x00\x00\x00\x00\x00\x00\x00\x00\x00\x00\x00\x00\x00\x00\x00\x00\x00\x00\x00\x00\x00\x00\x00\x00\x00\x00\x00\x00\x00\x00\x00\x00\x00\x00\x00\x00\x00\x00\x00\x00\x00\x00\x00\x00\x00\x00\x00\x00\x00\x00\x00\x00\x00\x00\x00\x00\x00\x00\x00\x00\x00\x00\x00\x00\x00\x00\x00\x00\x00\x00\x00\x00\x00\x00\x00\x00\x00\x00\x00\x00\x00\x00\x00\x00\x00\x00\x00\x00\x00\x00\x00\x00\x00\x00\x00\x00\x00\x00\x00\x00\x00\x00\x00\x00\x00\x00\x00\x00\x00\x00\x00\x00\x00\x00\x00\x00\x00\x00\x00\x00\x00\x00\x00\x00\x00\x00\x00\x00\x00\x00\x00\x00\x00\x00\x00\x00\x00\x00\x00\x00\x00\x00\x00\x00\x00\x00\x00\x00\x00\x00\x00\x00\x00\x00\x00\x00\x00\x00\x00\x00\x00\x00')
2022-03-26 23:03:36,744 root DEBUG gap.py                    862   gap_read_ctrl_info        : received Header(svc_id=1, op=3, ctrl_index=0, data_len=277) (b'6\xa7 \xad\x80\xfc\x13\x06\x00\x00\x13\x82\x00\x00\x00\x00\x00btp_tester\x00\x00\x00\x00\x00\x00\x00\x00\x00\x00\x00\x00\x00\x00\x00\x00\x00\x00\x00\x00\x00\x00\x00\x00\x00\x00\x00\x00\x00\x00\x00\x00\x00\x00\x00\x00\x00\x00\x00\x00\x00\x00\x00\x00\x00\x00\x00\x00\x00\x00\x00\x00\x00\x00\x00\x00\x00\x00\x00\x00\x00\x00\x00\x00\x00\x00\x00\x00\x00\x00\x00\x00\x00\x00\x00\x00\x00\x00\x00\x00\x00\x00\x00\x00\x00\x00\x00\x00\x00\x00\x00\x00\x00\x00\x00\x00\x00\x00\x00\x00\x00\x00\x00\x00\x00\x00\x00\x00\x00\x00\x00\x00\x00\x00\x00\x00\x00\x00\x00\x00\x00\x00\x00\x00\x00\x00\x00\x00\x00\x00\x00\x00\x00\x00\x00\x00\x00\x00\x00\x00\x00\x00\x00\x00\x00\x00\x00\x00\x00\x00\x00\x00\x00\x00\x00\x00\x00\x00\x00\x00\x00\x00\x00\x00\x00\x00\x00\x00\x00\x00\x00\x00\x00\x00\x00\x00\x00\x00\x00\x00\x00\x00\x00\x00\x00\x00\x00\x00\x00\x00\x00\x00\x00\x00\x00\x00\x00\x00\x00\x00\x00\x00\x00\x00\x00\x00\x00\x00\x00\x00\x00\x00\x00\x00\x00\x00\x00\x00\x00\x00\x00\x00\x00\x00\x00\x00\x00\x00\x00\x00\x00\x00\x00\x00\x00\x00\x00\x00\x00\x00\x00\x00\x00\x00\x00\x00\x00\x00\x00\x00',)
2022-03-26 23:03:36,744 root DEBUG gap.py                    883   gap_read_ctrl_info        : IUT address 'fc80ad20a736'
2022-03-26 23:03:36,744 root DEBUG gap.py                    324   __gap_current_settings_update : __gap_current_settings_update 33299
2022-03-26 23:03:36,744 root DEBUG testcase.py               246   start                     : Starting test function: class=<class 'autopts.ptsprojects.testcase.TestFunc'>, func=<function test_cases.<locals>.<lambda> at 0x000001F646E56940> start_wid=None stop_wid=None post_wid=None skip_call=None call_count=101 args=() kwds={}
2022-03-26 23:03:36,744 root DEBUG testcase.py               258   start                     : Test function parameters: args=(), kwds={}
2022-03-26 23:03:36,744 root DEBUG testcase.py               246   start                     : Starting test function: class=<class 'autopts.ptsprojects.testcase.TestFunc'>, func=<function test_cases.<locals>.<lambda> at 0x000001F646E568B0> start_wid=None stop_wid=None post_wid=None skip_call=None call_count=101 args=() kwds={}
2022-03-26 23:03:36,744 root DEBUG testcase.py               258   start                     : Test function parameters: args=(), kwds={}
2022-03-26 23:03:36,744 root DEBUG testcase.py               246   start                     : Starting test function: class=<class 'autopts.ptsprojects.testcase.TestFunc'>, func=<function test_cases.<locals>.<lambda> at 0x000001F646E7CB80> start_wid=None stop_wid=None post_wid=None skip_call=None call_count=101 args=() kwds={}
2022-03-26 23:03:36,744 root DEBUG testcase.py               258   start                     : Test function parameters: args=(), kwds={}
2022-03-26 23:03:36,744 root DEBUG testcase.py               246   start                     : Starting test function: class=<class 'autopts.ptsprojects.testcase.TestFunc'>, func=<function test_cases.<locals>.<lambda> at 0x000001F646E7CC10> start_wid=None stop_wid=None post_wid=None skip_call=None call_count=101 args=() kwds={}
2022-03-26 23:03:36,744 root DEBUG testcase.py               258   start                     : Test function parameters: args=(), kwds={}
2022-03-26 23:03:36,744 root DEBUG testcase.py               246   start                     : Starting test function: class=<class 'autopts.ptsprojects.testcase.TestFunc'>, func=<function test_cases.<locals>.<lambda> at 0x000001F646E7CCA0> start_wid=None stop_wid=None post_wid=None skip_call=None call_count=101 args=() kwds={}
2022-03-26 23:03:36,744 root DEBUG testcase.py               258   start                     : Test function parameters: args=(), kwds={}
2022-03-26 23:03:36,760 root DEBUG testcase.py               246   start                     : Starting test function: class=<class 'autopts.ptsprojects.testcase.TestFunc'>, func=<function test_cases.<locals>.<lambda> at 0x000001F646E7CD30> start_wid=None stop_wid=None post_wid=None skip_call=None call_count=101 args=() kwds={}
2022-03-26 23:03:36,760 root DEBUG testcase.py               258   start                     : Test function parameters: args=(), kwds={}
2022-03-26 23:03:36,760 root DEBUG testcase.py               246   start                     : Starting test function: class=<class 'autopts.ptsprojects.testcase.TestFunc'>, func=<function test_cases.<locals>.<lambda> at 0x000001F646E7CDC0> start_wid=None stop_wid=None post_wid=None skip_call=None call_count=101 args=() kwds={}
2022-03-26 23:03:36,760 root DEBUG testcase.py               258   start                     : Test function parameters: args=(), kwds={}
2022-03-26 23:03:36,760 root DEBUG testcase.py               246   start                     : Starting test function: class=<class 'autopts.ptsprojects.testcase.TestFunc'>, func=<function test_cases.<locals>.<lambda> at 0x000001F646E7CE50> start_wid=None stop_wid=None post_wid=None skip_call=None call_count=101 args=() kwds={}
2022-03-26 23:03:36,760 root DEBUG testcase.py               258   start                     : Test function parameters: args=(), kwds={}
2022-03-26 23:03:36,760 root DEBUG testcase.py               246   start                     : Starting test function: class=<class 'autopts.ptsprojects.testcase.TestFunc'>, func=<function test_cases.<locals>.<lambda> at 0x000001F646E7CEE0> start_wid=None stop_wid=None post_wid=None skip_call=None call_count=101 args=() kwds={}
2022-03-26 23:03:36,760 root DEBUG testcase.py               258   start                     : Test function parameters: args=(), kwds={}
2022-03-26 23:03:36,760 root DEBUG testcase.py               246   start                     : Starting test function: class=<class 'autopts.ptsprojects.testcase.TestFunc'>, func=<function test_cases.<locals>.<lambda> at 0x000001F646E7CF70> start_wid=None stop_wid=None post_wid=None skip_call=None call_count=101 args=() kwds={}
2022-03-26 23:03:36,760 root DEBUG testcase.py               258   start                     : Test function parameters: args=(), kwds={}
2022-03-26 23:03:36,775 root DEBUG testcase.py               246   start                     : Starting test function: class=<class 'autopts.ptsprojects.testcase.TestFunc'>, func=<function test_cases.<locals>.<lambda> at 0x000001F646E99040> start_wid=None stop_wid=None post_wid=None skip_call=None call_count=101 args=() kwds={}
2022-03-26 23:03:36,775 root DEBUG testcase.py               258   start                     : Test function parameters: args=(), kwds={}
2022-03-26 23:03:36,775 root DEBUG testcase.py               246   start                     : Starting test function: class=<class 'autopts.ptsprojects.testcase.TestFunc'>, func=<function test_cases.<locals>.<lambda> at 0x000001F646E990D0> start_wid=None stop_wid=None post_wid=None skip_call=None call_count=101 args=() kwds={}
2022-03-26 23:03:36,775 root DEBUG testcase.py               258   start                     : Test function parameters: args=(), kwds={}
2022-03-26 23:03:36,775 root DEBUG testcase.py               246   start                     : Starting test function: class=<class 'autopts.ptsprojects.testcase.TestFunc'>, func=<function test_cases.<locals>.<lambda> at 0x000001F646E99160> start_wid=None stop_wid=None post_wid=None skip_call=None call_count=101 args=() kwds={}
2022-03-26 23:03:36,775 root DEBUG testcase.py               258   start                     : Test function parameters: args=(), kwds={}
2022-03-26 23:03:36,775 root DEBUG testcase.py               246   start                     : Starting test function: class=<class 'autopts.ptsprojects.testcase.TestFunc'>, func=<function set_pts_addr at 0x000001F6455939D0> start_wid=None stop_wid=None post_wid=None skip_call=None call_count=101 args=('C0:07:E8:60:15:B9', 0) kwds={}
2022-03-26 23:03:36,775 root DEBUG testcase.py               258   start                     : Test function parameters: args=('C0:07:E8:60:15:B9', 0), kwds={}
2022-03-26 23:03:36,775 root DEBUG testcase.py               246   start                     : Starting test function: class=<class 'autopts.ptsprojects.testcase.TestFunc'>, func=<bound method Stack.l2cap_init of <autopts.ptsprojects.stack.Stack object at 0x000001F646E674F0>> start_wid=None stop_wid=None post_wid=None skip_call=None call_count=80 args=(128, 120) kwds={}
2022-03-26 23:03:36,775 root DEBUG testcase.py               258   start                     : Test function parameters: args=(128, 120), kwds={}
2022-03-26 23:03:36,775 root DEBUG testcase.py               246   start                     : Starting test function: class=<class 'autopts.ptsprojects.testcase.TestFunc'>, func=<function l2cap_le_listen at 0x000001F6455E6F70> start_wid=None stop_wid=None post_wid=None skip_call=None call_count=80 args=(128, 120, 0) kwds={}
2022-03-26 23:03:36,775 root DEBUG testcase.py               258   start                     : Test function parameters: args=(128, 120, 0), kwds={}
2022-03-26 23:03:36,775 root DEBUG l2cap.py                  155   l2cap_listen              : l2cap_le_listen 128 1 120 0
2022-03-26 23:03:36,775 root DEBUG iutctl_common.py          102   send                      : send, 3 5 0 "bytearray(b'\\x80\\x00\\x01x\\x00\\x00\\x00')"
2022-03-26 23:03:36,775 root DEBUG iutctl_common.py          107   send                      : sending frame '030500070080000178000000'
2022-03-26 23:03:36,775 root DEBUG l2cap.py                  50    l2cap_command_rsp_succ    : l2cap_command_rsp_succ
2022-03-26 23:03:36,775 root DEBUG iutctl_common.py          215   read                      : read
2022-03-26 23:03:36,838 root DEBUG iutctl_common.py          74    read                      : Read 5 bytes
2022-03-26 23:03:36,854 root DEBUG iutctl_common.py          83    read                      : Received: hdr: Header(svc_id=3, op=5, ctrl_index=0, data_len=0) bytearray(b'\x03\x05\x00\x00\x00')
2022-03-26 23:03:36,862 root DEBUG iutctl_common.py          96    read                      : Received data: "('',)", bytearray(b'')
2022-03-26 23:03:36,862 root DEBUG l2cap.py                  55    l2cap_command_rsp_succ    : received Header(svc_id=3, op=5, ctrl_index=0, data_len=0) (b'',)
2022-03-26 23:03:36,862 root DEBUG client.py                 272   set_current_test_case     : CallbackThread.set_current_test_case L2CAP/ECFC/BV-24-C
2022-03-26 23:03:40,748 ClientCallback.log INFO client.py                 135   log                       : PTS_LOGTYPE_FINAL_VERDICT Final Verdict 

+2750 ms
 L2CAP/ECFC/BV-24-C PASS

2022-03-26 23:03:40,748 root DEBUG testcase.py               464   log                       : New status L2CAP L2CAP/ECFC/BV-24-C - PASS
2022-03-26 23:03:40,763 ClientCallback.log INFO client.py                 135   log                       : PTS_LOGTYPE_FINAL_VERDICT Encrypted Verdict 

+2750 ms
 L2CAP/ECFC/BV-24-C A1#ZWY4MzQ5MDg3MmQwNTIxOGQzMzQ5YjY2ODA5M2MzNjQ5ZDY4NmY0Yjc2MzIzM2VkNTUyNTFhNGU4Mjg1MjI0NA==#JnNQgbXz62Iaes1cXJ3cKVlLJoiLy0Cwf55rhIL676c=

2022-03-26 23:03:40,779 ClientCallback.log INFO client.py                 135   log                       : PTS_LOGTYPE_END_TEST Test Case Ended 

+2750 ms
 L2CAP/ECFC/BV-24-C L2CAP/ECFC/BV-24-C

2022-03-26 23:03:40,864 root DEBUG client.py                 799   run_test_case_thread_entry : After run_test_case error_code='' status='PASS'
2022-03-26 23:03:40,864 root DEBUG client.py                 280   error_code                : CallbackThread.error_code
2022-03-26 23:03:40,864 root DEBUG client.py                 294   cleanup                   : CallbackThread.cleanup
2022-03-26 23:03:41,881 root DEBUG testcase.py               758   post_run                  : post_run L2CAP L2CAP/ECFC/BV-24-C 
2022-03-26 23:03:41,881 root DEBUG testcase.py               246   start                     : Starting test function: class=<class 'autopts.ptsprojects.testcase.TestFuncCleanUp'>, func=<bound method Stack.cleanup of <autopts.ptsprojects.stack.Stack object at 0x000001F646E674F0>> start_wid=None stop_wid=None post_wid=None skip_call=None call_count=1 args=() kwds={}
2022-03-26 23:03:41,881 root DEBUG testcase.py               258   start                     : Test function parameters: args=(), kwds={}
2022-03-26 23:03:41,881 root DEBUG client.py                 289   clear_pending_responses   : CallbackThread.clear_pending_responses
2022-03-26 23:03:41,881 root DEBUG testcase.py               246   start                     : Starting test function: class=<class 'autopts.ptsprojects.testcase.TestFuncCleanUp'>, func=<bound method ZephyrCtl.stop of <autopts.ptsprojects.zephyr.iutctl.ZephyrCtl object at 0x000001F646E673D0>> start_wid=None stop_wid=None post_wid=None skip_call=None call_count=1 args=() kwds={}
2022-03-26 23:03:41,881 root DEBUG testcase.py               258   start                     : Test function parameters: args=(), kwds={}
2022-03-26 23:03:41,881 root DEBUG iutctl.py                 232   stop                      : <class 'autopts.ptsprojects.zephyr.iutctl.ZephyrCtl'>.stop
2022-03-26 23:03:45,885 root DEBUG testcase.py               783   post_run                  : post_run, cleanup running pre test case script
2022-03-26 23:03:45,885 root DEBUG testcase.py               793   post_run                  : post_run, run post test case script
2022-03-26 23:03:45,931 root DEBUG client.py                 829   run_test_case_thread_entry : Done TestCase wrapper L2CAP L2CAP/ECFC/BV-24-C
