06:59:14:759    < BTP_CORE_EV_IUT_READY (0x00|0x80|0xff)
                  raw data (0): 00 80 ff 00 00|
06:59:15:260    > BTP_CORE_CMD_REGISTER_SERVICE (0x00|0x03|0xff)
                  raw data (1): 00 03 ff 01 00|01
06:59:15:635    < BTP_CORE_CMD_REGISTER_SERVICE (0x00|0x03|0xff)
                  raw data (0): 00 03 ff 00 00|
06:59:15:636    > BTP_GAP_CMD_READ_SUPPORTED_COMMANDS (0x01|0x01|0xff)
                  raw data (0): 01 01 ff 00 00|
06:59:15:686    < BTP_GAP_CMD_READ_SUPPORTED_COMMANDS (0x01|0x01|0xff)
                  raw data (6): 01 01 ff 06 00|6e ff 7f 1f fe f7
06:59:15:696    > BTP_CORE_CMD_REGISTER_SERVICE (0x00|0x03|0xff)
                  raw data (2): 00 03 ff 01 00|02
06:59:15:735    < BTP_CORE_CMD_REGISTER_SERVICE (0x00|0x03|0xff)
                  raw data (0): 00 03 ff 00 00|
06:59:15:746    > BTP_GATT_CMD_READ_SUPPORTED_COMMANDS (0x02|0x01|0xff)
                  raw data (0): 02 01 ff 00 00|
06:59:15:796    < BTP_GATT_CMD_READ_SUPPORTED_COMMANDS (0x02|0x01|0xff)
                  raw data (5): 02 01 ff 05 00|fe fe bf fd 0f
06:59:15:801    > BTP_CORE_CMD_REGISTER_SERVICE (0x00|0x03|0xff)
                  raw data (4): 00 03 ff 01 00|04
06:59:15:835    < BTP_CORE_CMD_REGISTER_SERVICE (0x00|0x03|0xff)
                  raw data (0): 00 03 ff 00 00|
06:59:15:846    > BTP_MESH_CMD_READ_SUPPORTED_COMMANDS (0x04|0x01|0xff)
                  raw data (0): 04 01 ff 00 00|
06:59:15:895    < BTP_MESH_CMD_READ_SUPPORTED_COMMANDS (0x04|0x01|0xff)
                  raw data (16): 
                  04 01 ff 10 00|fe ff 7f ff ff ff ff ff ff ff ff 
                  fe ff f1 87 01
06:59:15:906    > BTP_MESH_CMD_INIT (0x04|0x04|0x00)
                  raw data (1): 04 04 00 01 00|00
06:59:15:956    < BTP_MESH_CMD_INIT (0x04|0x04|0x00)
                  raw data (0): 04 04 00 00 00|
06:59:15:967    > BTP_GAP_CMD_READ_CONTROLLER_INFO (0x01|0x03|0x00)
                  raw data (0): 01 03 00 00 00|
06:59:16:016    < BTP_GAP_CMD_READ_CONTROLLER_INFO (0x01|0x03|0x00)
                  raw data (277): 
                  01 03 00 15 01|3b db 31 cc b6 d5 13 06 02 00 13 
                  82 00 00 00 00 00 62 74 70 5f 74 65 73 74 65 72 
                  00 00 00 00 00 00 00 00 00 00 00 00 00 00 00 00 
                  00 00 00 00 00 00 00 00 00 00 00 00 00 00 00 00 
                  00 00 00 00 00 00 00 00 00 00 00 00 00 00 00 00 
                  00 00 00 00 00 00 00 00 00 00 00 00 00 00 00 00 
                  00 00 00 00 00 00 00 00 00 00 00 00 00 00 00 00 
                  00 00 00 00 00 00 00 00 00 00 00 00 00 00 00 00 
                  00 00 00 00 00 00 00 00 00 00 00 00 00 00 00 00 
                  00 00 00 00 00 00 00 00 00 00 00 00 00 00 00 00 
                  00 00 00 00 00 00 00 00 00 00 00 00 00 00 00 00 
                  00 00 00 00 00 00 00 00 00 00 00 00 00 00 00 00 
                  00 00 00 00 00 00 00 00 00 00 00 00 00 00 00 00 
                  00 00 00 00 00 00 00 00 00 00 00 00 00 00 00 00 
                  00 00 00 00 00 00 00 00 00 00 00 00 00 00 00 00 
                  00 00 00 00 00 00 00 00 00 00 00 00 00 00 00 00 
                  00 00 00 00 00 00 00 00 00 00 00 00 00 00 00 00 
                  00 00 00 00 00 00 00 00 00 00
06:59:18:065    > BTP_MESH_CMD_CONFIG_PROVISIONING (0x04|0x02|0x00)
                  raw data (56): 
                  04 02 00 38 00|2b c6 d7 99 07 20 4e 44 89 e8 af 
                  af 74 7c ff 35 00 01 02 03 04 05 06 07 08 09 0a 
                  0b 0c 0d 0e 0f 00 00 00 00 00 00 00 00 00 00 00 
                  00 00 00 00 00 10 02 18 00 01 0c 00 00
06:59:18:085    < BTP_MESH_CMD_CONFIG_PROVISIONING (0x04|0x02|0x00)
                  raw data (0): 04 02 00 00 00|
06:59:18:086    > BTP_MESH_CMD_START (0x04|0x78|0x00)
                  raw data (0): 04 78 00 00 00|
06:59:18:216    < BTP_MESH_CMD_START (0x04|0x78|0x00)
                  raw data (0): 04 78 00 00 00|
06:59:18:226    > BTP_MESH_CMD_PROVISION_NODE (0x04|0x03|0x00)
                  raw data (45): 
                  04 03 00 2d 00|01 23 45 67 89 ab cd ef 01 23 45 
                  67 89 ab cd ef 00 00 00 00 00 00 00 00 00 00 00 
                  03 00 01 23 45 67 89 ab cd ef 01 23 45 67 89 ab 
                  cd ef
06:59:18:266    < BTP_MESH_EV_PROVISIONED (0x04|0x83|0x00)
                  raw data (0): 04 83 00 00 00|
06:59:18:303    < BTP_MESH_CMD_PROVISION_NODE (0x04|0x03|0x00)
                  raw data (0): 04 03 00 00 00|
06:59:19:316    > BTP_MESH_CMD_PROVISION_ADV (0x04|0x4a|0x00)
                  raw data (37): 
                  04 4a 00 25 00|2b c6 d7 99 07 20 4e 44 89 e8 af 
                  af 74 7c ff 35 00 00 01 00 00 01 23 45 67 89 ab 
                  cd ef 01 23 45 67 89 ab cd ef
06:59:19:335    < BTP_MESH_CMD_PROVISION_ADV (0x04|0x4a|0x00)
                  raw data (0): 04 4a 00 00 00|
06:59:19:485    < BTP_MESH_EV_PROV_LINK_OPEN (0x04|0x84|0x00)
                  raw data (1): 04 84 00 01 00|00
06:59:24:105    < BTP_MESH_EV_PROV_NODE_ADDED (0x04|0x8e|0x00)
                  raw data (21): 
                  04 8e 00 15 00|00 00 01 00 2b c6 d7 99 07 20 4e 
                  44 89 e8 af af 74 7c ff 35 01
06:59:24:116    < BTP_MESH_EV_PROV_LINK_CLOSED (0x04|0x85|0x00)
                  raw data (1): 04 85 00 01 00|00
06:59:26:338    > BTP_MESH_CMD_COMP_DATA_GET (0x04|0x14|0x00)
                  raw data (5): 04 14 00 05 00|00 00 01 00 ff
06:59:26:590    < BTP_MESH_EV_NET_RECV (0x04|0x86|0x00)
                  raw data (23): 
                  04 86 00 17 00|03 00 01 00 03 00 10 80 80 00 02 
                  13 b5 bb 42 76 d2 e0 c5 58 84 35 f8
06:59:26:671    < BTP_MESH_EV_NET_RECV (0x04|0x86|0x00)
                  raw data (23): 
                  04 86 00 17 00|03 00 01 00 03 00 10 80 80 00 22 
                  2a cd 6d b9 ec dd 61 9e 47 7e 65 1c
06:59:26:727    < BTP_MESH_EV_NET_RECV (0x04|0x86|0x00)
                  raw data (21): 
                  04 86 00 15 00|03 00 01 00 03 00 0e 80 80 00 42 
                  b8 be fc 82 83 4d 22 ea 6a 7a
06:59:26:779    < BTP_MESH_EV_MODEL_RECV (0x04|0x8f|0x00)
                  raw data (32): 
                  04 8f 00 20 00|01 00 03 00 1a 00 02 01 16 00 02 
                  02 02 02 02 02 02 02 02 02 02 02 02 02 02 02 02 
                  02 02 02 02 02
06:59:26:836    < BTP_MESH_CMD_COMP_DATA_GET (0x04|0x14|0x00)
                  raw data (25): 
                  04 14 00 19 00|01 16 00 02 02 02 02 02 02 02 02 
                  02 02 02 02 02 02 02 02 02 02 02 02 02 02
06:59:26:847    > BTP_MESH_CMD_COMP_DATA_GET (0x04|0x14|0x00)
                  raw data (5): 04 14 00 05 00|00 00 01 00 00
06:59:27:276    < BTP_MESH_EV_NET_RECV (0x04|0x86|0x00)
                  raw data (23): 
                  04 86 00 17 00|03 00 01 00 03 00 10 80 80 0c 05 
                  69 73 e6 d6 05 19 cb 80 a6 81 80 48
06:59:27:343    < BTP_MESH_EV_NET_RECV (0x04|0x86|0x00)
                  raw data (23): 
                  04 86 00 17 00|03 00 01 00 03 00 10 80 80 0c 25 
                  3e 3d b6 b6 7a 1f 24 fb f2 0b e0 62
06:59:27:410    < BTP_MESH_EV_NET_RECV (0x04|0x86|0x00)
                  raw data (23): 
                  04 86 00 17 00|03 00 01 00 03 00 10 80 80 0c 45 
                  45 d9 dc 4a 16 26 a2 5c 93 21 35 9d
06:59:27:477    < BTP_MESH_EV_NET_RECV (0x04|0x86|0x00)
                  raw data (23): 
                  04 86 00 17 00|03 00 01 00 03 00 10 80 80 0c 65 
                  88 31 9d c6 d7 6c 0d bc 80 6c 47 c2
06:59:27:539    < BTP_MESH_EV_NET_RECV (0x04|0x86|0x00)
                  raw data (23): 
                  04 86 00 17 00|03 00 01 00 03 00 10 80 80 0c 85 
                  4e 67 43 11 e2 f5 54 45 09 fe 0a d6
06:59:27:601    < BTP_MESH_EV_NET_RECV (0x04|0x86|0x00)
                  raw data (19): 
                  04 86 00 13 00|03 00 01 00 03 00 0c 80 80 0c a5 
                  ff 25 bc 6b e1 0f 7a 1b
06:59:27:647    < BTP_MESH_EV_MODEL_RECV (0x04|0x8f|0x00)
                  raw data (66): 
                  04 8f 00 42 00|01 00 03 00 3c 00 02 00 3f 00 1a 
                  00 01 00 ff 00 03 00 07 00 16 00 00 00 02 00 04 
                  00 06 00 0a 00 08 00 0c 00 0e 00 10 00 12 00 14 
                  00 01 00 03 00 05 00 07 00 0b 00 09 00 0d 00 0f 
                  00 11 00 13 00 15 00
06:59:27:730    < BTP_MESH_CMD_COMP_DATA_GET (0x04|0x14|0x00)
                  raw data (59): 
                  04 14 00 3b 00|00 3f 00 1a 00 01 00 ff 00 03 00 
                  07 00 16 00 00 00 02 00 04 00 06 00 0a 00 08 00 
                  0c 00 0e 00 10 00 12 00 14 00 01 00 03 00 05 00 
                  07 00 0b 00 09 00 0d 00 0f 00 11 00 13 00 15 00
06:59:28:738    > BTP_MESH_CMD_CFG_APPKEY_ADD (0x04|0x27|0x00)
                  raw data (24): 
                  04 27 00 18 00|00 00 03 00 00 00 01 23 45 67 89 
                  ab cd ef 01 23 45 67 89 fe dc ba 00 00
06:59:28:750    < BTP_MESH_EV_NET_RECV (0x04|0x86|0x00)
                  raw data (23): 
                  04 86 00 17 00|07 00 03 00 03 00 10 80 00 10 01 
                  3f 6c 70 24 2b 72 e7 54 07 d9 c0 70
06:59:28:861    < BTP_MESH_EV_NET_RECV (0x04|0x86|0x00)
                  raw data (23): 
                  04 86 00 17 00|07 00 03 00 03 00 10 80 00 10 21 
                  78 13 76 a1 51 da 83 70 3d 07 c2 b1
06:59:28:928    < BTP_MESH_EV_MODEL_RECV (0x04|0x8f|0x00)
                  raw data (26): 
                  04 8f 00 1a 00|03 00 03 00 14 00 00 00 00 00 01 
                  23 45 67 89 ab cd ef 01 23 45 67 89 fe dc ba
06:59:29:005    < BTP_MESH_EV_NET_RECV (0x04|0x86|0x00)
                  raw data (14): 
                  04 86 00 0e 00|01 01 03 00 03 00 07 00 00 10 00 
                  00 00 03
06:59:29:067    < BTP_MESH_EV_NET_RECV (0x04|0x86|0x00)
                  raw data (18): 
                  04 86 00 12 00|01 00 03 00 03 00 0b 00 d5 0e 85 
                  76 3c 57 ee 02 45 e7
06:59:29:134    < BTP_MESH_EV_MODEL_RECV (0x04|0x8f|0x00)
                  raw data (12): 
                  04 8f 00 0c 00|03 00 03 00 06 00 80 03 00 00 00 
                  00
06:59:29:206    < BTP_MESH_CMD_CFG_APPKEY_ADD (0x04|0x27|0x00)
                  raw data (1): 04 27 00 01 00|00
06:59:29:212    > BTP_MESH_CMD_CFG_APPKEY_ADD (0x04|0x27|0x00)
                  raw data (24): 
                  04 27 00 18 00|00 00 01 00 00 00 01 23 45 67 89 
                  ab cd ef 01 23 45 67 89 fe dc ba 00 00
06:59:30:411    < BTP_MESH_EV_NET_RECV (0x04|0x86|0x00)
                  raw data (14): 
                  04 86 00 0e 00|07 01 01 00 03 00 07 00 00 20 00 
                  00 00 03
06:59:30:506    < BTP_MESH_EV_NET_RECV (0x04|0x86|0x00)
                  raw data (21): 
                  04 86 00 15 00|03 00 01 00 03 00 0e 80 00 28 00 
                  74 eb d1 5f 06 d9 e9 f1 7f e8
06:59:30:557    < BTP_MESH_EV_MODEL_RECV (0x04|0x8f|0x00)
                  raw data (12): 
                  04 8f 00 0c 00|01 00 03 00 06 00 80 03 00 00 00 
                  00
06:59:30:604    < BTP_MESH_CMD_CFG_APPKEY_ADD (0x04|0x27|0x00)
                  raw data (1): 04 27 00 01 00|00
06:59:30:845    < BTP_MESH_EV_NET_RECV (0x04|0x86|0x00)
                  raw data (14): 
                  04 86 00 0e 00|07 01 01 00 03 00 07 00 00 20 00 
                  00 00 03
06:59:31:617    > BTP_MESH_CMD_CFG_MODEL_APP_BIND (0x04|0x2a|0x00)
                  raw data (10): 04 2a 00 0a 00|00 00 01 00 01 00 00 00 02 00
06:59:31:946    < BTP_MESH_EV_NET_RECV (0x04|0x86|0x00)
                  raw data (23): 
                  04 86 00 17 00|03 00 01 00 03 00 10 80 80 38 01 
                  d3 dc 02 b4 b4 2c d2 00 c7 4f 38 3d
06:59:32:011    < BTP_MESH_EV_NET_RECV (0x04|0x86|0x00)
                  raw data (16): 
                  04 86 00 10 00|03 00 01 00 03 00 09 80 80 38 21 
                  d5 3f 5d 8b cb
06:59:32:073    < BTP_MESH_EV_MODEL_RECV (0x04|0x8f|0x00)
                  raw data (15): 
                  04 8f 00 0f 00|01 00 03 00 09 00 80 3e 00 01 00 
                  00 00 02 00
06:59:32:150    < BTP_MESH_CMD_CFG_MODEL_APP_BIND (0x04|0x2a|0x00)
                  raw data (1): 04 2a 00 01 00|00
06:59:33:163    > BTP_MESH_CMD_CFG_MODEL_APP_BIND (0x04|0x2a|0x00)
                  raw data (10): 04 2a 00 0a 00|00 00 01 00 01 00 00 00 14 00
06:59:33:455    < BTP_MESH_EV_NET_RECV (0x04|0x86|0x00)
                  raw data (23): 
                  04 86 00 17 00|03 00 01 00 03 00 10 80 80 40 01 
                  83 58 25 cb 80 04 38 f1 0d 42 83 26
06:59:33:526    < BTP_MESH_EV_NET_RECV (0x04|0x86|0x00)
                  raw data (16): 
                  04 86 00 10 00|03 00 01 00 03 00 09 80 80 40 21 
                  09 14 9f 5f 83
06:59:33:593    < BTP_MESH_EV_MODEL_RECV (0x04|0x8f|0x00)
                  raw data (15): 
                  04 8f 00 0f 00|01 00 03 00 09 00 80 3e 00 01 00 
                  00 00 14 00
06:59:33:665    < BTP_MESH_CMD_CFG_MODEL_APP_BIND (0x04|0x2a|0x00)
                  raw data (1): 04 2a 00 01 00|00
06:59:34:672    > BTP_MESH_CMD_CFG_MODEL_APP_BIND (0x04|0x2a|0x00)
                  raw data (10): 04 2a 00 0a 00|00 00 01 00 01 00 00 00 03 00
06:59:34:966    < BTP_MESH_EV_NET_RECV (0x04|0x86|0x00)
                  raw data (23): 
                  04 86 00 17 00|03 00 01 00 03 00 10 80 80 48 01 
                  00 5f cc 26 17 bb 8f 4f 61 c8 0e a1
06:59:35:027    < BTP_MESH_EV_NET_RECV (0x04|0x86|0x00)
                  raw data (16): 
                  04 86 00 10 00|03 00 01 00 03 00 09 80 80 48 21 
                  d3 fe 78 73 eb
06:59:35:094    < BTP_MESH_EV_MODEL_RECV (0x04|0x8f|0x00)
                  raw data (15): 
                  04 8f 00 0f 00|01 00 03 00 09 00 80 3e 00 01 00 
                  00 00 03 00
06:59:35:171    < BTP_MESH_CMD_CFG_MODEL_APP_BIND (0x04|0x2a|0x00)
                  raw data (1): 04 2a 00 01 00|00
06:59:36:184    > BTP_MESH_CMD_CFG_MODEL_APP_BIND (0x04|0x2a|0x00)
                  raw data (10): 04 2a 00 0a 00|00 00 01 00 01 00 00 00 15 00
06:59:36:435    < BTP_MESH_EV_NET_RECV (0x04|0x86|0x00)
                  raw data (23): 
                  04 86 00 17 00|03 00 01 00 03 00 10 80 80 50 01 
                  ec f3 a9 ed 83 1d b6 00 90 ec c0 84
06:59:36:526    < BTP_MESH_EV_NET_RECV (0x04|0x86|0x00)
                  raw data (16): 
                  04 86 00 10 00|03 00 01 00 03 00 09 80 80 50 21 
                  bb e6 29 41 36
06:59:36:593    < BTP_MESH_EV_MODEL_RECV (0x04|0x8f|0x00)
                  raw data (15): 
                  04 8f 00 0f 00|01 00 03 00 09 00 80 3e 00 01 00 
                  00 00 15 00
06:59:36:675    < BTP_MESH_CMD_CFG_MODEL_APP_BIND (0x04|0x2a|0x00)
                  raw data (1): 04 2a 00 01 00|00
06:59:37:683    > BTP_MESH_CMD_CFG_NETKEY_UPDATE (0x04|0x3b|0x00)
                  raw data (22): 
                  04 3b 00 16 00|00 00 01 00 00 00 00 00 00 00 00 
                  00 00 00 00 00 00 00 00 01 00 00
06:59:38:070    < BTP_MESH_EV_NET_RECV (0x04|0x86|0x00)
                  raw data (14): 
                  04 86 00 0e 00|07 01 01 00 03 00 07 00 00 54 00 
                  00 00 03
06:59:38:351    < BTP_MESH_EV_NET_RECV (0x04|0x86|0x00)
                  raw data (20): 
                  04 86 00 14 00|03 00 01 00 03 00 0d 80 00 5c 00 
                  de cd 7e b9 27 96 71 80 5d
06:59:38:418    < BTP_MESH_EV_MODEL_RECV (0x04|0x8f|0x00)
                  raw data (11): 04 8f 00 0b 00|01 00 03 00 05 00 80 44 00 00 00
06:59:38:495    < BTP_MESH_CMD_CFG_NETKEY_UPDATE (0x04|0x3b|0x00)
                  raw data (1): 04 3b 00 01 00|00
06:59:38:501    > BTP_MESH_CMD_CFG_NETKEY_UPDATE (0x04|0x3b|0x00)
                  raw data (22): 
                  04 3b 00 16 00|00 00 03 00 00 00 00 00 00 00 00 
                  00 00 00 00 00 00 00 00 01 00 00
06:59:38:546    < BTP_MESH_EV_NET_RECV (0x04|0x86|0x00)
                  raw data (23): 
                  04 86 00 17 00|07 00 03 00 03 00 10 80 00 60 01 
                  c5 af 3f 75 0d ef e2 8d 36 ce 84 aa
06:59:38:626    < BTP_MESH_EV_NET_RECV (0x04|0x86|0x00)
                  raw data (23): 
                  04 86 00 17 00|07 00 03 00 03 00 10 80 00 60 21 
                  4d fd 27 4a 46 d5 af 41 2f 02 2e 92
06:59:38:678    < BTP_MESH_EV_MODEL_RECV (0x04|0x8f|0x00)
                  raw data (26): 
                  04 8f 00 1a 00|03 00 03 00 14 00 80 45 00 00 00 
                  00 00 00 00 00 00 00 00 00 00 00 00 00 00 01
06:59:38:755    < BTP_MESH_EV_NET_RECV (0x04|0x86|0x00)
                  raw data (14): 
                  04 86 00 0e 00|01 01 03 00 03 00 07 00 00 60 00 
                  00 00 03
06:59:38:822    < BTP_MESH_EV_NET_RECV (0x04|0x86|0x00)
                  raw data (17): 
                  04 86 00 11 00|01 00 03 00 03 00 0a 00 8c a8 8c 
                  8c 02 27 6f 3a 62
06:59:38:889    < BTP_MESH_EV_MODEL_RECV (0x04|0x8f|0x00)
                  raw data (11): 04 8f 00 0b 00|03 00 03 00 05 00 80 44 00 00 00
06:59:38:966    < BTP_MESH_CMD_CFG_NETKEY_UPDATE (0x04|0x3b|0x00)
                  raw data (1): 04 3b 00 01 00|00
06:59:39:978    > BTP_MESH_CMD_CFG_APPKEY_UPDATE (0x04|0x3c|0x00)
                  raw data (24): 
                  04 3c 00 18 00|00 00 01 00 00 00 00 00 00 00 00 
                  00 00 00 00 00 00 00 00 00 00 01 00 00
06:59:40:670    < BTP_MESH_EV_NET_RECV (0x04|0x86|0x00)
                  raw data (21): 
                  04 86 00 15 00|03 00 01 00 03 00 0e 80 00 64 00 
                  b4 34 b2 1d 9c e8 6e 26 f7 6f
06:59:40:696    < BTP_MESH_EV_MODEL_RECV (0x04|0x8f|0x00)
                  raw data (12): 
                  04 8f 00 0c 00|01 00 03 00 06 00 80 03 00 00 00 
                  00
06:59:40:774    < BTP_MESH_CMD_CFG_APPKEY_UPDATE (0x04|0x3c|0x00)
                  raw data (1): 04 3c 00 01 00|00
06:59:40:779    > BTP_MESH_CMD_CFG_APPKEY_UPDATE (0x04|0x3c|0x00)
                  raw data (24): 
                  04 3c 00 18 00|00 00 03 00 00 00 00 00 00 00 00 
                  00 00 00 00 00 00 00 00 00 00 01 00 00
06:59:40:836    < BTP_MESH_EV_NET_RECV (0x04|0x86|0x00)
                  raw data (23): 
                  04 86 00 17 00|0a 00 01 00 03 00 10 01 02 03 04 
                  05 06 07 08 09 10 11 12 13 14 15 16
06:59:40:908    < BTP_MESH_EV_NET_RECV (0x04|0x86|0x00)
                  raw data (23): 
                  04 86 00 17 00|07 00 03 00 03 00 10 80 00 7c 01 
                  cf 73 47 8f c0 58 d6 53 6c 67 10 eb
06:59:40:975    < BTP_MESH_EV_NET_RECV (0x04|0x86|0x00)
                  raw data (23): 
                  04 86 00 17 00|07 00 03 00 03 00 10 80 00 7c 21 
                  63 36 4e 83 64 21 1b 8f 8a 9b f5 bc
06:59:41:048    < BTP_MESH_EV_MODEL_RECV (0x04|0x8f|0x00)
                  raw data (26): 
                  04 8f 00 1a 00|03 00 03 00 14 00 01 00 00 00 00 
                  00 00 00 00 00 00 00 00 00 00 00 00 00 00 01
06:59:41:125    < BTP_MESH_EV_NET_RECV (0x04|0x86|0x00)
                  raw data (14): 
                  04 86 00 0e 00|01 01 03 00 03 00 07 00 00 7c 00 
                  00 00 03
06:59:41:192    < BTP_MESH_EV_NET_RECV (0x04|0x86|0x00)
                  raw data (18): 
                  04 86 00 12 00|01 00 03 00 03 00 0b 00 6b de 1f 
                  82 20 80 99 d4 5e 5c
06:59:41:244    < BTP_MESH_EV_MODEL_RECV (0x04|0x8f|0x00)
                  raw data (12): 
                  04 8f 00 0c 00|03 00 03 00 06 00 80 03 00 00 00 
                  00
06:59:41:310    < BTP_MESH_CMD_CFG_APPKEY_UPDATE (0x04|0x3c|0x00)
                  raw data (1): 04 3c 00 01 00|00
06:59:42:546    < BTP_MESH_EV_NET_RECV (0x04|0x86|0x00)
                  raw data (14): 
                  04 86 00 0e 00|07 01 01 00 03 00 07 00 00 70 00 
                  00 00 03
06:59:43:323    > BTP_MESH_CMD_CFG_KRP_SET (0x04|0x4c|0x00)
                  raw data (7): 04 4c 00 07 00|00 00 01 00 00 00 02
06:59:44:126    < BTP_MESH_EV_NET_RECV (0x04|0x86|0x00)
                  raw data (21): 
                  04 86 00 15 00|03 00 01 00 03 00 0e 80 00 70 00 
                  b7 01 6d c8 82 2f e0 9f f6 10
06:59:44:193    < BTP_MESH_EV_MODEL_RECV (0x04|0x8f|0x00)
                  raw data (12): 
                  04 8f 00 0c 00|01 00 03 00 06 00 80 17 00 00 00 
                  02
06:59:44:270    < BTP_MESH_CMD_CFG_KRP_SET (0x04|0x4c|0x00)
                  raw data (2): 04 4c 00 02 00|00 02
06:59:44:280    > BTP_MESH_CMD_CFG_KRP_SET (0x04|0x4c|0x00)
                  raw data (7): 04 4c 00 07 00|00 00 03 00 00 00 02
06:59:44:321    < BTP_MESH_EV_NET_RECV (0x04|0x86|0x00)
                  raw data (17): 
                  04 86 00 11 00|07 00 03 00 03 00 0a 00 a5 ce 69 
                  7e 39 5d ef 5d aa
06:59:44:337    < BTP_MESH_EV_MODEL_RECV (0x04|0x8f|0x00)
                  raw data (11): 04 8f 00 0b 00|03 00 03 00 05 00 80 16 00 00 02
06:59:44:399    < BTP_MESH_EV_NET_RECV (0x04|0x86|0x00)
                  raw data (18): 
                  04 86 00 12 00|01 00 03 00 03 00 0b 00 71 d3 df 
                  09 b5 a8 7d 3d 6d fc
06:59:44:466    < BTP_MESH_EV_MODEL_RECV (0x04|0x8f|0x00)
                  raw data (12): 
                  04 8f 00 0c 00|03 00 03 00 06 00 80 17 00 00 00 
                  02
06:59:44:543    < BTP_MESH_CMD_CFG_KRP_SET (0x04|0x4c|0x00)
                  raw data (2): 04 4c 00 02 00|00 02
06:59:48:707    < BTP_MESH_EV_NET_RECV (0x04|0x86|0x00)
                  raw data (23): 
                  04 86 00 17 00|0a 00 01 00 03 00 10 01 02 03 04 
                  05 06 07 08 09 10 11 12 13 14 15 16
06:59:55:563    > BTP_MESH_CMD_CFG_KRP_SET (0x04|0x4c|0x00)
                  raw data (7): 04 4c 00 07 00|00 00 01 00 00 00 03
06:59:55:870    < BTP_MESH_EV_NET_RECV (0x04|0x86|0x00)
                  raw data (21): 
                  04 86 00 15 00|03 00 01 00 03 00 0e 80 00 7c 00 
                  c7 a2 a9 49 aa 8e ea ee 8b 03
06:59:55:871    < BTP_MESH_EV_MODEL_RECV (0x04|0x8f|0x00)
                  raw data (12): 
                  04 8f 00 0c 00|01 00 03 00 06 00 80 17 00 00 00 
                  00
06:59:55:929    < BTP_MESH_CMD_CFG_KRP_SET (0x04|0x4c|0x00)
                  raw data (2): 04 4c 00 02 00|00 00
06:59:55:939    > BTP_MESH_CMD_CFG_KRP_SET (0x04|0x4c|0x00)
                  raw data (7): 04 4c 00 07 00|00 00 03 00 00 00 03
06:59:55:992    < BTP_MESH_EV_NET_RECV (0x04|0x86|0x00)
                  raw data (17): 
                  04 86 00 11 00|07 00 03 00 03 00 0a 00 e6 6c 73 
                  3e 74 7f f6 67 37
06:59:56:045    < BTP_MESH_EV_MODEL_RECV (0x04|0x8f|0x00)
                  raw data (11): 04 8f 00 0b 00|03 00 03 00 05 00 80 16 00 00 03
06:59:56:046    < BTP_MESH_EV_NET_RECV (0x04|0x86|0x00)
                  raw data (18): 
                  04 86 00 12 00|01 00 03 00 03 00 0b 00 34 42 91 
                  12 85 73 9a 71 94 fc
06:59:56:046    < BTP_MESH_EV_MODEL_RECV (0x04|0x8f|0x00)
                  raw data (12): 
                  04 8f 00 0c 00|03 00 03 00 06 00 80 17 00 00 00 
                  00
06:59:56:064    < BTP_MESH_CMD_CFG_KRP_SET (0x04|0x4c|0x00)
                  raw data (2): 04 4c 00 02 00|00 00
07:00:43:409    > BTP_GAP_CMD_SET_POWERED (0x01|0x05|0x00)
                  raw data (0): 01 05 00 01 00|00
07:00:43:467    < BTP_GAP_CMD_SET_POWERED (0x01|0x05|0x00)
                  raw data (4): 01 05 00 04 00|12 82 00 00
