*** Booting Zephyr OS build v4.0.0-5465-gd39d420c5482 ***
[00:00:00.250,793] <dbg> bttester: tester_init: Initializing tester
[00:00:05.928,222] <dbg> bttester: cmd_handler: cmd service 0x00 opcode 0x03 index 0xff
[00:00:05.934,295] <inf> bt_hci_core: HW Platform: Nordic Semiconductor (0x0002)
[00:00:05.934,326] <inf> bt_hci_core: HW Variant: nRF52x (0x0002)
[00:00:05.934,356] <inf> bt_hci_core: Firmware: Standard Bluetooth controller (0x00) Version 4.0 Build 99
[00:00:05.935,302] <inf> bt_hci_core: Identity: DC:E7:76:C4:1F:70 (random)
[00:00:05.935,333] <inf> bt_hci_core: HCI: version 5.4 (0x0d) revision 0x0000, manufacturer 0x05f1
[00:00:05.935,363] <inf> bt_hci_core: LMP: version 5.4 (0x0d) subver 0xffff
[00:00:05.935,394] <dbg> bttester: tester_rsp_with_index: service 0x00 opcode 0x03 index 0xff status 0x00
[00:00:05.992,034] <dbg> bttester: cmd_handler: cmd service 0x00 opcode 0x03 index 0xff
[00:00:05.992,065] <dbg> bttester: tester_rsp_with_index: service 0x00 opcode 0x03 index 0xff status 0x00
[00:00:06.075,805] <dbg> bttester: cmd_handler: cmd service 0x00 opcode 0x03 index 0xff
[00:00:06.075,836] <dbg> bttester: tester_rsp_with_index: service 0x00 opcode 0x03 index 0xff status 0x00
[00:00:06.164,978] <dbg> bttester: cmd_handler: cmd service 0x04 opcode 0x04 index 0x00
[00:00:06.165,008] <wrn> bttester_mesh: Loading default comp data
[00:00:06.165,283] <wrn> bt_mesh_access: Unused space in relation list: 2
[00:00:06.594,329] <dbg> bttester: tester_rsp_with_index: service 0x04 opcode 0x04 index 0x00 status 0x00
[00:00:06.612,609] <dbg> bttester: cmd_handler: cmd service 0x01 opcode 0x03 index 0x00
[00:00:12.915,252] <dbg> bttester: cmd_handler: cmd service 0x04 opcode 0x02 index 0x00
[00:00:12.915,283] <dbg> bttester_mesh: config_prov: 
[00:00:12.915,313] <dbg> bttester: tester_rsp_with_index: service 0x04 opcode 0x02 index 0x00 status 0x00
[00:00:12.983,215] <dbg> bttester: cmd_handler: cmd service 0x04 opcode 0x78 index 0x00
[00:00:12.983,276] <dbg> bttester_mesh: start: 
[00:00:12.983,367] <inf> bt_mesh_provisionee: Device UUID: 80af354e-5a8f-411b-8bb5-48202a457fab
[00:00:12.985,076] <inf> bt_mesh_provisionee: Device UUID: 80af354e-5a8f-411b-8bb5-48202a457fab
[00:00:12.985,076] <dbg> bttester: tester_rsp_with_index: service 0x04 opcode 0x78 index 0x00 status 0x00
[00:00:13.001,129] <dbg> bttester_mesh: link_open: bearer 0x01
[00:00:13.001,159] <dbg> bttester: tester_event: service 0x04 opcode 0x84
[00:00:15.403,198] <inf> bt_mesh_main: Primary Element: 0x0002
[00:00:15.410,186] <dbg> bttester_mesh: prov_complete: net_idx 0x0000 addr 0x0002
[00:00:15.410,217] <dbg> bttester: tester_event: service 0x04 opcode 0x83
[00:00:17.158,538] <dbg> bttester_mesh: link_close: bearer 0x01
[00:00:17.158,569] <dbg> bttester: tester_event: service 0x04 opcode 0x85
[00:00:17.844,329] <dbg> bttester_mesh: net_recv_ev: ttl 0x03 ctl 0x00 src 0x0001 dst 0x0002 payload_len 15
[00:00:17.844,360] <dbg> bttester: tester_event: service 0x04 opcode 0x86
[00:00:17.847,656] <dbg> bttester_mesh: model_recv_ev: src 0x0001 dst 0x0002 payload_len 3
[00:00:17.847,686] <dbg> bttester: tester_event: service 0x04 opcode 0x8f
[00:00:17.935,150] <dbg> bttester_mesh: net_recv_ev: ttl 0x03 ctl 0x00 src 0x0001 dst 0x0002 payload_len 15
[00:00:17.935,180] <dbg> bttester: tester_event: service 0x04 opcode 0x86
[00:00:17.938,476] <dbg> bttester_mesh: model_recv_ev: src 0x0001 dst 0x0002 payload_len 3
[00:00:17.938,507] <dbg> bttester: tester_event: service 0x04 opcode 0x8f
[00:00:18.280,090] <dbg> bttester_mesh: net_recv_ev: ttl 0x07 ctl 0x01 src 0x0001 dst 0x0002 payload_len 7
[00:00:18.280,120] <dbg> bttester: tester_event: service 0x04 opcode 0x86
[00:00:18.414,276] <dbg> bttester_mesh: net_recv_ev: ttl 0x03 ctl 0x00 src 0x0001 dst 0x0002 payload_len 15
[00:00:18.414,276] <dbg> bttester: tester_event: service 0x04 opcode 0x86
[00:00:18.417,602] <dbg> bttester_mesh: model_recv_ev: src 0x0001 dst 0x0002 payload_len 3
[00:00:18.417,633] <dbg> bttester: tester_event: service 0x04 opcode 0x8f
[00:00:18.929,351] <dbg> bttester_mesh: net_recv_ev: ttl 0x07 ctl 0x01 src 0x0001 dst 0x0002 payload_len 7
[00:00:18.929,382] <dbg> bttester: tester_event: service 0x04 opcode 0x86
[00:00:19.046,478] <dbg> bttester_mesh: net_recv_ev: ttl 0x03 ctl 0x00 src 0x0001 dst 0x0002 payload_len 16
[00:00:19.046,508] <dbg> bttester: tester_event: service 0x04 opcode 0x86
[00:00:19.102,539] <dbg> bttester_mesh: net_recv_ev: ttl 0x03 ctl 0x00 src 0x0001 dst 0x0002 payload_len 16
[00:00:19.102,569] <dbg> bttester: tester_event: service 0x04 opcode 0x86
[00:00:19.106,048] <dbg> bttester_mesh: model_recv_ev: src 0x0001 dst 0x0002 payload_len 20
[00:00:19.106,079] <dbg> bttester: tester_event: service 0x04 opcode 0x8f
[00:00:19.210,449] <dbg> bttester_mesh: net_recv_ev: ttl 0x03 ctl 0x00 src 0x0001 dst 0x0002 payload_len 16
[00:00:19.210,479] <dbg> bttester: tester_event: service 0x04 opcode 0x86
[00:00:19.214,019] <dbg> bttester_mesh: model_recv_ev: src 0x0001 dst 0x0002 payload_len 8
[00:00:19.214,050] <dbg> bttester: tester_event: service 0x04 opcode 0x8f
[00:00:19.215,667] <dbg> bttester_mesh: model_bound_cb: remote addr 0x0001 key_idx 0x0000 model 0x6fd88
[00:00:19.317,718] <dbg> bttester_mesh: net_recv_ev: ttl 0x03 ctl 0x00 src 0x0001 dst 0x0002 payload_len 16
[00:00:19.317,779] <dbg> bttester: tester_event: service 0x04 opcode 0x86
[00:00:19.321,380] <dbg> bttester_mesh: model_recv_ev: src 0x0001 dst 0x0002 payload_len 8
[00:00:19.321,380] <dbg> bttester: tester_event: service 0x04 opcode 0x8f
[00:00:19.322,906] <dbg> bttester_mesh: model_bound_cb: remote addr 0x0001 key_idx 0x0000 model 0x6fdb4
[00:00:19.407,775] <dbg> bttester_mesh: net_recv_ev: ttl 0x03 ctl 0x00 src 0x0001 dst 0x0002 payload_len 16
[00:00:19.407,806] <dbg> bttester: tester_event: service 0x04 opcode 0x86
[00:00:19.411,193] <dbg> bttester_mesh: model_recv_ev: src 0x0001 dst 0x0002 payload_len 8
[00:00:19.411,224] <dbg> bttester: tester_event: service 0x04 opcode 0x8f
[00:00:19.412,750] <dbg> bttester_mesh: model_bound_cb: remote addr 0x0001 key_idx 0x0000 model 0x6ff98
[00:00:19.532,043] <dbg> bttester_mesh: net_recv_ev: ttl 0x03 ctl 0x00 src 0x0001 dst 0x0002 payload_len 16
[00:00:19.532,073] <dbg> bttester: tester_event: service 0x04 opcode 0x86
[00:00:19.535,614] <dbg> bttester_mesh: model_recv_ev: src 0x0001 dst 0x0002 payload_len 8
[00:00:19.535,644] <dbg> bttester: tester_event: service 0x04 opcode 0x8f
[00:00:19.537,292] <dbg> bttester_mesh: model_bound_cb: remote addr 0x0001 key_idx 0x0000 model 0x6fc80
[00:00:19.638,214] <dbg> bttester_mesh: net_recv_ev: ttl 0x03 ctl 0x00 src 0x0001 dst 0x0002 payload_len 16
[00:00:19.638,244] <dbg> bttester: tester_event: service 0x04 opcode 0x86
[00:00:19.641,632] <dbg> bttester_mesh: model_recv_ev: src 0x0001 dst 0x0002 payload_len 8
[00:00:19.641,662] <dbg> bttester: tester_event: service 0x04 opcode 0x8f
[00:00:19.643,188] <dbg> bttester_mesh: model_bound_cb: remote addr 0x0001 key_idx 0x0000 model 0x6fcac
[00:00:19.745,422] <dbg> bttester_mesh: net_recv_ev: ttl 0x03 ctl 0x00 src 0x0001 dst 0x0002 payload_len 16
[00:00:19.745,452] <dbg> bttester: tester_event: service 0x04 opcode 0x86
[00:00:19.748,931] <dbg> bttester_mesh: model_recv_ev: src 0x0001 dst 0x0002 payload_len 8
[00:00:19.748,962] <dbg> bttester: tester_event: service 0x04 opcode 0x8f
[00:00:19.750,518] <dbg> bttester_mesh: model_bound_cb: remote addr 0x0001 key_idx 0x0000 model 0x6fcd8
[00:00:19.869,781] <dbg> bttester_mesh: net_recv_ev: ttl 0x03 ctl 0x00 src 0x0001 dst 0x0002 payload_len 16
[00:00:19.869,842] <dbg> bttester: tester_event: service 0x04 opcode 0x86
[00:00:19.873,229] <dbg> bttester_mesh: model_recv_ev: src 0x0001 dst 0x0002 payload_len 8
[00:00:19.873,260] <dbg> bttester: tester_event: service 0x04 opcode 0x8f
[00:00:19.874,786] <dbg> bttester_mesh: model_bound_cb: remote addr 0x0001 key_idx 0x0000 model 0x6fd04
[00:00:19.977,569] <dbg> bttester_mesh: net_recv_ev: ttl 0x03 ctl 0x00 src 0x0001 dst 0x0002 payload_len 16
[00:00:19.977,569] <dbg> bttester: tester_event: service 0x04 opcode 0x86
[00:00:19.980,957] <dbg> bttester_mesh: model_recv_ev: src 0x0001 dst 0x0002 payload_len 8
[00:00:19.980,987] <dbg> bttester: tester_event: service 0x04 opcode 0x8f
[00:00:19.982,513] <dbg> bttester_mesh: model_bound_cb: remote addr 0x0001 key_idx 0x0000 model 0x6fc28
[00:00:20.085,327] <dbg> bttester_mesh: net_recv_ev: ttl 0x03 ctl 0x00 src 0x0001 dst 0x0002 payload_len 16
[00:00:20.085,357] <dbg> bttester: tester_event: service 0x04 opcode 0x86
[00:00:20.088,745] <dbg> bttester_mesh: model_recv_ev: src 0x0001 dst 0x0002 payload_len 8
[00:00:20.088,775] <dbg> bttester: tester_event: service 0x04 opcode 0x8f
[00:00:20.090,301] <dbg> bttester_mesh: model_bound_cb: remote addr 0x0001 key_idx 0x0000 model 0x6fc54
[00:00:20.192,565] <dbg> bttester_mesh: net_recv_ev: ttl 0x03 ctl 0x00 src 0x0001 dst 0x0002 payload_len 16
[00:00:20.192,565] <dbg> bttester: tester_event: service 0x04 opcode 0x86
[00:00:20.195,983] <dbg> bttester_mesh: model_recv_ev: src 0x0001 dst 0x0002 payload_len 8
[00:00:20.196,014] <dbg> bttester: tester_event: service 0x04 opcode 0x8f
[00:00:20.197,662] <dbg> bttester_mesh: model_bound_cb: remote addr 0x0001 key_idx 0x0000 model 0x6fbfc
[00:00:22.044,769] <dbg> bttester: cmd_handler: cmd service 0x04 opcode 0x46 index 0x00
[00:00:22.044,830] <dbg> bttester_mesh: health_period_get: 
[00:00:22.571,960] <dbg> bttester_mesh: net_recv_ev: ttl 0x03 ctl 0x00 src 0x0001 dst 0x0002 payload_len 15
[00:00:22.571,990] <dbg> bttester: tester_event: service 0x04 opcode 0x86
[00:00:22.575,469] <dbg> bttester_mesh: model_recv_ev: src 0x0001 dst 0x0002 payload_len 3
[00:00:22.575,469] <dbg> bttester: tester_event: service 0x04 opcode 0x8f
[00:00:22.576,751] <dbg> bttester: tester_rsp_with_index: service 0x04 opcode 0x46 index 0x00 status 0x00
[00:00:23.648,956] <dbg> bttester: cmd_handler: cmd service 0x04 opcode 0x47 index 0x00
[00:00:23.649,017] <dbg> bttester_mesh: health_period_set: 
[00:00:23.685,638] <dbg> bttester_mesh: net_recv_ev: ttl 0x03 ctl 0x00 src 0x0001 dst 0x0002 payload_len 15
[00:00:23.685,668] <dbg> bttester: tester_event: service 0x04 opcode 0x86
[00:00:23.689,117] <dbg> bttester_mesh: model_recv_ev: src 0x0001 dst 0x0002 payload_len 3
[00:00:23.689,117] <dbg> bttester: tester_event: service 0x04 opcode 0x8f
[00:00:24.838,134] <dbg> bttester: cmd_handler: cmd service 0x04 opcode 0x47 index 0x00
[00:00:24.838,165] <dbg> bttester_mesh: health_period_set: 
[00:00:24.839,172] <dbg> bttester: tester_rsp_with_index: service 0x04 opcode 0x47 index 0x00 status 0x00
