< 2024/08/18 06:20:35.633246  length=6 from=0 to=5
 00 03 ff 01 00 01                                ......
--
> 2024/08/18 06:20:35.647149  length=4 from=0 to=3
 00 03 ff 00                                      ....
--
> 2024/08/18 06:20:35.648144  length=1 from=4 to=4
 00                                               .
--
< 2024/08/18 06:20:35.688787  length=6 from=6 to=11
 00 03 ff 01 00 04                                ......
--
> 2024/08/18 06:20:35.690148  length=5 from=5 to=9
 00 03 ff 00 00                                   .....
--
< 2024/08/18 06:20:35.731830  length=6 from=12 to=17
 04 04 00 01 00 00                                ......
--
> 2024/08/18 06:20:36.005148  length=5 from=10 to=14
 04 04 00 00 00                                   .....
--
< 2024/08/18 06:20:36.046741  length=6 from=18 to=23
 00 03 ff 01 00 05                                ......
--
> 2024/08/18 06:20:36.048157  length=5 from=15 to=19
 00 03 ff 00 00                                   .....
--
< 2024/08/18 06:20:36.089811  length=5 from=24 to=28
 01 03 00 00 00                                   .....
--
> 2024/08/18 06:20:36.091163  length=6 from=20 to=25
 01 03 00 15 01 00                                ......
--
> 2024/08/18 06:20:36.092151  length=12 from=26 to=37
 00 00 00 00 00 13 06 02 00 13 02 00              ............
--
> 2024/08/18 06:20:36.092240  length=1 from=38 to=38
 00                                               .
--
> 2024/08/18 06:20:36.093149  length=10 from=39 to=48
 00 00 00 62 74 70 5f 74 65 73                    ...btp_tes
--
> 2024/08/18 06:20:36.093228  length=1 from=49 to=49
 74                                               t
--
> 2024/08/18 06:20:36.094152  length=11 from=50 to=60
 65 72 00 00 00 00 00 00 00 00 00                 er.........
--
> 2024/08/18 06:20:36.095151  length=12 from=61 to=72
 00 00 00 00 00 00 00 00 00 00 00 00              ............
--
> 2024/08/18 06:20:36.095239  length=1 from=73 to=73
 00                                               .
--
> 2024/08/18 06:20:36.096136  length=10 from=74 to=83
 00 00 00 00 00 00 00 00 00 00                    ..........
--
> 2024/08/18 06:20:36.097148  length=12 from=84 to=95
 00 00 00 00 00 00 00 00 00 00 00 00              ............
--
> 2024/08/18 06:20:36.098156  length=12 from=96 to=107
 00 00 00 00 00 00 00 00 00 00 00 00              ............
--
> 2024/08/18 06:20:36.099142  length=11 from=108 to=118
 00 00 00 00 00 00 00 00 00 00 00                 ...........
--
> 2024/08/18 06:20:36.100136  length=12 from=119 to=130
 00 00 00 00 00 00 00 00 00 00 00 00              ............
--
> 2024/08/18 06:20:36.101157  length=11 from=131 to=141
 00 00 00 00 00 00 00 00 00 00 00                 ...........
--
> 2024/08/18 06:20:36.101238  length=1 from=142 to=142
 00                                               .
--
> 2024/08/18 06:20:36.102154  length=12 from=143 to=154
 00 00 00 00 00 00 00 00 00 00 00 00              ............
--
> 2024/08/18 06:20:36.103150  length=11 from=155 to=165
 00 00 00 00 00 00 00 00 00 00 00                 ...........
--
> 2024/08/18 06:20:36.104149  length=12 from=166 to=177
 00 00 00 00 00 00 00 00 00 00 00 00              ............
--
> 2024/08/18 06:20:36.105152  length=12 from=178 to=189
 00 00 00 00 00 00 00 00 00 00 00 00              ............
--
> 2024/08/18 06:20:36.106148  length=11 from=190 to=200
 00 00 00 00 00 00 00 00 00 00 00                 ...........
--
> 2024/08/18 06:20:36.107140  length=12 from=201 to=212
 00 00 00 00 00 00 00 00 00 00 00 00              ............
--
> 2024/08/18 06:20:36.108155  length=11 from=213 to=223
 00 00 00 00 00 00 00 00 00 00 00                 ...........
--
> 2024/08/18 06:20:36.109151  length=12 from=224 to=235
 00 00 00 00 00 00 00 00 00 00 00 00              ............
--
> 2024/08/18 06:20:36.110138  length=12 from=236 to=247
 00 00 00 00 00 00 00 00 00 00 00 00              ............
--
> 2024/08/18 06:20:36.111145  length=11 from=248 to=258
 00 00 00 00 00 00 00 00 00 00 00                 ...........
--
> 2024/08/18 06:20:36.111269  length=1 from=259 to=259
 00                                               .
--
> 2024/08/18 06:20:36.112150  length=11 from=260 to=270
 00 00 00 00 00 00 00 00 00 00 00                 ...........
--
> 2024/08/18 06:20:36.113160  length=11 from=271 to=281
 00 00 00 00 00 00 00 00 00 00 00                 ...........
--
> 2024/08/18 06:20:36.113241  length=1 from=282 to=282
 00                                               .
--
> 2024/08/18 06:20:36.114152  length=11 from=283 to=293
 00 00 00 00 00 00 00 00 00 00 00                 ...........
--
> 2024/08/18 06:20:36.115153  length=8 from=294 to=301
 00 00 00 00 00 00 00 00                          ........
--
< 2024/08/18 06:20:42.165290  length=61 from=29 to=89
 04 02 00 38 00 10 a5 da c6 47 28 42 5d be d2 00  ...8.....G(B]...
 19 f6 22 56 1f 00 00 00 00 00 00 00 00 00 00 00  .."V............
 00 00 00 00 00 00 00 00 00 00 00 00 00 00 00 00  ................
 00 00 00 00 00 10 01 08 00 01 04 00 00           .............
--
> 2024/08/18 06:20:42.172226  length=5 from=302 to=306
 04 02 00 00 00                                   .....
--
< 2024/08/18 06:20:42.188273  length=5 from=90 to=94
 04 78 00 00 00                                   .x...
--
> 2024/08/18 06:20:42.224242  length=4 from=307 to=310
 04 83 00 00                                      ....
--
> 2024/08/18 06:20:42.224354  length=1 from=311 to=311
 00                                               .
--
> 2024/08/18 06:20:42.225210  length=5 from=312 to=316
 04 78 00 00 00                                   .x...
--
< 2024/08/18 06:20:42.292306  length=5 from=95 to=99
 04 05 00 00 00                                   .....
--
> 2024/08/18 06:20:42.681254  length=5 from=317 to=321
 04 05 00 00 00                                   .....
--
> 2024/08/18 06:20:42.742206  length=3 from=322 to=324
 04 84 00                                         ...
--
> 2024/08/18 06:20:42.743242  length=3 from=325 to=327
 01 00 00                                         ...
--
> 2024/08/18 06:20:46.067281  length=5 from=328 to=332
 04 83 00 00 00                                   .....
--
> 2024/08/18 06:20:47.653327  length=6 from=333 to=338
 04 85 00 01 00 00                                ......
--
> 2024/08/18 06:20:48.501298  length=6 from=339 to=344
 04 86 00 16 00 03                                ......
--
> 2024/08/18 06:20:48.502284  length=11 from=345 to=355
 00 01 00 02 00 0f 80 80 00 00 c6                 ...........
--
> 2024/08/18 06:20:48.502369  length=1 from=356 to=356
 21                                               !
--
> 2024/08/18 06:20:48.503301  length=9 from=357 to=365
 88 6d 19 0c e0 2a 6f b0 1d                       .m...*o..
--
> 2024/08/18 06:20:48.504273  length=8 from=366 to=373
 04 8f 00 08 00 01 00 02                          ........
--
> 2024/08/18 06:20:48.505292  length=3 from=374 to=376
 00 03 80                                         ...
--
> 2024/08/18 06:20:48.505416  length=2 from=377 to=378
 08 7f                                            ..
--
> 2024/08/18 06:20:48.626306  length=9 from=379 to=387
 04 86 00 16 00 03 00 01 00                       .........
--
> 2024/08/18 06:20:48.627340  length=12 from=388 to=399
 02 00 0f 80 80 04 00 af b2 39 99 4a              .........9.J
--
> 2024/08/18 06:20:48.628346  length=9 from=400 to=408
 67 74 ef e6 bb ce 04 8f 00                       gt.......
--
> 2024/08/18 06:20:48.629346  length=10 from=409 to=418
 08 00 01 00 02 00 03 80 08 01                    ..........
--
> 2024/08/18 06:20:48.903311  length=5 from=419 to=423
 04 86 00 0e 00                                   .....
--
> 2024/08/18 06:20:48.904295  length=11 from=424 to=434
 07 01 01 00 02 00 07 00 00 0c 00                 ...........
--
> 2024/08/18 06:20:48.904379  length=2 from=435 to=436
 00 00                                            ..
--
> 2024/08/18 06:20:48.905301  length=1 from=437 to=437
 0f                                               .
--
> 2024/08/18 06:20:49.037329  length=9 from=438 to=446
 04 86 00 16 00 03 00 01 00                       .........
--
> 2024/08/18 06:20:49.037498  length=2 from=447 to=448
 02 00                                            ..
--
> 2024/08/18 06:20:49.038324  length=10 from=449 to=458
 0f 80 80 0c 00 2d e8 8c 79 e0                    .....-..y.
--
> 2024/08/18 06:20:49.038407  length=1 from=459 to=459
 7d                                               }
--
> 2024/08/18 06:20:49.039366  length=5 from=460 to=464
 d2 5f f8 e7 41                                   ._..A
--
> 2024/08/18 06:20:49.039468  length=2 from=465 to=466
 04 8f                                            ..
--
> 2024/08/18 06:20:49.040268  length=10 from=467 to=476
 00 08 00 01 00 02 00 03 80 08                    ..........
--
> 2024/08/18 06:20:49.041350  length=1 from=477 to=477
 00                                               .
--
> 2024/08/18 06:20:49.450352  length=3 from=478 to=480
 04 86 00                                         ...
--
> 2024/08/18 06:20:49.451359  length=11 from=481 to=491
 0e 00 07 01 01 00 02 00 07 00 00                 ...........
--
> 2024/08/18 06:20:49.452326  length=5 from=492 to=496
 20 00 00 00 3f                                    ...?
--
> 2024/08/18 06:20:49.602378  length=11 from=497 to=507
 04 86 00 17 00 03 00 01 00 02 00                 ...........
--
> 2024/08/18 06:20:49.602483  length=1 from=508 to=508
 10                                               .
--
> 2024/08/18 06:20:49.603363  length=11 from=509 to=519
 80 00 14 01 ce da a1 4f 37 bb be                 .......O7..
--
> 2024/08/18 06:20:49.603446  length=1 from=520 to=520
 2d                                               -
--
> 2024/08/18 06:20:49.604359  length=4 from=521 to=524
 10 fd 13 ab                                      ....
--
> 2024/08/18 06:20:49.641385  length=12 from=525 to=536
 04 86 00 17 00 03 00 01 00 02 00 10              ............
--
> 2024/08/18 06:20:49.642350  length=11 from=537 to=547
 80 00 14 21 c5 18 68 7e 83 48 97                 ...!..h~.H.
--
> 2024/08/18 06:20:49.642433  length=1 from=548 to=548
 f8                                               .
--
> 2024/08/18 06:20:49.643334  length=5 from=549 to=553
 36 64 8e cd 04                                   6d...
--
> 2024/08/18 06:20:49.644331  length=12 from=554 to=565
 8f 00 19 00 01 00 02 00 14 00 00 00              ............
--
> 2024/08/18 06:20:49.645325  length=11 from=566 to=576
 00 32 83 89 07 a9 3e 5e 36 51 f5                 .2....>^6Q.
--
> 2024/08/18 06:20:49.646355  length=6 from=577 to=582
 c6 ec 6b 40 36 89                                ..k@6.
--
> 2024/08/18 06:20:49.781392  length=9 from=583 to=591
 04 86 00 17 00 03 00 01 00                       .........
--
> 2024/08/18 06:20:49.782358  length=11 from=592 to=602
 02 00 10 80 00 1c 00 72 ec a9 ba                 .......r...
--
> 2024/08/18 06:20:49.783365  length=10 from=603 to=612
 a8 8a ee 9f b4 9c 22 5e 04 8f                    ......"^..
--
> 2024/08/18 06:20:49.784357  length=11 from=613 to=623
 00 0d 00 01 00 02 00 08 80 3d 02                 .........=.
--
> 2024/08/18 06:20:49.785359  length=5 from=624 to=628
 00 00 00 02 00                                   .....
--
> 2024/08/18 06:20:50.439373  length=4 from=629 to=632
 04 86 00 17                                      ....
--
> 2024/08/18 06:20:50.439460  length=1 from=633 to=633
 00                                               .
--
> 2024/08/18 06:20:50.440357  length=10 from=634 to=643
 03 00 01 00 02 00 10 80 00 20                    ......... 
--
> 2024/08/18 06:20:50.440441  length=1 from=644 to=644
 00                                               .
--
> 2024/08/18 06:20:50.441310  length=10 from=645 to=654
 82 79 d5 83 36 b0 1d 6f fa fd                    .y..6..o..
--
> 2024/08/18 06:20:50.441390  length=1 from=655 to=655
 91                                               .
--
> 2024/08/18 06:20:50.442356  length=9 from=656 to=664
 4e 04 8f 00 0d 00 01 00 02                       N........
--
> 2024/08/18 06:20:50.442435  length=1 from=665 to=665
 00                                               .
--
> 2024/08/18 06:20:50.443365  length=9 from=666 to=674
 08 80 3d 02 00 00 00 03 00                       ..=......
--
> 2024/08/18 06:20:50.564383  length=12 from=675 to=686
 04 86 00 17 00 03 00 01 00 02 00 10              ............
--
> 2024/08/18 06:20:50.565366  length=12 from=687 to=698
 80 00 28 00 85 87 f6 51 14 f3 d1 64              ..(....Q...d
--
> 2024/08/18 06:20:50.566355  length=9 from=699 to=707
 cf cd a9 7e 04 8f 00 0d 00                       ...~.....
--
> 2024/08/18 06:20:50.567320  length=11 from=708 to=718
 01 00 02 00 08 80 3d 02 00 00 00                 ......=....
--
> 2024/08/18 06:20:50.568376  length=2 from=719 to=720
 00 14                                            ..
--
> 2024/08/18 06:20:50.705372  length=8 from=721 to=728
 04 86 00 17 00 03 00 01                          ........
--
> 2024/08/18 06:20:50.705511  length=1 from=729 to=729
 00                                               .
--
> 2024/08/18 06:20:50.706369  length=10 from=730 to=739
 02 00 10 80 00 2c 00 45 bc d7                    .....,.E..
--
> 2024/08/18 06:20:50.707363  length=10 from=740 to=749
 27 f6 c9 de 19 ee a2 d6 ff 04                    '.........
--
> 2024/08/18 06:20:50.707442  length=1 from=750 to=750
 8f                                               .
--
> 2024/08/18 06:20:50.708280  length=10 from=751 to=760
 00 0d 00 01 00 02 00 08 80 3d                    .........=
--
> 2024/08/18 06:20:50.709324  length=3 from=761 to=763
 02 00 00                                         ...
--
> 2024/08/18 06:20:50.709389  length=3 from=764 to=766
 00 02 14                                         ...
--
> 2024/08/18 06:20:50.829372  length=8 from=767 to=774
 04 86 00 17 00 03 00 01                          ........
--
> 2024/08/18 06:20:50.829470  length=1 from=775 to=775
 00                                               .
--
> 2024/08/18 06:20:50.830368  length=10 from=776 to=785
 02 00 10 80 00 30 00 fd 9f 7d                    .....0...}
--
> 2024/08/18 06:20:50.831349  length=9 from=786 to=794
 04 56 86 5c a9 23 02 1f c1                       .V.\.#...
--
> 2024/08/18 06:20:50.831427  length=1 from=795 to=795
 04                                               .
--
> 2024/08/18 06:20:50.832352  length=10 from=796 to=805
 8f 00 0d 00 01 00 02 00 08 80                    ..........
--
> 2024/08/18 06:20:50.832432  length=2 from=806 to=807
 3d 02                                            =.
--
> 2024/08/18 06:20:50.833371  length=5 from=808 to=812
 00 00 00 01 14                                   .....
--
> 2024/08/18 06:20:51.469387  length=5 from=813 to=817
 04 86 00 17 00                                   .....
--
> 2024/08/18 06:20:51.469480  length=1 from=818 to=818
 03                                               .
--
> 2024/08/18 06:20:51.470385  length=10 from=819 to=828
 00 01 00 02 00 10 80 00 34 00                    ........4.
--
> 2024/08/18 06:20:51.471370  length=12 from=829 to=840
 40 1a 8c 9f 4a 8e 94 bc 56 91 55 1e              @...J...V.U.
--
> 2024/08/18 06:20:51.472343  length=9 from=841 to=849
 04 8f 00 0d 00 01 00 02 00                       .........
--
> 2024/08/18 06:20:51.473380  length=9 from=850 to=858
 08 80 3d 02 00 00 00 14 00                       ..=......
--
> 2024/08/18 06:20:52.600412  length=2 from=859 to=860
 04 86                                            ..
--
> 2024/08/18 06:20:52.601400  length=12 from=861 to=872
 00 15 00 03 00 01 00 02 00 0e d2 80              ............
--
> 2024/08/18 06:20:52.601539  length=2 from=873 to=874
 3c 00                                            <.
--
> 2024/08/18 06:20:52.602392  length=9 from=875 to=883
 90 43 3c de 3e f9 15 66 6f                       .C<.>..fo
--
> 2024/08/18 06:20:52.603414  length=10 from=884 to=893
 f6 04 8f 00 07 00 01 00 02 00                    ..........
--
> 2024/08/18 06:20:52.604409  length=3 from=894 to=896
 02 83 0e                                         ...
--
> 2024/08/18 06:20:52.724406  length=6 from=897 to=902
 04 86 00 15 00 03                                ......
--
> 2024/08/18 06:20:52.725398  length=12 from=903 to=914
 00 01 00 02 00 0e d2 80 40 00 33 8d              ........@.3.
--
> 2024/08/18 06:20:52.726398  length=9 from=915 to=923
 f6 3d 15 b4 ff 8e 72 ab 04                       .=....r..
--
> 2024/08/18 06:20:52.727370  length=11 from=924 to=934
 8f 00 07 00 01 00 02 00 02 83 0e                 ...........
--
> 2024/08/18 06:21:00.133481  length=4 from=935 to=938
 00 80 ff 00                                      ....
--
> 2024/08/18 06:21:00.134464  length=1 from=939 to=939
 00                                               .
--
