08:46:37:489	> BTP_CORE_CMD_REGISTER_SERVICE (0x00|0x03|0xff)
                  raw data (1): 00 03 ff 01 00 01
08:46:37:536	< BTP_CORE_CMD_REGISTER_SERVICE (0x00|0x03|0xff)
                  raw data (0): 00 03 ff 00 00
08:46:37:537	> BTP_CORE_CMD_REGISTER_SERVICE (0x00|0x03|0xff)
                  raw data (2): 00 03 ff 01 00 02
08:46:37:584	< BTP_CORE_CMD_REGISTER_SERVICE (0x00|0x03|0xff)
                  raw data (0): 00 03 ff 00 00
08:46:37:585	> BTP_CORE_CMD_REGISTER_SERVICE (0x00|0x03|0xff)
                  raw data (4): 00 03 ff 01 00 04
08:46:37:627	< BTP_CORE_CMD_REGISTER_SERVICE (0x00|0x03|0xff)
                  raw data (0): 00 03 ff 00 00
08:46:37:633	> BTP_MESH_CMD_INIT (0x04|0x04|0x00)
                  raw data (1): 04 04 00 01 00 00
08:46:38:084	< BTP_MESH_CMD_INIT (0x04|0x04|0x00)
                  raw data (0): 04 04 00 00 00
08:46:38:085	> BTP_GAP_CMD_READ_CONTROLLER_INFO (0x01|0x03|0x00)
                  raw data (0): 01 03 00 00 00
08:46:38:388	< BTP_GAP_CMD_READ_CONTROLLER_INFO (0x01|0x03|0x00)
                  raw data (277): 
                  01 03 00 15 01 70 1f c4 76 e7 dc 13 06 02 00 13 
                  82 00 00 00 00 00 62 74 70 5f 74 65 73 74 65 72 
                  00 00 00 00 00 00 00 00 00 00 00 00 00 00 00 00 
                  00 00 00 00 00 00 00 00 00 00 00 00 00 00 00 00 
                  00 00 00 00 00 00 00 00 00 00 00 00 00 00 00 00 
                  00 00 00 00 00 00 00 00 00 00 00 00 00 00 00 00 
                  00 00 00 00 00 00 00 00 00 00 00 00 00 00 00 00 
                  00 00 00 00 00 00 00 00 00 00 00 00 00 00 00 00 
                  00 00 00 00 00 00 00 00 00 00 00 00 00 00 00 00 
                  00 00 00 00 00 00 00 00 00 00 00 00 00 00 00 00 
                  00 00 00 00 00 00 00 00 00 00 00 00 00 00 00 00 
                  00 00 00 00 00 00 00 00 00 00 00 00 00 00 00 00 
                  00 00 00 00 00 00 00 00 00 00 00 00 00 00 00 00 
                  00 00 00 00 00 00 00 00 00 00 00 00 00 00 00 00 
                  00 00 00 00 00 00 00 00 00 00 00 00 00 00 00 00 
                  00 00 00 00 00 00 00 00 00 00 00 00 00 00 00 00 
                  00 00 00 00 00 00 00 00 00 00 00 00 00 00 00 00 
                  00 00 00 00 00 00 00 00 00 00
08:46:45:449	> BTP_MESH_CMD_CONFIG_PROVISIONING (0x04|0x02|0x00)
                  raw data (56): 
                  04 02 00 38 00 80 af 35 4e 5a 8f 41 1b 8b b5 48 
                  20 2a 45 7f ab 00 01 02 03 04 05 06 07 08 09 0a 
                  0b 0c 0d 0e 0f 00 00 00 00 00 00 00 00 00 00 00 
                  00 00 00 00 00 10 01 10 00 01 04 00 00
08:46:45:486	< BTP_MESH_CMD_CONFIG_PROVISIONING (0x04|0x02|0x00)
                  raw data (0): 04 02 00 00 00
08:46:45:507	> BTP_MESH_CMD_START (0x04|0x78|0x00)
                  raw data (0): 04 78 00 00 00
08:46:45:534	< BTP_MESH_CMD_START (0x04|0x78|0x00)
                  raw data (0): 04 78 00 00 00
08:46:45:535	> BTP_MESH_CMD_PROVISION_NODE (0x04|0x03|0x00)
                  raw data (45): 
                  04 03 00 2d 00 01 23 45 67 89 ab cd ef 01 23 45 
                  67 89 ab cd ef 00 00 00 00 00 00 00 00 00 00 00 
                  03 00 01 23 45 67 89 ab cd ef 01 23 45 67 89 ab 
                  cd ef
08:46:45:571	< BTP_MESH_EV_PROVISIONED (0x04|0x83|0x00)
                  raw data (0): 04 83 00 00 00
08:46:45:588	< BTP_MESH_CMD_PROVISION_NODE (0x04|0x03|0x00)
                  raw data (0): 04 03 00 00 00
08:46:46:596	> BTP_MESH_CMD_PROVISION_ADV (0x04|0x4a|0x00)
                  raw data (37): 
                  04 4a 00 25 00 80 af 35 4e 5a 8f 41 1b 8b b5 48 
                  20 2a 45 7f ab 00 00 01 00 00 01 23 45 67 89 ab 
                  cd ef 01 23 45 67 89 ab cd ef
08:46:46:658	< BTP_MESH_CMD_PROVISION_ADV (0x04|0x4a|0x00)
                  raw data (0): 04 4a 00 00 00
08:46:47:232	< BTP_MESH_EV_PROV_LINK_OPEN (0x04|0x84|0x00)
                  raw data (1): 04 84 00 01 00 00
08:46:50:584	< BTP_MESH_EV_PROV_NODE_ADDED (0x04|0x8e|0x00)
                  raw data (21): 
                  04 8e 00 15 00 00 00 01 00 80 af 35 4e 5a 8f 41 
                  1b 8b b5 48 20 2a 45 7f ab 01
08:46:51:020	< BTP_MESH_EV_PROV_LINK_CLOSED (0x04|0x85|0x00)
                  raw data (1): 04 85 00 01 00 00
08:46:53:661	> BTP_MESH_CMD_COMP_DATA_GET (0x04|0x14|0x00)
                  raw data (5): 04 14 00 05 00 00 00 01 00 ff
08:46:53:867	< BTP_MESH_EV_NET_RECV (0x04|0x86|0x00)
                  raw data (23): 
                  04 86 00 17 00 03 00 01 00 03 00 10 80 80 00 02 
                  69 fe 64 4b ac c5 02 bd e9 94 42 d2
08:46:53:909	< BTP_MESH_EV_NET_RECV (0x04|0x86|0x00)
                  raw data (23): 
                  04 86 00 17 00 03 00 01 00 03 00 10 80 80 00 22 
                  cc 1a 4b 94 b3 93 52 dc 38 27 85 c5
08:46:53:941	< BTP_MESH_EV_NET_RECV (0x04|0x86|0x00)
                  raw data (21): 
                  04 86 00 15 00 03 00 01 00 03 00 0e 80 80 00 42 
                  2e 91 29 0c 59 3a 89 f7 89 41
08:46:53:957	< BTP_MESH_EV_MODEL_RECV (0x04|0x8f|0x00)
                  raw data (31): 
                  04 8f 00 1f 00 01 00 03 00 1a 02 01 16 00 02 02 
                  02 02 02 02 02 02 02 02 02 02 02 02 02 02 02 02 
                  02 02 02 02
08:46:54:040	< BTP_MESH_CMD_COMP_DATA_GET (0x04|0x14|0x00)
                  raw data (25): 
                  04 14 00 19 00 01 16 00 02 02 02 02 02 02 02 02 
                  02 02 02 02 02 02 02 02 02 02 02 02 02 02
08:46:54:067	> BTP_MESH_CMD_COMP_DATA_GET (0x04|0x14|0x00)
                  raw data (5): 04 14 00 05 00 00 00 01 00 00
08:46:54:246	< BTP_MESH_EV_NET_RECV (0x04|0x86|0x00)
                  raw data (23): 
                  04 86 00 17 00 03 00 01 00 03 00 10 80 80 0c 05 
                  6a 7d e0 88 bd ba a8 ac a8 09 00 da
08:46:54:304	< BTP_MESH_EV_NET_RECV (0x04|0x86|0x00)
                  raw data (23): 
                  04 86 00 17 00 03 00 01 00 03 00 10 80 80 0c 25 
                  5f a0 37 d0 c2 8d cb 9f 73 4f 82 98
08:46:54:332	< BTP_MESH_EV_NET_RECV (0x04|0x86|0x00)
                  raw data (23): 
                  04 86 00 17 00 03 00 01 00 03 00 10 80 80 0c 45 
                  99 b1 10 af 5a 20 ac c9 dc 58 01 34
08:46:54:384	< BTP_MESH_EV_NET_RECV (0x04|0x86|0x00)
                  raw data (23): 
                  04 86 00 17 00 03 00 01 00 03 00 10 80 80 0c 65 
                  61 39 68 a7 7b 64 55 d5 0d 0f 52 54
08:46:54:437	< BTP_MESH_EV_NET_RECV (0x04|0x86|0x00)
                  raw data (23): 
                  04 86 00 17 00 03 00 01 00 03 00 10 80 80 0c 85 
                  f5 66 68 e6 e7 42 25 51 06 49 a9 c7
08:46:54:505	< BTP_MESH_EV_NET_RECV (0x04|0x86|0x00)
                  raw data (19): 
                  04 86 00 13 00 03 00 01 00 03 00 0c 80 80 0c a5 
                  ea 08 51 67 59 b1 9e 4f
08:46:54:567	< BTP_MESH_EV_MODEL_RECV (0x04|0x8f|0x00)
                  raw data (65): 
                  04 8f 00 41 00 01 00 03 00 3c 02 00 3f 00 1a 00 
                  01 00 ff 00 03 00 07 00 16 00 00 00 02 00 04 00 
                  06 00 0a 00 08 00 0c 00 0e 00 10 00 12 00 14 00 
                  01 00 03 00 05 00 07 00 0b 00 09 00 0d 00 0f 00 
                  11 00 13 00 15 00
08:46:54:594	< BTP_MESH_CMD_COMP_DATA_GET (0x04|0x14|0x00)
                  raw data (59): 
                  04 14 00 3b 00 00 3f 00 1a 00 01 00 ff 00 03 00 
                  07 00 16 00 00 00 02 00 04 00 06 00 0a 00 08 00 
                  0c 00 0e 00 10 00 12 00 14 00 01 00 03 00 05 00 
                  07 00 0b 00 09 00 0d 00 0f 00 11 00 13 00 15 00
08:46:56:602	> BTP_MESH_CMD_PROXY_CONNECT (0x04|0x77|0x00)
                  raw data (2): 04 77 00 02 00 00 00
08:46:56:624	< BTP_MESH_CMD_PROXY_CONNECT (0x04|0x77|0x00)
                  raw data (0): 04 77 00 00 00
08:46:56:772	< BTP_GAP_EV_DEVICE_CONNECTED (0x01|0x82|0x00)
                  raw data (13): 
                  01 82 00 0d 00 00 df 28 1c e8 07 c0 28 00 00 00 
                  90 01
08:46:58:626	> BTP_GATT_CMD_DISC_ALL_PRIM (0x02|0x0b|0x00)
                  raw data (7): 02 0b 00 07 00 00 df 28 1c e8 07 c0
08:46:58:987	< BTP_GATT_CMD_DISC_ALL_PRIM (0x02|0x0b|0x00)
                  raw data (36): 
                  02 0b 00 24 00 05 01 00 0f 00 02 00 18 40 00 47 
                  00 02 01 18 80 00 99 00 02 0a 18 d0 00 d7 00 02 
                  27 18 10 01 15 01 02 28 18
08:47:01:423	< BTP_GAP_EV_DEVICE_DISCONNECTED (0x01|0x83|0x00)
                  raw data (7): 01 83 00 07 00 00 df 28 1c e8 07 c0
08:47:08:013	< BTP_CORE_EV_IUT_READY (0x00|0x80|0xff)
                  raw data (0): 00 80 ff 00 00
