< 2024/08/18 07:36:11.495718  length=6 from=0 to=5
 00 03 ff 01 00 01                                ......
--
> 2024/08/18 07:36:11.537216  length=5 from=0 to=4
 00 03 ff 00 00                                   .....
--
< 2024/08/18 07:36:11.568786  length=5 from=6 to=10
 01 03 00 00 00                                   .....
--
> 2024/08/18 07:36:11.771271  length=5 from=5 to=9
 01 03 00 15 01                                   .....
--
> 2024/08/18 07:36:11.771431  length=1 from=10 to=10
 c3                                               .
--
> 2024/08/18 07:36:11.771521  length=1 from=11 to=11
 51                                               Q
--
> 2024/08/18 07:36:11.772269  length=10 from=12 to=21
 0b 1b b8 d7 13 06 02 00 13 82                    ..........
--
> 2024/08/18 07:36:11.773219  length=11 from=22 to=32
 00 00 00 00 00 62 74 70 5f 74 65                 .....btp_te
--
> 2024/08/18 07:36:11.774354  length=13 from=33 to=45
 73 74 65 72 00 00 00 00 00 00 00 00 00           ster.........
--
> 2024/08/18 07:36:11.775298  length=10 from=46 to=55
 00 00 00 00 00 00 00 00 00 00                    ..........
--
> 2024/08/18 07:36:11.775378  length=1 from=56 to=56
 00                                               .
--
> 2024/08/18 07:36:11.775430  length=1 from=57 to=57
 00                                               .
--
> 2024/08/18 07:36:11.775542  length=1 from=58 to=58
 00                                               .
--
> 2024/08/18 07:36:11.776361  length=10 from=59 to=68
 00 00 00 00 00 00 00 00 00 00                    ..........
--
> 2024/08/18 07:36:11.776449  length=1 from=69 to=69
 00                                               .
--
> 2024/08/18 07:36:11.777250  length=9 from=70 to=78
 00 00 00 00 00 00 00 00 00                       .........
--
> 2024/08/18 07:36:11.778246  length=11 from=79 to=89
 00 00 00 00 00 00 00 00 00 00 00                 ...........
--
> 2024/08/18 07:36:11.778328  length=1 from=90 to=90
 00                                               .
--
> 2024/08/18 07:36:11.778380  length=2 from=91 to=92
 00 00                                            ..
--
> 2024/08/18 07:36:11.779229  length=9 from=93 to=101
 00 00 00 00 00 00 00 00 00                       .........
--
> 2024/08/18 07:36:11.780274  length=12 from=102 to=113
 00 00 00 00 00 00 00 00 00 00 00 00              ............
--
> 2024/08/18 07:36:11.780358  length=1 from=114 to=114
 00                                               .
--
> 2024/08/18 07:36:11.780467  length=2 from=115 to=116
 00 00                                            ..
--
> 2024/08/18 07:36:11.780610  length=1 from=117 to=117
 00                                               .
--
> 2024/08/18 07:36:11.780673  length=1 from=118 to=118
 00                                               .
--
> 2024/08/18 07:36:11.780782  length=1 from=119 to=119
 00                                               .
--
> 2024/08/18 07:36:11.781208  length=5 from=120 to=124
 00 00 00 00 00                                   .....
--
> 2024/08/18 07:36:11.782242  length=11 from=125 to=135
 00 00 00 00 00 00 00 00 00 00 00                 ...........
--
> 2024/08/18 07:36:11.782324  length=1 from=136 to=136
 00                                               .
--
> 2024/08/18 07:36:11.782376  length=2 from=137 to=138
 00 00                                            ..
--
> 2024/08/18 07:36:11.783231  length=10 from=139 to=148
 00 00 00 00 00 00 00 00 00 00                    ..........
--
> 2024/08/18 07:36:11.784228  length=11 from=149 to=159
 00 00 00 00 00 00 00 00 00 00 00                 ...........
--
> 2024/08/18 07:36:11.785218  length=11 from=160 to=170
 00 00 00 00 00 00 00 00 00 00 00                 ...........
--
> 2024/08/18 07:36:11.785300  length=1 from=171 to=171
 00                                               .
--
> 2024/08/18 07:36:11.786219  length=11 from=172 to=182
 00 00 00 00 00 00 00 00 00 00 00                 ...........
--
> 2024/08/18 07:36:11.786309  length=1 from=183 to=183
 00                                               .
--
> 2024/08/18 07:36:11.786453  length=1 from=184 to=184
 00                                               .
--
> 2024/08/18 07:36:11.786579  length=1 from=185 to=185
 00                                               .
--
> 2024/08/18 07:36:11.786641  length=1 from=186 to=186
 00                                               .
--
> 2024/08/18 07:36:11.786693  length=1 from=187 to=187
 00                                               .
--
> 2024/08/18 07:36:11.787255  length=6 from=188 to=193
 00 00 00 00 00 00                                ......
--
> 2024/08/18 07:36:11.788258  length=5 from=194 to=198
 00 00 00 00 00                                   .....
--
> 2024/08/18 07:36:11.788328  length=8 from=199 to=206
 00 00 00 00 00 00 00 00                          ........
--
> 2024/08/18 07:36:11.788400  length=1 from=207 to=207
 00                                               .
--
> 2024/08/18 07:36:11.789241  length=10 from=208 to=217
 00 00 00 00 00 00 00 00 00 00                    ..........
--
> 2024/08/18 07:36:11.789378  length=1 from=218 to=218
 00                                               .
--
> 2024/08/18 07:36:11.789513  length=2 from=219 to=220
 00 00                                            ..
--
> 2024/08/18 07:36:11.790252  length=7 from=221 to=227
 00 00 00 00 00 00 00                             .......
--
> 2024/08/18 07:36:11.790327  length=2 from=228 to=229
 00 00                                            ..
--
> 2024/08/18 07:36:11.790380  length=1 from=230 to=230
 00                                               .
--
> 2024/08/18 07:36:11.790496  length=1 from=231 to=231
 00                                               .
--
> 2024/08/18 07:36:11.791298  length=8 from=232 to=239
 00 00 00 00 00 00 00 00                          ........
--
> 2024/08/18 07:36:11.791374  length=1 from=240 to=240
 00                                               .
--
> 2024/08/18 07:36:11.791426  length=1 from=241 to=241
 00                                               .
--
> 2024/08/18 07:36:11.791476  length=2 from=242 to=243
 00 00                                            ..
--
> 2024/08/18 07:36:11.791673  length=1 from=244 to=244
 00                                               .
--
> 2024/08/18 07:36:11.791786  length=1 from=245 to=245
 00                                               .
--
> 2024/08/18 07:36:11.791848  length=1 from=246 to=246
 00                                               .
--
> 2024/08/18 07:36:11.791900  length=1 from=247 to=247
 00                                               .
--
> 2024/08/18 07:36:11.792053  length=1 from=248 to=248
 00                                               .
--
> 2024/08/18 07:36:11.792135  length=2 from=249 to=250
 00 00                                            ..
--
> 2024/08/18 07:36:11.792191  length=1 from=251 to=251
 00                                               .
--
> 2024/08/18 07:36:11.793294  length=11 from=252 to=262
 00 00 00 00 00 00 00 00 00 00 00                 ...........
--
> 2024/08/18 07:36:11.793376  length=2 from=263 to=264
 00 00                                            ..
--
> 2024/08/18 07:36:11.793429  length=1 from=265 to=265
 00                                               .
--
> 2024/08/18 07:36:11.794310  length=9 from=266 to=274
 00 00 00 00 00 00 00 00 00                       .........
--
> 2024/08/18 07:36:11.794389  length=1 from=275 to=275
 00                                               .
--
> 2024/08/18 07:36:11.794448  length=1 from=276 to=276
 00                                               .
--
> 2024/08/18 07:36:11.794501  length=2 from=277 to=278
 00 00                                            ..
--
> 2024/08/18 07:36:11.795309  length=7 from=279 to=285
 00 00 00 00 00 00 00                             .......
--
> 2024/08/18 07:36:11.795383  length=1 from=286 to=286
 00                                               .
--
< 2024/08/18 07:36:11.831609  length=6 from=11 to=16
 00 03 ff 01 00 02                                ......
--
> 2024/08/18 07:36:11.833245  length=5 from=287 to=291
 00 03 ff 00 00                                   .....
--
< 2024/08/18 07:36:11.844780  length=6 from=17 to=22
 01 08 00 01 00 01                                ......
--
> 2024/08/18 07:36:11.846258  length=7 from=292 to=298
 01 08 00 04 00 1b 82                             .......
--
> 2024/08/18 07:36:11.846419  length=1 from=299 to=299
 00                                               .
--
> 2024/08/18 07:36:11.846514  length=1 from=300 to=300
 00                                               .
--
< 2024/08/18 07:36:11.903324  length=6 from=23 to=28
 00 03 ff 01 00 08                                ......
--
> 2024/08/18 07:36:11.905271  length=5 from=301 to=305
 00 03 ff 00 00                                   .....
--
< 2024/08/18 07:36:18.949489  length=27 from=29 to=55
 01 0a                                            ..
 00 16 00 0f 00 09 0d 54 65 73 74 65 72 5f 31 43  .......Tester_1C
 32 38 44 46 ff ff ff ff 00                       28DF.....
--
> 2024/08/18 07:36:18.955269  length=9 from=306 to=314
 01 0a                                            ..
 00 04 00 1b 86 00 00                             .......
--
> 2024/08/18 07:36:19.169231  length=7 from=315 to=321
 01 82 00 0d 00 00 df                             .......
--
> 2024/08/18 07:36:19.169346  length=1 from=322 to=322
 28                                               (
--
> 2024/08/18 07:36:19.170268  length=11 from=323 to=333
 1c e8 07 c0 32 00 00 00 d0 09 01                 ....2......
--
> 2024/08/18 07:36:19.170353  length=1 from=334 to=334
 80                                               .
--
> 2024/08/18 07:36:19.171269  length=7 from=335 to=341
 00 04 00 1b 82 00 00                             .......
--
> 2024/08/18 07:36:23.959443  length=7 from=342 to=348
 01 89 00 08 00 00 df                             .......
--
> 2024/08/18 07:36:23.959536  length=1 from=349 to=349
 28                                               (
--
> 2024/08/18 07:36:23.960354  length=5 from=350 to=354
 1c e8 07 c0 02                                   .....
--
> 2024/08/18 07:36:24.295353  length=11 from=355 to=365
 01 88 00 0d 00 00 df 28 1c e8 07                 .......(...
--
> 2024/08/18 07:36:24.296388  length=7 from=366 to=372
 c0 32 00 00 00 d0 09                             .2.....
--
> 2024/08/18 07:36:26.233393  length=10 from=373 to=382
 01 83 00 07 00 00 df 28 1c e8                    .......(..
--
> 2024/08/18 07:36:26.233539  length=2 from=383 to=384
 07 c0                                            ..
--
> 2024/08/18 07:36:31.683404  length=5 from=385 to=389
 00 80 ff 00 00                                   .....
--
