< 2024/08/31 16:28:00.554284  length=6 from=0 to=5
 00 03 ff 01 00 01                                ......
--
> 2024/08/31 16:28:00.595646  length=5 from=0 to=4
 00 03 ff 00 00                                   .....
--
< 2024/08/31 16:28:00.642962  length=5 from=6 to=10
 01 03 00 00 00                                   .....
--
> 2024/08/31 16:28:00.830869  length=5 from=5 to=9
 01 03 00 15 01                                   .....
--
> 2024/08/31 16:28:00.831568  length=8 from=10 to=17
 07 ef 41 25 e2 4c 13 06                          ..A%.L..
--
> 2024/08/31 16:28:00.832373  length=9 from=18 to=26
 02 00 13 22 00 00 00 00 00                       ...".....
--
> 2024/08/31 16:28:00.833209  length=11 from=27 to=37
 62 74 70 5f 74 65 73 74 65 72 00                 btp_tester.
--
> 2024/08/31 16:28:00.833977  length=8 from=38 to=45
 00 00 00 00 00 00 00 00                          ........
--
> 2024/08/31 16:28:00.834739  length=9 from=46 to=54
 00 00 00 00 00 00 00 00 00                       .........
--
> 2024/08/31 16:28:00.835366  length=8 from=55 to=62
 00 00 00 00 00 00 00 00                          ........
--
> 2024/08/31 16:28:00.836138  length=8 from=63 to=70
 00 00 00 00 00 00 00 00                          ........
--
> 2024/08/31 16:28:00.836894  length=9 from=71 to=79
 00 00 00 00 00 00 00 00 00                       .........
--
> 2024/08/31 16:28:00.837614  length=8 from=80 to=87
 00 00 00 00 00 00 00 00                          ........
--
> 2024/08/31 16:28:00.838371  length=9 from=88 to=96
 00 00 00 00 00 00 00 00 00                       .........
--
> 2024/08/31 16:28:00.839068  length=8 from=97 to=104
 00 00 00 00 00 00 00 00                          ........
--
> 2024/08/31 16:28:00.839796  length=9 from=105 to=113
 00 00 00 00 00 00 00 00 00                       .........
--
> 2024/08/31 16:28:00.840525  length=8 from=114 to=121
 00 00 00 00 00 00 00 00                          ........
--
> 2024/08/31 16:28:00.841338  length=7 from=122 to=128
 00 00 00 00 00 00 00                             .......
--
> 2024/08/31 16:28:00.841985  length=10 from=129 to=138
 00 00 00 00 00 00 00 00 00 00                    ..........
--
> 2024/08/31 16:28:00.842817  length=9 from=139 to=147
 00 00 00 00 00 00 00 00 00                       .........
--
> 2024/08/31 16:28:00.843525  length=8 from=148 to=155
 00 00 00 00 00 00 00 00                          ........
--
> 2024/08/31 16:28:00.844250  length=9 from=156 to=164
 00 00 00 00 00 00 00 00 00                       .........
--
> 2024/08/31 16:28:00.844957  length=8 from=165 to=172
 00 00 00 00 00 00 00 00                          ........
--
> 2024/08/31 16:28:00.845713  length=9 from=173 to=181
 00 00 00 00 00 00 00 00 00                       .........
--
> 2024/08/31 16:28:00.846527  length=8 from=182 to=189
 00 00 00 00 00 00 00 00                          ........
--
> 2024/08/31 16:28:00.847201  length=8 from=190 to=197
 00 00 00 00 00 00 00 00                          ........
--
> 2024/08/31 16:28:00.847943  length=9 from=198 to=206
 00 00 00 00 00 00 00 00 00                       .........
--
> 2024/08/31 16:28:00.849052  length=13 from=207 to=219
 00 00 00 00 00 00 00 00 00 00 00 00 00           .............
--
> 2024/08/31 16:28:00.849774  length=8 from=220 to=227
 00 00 00 00 00 00 00 00                          ........
--
> 2024/08/31 16:28:00.850522  length=9 from=228 to=236
 00 00 00 00 00 00 00 00 00                       .........
--
> 2024/08/31 16:28:00.851205  length=8 from=237 to=244
 00 00 00 00 00 00 00 00                          ........
--
> 2024/08/31 16:28:00.851974  length=9 from=245 to=253
 00 00 00 00 00 00 00 00 00                       .........
--
> 2024/08/31 16:28:00.852648  length=4 from=254 to=257
 00 00 00 00                                      ....
--
> 2024/08/31 16:28:00.853431  length=13 from=258 to=270
 00 00 00 00 00 00 00 00 00 00 00 00 00           .............
--
> 2024/08/31 16:28:00.854119  length=8 from=271 to=278
 00 00 00 00 00 00 00 00                          ........
--
> 2024/08/31 16:28:00.854834  length=8 from=279 to=286
 00 00 00 00 00 00 00 00                          ........
--
< 2024/08/31 16:28:00.872232  length=6 from=11 to=16
 00 03 ff 01 00 02                                ......
--
> 2024/08/31 16:28:00.873777  length=1 from=287 to=287
 00                                               .
--
> 2024/08/31 16:28:00.874465  length=4 from=288 to=291
 03 ff 00 00                                      ....
--
< 2024/08/31 16:28:00.884181  length=6 from=17 to=22
 01 08 00 01 00 01                                ......
--
> 2024/08/31 16:28:00.885824  length=4 from=292 to=295
 01 08 00 04                                      ....
--
> 2024/08/31 16:28:00.886585  length=5 from=296 to=300
 00 1b 22 00 00                                   .."..
--
< 2024/08/31 16:28:00.957823  length=6 from=23 to=28
 00 03 ff 01 00 19                                ......
--
> 2024/08/31 16:28:00.959582  length=1 from=301 to=301
 00                                               .
--
> 2024/08/31 16:28:00.960322  length=4 from=302 to=305
 03 ff 00 00                                      ....
--
< 2024/08/31 16:28:01.015245  length=6 from=29 to=34
 00 03 ff 01 00 11                                ......
--
> 2024/08/31 16:28:01.016705  length=3 from=306 to=308
 00 03 ff                                         ...
--
> 2024/08/31 16:28:01.017474  length=2 from=309 to=310
 00 00                                            ..
--
< 2024/08/31 16:28:09.066920  length=13 from=35 to=47
 01 0e 00 08 00 00 df 28 1c e8 07 c0 00           .......(.....
--
> 2024/08/31 16:28:09.069289  length=1 from=311 to=311
 01                                               .
--
> 2024/08/31 16:28:09.070029  length=4 from=312 to=315
 0e 00 00 00                                      ....
--
> 2024/08/31 16:28:09.108107  length=4 from=316 to=319
 01 82 00 0d                                      ....
--
> 2024/08/31 16:28:09.108909  length=8 from=320 to=327
 00 00 df 28 1c e8 07 c0                          ...(....
--
> 2024/08/31 16:28:09.109574  length=6 from=328 to=333
 28 00 00 00 90 01                                (.....
--
> 2024/08/31 16:28:10.909092  length=2 from=334 to=335
 01 89                                            ..
--
> 2024/08/31 16:28:10.909800  length=8 from=336 to=343
 00 08 00 00 df 28 1c e8                          .....(..
--
> 2024/08/31 16:28:10.910567  length=3 from=344 to=346
 07 c0 02                                         ...
--
< 2024/08/31 16:28:10.997898  length=12 from=48 to=59
 19 02 00 07 00 00 df 28 1c e8 07 c0              .......(....
--
> 2024/08/31 16:28:11.000227  length=5 from=347 to=351
 19 02 00 00 00                                   .....
--
> 2024/08/31 16:28:12.259069  length=5 from=352 to=356
 19 81 00 17 00                                   .....
--
> 2024/08/31 16:28:12.259812  length=8 from=357 to=364
 00 df 28 1c e8 07 c0 b8                          ..(.....
--
> 2024/08/31 16:28:12.260516  length=9 from=365 to=373
 03 ea c6 af bb 65 a2 5a 41                       .....e.ZA
--
> 2024/08/31 16:28:12.261266  length=8 from=374 to=381
 f1 53 05 68 8e 83 19 80                          .S.h....
--
> 2024/08/31 16:28:12.262216  length=5 from=382 to=386
 00 10 00 00 df                                   .....
--
> 2024/08/31 16:28:12.262915  length=14 from=387 to=400
 28 1c e8 07 c0 00 62 01 67 01 64 01 6a 01        (.....b.g.d.j.
--
< 2024/08/31 16:28:12.284709  length=13 from=60 to=72
 01 0e 00 08 00 00 b9 15 60 e8 07 c0 00           ........`....
--
> 2024/08/31 16:28:12.289074  length=5 from=401 to=405
 01 0e 00 00 00                                   .....
--
> 2024/08/31 16:28:12.313455  length=3 from=406 to=408
 01 82 00                                         ...
--
> 2024/08/31 16:28:12.314195  length=8 from=409 to=416
 0d 00 00 b9 15 60 e8 07                          .....`..
--
> 2024/08/31 16:28:12.315079  length=7 from=417 to=423
 c0 28 00 00 00 90 01                             .(.....
--
> 2024/08/31 16:28:14.111056  length=5 from=424 to=428
 01 89 00 08 00                                   .....
--
> 2024/08/31 16:28:14.111823  length=8 from=429 to=436
 00 b9 15 60 e8 07 c0 02                          ...`....
--
> 2024/08/31 16:28:14.112544  length=3 from=437 to=439
 01 8c 00                                         ...
--
> 2024/08/31 16:28:14.113251  length=9 from=440 to=448
 08 00 00 b9 15 60 e8 07 c0                       .....`...
--
> 2024/08/31 16:28:14.114018  length=1 from=449 to=449
 04                                               .
--
< 2024/08/31 16:28:14.183354  length=12 from=73 to=84
 19 02 00 07 00 00 b9 15 60 e8 07 c0              ........`...
--
> 2024/08/31 16:28:14.185631  length=2 from=450 to=451
 19 02                                            ..
--
> 2024/08/31 16:28:14.186418  length=3 from=452 to=454
 00 00 00                                         ...
--
> 2024/08/31 16:28:14.561369  length=7 from=455 to=461
 01 83 00 07 00 00 b9                             .......
--
> 2024/08/31 16:28:14.562101  length=5 from=462 to=466
 15 60 e8 07 c0                                   .`...
--
< 2024/08/31 16:28:44.285387  length=13 from=85 to=97
 01 0e 00 08 00 00 ee b6 2c e8 07 c0 00           ........,....
--
> 2024/08/31 16:28:44.291587  length=5 from=467 to=471
 01 0e 00 00 00                                   .....
--
> 2024/08/31 16:28:44.382808  length=3 from=472 to=474
 01 82 00                                         ...
--
> 2024/08/31 16:28:44.383496  length=8 from=475 to=482
 0d 00 00 ee b6 2c e8 07                          .....,..
--
> 2024/08/31 16:28:44.384228  length=7 from=483 to=489
 c0 28 00 00 00 90 01                             .(.....
--
> 2024/08/31 16:28:46.160644  length=2 from=490 to=491
 01 89                                            ..
--
> 2024/08/31 16:28:46.161589  length=11 from=492 to=502
 00 08 00 00 ee b6 2c e8 07 c0 02                 ......,....
--
> 2024/08/31 16:28:46.162593  length=5 from=503 to=507
 01 8c 00 08 00                                   .....
--
> 2024/08/31 16:28:46.162698  length=2 from=508 to=509
 00 ee                                            ..
--
> 2024/08/31 16:28:46.162785  length=1 from=510 to=510
 b6                                               .
--
> 2024/08/31 16:28:46.163639  length=5 from=511 to=515
 2c e8 07 c0 04                                   ,....
--
> 2024/08/31 16:28:46.459551  length=7 from=516 to=522
 01 83 00 07 00 00 df                             .......
--
> 2024/08/31 16:28:46.459691  length=1 from=523 to=523
 28                                               (
--
> 2024/08/31 16:28:46.459819  length=2 from=524 to=525
 1c e8                                            ..
--
> 2024/08/31 16:28:46.460570  length=2 from=526 to=527
 07 c0                                            ..
--
> 2024/08/31 16:28:46.611722  length=12 from=528 to=539
 01 83 00 07 00 00 ee b6 2c e8 07 c0              ........,...
--
> 2024/08/31 16:28:47.531662  length=5 from=540 to=544
 00 80 ff 00 00                                   .....
--
