2024-06-17 18:44:03,713 LT1-thread root DEBUG client.py                 942   _run_test_case            : Starting TestCase _run_test_case MESH MESH/SR/PROX/BV-11-C
2024-06-17 18:44:03,713 LT1-thread root DEBUG testcase.py               712   pre_run                   : pre_run MESH MESH/SR/PROX/BV-11-C
2024-06-17 18:44:03,713 LT1-thread root DEBUG testcase.py               714   pre_run                   : About to run test case MESH MESH/SR/PROX/BV-11-C with commands:
2024-06-17 18:44:03,713 LT1-thread root DEBUG testcase.py               717   pre_run                   : 0) class=<class 'autopts.ptsprojects.testcase.TestFunc'>, func=<bound method Stack.core_init of <autopts.ptsprojects.stack.stack.Stack object at 0x7f0e2e64a3b0>> start_wid=None stop_wid=None post_wid=None skip_call=None call_count=3 args=() kwds={}
2024-06-17 18:44:03,714 LT1-thread root DEBUG testcase.py               717   pre_run                   : 1) class=<class 'autopts.ptsprojects.testcase.TestFunc'>, func=<bound method ZephyrCtl.hw_reset of <autopts.ptsprojects.zephyr.iutctl.ZephyrCtl object at 0x7f0e2e64bf70>> start_wid=None stop_wid=None post_wid=None skip_call=None call_count=3 args=() kwds={}
2024-06-17 18:44:03,714 LT1-thread root DEBUG testcase.py               717   pre_run                   : 2) class=<class 'autopts.ptsprojects.testcase.TestFunc'>, func=<bound method ZephyrCtl.start of <autopts.ptsprojects.zephyr.iutctl.ZephyrCtl object at 0x7f0e2e64bf70>> start_wid=None stop_wid=None post_wid=None skip_call=None call_count=3 args=(<autopts.ptsprojects.zephyr.ztestcase.ZTestCase object at 0x7f0e2d0d6950>,) kwds={}
2024-06-17 18:44:03,714 LT1-thread root DEBUG testcase.py               717   pre_run                   : 3) class=<class 'autopts.ptsprojects.testcase.TestFunc'>, func=<bound method ZephyrCtl.hw_reset of <autopts.ptsprojects.zephyr.iutctl.ZephyrCtl object at 0x7f0e2e64bf70>> start_wid=None stop_wid=None post_wid=None skip_call=None call_count=3 args=() kwds={}
2024-06-17 18:44:03,714 LT1-thread root DEBUG testcase.py               717   pre_run                   : 4) class=<class 'autopts.ptsprojects.testcase.TestFunc'>, func=<bound method ZephyrCtl.wait_iut_ready_event of <autopts.ptsprojects.zephyr.iutctl.ZephyrCtl object at 0x7f0e2e64bf70>> start_wid=None stop_wid=None post_wid=None skip_call=None call_count=3 args=(False,) kwds={}
2024-06-17 18:44:03,714 LT1-thread root DEBUG testcase.py               717   pre_run                   : 5) class=<class 'autopts.ptsprojects.testcase.TestFunc'>, func=<function core_reg_svc_gap at 0x7f0e313311b0> start_wid=None stop_wid=None post_wid=None skip_call=None call_count=252 args=() kwds={}
2024-06-17 18:44:03,714 LT1-thread root DEBUG testcase.py               717   pre_run                   : 6) class=<class 'autopts.ptsprojects.testcase.TestFunc'>, func=<function core_reg_svc_gatt at 0x7f0e313312d0> start_wid=None stop_wid=None post_wid=None skip_call=None call_count=252 args=() kwds={}
2024-06-17 18:44:03,714 LT1-thread root DEBUG testcase.py               717   pre_run                   : 7) class=<class 'autopts.ptsprojects.testcase.TestFunc'>, func=<function core_reg_svc_mesh at 0x7f0e31331510> start_wid=None stop_wid=None post_wid=None skip_call=None call_count=252 args=() kwds={}
2024-06-17 18:44:03,714 LT1-thread root DEBUG testcase.py               717   pre_run                   : 8) class=<class 'autopts.ptsprojects.testcase.TestFunc'>, func=<function mesh_init at 0x7f0e31356b90> start_wid=None stop_wid=None post_wid=None skip_call=None call_count=252 args=() kwds={}
2024-06-17 18:44:03,714 LT1-thread root DEBUG testcase.py               717   pre_run                   : 9) class=<class 'autopts.ptsprojects.testcase.TestFunc'>, func=<function gap_read_ctrl_info at 0x7f0e31345120> start_wid=None stop_wid=None post_wid=None skip_call=None call_count=252 args=() kwds={}
2024-06-17 18:44:03,714 LT1-thread root DEBUG testcase.py               717   pre_run                   : 10) class=<class 'autopts.ptsprojects.testcase.TestFunc'>, func=<function test_cases.<locals>.<lambda> at 0x7f0e2d53a7a0> start_wid=None stop_wid=None post_wid=None skip_call=None call_count=252 args=() kwds={}
2024-06-17 18:44:03,714 LT1-thread root DEBUG testcase.py               717   pre_run                   : 11) class=<class 'autopts.ptsprojects.testcase.TestFunc'>, func=<function test_cases.<locals>.<lambda> at 0x7f0e2d53a830> start_wid=None stop_wid=None post_wid=None skip_call=None call_count=252 args=() kwds={}
2024-06-17 18:44:03,714 LT1-thread root DEBUG testcase.py               717   pre_run                   : 12) class=<class 'autopts.ptsprojects.testcase.TestFunc'>, func=<function test_cases.<locals>.<lambda> at 0x7f0e2d53a8c0> start_wid=None stop_wid=None post_wid=None skip_call=None call_count=252 args=() kwds={}
2024-06-17 18:44:03,714 LT1-thread root DEBUG testcase.py               717   pre_run                   : 13) class=<class 'autopts.ptsprojects.testcase.TestFunc'>, func=<function test_cases.<locals>.<lambda> at 0x7f0e2d53a950> start_wid=None stop_wid=None post_wid=None skip_call=None call_count=252 args=() kwds={}
2024-06-17 18:44:03,714 LT1-thread root DEBUG testcase.py               717   pre_run                   : 14) class=<class 'autopts.ptsprojects.testcase.TestFunc'>, func=<function test_cases.<locals>.<lambda> at 0x7f0e2d53a9e0> start_wid=None stop_wid=None post_wid=None skip_call=None call_count=252 args=() kwds={}
2024-06-17 18:44:03,714 LT1-thread root DEBUG testcase.py               717   pre_run                   : 15) class=<class 'autopts.ptsprojects.testcase.TestFunc'>, func=<function test_cases.<locals>.<lambda> at 0x7f0e2d53aa70> start_wid=None stop_wid=None post_wid=None skip_call=None call_count=252 args=() kwds={}
2024-06-17 18:44:03,714 LT1-thread root DEBUG testcase.py               717   pre_run                   : 16) class=<class 'autopts.ptsprojects.testcase.TestFunc'>, func=<function test_cases.<locals>.<lambda> at 0x7f0e2d53ab00> start_wid=None stop_wid=None post_wid=None skip_call=None call_count=252 args=() kwds={}
2024-06-17 18:44:03,714 LT1-thread root DEBUG testcase.py               717   pre_run                   : 17) class=<class 'autopts.ptsprojects.testcase.TestFunc'>, func=<function test_cases.<locals>.<lambda> at 0x7f0e2d53ab90> start_wid=None stop_wid=None post_wid=None skip_call=None call_count=252 args=() kwds={}
2024-06-17 18:44:03,714 LT1-thread root DEBUG testcase.py               717   pre_run                   : 18) class=<class 'autopts.ptsprojects.testcase.TestFunc'>, func=<function test_cases.<locals>.<lambda> at 0x7f0e2d53ac20> start_wid=None stop_wid=None post_wid=None skip_call=None call_count=252 args=() kwds={}
2024-06-17 18:44:03,714 LT1-thread root DEBUG testcase.py               717   pre_run                   : 19) class=<class 'autopts.ptsprojects.testcase.TestFuncCleanUp'>, func=<bound method Stack.cleanup of <autopts.ptsprojects.stack.stack.Stack object at 0x7f0e2e64a3b0>> start_wid=None stop_wid=None post_wid=None skip_call=None call_count=3 args=() kwds={}
2024-06-17 18:44:03,714 LT1-thread root DEBUG testcase.py               717   pre_run                   : 20) class=<class 'autopts.ptsprojects.testcase.TestFuncCleanUp'>, func=<bound method ZephyrCtl.stop of <autopts.ptsprojects.zephyr.iutctl.ZephyrCtl object at 0x7f0e2e64bf70>> start_wid=None stop_wid=None post_wid=None skip_call=None call_count=3 args=() kwds={}
2024-06-17 18:44:03,714 LT1-thread root DEBUG testcase.py               724   pre_run                   : pre_run, run pre test case script
2024-06-17 18:44:03,715 LT1-thread root DEBUG testcase.py               253   start                     : Starting test function: class=<class 'autopts.ptsprojects.testcase.TestFunc'>, func=<bound method Stack.core_init of <autopts.ptsprojects.stack.stack.Stack object at 0x7f0e2e64a3b0>> start_wid=None stop_wid=None post_wid=None skip_call=None call_count=4 args=() kwds={}
2024-06-17 18:44:03,715 LT1-thread root DEBUG testcase.py               265   start                     : Test function parameters: args=(), kwds={}
2024-06-17 18:44:03,715 LT1-thread root DEBUG testcase.py               253   start                     : Starting test function: class=<class 'autopts.ptsprojects.testcase.TestFunc'>, func=<bound method ZephyrCtl.hw_reset of <autopts.ptsprojects.zephyr.iutctl.ZephyrCtl object at 0x7f0e2e64bf70>> start_wid=None stop_wid=None post_wid=None skip_call=None call_count=4 args=() kwds={}
2024-06-17 18:44:03,715 LT1-thread root DEBUG testcase.py               265   start                     : Test function parameters: args=(), kwds={}
2024-06-17 18:44:03,715 LT1-thread root DEBUG testcase.py               253   start                     : Starting test function: class=<class 'autopts.ptsprojects.testcase.TestFunc'>, func=<bound method ZephyrCtl.start of <autopts.ptsprojects.zephyr.iutctl.ZephyrCtl object at 0x7f0e2e64bf70>> start_wid=None stop_wid=None post_wid=None skip_call=None call_count=4 args=(<autopts.ptsprojects.zephyr.ztestcase.ZTestCase object at 0x7f0e2d0d6950>,) kwds={}
2024-06-17 18:44:03,715 LT1-thread root DEBUG testcase.py               265   start                     : Test function parameters: args=(<autopts.ptsprojects.zephyr.ztestcase.ZTestCase object at 0x7f0e2d0d6950>,), kwds={}
2024-06-17 18:44:03,715 LT1-thread root DEBUG iutctl.py                 104   start                     : <class 'autopts.ptsprojects.zephyr.iutctl.ZephyrCtl'>.start
2024-06-17 18:44:03,715 LT1-thread root DEBUG iutctl.py                 169   flush_serial              : <class 'autopts.ptsprojects.zephyr.iutctl.ZephyrCtl'>.flush_serial
2024-06-17 18:44:04,718 LT1-thread root DEBUG iutctl.py                 134   start                     : Starting socat process: socat -x -v /dev/ttyACM2,rawer,b115200 UNIX-CONNECT:/tmp/bt-stack-tester683989059
2024-06-17 18:44:04,718 LT1-thread root DEBUG iutctl_common.py          293   accept                    : accept
2024-06-17 18:44:04,720 BTPWorkerThread-3167 (_rx_task) root DEBUG iutctl_common.py          198   _rx_task                  : BTPWorkerThread-3167 (_rx_task) started
2024-06-17 18:44:04,720 LT1-thread root DEBUG testcase.py               253   start                     : Starting test function: class=<class 'autopts.ptsprojects.testcase.TestFunc'>, func=<bound method ZephyrCtl.hw_reset of <autopts.ptsprojects.zephyr.iutctl.ZephyrCtl object at 0x7f0e2e64bf70>> start_wid=None stop_wid=None post_wid=None skip_call=None call_count=4 args=() kwds={}
2024-06-17 18:44:04,720 LT1-thread root DEBUG testcase.py               265   start                     : Test function parameters: args=(), kwds={}
2024-06-17 18:44:04,720 LT1-thread root DEBUG testcase.py               253   start                     : Starting test function: class=<class 'autopts.ptsprojects.testcase.TestFunc'>, func=<bound method ZephyrCtl.wait_iut_ready_event of <autopts.ptsprojects.zephyr.iutctl.ZephyrCtl object at 0x7f0e2e64bf70>> start_wid=None stop_wid=None post_wid=None skip_call=None call_count=4 args=(False,) kwds={}
2024-06-17 18:44:04,720 LT1-thread root DEBUG testcase.py               265   start                     : Test function parameters: args=(False,), kwds={}
2024-06-17 18:44:04,721 LT1-thread root DEBUG iutctl.py                 230   wait_iut_ready_event      : IUT ready event received OK
2024-06-17 18:44:04,721 LT1-thread root DEBUG testcase.py               253   start                     : Starting test function: class=<class 'autopts.ptsprojects.testcase.TestFunc'>, func=<function core_reg_svc_gap at 0x7f0e313311b0> start_wid=None stop_wid=None post_wid=None skip_call=None call_count=253 args=() kwds={}
2024-06-17 18:44:04,721 LT1-thread root DEBUG testcase.py               265   start                     : Test function parameters: args=(), kwds={}
2024-06-17 18:44:04,721 LT1-thread root DEBUG btp.py                    461   core_reg_svc_gap          : core_reg_svc_gap
2024-06-17 18:44:04,721 LT1-thread root DEBUG iutctl_common.py          106   send                      : send, 0 3 255 '1'
2024-06-17 18:44:04,721 LT1-thread root DEBUG iutctl_common.py          111   send                      : sending frame '0003ff010001'
2024-06-17 18:44:04,721 LT1-thread root DEBUG btp.py                    710   core_reg_svc_rsp_succ     : core_reg_svc_rsp_succ
2024-06-17 18:44:04,721 LT1-thread root DEBUG iutctl_common.py          230   read                      : read
2024-06-17 18:44:04,740 BTPWorkerThread-3167 (_rx_task) root DEBUG iutctl_common.py          76    read                      : Read 5 bytes
2024-06-17 18:44:04,750 BTPWorkerThread-3167 (_rx_task) root DEBUG iutctl_common.py          83    read                      : Received: hdr: Header(svc_id=0, op=3, ctrl_index=255, data_len=0) bytearray(b'\x00\x03\xff\x00\x00')
2024-06-17 18:44:04,761 BTPWorkerThread-3167 (_rx_task) root DEBUG iutctl_common.py          99    read                      : Received data: {''}, bytearray(b'')
2024-06-17 18:44:04,771 LT1-thread root DEBUG btp.py                    721   core_reg_svc_rsp_succ     : received Header(svc_id=0, op=3, ctrl_index=255, data_len=0) (b'',)
2024-06-17 18:44:04,771 LT1-thread root DEBUG btp.py                    722   core_reg_svc_rsp_succ     : expected ((0, 3, 255, 0), (b'',))
2024-06-17 18:44:04,771 LT1-thread root DEBUG btp.py                    727   core_reg_svc_rsp_succ     : response is valid
2024-06-17 18:44:04,771 LT1-thread root DEBUG testcase.py               253   start                     : Starting test function: class=<class 'autopts.ptsprojects.testcase.TestFunc'>, func=<function core_reg_svc_gatt at 0x7f0e313312d0> start_wid=None stop_wid=None post_wid=None skip_call=None call_count=253 args=() kwds={}
2024-06-17 18:44:04,771 LT1-thread root DEBUG testcase.py               265   start                     : Test function parameters: args=(), kwds={}
2024-06-17 18:44:04,771 LT1-thread root DEBUG btp.py                    479   core_reg_svc_gatt         : core_reg_svc_gatt
2024-06-17 18:44:04,771 LT1-thread root DEBUG iutctl_common.py          106   send                      : send, 0 3 255 '2'
2024-06-17 18:44:04,771 LT1-thread root DEBUG iutctl_common.py          111   send                      : sending frame '0003ff010002'
2024-06-17 18:44:04,771 LT1-thread root DEBUG btp.py                    710   core_reg_svc_rsp_succ     : core_reg_svc_rsp_succ
2024-06-17 18:44:04,771 LT1-thread root DEBUG iutctl_common.py          230   read                      : read
2024-06-17 18:44:04,783 BTPWorkerThread-3167 (_rx_task) root DEBUG iutctl_common.py          76    read                      : Read 5 bytes
2024-06-17 18:44:04,793 BTPWorkerThread-3167 (_rx_task) root DEBUG iutctl_common.py          83    read                      : Received: hdr: Header(svc_id=0, op=3, ctrl_index=255, data_len=0) bytearray(b'\x00\x03\xff\x00\x00')
2024-06-17 18:44:04,804 BTPWorkerThread-3167 (_rx_task) root DEBUG iutctl_common.py          99    read                      : Received data: {''}, bytearray(b'')
2024-06-17 18:44:04,814 LT1-thread root DEBUG btp.py                    721   core_reg_svc_rsp_succ     : received Header(svc_id=0, op=3, ctrl_index=255, data_len=0) (b'',)
2024-06-17 18:44:04,814 LT1-thread root DEBUG btp.py                    722   core_reg_svc_rsp_succ     : expected ((0, 3, 255, 0), (b'',))
2024-06-17 18:44:04,814 LT1-thread root DEBUG btp.py                    727   core_reg_svc_rsp_succ     : response is valid
2024-06-17 18:44:04,814 LT1-thread root DEBUG testcase.py               253   start                     : Starting test function: class=<class 'autopts.ptsprojects.testcase.TestFunc'>, func=<function core_reg_svc_mesh at 0x7f0e31331510> start_wid=None stop_wid=None post_wid=None skip_call=None call_count=253 args=() kwds={}
2024-06-17 18:44:04,814 LT1-thread root DEBUG testcase.py               265   start                     : Test function parameters: args=(), kwds={}
2024-06-17 18:44:04,814 LT1-thread root DEBUG btp.py                    511   core_reg_svc_mesh         : core_reg_svc_mesh
2024-06-17 18:44:04,814 LT1-thread root DEBUG iutctl_common.py          106   send                      : send, 0 3 255 '4'
2024-06-17 18:44:04,814 LT1-thread root DEBUG iutctl_common.py          111   send                      : sending frame '0003ff010004'
2024-06-17 18:44:04,814 LT1-thread root DEBUG btp.py                    710   core_reg_svc_rsp_succ     : core_reg_svc_rsp_succ
2024-06-17 18:44:04,814 LT1-thread root DEBUG iutctl_common.py          230   read                      : read
2024-06-17 18:44:04,826 BTPWorkerThread-3167 (_rx_task) root DEBUG iutctl_common.py          76    read                      : Read 5 bytes
2024-06-17 18:44:04,836 BTPWorkerThread-3167 (_rx_task) root DEBUG iutctl_common.py          83    read                      : Received: hdr: Header(svc_id=0, op=3, ctrl_index=255, data_len=0) bytearray(b'\x00\x03\xff\x00\x00')
2024-06-17 18:44:04,847 BTPWorkerThread-3167 (_rx_task) root DEBUG iutctl_common.py          99    read                      : Received data: {''}, bytearray(b'')
2024-06-17 18:44:04,857 LT1-thread root DEBUG btp.py                    721   core_reg_svc_rsp_succ     : received Header(svc_id=0, op=3, ctrl_index=255, data_len=0) (b'',)
2024-06-17 18:44:04,857 LT1-thread root DEBUG btp.py                    722   core_reg_svc_rsp_succ     : expected ((0, 3, 255, 0), (b'',))
2024-06-17 18:44:04,857 LT1-thread root DEBUG btp.py                    727   core_reg_svc_rsp_succ     : response is valid
2024-06-17 18:44:04,857 LT1-thread root DEBUG testcase.py               253   start                     : Starting test function: class=<class 'autopts.ptsprojects.testcase.TestFunc'>, func=<function mesh_init at 0x7f0e31356b90> start_wid=None stop_wid=None post_wid=None skip_call=None call_count=253 args=() kwds={}
2024-06-17 18:44:04,857 LT1-thread root DEBUG testcase.py               265   start                     : Test function parameters: args=(), kwds={}
2024-06-17 18:44:04,857 LT1-thread root DEBUG mesh.py                   429   mesh_init                 : mesh_init 0
2024-06-17 18:44:04,857 LT1-thread root DEBUG iutctl_common.py          106   send                      : send, 4 4 0 "bytearray(b'\\x00')"
2024-06-17 18:44:04,857 LT1-thread root DEBUG iutctl_common.py          111   send                      : sending frame '040400010000'
2024-06-17 18:44:04,857 LT1-thread root DEBUG iutctl_common.py          230   read                      : read
2024-06-17 18:44:05,141 BTPWorkerThread-3167 (_rx_task) root DEBUG iutctl_common.py          76    read                      : Read 5 bytes
2024-06-17 18:44:05,151 BTPWorkerThread-3167 (_rx_task) root DEBUG iutctl_common.py          83    read                      : Received: hdr: Header(svc_id=4, op=4, ctrl_index=0, data_len=0) bytearray(b'\x04\x04\x00\x00\x00')
2024-06-17 18:44:05,162 BTPWorkerThread-3167 (_rx_task) root DEBUG iutctl_common.py          99    read                      : Received data: {''}, bytearray(b'')
2024-06-17 18:44:05,172 LT1-thread root DEBUG testcase.py               253   start                     : Starting test function: class=<class 'autopts.ptsprojects.testcase.TestFunc'>, func=<function gap_read_ctrl_info at 0x7f0e31345120> start_wid=None stop_wid=None post_wid=None skip_call=None call_count=253 args=() kwds={}
2024-06-17 18:44:05,172 LT1-thread root DEBUG testcase.py               265   start                     : Test function parameters: args=(), kwds={}
2024-06-17 18:44:05,172 LT1-thread root DEBUG gap.py                    937   gap_read_ctrl_info        : gap_read_ctrl_info
2024-06-17 18:44:05,172 LT1-thread root DEBUG iutctl_common.py          106   send                      : send, 1 3 0 ''
2024-06-17 18:44:05,172 LT1-thread root DEBUG iutctl_common.py          111   send                      : sending frame '0103000000'
2024-06-17 18:44:05,172 LT1-thread root DEBUG iutctl_common.py          230   read                      : read
2024-06-17 18:44:05,281 BTPWorkerThread-3167 (_rx_task) root DEBUG iutctl_common.py          76    read                      : Read 5 bytes
2024-06-17 18:44:05,281 BTPWorkerThread-3167 (_rx_task) root DEBUG iutctl_common.py          83    read                      : Received: hdr: Header(svc_id=1, op=3, ctrl_index=0, data_len=277) bytearray(b'\x01\x03\x00\x15\x01')
2024-06-17 18:44:05,286 BTPWorkerThread-3167 (_rx_task) root DEBUG iutctl_common.py          91    read                      : Read 176 bytes data
2024-06-17 18:44:05,297 BTPWorkerThread-3167 (_rx_task) root DEBUG iutctl_common.py          91    read                      : Read 69 bytes data
2024-06-17 18:44:05,302 BTPWorkerThread-3167 (_rx_task) root DEBUG iutctl_common.py          91    read                      : Read 32 bytes data
2024-06-17 18:44:05,302 BTPWorkerThread-3167 (_rx_task) root DEBUG iutctl_common.py          99    read                      : Received data: {'70 1f c4 76 e7 dc 13 06 02 00 13 82 00 00 00 00 00 62 74 70 5f 74 65 73 74 65 72 00 00 00 00 00 00 00 00 00 00 00 00 00 00 00 00 00 00 00 00 00 00 00 00 00 00 00 00 00 00 00 00 00 00 00 00 00 00 00 00 00 00 00 00 00 00 00 00 00 00 00 00 00 00 00 00 00 00 00 00 00 00 00 00 00 00 00 00 00 00 00 00 00 00 00 00 00 00 00 00 00 00 00 00 00 00 00 00 00 00 00 00 00 00 00 00 00 00 00 00 00 00 00 00 00 00 00 00 00 00 00 00 00 00 00 00 00 00 00 00 00 00 00 00 00 00 00 00 00 00 00 00 00 00 00 00 00 00 00 00 00 00 00 00 00 00 00 00 00 00 00 00 00 00 00 00 00 00 00 00 00 00 00 00 00 00 00 00 00 00 00 00 00 00 00 00 00 00 00 00 00 00 00 00 00 00 00 00 00 00 00 00 00 00 00 00 00 00 00 00 00 00 00 00 00 00 00 00 00 00 00 00 00 00 00 00 00 00 00 00 00 00 00 00 00 00 00 00 00 00 00 00 00 00 00 00 00 00 00 00 00 00 00 00 00 00 00 00 00 00'}, bytearray(b'p\x1f\xc4v\xe7\xdc\x13\x06\x02\x00\x13\x82\x00\x00\x00\x00\x00btp_tester\x00\x00\x00\x00\x00\x00\x00\x00\x00\x00\x00\x00\x00\x00\x00\x00\x00\x00\x00\x00\x00\x00\x00\x00\x00\x00\x00\x00\x00\x00\x00\x00\x00\x00\x00\x00\x00\x00\x00\x00\x00\x00\x00\x00\x00\x00\x00\x00\x00\x00\x00\x00\x00\x00\x00\x00\x00\x00\x00\x00\x00\x00\x00\x00\x00\x00\x00\x00\x00\x00\x00\x00\x00\x00\x00\x00\x00\x00\x00\x00\x00\x00\x00\x00\x00\x00\x00\x00\x00\x00\x00\x00\x00\x00\x00\x00\x00\x00\x00\x00\x00\x00\x00\x00\x00\x00\x00\x00\x00\x00\x00\x00\x00\x00\x00\x00\x00\x00\x00\x00\x00\x00\x00\x00\x00\x00\x00\x00\x00\x00\x00\x00\x00\x00\x00\x00\x00\x00\x00\x00\x00\x00\x00\x00\x00\x00\x00\x00\x00\x00\x00\x00\x00\x00\x00\x00\x00\x00\x00\x00\x00\x00\x00\x00\x00\x00\x00\x00\x00\x00\x00\x00\x00\x00\x00\x00\x00\x00\x00\x00\x00\x00\x00\x00\x00\x00\x00\x00\x00\x00\x00\x00\x00\x00\x00\x00\x00\x00\x00\x00\x00\x00\x00\x00\x00\x00\x00\x00\x00\x00\x00\x00\x00\x00\x00\x00\x00\x00\x00\x00\x00\x00\x00\x00\x00\x00\x00\x00\x00\x00\x00\x00\x00\x00\x00\x00\x00\x00\x00\x00\x00\x00\x00\x00\x00\x00\x00\x00\x00\x00')
2024-06-17 18:44:05,313 LT1-thread root DEBUG gap.py                    944   gap_read_ctrl_info        : received Header(svc_id=1, op=3, ctrl_index=0, data_len=277) (b'p\x1f\xc4v\xe7\xdc\x13\x06\x02\x00\x13\x82\x00\x00\x00\x00\x00btp_tester\x00\x00\x00\x00\x00\x00\x00\x00\x00\x00\x00\x00\x00\x00\x00\x00\x00\x00\x00\x00\x00\x00\x00\x00\x00\x00\x00\x00\x00\x00\x00\x00\x00\x00\x00\x00\x00\x00\x00\x00\x00\x00\x00\x00\x00\x00\x00\x00\x00\x00\x00\x00\x00\x00\x00\x00\x00\x00\x00\x00\x00\x00\x00\x00\x00\x00\x00\x00\x00\x00\x00\x00\x00\x00\x00\x00\x00\x00\x00\x00\x00\x00\x00\x00\x00\x00\x00\x00\x00\x00\x00\x00\x00\x00\x00\x00\x00\x00\x00\x00\x00\x00\x00\x00\x00\x00\x00\x00\x00\x00\x00\x00\x00\x00\x00\x00\x00\x00\x00\x00\x00\x00\x00\x00\x00\x00\x00\x00\x00\x00\x00\x00\x00\x00\x00\x00\x00\x00\x00\x00\x00\x00\x00\x00\x00\x00\x00\x00\x00\x00\x00\x00\x00\x00\x00\x00\x00\x00\x00\x00\x00\x00\x00\x00\x00\x00\x00\x00\x00\x00\x00\x00\x00\x00\x00\x00\x00\x00\x00\x00\x00\x00\x00\x00\x00\x00\x00\x00\x00\x00\x00\x00\x00\x00\x00\x00\x00\x00\x00\x00\x00\x00\x00\x00\x00\x00\x00\x00\x00\x00\x00\x00\x00\x00\x00\x00\x00\x00\x00\x00\x00\x00\x00\x00\x00\x00\x00\x00\x00\x00\x00\x00\x00\x00\x00\x00\x00\x00\x00\x00\x00\x00\x00\x00\x00\x00\x00\x00\x00\x00',)
2024-06-17 18:44:05,313 LT1-thread root DEBUG gap.py                    965   gap_read_ctrl_info        : IUT address 'dce776c41f70' 'random'
2024-06-17 18:44:05,313 LT1-thread root DEBUG gap.py                    400   __gap_current_settings_update : __gap_current_settings_update 33299
2024-06-17 18:44:05,313 LT1-thread root DEBUG testcase.py               253   start                     : Starting test function: class=<class 'autopts.ptsprojects.testcase.TestFunc'>, func=<function test_cases.<locals>.<lambda> at 0x7f0e2d53a7a0> start_wid=None stop_wid=None post_wid=None skip_call=None call_count=253 args=() kwds={}
2024-06-17 18:44:05,313 LT1-thread root DEBUG testcase.py               265   start                     : Test function parameters: args=(), kwds={}
2024-06-17 18:44:05,318 LT1-thread root DEBUG testcase.py               253   start                     : Starting test function: class=<class 'autopts.ptsprojects.testcase.TestFunc'>, func=<function test_cases.<locals>.<lambda> at 0x7f0e2d53a830> start_wid=None stop_wid=None post_wid=None skip_call=None call_count=253 args=() kwds={}
2024-06-17 18:44:05,318 LT1-thread root DEBUG testcase.py               265   start                     : Test function parameters: args=(), kwds={}
2024-06-17 18:44:05,323 LT1-thread root DEBUG testcase.py               253   start                     : Starting test function: class=<class 'autopts.ptsprojects.testcase.TestFunc'>, func=<function test_cases.<locals>.<lambda> at 0x7f0e2d53a8c0> start_wid=None stop_wid=None post_wid=None skip_call=None call_count=253 args=() kwds={}
2024-06-17 18:44:05,323 LT1-thread root DEBUG testcase.py               265   start                     : Test function parameters: args=(), kwds={}
2024-06-17 18:44:05,327 LT1-thread root DEBUG testcase.py               253   start                     : Starting test function: class=<class 'autopts.ptsprojects.testcase.TestFunc'>, func=<function test_cases.<locals>.<lambda> at 0x7f0e2d53a950> start_wid=None stop_wid=None post_wid=None skip_call=None call_count=253 args=() kwds={}
2024-06-17 18:44:05,327 LT1-thread root DEBUG testcase.py               265   start                     : Test function parameters: args=(), kwds={}
2024-06-17 18:44:05,332 LT1-thread root DEBUG testcase.py               253   start                     : Starting test function: class=<class 'autopts.ptsprojects.testcase.TestFunc'>, func=<function test_cases.<locals>.<lambda> at 0x7f0e2d53a9e0> start_wid=None stop_wid=None post_wid=None skip_call=None call_count=253 args=() kwds={}
2024-06-17 18:44:05,332 LT1-thread root DEBUG testcase.py               265   start                     : Test function parameters: args=(), kwds={}
2024-06-17 18:44:05,337 LT1-thread root DEBUG testcase.py               253   start                     : Starting test function: class=<class 'autopts.ptsprojects.testcase.TestFunc'>, func=<function test_cases.<locals>.<lambda> at 0x7f0e2d53aa70> start_wid=None stop_wid=None post_wid=None skip_call=None call_count=253 args=() kwds={}
2024-06-17 18:44:05,337 LT1-thread root DEBUG testcase.py               265   start                     : Test function parameters: args=(), kwds={}
2024-06-17 18:44:05,341 LT1-thread root DEBUG testcase.py               253   start                     : Starting test function: class=<class 'autopts.ptsprojects.testcase.TestFunc'>, func=<function test_cases.<locals>.<lambda> at 0x7f0e2d53ab00> start_wid=None stop_wid=None post_wid=None skip_call=None call_count=253 args=() kwds={}
2024-06-17 18:44:05,341 LT1-thread root DEBUG testcase.py               265   start                     : Test function parameters: args=(), kwds={}
2024-06-17 18:44:05,341 LT1-thread root DEBUG testcase.py               253   start                     : Starting test function: class=<class 'autopts.ptsprojects.testcase.TestFunc'>, func=<function test_cases.<locals>.<lambda> at 0x7f0e2d53ab90> start_wid=None stop_wid=None post_wid=None skip_call=None call_count=253 args=() kwds={}
2024-06-17 18:44:05,341 LT1-thread root DEBUG testcase.py               265   start                     : Test function parameters: args=(), kwds={}
2024-06-17 18:44:05,346 LT1-thread root DEBUG testcase.py               253   start                     : Starting test function: class=<class 'autopts.ptsprojects.testcase.TestFunc'>, func=<function test_cases.<locals>.<lambda> at 0x7f0e2d53ac20> start_wid=None stop_wid=None post_wid=None skip_call=None call_count=253 args=() kwds={}
2024-06-17 18:44:05,346 LT1-thread root DEBUG testcase.py               265   start                     : Test function parameters: args=(), kwds={}
2024-06-17 18:44:05,352 LT1-thread root DEBUG client.py                 306   get_result                : ClientCallback.get_result run_test_case
2024-06-17 18:44:11,496 LT1-callback ClientCallback.on_implicit_send INFO client.py                 253   on_implicit_send          : 
    ********************
    BEGIN OnImplicitSend:
    project_name: MESH
    wid: 13
    test_case_name: MESH/SR/PROX/BV-11-C
    description: There is no shared security information. Please remove any security information if any. PTS is waiting for beacon to start provisioning from IUT with UUID value indicated in 'TSPX_device_uuid'
    style: MMI_Style_Ok_Cancel2 0x11141
2024-06-17 18:44:11,496 LT1-callback ClientCallback.on_implicit_send INFO client.py                 266   on_implicit_send          : Calling test cases on_implicit_send
2024-06-17 18:44:11,496 LT1-callback ClientCallback.on_implicit_send INFO client.py                 279   on_implicit_send          : 
    on_implicit_send returned response: WAIT
    END OnImplicitSend
    ********************
2024-06-17 18:44:12,353 LT1-thread root DEBUG testcase.py               671   run_wid                   : MESH MESH/SR/PROX/BV-11-C on_implicit_send
2024-06-17 18:44:12,353 LT1-thread root DEBUG mesh.py                   30    mesh_wid_hdl              : mesh_wid_hdl, 13, There is no shared security information. Please remove any security information if any. PTS is waiting for beacon to start provisioning from IUT with UUID value indicated in 'TSPX_device_uuid', MESH/SR/PROX/BV-11-C
2024-06-17 18:44:12,353 LT1-thread root DEBUG mesh.py                   359   mesh_config_prov          : mesh_config_prov
2024-06-17 18:44:12,353 LT1-thread root DEBUG iutctl_common.py          106   send                      : send, 4 2 0 "bytearray(b'\\xcfS\\xf8U\\x94\\xa0I\\x0f\\x86\\x89\\x05k\\xd8\\xf4\\x06$\\x00\\x01\\x02\\x03\\x04\\x05\\x06\\x07\\x08\\t\\n\\x0b\\x0c\\r\\x0e\\x0f\\x00\\x00\\x00\\x00\\x00\\x00\\x00\\x00\\x00\\x00\\x00\\x00\\x00\\x00\\x00\\x00\\x10\\x01\\x18\\x00\\x01\\x0c\\x00\\x00')"
2024-06-17 18:44:12,353 LT1-thread root DEBUG iutctl_common.py          111   send                      : sending frame '0402003800cf53f85594a0490f8689056bd8f40624000102030405060708090a0b0c0d0e0f0000000000000000000000000000000010011800010c0000'
2024-06-17 18:44:12,353 LT1-thread root DEBUG iutctl_common.py          230   read                      : read
2024-06-17 18:44:12,371 BTPWorkerThread-3167 (_rx_task) root DEBUG iutctl_common.py          76    read                      : Read 5 bytes
2024-06-17 18:44:12,376 BTPWorkerThread-3167 (_rx_task) root DEBUG iutctl_common.py          83    read                      : Received: hdr: Header(svc_id=4, op=2, ctrl_index=0, data_len=0) bytearray(b'\x04\x02\x00\x00\x00')
2024-06-17 18:44:12,376 BTPWorkerThread-3167 (_rx_task) root DEBUG iutctl_common.py          99    read                      : Received data: {''}, bytearray(b'')
2024-06-17 18:44:12,377 LT1-thread root DEBUG mesh.py                   439   mesh_start                : mesh_start
2024-06-17 18:44:12,377 LT1-thread root DEBUG iutctl_common.py          106   send                      : send, 4 120 0 ''
2024-06-17 18:44:12,377 LT1-thread root DEBUG iutctl_common.py          111   send                      : sending frame '0478000000'
2024-06-17 18:44:12,377 LT1-thread root DEBUG iutctl_common.py          230   read                      : read
2024-06-17 18:44:12,385 BTPWorkerThread-3167 (_rx_task) root DEBUG iutctl_common.py          76    read                      : Read 5 bytes
2024-06-17 18:44:12,385 BTPWorkerThread-3167 (_rx_task) root DEBUG iutctl_common.py          83    read                      : Received: hdr: Header(svc_id=4, op=120, ctrl_index=0, data_len=0) bytearray(b'\x04x\x00\x00\x00')
2024-06-17 18:44:12,385 BTPWorkerThread-3167 (_rx_task) root DEBUG iutctl_common.py          99    read                      : Received data: {''}, bytearray(b'')
2024-06-17 18:44:12,385 LT1-thread root DEBUG testcase.py               707   run_wid                   : Sending response 'OK' to wid 13 test case MESH/SR/PROX/BV-11-C
2024-06-17 18:44:12,387 LT1-thread root DEBUG client.py                 306   get_result                : ClientCallback.get_result run_test_case
2024-06-17 18:44:12,413 BTPWorkerThread-3167 (_rx_task) root DEBUG iutctl_common.py          76    read                      : Read 3 bytes
2024-06-17 18:44:12,413 BTPWorkerThread-3167 (_rx_task) root DEBUG iutctl_common.py          76    read                      : Read 1 bytes
2024-06-17 18:44:12,414 BTPWorkerThread-3167 (_rx_task) root DEBUG iutctl_common.py          76    read                      : Read 1 bytes
2024-06-17 18:44:12,414 BTPWorkerThread-3167 (_rx_task) root DEBUG iutctl_common.py          83    read                      : Received: hdr: Header(svc_id=4, op=132, ctrl_index=0, data_len=1) bytearray(b'\x04\x84\x00\x01\x00')
2024-06-17 18:44:12,414 BTPWorkerThread-3167 (_rx_task) root DEBUG iutctl_common.py          91    read                      : Read 1 bytes data
2024-06-17 18:44:12,414 BTPWorkerThread-3167 (_rx_task) root DEBUG iutctl_common.py          99    read                      : Received data: {'00'}, bytearray(b'\x00')
2024-06-17 18:44:12,414 BTPWorkerThread-3167 (_rx_task) root DEBUG btp.py                    814   event_handler             : event_handler Header(svc_id=4, op=132, ctrl_index=0, data_len=1) (b'\x00',)
2024-06-17 18:44:12,414 BTPWorkerThread-3167 (_rx_task) root DEBUG mesh.py                   856   mesh_prov_link_open_ev    : mesh_prov_link_open_ev b'\x00'
2024-06-17 18:44:16,436 BTPWorkerThread-3167 (_rx_task) root DEBUG iutctl_common.py          76    read                      : Read 4 bytes
2024-06-17 18:44:16,437 BTPWorkerThread-3167 (_rx_task) root DEBUG iutctl_common.py          76    read                      : Read 1 bytes
2024-06-17 18:44:16,437 BTPWorkerThread-3167 (_rx_task) root DEBUG iutctl_common.py          83    read                      : Received: hdr: Header(svc_id=4, op=131, ctrl_index=0, data_len=0) bytearray(b'\x04\x83\x00\x00\x00')
2024-06-17 18:44:16,437 BTPWorkerThread-3167 (_rx_task) root DEBUG iutctl_common.py          99    read                      : Received data: {''}, bytearray(b'')
2024-06-17 18:44:16,437 BTPWorkerThread-3167 (_rx_task) root DEBUG btp.py                    814   event_handler             : event_handler Header(svc_id=4, op=131, ctrl_index=0, data_len=0) (b'',)
2024-06-17 18:44:16,437 BTPWorkerThread-3167 (_rx_task) root DEBUG mesh.py                   846   mesh_provisioned_ev       : mesh_provisioned_ev b''
2024-06-17 18:44:17,985 BTPWorkerThread-3167 (_rx_task) root DEBUG iutctl_common.py          76    read                      : Read 4 bytes
2024-06-17 18:44:17,986 BTPWorkerThread-3167 (_rx_task) root DEBUG iutctl_common.py          76    read                      : Read 1 bytes
2024-06-17 18:44:17,986 BTPWorkerThread-3167 (_rx_task) root DEBUG iutctl_common.py          83    read                      : Received: hdr: Header(svc_id=4, op=133, ctrl_index=0, data_len=1) bytearray(b'\x04\x85\x00\x01\x00')
2024-06-17 18:44:17,986 BTPWorkerThread-3167 (_rx_task) root DEBUG iutctl_common.py          91    read                      : Read 1 bytes data
2024-06-17 18:44:17,986 BTPWorkerThread-3167 (_rx_task) root DEBUG iutctl_common.py          99    read                      : Received data: {'00'}, bytearray(b'\x00')
2024-06-17 18:44:17,986 BTPWorkerThread-3167 (_rx_task) root DEBUG btp.py                    814   event_handler             : event_handler Header(svc_id=4, op=133, ctrl_index=0, data_len=1) (b'\x00',)
2024-06-17 18:44:17,986 BTPWorkerThread-3167 (_rx_task) root DEBUG mesh.py                   864   mesh_prov_link_closed_ev  : mesh_prov_link_closed_ev b'\x00'
2024-06-17 18:44:18,834 BTPWorkerThread-3167 (_rx_task) root DEBUG iutctl_common.py          76    read                      : Read 2 bytes
2024-06-17 18:44:18,834 BTPWorkerThread-3167 (_rx_task) root DEBUG iutctl_common.py          76    read                      : Read 1 bytes
2024-06-17 18:44:18,835 BTPWorkerThread-3167 (_rx_task) root DEBUG iutctl_common.py          76    read                      : Read 2 bytes
2024-06-17 18:44:18,835 BTPWorkerThread-3167 (_rx_task) root DEBUG iutctl_common.py          83    read                      : Received: hdr: Header(svc_id=4, op=134, ctrl_index=0, data_len=22) bytearray(b'\x04\x86\x00\x16\x00')
2024-06-17 18:44:18,835 BTPWorkerThread-3167 (_rx_task) root DEBUG iutctl_common.py          91    read                      : Read 9 bytes data
2024-06-17 18:44:18,836 BTPWorkerThread-3167 (_rx_task) root DEBUG iutctl_common.py          91    read                      : Read 11 bytes data
2024-06-17 18:44:18,836 BTPWorkerThread-3167 (_rx_task) root DEBUG iutctl_common.py          91    read                      : Read 1 bytes data
2024-06-17 18:44:18,837 BTPWorkerThread-3167 (_rx_task) root DEBUG iutctl_common.py          91    read                      : Read 1 bytes data
2024-06-17 18:44:18,837 BTPWorkerThread-3167 (_rx_task) root DEBUG iutctl_common.py          99    read                      : Received data: {'03 00 01 00 02 00 0f 80 80 00 00 cf b3 e6 5e ff cc ce 12 fc ff 03'}, bytearray(b'\x03\x00\x01\x00\x02\x00\x0f\x80\x80\x00\x00\xcf\xb3\xe6^\xff\xcc\xce\x12\xfc\xff\x03')
2024-06-17 18:44:18,837 BTPWorkerThread-3167 (_rx_task) root DEBUG btp.py                    814   event_handler             : event_handler Header(svc_id=4, op=134, ctrl_index=0, data_len=22) (b'\x03\x00\x01\x00\x02\x00\x0f\x80\x80\x00\x00\xcf\xb3\xe6^\xff\xcc\xce\x12\xfc\xff\x03',)
2024-06-17 18:44:18,837 BTPWorkerThread-3167 (_rx_task) root DEBUG iutctl_common.py          76    read                      : Read 5 bytes
2024-06-17 18:44:18,837 BTPWorkerThread-3167 (_rx_task) root DEBUG iutctl_common.py          83    read                      : Received: hdr: Header(svc_id=4, op=143, ctrl_index=0, data_len=8) bytearray(b'\x04\x8f\x00\x08\x00')
2024-06-17 18:44:18,838 BTPWorkerThread-3167 (_rx_task) root DEBUG iutctl_common.py          91    read                      : Read 8 bytes data
2024-06-17 18:44:18,838 BTPWorkerThread-3167 (_rx_task) root DEBUG iutctl_common.py          99    read                      : Received data: {'01 00 02 00 03 80 08 7f'}, bytearray(b'\x01\x00\x02\x00\x03\x80\x08\x7f')
2024-06-17 18:44:18,838 BTPWorkerThread-3167 (_rx_task) root DEBUG btp.py                    814   event_handler             : event_handler Header(svc_id=4, op=143, ctrl_index=0, data_len=8) (b'\x01\x00\x02\x00\x03\x80\x08\x7f',)
2024-06-17 18:44:18,838 BTPWorkerThread-3167 (_rx_task) root DEBUG mesh.py                   2040  mesh_model_recv_ev        : mesh_model_recv_ev b'\x01\x00\x02\x00\x03\x80\x08\x7f' 8
2024-06-17 18:44:18,924 BTPWorkerThread-3167 (_rx_task) root DEBUG iutctl_common.py          76    read                      : Read 5 bytes
2024-06-17 18:44:18,924 BTPWorkerThread-3167 (_rx_task) root DEBUG iutctl_common.py          83    read                      : Received: hdr: Header(svc_id=4, op=134, ctrl_index=0, data_len=22) bytearray(b'\x04\x86\x00\x16\x00')
2024-06-17 18:44:18,924 BTPWorkerThread-3167 (_rx_task) root DEBUG iutctl_common.py          91    read                      : Read 3 bytes data
2024-06-17 18:44:18,925 BTPWorkerThread-3167 (_rx_task) root DEBUG iutctl_common.py          91    read                      : Read 12 bytes data
2024-06-17 18:44:18,926 BTPWorkerThread-3167 (_rx_task) root DEBUG iutctl_common.py          91    read                      : Read 7 bytes data
2024-06-17 18:44:18,926 BTPWorkerThread-3167 (_rx_task) root DEBUG iutctl_common.py          99    read                      : Received data: {'03 00 01 00 02 00 0f 80 80 04 00 a0 a2 7f 60 65 c0 19 16 ee 70 39'}, bytearray(b'\x03\x00\x01\x00\x02\x00\x0f\x80\x80\x04\x00\xa0\xa2\x7f`e\xc0\x19\x16\xeep9')
2024-06-17 18:44:18,926 BTPWorkerThread-3167 (_rx_task) root DEBUG btp.py                    814   event_handler             : event_handler Header(svc_id=4, op=134, ctrl_index=0, data_len=22) (b'\x03\x00\x01\x00\x02\x00\x0f\x80\x80\x04\x00\xa0\xa2\x7f`e\xc0\x19\x16\xeep9',)
2024-06-17 18:44:18,926 BTPWorkerThread-3167 (_rx_task) root DEBUG iutctl_common.py          76    read                      : Read 2 bytes
2024-06-17 18:44:18,927 BTPWorkerThread-3167 (_rx_task) root DEBUG iutctl_common.py          76    read                      : Read 3 bytes
2024-06-17 18:44:18,927 BTPWorkerThread-3167 (_rx_task) root DEBUG iutctl_common.py          83    read                      : Received: hdr: Header(svc_id=4, op=143, ctrl_index=0, data_len=8) bytearray(b'\x04\x8f\x00\x08\x00')
2024-06-17 18:44:18,927 BTPWorkerThread-3167 (_rx_task) root DEBUG iutctl_common.py          91    read                      : Read 8 bytes data
2024-06-17 18:44:18,927 BTPWorkerThread-3167 (_rx_task) root DEBUG iutctl_common.py          99    read                      : Received data: {'01 00 02 00 03 80 08 01'}, bytearray(b'\x01\x00\x02\x00\x03\x80\x08\x01')
2024-06-17 18:44:18,927 BTPWorkerThread-3167 (_rx_task) root DEBUG btp.py                    814   event_handler             : event_handler Header(svc_id=4, op=143, ctrl_index=0, data_len=8) (b'\x01\x00\x02\x00\x03\x80\x08\x01',)
2024-06-17 18:44:18,927 BTPWorkerThread-3167 (_rx_task) root DEBUG mesh.py                   2040  mesh_model_recv_ev        : mesh_model_recv_ev b'\x01\x00\x02\x00\x03\x80\x08\x01' 8
2024-06-17 18:44:19,269 BTPWorkerThread-3167 (_rx_task) root DEBUG iutctl_common.py          76    read                      : Read 4 bytes
2024-06-17 18:44:19,270 BTPWorkerThread-3167 (_rx_task) root DEBUG iutctl_common.py          76    read                      : Read 1 bytes
2024-06-17 18:44:19,270 BTPWorkerThread-3167 (_rx_task) root DEBUG iutctl_common.py          83    read                      : Received: hdr: Header(svc_id=4, op=134, ctrl_index=0, data_len=14) bytearray(b'\x04\x86\x00\x0e\x00')
2024-06-17 18:44:19,270 BTPWorkerThread-3167 (_rx_task) root DEBUG iutctl_common.py          91    read                      : Read 10 bytes data
2024-06-17 18:44:19,271 BTPWorkerThread-3167 (_rx_task) root DEBUG iutctl_common.py          91    read                      : Read 1 bytes data
2024-06-17 18:44:19,271 BTPWorkerThread-3167 (_rx_task) root DEBUG iutctl_common.py          91    read                      : Read 3 bytes data
2024-06-17 18:44:19,271 BTPWorkerThread-3167 (_rx_task) root DEBUG iutctl_common.py          99    read                      : Received data: {'07 01 01 00 02 00 07 00 00 0c 00 00 00 0f'}, bytearray(b'\x07\x01\x01\x00\x02\x00\x07\x00\x00\x0c\x00\x00\x00\x0f')
2024-06-17 18:44:19,271 BTPWorkerThread-3167 (_rx_task) root DEBUG btp.py                    814   event_handler             : event_handler Header(svc_id=4, op=134, ctrl_index=0, data_len=14) (b'\x07\x01\x01\x00\x02\x00\x07\x00\x00\x0c\x00\x00\x00\x0f',)
2024-06-17 18:44:19,386 BTPWorkerThread-3167 (_rx_task) root DEBUG iutctl_common.py          76    read                      : Read 3 bytes
2024-06-17 18:44:19,386 BTPWorkerThread-3167 (_rx_task) root DEBUG iutctl_common.py          76    read                      : Read 1 bytes
2024-06-17 18:44:19,387 BTPWorkerThread-3167 (_rx_task) root DEBUG iutctl_common.py          76    read                      : Read 1 bytes
2024-06-17 18:44:19,387 BTPWorkerThread-3167 (_rx_task) root DEBUG iutctl_common.py          83    read                      : Received: hdr: Header(svc_id=4, op=134, ctrl_index=0, data_len=22) bytearray(b'\x04\x86\x00\x16\x00')
2024-06-17 18:44:19,387 BTPWorkerThread-3167 (_rx_task) root DEBUG iutctl_common.py          91    read                      : Read 10 bytes data
2024-06-17 18:44:19,388 BTPWorkerThread-3167 (_rx_task) root DEBUG iutctl_common.py          91    read                      : Read 11 bytes data
2024-06-17 18:44:19,388 BTPWorkerThread-3167 (_rx_task) root DEBUG iutctl_common.py          91    read                      : Read 1 bytes data
2024-06-17 18:44:19,388 BTPWorkerThread-3167 (_rx_task) root DEBUG iutctl_common.py          99    read                      : Received data: {'03 00 01 00 02 00 0f 80 80 0c 00 40 18 f2 b3 f3 ff 93 ce 68 fb 0d'}, bytearray(b'\x03\x00\x01\x00\x02\x00\x0f\x80\x80\x0c\x00@\x18\xf2\xb3\xf3\xff\x93\xceh\xfb\r')
2024-06-17 18:44:19,388 BTPWorkerThread-3167 (_rx_task) root DEBUG btp.py                    814   event_handler             : event_handler Header(svc_id=4, op=134, ctrl_index=0, data_len=22) (b'\x03\x00\x01\x00\x02\x00\x0f\x80\x80\x0c\x00@\x18\xf2\xb3\xf3\xff\x93\xceh\xfb\r',)
2024-06-17 18:44:19,389 BTPWorkerThread-3167 (_rx_task) root DEBUG iutctl_common.py          76    read                      : Read 5 bytes
2024-06-17 18:44:19,389 BTPWorkerThread-3167 (_rx_task) root DEBUG iutctl_common.py          83    read                      : Received: hdr: Header(svc_id=4, op=143, ctrl_index=0, data_len=8) bytearray(b'\x04\x8f\x00\x08\x00')
2024-06-17 18:44:19,389 BTPWorkerThread-3167 (_rx_task) root DEBUG iutctl_common.py          91    read                      : Read 1 bytes data
2024-06-17 18:44:19,390 BTPWorkerThread-3167 (_rx_task) root DEBUG iutctl_common.py          91    read                      : Read 7 bytes data
2024-06-17 18:44:19,390 BTPWorkerThread-3167 (_rx_task) root DEBUG iutctl_common.py          99    read                      : Received data: {'01 00 02 00 03 80 08 00'}, bytearray(b'\x01\x00\x02\x00\x03\x80\x08\x00')
2024-06-17 18:44:19,390 BTPWorkerThread-3167 (_rx_task) root DEBUG btp.py                    814   event_handler             : event_handler Header(svc_id=4, op=143, ctrl_index=0, data_len=8) (b'\x01\x00\x02\x00\x03\x80\x08\x00',)
2024-06-17 18:44:19,390 BTPWorkerThread-3167 (_rx_task) root DEBUG mesh.py                   2040  mesh_model_recv_ev        : mesh_model_recv_ev b'\x01\x00\x02\x00\x03\x80\x08\x00' 8
2024-06-17 18:44:20,312 BTPWorkerThread-3167 (_rx_task) root DEBUG iutctl_common.py          76    read                      : Read 1 bytes
2024-06-17 18:44:20,313 BTPWorkerThread-3167 (_rx_task) root DEBUG iutctl_common.py          76    read                      : Read 4 bytes
2024-06-17 18:44:20,313 BTPWorkerThread-3167 (_rx_task) root DEBUG iutctl_common.py          83    read                      : Received: hdr: Header(svc_id=4, op=134, ctrl_index=0, data_len=14) bytearray(b'\x04\x86\x00\x0e\x00')
2024-06-17 18:44:20,313 BTPWorkerThread-3167 (_rx_task) root DEBUG iutctl_common.py          91    read                      : Read 8 bytes data
2024-06-17 18:44:20,314 BTPWorkerThread-3167 (_rx_task) root DEBUG iutctl_common.py          91    read                      : Read 6 bytes data
2024-06-17 18:44:20,314 BTPWorkerThread-3167 (_rx_task) root DEBUG iutctl_common.py          99    read                      : Received data: {'07 01 01 00 02 00 07 00 00 20 00 00 00 2b'}, bytearray(b'\x07\x01\x01\x00\x02\x00\x07\x00\x00 \x00\x00\x00+')
2024-06-17 18:44:20,314 BTPWorkerThread-3167 (_rx_task) root DEBUG btp.py                    814   event_handler             : event_handler Header(svc_id=4, op=134, ctrl_index=0, data_len=14) (b'\x07\x01\x01\x00\x02\x00\x07\x00\x00 \x00\x00\x00+',)
2024-06-17 18:44:20,481 BTPWorkerThread-3167 (_rx_task) root DEBUG iutctl_common.py          76    read                      : Read 5 bytes
2024-06-17 18:44:20,488 BTPWorkerThread-3167 (_rx_task) root DEBUG iutctl_common.py          83    read                      : Received: hdr: Header(svc_id=4, op=134, ctrl_index=0, data_len=14) bytearray(b'\x04\x86\x00\x0e\x00')
2024-06-17 18:44:20,488 BTPWorkerThread-3167 (_rx_task) root DEBUG iutctl_common.py          91    read                      : Read 14 bytes data
2024-06-17 18:44:20,488 BTPWorkerThread-3167 (_rx_task) root DEBUG iutctl_common.py          99    read                      : Received data: {'07 01 01 00 02 00 07 00 00 20 00 00 00 3f'}, bytearray(b'\x07\x01\x01\x00\x02\x00\x07\x00\x00 \x00\x00\x00?')
2024-06-17 18:44:20,488 BTPWorkerThread-3167 (_rx_task) root DEBUG btp.py                    814   event_handler             : event_handler Header(svc_id=4, op=134, ctrl_index=0, data_len=14) (b'\x07\x01\x01\x00\x02\x00\x07\x00\x00 \x00\x00\x00?',)
2024-06-17 18:44:21,619 BTPWorkerThread-3167 (_rx_task) root DEBUG iutctl_common.py          76    read                      : Read 4 bytes
2024-06-17 18:44:21,620 BTPWorkerThread-3167 (_rx_task) root DEBUG iutctl_common.py          76    read                      : Read 1 bytes
2024-06-17 18:44:21,620 BTPWorkerThread-3167 (_rx_task) root DEBUG iutctl_common.py          83    read                      : Received: hdr: Header(svc_id=4, op=134, ctrl_index=0, data_len=22) bytearray(b'\x04\x86\x00\x16\x00')
2024-06-17 18:44:21,620 BTPWorkerThread-3167 (_rx_task) root DEBUG iutctl_common.py          91    read                      : Read 11 bytes data
2024-06-17 18:44:21,621 BTPWorkerThread-3167 (_rx_task) root DEBUG iutctl_common.py          91    read                      : Read 11 bytes data
2024-06-17 18:44:21,621 BTPWorkerThread-3167 (_rx_task) root DEBUG iutctl_common.py          99    read                      : Received data: {'03 00 01 00 02 00 0f 80 80 18 00 f4 aa 75 a5 5c 22 ce 4c 3a 35 b8'}, bytearray(b'\x03\x00\x01\x00\x02\x00\x0f\x80\x80\x18\x00\xf4\xaau\xa5\\"\xceL:5\xb8')
2024-06-17 18:44:21,621 BTPWorkerThread-3167 (_rx_task) root DEBUG btp.py                    814   event_handler             : event_handler Header(svc_id=4, op=134, ctrl_index=0, data_len=22) (b'\x03\x00\x01\x00\x02\x00\x0f\x80\x80\x18\x00\xf4\xaau\xa5\\"\xceL:5\xb8',)
2024-06-17 18:44:21,622 BTPWorkerThread-3167 (_rx_task) root DEBUG iutctl_common.py          76    read                      : Read 5 bytes
2024-06-17 18:44:21,622 BTPWorkerThread-3167 (_rx_task) root DEBUG iutctl_common.py          83    read                      : Received: hdr: Header(svc_id=4, op=143, ctrl_index=0, data_len=8) bytearray(b'\x04\x8f\x00\x08\x00')
2024-06-17 18:44:21,622 BTPWorkerThread-3167 (_rx_task) root DEBUG iutctl_common.py          91    read                      : Read 2 bytes data
2024-06-17 18:44:21,623 BTPWorkerThread-3167 (_rx_task) root DEBUG iutctl_common.py          91    read                      : Read 6 bytes data
2024-06-17 18:44:21,623 BTPWorkerThread-3167 (_rx_task) root DEBUG iutctl_common.py          99    read                      : Received data: {'01 00 02 00 03 80 13 01'}, bytearray(b'\x01\x00\x02\x00\x03\x80\x13\x01')
2024-06-17 18:44:21,623 BTPWorkerThread-3167 (_rx_task) root DEBUG btp.py                    814   event_handler             : event_handler Header(svc_id=4, op=143, ctrl_index=0, data_len=8) (b'\x01\x00\x02\x00\x03\x80\x13\x01',)
2024-06-17 18:44:21,623 BTPWorkerThread-3167 (_rx_task) root DEBUG mesh.py                   2040  mesh_model_recv_ev        : mesh_model_recv_ev b'\x01\x00\x02\x00\x03\x80\x13\x01' 8
2024-06-17 18:44:21,726 BTPWorkerThread-3167 (_rx_task) root DEBUG iutctl_common.py          76    read                      : Read 2 bytes
2024-06-17 18:44:21,727 BTPWorkerThread-3167 (_rx_task) root DEBUG iutctl_common.py          76    read                      : Read 3 bytes
2024-06-17 18:44:21,727 BTPWorkerThread-3167 (_rx_task) root DEBUG iutctl_common.py          83    read                      : Received: hdr: Header(svc_id=4, op=134, ctrl_index=0, data_len=22) bytearray(b'\x04\x86\x00\x16\x00')
2024-06-17 18:44:21,727 BTPWorkerThread-3167 (_rx_task) root DEBUG iutctl_common.py          91    read                      : Read 9 bytes data
2024-06-17 18:44:21,728 BTPWorkerThread-3167 (_rx_task) root DEBUG iutctl_common.py          91    read                      : Read 10 bytes data
2024-06-17 18:44:21,729 BTPWorkerThread-3167 (_rx_task) root DEBUG iutctl_common.py          91    read                      : Read 3 bytes data
2024-06-17 18:44:21,729 BTPWorkerThread-3167 (_rx_task) root DEBUG iutctl_common.py          99    read                      : Received data: {'03 00 01 00 02 00 0f 80 80 1c 00 57 fd 78 06 80 28 b5 6b bf f8 0b'}, bytearray(b'\x03\x00\x01\x00\x02\x00\x0f\x80\x80\x1c\x00W\xfdx\x06\x80(\xb5k\xbf\xf8\x0b')
2024-06-17 18:44:21,729 BTPWorkerThread-3167 (_rx_task) root DEBUG btp.py                    814   event_handler             : event_handler Header(svc_id=4, op=134, ctrl_index=0, data_len=22) (b'\x03\x00\x01\x00\x02\x00\x0f\x80\x80\x1c\x00W\xfdx\x06\x80(\xb5k\xbf\xf8\x0b',)
2024-06-17 18:44:21,729 BTPWorkerThread-3167 (_rx_task) root DEBUG iutctl_common.py          76    read                      : Read 5 bytes
2024-06-17 18:44:21,729 BTPWorkerThread-3167 (_rx_task) root DEBUG iutctl_common.py          83    read                      : Received: hdr: Header(svc_id=4, op=143, ctrl_index=0, data_len=8) bytearray(b'\x04\x8f\x00\x08\x00')
2024-06-17 18:44:21,729 BTPWorkerThread-3167 (_rx_task) root DEBUG iutctl_common.py          91    read                      : Read 1 bytes data
2024-06-17 18:44:21,730 BTPWorkerThread-3167 (_rx_task) root DEBUG iutctl_common.py          91    read                      : Read 7 bytes data
2024-06-17 18:44:21,730 BTPWorkerThread-3167 (_rx_task) root DEBUG iutctl_common.py          99    read                      : Received data: {'01 00 02 00 03 80 0a 00'}, bytearray(b'\x01\x00\x02\x00\x03\x80\n\x00')
2024-06-17 18:44:21,730 BTPWorkerThread-3167 (_rx_task) root DEBUG btp.py                    814   event_handler             : event_handler Header(svc_id=4, op=143, ctrl_index=0, data_len=8) (b'\x01\x00\x02\x00\x03\x80\n\x00',)
2024-06-17 18:44:21,730 BTPWorkerThread-3167 (_rx_task) root DEBUG mesh.py                   2040  mesh_model_recv_ev        : mesh_model_recv_ev b'\x01\x00\x02\x00\x03\x80\n\x00' 8
2024-06-17 18:45:54,377 LT1-callback ClientCallback.log INFO client.py                 229   log                       : PTS_LOGTYPE_START_TEST Start Test Case 

+328 ms
 MESH/SR/PROX/BV-11-C MESH/SR/PROX/BV-11-C

2024-06-17 18:45:55,590 LT1-callback ClientCallback.log INFO client.py                 229   log                       : PTS_LOGTYPE_FINAL_VERDICT Final Verdict 

+107703 ms
 MESH/SR/PROX/BV-11-C FAIL

2024-06-17 18:45:55,593 LT1-callback ClientCallback.log INFO client.py                 229   log                       : PTS_LOGTYPE_FINAL_VERDICT Encrypted Verdict 

+107703 ms
 MESH/SR/PROX/BV-11-C A1#ZWY4MzQ5MDg3MmQwNTIxOGQzMzQ5YjY2ODA5M2MzNjQ5ZDY4NmY0Yjc2MzIzM2VkNTUyNTFhNGU4Mjg1MjI0NA==#XKj/3jzMj7hJvV77i0cckuMTrB54Py8Tt9IRnlvAxd6J1cDGNMDCfgHm/4Q4Lwqd

2024-06-17 18:45:55,596 LT1-callback ClientCallback.log INFO client.py                 229   log                       : PTS_LOGTYPE_END_TEST Test Case Ended 

+107703 ms
 MESH/SR/PROX/BV-11-C MESH/SR/PROX/BV-11-C

2024-06-17 18:45:55,743 LT1-callback root DEBUG client.py                 291   set_result                : ClientCallback, set_result, run_test_case, FAIL
2024-06-17 18:45:55,744 LT1-thread root DEBUG client.py                 1020  _run_test_case            : After run_test_case error_code=0 status='FAIL'
2024-06-17 18:45:55,744 LT1-thread root DEBUG testcase.py               752   post_run                  : post_run MESH MESH/SR/PROX/BV-11-C 0
2024-06-17 18:45:55,744 MainThread root DEBUG client.py                 1131  run_test_case             : Interrupting MESH MESH/SR/PROX/BV-11-C test case of thread LT1-thread
2024-06-17 18:45:55,744 LT1-thread root DEBUG testcase.py               253   start                     : Starting test function: class=<class 'autopts.ptsprojects.testcase.TestFuncCleanUp'>, func=<bound method Stack.cleanup of <autopts.ptsprojects.stack.stack.Stack object at 0x7f0e2e64a3b0>> start_wid=None stop_wid=None post_wid=None skip_call=None call_count=4 args=() kwds={}
2024-06-17 18:45:55,744 LT1-thread root DEBUG testcase.py               265   start                     : Test function parameters: args=(), kwds={}
2024-06-17 18:45:55,744 LT1-thread root DEBUG testcase.py               253   start                     : Starting test function: class=<class 'autopts.ptsprojects.testcase.TestFuncCleanUp'>, func=<bound method ZephyrCtl.stop of <autopts.ptsprojects.zephyr.iutctl.ZephyrCtl object at 0x7f0e2e64bf70>> start_wid=None stop_wid=None post_wid=None skip_call=None call_count=4 args=() kwds={}
2024-06-17 18:45:55,745 LT1-thread root DEBUG testcase.py               265   start                     : Test function parameters: args=(), kwds={}
2024-06-17 18:45:55,745 LT1-thread root DEBUG iutctl.py                 248   stop                      : <class 'autopts.ptsprojects.zephyr.iutctl.ZephyrCtl'>.stop
2024-06-17 18:45:55,745 LT1-thread root DEBUG __init__.py               49    reset                     : About to reset DUT: nrfjprog -r -s 683989059
2024-06-17 18:45:57,953 BTPWorkerThread-3167 (_rx_task) root DEBUG iutctl_common.py          76    read                      : Read 5 bytes
2024-06-17 18:45:57,959 BTPWorkerThread-3167 (_rx_task) root DEBUG iutctl_common.py          83    read                      : Received: hdr: Header(svc_id=0, op=128, ctrl_index=255, data_len=0) bytearray(b'\x00\x80\xff\x00\x00')
2024-06-17 18:45:57,964 BTPWorkerThread-3167 (_rx_task) root DEBUG iutctl_common.py          99    read                      : Received data: {''}, bytearray(b'')
2024-06-17 18:45:57,969 BTPWorkerThread-3167 (_rx_task) root DEBUG btp.py                    814   event_handler             : event_handler Header(svc_id=0, op=128, ctrl_index=255, data_len=0) (b'',)
2024-06-17 18:45:57,974 BTPWorkerThread-3167 (_rx_task) root DEBUG core.py                   28    core_iut_ready_ev         : core_iut_ready_ev
2024-06-17 18:45:57,974 LT1-thread root DEBUG iutctl.py                 266   stop                      : IUT ready event received OK
2024-06-17 18:45:57,974 LT1-thread root DEBUG iutctl_common.py          307   close                     : Waiting for _rx_worker to finish ...
2024-06-17 18:45:58,975 LT1-thread root DEBUG iutctl_common.py          307   close                     : Waiting for _rx_worker to finish ...
2024-06-17 18:45:58,975 BTPWorkerThread-3167 (_rx_task) root DEBUG iutctl_common.py          223   _rx_task                  : BTPWorkerThread-3167 (_rx_task) finishing...
2024-06-17 18:46:01,979 LT1-thread root DEBUG testcase.py               781   post_run                  : post_run, cleanup running post test case script
2024-06-17 18:46:01,980 LT1-thread root DEBUG testcase.py               791   post_run                  : post_run, run post test case script
2024-06-17 18:46:02,002 LT1-thread root DEBUG client.py                 1050  _run_test_case            : Done TestCase _run_test_case MESH MESH/SR/PROX/BV-11-C
