Applying system reset.
Run.
Applying system reset.
Run.
< 2022/07/02 01:35:06.995156  length=5 from=0 to=4
 00 80 ff 00 00                                   .....
--
> 2022/07/02 01:35:07.105764  length=6 from=0 to=5
 00 03 ff 01 00 01                                ......
--
< 2022/07/02 01:35:07.121849  length=5 from=5 to=9
 00 03 ff 00 00                                   .....
--
> 2022/07/02 01:35:07.216462  length=5 from=6 to=10
 01 03 00 00 00                                   .....
--
< 2022/07/02 01:35:07.376118  length=49 from=10 to=58
 01 03 00 15 01 70 1f c4 76 e7 dc 13 06 00 00 13  .....p..v.......
 82 00 00 00 00 00 62 74 70 5f 74 65 73 74 65 72  ......btp_tester
 00 00 00 00 00 00 00 00 00 00 00 00 00 00 00 00  ................
 00                                               .
--
< 2022/07/02 01:35:07.377597  length=12 from=59 to=70
 00 00 00 00 00 00 00 00 00 00 00 00              ............
--
< 2022/07/02 01:35:07.377895  length=11 from=71 to=81
 00 00 00 00 00 00 00 00 00 00 00                 ...........
--
< 2022/07/02 01:35:07.378128  length=1 from=82 to=82
 00                                               .
--
< 2022/07/02 01:35:07.392238  length=165 from=83 to=247
 00 00 00 00 00 00 00 00 00 00 00 00 00 00 00 00  ................
 00 00 00 00 00 00 00 00 00 00 00 00 00 00 00 00  ................
 00 00 00 00 00 00 00 00 00 00 00 00 00 00 00 00  ................
 00 00 00 00 00 00 00 00 00 00 00 00 00 00 00 00  ................
 00 00 00 00 00 00 00 00 00 00 00 00 00 00 00 00  ................
 00 00 00 00 00 00 00 00 00 00 00 00 00 00 00 00  ................
 00 00 00 00 00 00 00 00 00 00 00 00 00 00 00 00  ................
 00 00 00 00 00 00 00 00 00 00 00 00 00 00 00 00  ................
 00 00 00 00 00 00 00 00 00 00 00 00 00 00 00 00  ................
 00 00 00 00 00 00 00 00 00 00 00 00 00 00 00 00  ................
 00 00 00 00 00                                   .....
--
< 2022/07/02 01:35:07.393815  length=11 from=248 to=258
 00 00 00 00 00 00 00 00 00 00 00                 ...........
--
< 2022/07/02 01:35:07.394052  length=12 from=259 to=270
 00 00 00 00 00 00 00 00 00 00 00 00              ............
--
< 2022/07/02 01:35:07.408658  length=21 from=271 to=291
 00 00 00 00 00 00 00 00 00 00 00 00 00 00 00 00  ................
 00 00 00 00 00                                   .....
--
> 2022/07/02 01:35:07.551614  length=6 from=11 to=16
 00 03 ff 01 00 02                                ......
--
< 2022/07/02 01:35:07.567635  length=5 from=292 to=296
 00 03 ff 00 00                                   .....
--
> 2022/07/02 01:35:07.647392  length=9 from=17 to=25
 02 02 00 04 00 00 02 aa 50                       ........P
--
< 2022/07/02 01:35:07.663465  length=7 from=297 to=303
 02 02 00 02 00 00 00                             .......
--
> 2022/07/02 01:35:07.711200  length=12 from=26 to=37
 02 03 00 07 00 00 00 02 11 02 aa 51              ...........Q
--
< 2022/07/02 01:35:07.727246  length=7 from=304 to=310
 02 03 00 02 00 00 00                             .......
--
> 2022/07/02 01:35:07.791037  length=10 from=38 to=47
 02 06 00 05 00 00 00 01 00 01                    ..........
--
< 2022/07/02 01:35:07.807064  length=5 from=311 to=315
 02 06 00 00 00                                   .....
--
> 2022/07/02 01:35:07.950601  length=12 from=48 to=59
 02 03 00 07 00 00 00 02 05 02 aa 52              ...........R
--
< 2022/07/02 01:35:07.966670  length=7 from=316 to=322
 02 03 00 02 00 00 00                             .......
--
> 2022/07/02 01:35:08.126147  length=10 from=60 to=69
 02 06 00 05 00 00 00 01 00 02                    ..........
--
< 2022/07/02 01:35:08.142158  length=5 from=323 to=327
 02 06 00 00 00                                   .....
--
> 2022/07/02 01:35:08.221901  length=12 from=70 to=81
 02 03 00 07 00 00 00 42 03 02 aa 52              .......B...R
--
< 2022/07/02 01:35:08.237866  length=7 from=328 to=334
 02 03 00 02 00 00 00                             .......
--
> 2022/07/02 01:35:08.349603  length=10 from=82 to=91
 02 06 00 05 00 00 00 01 00 03                    ..........
--
< 2022/07/02 01:35:08.365643  length=5 from=335 to=339
 02 06 00 00 00                                   .....
--
> 2022/07/02 01:35:08.445304  length=12 from=92 to=103
 02 03 00 07 00 00 00 42 30 02 aa 53              .......B0..S
--
< 2022/07/02 01:35:08.461395  length=7 from=340 to=346
 02 03 00 02 00 00 00                             .......
--
> 2022/07/02 01:35:08.621357  length=10 from=104 to=113
 02 06 00 05 00 00 00 01 00 04                    ..........
--
< 2022/07/02 01:35:08.636927  length=5 from=347 to=351
 02 06 00 00 00                                   .....
--
> 2022/07/02 01:35:08.764453  length=5 from=114 to=118
 02 07 00 00 00                                   .....
--
< 2022/07/02 01:35:08.780460  length=8 from=352 to=359
 02 07 00 03 00 d0 5e 00                          ......^.
--
> 2022/07/02 01:35:08.955988  length=6 from=119 to=124
 01 10 00 01 00 00                                ......
--
< 2022/07/02 01:35:08.971990  length=5 from=360 to=364
 01 10 00 00 00                                   .....
--
> 2022/07/02 01:35:15.792889  length=13 from=125 to=137
 01 0e 00 08 00 00 ef c9 56 e8 07 c0 00           ........V....
--
< 2022/07/02 01:35:15.808958  length=5 from=365 to=369
 01 0e 00 00 00                                   .....
--
< 2022/07/02 01:35:16.754902  length=18 from=370 to=387
 01 82 00 0d 00 00 ef c9 56 e8 07 c0 28 00 00 00  ........V...(...
 90 01                                            ..
--
< 2022/07/02 01:35:18.003812  length=13 from=388 to=400
 01 89 00 08 00 00 ef c9 56 e8 07 c0 02           ........V....
--
> 2022/07/02 01:35:18.081019  length=12 from=138 to=149
 02 1c 00 07 00 01 00 ff ff 02 03 28              ...........(
--
< 2022/07/02 01:35:18.097108  length=72 from=401 to=472
 02 1c 00 43 00 0b 02 00 01 02 03 28 05 00 01 02  ...C.......(....
 03 28 07 00 01 02 03 28 09 00 01 02 03 28 0c 00  .(.....(.....(..
 01 02 03 28 0e 00 01 02 03 28 10 00 01 02 03 28  ...(.....(.....(
 13 00 01 02 03 28 15 00 01 02 03 28 17 00 01 02  .....(.....(....
 03 28 19 00 01 02 03 28                          .(.....(
--
> 2022/07/02 01:35:18.192712  length=14 from=150 to=163
 02 1d 00 09 00 00 ef c9 56 e8 07 c0 02 00        ........V.....
--
< 2022/07/02 01:35:18.208807  length=13 from=473 to=485
 02 1d 00 08 00 00 05 00 20 03 00 05 2a           ........ ...*
--
> 2022/07/02 01:35:18.319374  length=10 from=164 to=173
 02 1c 00 05 00 03 00 03 00 00                    ..........
--
< 2022/07/02 01:35:18.335361  length=12 from=486 to=497
 02 1c 00 07 00 01 03 00 00 02 05 2a              ...........*
--
> 2022/07/02 01:35:18.494906  length=14 from=174 to=187
 02 1d 00 09 00 00 ef c9 56 e8 07 c0 05 00        ........V.....
--
< 2022/07/02 01:35:18.510999  length=13 from=498 to=510
 02 1d 00 08 00 00 05 00 0a                       .........
 06 00 29 2b                                      ..)+
--
> 2022/07/02 01:35:18.606595  length=10 from=188 to=197
 02 1c 00 05 00 06 00 06 00 00                    ..........
--
< 2022/07/02 01:35:18.622661  length=12 from=511 to=522
 02 1c 00 07 00 01 06 00 03 02 29 2b              ..........)+
--
> 2022/07/02 01:35:18.766176  length=14 from=198 to=211
 02 1d 00 09 00 00 ef c9 56 e8 07 c0 07 00        ........V.....
--
< 2022/07/02 01:35:18.782170  length=13 from=523 to=535
 02 1d 00 08 00 00 05 00 02 08 00 2a 2b           ...........*+
--
> 2022/07/02 01:35:18.925758  length=10 from=212 to=221
 02 1c 00 05 00 08 00 08 00 00                    ..........
--
< 2022/07/02 01:35:18.941840  length=12 from=536 to=547
 02 1c 00 07 00 01 08 00 01 02 2a 2b              ..........*+
--
> 2022/07/02 01:35:19.117248  length=14 from=222 to=235
 02 1d 00 09 00 00 ef c9 56 e8 07 c0 09 00        ........V.....
--
< 2022/07/02 01:35:19.133293  length=13 from=548 to=560
 02 1d 00 08 00 00 05 00 02 0a                    ..........
 00 3a 2b                                         .:+
--
> 2022/07/02 01:35:19.244949  length=10 from=236 to=245
 02 1c 00 05 00 0a                                ......
 00 0a                                            ..
 00 00                                            ..
--
< 2022/07/02 01:35:19.261067  length=12 from=561 to=572
 02 1c 00 07 00 01 0a                             .......
 00 01 02 3a 2b                                   ...:+
--
> 2022/07/02 01:35:19.452461  length=14 from=246 to=259
 02 1d 00 09 00 00 ef c9 56 e8 07 c0 0c 00        ........V.....
--
< 2022/07/02 01:35:19.468459  length=13 from=573 to=585
 02 1d 00 08 00 00 05 00 0a                       .........
 0d 00 00 2a                                      ...*
--
> 2022/07/02 01:35:19.564103  length=10 from=260 to=269
 02 1c 00 05 00 0d 00 0d 00 00                    ..........
--
< 2022/07/02 01:35:19.580170  length=12 from=586 to=597
 02 1c 00 07 00 01 0d 00 09 02 00 2a              ...........*
--
> 2022/07/02 01:35:19.723656  length=14 from=270 to=283
 02 1d 00 09 00 00 ef c9 56 e8 07 c0 0e 00        ........V.....
--
< 2022/07/02 01:35:19.739758  length=13 from=598 to=610
 02 1d 00 08 00 00 05 00 02 0f 00 01 2a           ............*
--
> 2022/07/02 01:35:19.819407  length=10 from=284 to=293
 02 1c 00 05 00 0f 00 0f 00 00                    ..........
--
< 2022/07/02 01:35:19.835506  length=12 from=611 to=622
 02 1c 00 07 00 01 0f 00 01 02 01 2a              ...........*
--
> 2022/07/02 01:35:19.978027  length=14 from=294 to=307
 02 1d 00 09 00 00 ef c9 56 e8 07 c0 10 00        ........V.....
--
< 2022/07/02 01:35:19.994078  length=13 from=623 to=635
 02 1d 00 08 00 00 05 00 02 11 00 04 2a           ............*
--
> 2022/07/02 01:35:20.137538  length=10 from=308 to=317
 02 1c 00 05 00 11 00 11 00 00                    ..........
--
< 2022/07/02 01:35:20.153668  length=12 from=636 to=647
 02 1c 00 07 00 01 11 00 01 02 04 2a              ...........*
--
> 2022/07/02 01:35:20.345058  length=14 from=318 to=331
 02 1d 00 09 00 00 ef c9 56 e8 07 c0 13 00        ........V.....
--
< 2022/07/02 01:35:20.361105  length=13 from=648 to=660
 02 1d 00 08 00 00 05 00 02 14 00 aa 51           ............Q
--
> 2022/07/02 01:35:20.520567  length=10 from=332 to=341
 02 1c 00 05 00 14 00 14 00 00                    ..........
--
< 2022/07/02 01:35:20.536688  length=12 from=661 to=672
 02 1c 00 07 00 01 14 00 51 02 aa 51              ........Q..Q
--
< 2022/07/02 01:35:21.401195  length=28 from=673 to=700
 01 8b 00 07 00 00 ef c9 56 e8 07 c0 01 84 00 0b  ........V.......
 00 00 ef c9 56 e8 07 c0 fd cd 04 00              ....V.......
--
< 2022/07/02 01:35:22.246586  length=13 from=701 to=713
 01 89 00 08 00 00 ef c9 56 e8 07 c0 03           ........V....
--
< 2022/07/02 01:35:22.807695  length=12 from=714 to=725
 01 83 00 07 00 00 ef c9 56 e8 07 c0              ........V...
--
Applying system reset.
Run.
