< 2024/08/19 01:21:40.727497  length=6 from=0 to=5
 00 03 ff 01 00 01                                ......
--
> 2024/08/19 01:21:40.768757  length=5 from=0 to=4
 00 03 ff 00 00                                   .....
--
< 2024/08/19 01:21:40.810469  length=6 from=6 to=11
 00 03 ff 01 00 02                                ......
--
> 2024/08/19 01:21:40.811796  length=5 from=5 to=9
 00 03 ff 00 00                                   .....
--
< 2024/08/19 01:21:40.853398  length=5 from=12 to=16
 01 03 00 00 00                                   .....
--
> 2024/08/19 01:21:41.003767  length=10 from=10 to=19
 01 03 00 15 01 c3 51 0b 1b b8                    ......Q...
--
> 2024/08/19 01:21:41.003908  length=2 from=20 to=21
 d7 13                                            ..
--
> 2024/08/19 01:21:41.004796  length=9 from=22 to=30
 06 02 00 13 82 00 00 00 00                       .........
--
> 2024/08/19 01:21:41.004873  length=1 from=31 to=31
 00                                               .
--
> 2024/08/19 01:21:41.004926  length=2 from=32 to=33
 62 74                                            bt
--
> 2024/08/19 01:21:41.005767  length=9 from=34 to=42
 70 5f 74 65 73 74 65 72 00                       p_tester.
--
> 2024/08/19 01:21:41.005909  length=2 from=43 to=44
 00 00                                            ..
--
> 2024/08/19 01:21:41.006779  length=9 from=45 to=53
 00 00 00 00 00 00 00 00 00                       .........
--
> 2024/08/19 01:21:41.006857  length=2 from=54 to=55
 00 00                                            ..
--
> 2024/08/19 01:21:41.007823  length=10 from=56 to=65
 00 00 00 00 00 00 00 00 00 00                    ..........
--
> 2024/08/19 01:21:41.007903  length=1 from=66 to=66
 00                                               .
--
> 2024/08/19 01:21:41.008796  length=11 from=67 to=77
 00 00 00 00 00 00 00 00 00 00 00                 ...........
--
> 2024/08/19 01:21:41.009792  length=12 from=78 to=89
 00 00 00 00 00 00 00 00 00 00 00 00              ............
--
> 2024/08/19 01:21:41.009904  length=1 from=90 to=90
 00                                               .
--
> 2024/08/19 01:21:41.010817  length=10 from=91 to=100
 00 00 00 00 00 00 00 00 00 00                    ..........
--
> 2024/08/19 01:21:41.010897  length=1 from=101 to=101
 00                                               .
--
> 2024/08/19 01:21:41.011789  length=11 from=102 to=112
 00 00 00 00 00 00 00 00 00 00 00                 ...........
--
> 2024/08/19 01:21:41.011898  length=1 from=113 to=113
 00                                               .
--
> 2024/08/19 01:21:41.012898  length=11 from=114 to=124
 00 00 00 00 00 00 00 00 00 00 00                 ...........
--
> 2024/08/19 01:21:41.012980  length=1 from=125 to=125
 00                                               .
--
> 2024/08/19 01:21:41.013795  length=10 from=126 to=135
 00 00 00 00 00 00 00 00 00 00                    ..........
--
> 2024/08/19 01:21:41.013928  length=2 from=136 to=137
 00 00                                            ..
--
> 2024/08/19 01:21:41.014801  length=9 from=138 to=146
 00 00 00 00 00 00 00 00 00                       .........
--
> 2024/08/19 01:21:41.014879  length=1 from=147 to=147
 00                                               .
--
> 2024/08/19 01:21:41.014948  length=1 from=148 to=148
 00                                               .
--
> 2024/08/19 01:21:41.015000  length=1 from=149 to=149
 00                                               .
--
> 2024/08/19 01:21:41.015140  length=1 from=150 to=150
 00                                               .
--
> 2024/08/19 01:21:41.015202  length=1 from=151 to=151
 00                                               .
--
> 2024/08/19 01:21:41.015805  length=7 from=152 to=158
 00 00 00 00 00 00 00                             .......
--
> 2024/08/19 01:21:41.015977  length=3 from=159 to=161
 00 00 00                                         ...
--
> 2024/08/19 01:21:41.016743  length=8 from=162 to=169
 00 00 00 00 00 00 00 00                          ........
--
> 2024/08/19 01:21:41.016813  length=1 from=170 to=170
 00                                               .
--
> 2024/08/19 01:21:41.017751  length=10 from=171 to=180
 00 00 00 00 00 00 00 00 00 00                    ..........
--
> 2024/08/19 01:21:41.017839  length=1 from=181 to=181
 00                                               .
--
> 2024/08/19 01:21:41.017931  length=1 from=182 to=182
 00                                               .
--
> 2024/08/19 01:21:41.017983  length=1 from=183 to=183
 00                                               .
--
> 2024/08/19 01:21:41.018050  length=1 from=184 to=184
 00                                               .
--
> 2024/08/19 01:21:41.018102  length=1 from=185 to=185
 00                                               .
--
> 2024/08/19 01:21:41.018791  length=7 from=186 to=192
 00 00 00 00 00 00 00                             .......
--
> 2024/08/19 01:21:41.018931  length=2 from=193 to=194
 00 00                                            ..
--
> 2024/08/19 01:21:41.019003  length=1 from=195 to=195
 00                                               .
--
> 2024/08/19 01:21:41.019064  length=1 from=196 to=196
 00                                               .
--
> 2024/08/19 01:21:41.019123  length=1 from=197 to=197
 00                                               .
--
> 2024/08/19 01:21:41.019804  length=6 from=198 to=203
 00 00 00 00 00 00                                ......
--
> 2024/08/19 01:21:41.019885  length=2 from=204 to=205
 00 00                                            ..
--
> 2024/08/19 01:21:41.019948  length=1 from=206 to=206
 00                                               .
--
> 2024/08/19 01:21:41.020008  length=1 from=207 to=207
 00                                               .
--
> 2024/08/19 01:21:41.020745  length=8 from=208 to=215
 00 00 00 00 00 00 00 00                          ........
--
> 2024/08/19 01:21:41.020837  length=1 from=216 to=216
 00                                               .
--
> 2024/08/19 01:21:41.020890  length=1 from=217 to=217
 00                                               .
--
> 2024/08/19 01:21:41.021795  length=10 from=218 to=227
 00 00 00 00 00 00 00 00 00 00                    ..........
--
> 2024/08/19 01:21:41.021926  length=2 from=228 to=229
 00 00                                            ..
--
> 2024/08/19 01:21:41.021988  length=1 from=230 to=230
 00                                               .
--
> 2024/08/19 01:21:41.022770  length=8 from=231 to=238
 00 00 00 00 00 00 00 00                          ........
--
> 2024/08/19 01:21:41.022863  length=2 from=239 to=240
 00 00                                            ..
--
> 2024/08/19 01:21:41.022998  length=2 from=241 to=242
 00 00                                            ..
--
> 2024/08/19 01:21:41.023750  length=8 from=243 to=250
 00 00 00 00 00 00 00 00                          ........
--
> 2024/08/19 01:21:41.023835  length=1 from=251 to=251
 00                                               .
--
> 2024/08/19 01:21:41.023988  length=1 from=252 to=252
 00                                               .
--
> 2024/08/19 01:21:41.024050  length=1 from=253 to=253
 00                                               .
--
> 2024/08/19 01:21:41.024796  length=8 from=254 to=261
 00 00 00 00 00 00 00 00                          ........
--
> 2024/08/19 01:21:41.024873  length=1 from=262 to=262
 00                                               .
--
> 2024/08/19 01:21:41.025741  length=12 from=263 to=274
 00 00 00 00 00 00 00 00 00 00 00 00              ............
--
> 2024/08/19 01:21:41.026793  length=11 from=275 to=285
 00 00 00 00 00 00 00 00 00 00 00                 ...........
--
> 2024/08/19 01:21:41.026960  length=1 from=286 to=286
 00                                               .
--
> 2024/08/19 01:21:41.027029  length=1 from=287 to=287
 00                                               .
--
> 2024/08/19 01:21:41.027083  length=1 from=288 to=288
 00                                               .
--
> 2024/08/19 01:21:41.027149  length=1 from=289 to=289
 00                                               .
--
> 2024/08/19 01:21:41.027206  length=1 from=290 to=290
 00                                               .
--
> 2024/08/19 01:21:41.027737  length=1 from=291 to=291
 00                                               .
--
< 2024/08/19 01:21:41.064285  length=6 from=17 to=22
 01 10 00 01 00 00                                ......
--
> 2024/08/19 01:21:41.065800  length=5 from=292 to=296
 01 10 00 00 00                                   .....
--
< 2024/08/19 01:21:41.077184  length=6 from=23 to=28
 01 08 00 01 00 01                                ......
--
> 2024/08/19 01:21:41.078791  length=9 from=297 to=305
 01 08 00 04 00 1b 82 00 00                       .........
--
< 2024/08/19 01:21:41.135888  length=6 from=29 to=34
 00 03 ff 01 00 17                                ......
--
> 2024/08/19 01:21:41.139713  length=2 from=306 to=307
 00 03                                            ..
--
> 2024/08/19 01:21:41.139787  length=1 from=308 to=308
 ff                                               .
--
> 2024/08/19 01:21:41.139982  length=2 from=309 to=310
 00 00                                            ..
--
< 2024/08/19 01:21:47.186774  length=27 from=35 to=61
 01 0a                                            ..
 00 16 00 0f 00 09 0d 54 65 73 74 65 72 5f 31 43  .......Tester_1C
 32 38 44 46 ff ff ff ff 00                       28DF.....
--
> 2024/08/19 01:21:47.192894  length=9 from=311 to=319
 01 0a                                            ..
 00 04 00 1b 86 00 00                             .......
--
> 2024/08/19 01:21:47.305826  length=3 from=320 to=322
 01 82 00                                         ...
--
> 2024/08/19 01:21:47.305959  length=2 from=323 to=324
 0d 00                                            ..
--
> 2024/08/19 01:21:47.306838  length=10 from=325 to=334
 00 df 28 1c e8 07 c0 32 00 00                    ..(....2..
--
> 2024/08/19 01:21:47.306938  length=1 from=335 to=335
 00                                               .
--
> 2024/08/19 01:21:47.307020  length=1 from=336 to=336
 d0                                               .
--
> 2024/08/19 01:21:47.307114  length=1 from=337 to=337
 09                                               .
--
> 2024/08/19 01:21:47.307828  length=9 from=338 to=346
 01 80 00 04 00 1b 82 00 00                       .........
--
> 2024/08/19 01:21:50.595890  length=2 from=347 to=348
 01 89                                            ..
--
> 2024/08/19 01:21:50.596014  length=2 from=349 to=350
 00 08                                            ..
--
> 2024/08/19 01:21:50.596216  length=2 from=351 to=352
 00 00                                            ..
--
> 2024/08/19 01:21:50.596283  length=1 from=353 to=353
 df                                               .
--
> 2024/08/19 01:21:50.596893  length=6 from=354 to=359
 28 1c e8 07 c0 02                                (.....
--
> 2024/08/19 01:21:52.431876  length=6 from=360 to=365
 01 88 00 0d 00 00                                ......
--
> 2024/08/19 01:21:52.432009  length=3 from=366 to=368
 df 28 1c                                         .(.
--
> 2024/08/19 01:21:52.432817  length=9 from=369 to=377
 e8 07 c0 32 00 00 00 d0 09                       ...2.....
--
> 2024/08/19 01:21:56.057883  length=11 from=378 to=388
 01 83 00 07 00 00 df 28 1c e8 07                 .......(...
--
> 2024/08/19 01:21:56.058058  length=1 from=389 to=389
 c0                                               .
--
> 2024/08/19 01:22:01.923894  length=1 from=390 to=390
 00                                               .
--
> 2024/08/19 01:22:01.924994  length=4 from=391 to=394
 80 ff 00 00                                      ....
--
