13:10:06:641	> BTP_CORE_CMD_REGISTER_SERVICE (0x00|0x03|0xff)
                  raw data (1): 00 03 ff 01 00 01
13:10:06:668	< BTP_CORE_CMD_REGISTER_SERVICE (0x00|0x03|0xff)
                  raw data (0): 00 03 ff 00 00
13:10:06:669	> BTP_GAP_CMD_READ_SUPPORTED_COMMANDS (0x01|0x01|0xff)
                  raw data (0): 01 01 ff 00 00
13:10:06:685	< BTP_GAP_CMD_READ_SUPPORTED_COMMANDS (0x01|0x01|0xff)
                  raw data (6): 01 01 ff 06 00 6e ff 7f 1f 7e 04
13:10:06:691	> BTP_CORE_CMD_REGISTER_SERVICE (0x00|0x03|0xff)
                  raw data (4): 00 03 ff 01 00 04
13:10:06:723	< BTP_CORE_CMD_REGISTER_SERVICE (0x00|0x03|0xff)
                  raw data (0): 00 03 ff 00 00
13:10:06:734	> BTP_MESH_CMD_READ_SUPPORTED_COMMANDS (0x04|0x01|0xff)
                  raw data (0): 04 01 ff 00 00
13:10:06:786	< BTP_MESH_CMD_READ_SUPPORTED_COMMANDS (0x04|0x01|0xff)
                  raw data (16): 
                  04 01 ff 10 00 fe ff 7f ff ff ff ff ff ff ff ff 
                  fe ff f1 87 01
13:10:06:787	> BTP_MESH_CMD_INIT (0x04|0x04|0x00)
                  raw data (1): 04 04 00 01 00 00
13:10:07:243	< BTP_MESH_CMD_INIT (0x04|0x04|0x00)
                  raw data (0): 04 04 00 00 00
13:10:07:246	> BTP_CORE_CMD_REGISTER_SERVICE (0x00|0x03|0xff)
                  raw data (5): 00 03 ff 01 00 05
13:10:07:262	< BTP_CORE_CMD_REGISTER_SERVICE (0x00|0x03|0xff)
                  raw data (0): 00 03 ff 00 00
13:10:07:263	> BTP_MMDL_CMD_READ_SUPPORTED_COMMANDS (0x05|0x01|0xff)
                  raw data (0): 05 01 ff 00 00
13:10:07:331	<- Response:  BTP_ERROR (0x05|0x00|0xff)
                  raw data (1): 05 00 ff 01 00 02 Unknown Command
13:10:07:331	> BTP_GAP_CMD_READ_CONTROLLER_INFO (0x01|0x03|0x00)
                  raw data (0): 01 03 00 00 00
13:10:07:373	< BTP_GAP_CMD_READ_CONTROLLER_INFO (0x01|0x03|0x00)
                  raw data (277): 
                  01 03 00 15 01 00 00 00 00 00 00 13 06 02 00 13 
                  02 00 00 00 00 00 62 74 70 5f 74 65 73 74 65 72 
                  00 00 00 00 00 00 00 00 00 00 00 00 00 00 00 00 
                  00 00 00 00 00 00 00 00 00 00 00 00 00 00 00 00 
                  00 00 00 00 00 00 00 00 00 00 00 00 00 00 00 00 
                  00 00 00 00 00 00 00 00 00 00 00 00 00 00 00 00 
                  00 00 00 00 00 00 00 00 00 00 00 00 00 00 00 00 
                  00 00 00 00 00 00 00 00 00 00 00 00 00 00 00 00 
                  00 00 00 00 00 00 00 00 00 00 00 00 00 00 00 00 
                  00 00 00 00 00 00 00 00 00 00 00 00 00 00 00 00 
                  00 00 00 00 00 00 00 00 00 00 00 00 00 00 00 00 
                  00 00 00 00 00 00 00 00 00 00 00 00 00 00 00 00 
                  00 00 00 00 00 00 00 00 00 00 00 00 00 00 00 00 
                  00 00 00 00 00 00 00 00 00 00 00 00 00 00 00 00 
                  00 00 00 00 00 00 00 00 00 00 00 00 00 00 00 00 
                  00 00 00 00 00 00 00 00 00 00 00 00 00 00 00 00 
                  00 00 00 00 00 00 00 00 00 00 00 00 00 00 00 00 
                  00 00 00 00 00 00 00 00 00 00
13:10:31:405	> BTP_MESH_CMD_CONFIG_PROVISIONING (0x04|0x02|0x00)
                  raw data (56): 
                  04 02 00 38 00 a0 21 5c 59 65 06 4d b1 af fd 8c 
                  5d 81 df 84 6c 00 00 00 00 00 00 00 00 00 00 00 
                  00 00 00 00 00 00 00 00 00 00 00 00 00 00 00 00 
                  00 00 00 00 00 10 02 18 00 00 00 00 00
13:10:31:437	< BTP_MESH_CMD_CONFIG_PROVISIONING (0x04|0x02|0x00)
                  raw data (0): 04 02 00 00 00
13:10:31:437	> BTP_MESH_CMD_START (0x04|0x78|0x00)
                  raw data (0): 04 78 00 00 00
13:10:31:640	< BTP_MESH_EV_PROVISIONED (0x04|0x83|0x00)
                  raw data (0): 04 83 00 00 00
13:10:31:708	< BTP_MESH_CMD_START (0x04|0x78|0x00)
                  raw data (0): 04 78 00 00 00
13:10:31:718	> BTP_MESH_CMD_RESET (0x04|0x05|0x00)
                  raw data (0): 04 05 00 00 00
13:10:32:689	< BTP_MESH_CMD_RESET (0x04|0x05|0x00)
                  raw data (0): 04 05 00 00 00
13:10:32:706	< BTP_MESH_EV_PROV_LINK_OPEN (0x04|0x84|0x00)
                  raw data (1): 04 84 00 01 00 00
13:10:34:827	< BTP_MESH_EV_PROVISIONED (0x04|0x83|0x00)
                  raw data (0): 04 83 00 00 00
13:10:36:566	< BTP_MESH_EV_PROV_LINK_CLOSED (0x04|0x85|0x00)
                  raw data (1): 04 85 00 01 00 00
13:10:37:252	< BTP_MESH_EV_NET_RECV (0x04|0x86|0x00)
                  raw data (22): 
                  04 86 00 16 00 03 00 01 00 02 00 0f 80 80 00 00 
                  8a a0 21 7f 2d 8e 13 d7 3c 4e 40
13:10:37:254	< BTP_MESH_EV_MODEL_RECV (0x04|0x8f|0x00)
                  raw data (8): 04 8f 00 08 00 01 00 02 00 03 80 08 7f
13:10:37:893	< BTP_MESH_EV_NET_RECV (0x04|0x86|0x00)
                  raw data (22): 
                  04 86 00 16 00 03 00 01 00 02 00 0f 80 80 04 00 
                  8f 33 b6 64 40 b0 17 96 45 dc 1d
13:10:37:896	< BTP_MESH_EV_MODEL_RECV (0x04|0x8f|0x00)
                  raw data (8): 04 8f 00 08 00 01 00 02 00 03 80 08 01
13:10:38:187	< BTP_MESH_EV_NET_RECV (0x04|0x86|0x00)
                  raw data (14): 
                  04 86 00 0e 00 07 01 01 00 02 00 07 00 00 0c 00 
                  00 00 0f
13:10:38:321	< BTP_MESH_EV_NET_RECV (0x04|0x86|0x00)
                  raw data (22): 
                  04 86 00 16 00 03 00 01 00 02 00 0f 80 80 10 00 
                  98 d2 ca 94 c8 73 fd fe a3 0b 13
13:10:38:324	< BTP_MESH_EV_MODEL_RECV (0x04|0x8f|0x00)
                  raw data (8): 04 8f 00 08 00 01 00 02 00 03 80 08 00
13:10:38:804	< BTP_MESH_EV_NET_RECV (0x04|0x86|0x00)
                  raw data (14): 
                  04 86 00 0e 00 07 01 01 00 02 00 07 00 00 20 00 
                  00 00 7f
13:10:38:955	< BTP_MESH_EV_NET_RECV (0x04|0x86|0x00)
                  raw data (23): 
                  04 86 00 17 00 03 00 01 00 02 00 10 80 00 18 01 
                  c1 68 87 92 97 24 d9 53 27 74 59 bf
13:10:38:994	< BTP_MESH_EV_NET_RECV (0x04|0x86|0x00)
                  raw data (23): 
                  04 86 00 17 00 03 00 01 00 02 00 10 80 00 18 21 
                  74 46 b2 8a 75 73 a2 c4 b5 43 fe 54
13:10:38:998	< BTP_MESH_EV_MODEL_RECV (0x04|0x8f|0x00)
                  raw data (25): 
                  04 8f 00 19 00 01 00 02 00 14 00 00 00 00 60 51 
                  09 2c fb 5c 0d 7c 88 78 31 e8 73 81 bd c1
13:10:39:170	< BTP_MESH_EV_NET_RECV (0x04|0x86|0x00)
                  raw data (23): 
                  04 86 00 17 00 03 00 01 00 02 00 10 80 00 20 00 
                  31 48 b2 5e 00 fe 17 5b 26 90 8d 9f
13:10:39:172	< BTP_MESH_EV_MODEL_RECV (0x04|0x8f|0x00)
                  raw data (13): 
                  04 8f 00 0d 00 01 00 02 00 08 80 3d 02 00 00 00 
                  02 00
13:10:39:293	< BTP_MESH_EV_NET_RECV (0x04|0x86|0x00)
                  raw data (23): 
                  04 86 00 17 00 03 00 01 00 02 00 10 80 00 24 00 
                  23 1f 33 b0 56 aa 2e 3b 75 5d 44 a3
13:10:39:296	< BTP_MESH_EV_MODEL_RECV (0x04|0x8f|0x00)
                  raw data (13): 
                  04 8f 00 0d 00 01 00 02 00 08 80 3d 02 00 00 00 
                  03 00
13:10:39:419	< BTP_MESH_EV_NET_RECV (0x04|0x86|0x00)
                  raw data (23): 
                  04 86 00 17 00 03 00 01 00 02 00 10 80 00 28 00 
                  ff ce 81 0a d9 48 f7 f3 da 85 64 2e
13:10:39:421	< BTP_MESH_EV_MODEL_RECV (0x04|0x8f|0x00)
                  raw data (13): 
                  04 8f 00 0d 00 01 00 02 00 08 80 3d 02 00 00 00 
                  14 00
13:10:39:559	< BTP_MESH_EV_NET_RECV (0x04|0x86|0x00)
                  raw data (23): 
                  04 86 00 17 00 03 00 01 00 02 00 10 80 00 2c 00 
                  c2 d0 0c 73 31 ea 35 9c a1 20 e6 ab
13:10:39:562	< BTP_MESH_EV_MODEL_RECV (0x04|0x8f|0x00)
                  raw data (13): 
                  04 8f 00 0d 00 01 00 02 00 08 80 3d 03 00 00 00 
                  01 14
13:10:39:684	< BTP_MESH_EV_NET_RECV (0x04|0x86|0x00)
                  raw data (23): 
                  04 86 00 17 00 03 00 01 00 02 00 10 80 00 30 00 
                  d2 a7 3b ca cd df 85 d0 54 c3 d5 27
13:10:39:687	< BTP_MESH_EV_MODEL_RECV (0x04|0x8f|0x00)
                  raw data (13): 
                  04 8f 00 0d 00 01 00 02 00 08 80 3d 03 00 00 00 
                  03 14
13:10:39:809	< BTP_MESH_EV_NET_RECV (0x04|0x86|0x00)
                  raw data (23): 
                  04 86 00 17 00 03 00 01 00 02 00 10 80 00 34 00 
                  37 73 b8 14 98 d7 46 36 9d ee c8 c9
13:10:39:811	< BTP_MESH_EV_MODEL_RECV (0x04|0x8f|0x00)
                  raw data (13): 
                  04 8f 00 0d 00 01 00 02 00 08 80 3d 03 00 00 00 
                  00 14
13:10:40:449	< BTP_MESH_EV_NET_RECV (0x04|0x86|0x00)
                  raw data (23): 
                  04 86 00 17 00 03 00 01 00 02 00 10 80 00 38 00 
                  03 63 cd f3 3a 1e 32 25 66 65 75 09
13:10:40:452	< BTP_MESH_EV_MODEL_RECV (0x04|0x8f|0x00)
                  raw data (13): 
                  04 8f 00 0d 00 01 00 02 00 08 80 3d 03 00 00 00 
                  04 14
13:10:40:573	< BTP_MESH_EV_NET_RECV (0x04|0x86|0x00)
                  raw data (23): 
                  04 86 00 17 00 03 00 01 00 02 00 10 80 00 40 00 
                  62 bf fe 11 bc 53 e3 4f 6c 75 20 39
13:10:40:576	< BTP_MESH_EV_MODEL_RECV (0x04|0x8f|0x00)
                  raw data (13): 
                  04 8f 00 0d 00 01 00 02 00 08 80 3d 04 00 00 00 
                  01 14
13:10:41:772	< BTP_MESH_EV_NET_RECV (0x04|0x86|0x00)
                  raw data (21): 
                  04 86 00 15 00 03 00 01 00 03 00 0e e1 80 44 00 
                  15 28 1f 88 3f d6 1c 15 5a 14
13:10:41:774	< BTP_MESH_EV_MODEL_RECV (0x04|0x8f|0x00)
                  raw data (7): 04 8f 00 07 00 01 00 03 00 02 83 18
13:10:41:896	< BTP_MESH_EV_NET_RECV (0x04|0x86|0x00)
                  raw data (21): 
                  04 86 00 15 00 03 00 01 00 03 00 0e e1 80 48 00 
                  1e 3d 19 c6 73 fa 22 27 c9 7f
13:10:41:898	< BTP_MESH_EV_MODEL_RECV (0x04|0x8f|0x00)
                  raw data (7): 04 8f 00 07 00 01 00 03 00 02 83 12
13:10:42:021	< BTP_MESH_EV_NET_RECV (0x04|0x86|0x00)
                  raw data (21): 
                  04 86 00 15 00 03 00 01 00 03 00 0e e1 80 4c 00 
                  63 45 3d 8a 82 15 99 2c 6b 28
13:10:42:023	< BTP_MESH_EV_MODEL_RECV (0x04|0x8f|0x00)
                  raw data (7): 04 8f 00 07 00 01 00 03 00 02 83 21
13:10:42:161	< BTP_MESH_EV_NET_RECV (0x04|0x86|0x00)
                  raw data (21): 
                  04 86 00 15 00 03 00 01 00 03 00 0e e1 80 50 00 
                  5f 92 3e 28 09 df f2 ae 3f f9
13:10:42:164	< BTP_MESH_EV_MODEL_RECV (0x04|0x8f|0x00)
                  raw data (7): 04 8f 00 07 00 01 00 03 00 02 83 26
13:10:42:286	< BTP_MESH_EV_NET_RECV (0x04|0x86|0x00)
                  raw data (23): 
                  04 86 00 17 00 03 00 01 00 03 00 10 e1 00 54 02 
                  e1 b3 2b 44 3e f6 9a 5a 3a 44 be 9d
13:10:42:342	< BTP_MESH_EV_NET_RECV (0x04|0x86|0x00)
                  raw data (23): 
                  04 86 00 17 00 03 00 01 00 03 00 10 e1 00 54 22 
                  35 f5 76 f7 5a ab c5 c5 d1 b7 99 6c
13:10:42:381	< BTP_MESH_EV_NET_RECV (0x04|0x86|0x00)
                  raw data (21): 
                  04 86 00 15 00 03 00 01 00 03 00 0e e1 00 54 42 
                  a8 e5 90 b0 34 e1 a2 85 da c1
13:10:42:385	< BTP_MESH_EV_MODEL_RECV (0x04|0x8f|0x00)
                  raw data (35): 
                  04 8f 00 23 00 01 00 03 00 1e 83 1f 07 06 00 29 
                  51 eb 39 a4 75 78 75 50 00 00 00 08 11 00 00 00 
                  00 00 00 11 11 00 00 11
13:10:42:522	< BTP_MESH_EV_NET_RECV (0x04|0x86|0x00)
                  raw data (21): 
                  04 86 00 15 00 03 00 01 00 03 00 0e e1 80 60 00 
                  03 20 49 9f a0 77 24 32 87 ee
13:10:42:524	< BTP_MESH_EV_MODEL_RECV (0x04|0x8f|0x00)
                  raw data (7): 04 8f 00 07 00 01 00 03 00 02 83 06
13:10:42:685	< BTP_MESH_EV_NET_RECV (0x04|0x86|0x00)
                  raw data (14): 
                  04 86 00 0e 00 07 01 01 00 03 00 07 00 00 b0 00 
                  00 00 03
13:10:42:830	< BTP_MESH_EV_NET_RECV (0x04|0x86|0x00)
                  raw data (21): 
                  04 86 00 15 00 03 00 01 00 03 00 0e e1 80 68 00 
                  2e 97 7f 10 f8 16 b9 20 14 55
13:10:42:833	< BTP_MESH_EV_MODEL_RECV (0x04|0x8f|0x00)
                  raw data (7): 04 8f 00 07 00 01 00 03 00 02 83 00
13:10:42:989	< BTP_MESH_EV_NET_RECV (0x04|0x86|0x00)
                  raw data (14): 
                  04 86 00 0e 00 07 01 01 00 03 00 07 00 00 bc 00 
                  00 00 03
13:10:43:140	< BTP_MESH_EV_NET_RECV (0x04|0x86|0x00)
                  raw data (23): 
                  04 86 00 17 00 03 00 01 00 03 00 10 e1 00 70 01 
                  34 82 94 ce 42 16 4a 06 33 ea 5d 79
13:10:43:180	< BTP_MESH_EV_NET_RECV (0x04|0x86|0x00)
                  raw data (21): 
                  04 86 00 15 00 03 00 01 00 03 00 0e e1 00 70 21 
                  a5 fc ac 23 d3 77 de bb e6 f6
13:10:43:183	< BTP_MESH_EV_MODEL_RECV (0x04|0x8f|0x00)
                  raw data (23): 
                  04 8f 00 17 00 01 00 03 00 12 83 01 40 29 51 eb 
                  39 a4 75 78 75 50 00 00 00 08 ff ff
13:10:43:404	< BTP_MESH_EV_NET_RECV (0x04|0x86|0x00)
                  raw data (14): 
                  04 86 00 0e 00 07 01 01 00 03 00 07 00 00 c8 00 
                  00 00 07
13:10:43:556	< BTP_MESH_EV_NET_RECV (0x04|0x86|0x00)
                  raw data (21): 
                  04 86 00 15 00 03 00 01 00 03 00 0e e1 00 7c 00 
                  0c 34 48 20 cd 10 c9 39 15 88
13:10:43:559	< BTP_MESH_EV_MODEL_RECV (0x04|0x8f|0x00)
                  raw data (11): 04 8f 00 0b 00 01 00 03 00 06 83 04 00 00 84 00
13:10:44:196	< BTP_MESH_EV_NET_RECV (0x04|0x86|0x00)
                  raw data (21): 
                  04 86 00 15 00 03 00 01 00 03 00 0e e1 80 80 00 
                  10 54 47 8d da 48 85 d8 65 05
13:10:44:200	< BTP_MESH_EV_MODEL_RECV (0x04|0x8f|0x00)
                  raw data (7): 04 8f 00 07 00 01 00 03 00 02 83 00
13:10:44:405	< BTP_MESH_EV_NET_RECV (0x04|0x86|0x00)
                  raw data (14): 
                  04 86 00 0e 00 07 01 01 00 03 00 07 00 00 e0 00 
                  00 00 07
13:10:44:557	< BTP_MESH_EV_NET_RECV (0x04|0x86|0x00)
                  raw data (23): 
                  04 86 00 17 00 03 00 01 00 03 00 10 e1 80 8c 07 
                  7f 34 db 8a f5 7a 54 01 29 2b d6 ab
13:10:44:597	< BTP_MESH_EV_NET_RECV (0x04|0x86|0x00)
                  raw data (23): 
                  04 86 00 17 00 03 00 01 00 03 00 10 e1 80 8c 27 
                  6f 2f a4 3d 1c f3 e6 5e 03 41 05 fe
13:10:44:651	< BTP_MESH_EV_NET_RECV (0x04|0x86|0x00)
                  raw data (23): 
                  04 86 00 17 00 03 00 01 00 03 00 10 e1 80 8c 47 
                  88 7b c2 af 2d e5 57 88 bc 8b 34 9e
13:10:44:691	< BTP_MESH_EV_NET_RECV (0x04|0x86|0x00)
                  raw data (23): 
                  04 86 00 17 00 03 00 01 00 03 00 10 e1 80 8c 67 
                  db 8a 3c 02 16 b8 f6 1d e7 5e c2 d7
13:10:44:748	< BTP_MESH_EV_NET_RECV (0x04|0x86|0x00)
                  raw data (23): 
                  04 86 00 17 00 03 00 01 00 03 00 10 e1 80 8c 87 
                  82 64 5e a2 37 5f 87 e4 0c e9 bf cb
13:10:44:787	< BTP_MESH_EV_NET_RECV (0x04|0x86|0x00)
                  raw data (23): 
                  04 86 00 17 00 03 00 01 00 03 00 10 e1 80 8c a7 
                  fa 2c ed 5d a4 24 70 72 9f 92 ec 45
13:10:44:842	< BTP_MESH_EV_NET_RECV (0x04|0x86|0x00)
                  raw data (23): 
                  04 86 00 17 00 03 00 01 00 03 00 10 e1 80 8c c7 
                  dd 0f 53 70 7f f2 9d 53 f1 02 6a 76
13:10:44:880	< BTP_MESH_EV_NET_RECV (0x04|0x86|0x00)
                  raw data (18): 
                  04 86 00 12 00 03 00 01 00 03 00 0b e1 80 8c e7 
                  74 5d 17 e5 c8 e1 ca
13:10:44:890	< BTP_MESH_EV_MODEL_RECV (0x04|0x8f|0x00)
                  raw data (88): 
                  04 8f 00 58 00 01 00 03 00 53 66 00 00 31 31 31 
                  31 31 31 31 31 31 31 31 31 31 31 31 31 31 31 31 
                  31 31 31 31 31 31 31 31 31 31 31 31 31 31 31 31 
                  31 31 31 31 31 31 31 31 31 31 31 31 31 31 31 31 
                  31 31 31 31 31 31 31 31 31 31 31 31 31 31 31 31 
                  31 31 31 31 31 31 31 31 31 31 31 31 31
13:10:45:488	< BTP_MESH_EV_NET_RECV (0x04|0x86|0x00)
                  raw data (21): 
                  04 86 00 15 00 03 00 01 00 03 00 0e e1 80 ac 00 
                  25 52 87 6b 37 fc ef 97 a5 c5
13:10:45:489	< BTP_MESH_EV_MODEL_RECV (0x04|0x8f|0x00)
                  raw data (7): 04 8f 00 07 00 01 00 03 00 02 83 05
13:10:45:612	< BTP_MESH_EV_NET_RECV (0x04|0x86|0x00)
                  raw data (21): 
                  04 86 00 15 00 03 00 01 00 03 00 0e e1 80 b4 00 
                  fe 8c 16 14 75 2e 1e d5 30 32
13:10:45:614	< BTP_MESH_EV_MODEL_RECV (0x04|0x8f|0x00)
                  raw data (7): 04 8f 00 07 00 01 00 03 00 02 83 00
13:10:45:837	< BTP_MESH_EV_NET_RECV (0x04|0x86|0x00)
                  raw data (14): 
                  04 86 00 0e 00 07 01 01 00 03 00 07 00 00 fc 00 
                  00 00 07
13:10:45:990	< BTP_MESH_EV_NET_RECV (0x04|0x86|0x00)
                  raw data (21): 
                  04 86 00 15 00 03 00 01 00 03 00 0e e1 80 bc 00 
                  c2 3c 2f b2 86 33 27 7a 46 e4
13:10:45:992	< BTP_MESH_EV_MODEL_RECV (0x04|0x8f|0x00)
                  raw data (7): 04 8f 00 07 00 01 00 03 00 02 83 1e
13:10:46:113	< BTP_MESH_EV_NET_RECV (0x04|0x86|0x00)
                  raw data (20): 
                  04 86 00 14 00 03 00 01 00 03 00 0d e1 00 c0 00 
                  8b 04 bc bc 57 a7 b1 01 a6
13:10:46:116	< BTP_MESH_EV_MODEL_RECV (0x04|0x8f|0x00)
                  raw data (10): 04 8f 00 0a 00 01 00 03 00 05 83 11 64 00 00
13:10:46:237	< BTP_MESH_EV_NET_RECV (0x04|0x86|0x00)
                  raw data (23): 
                  04 86 00 17 00 03 00 01 00 03 00 10 e1 80 c4 01 
                  a7 26 d9 7b 00 a2 a2 b6 27 49 1f 22
13:10:46:292	< BTP_MESH_EV_NET_RECV (0x04|0x86|0x00)
                  raw data (19): 
                  04 86 00 13 00 03 00 01 00 03 00 0c e1 80 c4 21 
                  62 41 5e a8 ff b8 de 5a
13:10:46:296	< BTP_MESH_EV_MODEL_RECV (0x04|0x8f|0x00)
                  raw data (17): 
                  04 8f 00 11 00 01 00 03 00 0c 83 19 00 00 ff 06 
                  00 01 00 00 00 00
13:10:46:570	< BTP_MESH_EV_NET_RECV (0x04|0x86|0x00)
                  raw data (14): 
                  04 86 00 0e 00 07 01 01 00 03 00 07 00 01 20 00 
                  00 00 03
13:10:46:858	< BTP_MESH_EV_NET_RECV (0x04|0x86|0x00)
                  raw data (14): 
                  04 86 00 0e 00 07 01 64 00 03 00 07 00 01 1c 00 
                  00 00 07
13:10:47:184	< BTP_MESH_EV_NET_RECV (0x04|0x86|0x00)
                  raw data (23): 
                  04 86 00 17 00 03 00 64 00 03 00 10 e1 80 d4 21 
                  eb 55 a5 52 08 75 0e 68 1f 49 52 d0
13:10:47:309	< BTP_MESH_EV_NET_RECV (0x04|0x86|0x00)
                  raw data (23): 
                  04 86 00 17 00 03 00 64 00 03 00 10 e1 80 d4 01 
                  28 e2 37 b5 87 ed 99 6e 17 58 7c 5f
13:10:47:312	< BTP_MESH_EV_MODEL_RECV (0x04|0x8f|0x00)
                  raw data (21): 
                  04 8f 00 15 00 64 00 03 00 10 83 10 40 ff 00 06 
                  00 73 de 54 50 80 8f 1f 14 00
13:10:47:552	< BTP_MESH_EV_NET_RECV (0x04|0x86|0x00)
                  raw data (23): 
                  04 86 00 17 00 03 00 64 00 03 00 10 e1 80 e0 01 
                  1e 74 dc f3 95 ba f3 f7 d1 77 a4 bb
13:10:47:685	< BTP_MESH_EV_NET_RECV (0x04|0x86|0x00)
                  raw data (22): 
                  04 86 00 16 00 03 00 64 00 03 00 0f e1 80 e0 21 
                  de 46 bb 26 d0 36 0b 0d 5a 39 62
13:10:47:686	< BTP_MESH_EV_MODEL_RECV (0x04|0x8f|0x00)
                  raw data (20): 
                  04 8f 00 14 00 64 00 03 00 0f 83 07 06 16 23 00 
                  23 00 ff ff 00 00 ff 00 01
13:10:47:855	< BTP_MESH_EV_NET_RECV (0x04|0x86|0x00)
                  raw data (14): 
                  04 86 00 0e 00 07 01 64 00 03 00 07 00 01 44 00 
                  00 00 03
13:10:48:199	< BTP_MESH_EV_NET_RECV (0x04|0x86|0x00)
                  raw data (23): 
                  04 86 00 17 00 03 00 64 00 03 00 10 e1 00 f0 21 
                  6b 97 55 83 a2 58 0e d9 e1 c9 8f 6e
13:10:48:341	< BTP_MESH_EV_NET_RECV (0x04|0x86|0x00)
                  raw data (23): 
                  04 86 00 17 00 03 00 64 00 03 00 10 e1 00 f0 01 
                  09 8e 31 fe 42 ce 9f f5 63 b7 1d 61
13:10:48:345	< BTP_MESH_EV_MODEL_RECV (0x04|0x8f|0x00)
                  raw data (25): 
                  04 8f 00 19 00 64 00 03 00 14 83 03 40 02 73 de 
                  54 50 80 8f 1f 14 50 00 00 00 0a 60 00 01
13:10:48:583	< BTP_MESH_EV_NET_RECV (0x04|0x86|0x00)
                  raw data (21): 
                  04 86 00 15 00 03 00 64 00 03 00 0e e1 00 fc 00 
                  26 00 21 da db 2c fa d8 13 44
13:10:48:586	< BTP_MESH_EV_MODEL_RECV (0x04|0x8f|0x00)
                  raw data (11): 04 8f 00 0b 00 64 00 03 00 06 67 00 00 00 23 00
13:10:48:861	< BTP_MESH_EV_NET_RECV (0x04|0x86|0x00)
                  raw data (14): 
                  04 86 00 0e 00 07 01 64 00 03 00 07 00 01 5c 00 
                  00 00 0f
13:10:49:131	< BTP_MESH_EV_NET_RECV (0x04|0x86|0x00)
                  raw data (14): 
                  04 86 00 0e 00 07 01 64 00 03 00 07 00 01 6c 00 
                  00 00 0f
13:10:49:418	< BTP_MESH_EV_NET_RECV (0x04|0x86|0x00)
                  raw data (14): 
                  04 86 00 0e 00 07 01 64 00 03 00 07 00 01 7c 00 
                  00 00 03
13:10:49:876	< BTP_MESH_EV_NET_RECV (0x04|0x86|0x00)
                  raw data (21): 
                  04 86 00 15 00 03 00 64 00 03 00 0e e1 01 0c 00 
                  22 74 14 d5 94 74 b7 52 c7 fd
13:10:49:880	< BTP_MESH_EV_MODEL_RECV (0x04|0x8f|0x00)
                  raw data (11): 04 8f 00 0b 00 64 00 03 00 06 67 40 00 00 23 00
13:10:50:119	< BTP_MESH_EV_NET_RECV (0x04|0x86|0x00)
                  raw data (23): 
                  04 86 00 17 00 03 00 64 00 03 00 10 e1 01 10 01 
                  a9 09 c5 e4 63 b6 65 51 8e 89 68 90
13:10:50:160	< BTP_MESH_EV_NET_RECV (0x04|0x86|0x00)
                  raw data (23): 
                  04 86 00 17 00 03 00 64 00 03 00 10 e1 01 10 21 
                  2f b7 62 36 3b 6f 1c e6 cd 65 35 0f
13:10:50:162	< BTP_MESH_EV_MODEL_RECV (0x04|0x8f|0x00)
                  raw data (25): 
                  04 8f 00 19 00 64 00 03 00 14 83 03 40 04 73 de 
                  54 50 80 8f 1f 14 50 00 00 00 0a 60 00 00
13:10:50:420	< BTP_MESH_EV_NET_RECV (0x04|0x86|0x00)
                  raw data (23): 
                  04 86 00 17 00 03 00 64 00 03 00 10 e1 81 18 01 
                  6c 5c 24 8d 79 a8 f5 a0 ee 84 2b 0c
13:10:50:476	< BTP_MESH_EV_NET_RECV (0x04|0x86|0x00)
                  raw data (23): 
                  04 86 00 17 00 03 00 64 00 03 00 10 e1 81 18 21 
                  78 23 2b 00 17 de 9e f4 3a 8e eb 08
13:10:50:479	< BTP_MESH_EV_MODEL_RECV (0x04|0x8f|0x00)
                  raw data (21): 
                  04 8f 00 15 00 64 00 03 00 10 83 10 60 ff 00 06 
                  00 73 de 54 50 80 8f 1f 14 00
13:11:11:561	< BTP_MESH_EV_NET_RECV (0x04|0x86|0x00)
                  raw data (23): 
                  04 86 00 17 00 03 00 64 00 03 00 10 e1 81 20 01 
                  f7 25 87 8f b7 b0 e2 6e 5d 21 17 46
13:11:11:616	< BTP_MESH_EV_NET_RECV (0x04|0x86|0x00)
                  raw data (23): 
                  04 86 00 17 00 03 00 64 00 03 00 10 e1 81 20 21 
                  ad 1e a7 fe a1 35 e6 b0 d2 f9 5f 1d
13:11:11:619	< BTP_MESH_EV_MODEL_RECV (0x04|0x8f|0x00)
                  raw data (21): 
                  04 8f 00 15 00 64 00 03 00 10 83 10 60 ff 00 06 
                  00 73 de 54 50 80 8f 1f 14 00
13:11:32:701	< BTP_MESH_EV_NET_RECV (0x04|0x86|0x00)
                  raw data (23): 
                  04 86 00 17 00 03 00 64 00 03 00 10 e1 81 28 01 
                  a3 6b 3b c5 bd 4f 16 cf 8c 64 43 a4
13:11:32:757	< BTP_MESH_EV_NET_RECV (0x04|0x86|0x00)
                  raw data (23): 
                  04 86 00 17 00 03 00 64 00 03 00 10 e1 81 28 21 
                  cf 77 8c 9e e8 40 03 28 33 cb 76 b3
13:11:32:761	< BTP_MESH_EV_MODEL_RECV (0x04|0x8f|0x00)
                  raw data (21): 
                  04 8f 00 15 00 64 00 03 00 10 83 10 60 ff 00 06 
                  00 73 de 54 50 80 8f 1f 14 00
13:11:53:860	< BTP_MESH_EV_NET_RECV (0x04|0x86|0x00)
                  raw data (23): 
                  04 86 00 17 00 03 00 64 00 03 00 10 e1 81 30 01 
                  dc 9b e4 3a b1 af c5 a5 29 8c b0 85
13:11:53:917	< BTP_MESH_EV_NET_RECV (0x04|0x86|0x00)
                  raw data (23): 
                  04 86 00 17 00 03 00 64 00 03 00 10 e1 81 30 21 
                  f5 17 6c 36 18 ed 97 71 07 7a b7 f3
13:11:53:920	< BTP_MESH_EV_MODEL_RECV (0x04|0x8f|0x00)
                  raw data (21): 
                  04 8f 00 15 00 64 00 03 00 10 83 10 80 ff 00 06 
                  00 73 de 54 50 80 8f 1f 14 00
13:11:53:989	< BTP_MESH_EV_NET_RECV (0x04|0x86|0x00)
                  raw data (21): 
                  04 86 00 15 00 03 00 01 00 03 00 0e e1 81 38 00 
                  a6 3c b3 f6 23 c8 71 e9 74 a5
13:11:53:992	< BTP_MESH_EV_MODEL_RECV (0x04|0x8f|0x00)
                  raw data (7): 04 8f 00 07 00 01 00 03 00 02 83 1c
13:11:54:215	< BTP_MESH_EV_NET_RECV (0x04|0x86|0x00)
                  raw data (23): 
                  04 86 00 17 00 03 00 64 00 03 00 10 e1 81 3c 01 
                  ef af 5e 9c 2e d7 50 cc c8 cb ad 77
13:11:54:288	< BTP_MESH_EV_NET_RECV (0x04|0x86|0x00)
                  raw data (23): 
                  04 86 00 17 00 03 00 64 00 03 00 10 e1 81 3c 21 
                  fd 85 1a a4 23 39 9a 63 d9 15 8e b2
13:11:54:292	< BTP_MESH_EV_MODEL_RECV (0x04|0x8f|0x00)
                  raw data (21): 
                  04 8f 00 15 00 64 00 03 00 10 83 10 c0 ff 00 06 
                  00 73 de 54 50 80 8f 1f 14 00
13:11:54:379	< BTP_MESH_EV_NET_RECV (0x04|0x86|0x00)
                  raw data (14): 
                  04 86 00 0e 00 07 01 01 00 03 00 07 00 01 bc 00 
                  00 00 03
13:11:54:479	< BTP_MESH_EV_NET_RECV (0x04|0x86|0x00)
                  raw data (23): 
                  04 86 00 17 00 03 00 64 00 03 00 10 e1 81 3c 01 
                  ef af 5e 9c 2e d7 50 cc c8 cb ad 77
13:11:54:517	< BTP_MESH_EV_NET_RECV (0x04|0x86|0x00)
                  raw data (23): 
                  04 86 00 17 00 03 00 64 00 03 00 10 e1 81 3c 21 
                  fd 85 1a a4 23 39 9a 63 d9 15 8e b2
13:11:54:623	< BTP_MESH_EV_NET_RECV (0x04|0x86|0x00)
                  raw data (21): 
                  04 86 00 15 00 03 00 01 00 03 00 0e e1 81 50 00 
                  2a a7 8c e0 ea d5 f9 03 4d fc
13:11:54:627	< BTP_MESH_EV_MODEL_RECV (0x04|0x8f|0x00)
                  raw data (7): 04 8f 00 07 00 01 00 03 00 02 83 1b
13:11:54:851	< BTP_MESH_EV_NET_RECV (0x04|0x86|0x00)
                  raw data (22): 
                  04 86 00 16 00 03 00 64 00 03 00 0f e1 81 54 00 
                  e4 69 52 fa 4b e8 88 64 9e ec a2
13:11:54:853	< BTP_MESH_EV_MODEL_RECV (0x04|0x8f|0x00)
                  raw data (8): 04 8f 00 08 00 64 00 03 00 03 83 10 00
13:11:54:923	< BTP_MESH_EV_NET_RECV (0x04|0x86|0x00)
                  raw data (14): 
                  04 86 00 0e 00 07 01 01 00 03 00 07 00 01 d4 00 
                  00 00 03
13:11:55:040	< BTP_MESH_EV_NET_RECV (0x04|0x86|0x00)
                  raw data (22): 
                  04 86 00 16 00 03 00 64 00 03 00 0f e1 81 54 00 
                  e4 69 52 fa 4b e8 88 64 9e ec a2
13:11:55:146	< BTP_MESH_EV_NET_RECV (0x04|0x86|0x00)
                  raw data (21): 
                  04 86 00 15 00 03 00 01 00 03 00 0e e1 81 60 00 
                  13 af af c9 8b 4d d5 50 3c 19
13:11:55:149	< BTP_MESH_EV_MODEL_RECV (0x04|0x8f|0x00)
                  raw data (7): 04 8f 00 07 00 01 00 03 00 02 83 1b
13:11:55:509	< BTP_MESH_EV_NET_RECV (0x04|0x86|0x00)
                  raw data (14): 
                  04 86 00 0e 00 07 01 01 00 03 00 07 00 01 d8 00 
                  00 00 01
13:12:04:093	< BTP_CORE_EV_IUT_READY (0x00|0x80|0xff)
                  raw data (0): 00 80 ff 00 00
