< 2024/07/20 00:31:49.690489  length=6 from=0 to=5
 00 03 ff 01 00 01                                ......
--
> 2024/07/20 00:31:49.699795  length=5 from=0 to=4
 00 03 ff 00 00                                   .....
--
< 2024/07/20 00:31:49.736514  length=5 from=6 to=10
 01 03 00 00 00                                   .....
--
> 2024/07/20 00:31:49.971820  length=6 from=5 to=10
 01 03 00 15 01 70                                .....p
--
> 2024/07/20 00:31:49.972758  length=11 from=11 to=21
 1f c4 76 e7 dc 13 06 02 00 13 82                 ..v........
--
> 2024/07/20 00:31:49.973797  length=11 from=22 to=32
 00 00 00 00 00 62 74 70 5f 74 65                 .....btp_te
--
> 2024/07/20 00:31:49.973878  length=2 from=33 to=34
 73 74                                            st
--
> 2024/07/20 00:31:49.974796  length=10 from=35 to=44
 65 72 00 00 00 00 00 00 00 00                    er........
--
> 2024/07/20 00:31:49.974875  length=2 from=45 to=46
 00 00                                            ..
--
> 2024/07/20 00:31:49.975770  length=10 from=47 to=56
 00 00 00 00 00 00 00 00 00 00                    ..........
--
> 2024/07/20 00:31:49.976757  length=12 from=57 to=68
 00 00 00 00 00 00 00 00 00 00 00 00              ............
--
> 2024/07/20 00:31:49.977812  length=11 from=69 to=79
 00 00 00 00 00 00 00 00 00 00 00                 ...........
--
> 2024/07/20 00:31:49.977893  length=1 from=80 to=80
 00                                               .
--
> 2024/07/20 00:31:49.978784  length=11 from=81 to=91
 00 00 00 00 00 00 00 00 00 00 00                 ...........
--
> 2024/07/20 00:31:49.979773  length=12 from=92 to=103
 00 00 00 00 00 00 00 00 00 00 00 00              ............
--
> 2024/07/20 00:31:49.980826  length=11 from=104 to=114
 00 00 00 00 00 00 00 00 00 00 00                 ...........
--
> 2024/07/20 00:31:49.980907  length=2 from=115 to=116
 00 00                                            ..
--
> 2024/07/20 00:31:49.981812  length=10 from=117 to=126
 00 00 00 00 00 00 00 00 00 00                    ..........
--
> 2024/07/20 00:31:49.981892  length=1 from=127 to=127
 00                                               .
--
> 2024/07/20 00:31:49.982784  length=11 from=128 to=138
 00 00 00 00 00 00 00 00 00 00 00                 ...........
--
> 2024/07/20 00:31:49.983771  length=11 from=139 to=149
 00 00 00 00 00 00 00 00 00 00 00                 ...........
--
> 2024/07/20 00:31:49.983852  length=2 from=150 to=151
 00 00                                            ..
--
> 2024/07/20 00:31:49.984793  length=10 from=152 to=161
 00 00 00 00 00 00 00 00 00 00                    ..........
--
> 2024/07/20 00:31:49.985802  length=12 from=162 to=173
 00 00 00 00 00 00 00 00 00 00 00 00              ............
--
> 2024/07/20 00:31:49.986795  length=11 from=174 to=184
 00 00 00 00 00 00 00 00 00 00 00                 ...........
--
> 2024/07/20 00:31:49.986876  length=1 from=185 to=185
 00                                               .
--
> 2024/07/20 00:31:49.987811  length=11 from=186 to=196
 00 00 00 00 00 00 00 00 00 00 00                 ...........
--
> 2024/07/20 00:31:49.987893  length=1 from=197 to=197
 00                                               .
--
> 2024/07/20 00:31:49.987945  length=1 from=198 to=198
 00                                               .
--
> 2024/07/20 00:31:49.988780  length=9 from=199 to=207
 00 00 00 00 00 00 00 00 00                       .........
--
> 2024/07/20 00:31:49.988886  length=2 from=208 to=209
 00 00                                            ..
--
> 2024/07/20 00:31:49.989776  length=10 from=210 to=219
 00 00 00 00 00 00 00 00 00 00                    ..........
--
> 2024/07/20 00:31:49.989855  length=1 from=220 to=220
 00                                               .
--
> 2024/07/20 00:31:49.990776  length=11 from=221 to=231
 00 00 00 00 00 00 00 00 00 00 00                 ...........
--
> 2024/07/20 00:31:49.991762  length=11 from=232 to=242
 00 00 00 00 00 00 00 00 00 00 00                 ...........
--
> 2024/07/20 00:31:49.991843  length=1 from=243 to=243
 00                                               .
--
> 2024/07/20 00:31:49.991903  length=1 from=244 to=244
 00                                               .
--
> 2024/07/20 00:31:49.992765  length=10 from=245 to=254
 00 00 00 00 00 00 00 00 00 00                    ..........
--
> 2024/07/20 00:31:49.992845  length=1 from=255 to=255
 00                                               .
--
> 2024/07/20 00:31:49.992897  length=1 from=256 to=256
 00                                               .
--
> 2024/07/20 00:31:49.993800  length=10 from=257 to=266
 00 00 00 00 00 00 00 00 00 00                    ..........
--
> 2024/07/20 00:31:49.994782  length=12 from=267 to=278
 00 00 00 00 00 00 00 00 00 00 00 00              ............
--
> 2024/07/20 00:31:49.995786  length=8 from=279 to=286
 00 00 00 00 00 00 00 00                          ........
--
< 2024/07/20 00:31:50.032343  length=6 from=11 to=16
 00 03 ff 01 00 02                                ......
--
> 2024/07/20 00:31:50.033797  length=5 from=287 to=291
 00 03 ff 00 00                                   .....
--
< 2024/07/20 00:31:50.045114  length=6 from=17 to=22
 00 03 ff 01 00 1d                                ......
--
> 2024/07/20 00:31:50.046781  length=5 from=292 to=296
 00 03 ff 00 00                                   .....
--
< 2024/07/20 00:31:50.088385  length=47 from=23 to=69
 1d 02 00 2a 00 01 ff 00 00 00 64 00 00 00 32 00  ...*......d...2.
 00 00 1c 4f 62 6a 65 63 74 20 31 20 77 69 74 68  ...Object 1 with
 20 76 65 72 79 20 6c 6f 6e 67 20 6e 61 6d 65      very long name
--
> 2024/07/20 00:31:50.093810  length=5 from=297 to=301
 1d 02 00 08 00                                   .....
--
> 2024/07/20 00:31:50.093930  length=1 from=302 to=302
 00                                               .
--
> 2024/07/20 00:31:50.093992  length=1 from=303 to=303
 01                                               .
--
> 2024/07/20 00:31:50.094817  length=6 from=304 to=309
 00 00 00 00 00 00                                ......
--
< 2024/07/20 00:31:57.155235  length=27 from=70 to=96
 01 0a                                            ..
 00 16 00 0f 00 09 0d 54 65 73 74 65 72 5f 31 43  .......Tester_1C
 32 38 44 46 ff ff ff ff 00                       28DF.....
--
> 2024/07/20 00:31:57.159870  length=5 from=310 to=314
 01 0a                                            ..
 00 04 00                                         ...
--
> 2024/07/20 00:31:57.159974  length=2 from=315 to=316
 13 86                                            ..
--
> 2024/07/20 00:31:57.160864  length=2 from=317 to=318
 00 00                                            ..
--
> 2024/07/20 00:31:57.790926  length=8 from=319 to=326
 01 82 00 0d 00 00 df 28                          .......(
--
> 2024/07/20 00:31:57.791056  length=1 from=327 to=327
 1c                                               .
--
> 2024/07/20 00:31:57.791925  length=10 from=328 to=337
 e8 07 c0 32 00 00 00 d0 07 01                    ...2......
--
> 2024/07/20 00:31:57.792904  length=8 from=338 to=345
 80 00 04 00 13 82 00 00                          ........
--
> 2024/07/20 00:32:00.896970  length=7 from=346 to=352
 01 89 00 08 00 00 df                             .......
--
> 2024/07/20 00:32:00.897939  length=6 from=353 to=358
 28 1c e8 07 c0 02                                (.....
--
> 2024/07/20 00:32:02.916991  length=8 from=359 to=366
 01 88 00 0d 00 00 df 28                          .......(
--
> 2024/07/20 00:32:02.917966  length=10 from=367 to=376
 1c e8 07 c0 32 00 00 00 d0 07                    ....2.....
--
> 2024/07/20 00:32:07.980036  length=8 from=377 to=384
 01 83 00 07 00 00 df 28                          .......(
--
> 2024/07/20 00:32:07.981016  length=4 from=385 to=388
 1c e8 07 c0                                      ....
--
> 2024/07/20 00:32:13.945115  length=2 from=389 to=390
 00 80                                            ..
--
> 2024/07/20 00:32:13.946143  length=3 from=391 to=393
 ff 00 00                                         ...
--
