*** Booting Zephyr OS build zephyr-v3.5.0-3460-g547ffdab6e16 ***
[00:00:00.253,326] <dbg> bttester: tester_init: Initializing tester
[00:00:07.289,489] <inf> bt_hci_core: HW Platform: Nordic Semiconductor (0x0002)
[00:00:07.289,550] <inf> bt_hci_core: HW Variant: nRF53x (0x0003)
[00:00:07.289,550] <inf> bt_hci_core: Firmware: Standard Bluetooth controller (0x00) Version 3.5 Build 99
[00:00:07.291,534] <inf> bt_hci_core: Identity: D7:B8:1B:0B:51:C3 (random)
[00:00:07.291,564] <inf> bt_hci_core: HCI: version 5.4 (0x0d) revision 0x0000, manufacturer 0x05f1
[00:00:07.291,595] <inf> bt_hci_core: LMP: version 5.4 (0x0d) subver 0xffff
[00:00:07.571,624] <dbg> bttester_gap: set_io_cap: io_cap: 0
[00:00:19.143,859] <dbg> bt_vcp_vol_ctlr: primary_discover_func: [ATTRIBUTE] handle 0x00A0
[00:00:19.143,890] <dbg> bt_vcp_vol_ctlr: primary_discover_func: Primary discover complete
[00:00:19.243,927] <dbg> bt_vcp_vol_ctlr: vcs_discover_func: [ATTRIBUTE] handle 0x00A3
[00:00:19.243,957] <dbg> bt_vcp_vol_ctlr: vcs_discover_func: Volume state
[00:00:19.244,049] <dbg> bt_vcp_vol_ctlr: vcs_discover_func: Subscribed to handle 0x00A3
[00:00:19.244,079] <dbg> bt_vcp_vol_ctlr: vcs_discover_func: [ATTRIBUTE] handle 0x00A6
[00:00:19.244,079] <dbg> bt_vcp_vol_ctlr: vcs_discover_func: Flags
[00:00:19.244,140] <dbg> bt_vcp_vol_ctlr: vcs_discover_func: Subscribed to handle 0x00A6
[00:00:19.244,171] <dbg> bt_vcp_vol_ctlr: vcs_discover_func: [ATTRIBUTE] handle 0x00A9
[00:00:19.244,171] <dbg> bt_vcp_vol_ctlr: vcs_discover_func: Control Point
[00:00:19.543,884] <dbg> bt_vcp_vol_ctlr: vcs_discover_func: Setup complete for vol_ctlr
[00:00:19.943,908] <dbg> bt_vcp_vol_ctlr: vcs_discover_include_func: [ATTRIBUTE] handle 0x00A1
[00:00:19.943,969] <dbg> bt_vcp_vol_ctlr: vcs_discover_include_func: Include UUID 1843
[00:00:20.693,878] <dbg> bt_vcp_vol_ctlr: vcs_discover_include_func: [ATTRIBUTE] handle 0x00A2
[00:00:20.693,939] <dbg> bt_vcp_vol_ctlr: vcs_discover_include_func: Include UUID 1845
[00:00:21.393,859] <dbg> bt_vcp_vol_ctlr: vcs_discover_include_func: Discover include complete for vol_ctlr: 1 AICS and 1 VOCS
[00:00:21.393,859] <dbg> bttester_vcp: vcp_vol_ctlr_discover_cb: Discovery done with 1 VOCS, 1 AICS
[00:00:23.524,719] <dbg> bttester_aics: aics_status_get: AICS Status
[00:00:23.594,970] <dbg> bttester_aics: aics_status_cb: AICS status callback (0)
