Applying system reset.
Run.
< 2021/08/07 03:51:33.017152  length=5 from=0 to=4
 00 80 ff 00 00                                   .....
--
> 2021/08/07 03:51:33.200126  length=6 from=0 to=5
 00 03 ff 01 00 01                                ......
--
< 2021/08/07 03:51:33.215823  length=5 from=5 to=9
 00 03 ff 00 00                                   .....
--
> 2021/08/07 03:51:33.330189  length=6 from=6 to=11
 00 03 ff 01 00 02                                ......
--
< 2021/08/07 03:51:33.350042  length=5 from=10 to=14
 00 03 ff 00 00                                   .....
--
> 2021/08/07 03:51:33.499920  length=5 from=12 to=16
 01 03 00 00 00                                   .....
--
< 2021/08/07 03:51:33.515624  length=132 from=15 to=146
 01 03 00 15 01 36 a7 20 ad 80 fc 13 06 00 00 13  .....6. ........
 82 00 00 00 00 00 62 74 70 5f 74 65 73 74 65 72  ......btp_tester
 00 00 00 00 00 00 00 00 00 00 00 00 00 00 00 00  ................
 00 00 00 00 00 00 00 00 00 00 00 00 00 00 00 00  ................
 00 00 00 00 00 00 00 00 00 00 00 00 00 00 00 00  ................
 00 00 00 00 00 00 00 00 00 00 00 00 00 00 00 00  ................
 00 00 00 00 00 00 00 00 00 00 00 00 00 00 00 00  ................
 00 00 00 00 00 00 00 00 00 00 00 00 00 00 00 00  ................
 00 00 00 00                                      ....
--
< 2021/08/07 03:51:33.516820  length=13 from=147 to=159
 00 00 00 00 00 00 00 00 00 00 00 00 00           .............
--
< 2021/08/07 03:51:33.517123  length=11 from=160 to=170
 00 00 00 00 00 00 00 00 00 00 00                 ...........
--
< 2021/08/07 03:51:33.531222  length=126 from=171 to=296
 00 00 00 00 00 00 00 00 00 00 00 00 00 00 00 00  ................
 00 00 00 00 00 00 00 00 00 00 00 00 00 00 00 00  ................
 00 00 00 00 00 00 00 00 00 00 00 00 00 00 00 00  ................
 00 00 00 00 00 00 00 00 00 00 00 00 00 00 00 00  ................
 00 00 00 00 00 00 00 00 00 00 00 00 00 00 00 00  ................
 00 00 00 00 00 00 00 00 00 00 00 00 00 00 00 00  ................
 00 00 00 00 00 00 00 00 00 00 00 00 00 00 00 00  ................
 00 00 00 00 00 00 00 00 00 00 00 00 00 00        ..............
--
> 2021/08/07 03:51:33.799494  length=6 from=17 to=22
 01 10 00 01 00 00                                ......
--
< 2021/08/07 03:51:33.815283  length=5 from=297 to=301
 01 10 00 00 00                                   .....
--
> 2021/08/07 03:51:39.983132  length=6 from=23 to=28
 01 08 00 01 00 01                                ......
--
< 2021/08/07 03:51:40.005944  length=9 from=302 to=310
 01 08 00 04 00 1b 82 00 00                       .........
--
> 2021/08/07 03:51:40.135973  length=27 from=29 to=55
 01 0a                                            ..
 00 16 00 0f 00 08 0d 54 65 73 74 65 72 5f 46 32  .......Tester_F2
 31 43 33 35 ff ff ff ff 00                       1C35.....
--
< 2021/08/07 03:51:40.155807  length=9 from=311 to=319
 01 0a                                            ..
 00 04 00 1b 86 00 00                             .......
--
< 2021/08/07 03:51:40.572773  length=18 from=320 to=337
 01 82 00 0d 00 00 76 e6 08 dc 1b 00 3c 00 00 00  ......v.....<...
 d0 07                                            ..
--
< 2021/08/07 03:51:46.622762  length=18 from=338 to=355
 01 88 00 0d 00 00 76 e6 08 dc 1b 00 28 00 00 00  ......v.....(...
 2a 00                                            *.
--
< 2021/08/07 03:54:47.625557  length=12 from=356 to=367
 01 83 00 07 00 00 76 e6 08 dc 1b 00              ......v.....
--
