*** Booting Zephyr OS build 4.1.99 ***
[00:00:00.253,234] <dbg> bttester: tester_init: Initializing tester
[00:00:06.002,258] <dbg> bttester: cmd_handler: cmd service 0x00 opcode 0x03 index 0xff
[00:00:06.028,045] <inf> bt_hci_core: HW Platform: Nordic Semiconductor (0x0002)
[00:00:06.028,076] <inf> bt_hci_core: HW Variant: nRF53x (0x0003)
[00:00:06.028,106] <inf> bt_hci_core: Firmware: Standard Bluetooth controller (0x00) Version 4.1 Build 99
[00:00:06.029,907] <inf> bt_hci_core: Identity: D7:B8:1B:0B:51:C3 (random)
[00:00:06.029,937] <inf> bt_hci_core: HCI: version 5.4 (0x0d) revision 0x0000, manufacturer 0x05f1
[00:00:06.029,968] <inf> bt_hci_core: LMP: version 5.4 (0x0d) subver 0xffff
[00:00:06.029,968] <dbg> bttester: tester_rsp_with_index: service 0x00 opcode 0x03 index 0xff status 0x00
[00:00:06.039,550] <dbg> bttester: cmd_handler: cmd service 0x01 opcode 0x03 index 0x00
[00:00:06.039,581] <wrn> bt_ecc: Callback already registered
[00:00:06.471,099] <dbg> bttester: cmd_handler: cmd service 0x00 opcode 0x03 index 0xff
[00:00:06.471,160] <dbg> bttester: tester_rsp_with_index: service 0x00 opcode 0x03 index 0xff status 0x00
[00:00:06.514,801] <dbg> bttester: cmd_handler: cmd service 0x01 opcode 0x08 index 0x00
[00:00:06.567,169] <dbg> bttester: cmd_handler: cmd service 0x00 opcode 0x03 index 0xff
[00:00:06.567,871] <dbg> bttester: tester_rsp_with_index: service 0x00 opcode 0x03 index 0xff status 0x00
[00:00:06.604,553] <dbg> bttester: cmd_handler: cmd service 0x00 opcode 0x03 index 0xff
[00:00:06.604,583] <dbg> bttester: tester_rsp_with_index: service 0x00 opcode 0x03 index 0xff status 0x00
[00:00:06.678,741] <dbg> bttester: cmd_handler: cmd service 0x00 opcode 0x03 index 0xff
[00:00:06.678,863] <dbg> bttester: tester_rsp_with_index: service 0x00 opcode 0x03 index 0xff status 0x00
[00:00:06.713,104] <dbg> bttester: cmd_handler: cmd service 0x01 opcode 0x21 index 0x00
[00:00:06.713,165] <dbg> bttester_gap: set_extended_advertising: ext adv settings: 1
[00:00:06.749,145] <dbg> bttester: cmd_handler: cmd service 0x01 opcode 0x0a index 0x00
[00:00:13.797,058] <dbg> bttester_gap: le_connected: C0:07:E8:1C:28:DF (public): 0x00
[00:00:13.797,088] <dbg> bttester: tester_event: service 0x01 opcode 0x82
[00:00:13.798,583] <dbg> bttester: tester_event: service 0x01 opcode 0x80
[00:00:13.799,438] <dbg> bttester_bap_unicast: connected: Connected: C0:07:E8:1C:28:DF (public)
[00:00:13.820,678] <dbg> bttester: cmd_handler: cmd service 0x01 opcode 0x0a index 0x00
[00:00:17.500,793] <dbg> bttester: tester_event: service 0x01 opcode 0x89
[00:00:18.918,975] <dbg> bttester: tester_event: service 0x01 opcode 0x88
[00:00:24.200,103] <dbg> bttester_bap_unicast: lc3_config: ASE Codec Config: ep 0x2000e15c dir 2
[00:00:24.200,134] <dbg> bttester_bap_unicast: print_codec_cfg: codec_cfg 0x06 cid 0x0000 vid 0x0000 count 16
[00:00:24.200,134] <dbg> bttester_bap_unicast: print_cb: data: type 0x01 value_len 1
[00:00:24.200,164] <dbg> bttester_bap_unicast: print_cb: 
                                               06                                               |.                
[00:00:24.200,195] <dbg> bttester_bap_unicast: print_cb: data: type 0x02 value_len 1
[00:00:24.200,225] <dbg> bttester_bap_unicast: print_cb: 
                                               00                                               |.                
[00:00:24.200,225] <dbg> bttester_bap_unicast: print_cb: data: type 0x03 value_len 4
[00:00:24.200,256] <dbg> bttester_bap_unicast: print_cb: 
                                               01 00 00 00                                      |....             
[00:00:24.200,286] <dbg> bttester_bap_unicast: print_cb: data: type 0x04 value_len 2
[00:00:24.200,286] <dbg> bttester_bap_unicast: print_cb: 
                                               3c 00                                            |<.               
[00:00:24.200,317] <dbg> bttester_bap_unicast: print_codec_cfg:   Frequency: 32000 Hz
[00:00:24.200,347] <dbg> bttester_bap_unicast: print_codec_cfg:   Channel allocation: 0x1
[00:00:24.200,378] <dbg> bttester_bap_unicast: print_codec_cfg:   Octets per frame: 60 (negative means value not pressent)
[00:00:24.200,378] <dbg> bttester_bap_unicast: print_codec_cfg:   Frames per SDU: 1
[00:00:24.200,408] <dbg> bttester_bap_unicast: lc3_config: ASE Codec Config stream 0x200126a8
[00:00:24.200,744] <dbg> bttester_bap_unicast: stream_configured: Configured stream 0x200126a8, ep 3, dir 2
[00:00:24.200,775] <dbg> bttester: tester_event: service 0x0d opcode 0x80
[00:00:24.359,558] <dbg> bttester_bap_unicast: lc3_reconfig: ASE Codec Reconfig: stream 0x200126a8
[00:00:24.359,588] <dbg> bttester_bap_unicast: print_codec_cfg: codec_cfg 0x06 cid 0x0000 vid 0x0000 count 16
[00:00:24.359,588] <dbg> bttester_bap_unicast: print_cb: data: type 0x01 value_len 1
[00:00:24.359,619] <dbg> bttester_bap_unicast: print_cb: 
                                               06                                               |.                
[00:00:24.359,649] <dbg> bttester_bap_unicast: print_cb: data: type 0x02 value_len 1
[00:00:24.359,680] <dbg> bttester_bap_unicast: print_cb: 
                                               00                                               |.                
[00:00:24.359,680] <dbg> bttester_bap_unicast: print_cb: data: type 0x03 value_len 4
[00:00:24.359,710] <dbg> bttester_bap_unicast: print_cb: 
                                               01 00 00 00                                      |....             
[00:00:24.359,741] <dbg> bttester_bap_unicast: print_cb: data: type 0x04 value_len 2
[00:00:24.359,741] <dbg> bttester_bap_unicast: print_cb: 
                                               3c 00                                            |<.               
[00:00:24.359,771] <dbg> bttester_bap_unicast: print_codec_cfg:   Frequency: 32000 Hz
[00:00:24.359,802] <dbg> bttester_bap_unicast: print_codec_cfg:   Channel allocation: 0x1
[00:00:24.359,832] <dbg> bttester_bap_unicast: print_codec_cfg:   Octets per frame: 60 (negative means value not pressent)
[00:00:24.359,832] <dbg> bttester_bap_unicast: print_codec_cfg:   Frames per SDU: 1
[00:00:24.360,168] <dbg> bttester_bap_unicast: stream_configured: Configured stream 0x200126a8, ep 3, dir 2
[00:00:24.360,168] <dbg> bttester: tester_event: service 0x0d opcode 0x80
[00:00:24.519,317] <dbg> bttester_bap_unicast: lc3_qos: QoS: stream 0x200126a8 qos 0x2002047c
[00:00:24.519,348] <dbg> bttester_bap_unicast: print_qos: QoS: interval 7500 framing 0x00 phy 0x02 sdu 60 rtn 2 latency 8 pd 25000
[00:00:24.519,744] <dbg> bttester_bap_unicast: stream_qos_set: QoS set stream 0x200126a8
[00:00:24.519,775] <dbg> bttester: tester_event: service 0x0d opcode 0x80
[00:00:24.679,565] <dbg> bttester_bap_unicast: lc3_reconfig: ASE Codec Reconfig: stream 0x200126a8
[00:00:24.679,565] <dbg> bttester_bap_unicast: print_codec_cfg: codec_cfg 0x06 cid 0x0000 vid 0x0000 count 16
[00:00:24.679,595] <dbg> bttester_bap_unicast: print_cb: data: type 0x01 value_len 1
[00:00:24.679,626] <dbg> bttester_bap_unicast: print_cb: 
                                               06                                               |.                
[00:00:24.679,626] <dbg> bttester_bap_unicast: print_cb: data: type 0x02 value_len 1
[00:00:24.679,656] <dbg> bttester_bap_unicast: print_cb: 
                                               00                                               |.                
[00:00:24.679,687] <dbg> bttester_bap_unicast: print_cb: data: type 0x03 value_len 4
[00:00:24.679,718] <dbg> bttester_bap_unicast: print_cb: 
                                               01 00 00 00                                      |....             
[00:00:24.679,748] <dbg> bttester_bap_unicast: print_cb: data: type 0x04 value_len 2
[00:00:24.679,748] <dbg> bttester_bap_unicast: print_cb: 
                                               3c 00                                            |<.               
[00:00:24.679,779] <dbg> bttester_bap_unicast: print_codec_cfg:   Frequency: 32000 Hz
[00:00:24.679,809] <dbg> bttester_bap_unicast: print_codec_cfg:   Channel allocation: 0x1
[00:00:24.679,809] <dbg> bttester_bap_unicast: print_codec_cfg:   Octets per frame: 60 (negative means value not pressent)
[00:00:24.679,840] <dbg> bttester_bap_unicast: print_codec_cfg:   Frames per SDU: 1
[00:00:24.680,145] <dbg> bttester_bap_unicast: stream_configured: Configured stream 0x200126a8, ep 3, dir 2
[00:00:24.680,175] <dbg> bttester: tester_event: service 0x0d opcode 0x80
[00:00:26.119,567] <dbg> bttester_gap: le_disconnected: C0:07:E8:1C:28:DF (public): 0x13
[00:00:26.119,598] <dbg> bttester: tester_event: service 0x01 opcode 0x83
[00:00:26.120,635] <dbg> bttester_bap_unicast: disconnected: Disconnected: C0:07:E8:1C:28:DF (public) (reason 0x13)
[00:00:26.120,697] <dbg> bttester_bap_unicast: stream_released: Released stream 0x200126a8
