Applying system reset.
Run.
Applying system reset.
Run.
< 2022/11/20 03:14:59.485004  length=5 from=0 to=4
 00 80 ff 00 00                                   .....
--
> 2022/11/20 03:14:59.628373  length=6 from=0 to=5
 00 03 ff 01 00 01                                ......
--
< 2022/11/20 03:14:59.644507  length=5 from=5 to=9
 00 03 ff 00 00                                   .....
--
> 2022/11/20 03:14:59.740366  length=5 from=6 to=10
 01 03 00 00 00                                   .....
--
< 2022/11/20 03:14:59.916426  length=176 from=10 to=185
 01 03 00 15 01 70 1f c4 76 e7 dc 13 06 00 00 13  .....p..v.......
 82 00 00 00 00 00 62 74 70 5f 74 65 73 74 65 72  ......btp_tester
 00 00 00 00 00 00 00 00 00 00 00 00 00 00 00 00  ................
 00 00 00 00 00 00 00 00 00 00 00 00 00 00 00 00  ................
 00 00 00 00 00 00 00 00 00 00 00 00 00 00 00 00  ................
 00 00 00 00 00 00 00 00 00 00 00 00 00 00 00 00  ................
 00 00 00 00 00 00 00 00 00 00 00 00 00 00 00 00  ................
 00 00 00 00 00 00 00 00 00 00 00 00 00 00 00 00  ................
 00 00 00 00 00 00 00 00 00 00 00 00 00 00 00 00  ................
 00 00 00 00 00 00 00 00 00 00 00 00 00 00 00 00  ................
 00 00 00 00 00 00 00 00 00 00 00 00 00 00 00 00  ................
--
< 2022/11/20 03:14:59.919348  length=35 from=186 to=220
 00 00 00 00 00 00 00 00 00 00 00 00 00 00 00 00  ................
 00 00 00 00 00 00 00 00 00 00 00 00 00 00 00 00  ................
 00 00 00                                         ...
--
< 2022/11/20 03:14:59.920008  length=11 from=221 to=231
 00 00 00 00 00 00 00 00 00 00 00                 ...........
--
< 2022/11/20 03:14:59.932567  length=60 from=232 to=291
 00 00 00 00 00 00 00 00 00 00 00 00 00 00 00 00  ................
 00 00 00 00 00 00 00 00 00 00 00 00 00 00 00 00  ................
 00 00 00 00 00 00 00 00 00 00 00 00 00 00 00 00  ................
 00 00 00 00 00 00 00 00 00 00 00 00              ............
--
> 2022/11/20 03:15:00.044318  length=6 from=11 to=16
 01 10 00 01 00 00                                ......
--
< 2022/11/20 03:15:00.060461  length=5 from=292 to=296
 01 10 00 00 00                                   .....
--
> 2022/11/20 03:15:07.268961  length=13 from=17 to=29
 01 0e 00 08 00 00 ef c9 56 e8 07 c0 00           ........V....
--
< 2022/11/20 03:15:07.284998  length=5 from=297 to=301
 01 0e 00 00 00                                   .....
--
< 2022/11/20 03:15:07.573117  length=18 from=302 to=319
 01 82 00 0d 00 00 ef c9 56 e8 07 c0 28 00 00 00  ........V...(...
 90 01                                            ..
--
> 2022/11/20 03:15:07.653016  length=12 from=30 to=41
 01 11 00 07 00 00 ef c9 56 e8 07 c0              ........V...
--
< 2022/11/20 03:15:07.669078  length=5 from=320 to=324
 01 11 00 00 00                                   .....
--
< 2022/11/20 03:15:07.733178  length=13 from=325 to=337
 01 8c 00 08 00 00 ef c9 56 e8 07 c0 04           ........V....
--
> 2022/11/20 03:15:07.812062  length=12 from=42 to=53
 01 0f 00 07 00 00 ef c9 56 e8 07 c0              ........V...
--
< 2022/11/20 03:15:07.828076  length=17 from=338 to=354
 01 0f 00 00 00 01 83 00 07 00 00 ef c9 56 e8 07  .............V..
 c0                                               .
--
> 2022/11/20 03:15:08.003018  length=13 from=54 to=66
 01 0e 00 08 00 00 ef c9 56 e8 07 c0 00           ........V....
--
< 2022/11/20 03:15:08.018606  length=5 from=355 to=359
 01 0e 00 00 00                                   .....
--
< 2022/11/20 03:15:08.162175  length=18 from=360 to=377
 01 82 00 0d 00 00 ef c9 56 e8 07 c0 28 00 00 00  ........V...(...
 90 01                                            ..
--
> 2022/11/20 03:15:08.366067  length=12 from=67 to=78
 01 11 00 07 00 00 ef c9 56 e8 07 c0              ........V...
--
< 2022/11/20 03:15:08.382160  length=5 from=378 to=382
 01 11 00 00 00                                   .....
--
< 2022/11/20 03:15:08.509137  length=13 from=383 to=395
 01 8c 00 08 00 00 ef c9 56 e8 07 c0 09           ........V....
--
> 2022/11/20 03:15:08.588598  length=12 from=79 to=90
 01 0f 00 07 00 00 ef c9 56 e8 07 c0              ........V...
--
< 2022/11/20 03:15:08.604688  length=5 from=396 to=400
 01 0f 00 00 00                                   .....
--
< 2022/11/20 03:15:08.621467  length=12 from=401 to=412
 01 83 00 07 00 00 ef c9 56 e8 07 c0              ........V...
--
> 2022/11/20 03:15:08.748562  length=13 from=91 to=103
 01 0e 00 08 00 00 ef c9 56 e8 07 c0 00           ........V....
--
< 2022/11/20 03:15:08.764691  length=5 from=413 to=417
 01 0e 00 00 00                                   .....
--
< 2022/11/20 03:15:08.940820  length=18 from=418 to=435
 01 82 00 0d 00 00 ef c9 56 e8 07 c0 28 00 00 00  ........V...(...
 90 01                                            ..
--
> 2022/11/20 03:15:09.068618  length=12 from=104 to=115
 01 11 00 07 00 00 ef c9 56 e8 07 c0              ........V...
--
< 2022/11/20 03:15:09.084705  length=5 from=436 to=440
 01 11 00 00 00                                   .....
--
< 2022/11/20 03:15:09.290497  length=12 from=441 to=452
 01 8c 00 08 00 00 ef c9 56 e8 07 c0              ........V...
--
< 2022/11/20 03:15:09.291206  length=1 from=453 to=453
 05                                               .
--
> 2022/11/20 03:15:09.384889  length=12 from=116 to=127
 01 0f 00 07 00 00 ef c9 56 e8 07 c0              ........V...
--
< 2022/11/20 03:15:09.401069  length=5 from=454 to=458
 01 0f 00 00 00                                   .....
--
< 2022/11/20 03:15:09.449108  length=12 from=459 to=470
 01 83 00 07 00 00 ef c9 56 e8 07 c0              ........V...
--
> 2022/11/20 03:15:09.512910  length=13 from=128 to=140
 01 0e 00 08 00 00 ef c9 56 e8 07 c0 00           ........V....
--
< 2022/11/20 03:15:09.529036  length=5 from=471 to=475
 01 0e 00 00 00                                   .....
--
< 2022/11/20 03:15:09.769109  length=18 from=476 to=493
 01 82 00 0d 00 00 ef c9 56 e8 07 c0 28 00 00 00  ........V...(...
 90 01                                            ..
--
> 2022/11/20 03:15:09.896866  length=12 from=141 to=152
 01 11 00 07 00 00 ef c9 56 e8 07 c0              ........V...
--
< 2022/11/20 03:15:09.913029  length=5 from=494 to=498
 01 11 00 00 00                                   .....
--
< 2022/11/20 03:15:10.118018  length=13 from=499 to=511
 01 8c 00 08 00 00 ef c9 56 e8 07 c0 06           ........V....
--
> 2022/11/20 03:15:10.195704  length=12 from=153 to=164
 01 0f 00 07 00 00 ef c9 56 e8 07 c0              ........V...
--
< 2022/11/20 03:15:10.211896  length=5 from=512 to=516
 01 0f 00 00 00                                   .....
--
< 2022/11/20 03:15:10.228007  length=12 from=517 to=528
 01 83 00 07 00 00 ef c9 56 e8 07 c0              ........V...
--
Applying system reset.
Run.
