02:22:30:893	> BTP_CORE_CMD_REGISTER_SERVICE (0x00|0x03|0xff)
                  raw data (1): 00 03 ff 01 00|01
02:22:30:958	< BTP_CORE_CMD_REGISTER_SERVICE (0x00|0x03|0xff)
                  raw data (0): 00 03 ff 00 00|
02:22:30:959	> BTP_GAP_CMD_READ_SUPPORTED_COMMANDS (0x01|0x01|0xff)
                  raw data (0): 01 01 ff 00 00|
02:22:30:977	< BTP_GAP_CMD_READ_SUPPORTED_COMMANDS (0x01|0x01|0xff)
                  raw data (6): 01 01 ff 06 00|6e ff 7f 1f fe 07
02:22:30:991	> BTP_GAP_CMD_READ_CONTROLLER_INFO (0x01|0x03|0x00)
                  raw data (0): 01 03 00 00 00|
02:22:31:355	< BTP_GAP_CMD_READ_CONTROLLER_INFO (0x01|0x03|0x00)
                  raw data (277): 
                  01 03 00 15 01|c3 51 0b 1b b8 d7 13 06 02 00 13 
                  82 00 00 00 00 00 62 74 70 5f 74 65 73 74 65 72 
                  00 00 00 00 00 00 00 00 00 00 00 00 00 00 00 00 
                  00 00 00 00 00 00 00 00 00 00 00 00 00 00 00 00 
                  00 00 00 00 00 00 00 00 00 00 00 00 00 00 00 00 
                  00 00 00 00 00 00 00 00 00 00 00 00 00 00 00 00 
                  00 00 00 00 00 00 00 00 00 00 00 00 00 00 00 00 
                  00 00 00 00 00 00 00 00 00 00 00 00 00 00 00 00 
                  00 00 00 00 00 00 00 00 00 00 00 00 00 00 00 00 
                  00 00 00 00 00 00 00 00 00 00 00 00 00 00 00 00 
                  00 00 00 00 00 00 00 00 00 00 00 00 00 00 00 00 
                  00 00 00 00 00 00 00 00 00 00 00 00 00 00 00 00 
                  00 00 00 00 00 00 00 00 00 00 00 00 00 00 00 00 
                  00 00 00 00 00 00 00 00 00 00 00 00 00 00 00 00 
                  00 00 00 00 00 00 00 00 00 00 00 00 00 00 00 00 
                  00 00 00 00 00 00 00 00 00 00 00 00 00 00 00 00 
                  00 00 00 00 00 00 00 00 00 00 00 00 00 00 00 00 
                  00 00 00 00 00 00 00 00 00 00
02:22:31:379	> BTP_CORE_CMD_REGISTER_SERVICE (0x00|0x03|0xff)
                  raw data (2): 00 03 ff 01 00|02
02:22:31:421	< BTP_CORE_CMD_REGISTER_SERVICE (0x00|0x03|0xff)
                  raw data (0): 00 03 ff 00 00|
02:22:31:427	> BTP_GATT_CMD_READ_SUPPORTED_COMMANDS (0x02|0x01|0xff)
                  raw data (0): 02 01 ff 00 00|
02:22:31:458	< BTP_GATT_CMD_READ_SUPPORTED_COMMANDS (0x02|0x01|0xff)
                  raw data (5): 02 01 ff 05 00|fe fe ff fd 03
02:22:31:459	> BTP_GAP_CMD_SET_DISCOVERABLE (0x01|0x08|0x00)
                  raw data (1): 01 08 00 01 00|01
02:22:31:491	< BTP_GAP_CMD_SET_DISCOVERABLE (0x01|0x08|0x00)
                  raw data (4): 01 08 00 04 00|1b 82 00 00
02:22:31:508	> BTP_CORE_CMD_REGISTER_SERVICE (0x00|0x03|0xff)
                  raw data (12): 00 03 ff 01 00|0c
02:22:31:516	< BTP_CORE_CMD_REGISTER_SERVICE (0x00|0x03|0xff)
                  raw data (0): 00 03 ff 00 00|
02:22:31:537	> BTP_PACS_CMD_READ_SUPPORTED_COMMANDS (0x0c|0x01|0xff)
                  raw data (0): 0c 01 ff 00 00|
02:22:31:574	< BTP_PACS_CMD_READ_SUPPORTED_COMMANDS (0x0c|0x01|0xff)
                  raw data (1): 0c 01 ff 01 00|3e
02:22:31:583	> BTP_CORE_CMD_REGISTER_SERVICE (0x00|0x03|0xff)
                  raw data (13): 00 03 ff 01 00|0d
02:22:31:585	< BTP_CORE_CMD_REGISTER_SERVICE (0x00|0x03|0xff)
                  raw data (0): 00 03 ff 00 00|
02:22:31:588	> BTP_ASCS_CMD_READ_SUPPORTED_COMMANDS (0x0d|0x01|0xff)
                  raw data (0): 0d 01 ff 00 00|
02:22:31:602	< BTP_ASCS_CMD_READ_SUPPORTED_COMMANDS (0x0d|0x01|0xff)
                  raw data (2): 0d 01 ff 02 00|fe 0f
02:22:31:603	> BTP_CORE_CMD_REGISTER_SERVICE (0x00|0x03|0xff)
                  raw data (14): 00 03 ff 01 00|0e
02:22:31:609	< BTP_CORE_CMD_REGISTER_SERVICE (0x00|0x03|0xff)
                  raw data (0): 00 03 ff 00 00|
02:22:31:609	> BTP_BAP_CMD_READ_SUPPORTED_COMMANDS (0x0e|0x01|0xff)
                  raw data (0): 0e 01 ff 00 00|
02:22:31:615	< BTP_BAP_CMD_READ_SUPPORTED_COMMANDS (0x0e|0x01|0xff)
                  raw data (4): 0e 01 ff 04 00|fe ff ff 03
02:22:34:619	> BTP_BAP_CMD_BROADCAST_SOURCE_SETUP (0x0e|0x04|0x00)
                  raw data (39): 
                  0e 04 00 27 00|02 01 10 27 00 00 3c 00 02 0a 00 
                  40 9c 00 06 00 00 00 00 13 02 01 05 02 02 01 05 
                  03 01 00 00 00 03 04 3c 00 02 05 01
02:22:34:656	< BTP_BAP_CMD_BROADCAST_SOURCE_SETUP (0x0e|0x04|0x00)
                  raw data (7): 0e 04 00 07 00|08 00 02 00 96 35 70
02:22:34:657	> BTP_BAP_CMD_BROADCAST_ADV_START (0x0e|0x06|0x00)
                  raw data (3): 0e 06 00 03 00|96 35 70
02:22:34:677	< BTP_BAP_CMD_BROADCAST_ADV_START (0x0e|0x06|0x00)
                  raw data (0): 0e 06 00 00 00|
02:22:34:679	> BTP_BAP_CMD_BROADCAST_SOURCE_START (0x0e|0x08|0x00)
                  raw data (3): 0e 08 00 03 00|96 35 70
02:22:34:711	< BTP_BAP_CMD_BROADCAST_SOURCE_START (0x0e|0x08|0x00)
                  raw data (0): 0e 08 00 00 00|
02:22:34:723	> BTP_BAP_CMD_SEND (0x0e|0x03|0x00)
                  raw data (50): 
                  0e 03 00 32 00|00 df 28 1c e8 07 c0 00 29 00 01 
                  02 03 04 05 06 07 08 09 0a 0b 0c 0d 0e 0f 10 11 
                  12 13 14 15 16 17 18 19 1a 1b 1c 1d 1e 1f 20 21 
                  22 23 24 25 26 27 28
02:22:34:770	< BTP_BAP_CMD_SEND (0x0e|0x03|0x00)
                  raw data (1): 0e 03 00 01 00|29
02:22:34:781	> BTP_BAP_CMD_SEND (0x0e|0x03|0x00)
                  raw data (50): 
                  0e 03 00 32 00|00 df 28 1c e8 07 c0 00 29 00 01 
                  02 03 04 05 06 07 08 09 0a 0b 0c 0d 0e 0f 10 11 
                  12 13 14 15 16 17 18 19 1a 1b 1c 1d 1e 1f 20 21 
                  22 23 24 25 26 27 28
02:22:34:860	< BTP_BAP_CMD_SEND (0x0e|0x03|0x00)
                  raw data (1): 0e 03 00 01 00|29
02:22:34:860	> BTP_BAP_CMD_SEND (0x0e|0x03|0x00)
                  raw data (50): 
                  0e 03 00 32 00|00 df 28 1c e8 07 c0 00 29 00 01 
                  02 03 04 05 06 07 08 09 0a 0b 0c 0d 0e 0f 10 11 
                  12 13 14 15 16 17 18 19 1a 1b 1c 1d 1e 1f 20 21 
                  22 23 24 25 26 27 28
02:22:34:893	< BTP_BAP_CMD_SEND (0x0e|0x03|0x00)
                  raw data (1): 0e 03 00 01 00|29
02:22:34:894	> BTP_BAP_CMD_SEND (0x0e|0x03|0x00)
                  raw data (50): 
                  0e 03 00 32 00|00 df 28 1c e8 07 c0 00 29 00 01 
                  02 03 04 05 06 07 08 09 0a 0b 0c 0d 0e 0f 10 11 
                  12 13 14 15 16 17 18 19 1a 1b 1c 1d 1e 1f 20 21 
                  22 23 24 25 26 27 28
02:22:34:932	< BTP_BAP_CMD_SEND (0x0e|0x03|0x00)
                  raw data (1): 0e 03 00 01 00|29
02:22:34:936	> BTP_BAP_CMD_SEND (0x0e|0x03|0x00)
                  raw data (50): 
                  0e 03 00 32 00|00 df 28 1c e8 07 c0 00 29 00 01 
                  02 03 04 05 06 07 08 09 0a 0b 0c 0d 0e 0f 10 11 
                  12 13 14 15 16 17 18 19 1a 1b 1c 1d 1e 1f 20 21 
                  22 23 24 25 26 27 28
02:22:34:986	< BTP_BAP_CMD_SEND (0x0e|0x03|0x00)
                  raw data (1): 0e 03 00 01 00|29
02:22:34:992	> BTP_BAP_CMD_SEND (0x0e|0x03|0x00)
                  raw data (50): 
                  0e 03 00 32 00|00 df 28 1c e8 07 c0 00 29 00 01 
                  02 03 04 05 06 07 08 09 0a 0b 0c 0d 0e 0f 10 11 
                  12 13 14 15 16 17 18 19 1a 1b 1c 1d 1e 1f 20 21 
                  22 23 24 25 26 27 28
02:22:35:055	< BTP_BAP_CMD_SEND (0x0e|0x03|0x00)
                  raw data (1): 0e 03 00 01 00|29
02:22:35:066	> BTP_BAP_CMD_SEND (0x0e|0x03|0x00)
                  raw data (50): 
                  0e 03 00 32 00|00 df 28 1c e8 07 c0 00 29 00 01 
                  02 03 04 05 06 07 08 09 0a 0b 0c 0d 0e 0f 10 11 
                  12 13 14 15 16 17 18 19 1a 1b 1c 1d 1e 1f 20 21 
                  22 23 24 25 26 27 28
02:22:35:093	< BTP_BAP_CMD_SEND (0x0e|0x03|0x00)
                  raw data (1): 0e 03 00 01 00|29
02:22:35:104	> BTP_BAP_CMD_SEND (0x0e|0x03|0x00)
                  raw data (50): 
                  0e 03 00 32 00|00 df 28 1c e8 07 c0 00 29 00 01 
                  02 03 04 05 06 07 08 09 0a 0b 0c 0d 0e 0f 10 11 
                  12 13 14 15 16 17 18 19 1a 1b 1c 1d 1e 1f 20 21 
                  22 23 24 25 26 27 28
02:22:35:141	< BTP_BAP_CMD_SEND (0x0e|0x03|0x00)
                  raw data (1): 0e 03 00 01 00|29
02:22:35:147	> BTP_BAP_CMD_SEND (0x0e|0x03|0x00)
                  raw data (50): 
                  0e 03 00 32 00|00 df 28 1c e8 07 c0 00 29 00 01 
                  02 03 04 05 06 07 08 09 0a 0b 0c 0d 0e 0f 10 11 
                  12 13 14 15 16 17 18 19 1a 1b 1c 1d 1e 1f 20 21 
                  22 23 24 25 26 27 28
02:22:35:158	< BTP_BAP_CMD_SEND (0x0e|0x03|0x00)
                  raw data (1): 0e 03 00 01 00|29
02:22:35:159	> BTP_BAP_CMD_SEND (0x0e|0x03|0x00)
                  raw data (50): 
                  0e 03 00 32 00|00 df 28 1c e8 07 c0 00 29 00 01 
                  02 03 04 05 06 07 08 09 0a 0b 0c 0d 0e 0f 10 11 
                  12 13 14 15 16 17 18 19 1a 1b 1c 1d 1e 1f 20 21 
                  22 23 24 25 26 27 28
02:22:35:170	< BTP_BAP_CMD_SEND (0x0e|0x03|0x00)
                  raw data (1): 0e 03 00 01 00|29
02:22:35:171	> BTP_BAP_CMD_SEND (0x0e|0x03|0x00)
                  raw data (50): 
                  0e 03 00 32 00|00 df 28 1c e8 07 c0 00 29 00 01 
                  02 03 04 05 06 07 08 09 0a 0b 0c 0d 0e 0f 10 11 
                  12 13 14 15 16 17 18 19 1a 1b 1c 1d 1e 1f 20 21 
                  22 23 24 25 26 27 28
02:22:35:181	< BTP_BAP_CMD_SEND (0x0e|0x03|0x00)
                  raw data (1): 0e 03 00 01 00|29
02:22:35:184	> BTP_BAP_CMD_SEND (0x0e|0x03|0x00)
                  raw data (50): 
                  0e 03 00 32 00|00 df 28 1c e8 07 c0 00 29 00 01 
                  02 03 04 05 06 07 08 09 0a 0b 0c 0d 0e 0f 10 11 
                  12 13 14 15 16 17 18 19 1a 1b 1c 1d 1e 1f 20 21 
                  22 23 24 25 26 27 28
02:22:35:193	< BTP_BAP_CMD_SEND (0x0e|0x03|0x00)
                  raw data (1): 0e 03 00 01 00|29
02:22:35:197	> BTP_BAP_CMD_SEND (0x0e|0x03|0x00)
                  raw data (50): 
                  0e 03 00 32 00|00 df 28 1c e8 07 c0 00 29 00 01 
                  02 03 04 05 06 07 08 09 0a 0b 0c 0d 0e 0f 10 11 
                  12 13 14 15 16 17 18 19 1a 1b 1c 1d 1e 1f 20 21 
                  22 23 24 25 26 27 28
02:22:35:217	< BTP_BAP_CMD_SEND (0x0e|0x03|0x00)
                  raw data (1): 0e 03 00 01 00|29
02:22:35:221	> BTP_BAP_CMD_SEND (0x0e|0x03|0x00)
                  raw data (50): 
                  0e 03 00 32 00|00 df 28 1c e8 07 c0 00 29 00 01 
                  02 03 04 05 06 07 08 09 0a 0b 0c 0d 0e 0f 10 11 
                  12 13 14 15 16 17 18 19 1a 1b 1c 1d 1e 1f 20 21 
                  22 23 24 25 26 27 28
02:22:35:239	< BTP_BAP_CMD_SEND (0x0e|0x03|0x00)
                  raw data (1): 0e 03 00 01 00|29
02:22:35:243	> BTP_BAP_CMD_SEND (0x0e|0x03|0x00)
                  raw data (50): 
                  0e 03 00 32 00|00 df 28 1c e8 07 c0 00 29 00 01 
                  02 03 04 05 06 07 08 09 0a 0b 0c 0d 0e 0f 10 11 
                  12 13 14 15 16 17 18 19 1a 1b 1c 1d 1e 1f 20 21 
                  22 23 24 25 26 27 28
02:22:35:268	< BTP_BAP_CMD_SEND (0x0e|0x03|0x00)
                  raw data (1): 0e 03 00 01 00|29
02:22:35:273	> BTP_BAP_CMD_SEND (0x0e|0x03|0x00)
                  raw data (50): 
                  0e 03 00 32 00|00 df 28 1c e8 07 c0 00 29 00 01 
                  02 03 04 05 06 07 08 09 0a 0b 0c 0d 0e 0f 10 11 
                  12 13 14 15 16 17 18 19 1a 1b 1c 1d 1e 1f 20 21 
                  22 23 24 25 26 27 28
02:22:35:281	< BTP_BAP_CMD_SEND (0x0e|0x03|0x00)
                  raw data (1): 0e 03 00 01 00|29
02:22:35:283	> BTP_BAP_CMD_SEND (0x0e|0x03|0x00)
                  raw data (50): 
                  0e 03 00 32 00|00 df 28 1c e8 07 c0 00 29 00 01 
                  02 03 04 05 06 07 08 09 0a 0b 0c 0d 0e 0f 10 11 
                  12 13 14 15 16 17 18 19 1a 1b 1c 1d 1e 1f 20 21 
                  22 23 24 25 26 27 28
02:22:35:300	< BTP_BAP_CMD_SEND (0x0e|0x03|0x00)
                  raw data (1): 0e 03 00 01 00|29
02:22:35:301	> BTP_BAP_CMD_SEND (0x0e|0x03|0x00)
                  raw data (50): 
                  0e 03 00 32 00|00 df 28 1c e8 07 c0 00 29 00 01 
                  02 03 04 05 06 07 08 09 0a 0b 0c 0d 0e 0f 10 11 
                  12 13 14 15 16 17 18 19 1a 1b 1c 1d 1e 1f 20 21 
                  22 23 24 25 26 27 28
02:22:35:339	< BTP_BAP_CMD_SEND (0x0e|0x03|0x00)
                  raw data (1): 0e 03 00 01 00|29
02:22:35:339	> BTP_BAP_CMD_SEND (0x0e|0x03|0x00)
                  raw data (50): 
                  0e 03 00 32 00|00 df 28 1c e8 07 c0 00 29 00 01 
                  02 03 04 05 06 07 08 09 0a 0b 0c 0d 0e 0f 10 11 
                  12 13 14 15 16 17 18 19 1a 1b 1c 1d 1e 1f 20 21 
                  22 23 24 25 26 27 28
02:22:35:369	< BTP_BAP_CMD_SEND (0x0e|0x03|0x00)
                  raw data (1): 0e 03 00 01 00|29
02:22:35:380	> BTP_BAP_CMD_SEND (0x0e|0x03|0x00)
                  raw data (50): 
                  0e 03 00 32 00|00 df 28 1c e8 07 c0 00 29 00 01 
                  02 03 04 05 06 07 08 09 0a 0b 0c 0d 0e 0f 10 11 
                  12 13 14 15 16 17 18 19 1a 1b 1c 1d 1e 1f 20 21 
                  22 23 24 25 26 27 28
02:22:35:418	< BTP_BAP_CMD_SEND (0x0e|0x03|0x00)
                  raw data (1): 0e 03 00 01 00|29
02:22:35:419	> BTP_BAP_CMD_SEND (0x0e|0x03|0x00)
                  raw data (50): 
                  0e 03 00 32 00|00 df 28 1c e8 07 c0 00 29 00 01 
                  02 03 04 05 06 07 08 09 0a 0b 0c 0d 0e 0f 10 11 
                  12 13 14 15 16 17 18 19 1a 1b 1c 1d 1e 1f 20 21 
                  22 23 24 25 26 27 28
02:22:35:487	< BTP_BAP_CMD_SEND (0x0e|0x03|0x00)
                  raw data (1): 0e 03 00 01 00|29
02:22:35:488	> BTP_BAP_CMD_SEND (0x0e|0x03|0x00)
                  raw data (50): 
                  0e 03 00 32 00|00 df 28 1c e8 07 c0 00 29 00 01 
                  02 03 04 05 06 07 08 09 0a 0b 0c 0d 0e 0f 10 11 
                  12 13 14 15 16 17 18 19 1a 1b 1c 1d 1e 1f 20 21 
                  22 23 24 25 26 27 28
02:22:35:531	< BTP_BAP_CMD_SEND (0x0e|0x03|0x00)
                  raw data (1): 0e 03 00 01 00|29
02:22:35:537	> BTP_BAP_CMD_SEND (0x0e|0x03|0x00)
                  raw data (50): 
                  0e 03 00 32 00|00 df 28 1c e8 07 c0 00 29 00 01 
                  02 03 04 05 06 07 08 09 0a 0b 0c 0d 0e 0f 10 11 
                  12 13 14 15 16 17 18 19 1a 1b 1c 1d 1e 1f 20 21 
                  22 23 24 25 26 27 28
02:22:35:579	< BTP_BAP_CMD_SEND (0x0e|0x03|0x00)
                  raw data (1): 0e 03 00 01 00|29
02:22:35:605	> BTP_BAP_CMD_SEND (0x0e|0x03|0x00)
                  raw data (50): 
                  0e 03 00 32 00|00 df 28 1c e8 07 c0 00 29 00 01 
                  02 03 04 05 06 07 08 09 0a 0b 0c 0d 0e 0f 10 11 
                  12 13 14 15 16 17 18 19 1a 1b 1c 1d 1e 1f 20 21 
                  22 23 24 25 26 27 28
02:22:35:627	< BTP_BAP_CMD_SEND (0x0e|0x03|0x00)
                  raw data (1): 0e 03 00 01 00|29
02:22:35:628	> BTP_BAP_CMD_SEND (0x0e|0x03|0x00)
                  raw data (50): 
                  0e 03 00 32 00|00 df 28 1c e8 07 c0 00 29 00 01 
                  02 03 04 05 06 07 08 09 0a 0b 0c 0d 0e 0f 10 11 
                  12 13 14 15 16 17 18 19 1a 1b 1c 1d 1e 1f 20 21 
                  22 23 24 25 26 27 28
02:22:35:665	< BTP_BAP_CMD_SEND (0x0e|0x03|0x00)
                  raw data (1): 0e 03 00 01 00|29
02:22:35:666	> BTP_BAP_CMD_SEND (0x0e|0x03|0x00)
                  raw data (50): 
                  0e 03 00 32 00|00 df 28 1c e8 07 c0 00 29 00 01 
                  02 03 04 05 06 07 08 09 0a 0b 0c 0d 0e 0f 10 11 
                  12 13 14 15 16 17 18 19 1a 1b 1c 1d 1e 1f 20 21 
                  22 23 24 25 26 27 28
02:22:35:719	< BTP_BAP_CMD_SEND (0x0e|0x03|0x00)
                  raw data (1): 0e 03 00 01 00|29
02:22:35:725	> BTP_BAP_CMD_SEND (0x0e|0x03|0x00)
                  raw data (50): 
                  0e 03 00 32 00|00 df 28 1c e8 07 c0 00 29 00 01 
                  02 03 04 05 06 07 08 09 0a 0b 0c 0d 0e 0f 10 11 
                  12 13 14 15 16 17 18 19 1a 1b 1c 1d 1e 1f 20 21 
                  22 23 24 25 26 27 28
02:22:35:767	< BTP_BAP_CMD_SEND (0x0e|0x03|0x00)
                  raw data (1): 0e 03 00 01 00|29
02:22:35:773	> BTP_BAP_CMD_SEND (0x0e|0x03|0x00)
                  raw data (50): 
                  0e 03 00 32 00|00 df 28 1c e8 07 c0 00 29 00 01 
                  02 03 04 05 06 07 08 09 0a 0b 0c 0d 0e 0f 10 11 
                  12 13 14 15 16 17 18 19 1a 1b 1c 1d 1e 1f 20 21 
                  22 23 24 25 26 27 28
02:22:35:852	< BTP_BAP_CMD_SEND (0x0e|0x03|0x00)
                  raw data (1): 0e 03 00 01 00|29
02:22:35:858	> BTP_BAP_CMD_SEND (0x0e|0x03|0x00)
                  raw data (50): 
                  0e 03 00 32 00|00 df 28 1c e8 07 c0 00 29 00 01 
                  02 03 04 05 06 07 08 09 0a 0b 0c 0d 0e 0f 10 11 
                  12 13 14 15 16 17 18 19 1a 1b 1c 1d 1e 1f 20 21 
                  22 23 24 25 26 27 28
02:22:35:916	< BTP_BAP_CMD_SEND (0x0e|0x03|0x00)
                  raw data (1): 0e 03 00 01 00|29
02:22:35:917	> BTP_BAP_CMD_SEND (0x0e|0x03|0x00)
                  raw data (50): 
                  0e 03 00 32 00|00 df 28 1c e8 07 c0 00 29 00 01 
                  02 03 04 05 06 07 08 09 0a 0b 0c 0d 0e 0f 10 11 
                  12 13 14 15 16 17 18 19 1a 1b 1c 1d 1e 1f 20 21 
                  22 23 24 25 26 27 28
02:22:35:937	< BTP_BAP_CMD_SEND (0x0e|0x03|0x00)
                  raw data (1): 0e 03 00 01 00|29
02:22:35:944	> BTP_BAP_CMD_SEND (0x0e|0x03|0x00)
                  raw data (50): 
                  0e 03 00 32 00|00 df 28 1c e8 07 c0 00 29 00 01 
                  02 03 04 05 06 07 08 09 0a 0b 0c 0d 0e 0f 10 11 
                  12 13 14 15 16 17 18 19 1a 1b 1c 1d 1e 1f 20 21 
                  22 23 24 25 26 27 28
02:22:35:969	< BTP_BAP_CMD_SEND (0x0e|0x03|0x00)
                  raw data (1): 0e 03 00 01 00|29
02:22:35:977	> BTP_BAP_CMD_SEND (0x0e|0x03|0x00)
                  raw data (50): 
                  0e 03 00 32 00|00 df 28 1c e8 07 c0 00 29 00 01 
                  02 03 04 05 06 07 08 09 0a 0b 0c 0d 0e 0f 10 11 
                  12 13 14 15 16 17 18 19 1a 1b 1c 1d 1e 1f 20 21 
                  22 23 24 25 26 27 28
02:22:35:989	< BTP_BAP_CMD_SEND (0x0e|0x03|0x00)
                  raw data (1): 0e 03 00 01 00|29
02:22:35:990	> BTP_BAP_CMD_SEND (0x0e|0x03|0x00)
                  raw data (50): 
                  0e 03 00 32 00|00 df 28 1c e8 07 c0 00 29 00 01 
                  02 03 04 05 06 07 08 09 0a 0b 0c 0d 0e 0f 10 11 
                  12 13 14 15 16 17 18 19 1a 1b 1c 1d 1e 1f 20 21 
                  22 23 24 25 26 27 28
02:22:36:018	< BTP_BAP_CMD_SEND (0x0e|0x03|0x00)
                  raw data (1): 0e 03 00 01 00|29
02:22:36:032	> BTP_BAP_CMD_SEND (0x0e|0x03|0x00)
                  raw data (50): 
                  0e 03 00 32 00|00 df 28 1c e8 07 c0 00 29 00 01 
                  02 03 04 05 06 07 08 09 0a 0b 0c 0d 0e 0f 10 11 
                  12 13 14 15 16 17 18 19 1a 1b 1c 1d 1e 1f 20 21 
                  22 23 24 25 26 27 28
02:22:36:045	< BTP_BAP_CMD_SEND (0x0e|0x03|0x00)
                  raw data (1): 0e 03 00 01 00|29
02:22:36:046	> BTP_BAP_CMD_SEND (0x0e|0x03|0x00)
                  raw data (50): 
                  0e 03 00 32 00|00 df 28 1c e8 07 c0 00 29 00 01 
                  02 03 04 05 06 07 08 09 0a 0b 0c 0d 0e 0f 10 11 
                  12 13 14 15 16 17 18 19 1a 1b 1c 1d 1e 1f 20 21 
                  22 23 24 25 26 27 28
02:22:36:054	< BTP_BAP_CMD_SEND (0x0e|0x03|0x00)
                  raw data (1): 0e 03 00 01 00|29
02:22:36:060	> BTP_BAP_CMD_SEND (0x0e|0x03|0x00)
                  raw data (50): 
                  0e 03 00 32 00|00 df 28 1c e8 07 c0 00 29 00 01 
                  02 03 04 05 06 07 08 09 0a 0b 0c 0d 0e 0f 10 11 
                  12 13 14 15 16 17 18 19 1a 1b 1c 1d 1e 1f 20 21 
                  22 23 24 25 26 27 28
02:22:36:071	< BTP_BAP_CMD_SEND (0x0e|0x03|0x00)
                  raw data (1): 0e 03 00 01 00|29
02:22:36:075	> BTP_BAP_CMD_SEND (0x0e|0x03|0x00)
                  raw data (50): 
                  0e 03 00 32 00|00 df 28 1c e8 07 c0 00 29 00 01 
                  02 03 04 05 06 07 08 09 0a 0b 0c 0d 0e 0f 10 11 
                  12 13 14 15 16 17 18 19 1a 1b 1c 1d 1e 1f 20 21 
                  22 23 24 25 26 27 28
02:22:36:083	< BTP_BAP_CMD_SEND (0x0e|0x03|0x00)
                  raw data (1): 0e 03 00 01 00|29
02:22:36:085	> BTP_BAP_CMD_SEND (0x0e|0x03|0x00)
                  raw data (50): 
                  0e 03 00 32 00|00 df 28 1c e8 07 c0 00 29 00 01 
                  02 03 04 05 06 07 08 09 0a 0b 0c 0d 0e 0f 10 11 
                  12 13 14 15 16 17 18 19 1a 1b 1c 1d 1e 1f 20 21 
                  22 23 24 25 26 27 28
02:22:36:092	< BTP_BAP_CMD_SEND (0x0e|0x03|0x00)
                  raw data (1): 0e 03 00 01 00|29
02:22:36:097	> BTP_BAP_CMD_SEND (0x0e|0x03|0x00)
                  raw data (50): 
                  0e 03 00 32 00|00 df 28 1c e8 07 c0 00 29 00 01 
                  02 03 04 05 06 07 08 09 0a 0b 0c 0d 0e 0f 10 11 
                  12 13 14 15 16 17 18 19 1a 1b 1c 1d 1e 1f 20 21 
                  22 23 24 25 26 27 28
02:22:36:110	< BTP_BAP_CMD_SEND (0x0e|0x03|0x00)
                  raw data (1): 0e 03 00 01 00|29
02:22:36:111	> BTP_BAP_CMD_SEND (0x0e|0x03|0x00)
                  raw data (50): 
                  0e 03 00 32 00|00 df 28 1c e8 07 c0 00 29 00 01 
                  02 03 04 05 06 07 08 09 0a 0b 0c 0d 0e 0f 10 11 
                  12 13 14 15 16 17 18 19 1a 1b 1c 1d 1e 1f 20 21 
                  22 23 24 25 26 27 28
02:22:36:124	< BTP_BAP_CMD_SEND (0x0e|0x03|0x00)
                  raw data (1): 0e 03 00 01 00|29
02:22:36:125	> BTP_BAP_CMD_SEND (0x0e|0x03|0x00)
                  raw data (50): 
                  0e 03 00 32 00|00 df 28 1c e8 07 c0 00 29 00 01 
                  02 03 04 05 06 07 08 09 0a 0b 0c 0d 0e 0f 10 11 
                  12 13 14 15 16 17 18 19 1a 1b 1c 1d 1e 1f 20 21 
                  22 23 24 25 26 27 28
02:22:36:135	< BTP_BAP_CMD_SEND (0x0e|0x03|0x00)
                  raw data (1): 0e 03 00 01 00|29
02:22:36:136	> BTP_BAP_CMD_SEND (0x0e|0x03|0x00)
                  raw data (50): 
                  0e 03 00 32 00|00 df 28 1c e8 07 c0 00 29 00 01 
                  02 03 04 05 06 07 08 09 0a 0b 0c 0d 0e 0f 10 11 
                  12 13 14 15 16 17 18 19 1a 1b 1c 1d 1e 1f 20 21 
                  22 23 24 25 26 27 28
02:22:36:150	< BTP_BAP_CMD_SEND (0x0e|0x03|0x00)
                  raw data (1): 0e 03 00 01 00|29
02:22:36:150	> BTP_BAP_CMD_SEND (0x0e|0x03|0x00)
                  raw data (50): 
                  0e 03 00 32 00|00 df 28 1c e8 07 c0 00 29 00 01 
                  02 03 04 05 06 07 08 09 0a 0b 0c 0d 0e 0f 10 11 
                  12 13 14 15 16 17 18 19 1a 1b 1c 1d 1e 1f 20 21 
                  22 23 24 25 26 27 28
02:22:36:168	< BTP_BAP_CMD_SEND (0x0e|0x03|0x00)
                  raw data (1): 0e 03 00 01 00|29
02:22:36:174	> BTP_BAP_CMD_SEND (0x0e|0x03|0x00)
                  raw data (50): 
                  0e 03 00 32 00|00 df 28 1c e8 07 c0 00 29 00 01 
                  02 03 04 05 06 07 08 09 0a 0b 0c 0d 0e 0f 10 11 
                  12 13 14 15 16 17 18 19 1a 1b 1c 1d 1e 1f 20 21 
                  22 23 24 25 26 27 28
02:22:36:201	< BTP_BAP_CMD_SEND (0x0e|0x03|0x00)
                  raw data (1): 0e 03 00 01 00|29
02:22:36:202	> BTP_BAP_CMD_SEND (0x0e|0x03|0x00)
                  raw data (50): 
                  0e 03 00 32 00|00 df 28 1c e8 07 c0 00 29 00 01 
                  02 03 04 05 06 07 08 09 0a 0b 0c 0d 0e 0f 10 11 
                  12 13 14 15 16 17 18 19 1a 1b 1c 1d 1e 1f 20 21 
                  22 23 24 25 26 27 28
02:22:36:234	< BTP_BAP_CMD_SEND (0x0e|0x03|0x00)
                  raw data (1): 0e 03 00 01 00|29
02:22:36:235	> BTP_BAP_CMD_SEND (0x0e|0x03|0x00)
                  raw data (50): 
                  0e 03 00 32 00|00 df 28 1c e8 07 c0 00 29 00 01 
                  02 03 04 05 06 07 08 09 0a 0b 0c 0d 0e 0f 10 11 
                  12 13 14 15 16 17 18 19 1a 1b 1c 1d 1e 1f 20 21 
                  22 23 24 25 26 27 28
02:22:36:267	< BTP_BAP_CMD_SEND (0x0e|0x03|0x00)
                  raw data (1): 0e 03 00 01 00|29
02:22:36:273	> BTP_BAP_CMD_SEND (0x0e|0x03|0x00)
                  raw data (50): 
                  0e 03 00 32 00|00 df 28 1c e8 07 c0 00 29 00 01 
                  02 03 04 05 06 07 08 09 0a 0b 0c 0d 0e 0f 10 11 
                  12 13 14 15 16 17 18 19 1a 1b 1c 1d 1e 1f 20 21 
                  22 23 24 25 26 27 28
02:22:36:300	< BTP_BAP_CMD_SEND (0x0e|0x03|0x00)
                  raw data (1): 0e 03 00 01 00|29
02:22:36:301	> BTP_BAP_CMD_SEND (0x0e|0x03|0x00)
                  raw data (50): 
                  0e 03 00 32 00|00 df 28 1c e8 07 c0 00 29 00 01 
                  02 03 04 05 06 07 08 09 0a 0b 0c 0d 0e 0f 10 11 
                  12 13 14 15 16 17 18 19 1a 1b 1c 1d 1e 1f 20 21 
                  22 23 24 25 26 27 28
02:22:36:348	< BTP_BAP_CMD_SEND (0x0e|0x03|0x00)
                  raw data (1): 0e 03 00 01 00|29
02:22:36:349	> BTP_BAP_CMD_SEND (0x0e|0x03|0x00)
                  raw data (50): 
                  0e 03 00 32 00|00 df 28 1c e8 07 c0 00 29 00 01 
                  02 03 04 05 06 07 08 09 0a 0b 0c 0d 0e 0f 10 11 
                  12 13 14 15 16 17 18 19 1a 1b 1c 1d 1e 1f 20 21 
                  22 23 24 25 26 27 28
02:22:36:381	< BTP_BAP_CMD_SEND (0x0e|0x03|0x00)
                  raw data (1): 0e 03 00 01 00|29
02:22:36:383	> BTP_BAP_CMD_SEND (0x0e|0x03|0x00)
                  raw data (50): 
                  0e 03 00 32 00|00 df 28 1c e8 07 c0 00 29 00 01 
                  02 03 04 05 06 07 08 09 0a 0b 0c 0d 0e 0f 10 11 
                  12 13 14 15 16 17 18 19 1a 1b 1c 1d 1e 1f 20 21 
                  22 23 24 25 26 27 28
02:22:36:410	< BTP_BAP_CMD_SEND (0x0e|0x03|0x00)
                  raw data (1): 0e 03 00 01 00|29
02:22:36:411	> BTP_BAP_CMD_SEND (0x0e|0x03|0x00)
                  raw data (50): 
                  0e 03 00 32 00|00 df 28 1c e8 07 c0 00 29 00 01 
                  02 03 04 05 06 07 08 09 0a 0b 0c 0d 0e 0f 10 11 
                  12 13 14 15 16 17 18 19 1a 1b 1c 1d 1e 1f 20 21 
                  22 23 24 25 26 27 28
02:22:36:454	< BTP_BAP_CMD_SEND (0x0e|0x03|0x00)
                  raw data (1): 0e 03 00 01 00|29
02:22:36:455	> BTP_BAP_CMD_SEND (0x0e|0x03|0x00)
                  raw data (50): 
                  0e 03 00 32 00|00 df 28 1c e8 07 c0 00 29 00 01 
                  02 03 04 05 06 07 08 09 0a 0b 0c 0d 0e 0f 10 11 
                  12 13 14 15 16 17 18 19 1a 1b 1c 1d 1e 1f 20 21 
                  22 23 24 25 26 27 28
02:22:36:503	< BTP_BAP_CMD_SEND (0x0e|0x03|0x00)
                  raw data (1): 0e 03 00 01 00|29
02:22:36:509	> BTP_BAP_CMD_SEND (0x0e|0x03|0x00)
                  raw data (50): 
                  0e 03 00 32 00|00 df 28 1c e8 07 c0 00 29 00 01 
                  02 03 04 05 06 07 08 09 0a 0b 0c 0d 0e 0f 10 11 
                  12 13 14 15 16 17 18 19 1a 1b 1c 1d 1e 1f 20 21 
                  22 23 24 25 26 27 28
02:22:36:535	< BTP_BAP_CMD_SEND (0x0e|0x03|0x00)
                  raw data (1): 0e 03 00 01 00|29
02:22:36:540	> BTP_BAP_CMD_SEND (0x0e|0x03|0x00)
                  raw data (50): 
                  0e 03 00 32 00|00 df 28 1c e8 07 c0 00 29 00 01 
                  02 03 04 05 06 07 08 09 0a 0b 0c 0d 0e 0f 10 11 
                  12 13 14 15 16 17 18 19 1a 1b 1c 1d 1e 1f 20 21 
                  22 23 24 25 26 27 28
02:22:36:568	< BTP_BAP_CMD_SEND (0x0e|0x03|0x00)
                  raw data (1): 0e 03 00 01 00|29
02:22:36:569	> BTP_BAP_CMD_SEND (0x0e|0x03|0x00)
                  raw data (50): 
                  0e 03 00 32 00|00 df 28 1c e8 07 c0 00 29 00 01 
                  02 03 04 05 06 07 08 09 0a 0b 0c 0d 0e 0f 10 11 
                  12 13 14 15 16 17 18 19 1a 1b 1c 1d 1e 1f 20 21 
                  22 23 24 25 26 27 28
02:22:36:601	< BTP_BAP_CMD_SEND (0x0e|0x03|0x00)
                  raw data (1): 0e 03 00 01 00|29
02:22:36:607	> BTP_BAP_CMD_SEND (0x0e|0x03|0x00)
                  raw data (50): 
                  0e 03 00 32 00|00 df 28 1c e8 07 c0 00 29 00 01 
                  02 03 04 05 06 07 08 09 0a 0b 0c 0d 0e 0f 10 11 
                  12 13 14 15 16 17 18 19 1a 1b 1c 1d 1e 1f 20 21 
                  22 23 24 25 26 27 28
02:22:36:711	< BTP_BAP_CMD_SEND (0x0e|0x03|0x00)
                  raw data (1): 0e 03 00 01 00|29
02:22:36:717	> BTP_BAP_CMD_SEND (0x0e|0x03|0x00)
                  raw data (50): 
                  0e 03 00 32 00|00 df 28 1c e8 07 c0 00 29 00 01 
                  02 03 04 05 06 07 08 09 0a 0b 0c 0d 0e 0f 10 11 
                  12 13 14 15 16 17 18 19 1a 1b 1c 1d 1e 1f 20 21 
                  22 23 24 25 26 27 28
02:22:36:771	< BTP_BAP_CMD_SEND (0x0e|0x03|0x00)
                  raw data (1): 0e 03 00 01 00|29
02:22:36:779	> BTP_BAP_CMD_SEND (0x0e|0x03|0x00)
                  raw data (50): 
                  0e 03 00 32 00|00 df 28 1c e8 07 c0 00 29 00 01 
                  02 03 04 05 06 07 08 09 0a 0b 0c 0d 0e 0f 10 11 
                  12 13 14 15 16 17 18 19 1a 1b 1c 1d 1e 1f 20 21 
                  22 23 24 25 26 27 28
02:22:36:797	< BTP_BAP_CMD_SEND (0x0e|0x03|0x00)
                  raw data (1): 0e 03 00 01 00|29
02:22:36:799	> BTP_BAP_CMD_SEND (0x0e|0x03|0x00)
                  raw data (50): 
                  0e 03 00 32 00|00 df 28 1c e8 07 c0 00 29 00 01 
                  02 03 04 05 06 07 08 09 0a 0b 0c 0d 0e 0f 10 11 
                  12 13 14 15 16 17 18 19 1a 1b 1c 1d 1e 1f 20 21 
                  22 23 24 25 26 27 28
02:22:36:810	< BTP_BAP_CMD_SEND (0x0e|0x03|0x00)
                  raw data (1): 0e 03 00 01 00|29
02:22:36:811	> BTP_BAP_CMD_SEND (0x0e|0x03|0x00)
                  raw data (50): 
                  0e 03 00 32 00|00 df 28 1c e8 07 c0 00 29 00 01 
                  02 03 04 05 06 07 08 09 0a 0b 0c 0d 0e 0f 10 11 
                  12 13 14 15 16 17 18 19 1a 1b 1c 1d 1e 1f 20 21 
                  22 23 24 25 26 27 28
02:22:36:835	< BTP_BAP_CMD_SEND (0x0e|0x03|0x00)
                  raw data (1): 0e 03 00 01 00|29
02:22:36:837	> BTP_BAP_CMD_SEND (0x0e|0x03|0x00)
                  raw data (50): 
                  0e 03 00 32 00|00 df 28 1c e8 07 c0 00 29 00 01 
                  02 03 04 05 06 07 08 09 0a 0b 0c 0d 0e 0f 10 11 
                  12 13 14 15 16 17 18 19 1a 1b 1c 1d 1e 1f 20 21 
                  22 23 24 25 26 27 28
02:22:36:862	< BTP_BAP_CMD_SEND (0x0e|0x03|0x00)
                  raw data (1): 0e 03 00 01 00|29
02:22:36:868	> BTP_BAP_CMD_SEND (0x0e|0x03|0x00)
                  raw data (50): 
                  0e 03 00 32 00|00 df 28 1c e8 07 c0 00 29 00 01 
                  02 03 04 05 06 07 08 09 0a 0b 0c 0d 0e 0f 10 11 
                  12 13 14 15 16 17 18 19 1a 1b 1c 1d 1e 1f 20 21 
                  22 23 24 25 26 27 28
02:22:36:892	< BTP_BAP_CMD_SEND (0x0e|0x03|0x00)
                  raw data (1): 0e 03 00 01 00|29
02:22:36:893	> BTP_BAP_CMD_SEND (0x0e|0x03|0x00)
                  raw data (50): 
                  0e 03 00 32 00|00 df 28 1c e8 07 c0 00 29 00 01 
                  02 03 04 05 06 07 08 09 0a 0b 0c 0d 0e 0f 10 11 
                  12 13 14 15 16 17 18 19 1a 1b 1c 1d 1e 1f 20 21 
                  22 23 24 25 26 27 28
02:22:36:928	< BTP_BAP_CMD_SEND (0x0e|0x03|0x00)
                  raw data (1): 0e 03 00 01 00|29
02:22:36:934	> BTP_BAP_CMD_SEND (0x0e|0x03|0x00)
                  raw data (50): 
                  0e 03 00 32 00|00 df 28 1c e8 07 c0 00 29 00 01 
                  02 03 04 05 06 07 08 09 0a 0b 0c 0d 0e 0f 10 11 
                  12 13 14 15 16 17 18 19 1a 1b 1c 1d 1e 1f 20 21 
                  22 23 24 25 26 27 28
02:22:36:949	< BTP_BAP_CMD_SEND (0x0e|0x03|0x00)
                  raw data (1): 0e 03 00 01 00|29
02:22:36:950	> BTP_BAP_CMD_SEND (0x0e|0x03|0x00)
                  raw data (50): 
                  0e 03 00 32 00|00 df 28 1c e8 07 c0 00 29 00 01 
                  02 03 04 05 06 07 08 09 0a 0b 0c 0d 0e 0f 10 11 
                  12 13 14 15 16 17 18 19 1a 1b 1c 1d 1e 1f 20 21 
                  22 23 24 25 26 27 28
02:22:36:971	< BTP_BAP_CMD_SEND (0x0e|0x03|0x00)
                  raw data (1): 0e 03 00 01 00|29
02:22:36:973	> BTP_BAP_CMD_SEND (0x0e|0x03|0x00)
                  raw data (50): 
                  0e 03 00 32 00|00 df 28 1c e8 07 c0 00 29 00 01 
                  02 03 04 05 06 07 08 09 0a 0b 0c 0d 0e 0f 10 11 
                  12 13 14 15 16 17 18 19 1a 1b 1c 1d 1e 1f 20 21 
                  22 23 24 25 26 27 28
02:22:37:030	< BTP_BAP_CMD_SEND (0x0e|0x03|0x00)
                  raw data (1): 0e 03 00 01 00|29
02:22:37:033	> BTP_BAP_CMD_SEND (0x0e|0x03|0x00)
                  raw data (50): 
                  0e 03 00 32 00|00 df 28 1c e8 07 c0 00 29 00 01 
                  02 03 04 05 06 07 08 09 0a 0b 0c 0d 0e 0f 10 11 
                  12 13 14 15 16 17 18 19 1a 1b 1c 1d 1e 1f 20 21 
                  22 23 24 25 26 27 28
02:22:37:055	< BTP_BAP_CMD_SEND (0x0e|0x03|0x00)
                  raw data (1): 0e 03 00 01 00|29
02:22:37:055	> BTP_BAP_CMD_SEND (0x0e|0x03|0x00)
                  raw data (50): 
                  0e 03 00 32 00|00 df 28 1c e8 07 c0 00 29 00 01 
                  02 03 04 05 06 07 08 09 0a 0b 0c 0d 0e 0f 10 11 
                  12 13 14 15 16 17 18 19 1a 1b 1c 1d 1e 1f 20 21 
                  22 23 24 25 26 27 28
02:22:37:066	< BTP_BAP_CMD_SEND (0x0e|0x03|0x00)
                  raw data (1): 0e 03 00 01 00|29
02:22:37:067	> BTP_BAP_CMD_SEND (0x0e|0x03|0x00)
                  raw data (50): 
                  0e 03 00 32 00|00 df 28 1c e8 07 c0 00 29 00 01 
                  02 03 04 05 06 07 08 09 0a 0b 0c 0d 0e 0f 10 11 
                  12 13 14 15 16 17 18 19 1a 1b 1c 1d 1e 1f 20 21 
                  22 23 24 25 26 27 28
02:22:37:098	< BTP_BAP_CMD_SEND (0x0e|0x03|0x00)
                  raw data (1): 0e 03 00 01 00|29
02:22:37:104	> BTP_BAP_CMD_SEND (0x0e|0x03|0x00)
                  raw data (50): 
                  0e 03 00 32 00|00 df 28 1c e8 07 c0 00 29 00 01 
                  02 03 04 05 06 07 08 09 0a 0b 0c 0d 0e 0f 10 11 
                  12 13 14 15 16 17 18 19 1a 1b 1c 1d 1e 1f 20 21 
                  22 23 24 25 26 27 28
02:22:37:162	< BTP_BAP_CMD_SEND (0x0e|0x03|0x00)
                  raw data (1): 0e 03 00 01 00|29
02:22:37:163	> BTP_BAP_CMD_SEND (0x0e|0x03|0x00)
                  raw data (50): 
                  0e 03 00 32 00|00 df 28 1c e8 07 c0 00 29 00 01 
                  02 03 04 05 06 07 08 09 0a 0b 0c 0d 0e 0f 10 11 
                  12 13 14 15 16 17 18 19 1a 1b 1c 1d 1e 1f 20 21 
                  22 23 24 25 26 27 28
02:22:37:215	< BTP_BAP_CMD_SEND (0x0e|0x03|0x00)
                  raw data (1): 0e 03 00 01 00|29
02:22:37:242	> BTP_BAP_CMD_SEND (0x0e|0x03|0x00)
                  raw data (50): 
                  0e 03 00 32 00|00 df 28 1c e8 07 c0 00 29 00 01 
                  02 03 04 05 06 07 08 09 0a 0b 0c 0d 0e 0f 10 11 
                  12 13 14 15 16 17 18 19 1a 1b 1c 1d 1e 1f 20 21 
                  22 23 24 25 26 27 28
02:22:37:315	< BTP_BAP_CMD_SEND (0x0e|0x03|0x00)
                  raw data (1): 0e 03 00 01 00|29
02:22:37:316	> BTP_BAP_CMD_SEND (0x0e|0x03|0x00)
                  raw data (50): 
                  0e 03 00 32 00|00 df 28 1c e8 07 c0 00 29 00 01 
                  02 03 04 05 06 07 08 09 0a 0b 0c 0d 0e 0f 10 11 
                  12 13 14 15 16 17 18 19 1a 1b 1c 1d 1e 1f 20 21 
                  22 23 24 25 26 27 28
02:22:37:353	< BTP_BAP_CMD_SEND (0x0e|0x03|0x00)
                  raw data (1): 0e 03 00 01 00|29
02:22:37:354	> BTP_BAP_CMD_SEND (0x0e|0x03|0x00)
                  raw data (50): 
                  0e 03 00 32 00|00 df 28 1c e8 07 c0 00 29 00 01 
                  02 03 04 05 06 07 08 09 0a 0b 0c 0d 0e 0f 10 11 
                  12 13 14 15 16 17 18 19 1a 1b 1c 1d 1e 1f 20 21 
                  22 23 24 25 26 27 28
02:22:37:411	< BTP_BAP_CMD_SEND (0x0e|0x03|0x00)
                  raw data (1): 0e 03 00 01 00|29
02:22:37:417	> BTP_BAP_CMD_SEND (0x0e|0x03|0x00)
                  raw data (50): 
                  0e 03 00 32 00|00 df 28 1c e8 07 c0 00 29 00 01 
                  02 03 04 05 06 07 08 09 0a 0b 0c 0d 0e 0f 10 11 
                  12 13 14 15 16 17 18 19 1a 1b 1c 1d 1e 1f 20 21 
                  22 23 24 25 26 27 28
02:22:37:454	< BTP_BAP_CMD_SEND (0x0e|0x03|0x00)
                  raw data (1): 0e 03 00 01 00|29
02:22:37:460	> BTP_BAP_CMD_SEND (0x0e|0x03|0x00)
                  raw data (50): 
                  0e 03 00 32 00|00 df 28 1c e8 07 c0 00 29 00 01 
                  02 03 04 05 06 07 08 09 0a 0b 0c 0d 0e 0f 10 11 
                  12 13 14 15 16 17 18 19 1a 1b 1c 1d 1e 1f 20 21 
                  22 23 24 25 26 27 28
02:22:37:512	< BTP_BAP_CMD_SEND (0x0e|0x03|0x00)
                  raw data (1): 0e 03 00 01 00|29
02:22:37:518	> BTP_BAP_CMD_SEND (0x0e|0x03|0x00)
                  raw data (50): 
                  0e 03 00 32 00|00 df 28 1c e8 07 c0 00 29 00 01 
                  02 03 04 05 06 07 08 09 0a 0b 0c 0d 0e 0f 10 11 
                  12 13 14 15 16 17 18 19 1a 1b 1c 1d 1e 1f 20 21 
                  22 23 24 25 26 27 28
02:22:37:571	< BTP_BAP_CMD_SEND (0x0e|0x03|0x00)
                  raw data (1): 0e 03 00 01 00|29
02:22:37:572	> BTP_BAP_CMD_SEND (0x0e|0x03|0x00)
                  raw data (50): 
                  0e 03 00 32 00|00 df 28 1c e8 07 c0 00 29 00 01 
                  02 03 04 05 06 07 08 09 0a 0b 0c 0d 0e 0f 10 11 
                  12 13 14 15 16 17 18 19 1a 1b 1c 1d 1e 1f 20 21 
                  22 23 24 25 26 27 28
02:22:37:628	< BTP_BAP_CMD_SEND (0x0e|0x03|0x00)
                  raw data (1): 0e 03 00 01 00|29
02:22:37:629	> BTP_BAP_CMD_SEND (0x0e|0x03|0x00)
                  raw data (50): 
                  0e 03 00 32 00|00 df 28 1c e8 07 c0 00 29 00 01 
                  02 03 04 05 06 07 08 09 0a 0b 0c 0d 0e 0f 10 11 
                  12 13 14 15 16 17 18 19 1a 1b 1c 1d 1e 1f 20 21 
                  22 23 24 25 26 27 28
02:22:37:652	< BTP_BAP_CMD_SEND (0x0e|0x03|0x00)
                  raw data (1): 0e 03 00 01 00|29
02:22:37:662	> BTP_BAP_CMD_SEND (0x0e|0x03|0x00)
                  raw data (50): 
                  0e 03 00 32 00|00 df 28 1c e8 07 c0 00 29 00 01 
                  02 03 04 05 06 07 08 09 0a 0b 0c 0d 0e 0f 10 11 
                  12 13 14 15 16 17 18 19 1a 1b 1c 1d 1e 1f 20 21 
                  22 23 24 25 26 27 28
02:22:37:678	< BTP_BAP_CMD_SEND (0x0e|0x03|0x00)
                  raw data (1): 0e 03 00 01 00|29
02:22:37:689	> BTP_BAP_CMD_SEND (0x0e|0x03|0x00)
                  raw data (50): 
                  0e 03 00 32 00|00 df 28 1c e8 07 c0 00 29 00 01 
                  02 03 04 05 06 07 08 09 0a 0b 0c 0d 0e 0f 10 11 
                  12 13 14 15 16 17 18 19 1a 1b 1c 1d 1e 1f 20 21 
                  22 23 24 25 26 27 28
02:22:37:708	< BTP_BAP_CMD_SEND (0x0e|0x03|0x00)
                  raw data (1): 0e 03 00 01 00|29
02:22:37:712	> BTP_BAP_CMD_SEND (0x0e|0x03|0x00)
                  raw data (50): 
                  0e 03 00 32 00|00 df 28 1c e8 07 c0 00 29 00 01 
                  02 03 04 05 06 07 08 09 0a 0b 0c 0d 0e 0f 10 11 
                  12 13 14 15 16 17 18 19 1a 1b 1c 1d 1e 1f 20 21 
                  22 23 24 25 26 27 28
02:22:37:724	< BTP_BAP_CMD_SEND (0x0e|0x03|0x00)
                  raw data (1): 0e 03 00 01 00|29
02:22:37:725	> BTP_BAP_CMD_SEND (0x0e|0x03|0x00)
                  raw data (50): 
                  0e 03 00 32 00|00 df 28 1c e8 07 c0 00 29 00 01 
                  02 03 04 05 06 07 08 09 0a 0b 0c 0d 0e 0f 10 11 
                  12 13 14 15 16 17 18 19 1a 1b 1c 1d 1e 1f 20 21 
                  22 23 24 25 26 27 28
02:22:37:743	< BTP_BAP_CMD_SEND (0x0e|0x03|0x00)
                  raw data (1): 0e 03 00 01 00|29
02:22:37:745	> BTP_BAP_CMD_SEND (0x0e|0x03|0x00)
                  raw data (50): 
                  0e 03 00 32 00|00 df 28 1c e8 07 c0 00 29 00 01 
                  02 03 04 05 06 07 08 09 0a 0b 0c 0d 0e 0f 10 11 
                  12 13 14 15 16 17 18 19 1a 1b 1c 1d 1e 1f 20 21 
                  22 23 24 25 26 27 28
02:22:37:762	< BTP_BAP_CMD_SEND (0x0e|0x03|0x00)
                  raw data (1): 0e 03 00 01 00|29
02:22:37:763	> BTP_BAP_CMD_SEND (0x0e|0x03|0x00)
                  raw data (50): 
                  0e 03 00 32 00|00 df 28 1c e8 07 c0 00 29 00 01 
                  02 03 04 05 06 07 08 09 0a 0b 0c 0d 0e 0f 10 11 
                  12 13 14 15 16 17 18 19 1a 1b 1c 1d 1e 1f 20 21 
                  22 23 24 25 26 27 28
02:22:37:805	< BTP_BAP_CMD_SEND (0x0e|0x03|0x00)
                  raw data (1): 0e 03 00 01 00|29
02:22:37:811	> BTP_BAP_CMD_SEND (0x0e|0x03|0x00)
                  raw data (50): 
                  0e 03 00 32 00|00 df 28 1c e8 07 c0 00 29 00 01 
                  02 03 04 05 06 07 08 09 0a 0b 0c 0d 0e 0f 10 11 
                  12 13 14 15 16 17 18 19 1a 1b 1c 1d 1e 1f 20 21 
                  22 23 24 25 26 27 28
02:22:37:859	< BTP_BAP_CMD_SEND (0x0e|0x03|0x00)
                  raw data (1): 0e 03 00 01 00|29
02:22:37:860	> BTP_BAP_CMD_SEND (0x0e|0x03|0x00)
                  raw data (50): 
                  0e 03 00 32 00|00 df 28 1c e8 07 c0 00 29 00 01 
                  02 03 04 05 06 07 08 09 0a 0b 0c 0d 0e 0f 10 11 
                  12 13 14 15 16 17 18 19 1a 1b 1c 1d 1e 1f 20 21 
                  22 23 24 25 26 27 28
02:22:37:938	< BTP_BAP_CMD_SEND (0x0e|0x03|0x00)
                  raw data (1): 0e 03 00 01 00|29
02:22:37:939	> BTP_BAP_CMD_SEND (0x0e|0x03|0x00)
                  raw data (50): 
                  0e 03 00 32 00|00 df 28 1c e8 07 c0 00 29 00 01 
                  02 03 04 05 06 07 08 09 0a 0b 0c 0d 0e 0f 10 11 
                  12 13 14 15 16 17 18 19 1a 1b 1c 1d 1e 1f 20 21 
                  22 23 24 25 26 27 28
02:22:37:966	< BTP_BAP_CMD_SEND (0x0e|0x03|0x00)
                  raw data (1): 0e 03 00 01 00|29
02:22:37:967	> BTP_BAP_CMD_SEND (0x0e|0x03|0x00)
                  raw data (50): 
                  0e 03 00 32 00|00 df 28 1c e8 07 c0 00 29 00 01 
                  02 03 04 05 06 07 08 09 0a 0b 0c 0d 0e 0f 10 11 
                  12 13 14 15 16 17 18 19 1a 1b 1c 1d 1e 1f 20 21 
                  22 23 24 25 26 27 28
02:22:38:009	< BTP_BAP_CMD_SEND (0x0e|0x03|0x00)
                  raw data (1): 0e 03 00 01 00|29
02:22:38:020	> BTP_BAP_CMD_SEND (0x0e|0x03|0x00)
                  raw data (50): 
                  0e 03 00 32 00|00 df 28 1c e8 07 c0 00 29 00 01 
                  02 03 04 05 06 07 08 09 0a 0b 0c 0d 0e 0f 10 11 
                  12 13 14 15 16 17 18 19 1a 1b 1c 1d 1e 1f 20 21 
                  22 23 24 25 26 27 28
02:22:38:057	< BTP_BAP_CMD_SEND (0x0e|0x03|0x00)
                  raw data (1): 0e 03 00 01 00|29
02:22:38:057	> BTP_BAP_CMD_SEND (0x0e|0x03|0x00)
                  raw data (50): 
                  0e 03 00 32 00|00 df 28 1c e8 07 c0 00 29 00 01 
                  02 03 04 05 06 07 08 09 0a 0b 0c 0d 0e 0f 10 11 
                  12 13 14 15 16 17 18 19 1a 1b 1c 1d 1e 1f 20 21 
                  22 23 24 25 26 27 28
02:22:38:072	< BTP_BAP_CMD_SEND (0x0e|0x03|0x00)
                  raw data (1): 0e 03 00 01 00|29
02:22:38:076	> BTP_BAP_CMD_SEND (0x0e|0x03|0x00)
                  raw data (50): 
                  0e 03 00 32 00|00 df 28 1c e8 07 c0 00 29 00 01 
                  02 03 04 05 06 07 08 09 0a 0b 0c 0d 0e 0f 10 11 
                  12 13 14 15 16 17 18 19 1a 1b 1c 1d 1e 1f 20 21 
                  22 23 24 25 26 27 28
02:22:38:088	< BTP_BAP_CMD_SEND (0x0e|0x03|0x00)
                  raw data (1): 0e 03 00 01 00|29
02:22:38:107	> BTP_BAP_CMD_SEND (0x0e|0x03|0x00)
                  raw data (50): 
                  0e 03 00 32 00|00 df 28 1c e8 07 c0 00 29 00 01 
                  02 03 04 05 06 07 08 09 0a 0b 0c 0d 0e 0f 10 11 
                  12 13 14 15 16 17 18 19 1a 1b 1c 1d 1e 1f 20 21 
                  22 23 24 25 26 27 28
02:22:38:124	< BTP_BAP_CMD_SEND (0x0e|0x03|0x00)
                  raw data (1): 0e 03 00 01 00|29
02:22:38:129	> BTP_BAP_CMD_SEND (0x0e|0x03|0x00)
                  raw data (50): 
                  0e 03 00 32 00|00 df 28 1c e8 07 c0 00 29 00 01 
                  02 03 04 05 06 07 08 09 0a 0b 0c 0d 0e 0f 10 11 
                  12 13 14 15 16 17 18 19 1a 1b 1c 1d 1e 1f 20 21 
                  22 23 24 25 26 27 28
02:22:38:199	< BTP_BAP_CMD_SEND (0x0e|0x03|0x00)
                  raw data (1): 0e 03 00 01 00|29
02:22:38:210	> BTP_BAP_CMD_SEND (0x0e|0x03|0x00)
                  raw data (50): 
                  0e 03 00 32 00|00 df 28 1c e8 07 c0 00 29 00 01 
                  02 03 04 05 06 07 08 09 0a 0b 0c 0d 0e 0f 10 11 
                  12 13 14 15 16 17 18 19 1a 1b 1c 1d 1e 1f 20 21 
                  22 23 24 25 26 27 28
02:22:38:279	< BTP_BAP_CMD_SEND (0x0e|0x03|0x00)
                  raw data (1): 0e 03 00 01 00|29
02:22:38:285	> BTP_BAP_CMD_SEND (0x0e|0x03|0x00)
                  raw data (50): 
                  0e 03 00 32 00|00 df 28 1c e8 07 c0 00 29 00 01 
                  02 03 04 05 06 07 08 09 0a 0b 0c 0d 0e 0f 10 11 
                  12 13 14 15 16 17 18 19 1a 1b 1c 1d 1e 1f 20 21 
                  22 23 24 25 26 27 28
02:22:38:379	< BTP_BAP_CMD_SEND (0x0e|0x03|0x00)
                  raw data (1): 0e 03 00 01 00|29
02:22:38:382	> BTP_BAP_CMD_SEND (0x0e|0x03|0x00)
                  raw data (50): 
                  0e 03 00 32 00|00 df 28 1c e8 07 c0 00 29 00 01 
                  02 03 04 05 06 07 08 09 0a 0b 0c 0d 0e 0f 10 11 
                  12 13 14 15 16 17 18 19 1a 1b 1c 1d 1e 1f 20 21 
                  22 23 24 25 26 27 28
02:22:38:393	< BTP_BAP_CMD_SEND (0x0e|0x03|0x00)
                  raw data (1): 0e 03 00 01 00|29
02:22:38:394	> BTP_BAP_CMD_SEND (0x0e|0x03|0x00)
                  raw data (50): 
                  0e 03 00 32 00|00 df 28 1c e8 07 c0 00 29 00 01 
                  02 03 04 05 06 07 08 09 0a 0b 0c 0d 0e 0f 10 11 
                  12 13 14 15 16 17 18 19 1a 1b 1c 1d 1e 1f 20 21 
                  22 23 24 25 26 27 28
02:22:38:408	< BTP_BAP_CMD_SEND (0x0e|0x03|0x00)
                  raw data (1): 0e 03 00 01 00|29
02:22:38:418	> BTP_BAP_CMD_SEND (0x0e|0x03|0x00)
                  raw data (50): 
                  0e 03 00 32 00|00 df 28 1c e8 07 c0 00 29 00 01 
                  02 03 04 05 06 07 08 09 0a 0b 0c 0d 0e 0f 10 11 
                  12 13 14 15 16 17 18 19 1a 1b 1c 1d 1e 1f 20 21 
                  22 23 24 25 26 27 28
02:22:38:439	< BTP_BAP_CMD_SEND (0x0e|0x03|0x00)
                  raw data (1): 0e 03 00 01 00|29
02:22:52:463	< BTP_CORE_EV_IUT_READY (0x00|0x80|0xff)
                  raw data (0): 00 80 ff 00 00|
