Applying system reset.
Run.
Applying system reset.
Run.
< 2023/04/14 23:25:33.707906  length=5 from=0 to=4
 00 80 ff 00 00                                   .....
--
> 2023/04/14 23:25:33.835758  length=6 from=0 to=5
 00 03 ff 01 00 01                                ......
--
< 2023/04/14 23:25:33.851912  length=5 from=5 to=9
 00 03 ff 00 00                                   .....
--
> 2023/04/14 23:25:33.915768  length=5 from=6 to=10
 01 03 00 00 00                                   .....
--
< 2023/04/14 23:25:34.123882  length=55 from=10 to=64
 01 03 00 15 01 70 1f c4 76 e7 dc 13 06 00 00 13  .....p..v.......
 82 00 00 00 00 00 62 74 70 5f 74 65 73 74 65 72  ......btp_tester
 00 00 00 00 00 00 00 00 00 00 00 00 00 00 00 00  ................
 00 00 00 00 00 00 00                             .......
--
< 2023/04/14 23:25:34.125555  length=13 from=65 to=77
 00 00 00 00 00 00 00 00 00 00 00 00 00           .............
--
< 2023/04/14 23:25:34.125934  length=10 from=78 to=87
 00 00 00 00 00 00 00 00 00 00                    ..........
--
< 2023/04/14 23:25:34.139933  length=164 from=88 to=251
 00 00 00 00 00 00 00 00 00 00 00 00 00 00 00 00  ................
 00 00 00 00 00 00 00 00 00 00 00 00 00 00 00 00  ................
 00 00 00 00 00 00 00 00 00 00 00 00 00 00 00 00  ................
 00 00 00 00 00 00 00 00 00 00 00 00 00 00 00 00  ................
 00 00 00 00 00 00 00 00 00 00 00 00 00 00 00 00  ................
 00 00 00 00 00 00 00 00 00 00 00 00 00 00 00 00  ................
 00 00 00 00 00 00 00 00 00 00 00 00 00 00 00 00  ................
 00 00 00 00 00 00 00 00 00 00 00 00 00 00 00 00  ................
 00 00 00 00 00 00 00 00 00 00 00 00 00 00 00 00  ................
 00 00 00 00 00 00 00 00 00 00 00 00 00 00 00 00  ................
 00 00 00 00                                      ....
--
< 2023/04/14 23:25:34.141904  length=23 from=252 to=274
 00 00 00 00 00 00 00 00 00 00 00 00 00 00 00 00  ................
 00 00 00 00 00 00 00                             .......
--
< 2023/04/14 23:25:34.156027  length=17 from=275 to=291
 00 00 00 00 00 00 00 00 00 00 00 00 00 00 00 00  ................
 00                                               .
--
> 2023/04/14 23:25:34.266769  length=6 from=11 to=16
 01 09 00 01 00 00                                ......
--
< 2023/04/14 23:25:34.282816  length=9 from=292 to=300
 01 09 00 04 00 03 82 00 00                       .........
--
> 2023/04/14 23:25:41.590263  length=13 from=17 to=29
 01 0e 00 08 00 00 b9 15 60 e8 07 c0 00           ........`....
--
< 2023/04/14 23:25:41.606289  length=5 from=301 to=305
 01 0e 00 00 00                                   .....
--
< 2023/04/14 23:25:41.910434  length=18 from=306 to=323
 01 82 00 0d 00 00 b9 15 60 e8 07 c0 28 00 00 00  ........`...(...
 90 01                                            ..
--
> 2023/04/14 23:25:42.038238  length=12 from=30 to=41
 01 11 00 07 00 00 b9 15 60 e8 07 c0              ........`...
--
< 2023/04/14 23:25:42.054351  length=5 from=324 to=328
 01 11 00 00 00                                   .....
--
> 2023/04/14 23:25:43.074067  length=12 from=42 to=53
 01 0f 00 07 00 00 b9 15 60 e8 07 c0              ........`...
--
< 2023/04/14 23:25:43.090192  length=5 from=329 to=333
 01 0f 00 00 00                                   .....
--
< 2023/04/14 23:25:43.106281  length=25 from=334 to=358
 01 8c 00 08 00 00 b9 15 60 e8 07 c0 09 01 83 00  ........`.......
 07 00 00 b9 15 60 e8 07 c0                       .....`...
--
Applying system reset.
Run.
