2022-05-28 09:40:09,974 root DEBUG client.py                 778   run_test_case_thread_entry : Starting TestCase wrapper MESH MESH/NODE/CFG/SL/BV-02-C
2022-05-28 09:40:09,974 root DEBUG testcase.py               718   pre_run                   : pre_run MESH MESH/NODE/CFG/SL/BV-02-C
2022-05-28 09:40:09,974 root DEBUG testcase.py               720   pre_run                   : About to run test case MESH MESH/NODE/CFG/SL/BV-02-C with commands:
2022-05-28 09:40:09,974 root DEBUG testcase.py               723   pre_run                   : 0) class=<class 'autopts.ptsprojects.testcase.TestFunc'>, func=<bound method ZephyrCtl.start of <autopts.ptsprojects.zephyr.iutctl.ZephyrCtl object at 0x000002A692CC5E80>> start_wid=None stop_wid=None post_wid=None skip_call=None call_count=0 args=(<autopts.ptsprojects.zephyr.ztestcase.ZTestCase object at 0x000002A692DF8DF0>,) kwds={}
2022-05-28 09:40:09,974 root DEBUG testcase.py               723   pre_run                   : 1) class=<class 'autopts.ptsprojects.testcase.TestFunc'>, func=<bound method ZephyrCtl.wait_iut_ready_event of <autopts.ptsprojects.zephyr.iutctl.ZephyrCtl object at 0x000002A692CC5E80>> start_wid=None stop_wid=None post_wid=None skip_call=None call_count=0 args=() kwds={}
2022-05-28 09:40:09,975 root DEBUG testcase.py               723   pre_run                   : 2) class=<class 'autopts.ptsprojects.testcase.TestFunc'>, func=<function core_reg_svc_gap at 0x000002A69142A790> start_wid=None stop_wid=None post_wid=None skip_call=None call_count=261 args=() kwds={}
2022-05-28 09:40:09,975 root DEBUG testcase.py               723   pre_run                   : 3) class=<class 'autopts.ptsprojects.testcase.TestFunc'>, func=<function core_reg_svc_mesh at 0x000002A69142AAF0> start_wid=None stop_wid=None post_wid=None skip_call=None call_count=261 args=() kwds={}
2022-05-28 09:40:09,975 root DEBUG testcase.py               723   pre_run                   : 4) class=<class 'autopts.ptsprojects.testcase.TestFunc'>, func=<function gap_read_ctrl_info at 0x000002A6914681F0> start_wid=None stop_wid=None post_wid=None skip_call=None call_count=261 args=() kwds={}
2022-05-28 09:40:09,975 root DEBUG testcase.py               723   pre_run                   : 5) class=<class 'autopts.ptsprojects.testcase.TestFunc'>, func=<function test_cases.<locals>.<lambda> at 0x000002A692CD7F70> start_wid=None stop_wid=None post_wid=None skip_call=None call_count=261 args=() kwds={}
2022-05-28 09:40:09,975 root DEBUG testcase.py               723   pre_run                   : 6) class=<class 'autopts.ptsprojects.testcase.TestFunc'>, func=<function test_cases.<locals>.<lambda> at 0x000002A692CEE040> start_wid=None stop_wid=None post_wid=None skip_call=None call_count=261 args=() kwds={}
2022-05-28 09:40:09,975 root DEBUG testcase.py               723   pre_run                   : 7) class=<class 'autopts.ptsprojects.testcase.TestFunc'>, func=<function test_cases.<locals>.<lambda> at 0x000002A692CEE0D0> start_wid=None stop_wid=None post_wid=None skip_call=None call_count=261 args=() kwds={}
2022-05-28 09:40:09,975 root DEBUG testcase.py               723   pre_run                   : 8) class=<class 'autopts.ptsprojects.testcase.TestFunc'>, func=<function test_cases.<locals>.<lambda> at 0x000002A692CEE1F0> start_wid=None stop_wid=None post_wid=None skip_call=None call_count=261 args=() kwds={}
2022-05-28 09:40:09,975 root DEBUG testcase.py               723   pre_run                   : 9) class=<class 'autopts.ptsprojects.testcase.TestFunc'>, func=<function test_cases.<locals>.<lambda> at 0x000002A692D023A0> start_wid=None stop_wid=None post_wid=None skip_call=None call_count=261 args=() kwds={}
2022-05-28 09:40:09,975 root DEBUG testcase.py               723   pre_run                   : 10) class=<class 'autopts.ptsprojects.testcase.TestFunc'>, func=<function test_cases.<locals>.<lambda> at 0x000002A692D02430> start_wid=None stop_wid=None post_wid=None skip_call=None call_count=261 args=() kwds={}
2022-05-28 09:40:09,975 root DEBUG testcase.py               723   pre_run                   : 11) class=<class 'autopts.ptsprojects.testcase.TestFunc'>, func=<function test_cases.<locals>.<lambda> at 0x000002A692D024C0> start_wid=None stop_wid=None post_wid=None skip_call=None call_count=261 args=() kwds={}
2022-05-28 09:40:09,975 root DEBUG testcase.py               723   pre_run                   : 12) class=<class 'autopts.ptsprojects.testcase.TestFunc'>, func=<function test_cases.<locals>.<lambda> at 0x000002A692D02550> start_wid=None stop_wid=None post_wid=None skip_call=None call_count=261 args=() kwds={}
2022-05-28 09:40:09,975 root DEBUG testcase.py               723   pre_run                   : 13) class=<class 'autopts.ptsprojects.testcase.TestFunc'>, func=<function test_cases.<locals>.<lambda> at 0x000002A692D025E0> start_wid=None stop_wid=None post_wid=None skip_call=None call_count=261 args=() kwds={}
2022-05-28 09:40:09,975 root DEBUG testcase.py               723   pre_run                   : 14) class=<class 'autopts.ptsprojects.testcase.TestFuncCleanUp'>, func=<bound method Stack.cleanup of <autopts.ptsprojects.stack.Stack object at 0x000002A692CC56D0>> start_wid=None stop_wid=None post_wid=None skip_call=None call_count=0 args=() kwds={}
2022-05-28 09:40:09,975 root DEBUG testcase.py               723   pre_run                   : 15) class=<class 'autopts.ptsprojects.testcase.TestFuncCleanUp'>, func=<bound method ZephyrCtl.stop of <autopts.ptsprojects.zephyr.iutctl.ZephyrCtl object at 0x000002A692CC5E80>> start_wid=None stop_wid=None post_wid=None skip_call=None call_count=0 args=() kwds={}
2022-05-28 09:40:09,976 root DEBUG testcase.py               730   pre_run                   : post_run, run pre test case script
2022-05-28 09:40:09,978 root DEBUG testcase.py               246   start                     : Starting test function: class=<class 'autopts.ptsprojects.testcase.TestFunc'>, func=<bound method ZephyrCtl.start of <autopts.ptsprojects.zephyr.iutctl.ZephyrCtl object at 0x000002A692CC5E80>> start_wid=None stop_wid=None post_wid=None skip_call=None call_count=1 args=(<autopts.ptsprojects.zephyr.ztestcase.ZTestCase object at 0x000002A692DF8DF0>,) kwds={}
2022-05-28 09:40:09,978 root DEBUG testcase.py               258   start                     : Test function parameters: args=(<autopts.ptsprojects.zephyr.ztestcase.ZTestCase object at 0x000002A692DF8DF0>,), kwds={}
2022-05-28 09:40:09,978 root DEBUG iutctl.py                 97    start                     : <class 'autopts.ptsprojects.zephyr.iutctl.ZephyrCtl'>.start
2022-05-28 09:40:09,978 root DEBUG iutctl.py                 158   flush_serial              : <class 'autopts.ptsprojects.zephyr.iutctl.ZephyrCtl'>.flush_serial
2022-05-28 09:40:11,046 root DEBUG iutctl.py                 123   start                     : Starting socat process: socat.exe -x -v tcp:192.168.9.43:55128,retry=100,interval=1 /dev/ttyS10,raw,b115200
2022-05-28 09:40:11,048 root DEBUG iutctl_common.py          276   accept                    : accept
2022-05-28 09:40:11,064 root DEBUG testcase.py               246   start                     : Starting test function: class=<class 'autopts.ptsprojects.testcase.TestFunc'>, func=<bound method ZephyrCtl.wait_iut_ready_event of <autopts.ptsprojects.zephyr.iutctl.ZephyrCtl object at 0x000002A692CC5E80>> start_wid=None stop_wid=None post_wid=None skip_call=None call_count=1 args=() kwds={}
2022-05-28 09:40:11,064 root DEBUG testcase.py               258   start                     : Test function parameters: args=(), kwds={}
2022-05-28 09:40:11,064 root DEBUG iutctl.py                 197   reset                     : <class 'autopts.ptsprojects.zephyr.iutctl.ZephyrCtl'>.reset
2022-05-28 09:40:11,064 root DEBUG iutctl.py                 232   stop                      : <class 'autopts.ptsprojects.zephyr.iutctl.ZephyrCtl'>.stop
2022-05-28 09:40:12,076 root DEBUG __init__.py               48    reset                     : About to reset DUT: 'nrfjprog -r -s 683989059'
2022-05-28 09:40:12,614 root DEBUG iutctl.py                 97    start                     : <class 'autopts.ptsprojects.zephyr.iutctl.ZephyrCtl'>.start
2022-05-28 09:40:12,615 root DEBUG iutctl.py                 158   flush_serial              : <class 'autopts.ptsprojects.zephyr.iutctl.ZephyrCtl'>.flush_serial
2022-05-28 09:40:13,675 root DEBUG iutctl.py                 123   start                     : Starting socat process: socat.exe -x -v tcp:192.168.9.43:55130,retry=100,interval=1 /dev/ttyS10,raw,b115200
2022-05-28 09:40:13,677 root DEBUG iutctl_common.py          276   accept                    : accept
2022-05-28 09:40:13,691 root DEBUG iutctl.py                 158   flush_serial              : <class 'autopts.ptsprojects.zephyr.iutctl.ZephyrCtl'>.flush_serial
2022-05-28 09:40:13,691 root DEBUG __init__.py               48    reset                     : About to reset DUT: 'nrfjprog -r -s 683989059'
2022-05-28 09:40:14,194 root DEBUG iutctl_common.py          215   read                      : read
2022-05-28 09:40:14,470 root DEBUG iutctl_common.py          74    read                      : Read 5 bytes
2022-05-28 09:40:14,486 root DEBUG iutctl_common.py          83    read                      : Received: hdr: Header(svc_id=0, op=128, ctrl_index=255, data_len=0) bytearray(b'\x00\x80\xff\x00\x00')
2022-05-28 09:40:14,502 root DEBUG iutctl_common.py          96    read                      : Received data: "('',)", bytearray(b'')
2022-05-28 09:40:14,518 root DEBUG btp.py                    487   event_handler             : event_handler Header(svc_id=0, op=128, ctrl_index=255, data_len=0) (b'',)
2022-05-28 09:40:14,550 root ERROR btp.py                    525   event_handler             : Unhandled event! svc_id 0 op 128
2022-05-28 09:40:14,550 root DEBUG iutctl.py                 225   wait_iut_ready_event      : IUT ready event received OK
2022-05-28 09:40:14,550 root DEBUG testcase.py               246   start                     : Starting test function: class=<class 'autopts.ptsprojects.testcase.TestFunc'>, func=<function core_reg_svc_gap at 0x000002A69142A790> start_wid=None stop_wid=None post_wid=None skip_call=None call_count=262 args=() kwds={}
2022-05-28 09:40:14,550 root DEBUG testcase.py               258   start                     : Test function parameters: args=(), kwds={}
2022-05-28 09:40:14,550 root DEBUG btp.py                    323   core_reg_svc_gap          : core_reg_svc_gap
2022-05-28 09:40:14,550 root DEBUG iutctl_common.py          102   send                      : send, 0 3 255 '1'
2022-05-28 09:40:14,550 root DEBUG iutctl_common.py          107   send                      : sending frame '0003ff010001'
2022-05-28 09:40:14,550 root DEBUG btp.py                    405   core_reg_svc_rsp_succ     : core_reg_svc_rsp_succ
2022-05-28 09:40:14,550 root DEBUG iutctl_common.py          215   read                      : read
2022-05-28 09:40:14,630 root DEBUG iutctl_common.py          74    read                      : Read 5 bytes
2022-05-28 09:40:14,662 root DEBUG iutctl_common.py          83    read                      : Received: hdr: Header(svc_id=0, op=3, ctrl_index=255, data_len=0) bytearray(b'\x00\x03\xff\x00\x00')
2022-05-28 09:40:14,678 root DEBUG iutctl_common.py          96    read                      : Received data: "('',)", bytearray(b'')
2022-05-28 09:40:14,678 root DEBUG btp.py                    416   core_reg_svc_rsp_succ     : received Header(svc_id=0, op=3, ctrl_index=255, data_len=0) (b'',)
2022-05-28 09:40:14,678 root DEBUG btp.py                    417   core_reg_svc_rsp_succ     : expected ((0, 3, 255, 0), (b'',))
2022-05-28 09:40:14,678 root DEBUG btp.py                    422   core_reg_svc_rsp_succ     : response is valid
2022-05-28 09:40:14,678 root DEBUG testcase.py               246   start                     : Starting test function: class=<class 'autopts.ptsprojects.testcase.TestFunc'>, func=<function core_reg_svc_mesh at 0x000002A69142AAF0> start_wid=None stop_wid=None post_wid=None skip_call=None call_count=262 args=() kwds={}
2022-05-28 09:40:14,678 root DEBUG testcase.py               258   start                     : Test function parameters: args=(), kwds={}
2022-05-28 09:40:14,678 root DEBUG btp.py                    373   core_reg_svc_mesh         : core_reg_svc_mesh
2022-05-28 09:40:14,678 root DEBUG iutctl_common.py          102   send                      : send, 0 3 255 '4'
2022-05-28 09:40:14,678 root DEBUG iutctl_common.py          107   send                      : sending frame '0003ff010004'
2022-05-28 09:40:14,678 root DEBUG btp.py                    405   core_reg_svc_rsp_succ     : core_reg_svc_rsp_succ
2022-05-28 09:40:14,678 root DEBUG iutctl_common.py          215   read                      : read
2022-05-28 09:40:14,758 root DEBUG iutctl_common.py          74    read                      : Read 5 bytes
2022-05-28 09:40:14,774 root DEBUG iutctl_common.py          83    read                      : Received: hdr: Header(svc_id=0, op=3, ctrl_index=255, data_len=0) bytearray(b'\x00\x03\xff\x00\x00')
2022-05-28 09:40:14,805 root DEBUG iutctl_common.py          96    read                      : Received data: "('',)", bytearray(b'')
2022-05-28 09:40:14,837 root DEBUG btp.py                    416   core_reg_svc_rsp_succ     : received Header(svc_id=0, op=3, ctrl_index=255, data_len=0) (b'',)
2022-05-28 09:40:14,837 root DEBUG btp.py                    417   core_reg_svc_rsp_succ     : expected ((0, 3, 255, 0), (b'',))
2022-05-28 09:40:14,837 root DEBUG btp.py                    422   core_reg_svc_rsp_succ     : response is valid
2022-05-28 09:40:14,837 root DEBUG testcase.py               246   start                     : Starting test function: class=<class 'autopts.ptsprojects.testcase.TestFunc'>, func=<function gap_read_ctrl_info at 0x000002A6914681F0> start_wid=None stop_wid=None post_wid=None skip_call=None call_count=262 args=() kwds={}
2022-05-28 09:40:14,837 root DEBUG testcase.py               258   start                     : Test function parameters: args=(), kwds={}
2022-05-28 09:40:14,837 root DEBUG gap.py                    855   gap_read_ctrl_info        : gap_read_ctrl_info
2022-05-28 09:40:14,837 root DEBUG iutctl_common.py          102   send                      : send, 1 3 0 ''
2022-05-28 09:40:14,837 root DEBUG iutctl_common.py          107   send                      : sending frame '0103000000'
2022-05-28 09:40:14,837 root DEBUG iutctl_common.py          215   read                      : read
2022-05-28 09:40:14,917 root DEBUG iutctl_common.py          74    read                      : Read 5 bytes
2022-05-28 09:40:14,933 root DEBUG iutctl_common.py          83    read                      : Received: hdr: Header(svc_id=1, op=3, ctrl_index=0, data_len=277) bytearray(b'\x01\x03\x00\x15\x01')
2022-05-28 09:40:14,965 root DEBUG iutctl_common.py          96    read                      : Received data: "('p\x1fÄvçÜ\x13\x06\x00\x00\x13\x82\x00\x00\x00\x00\x00btp_tester\x00\x00\x00\x00\x00\x00\x00\x00\x00\x00\x00\x00\x00\x00\x00\x00\x00\x00\x00\x00\x00\x00\x00\x00\x00\x00\x00\x00\x00\x00\x00\x00\x00\x00\x00\x00\x00\x00\x00\x00\x00\x00\x00\x00\x00\x00\x00\x00\x00\x00\x00\x00\x00\x00\x00\x00\x00\x00\x00\x00\x00\x00\x00\x00\x00\x00\x00\x00\x00\x00\x00\x00\x00\x00\x00\x00\x00\x00\x00\x00\x00\x00\x00\x00\x00\x00\x00\x00\x00\x00\x00\x00\x00\x00\x00\x00\x00\x00\x00\x00\x00\x00\x00\x00\x00\x00\x00\x00\x00\x00\x00\x00\x00\x00\x00\x00\x00\x00\x00\x00\x00\x00\x00\x00\x00\x00\x00\x00\x00\x00\x00\x00\x00\x00\x00\x00\x00\x00\x00\x00\x00\x00\x00\x00\x00\x00\x00\x00\x00\x00\x00\x00\x00\x00\x00\x00\x00\x00\x00\x00\x00\x00\x00\x00\x00\x00\x00\x00\x00\x00\x00\x00\x00\x00\x00\x00\x00\x00\x00\x00\x00\x00\x00\x00\x00\x00\x00\x00\x00\x00\x00\x00\x00\x00\x00\x00\x00\x00\x00\x00\x00\x00\x00\x00\x00\x00\x00\x00\x00\x00\x00\x00\x00\x00\x00\x00\x00\x00\x00\x00\x00\x00\x00\x00\x00\x00\x00\x00\x00\x00\x00\x00\x00\x00\x00\x00\x00\x00\x00\x00\x00\x00\x00\x00\x00\x00\x00\x00\x00\x00',)", bytearray(b'p\x1f\xc4v\xe7\xdc\x13\x06\x00\x00\x13\x82\x00\x00\x00\x00\x00btp_tester\x00\x00\x00\x00\x00\x00\x00\x00\x00\x00\x00\x00\x00\x00\x00\x00\x00\x00\x00\x00\x00\x00\x00\x00\x00\x00\x00\x00\x00\x00\x00\x00\x00\x00\x00\x00\x00\x00\x00\x00\x00\x00\x00\x00\x00\x00\x00\x00\x00\x00\x00\x00\x00\x00\x00\x00\x00\x00\x00\x00\x00\x00\x00\x00\x00\x00\x00\x00\x00\x00\x00\x00\x00\x00\x00\x00\x00\x00\x00\x00\x00\x00\x00\x00\x00\x00\x00\x00\x00\x00\x00\x00\x00\x00\x00\x00\x00\x00\x00\x00\x00\x00\x00\x00\x00\x00\x00\x00\x00\x00\x00\x00\x00\x00\x00\x00\x00\x00\x00\x00\x00\x00\x00\x00\x00\x00\x00\x00\x00\x00\x00\x00\x00\x00\x00\x00\x00\x00\x00\x00\x00\x00\x00\x00\x00\x00\x00\x00\x00\x00\x00\x00\x00\x00\x00\x00\x00\x00\x00\x00\x00\x00\x00\x00\x00\x00\x00\x00\x00\x00\x00\x00\x00\x00\x00\x00\x00\x00\x00\x00\x00\x00\x00\x00\x00\x00\x00\x00\x00\x00\x00\x00\x00\x00\x00\x00\x00\x00\x00\x00\x00\x00\x00\x00\x00\x00\x00\x00\x00\x00\x00\x00\x00\x00\x00\x00\x00\x00\x00\x00\x00\x00\x00\x00\x00\x00\x00\x00\x00\x00\x00\x00\x00\x00\x00\x00\x00\x00\x00\x00\x00\x00\x00\x00\x00\x00\x00\x00\x00\x00')
2022-05-28 09:40:14,981 root DEBUG gap.py                    862   gap_read_ctrl_info        : received Header(svc_id=1, op=3, ctrl_index=0, data_len=277) (b'p\x1f\xc4v\xe7\xdc\x13\x06\x00\x00\x13\x82\x00\x00\x00\x00\x00btp_tester\x00\x00\x00\x00\x00\x00\x00\x00\x00\x00\x00\x00\x00\x00\x00\x00\x00\x00\x00\x00\x00\x00\x00\x00\x00\x00\x00\x00\x00\x00\x00\x00\x00\x00\x00\x00\x00\x00\x00\x00\x00\x00\x00\x00\x00\x00\x00\x00\x00\x00\x00\x00\x00\x00\x00\x00\x00\x00\x00\x00\x00\x00\x00\x00\x00\x00\x00\x00\x00\x00\x00\x00\x00\x00\x00\x00\x00\x00\x00\x00\x00\x00\x00\x00\x00\x00\x00\x00\x00\x00\x00\x00\x00\x00\x00\x00\x00\x00\x00\x00\x00\x00\x00\x00\x00\x00\x00\x00\x00\x00\x00\x00\x00\x00\x00\x00\x00\x00\x00\x00\x00\x00\x00\x00\x00\x00\x00\x00\x00\x00\x00\x00\x00\x00\x00\x00\x00\x00\x00\x00\x00\x00\x00\x00\x00\x00\x00\x00\x00\x00\x00\x00\x00\x00\x00\x00\x00\x00\x00\x00\x00\x00\x00\x00\x00\x00\x00\x00\x00\x00\x00\x00\x00\x00\x00\x00\x00\x00\x00\x00\x00\x00\x00\x00\x00\x00\x00\x00\x00\x00\x00\x00\x00\x00\x00\x00\x00\x00\x00\x00\x00\x00\x00\x00\x00\x00\x00\x00\x00\x00\x00\x00\x00\x00\x00\x00\x00\x00\x00\x00\x00\x00\x00\x00\x00\x00\x00\x00\x00\x00\x00\x00\x00\x00\x00\x00\x00\x00\x00\x00\x00\x00\x00\x00\x00\x00\x00\x00\x00\x00',)
2022-05-28 09:40:14,981 root DEBUG gap.py                    883   gap_read_ctrl_info        : IUT address 'dce776c41f70'
2022-05-28 09:40:14,981 root DEBUG gap.py                    324   __gap_current_settings_update : __gap_current_settings_update 33299
2022-05-28 09:40:14,981 root DEBUG testcase.py               246   start                     : Starting test function: class=<class 'autopts.ptsprojects.testcase.TestFunc'>, func=<function test_cases.<locals>.<lambda> at 0x000002A692CD7F70> start_wid=None stop_wid=None post_wid=None skip_call=None call_count=262 args=() kwds={}
2022-05-28 09:40:14,981 root DEBUG testcase.py               258   start                     : Test function parameters: args=(), kwds={}
2022-05-28 09:40:14,984 root DEBUG testcase.py               246   start                     : Starting test function: class=<class 'autopts.ptsprojects.testcase.TestFunc'>, func=<function test_cases.<locals>.<lambda> at 0x000002A692CEE040> start_wid=None stop_wid=None post_wid=None skip_call=None call_count=262 args=() kwds={}
2022-05-28 09:40:14,984 root DEBUG testcase.py               258   start                     : Test function parameters: args=(), kwds={}
2022-05-28 09:40:14,987 root DEBUG testcase.py               246   start                     : Starting test function: class=<class 'autopts.ptsprojects.testcase.TestFunc'>, func=<function test_cases.<locals>.<lambda> at 0x000002A692CEE0D0> start_wid=None stop_wid=None post_wid=None skip_call=None call_count=262 args=() kwds={}
2022-05-28 09:40:14,987 root DEBUG testcase.py               258   start                     : Test function parameters: args=(), kwds={}
2022-05-28 09:40:14,990 root DEBUG testcase.py               246   start                     : Starting test function: class=<class 'autopts.ptsprojects.testcase.TestFunc'>, func=<function test_cases.<locals>.<lambda> at 0x000002A692CEE1F0> start_wid=None stop_wid=None post_wid=None skip_call=None call_count=262 args=() kwds={}
2022-05-28 09:40:14,990 root DEBUG testcase.py               258   start                     : Test function parameters: args=(), kwds={}
2022-05-28 09:40:14,992 root DEBUG testcase.py               246   start                     : Starting test function: class=<class 'autopts.ptsprojects.testcase.TestFunc'>, func=<function test_cases.<locals>.<lambda> at 0x000002A692D023A0> start_wid=None stop_wid=None post_wid=None skip_call=None call_count=262 args=() kwds={}
2022-05-28 09:40:14,992 root DEBUG testcase.py               258   start                     : Test function parameters: args=(), kwds={}
2022-05-28 09:40:14,995 root DEBUG testcase.py               246   start                     : Starting test function: class=<class 'autopts.ptsprojects.testcase.TestFunc'>, func=<function test_cases.<locals>.<lambda> at 0x000002A692D02430> start_wid=None stop_wid=None post_wid=None skip_call=None call_count=262 args=() kwds={}
2022-05-28 09:40:14,995 root DEBUG testcase.py               258   start                     : Test function parameters: args=(), kwds={}
2022-05-28 09:40:14,998 root DEBUG testcase.py               246   start                     : Starting test function: class=<class 'autopts.ptsprojects.testcase.TestFunc'>, func=<function test_cases.<locals>.<lambda> at 0x000002A692D024C0> start_wid=None stop_wid=None post_wid=None skip_call=None call_count=262 args=() kwds={}
2022-05-28 09:40:14,998 root DEBUG testcase.py               258   start                     : Test function parameters: args=(), kwds={}
2022-05-28 09:40:14,998 root DEBUG testcase.py               246   start                     : Starting test function: class=<class 'autopts.ptsprojects.testcase.TestFunc'>, func=<function test_cases.<locals>.<lambda> at 0x000002A692D02550> start_wid=None stop_wid=None post_wid=None skip_call=None call_count=262 args=() kwds={}
2022-05-28 09:40:14,998 root DEBUG testcase.py               258   start                     : Test function parameters: args=(), kwds={}
2022-05-28 09:40:15,001 root DEBUG testcase.py               246   start                     : Starting test function: class=<class 'autopts.ptsprojects.testcase.TestFunc'>, func=<function test_cases.<locals>.<lambda> at 0x000002A692D025E0> start_wid=None stop_wid=None post_wid=None skip_call=None call_count=262 args=() kwds={}
2022-05-28 09:40:15,001 root DEBUG testcase.py               258   start                     : Test function parameters: args=(), kwds={}
2022-05-28 09:40:15,003 root DEBUG client.py                 272   set_current_test_case     : CallbackThread.set_current_test_case MESH/NODE/CFG/SL/BV-02-C
2022-05-28 09:40:17,179 ClientCallback.on_implicit_send INFO client.py                 171   on_implicit_send          : ********************
2022-05-28 09:40:17,179 ClientCallback.on_implicit_send INFO client.py                 172   on_implicit_send          : BEGIN OnImplicitSend:
2022-05-28 09:40:17,179 ClientCallback.on_implicit_send INFO client.py                 173   on_implicit_send          : project_name: MESH
2022-05-28 09:40:17,179 ClientCallback.on_implicit_send INFO client.py                 174   on_implicit_send          : wid: 13
2022-05-28 09:40:17,179 ClientCallback.on_implicit_send INFO client.py                 175   on_implicit_send          : test_case_name: MESH/NODE/CFG/SL/BV-02-C
2022-05-28 09:40:17,180 ClientCallback.on_implicit_send INFO client.py                 176   on_implicit_send          : description: There is no shared security information. Please remove any security information if any. PTS is waiting for beacon to start provisioning from IUT with UUID value indicated in 'TSPX_device_uuid'
2022-05-28 09:40:17,180 ClientCallback.on_implicit_send INFO client.py                 177   on_implicit_send          : style: MMI_Style_Ok_Cancel2 0x11141
2022-05-28 09:40:17,180 ClientCallback.on_implicit_send INFO client.py                 183   on_implicit_send          : Calling test cases on_implicit_send
2022-05-28 09:40:17,180 root DEBUG testcase.py               675   on_implicit_send          : MESH MESH/NODE/CFG/SL/BV-02-C on_implicit_send
2022-05-28 09:40:17,180 root DEBUG testcase.py               619   join_post_wid_thread      : MESH MESH/NODE/CFG/SL/BV-02-C join_post_wid_thread
2022-05-28 09:40:17,180 root DEBUG testcase.py               621   join_post_wid_thread      : self.post_wid_thread None
2022-05-28 09:40:17,180 root DEBUG mesh.py                   49    mesh_wid_hdl              : mesh_wid_hdl, 13, "There is no shared security information. Please remove any security information if any. PTS is waiting for beacon to start provisioning from IUT with UUID value indicated in 'TSPX_device_uuid'", MESH/NODE/CFG/SL/BV-02-C
2022-05-28 09:40:17,180 root DEBUG mesh.py                   257   mesh_config_prov          : mesh_config_prov
2022-05-28 09:40:17,180 root DEBUG iutctl_common.py          102   send                      : send, 4 2 0 "bytearray(b'\\x86\\x10|\\xc9\\x03\\xe2@~\\x9b\\xfc\\x8dig\\xe2\\xad\\xa9\\x00\\x00\\x00\\x00\\x00\\x00\\x00\\x00\\x00\\x00\\x00\\x00\\x00\\x00\\x00\\x00\\x01\\x10\\x00\\x02\\x08\\x00\\x00')"
2022-05-28 09:40:17,180 root DEBUG iutctl_common.py          107   send                      : sending frame '040200270086107cc903e2407e9bfc8d6967e2ada90000000000000000000000000000000001100002080000'
2022-05-28 09:40:17,180 root DEBUG iutctl_common.py          215   read                      : read
2022-05-28 09:40:17,229 root DEBUG iutctl_common.py          74    read                      : Read 5 bytes
2022-05-28 09:40:17,261 root DEBUG iutctl_common.py          83    read                      : Received: hdr: Header(svc_id=4, op=2, ctrl_index=0, data_len=0) bytearray(b'\x04\x02\x00\x00\x00')
2022-05-28 09:40:17,277 root DEBUG iutctl_common.py          96    read                      : Received data: "('',)", bytearray(b'')
2022-05-28 09:40:17,277 root DEBUG mesh.py                   321   mesh_init                 : mesh_init
2022-05-28 09:40:17,277 root DEBUG iutctl_common.py          102   send                      : send, 4 4 0 ''
2022-05-28 09:40:17,277 root DEBUG iutctl_common.py          107   send                      : sending frame '0404000000'
2022-05-28 09:40:17,277 root DEBUG iutctl_common.py          215   read                      : read
2022-05-28 09:40:17,356 root DEBUG iutctl_common.py          74    read                      : Read 5 bytes
2022-05-28 09:40:17,372 root DEBUG iutctl_common.py          83    read                      : Received: hdr: Header(svc_id=4, op=4, ctrl_index=0, data_len=0) bytearray(b'\x04\x04\x00\x00\x00')
2022-05-28 09:40:17,388 root DEBUG iutctl_common.py          96    read                      : Received data: "('',)", bytearray(b'')
2022-05-28 09:40:17,420 root DEBUG iutctl_common.py          74    read                      : Read 5 bytes
2022-05-28 09:40:17,420 root DEBUG testcase.py               713   on_implicit_send          : Sending response 'OK' to wid 13 test case MESH/NODE/CFG/SL/BV-02-C
2022-05-28 09:40:17,420 root DEBUG iutctl_common.py          83    read                      : Received: hdr: Header(svc_id=4, op=132, ctrl_index=0, data_len=1) bytearray(b'\x04\x84\x00\x01\x00')
2022-05-28 09:40:17,420 ClientCallback.on_implicit_send INFO client.py                 188   on_implicit_send          : test case returned on_implicit_send, response: OK
2022-05-28 09:40:17,420 root DEBUG iutctl_common.py          96    read                      : Received data: "('\x00',)", bytearray(b'\x00')
2022-05-28 09:40:17,420 ClientCallback.on_implicit_send INFO client.py                 198   on_implicit_send          : END OnImplicitSend:
2022-05-28 09:40:17,421 root DEBUG btp.py                    487   event_handler             : event_handler Header(svc_id=4, op=132, ctrl_index=0, data_len=1) (b'\x00',)
2022-05-28 09:40:17,421 ClientCallback.on_implicit_send INFO client.py                 199   on_implicit_send          : ********************
2022-05-28 09:40:17,421 root DEBUG mesh.py                   576   mesh_prov_link_open_ev    : mesh_prov_link_open_ev b'\x00'
2022-05-28 09:40:19,335 root DEBUG iutctl_common.py          74    read                      : Read 5 bytes
2022-05-28 09:40:19,335 root DEBUG iutctl_common.py          83    read                      : Received: hdr: Header(svc_id=4, op=131, ctrl_index=0, data_len=0) bytearray(b'\x04\x83\x00\x00\x00')
2022-05-28 09:40:19,336 root DEBUG iutctl_common.py          96    read                      : Received data: "('',)", bytearray(b'')
2022-05-28 09:40:19,336 root DEBUG btp.py                    487   event_handler             : event_handler Header(svc_id=4, op=131, ctrl_index=0, data_len=0) (b'',)
2022-05-28 09:40:19,336 root DEBUG mesh.py                   566   mesh_provisioned_ev       : mesh_provisioned_ev b''
2022-05-28 09:40:20,748 root DEBUG iutctl_common.py          74    read                      : Read 5 bytes
2022-05-28 09:40:20,748 root DEBUG iutctl_common.py          83    read                      : Received: hdr: Header(svc_id=4, op=133, ctrl_index=0, data_len=1) bytearray(b'\x04\x85\x00\x01\x00')
2022-05-28 09:40:20,749 root DEBUG iutctl_common.py          96    read                      : Received data: "('\x00',)", bytearray(b'\x00')
2022-05-28 09:40:20,749 root DEBUG btp.py                    487   event_handler             : event_handler Header(svc_id=4, op=133, ctrl_index=0, data_len=1) (b'\x00',)
2022-05-28 09:40:20,750 root DEBUG mesh.py                   584   mesh_prov_link_closed_ev  : mesh_prov_link_closed_ev b'\x00'
2022-05-28 09:40:21,865 root DEBUG iutctl_common.py          74    read                      : Read 5 bytes
2022-05-28 09:40:21,865 root DEBUG iutctl_common.py          83    read                      : Received: hdr: Header(svc_id=4, op=134, ctrl_index=0, data_len=22) bytearray(b'\x04\x86\x00\x16\x00')
2022-05-28 09:40:21,865 root DEBUG iutctl_common.py          96    read                      : Received data: "('\x03\x00\x01\x00\x02\x00\x0f\x80\x80\x00\x00Aì\x9c\x12\x89Éy\x0c>\x9fû',)", bytearray(b'\x03\x00\x01\x00\x02\x00\x0f\x80\x80\x00\x00A\xec\x9c\x12\x89\xc9y\x0c>\x9f\xfb')
2022-05-28 09:40:21,865 root DEBUG btp.py                    487   event_handler             : event_handler Header(svc_id=4, op=134, ctrl_index=0, data_len=22) (b'\x03\x00\x01\x00\x02\x00\x0f\x80\x80\x00\x00A\xec\x9c\x12\x89\xc9y\x0c>\x9f\xfb',)
2022-05-28 09:40:22,259 root DEBUG iutctl_common.py          74    read                      : Read 5 bytes
2022-05-28 09:40:22,259 root DEBUG iutctl_common.py          83    read                      : Received: hdr: Header(svc_id=4, op=134, ctrl_index=0, data_len=14) bytearray(b'\x04\x86\x00\x0e\x00')
2022-05-28 09:40:22,260 root DEBUG iutctl_common.py          96    read                      : Received data: "('\x07\x01\x01\x00\x02\x00\x07\x00\x00\x04\x00\x00\x00\x07',)", bytearray(b'\x07\x01\x01\x00\x02\x00\x07\x00\x00\x04\x00\x00\x00\x07')
2022-05-28 09:40:22,260 root DEBUG btp.py                    487   event_handler             : event_handler Header(svc_id=4, op=134, ctrl_index=0, data_len=14) (b'\x07\x01\x01\x00\x02\x00\x07\x00\x00\x04\x00\x00\x00\x07',)
2022-05-28 09:40:23,386 root DEBUG iutctl_common.py          74    read                      : Read 5 bytes
2022-05-28 09:40:23,386 root DEBUG iutctl_common.py          83    read                      : Received: hdr: Header(svc_id=4, op=134, ctrl_index=0, data_len=21) bytearray(b'\x04\x86\x00\x15\x00')
2022-05-28 09:40:23,386 root DEBUG iutctl_common.py          96    read                      : Received data: "('\x03\x00\x01\x00\x02\x00\x0e\x80\x00\x08\x00×üÎQµ\x99\x1fî\x7f\x1f',)", bytearray(b'\x03\x00\x01\x00\x02\x00\x0e\x80\x00\x08\x00\xd7\xfc\xceQ\xb5\x99\x1f\xee\x7f\x1f')
2022-05-28 09:40:23,387 root DEBUG btp.py                    487   event_handler             : event_handler Header(svc_id=4, op=134, ctrl_index=0, data_len=21) (b'\x03\x00\x01\x00\x02\x00\x0e\x80\x00\x08\x00\xd7\xfc\xceQ\xb5\x99\x1f\xee\x7f\x1f',)
2022-05-28 09:40:23,558 root DEBUG iutctl_common.py          74    read                      : Read 5 bytes
2022-05-28 09:40:23,558 root DEBUG iutctl_common.py          83    read                      : Received: hdr: Header(svc_id=4, op=134, ctrl_index=0, data_len=23) bytearray(b'\x04\x86\x00\x17\x00')
2022-05-28 09:40:23,559 root DEBUG iutctl_common.py          96    read                      : Received data: "('\x03\x00\x01\x00\x02\x00\x10\x80\x80\x0c\x02\x10¸!$¾\x8f\x88T,ªYó',)", bytearray(b'\x03\x00\x01\x00\x02\x00\x10\x80\x80\x0c\x02\x10\xb8!$\xbe\x8f\x88T,\xaaY\xf3')
2022-05-28 09:40:23,559 root DEBUG btp.py                    487   event_handler             : event_handler Header(svc_id=4, op=134, ctrl_index=0, data_len=23) (b'\x03\x00\x01\x00\x02\x00\x10\x80\x80\x0c\x02\x10\xb8!$\xbe\x8f\x88T,\xaaY\xf3',)
2022-05-28 09:40:23,605 root DEBUG iutctl_common.py          74    read                      : Read 5 bytes
2022-05-28 09:40:23,606 root DEBUG iutctl_common.py          83    read                      : Received: hdr: Header(svc_id=4, op=134, ctrl_index=0, data_len=23) bytearray(b'\x04\x86\x00\x17\x00')
2022-05-28 09:40:23,606 root DEBUG iutctl_common.py          96    read                      : Received data: '(\'\x03\x00\x01\x00\x02\x00\x10\x80\x80\x0c"5Î\x89\x123¹¯Já_\x94C\',)', bytearray(b'\x03\x00\x01\x00\x02\x00\x10\x80\x80\x0c"5\xce\x89\x123\xb9\xafJ\xe1_\x94C')
2022-05-28 09:40:23,606 root DEBUG btp.py                    487   event_handler             : event_handler Header(svc_id=4, op=134, ctrl_index=0, data_len=23) (b'\x03\x00\x01\x00\x02\x00\x10\x80\x80\x0c"5\xce\x89\x123\xb9\xafJ\xe1_\x94C',)
2022-05-28 09:40:23,653 root DEBUG iutctl_common.py          74    read                      : Read 5 bytes
2022-05-28 09:40:23,654 root DEBUG iutctl_common.py          83    read                      : Received: hdr: Header(svc_id=4, op=134, ctrl_index=0, data_len=17) bytearray(b'\x04\x86\x00\x11\x00')
2022-05-28 09:40:23,655 root DEBUG iutctl_common.py          96    read                      : Received data: "('\x03\x00\x01\x00\x02\x00\n\x80\x80\x0cBp8mÁ¢\x1c',)", bytearray(b'\x03\x00\x01\x00\x02\x00\n\x80\x80\x0cBp8m\xc1\xa2\x1c')
2022-05-28 09:40:23,655 root DEBUG btp.py                    487   event_handler             : event_handler Header(svc_id=4, op=134, ctrl_index=0, data_len=17) (b'\x03\x00\x01\x00\x02\x00\n\x80\x80\x0cBp8m\xc1\xa2\x1c',)
2022-05-28 09:40:23,809 root DEBUG iutctl_common.py          74    read                      : Read 5 bytes
2022-05-28 09:40:23,809 root DEBUG iutctl_common.py          83    read                      : Received: hdr: Header(svc_id=4, op=134, ctrl_index=0, data_len=21) bytearray(b'\x04\x86\x00\x15\x00')
2022-05-28 09:40:23,824 root DEBUG iutctl_common.py          96    read                      : Received data: "('\x03\x00\x01\x00\x02\x00\x0e\x80\x00\x18\x00Øºd½Ì^\x8bø¡»',)", bytearray(b'\x03\x00\x01\x00\x02\x00\x0e\x80\x00\x18\x00\xd8\xbad\xbd\xcc^\x8b\xf8\xa1\xbb')
2022-05-28 09:40:23,824 root DEBUG btp.py                    487   event_handler             : event_handler Header(svc_id=4, op=134, ctrl_index=0, data_len=21) (b'\x03\x00\x01\x00\x02\x00\x0e\x80\x00\x18\x00\xd8\xbad\xbd\xcc^\x8b\xf8\xa1\xbb',)
2022-05-28 09:40:24,045 root DEBUG iutctl_common.py          74    read                      : Read 5 bytes
2022-05-28 09:40:24,046 root DEBUG iutctl_common.py          83    read                      : Received: hdr: Header(svc_id=4, op=134, ctrl_index=0, data_len=23) bytearray(b'\x04\x86\x00\x17\x00')
2022-05-28 09:40:24,046 root DEBUG iutctl_common.py          96    read                      : Received data: "('\x03\x00\x01\x00\x02\x00\x10\x80\x80\x1c\x02I\x90\x94\x1dã\x8b{Ê\x11m\x87¥',)", bytearray(b'\x03\x00\x01\x00\x02\x00\x10\x80\x80\x1c\x02I\x90\x94\x1d\xe3\x8b{\xca\x11m\x87\xa5')
2022-05-28 09:40:24,046 root DEBUG btp.py                    487   event_handler             : event_handler Header(svc_id=4, op=134, ctrl_index=0, data_len=23) (b'\x03\x00\x01\x00\x02\x00\x10\x80\x80\x1c\x02I\x90\x94\x1d\xe3\x8b{\xca\x11m\x87\xa5',)
2022-05-28 09:40:24,063 root DEBUG iutctl_common.py          74    read                      : Read 5 bytes
2022-05-28 09:40:24,063 root DEBUG iutctl_common.py          83    read                      : Received: hdr: Header(svc_id=4, op=134, ctrl_index=0, data_len=23) bytearray(b'\x04\x86\x00\x17\x00')
2022-05-28 09:40:24,064 root DEBUG iutctl_common.py          96    read                      : Received data: '(\'\x03\x00\x01\x00\x02\x00\x10\x80\x80\x1c"¨L¬ë\rg\t§M(\x87¡\',)', bytearray(b'\x03\x00\x01\x00\x02\x00\x10\x80\x80\x1c"\xa8L\xac\xeb\rg\t\xa7M(\x87\xa1')
2022-05-28 09:40:24,065 root DEBUG btp.py                    487   event_handler             : event_handler Header(svc_id=4, op=134, ctrl_index=0, data_len=23) (b'\x03\x00\x01\x00\x02\x00\x10\x80\x80\x1c"\xa8L\xac\xeb\rg\t\xa7M(\x87\xa1',)
2022-05-28 09:40:24,108 root DEBUG iutctl_common.py          74    read                      : Read 5 bytes
2022-05-28 09:40:24,108 root DEBUG iutctl_common.py          83    read                      : Received: hdr: Header(svc_id=4, op=134, ctrl_index=0, data_len=17) bytearray(b'\x04\x86\x00\x11\x00')
2022-05-28 09:40:24,108 root DEBUG iutctl_common.py          96    read                      : Received data: "('\x03\x00\x01\x00\x02\x00\n\x80\x80\x1cBI\x12E}\x89¥',)", bytearray(b'\x03\x00\x01\x00\x02\x00\n\x80\x80\x1cBI\x12E}\x89\xa5')
2022-05-28 09:40:24,108 root DEBUG btp.py                    487   event_handler             : event_handler Header(svc_id=4, op=134, ctrl_index=0, data_len=17) (b'\x03\x00\x01\x00\x02\x00\n\x80\x80\x1cBI\x12E}\x89\xa5',)
2022-05-28 09:40:24,296 root DEBUG iutctl_common.py          74    read                      : Read 5 bytes
2022-05-28 09:40:24,296 root DEBUG iutctl_common.py          83    read                      : Received: hdr: Header(svc_id=4, op=134, ctrl_index=0, data_len=21) bytearray(b'\x04\x86\x00\x15\x00')
2022-05-28 09:40:24,296 root DEBUG iutctl_common.py          96    read                      : Received data: "('\x03\x00\x01\x00\x02\x00\x0e\x80\x00(\x00¸\x03¹\x07½_|BF\x05',)", bytearray(b'\x03\x00\x01\x00\x02\x00\x0e\x80\x00(\x00\xb8\x03\xb9\x07\xbd_|BF\x05')
2022-05-28 09:40:24,296 root DEBUG btp.py                    487   event_handler             : event_handler Header(svc_id=4, op=134, ctrl_index=0, data_len=21) (b'\x03\x00\x01\x00\x02\x00\x0e\x80\x00(\x00\xb8\x03\xb9\x07\xbd_|BF\x05',)
2022-05-28 09:40:24,533 root DEBUG iutctl_common.py          74    read                      : Read 5 bytes
2022-05-28 09:40:24,533 root DEBUG iutctl_common.py          83    read                      : Received: hdr: Header(svc_id=4, op=134, ctrl_index=0, data_len=23) bytearray(b'\x04\x86\x00\x17\x00')
2022-05-28 09:40:24,533 root DEBUG iutctl_common.py          96    read                      : Received data: "('\x03\x00\x01\x00\x02\x00\x10\x80\x80,\x02ñ¼\xad\x81ú\x18AÕ];·N',)", bytearray(b'\x03\x00\x01\x00\x02\x00\x10\x80\x80,\x02\xf1\xbc\xad\x81\xfa\x18A\xd5];\xb7N')
2022-05-28 09:40:24,533 root DEBUG btp.py                    487   event_handler             : event_handler Header(svc_id=4, op=134, ctrl_index=0, data_len=23) (b'\x03\x00\x01\x00\x02\x00\x10\x80\x80,\x02\xf1\xbc\xad\x81\xfa\x18A\xd5];\xb7N',)
2022-05-28 09:40:24,563 root DEBUG iutctl_common.py          74    read                      : Read 5 bytes
2022-05-28 09:40:24,564 root DEBUG iutctl_common.py          83    read                      : Received: hdr: Header(svc_id=4, op=134, ctrl_index=0, data_len=23) bytearray(b'\x04\x86\x00\x17\x00')
2022-05-28 09:40:24,564 root DEBUG iutctl_common.py          96    read                      : Received data: '(\'\x03\x00\x01\x00\x02\x00\x10\x80\x80,"C¼wÀN÷cëA\x7fðp\',)', bytearray(b'\x03\x00\x01\x00\x02\x00\x10\x80\x80,"C\xbcw\xc0N\xf7c\xebA\x7f\xf0p')
2022-05-28 09:40:24,564 root DEBUG btp.py                    487   event_handler             : event_handler Header(svc_id=4, op=134, ctrl_index=0, data_len=23) (b'\x03\x00\x01\x00\x02\x00\x10\x80\x80,"C\xbcw\xc0N\xf7c\xebA\x7f\xf0p',)
2022-05-28 09:40:24,595 root DEBUG iutctl_common.py          74    read                      : Read 5 bytes
2022-05-28 09:40:24,596 root DEBUG iutctl_common.py          83    read                      : Received: hdr: Header(svc_id=4, op=134, ctrl_index=0, data_len=17) bytearray(b'\x04\x86\x00\x11\x00')
2022-05-28 09:40:24,597 root DEBUG iutctl_common.py          96    read                      : Received data: "('\x03\x00\x01\x00\x02\x00\n\x80\x80,B\xad:@ý\x87ô',)", bytearray(b'\x03\x00\x01\x00\x02\x00\n\x80\x80,B\xad:@\xfd\x87\xf4')
2022-05-28 09:40:24,597 root DEBUG btp.py                    487   event_handler             : event_handler Header(svc_id=4, op=134, ctrl_index=0, data_len=17) (b'\x03\x00\x01\x00\x02\x00\n\x80\x80,B\xad:@\xfd\x87\xf4',)
2022-05-28 09:40:24,845 root DEBUG iutctl_common.py          74    read                      : Read 5 bytes
2022-05-28 09:40:24,845 root DEBUG iutctl_common.py          83    read                      : Received: hdr: Header(svc_id=4, op=134, ctrl_index=0, data_len=17) bytearray(b'\x04\x86\x00\x11\x00')
2022-05-28 09:40:24,846 root DEBUG iutctl_common.py          96    read                      : Received data: "('\x03\x00\x01\x00\x02\x00\n\x80\x808BO\x95ðÝÒ<',)", bytearray(b'\x03\x00\x01\x00\x02\x00\n\x80\x808BO\x95\xf0\xdd\xd2<')
2022-05-28 09:40:24,846 root DEBUG btp.py                    487   event_handler             : event_handler Header(svc_id=4, op=134, ctrl_index=0, data_len=17) (b'\x03\x00\x01\x00\x02\x00\n\x80\x808BO\x95\xf0\xdd\xd2<',)
2022-05-28 09:40:25,340 root DEBUG iutctl_common.py          74    read                      : Read 5 bytes
2022-05-28 09:40:25,341 root DEBUG iutctl_common.py          83    read                      : Received: hdr: Header(svc_id=4, op=134, ctrl_index=0, data_len=23) bytearray(b'\x04\x86\x00\x17\x00')
2022-05-28 09:40:25,341 root DEBUG iutctl_common.py          96    read                      : Received data: "('\x03\x00\x01\x00\x02\x00\x10\x80\x808\x02OÏä\x10I\x94=\x11\x19e*¶',)", bytearray(b'\x03\x00\x01\x00\x02\x00\x10\x80\x808\x02O\xcf\xe4\x10I\x94=\x11\x19e*\xb6')
2022-05-28 09:40:25,341 root DEBUG btp.py                    487   event_handler             : event_handler Header(svc_id=4, op=134, ctrl_index=0, data_len=23) (b'\x03\x00\x01\x00\x02\x00\x10\x80\x808\x02O\xcf\xe4\x10I\x94=\x11\x19e*\xb6',)
2022-05-28 09:40:25,372 root DEBUG iutctl_common.py          74    read                      : Read 5 bytes
2022-05-28 09:40:25,373 root DEBUG iutctl_common.py          83    read                      : Received: hdr: Header(svc_id=4, op=134, ctrl_index=0, data_len=23) bytearray(b'\x04\x86\x00\x17\x00')
2022-05-28 09:40:25,374 root DEBUG iutctl_common.py          96    read                      : Received data: '(\'\x03\x00\x01\x00\x02\x00\x10\x80\x808"ÕA:g\x00\x98GòcÇ¬É\',)', bytearray(b'\x03\x00\x01\x00\x02\x00\x10\x80\x808"\xd5A:g\x00\x98G\xf2c\xc7\xac\xc9')
2022-05-28 09:40:25,374 root DEBUG btp.py                    487   event_handler             : event_handler Header(svc_id=4, op=134, ctrl_index=0, data_len=23) (b'\x03\x00\x01\x00\x02\x00\x10\x80\x808"\xd5A:g\x00\x98G\xf2c\xc7\xac\xc9',)
2022-05-28 09:40:25,418 root DEBUG iutctl_common.py          74    read                      : Read 5 bytes
2022-05-28 09:40:25,418 root DEBUG iutctl_common.py          83    read                      : Received: hdr: Header(svc_id=4, op=134, ctrl_index=0, data_len=17) bytearray(b'\x04\x86\x00\x11\x00')
2022-05-28 09:40:25,419 root DEBUG iutctl_common.py          96    read                      : Received data: "('\x03\x00\x01\x00\x02\x00\n\x80\x808BO\x95ðÝÒ<',)", bytearray(b'\x03\x00\x01\x00\x02\x00\n\x80\x808BO\x95\xf0\xdd\xd2<')
2022-05-28 09:40:25,419 root DEBUG btp.py                    487   event_handler             : event_handler Header(svc_id=4, op=134, ctrl_index=0, data_len=17) (b'\x03\x00\x01\x00\x02\x00\n\x80\x808BO\x95\xf0\xdd\xd2<',)
2022-05-28 09:40:25,530 root DEBUG iutctl_common.py          74    read                      : Read 5 bytes
2022-05-28 09:40:25,531 root DEBUG iutctl_common.py          83    read                      : Received: hdr: Header(svc_id=4, op=134, ctrl_index=0, data_len=21) bytearray(b'\x04\x86\x00\x15\x00')
2022-05-28 09:40:25,532 root DEBUG iutctl_common.py          96    read                      : Received data: "('\x03\x00\x01\x00\x02\x00\x0e\x80\x00P\x00\x9b\x98XÄ³?\x83²v\x01',)", bytearray(b'\x03\x00\x01\x00\x02\x00\x0e\x80\x00P\x00\x9b\x98X\xc4\xb3?\x83\xb2v\x01')
2022-05-28 09:40:25,532 root DEBUG btp.py                    487   event_handler             : event_handler Header(svc_id=4, op=134, ctrl_index=0, data_len=21) (b'\x03\x00\x01\x00\x02\x00\x0e\x80\x00P\x00\x9b\x98X\xc4\xb3?\x83\xb2v\x01',)
2022-05-28 09:40:29,461 ClientCallback.log INFO client.py                 135   log                       : PTS_LOGTYPE_START_TEST Start Test Case 

+0 ms
 MESH/NODE/CFG/SL/BV-02-C MESH/NODE/CFG/SL/BV-02-C

2022-05-28 09:40:29,461 root DEBUG testcase.py               464   log                       : New status MESH MESH/NODE/CFG/SL/BV-02-C - Started
2022-05-28 09:40:30,482 ClientCallback.log INFO client.py                 135   log                       : PTS_LOGTYPE_FINAL_VERDICT Final Verdict 

+13328 ms
 MESH/NODE/CFG/SL/BV-02-C PASS

2022-05-28 09:40:30,482 root DEBUG testcase.py               464   log                       : New status MESH MESH/NODE/CFG/SL/BV-02-C - PASS
2022-05-28 09:40:30,484 ClientCallback.log INFO client.py                 135   log                       : PTS_LOGTYPE_FINAL_VERDICT Encrypted Verdict 

+13328 ms
 MESH/NODE/CFG/SL/BV-02-C A1#ZWY4MzQ5MDg3MmQwNTIxOGQzMzQ5YjY2ODA5M2MzNjQ5ZDY4NmY0Yjc2MzIzM2VkNTUyNTFhNGU4Mjg1MjI0NA==#U6TBfX6J1ysf2+RLV2gLPXn473fEcihGyx82ISYZ8k1DUEj1A81plh3FdmdwKBhXf55rhIL676c=

2022-05-28 09:40:30,486 ClientCallback.log INFO client.py                 135   log                       : PTS_LOGTYPE_END_TEST Test Case Ended 

+13328 ms
 MESH/NODE/CFG/SL/BV-02-C MESH/NODE/CFG/SL/BV-02-C

2022-05-28 09:40:30,553 root DEBUG client.py                 799   run_test_case_thread_entry : After run_test_case error_code='' status='PASS'
2022-05-28 09:40:30,553 root DEBUG client.py                 280   error_code                : CallbackThread.error_code
2022-05-28 09:40:30,553 root DEBUG client.py                 294   cleanup                   : CallbackThread.cleanup
2022-05-28 09:40:31,562 root DEBUG testcase.py               758   post_run                  : post_run MESH MESH/NODE/CFG/SL/BV-02-C 
2022-05-28 09:40:31,562 root DEBUG testcase.py               246   start                     : Starting test function: class=<class 'autopts.ptsprojects.testcase.TestFuncCleanUp'>, func=<bound method Stack.cleanup of <autopts.ptsprojects.stack.Stack object at 0x000002A692CC56D0>> start_wid=None stop_wid=None post_wid=None skip_call=None call_count=1 args=() kwds={}
2022-05-28 09:40:31,563 root DEBUG testcase.py               258   start                     : Test function parameters: args=(), kwds={}
2022-05-28 09:40:31,563 root DEBUG client.py                 289   clear_pending_responses   : CallbackThread.clear_pending_responses
2022-05-28 09:40:31,564 root DEBUG client.py                 289   clear_pending_responses   : CallbackThread.clear_pending_responses
2022-05-28 09:40:31,564 root DEBUG testcase.py               246   start                     : Starting test function: class=<class 'autopts.ptsprojects.testcase.TestFuncCleanUp'>, func=<bound method ZephyrCtl.stop of <autopts.ptsprojects.zephyr.iutctl.ZephyrCtl object at 0x000002A692CC5E80>> start_wid=None stop_wid=None post_wid=None skip_call=None call_count=1 args=() kwds={}
2022-05-28 09:40:31,564 root DEBUG testcase.py               258   start                     : Test function parameters: args=(), kwds={}
2022-05-28 09:40:31,564 root DEBUG iutctl.py                 232   stop                      : <class 'autopts.ptsprojects.zephyr.iutctl.ZephyrCtl'>.stop
2022-05-28 09:40:31,593 root DEBUG __init__.py               48    reset                     : About to reset DUT: 'nrfjprog -r -s 683989059'
2022-05-28 09:40:35,115 root DEBUG testcase.py               783   post_run                  : post_run, cleanup running pre test case script
2022-05-28 09:40:35,116 root DEBUG testcase.py               793   post_run                  : post_run, run post test case script
2022-05-28 09:40:35,184 root DEBUG client.py                 829   run_test_case_thread_entry : Done TestCase wrapper MESH MESH/NODE/CFG/SL/BV-02-C
