< 2024/09/13 23:43:53.903383  length=6 from=0 to=5
 00 03 ff 01 00 01                                ......
--
> 2024/09/13 23:43:53.913130  length=5 from=0 to=4
 00 03 ff 00 00                                   .....
--
< 2024/09/13 23:43:53.940759  length=6 from=6 to=11
 00 03 ff 01 00 02                                ......
--
> 2024/09/13 23:43:53.942393  length=5 from=5 to=9
 00 03 ff 00 00                                   .....
--
< 2024/09/13 23:43:53.993253  length=5 from=12 to=16
 01 03 00 00 00                                   .....
--
> 2024/09/13 23:43:54.180154  length=15 from=10 to=24
 01 03 00 15 01 70 1f c4 76 e7 dc 13 06 02 00     .....p..v......
--
> 2024/09/13 23:43:54.181504  length=9 from=25 to=33
 13 82 00 00 00 00 00 62 74                       .......bt
--
> 2024/09/13 23:43:54.182835  length=23 from=34 to=56
 70 5f 74 65 73 74 65 72 00 00 00 00 00 00 00 00  p_tester........
 00 00 00 00 00 00 00                             .......
--
> 2024/09/13 23:43:54.184234  length=15 from=57 to=71
 00 00 00 00 00 00 00 00 00 00 00 00 00 00 00     ...............
--
> 2024/09/13 23:43:54.185739  length=19 from=72 to=90
 00 00 00 00 00 00 00 00 00 00 00 00 00 00 00 00  ................
 00 00 00                                         ...
--
> 2024/09/13 23:43:54.187125  length=15 from=91 to=105
 00 00 00 00 00 00 00 00 00 00 00 00 00 00 00     ...............
--
> 2024/09/13 23:43:54.188456  length=16 from=106 to=121
 00 00 00 00 00 00 00 00 00 00 00 00 00 00 00 00  ................
--
> 2024/09/13 23:43:54.189777  length=16 from=122 to=137
 00 00 00 00 00 00 00 00 00 00 00 00 00 00 00 00  ................
--
> 2024/09/13 23:43:54.191165  length=15 from=138 to=152
 00 00 00 00 00 00 00 00 00 00 00 00 00 00 00     ...............
--
> 2024/09/13 23:43:54.192519  length=10 from=153 to=162
 00 00 00 00 00 00 00 00 00 00                    ..........
--
> 2024/09/13 23:43:54.193796  length=22 from=163 to=184
 00 00 00 00 00 00 00 00 00 00 00 00 00 00 00 00  ................
 00 00 00 00 00 00                                ......
--
> 2024/09/13 23:43:54.195207  length=15 from=185 to=199
 00 00 00 00 00 00 00 00 00 00 00 00 00 00 00     ...............
--
> 2024/09/13 23:43:54.196562  length=16 from=200 to=215
 00 00 00 00 00 00 00 00 00 00 00 00 00 00 00 00  ................
--
> 2024/09/13 23:43:54.197849  length=16 from=216 to=231
 00 00 00 00 00 00 00 00 00 00 00 00 00 00 00 00  ................
--
> 2024/09/13 23:43:54.199263  length=16 from=232 to=247
 00 00 00 00 00 00 00 00 00 00 00 00 00 00 00 00  ................
--
> 2024/09/13 23:43:54.200832  length=18 from=248 to=265
 00 00 00 00 00 00 00 00 00 00 00 00 00 00 00 00  ................
 00 00                                            ..
--
> 2024/09/13 23:43:54.202170  length=16 from=266 to=281
 00 00 00 00 00 00 00 00 00 00 00 00 00 00 00 00  ................
--
> 2024/09/13 23:43:54.203526  length=10 from=282 to=291
 00 00 00 00 00 00 00 00 00 00                    ..........
--
< 2024/09/13 23:43:54.237892  length=6 from=17 to=22
 01 10 00 01 00 00                                ......
--
> 2024/09/13 23:43:54.240369  length=5 from=292 to=296
 01 10 00 00 00                                   .....
--
< 2024/09/13 23:43:54.256209  length=9 from=23 to=31
 02 02 00 04 00 01 02 aa 40                       ........@
--
> 2024/09/13 23:43:54.257702  length=4 from=297 to=300
 02 02 00 02                                      ....
--
> 2024/09/13 23:43:54.259045  length=3 from=301 to=303
 00 00 00                                         ...
--
< 2024/09/13 23:43:54.334452  length=12 from=32 to=43
 02 03 00 07 00 00 00 0a                          ........
 03 02 aa 50                                      ...P
--
> 2024/09/13 23:43:54.336826  length=3 from=304 to=306
 02 03 00                                         ...
--
> 2024/09/13 23:43:54.338165  length=4 from=307 to=310
 02 00 00 00                                      ....
--
< 2024/09/13 23:43:54.413152  length=17 from=44 to=60
 02 06 00 0c 00 00 00 08 00 01 23 45 67 89 ab cd  ..........#Eg...
 ef                                               .
--
> 2024/09/13 23:43:54.417218  length=5 from=311 to=315
 02 06 00 00 00                                   .....
--
< 2024/09/13 23:43:54.497857  length=12 from=61 to=72
 02 03 00 07 00 00 00 0a                          ........
 0c 02 aa 51                                      ...Q
--
> 2024/09/13 23:43:54.500247  length=3 from=316 to=318
 02 03 00                                         ...
--
> 2024/09/13 23:43:54.501575  length=4 from=319 to=322
 02 00 00 00                                      ....
--
< 2024/09/13 23:43:54.571673  length=17 from=73 to=89
 02 06 00 0c 00 00 00 08 00 01 23 45 67 89 ab cd  ..........#Eg...
 ef                                               .
--
> 2024/09/13 23:43:54.575078  length=5 from=323 to=327
 02 06 00 00 00                                   .....
--
< 2024/09/13 23:43:54.624538  length=12 from=90 to=101
 02 03 00 07 00 00 00 0a                          ........
 30 02 aa 52                                      0..R
--
> 2024/09/13 23:43:54.626774  length=3 from=328 to=330
 02 03 00                                         ...
--
> 2024/09/13 23:43:54.628045  length=4 from=331 to=334
 02 00 00 00                                      ....
--
< 2024/09/13 23:43:54.703799  length=17 from=102 to=118
 02 06 00 0c 00 00 00 08 00 01 23 45 67 89 ab cd  ..........#Eg...
 ef                                               .
--
> 2024/09/13 23:43:54.706938  length=5 from=335 to=339
 02 06 00 00 00                                   .....
--
< 2024/09/13 23:43:54.735732  length=12 from=119 to=130
 02 03 00 07 00 00 00 0a                          ........
 c0 02 aa 53                                      ...S
--
> 2024/09/13 23:43:54.738628  length=3 from=340 to=342
 02 03 00                                         ...
--
> 2024/09/13 23:43:54.739967  length=4 from=343 to=346
 02 00 00 00                                      ....
--
< 2024/09/13 23:43:54.799960  length=17 from=131 to=147
 02 06 00 0c 00 00 00 08 00 01 23 45 67 89 ab cd  ..........#Eg...
 ef                                               .
--
> 2024/09/13 23:43:54.804334  length=5 from=347 to=351
 02 06 00 00 00                                   .....
--
< 2024/09/13 23:43:54.837024  length=12 from=148 to=159
 02 03 00 07 00 00 00 3a 03 02 aa 54              .......:...T
--
> 2024/09/13 23:43:54.838614  length=1 from=352 to=352
 02                                               .
--
> 2024/09/13 23:43:54.840169  length=6 from=353 to=358
 03 00 02 00 00 00                                ......
--
< 2024/09/13 23:43:54.894870  length=17 from=160 to=176
 02 06 00 0c 00 00 00 08 00 01 23 45 67 89 ab cd  ..........#Eg...
 ef                                               .
--
> 2024/09/13 23:43:54.899122  length=5 from=359 to=363
 02 06 00 00 00                                   .....
--
< 2024/09/13 23:43:54.948074  length=11 from=177 to=187
 02 04 00 06 00 00 00 03 02 02 29                 ..........)
--
> 2024/09/13 23:43:54.950468  length=5 from=364 to=368
 02 04 00 02 00                                   .....
--
> 2024/09/13 23:43:54.951797  length=2 from=369 to=370
 00 00                                            ..
--
< 2024/09/13 23:43:54.975704  length=12 from=188 to=199
 02 03 00 07 00 00 00 3a 03 02 aa 55              .......:...U
--
> 2024/09/13 23:43:54.978263  length=1 from=371 to=371
 02                                               .
--
> 2024/09/13 23:43:54.979579  length=6 from=372 to=377
 03 00 02 00 00 00                                ......
--
< 2024/09/13 23:43:55.028484  length=17 from=200 to=216
 02 06 00 0c 00 00 00 08 00 01 23 45 67 89 ab cd  ..........#Eg...
 ef                                               .
--
> 2024/09/13 23:43:55.031823  length=5 from=378 to=382
 02 06 00 00 00                                   .....
--
< 2024/09/13 23:43:55.096925  length=11 from=217 to=227
 02 04 00 06 00 00 00 03 02 02 29                 ..........)
--
> 2024/09/13 23:43:55.098990  length=4 from=383 to=386
 02 04 00 02                                      ....
--
> 2024/09/13 23:43:55.100298  length=3 from=387 to=389
 00 00 00                                         ...
--
< 2024/09/13 23:43:55.196502  length=12 from=228 to=239
 02 03 00 07 00 00 00 46 03 02 aa 56              .......F...V
--
> 2024/09/13 23:43:55.198868  length=3 from=390 to=392
 02 03 00                                         ...
--
> 2024/09/13 23:43:55.200170  length=4 from=393 to=396
 02 00 00 00                                      ....
--
< 2024/09/13 23:43:55.254852  length=17 from=240 to=256
 02 06 00 0c 00 00 00 08 00 01 23 45 67 89 ab cd  ..........#Eg...
 ef                                               .
--
> 2024/09/13 23:43:55.258073  length=5 from=397 to=401
 02 06 00 00 00                                   .....
--
< 2024/09/13 23:43:55.308001  length=12 from=257 to=268
 02 03 00 07 00 00 00 46 30 02 aa 57              .......F0..W
--
> 2024/09/13 23:43:55.310983  length=1 from=402 to=402
 02                                               .
--
> 2024/09/13 23:43:55.312339  length=6 from=403 to=408
 03 00 02 00 00 00                                ......
--
< 2024/09/13 23:43:55.371285  length=17 from=269 to=285
 02 06 00 0c 00 00 00 08 00 01 23 45 67 89 ab cd  ..........#Eg...
 ef                                               .
--
> 2024/09/13 23:43:55.375657  length=5 from=409 to=413
 02 06 00 00 00                                   .....
--
< 2024/09/13 23:43:55.428923  length=12 from=286 to=297
 02 03 00 07 00 00 00 8a 03 02 aa 58              ...........X
--
> 2024/09/13 23:43:55.430895  length=1 from=414 to=414
 02                                               .
--
> 2024/09/13 23:43:55.432241  length=6 from=415 to=420
 03 00 02 00 00 00                                ......
--
< 2024/09/13 23:43:55.507328  length=17 from=298 to=314
 02 06 00 0c 00 00 00 08 00 01 23 45 67 89 ab cd  ..........#Eg...
 ef                                               .
--
> 2024/09/13 23:43:55.511597  length=5 from=421 to=425
 02 06 00 00 00                                   .....
--
< 2024/09/13 23:43:55.554741  length=11 from=315 to=325
 02 04 00 06 00 00 00 01 02 00 29                 ..........)
--
> 2024/09/13 23:43:55.557756  length=2 from=426 to=427
 02 04                                            ..
--
> 2024/09/13 23:43:55.559112  length=5 from=428 to=432
 00 02 00 00 00                                   .....
--
< 2024/09/13 23:43:55.612625  length=11 from=326 to=336
 02 06 00 06 00 00 00 02 00 01 00                 ...........
--
> 2024/09/13 23:43:55.614717  length=2 from=433 to=434
 02 06                                            ..
--
> 2024/09/13 23:43:55.615985  length=3 from=435 to=437
 00 00 00                                         ...
--
< 2024/09/13 23:43:55.649846  length=12 from=337 to=348
 02 03 00 07 00 00 00 0a                          ........
 0c 02 aa 59                                      ...Y
--
> 2024/09/13 23:43:55.652837  length=1 from=438 to=438
 02                                               .
--
> 2024/09/13 23:43:55.654165  length=6 from=439 to=444
 03 00 02 00 00 00                                ......
--
< 2024/09/13 23:43:55.671704  length=17 from=349 to=365
 02 06 00 0c 00 00 00 08 00 01 23 45 67 89 ab cd  ..........#Eg...
 ef                                               .
--
> 2024/09/13 23:43:55.675553  length=5 from=445 to=449
 02 06 00 00 00                                   .....
--
< 2024/09/13 23:43:55.719393  length=8 from=366 to=373
 02 09 00 03 00 00 00 0f                          ........
--
> 2024/09/13 23:43:55.721868  length=5 from=450 to=454
 02 09 00 00 00                                   .....
--
< 2024/09/13 23:43:55.757154  length=12 from=374 to=385
 02 03 00 07 00 00 00 0a                          ........
 0c 02 aa 5a                                      ...Z
--
> 2024/09/13 23:43:55.759048  length=3 from=455 to=457
 02 03 00                                         ...
--
> 2024/09/13 23:43:55.760419  length=4 from=458 to=461
 02 00 00 00                                      ....
--
< 2024/09/13 23:43:55.825319  length=17 from=386 to=402
 02 06 00 0c 00 00 00 08 00 01 23 45 67 89 ab cd  ..........#Eg...
 ef                                               .
--
> 2024/09/13 23:43:55.828868  length=5 from=462 to=466
 02 06 00 00 00                                   .....
--
< 2024/09/13 23:43:55.873406  length=8 from=403 to=410
 02 09 00 03 00 00 00 0f                          ........
--
> 2024/09/13 23:43:55.876366  length=5 from=467 to=471
 02 09 00 00 00                                   .....
--
< 2024/09/13 23:43:55.906544  length=26 from=411 to=436
 02 03 00 15 00 00 00 0a                          ........
 03 10 f0 00 bb 50 04 51 40 00 b1 23 45 67 89 ab  .....P.Q@..#Eg..
 cd ef                                            ..
--
> 2024/09/13 23:43:55.910678  length=1 from=472 to=472
 02                                               .
--
> 2024/09/13 23:43:55.912038  length=6 from=473 to=478
 03 00 02 00 00 00                                ......
--
< 2024/09/13 23:43:55.969613  length=17 from=437 to=453
 02 06 00 0c 00 00 00 08 00 01 23 45 67 89 ab cd  ..........#Eg...
 ef                                               .
--
> 2024/09/13 23:43:55.974019  length=5 from=479 to=483
 02 06 00 00 00                                   .....
--
< 2024/09/13 23:43:56.027345  length=9 from=454 to=462
 02 02 00 04 00 00 02 aa 41                       ........A
--
> 2024/09/13 23:43:56.029272  length=6 from=484 to=489
 02 02 00 02 00 00                                ......
--
> 2024/09/13 23:43:56.030589  length=1 from=490 to=490
 00                                               .
--
< 2024/09/13 23:43:56.090513  length=7 from=463 to=469
 02 05 00 02 00 01 00                             .......
--
> 2024/09/13 23:43:56.092523  length=7 from=491 to=497
 02 05 00 02 00 00 00                             .......
--
< 2024/09/13 23:43:56.143446  length=12 from=470 to=481
 02 03 00 07 00 00 00 0a                          ........
 03 02 aa 50                                      ...P
--
> 2024/09/13 23:43:56.146497  length=1 from=498 to=498
 02                                               .
--
> 2024/09/13 23:43:56.147859  length=6 from=499 to=504
 03 00 02 00 00 00                                ......
--
< 2024/09/13 23:43:56.221678  length=41 from=482 to=522
 02 06 00 24 00 00 00 20 00 01 23 45 67 89 ab cd  ...$... ..#Eg...
 ef 01 23 45 67 89 ab cd ef 01 23 45 67 89 ab cd  ..#Eg.....#Eg...
 ef 01 23 45 67 89 ab cd ef                       ..#Eg....
--
> 2024/09/13 23:43:56.227851  length=5 from=505 to=509
 02 06 00 00 00                                   .....
--
< 2024/09/13 23:43:56.264299  length=12 from=523 to=534
 02 03 00 07 00 00 00 0a                          ........
 03 02 aa 51                                      ...Q
--
> 2024/09/13 23:43:56.267332  length=1 from=510 to=510
 02                                               .
--
> 2024/09/13 23:43:56.268644  length=6 from=511 to=516
 03 00 02 00 00 00                                ......
--
< 2024/09/13 23:43:56.312673  length=41 from=535 to=575
 02 06 00 24 00 00 00 20 00 fe dc ba 98 76 54 32  ...$... .....vT2
 10 fe dc ba 98 76 54 32 10 fe dc ba 98 76 54 32  .....vT2.....vT2
 10 fe dc ba 98 76 54 32 10                       .....vT2.
--
> 2024/09/13 23:43:56.318603  length=1 from=517 to=517
 02                                               .
--
> 2024/09/13 23:43:56.319925  length=4 from=518 to=521
 06 00 00 00                                      ....
--
< 2024/09/13 23:43:56.377023  length=12 from=576 to=587
 02 03 00 07 00 00 00 0a                          ........
 0c 02 aa 52                                      ...R
--
> 2024/09/13 23:43:56.380097  length=1 from=522 to=522
 02                                               .
--
> 2024/09/13 23:43:56.381462  length=6 from=523 to=528
 03 00 02 00 00 00                                ......
--
< 2024/09/13 23:43:56.481178  length=65 from=588 to=652
 02 06 00 3c 00 00 00 38 00 fe dc ba 98 76 54 32  ...<...8.....vT2
 10 fe dc ba 98 76 54 32 10 fe dc ba 98 76 54 32  .....vT2.....vT2
 10 fe dc ba 98 76 54 32 10 fe dc ba 98 76 54 32  .....vT2.....vT2
 10 fe dc ba 98 76 54 32 10 fe dc ba 98 76 54 32  .....vT2.....vT2
 10                                               .
--
> 2024/09/13 23:43:56.489172  length=5 from=529 to=533
 02 06 00 00 00                                   .....
--
< 2024/09/13 23:43:56.586129  length=8 from=653 to=660
 02 09 00 03 00 00 00 0f                          ........
--
> 2024/09/13 23:43:56.588033  length=5 from=534 to=538
 02 09 00 00 00                                   .....
--
< 2024/09/13 23:43:56.686947  length=12 from=661 to=672
 02 03 00 07 00 00 00 02 01 02 aa 53              ...........S
--
> 2024/09/13 23:43:56.688698  length=3 from=539 to=541
 02 03 00                                         ...
--
> 2024/09/13 23:43:56.690069  length=4 from=542 to=545
 02 00 00 00                                      ....
--
< 2024/09/13 23:43:56.714157  length=89 from=673 to=761
 02 06 00 54 00 00 00 50 00 01 23 45 67 89 ab cd  ...T...P..#Eg...
 ef 01 23 45 67 89 ab cd ef 01 23 45 67 89 ab cd  ..#Eg.....#Eg...
 ef 01 23 45 67 89 ab cd ef 01 23 45 67 89 ab cd  ..#Eg.....#Eg...
 ef 01 23 45 67 89 ab cd ef 01 23 45 67 89 ab cd  ..#Eg.....#Eg...
 ef 01 23 45 67 89 ab cd ef 01 23 45 67 89 ab cd  ..#Eg.....#Eg...
 ef 01 23 45 67 89 ab cd ef                       ..#Eg....
--
> 2024/09/13 23:43:56.724313  length=4 from=546 to=549
 02 06 00 00                                      ....
--
> 2024/09/13 23:43:56.725641  length=1 from=550 to=550
 00                                               .
--
< 2024/09/13 23:43:56.751555  length=11 from=762 to=772
 02 04 00 06 00 00 00 03 02 54 aa                 .........T.
--
> 2024/09/13 23:43:56.753425  length=2 from=551 to=552
 02 04                                            ..
--
> 2024/09/13 23:43:56.754784  length=5 from=553 to=557
 00 02 00 00 00                                   .....
--
< 2024/09/13 23:43:56.834878  length=73 from=773 to=845
 02 06 00 44 00 00 00 40 00 01 01 01 01 01 01 01  ...D...@........
 01 01 01 01 01 01 01 01 01 01 01 01 01 01 01 01  ................
 01 01 01 01 01 01 01 01 01 01 01 01 01 01 01 01  ................
 01 01 01 01 01 01 01 01 01 01 01 01 01 01 01 01  ................
 01 01 01 01 01 01 01 01 01                       .........
--
> 2024/09/13 23:43:56.844617  length=5 from=558 to=562
 02 06 00 00 00                                   .....
--
< 2024/09/13 23:43:56.913257  length=12 from=846 to=857
 02 03 00 07 00 00 00 0a                          ........
 03 02 aa 55                                      ...U
--
> 2024/09/13 23:43:56.915638  length=3 from=563 to=565
 02 03 00                                         ...
--
> 2024/09/13 23:43:56.917013  length=4 from=566 to=569
 02 00 00 00                                      ....
--
< 2024/09/13 23:43:56.976849  length=89 from=858 to=946
 02 06 00 54 00 00 00 50 00 01 23 45 67 89 ab cd  ...T...P..#Eg...
 ef 01 23 45 67 89 ab cd ef 01 23 45 67 89 ab cd  ..#Eg.....#Eg...
 ef 01 23 45 67 89 ab cd ef 01 23 45 67 89 ab cd  ..#Eg.....#Eg...
 ef 01 23 45 67 89 ab cd ef 01 23 45 67 89 ab cd  ..#Eg.....#Eg...
 ef 01 23 45 67 89 ab cd ef 01 23 45 67 89 ab cd  ..#Eg.....#Eg...
 ef 01 23 45 67 89 ab cd ef                       ..#Eg....
--
> 2024/09/13 23:43:56.986972  length=5 from=570 to=574
 02 06 00 00 00                                   .....
--
< 2024/09/13 23:43:57.024800  length=12 from=947 to=958
 02 03 00 07 00 00 00 0a                          ........
 03 02 aa 56                                      ...V
--
> 2024/09/13 23:43:57.026647  length=3 from=575 to=577
 02 03 00                                         ...
--
> 2024/09/13 23:43:57.027975  length=4 from=578 to=581
 02 00 00 00                                      ....
--
< 2024/09/13 23:43:57.082516  length=521 from=959 to=1479
 02 06 00 04 02 00 00 00 02 02 02 02 02 02 02 02  ................
 02 02 02 02 02 02 02 02 02 02 02 02 02 02 02 02  ................
 02 02 02 02 02 02 02 02 02 02 02 02 02 02 02 02  ................
 02 02 02 02 02 02 02 02 02 02 02 02 02 02 02 02  ................
 02 02 02 02 02 02 02 02 02 02 02 02 02 02 02 02  ................
 02 02 02 02 02 02 02 02 02 02 02 02 02 02 02 02  ................
 02 02 02 02 02 02 02 02 02 02 02 02 02 02 02 02  ................
 02 02 02 02 02 02 02 02 02 02 02 02 02 02 02 02  ................
 02 02 02 02 02 02 02 02 02 02 02 02 02 02 02 02  ................
 02 02 02 02 02 02 02 02 02 02 02 02 02 02 02 02  ................
 02 02 02 02 02 02 02 02 02 02 02 02 02 02 02 02  ................
 02 02 02 02 02 02 02 02 02 02 02 02 02 02 02 02  ................
 02 02 02 02 02 02 02 02 02 02 02 02 02 02 02 02  ................
 02 02 02 02 02 02 02 02 02 02 02 02 02 02 02 02  ................
 02 02 02 02 02 02 02 02 02 02 02 02 02 02 02 02  ................
 02 02 02 02 02 02 02 02 02 02 02 02 02 02 02 02  ................
 02 02 02 02 02 02 02 02 02 02 02 02 02 02 02 02  ................
 02 02 02 02 02 02 02 02 02 02 02 02 02 02 02 02  ................
 02 02 02 02 02 02 02 02 02 02 02 02 02 02 02 02  ................
 02 02 02 02 02 02 02 02 02 02 02 02 02 02 02 02  ................
 02 02 02 02 02 02 02 02 02 02 02 02 02 02 02 02  ................
 02 02 02 02 02 02 02 02 02 02 02 02 02 02 02 02  ................
 02 02 02 02 02 02 02 02 02 02 02 02 02 02 02 02  ................
 02 02 02 02 02 02 02 02 02 02 02 02 02 02 02 02  ................
 02 02 02 02 02 02 02 02 02 02 02 02 02 02 02 02  ................
 02 02 02 02 02 02 02 02 02 02 02 02 02 02 02 02  ................
 02 02 02 02 02 02 02 02 02 02 02 02 02 02 02 02  ................
 02 02 02 02 02 02 02 02 02 02 02 02 02 02 02 02  ................
 02 02 02 02 02 02 02 02 02 02 02 02 02 02 02 02  ................
 02 02 02 02 02 02 02 02 02 02 02 02 02 02 02 02  ................
 02 02 02 02 02 02 02 02 02 02 02 02 02 02 02 02  ................
 02 02 02 02 02 02 02 02 02 02 02 02 02 02 02 02  ................
 02 02 02 02 02 02 02 02 02                       .........
--
> 2024/09/13 23:43:57.134523  length=2 from=582 to=583
 02 06                                            ..
--
> 2024/09/13 23:43:57.135855  length=3 from=584 to=586
 00 00 00                                         ...
--
< 2024/09/13 23:43:57.176859  length=5 from=1480 to=1484
 02 07 00 00 00                                   .....
--
> 2024/09/13 23:43:57.179395  length=8 from=587 to=594
 02 07 00 03 00 00 00 00                          ........
--
< 2024/09/13 23:44:00.304696  length=6 from=1485 to=1490
 01 08 00 01 00 01                                ......
--
> 2024/09/13 23:44:00.306304  length=8 from=595 to=602
 01 08 00 04 00 1b 82 00                          ........
--
> 2024/09/13 23:44:00.307602  length=1 from=603 to=603
 00                                               .
--
< 2024/09/13 23:44:00.362073  length=27 from=1491 to=1517
 01 0a                                            ..
 00 16 00 0f 00 09 0d 54 65 73 74 65 72 5f 31 43  .......Tester_1C
 32 38 44 46 ff ff ff ff 00                       28DF.....
--
> 2024/09/13 23:44:00.366808  length=3 from=604 to=606
 01 0a                                            ..
 00                                               .
--
> 2024/09/13 23:44:00.368150  length=6 from=607 to=612
 04 00 1b 86 00 00                                ......
--
> 2024/09/13 23:44:00.684406  length=2 from=613 to=614
 01 82                                            ..
--
> 2024/09/13 23:44:00.685752  length=15 from=615 to=629
 00 0d 00 00 b9 15 60 e8 07 c0 32 00 00 00 d0     ......`...2....
--
> 2024/09/13 23:44:00.687063  length=10 from=630 to=639
 07 01 80 00 04 00 1b 82 00 00                    ..........
--
> 2024/09/13 23:44:03.791876  length=13 from=640 to=652
 01 89 00 08 00 00 b9 15 60 e8 07 c0 02           ........`....
--
> 2024/09/13 23:44:05.810645  length=6 from=653 to=658
 01 88 00 0d 00 00                                ......
--
> 2024/09/13 23:44:05.811972  length=12 from=659 to=670
 b9 15 60 e8 07 c0 32 00 00 00 d0 07              ..`...2.....
--
< 2024/09/13 23:44:10.423281  length=6 from=1518 to=1523
 01 08 00 01 00 01                                ......
--
> 2024/09/13 23:44:10.425255  length=8 from=671 to=678
 01 08 00 04 00 1b 82 00                          ........
--
> 2024/09/13 23:44:10.426594  length=1 from=679 to=679
 00                                               .
--
< 2024/09/13 23:44:10.501435  length=27 from=1524 to=1550
 01 0a                                            ..
 00 16 00 0f 00 09 0d 54 65 73 74 65 72 5f 31 43  .......Tester_1C
 32 38 44 46 ff ff ff ff 00                       28DF.....
--
> 2024/09/13 23:44:10.506484  length=3 from=680 to=682
 01 0a                                            ..
 00                                               .
--
> 2024/09/13 23:44:10.507840  length=6 from=683 to=688
 04 00 1b 86 00 00                                ......
--
> 2024/09/13 23:44:10.511748  length=14 from=689 to=702
 01 82 00 0d 00 00 df 28 1c e8 07 c0 32 00        .......(....2.
--
> 2024/09/13 23:44:10.513127  length=13 from=703 to=715
 00 00 d0 07 01 80 00 04 00 1b 82 00 00           .............
--
> 2024/09/13 23:44:13.617632  length=12 from=716 to=727
 01 89 00 08 00 00 df 28 1c e8 07 c0              .......(....
--
> 2024/09/13 23:44:13.619006  length=1 from=728 to=728
 02                                               .
--
> 2024/09/13 23:44:13.701726  length=13 from=729 to=741
 01 8c 00 08 00 00 df 28 1c e8 07 c0 04           .......(.....
--
> 2024/09/13 23:44:15.637567  length=12 from=742 to=753
 01 88 00 0d 00 00 df 28 1c e8 07 c0              .......(....
--
> 2024/09/13 23:44:15.639028  length=6 from=754 to=759
 32 00 00 00 d0 07                                2.....
--
> 2024/09/13 23:44:22.574921  length=3 from=760 to=762
 01 83 00                                         ...
--
> 2024/09/13 23:44:22.576497  length=9 from=763 to=771
 07 00 00 df 28 1c e8 07 c0                       ....(....
--
> 2024/09/13 23:44:27.623638  length=2 from=772 to=773
 01 83                                            ..
--
> 2024/09/13 23:44:27.624596  length=10 from=774 to=783
 00 07 00 00 b9 15 60 e8 07 c0                    ......`...
--
> 2024/09/13 23:44:28.530636  length=4 from=784 to=787
 00 80 ff 00                                      ....
--
> 2024/09/13 23:44:28.531636  length=1 from=788 to=788
 00                                               .
--
