WARNING: Using a test - not safe - entropy source
uart connected to pseudotty: /dev/pts/11
*** Booting Zephyr OS build v4.2.0-1030-g2b42a1d81d98 ***
> 2025/08/02 20:40:24.578204  length=5 from=0 to=4
 00 80 ff 00 00                                   .....
--
< 2025/08/02 20:40:24.610528  length=6 from=0 to=5
 00 03 ff 01 00 01                                ......
--
[00:00:00.240,000] [1;33m<wrn> bt_hci_core: Num of Controller's ACL packets != ACL bt_conn_tx contexts (7 != 3)[0m
[00:00:00.240,000] [1;33m<wrn> bt_hci_core: Num of Controller's ISO packets != ISO bt_conn_tx contexts(8 != 4)[0m
[00:00:00.420,000] [0m<inf> bt_hci_core: HCI transport: HCI User Channel[0m
[00:00:00.420,000] [0m<inf> bt_hci_core: Identity: D5:B6:CC:31:DB:3B (random)[0m
[00:00:00.420,000] [0m<inf> bt_hci_core: HCI: version 5.4 (0x0d) revision 0x0000, manufacturer 0x05f1[0m
[00:00:00.420,000] [0m<inf> bt_hci_core: LMP: version 5.4 (0x0d) subver 0xffff[0m
> 2025/08/02 20:40:24.996130  length=5 from=5 to=9
 00 03 ff 00 00                                   .....
--
< 2025/08/02 20:40:25.032858  length=5 from=6 to=10
 01 01 ff 00 00                                   .....
--
> 2025/08/02 20:40:25.036049  length=11 from=10 to=20
 01 01 ff 06 00 6e ff 7f 1f fe 07                 .....n.....
--
< 2025/08/02 20:40:25.098199  length=5 from=11 to=15
 01 03 00 00 00                                   .....
--
> 2025/08/02 20:40:25.106099  length=69 from=21 to=89
 01 03 00 15 01 3b db 31 cc b6 d5 13 06 02 00 13  .....;.1........
 82 00 00 00 00 00 62 74 70 5f 74 65 73 74 65 72  ......btp_tester
 00 00 00 00 00 00 00 00 00 00 00 00 00 00 00 00  ................
 00 00 00 00 00 00 00 00 00 00 00 00 00 00 00 00  ................
 00 00 00 00 00                                   .....
--
> 2025/08/02 20:40:25.106437  length=213 from=90 to=302
 00 00 00 00 00 00 00 00 00 00 00 00 00 00 00 00  ................
 00 00 00 00 00 00 00 00 00 00 00 00 00 00 00 00  ................
 00 00 00 00 00 00 00 00 00 00 00 00 00 00 00 00  ................
 00 00 00 00 00 00 00 00 00 00 00 00 00 00 00 00  ................
 00 00 00 00 00 00 00 00 00 00 00 00 00 00 00 00  ................
 00 00 00 00 00 00 00 00 00 00 00 00 00 00 00 00  ................
 00 00 00 00 00 00 00 00 00 00 00 00 00 00 00 00  ................
 00 00 00 00 00 00 00 00 00 00 00 00 00 00 00 00  ................
 00 00 00 00 00 00 00 00 00 00 00 00 00 00 00 00  ................
 00 00 00 00 00 00 00 00 00 00 00 00 00 00 00 00  ................
 00 00 00 00 00 00 00 00 00 00 00 00 00 00 00 00  ................
 00 00 00 00 00 00 00 00 00 00 00 00 00 00 00 00  ................
 00 00 00 00 00 00 00 00 00 00 00 00 00 00 00 00  ................
 00 00 00 00 00                                   .....
--
< 2025/08/02 20:40:25.178875  length=6 from=16 to=21
 00 03 ff 01 00 02                                ......
--
> 2025/08/02 20:40:25.186077  length=5 from=303 to=307
 00 03 ff 00 00                                   .....
--
< 2025/08/02 20:40:25.197224  length=5 from=22 to=26
 02 01 ff 00 00                                   .....
--
> 2025/08/02 20:40:25.206067  length=10 from=308 to=317
 02 01 ff 05 00 fe fe ff fd 03                    ..........
--
< 2025/08/02 20:40:25.268458  length=6 from=27 to=32
 01 08 00 01 00 01                                ......
--
> 2025/08/02 20:40:25.276078  length=9 from=318 to=326
 01 08 00 04 00 1b 82 00 00                       .........
--
< 2025/08/02 20:40:25.333286  length=6 from=33 to=38
 00 03 ff 01 00 0c                                ......
--
> 2025/08/02 20:40:25.336071  length=5 from=327 to=331
 00 03 ff 00 00                                   .....
--
< 2025/08/02 20:40:25.377781  length=5 from=39 to=43
 0c 01 ff 00 00                                   .....
--
> 2025/08/02 20:40:25.386062  length=6 from=332 to=337
 0c 01 ff 01 00 3e                                .....>
--
< 2025/08/02 20:40:25.448196  length=6 from=44 to=49
 00 03 ff 01 00 0d                                ......
--
> 2025/08/02 20:40:25.456084  length=5 from=338 to=342
 00 03 ff 00 00                                   .....
--
< 2025/08/02 20:40:25.497834  length=5 from=50 to=54
 0d 01 ff 00 00                                   .....
--
> 2025/08/02 20:40:25.506076  length=7 from=343 to=349
 0d 01 ff 02 00 fe 0f                             .......
--
< 2025/08/02 20:40:25.568221  length=6 from=55 to=60
 00 03 ff 01 00 0e                                ......
--
> 2025/08/02 20:40:25.576131  length=5 from=350 to=354
 00 03 ff 00 00                                   .....
--
< 2025/08/02 20:40:25.617879  length=5 from=61 to=65
 0e 01 ff 00 00                                   .....
--
> 2025/08/02 20:40:25.626076  length=9 from=355 to=363
 0e 01 ff 04 00 fe ff ff 03                       .........
--
< 2025/08/02 20:40:28.680421  length=13 from=66 to=78
 01 0e 00 08 00 00 df 28 1c e8 07 c0 00           .......(.....
--
> 2025/08/02 20:40:28.756128  length=5 from=364 to=368
 01 0e 00 00 00                                   .....
--
> 2025/08/02 20:40:28.876157  length=18 from=369 to=386
 01 82 00 0d 00 00 df 28 1c e8 07 c0 38 00 00 00  .......(....8...
 90 01                                            ..
--
> 2025/08/02 20:40:31.396175  length=27 from=387 to=413
 01 91 00 09 00 00 df 28 1c e8 07 c0 01 10 01 89  .......(........
 00 08 00 00 df 28 1c e8 07 c0 02                 .....(.....
--
< 2025/08/02 20:40:31.592649  length=12 from=79 to=90
 0e 02 00 07 00 00 df 28 1c e8 07 c0              .......(....
--
> 2025/08/02 20:40:31.596178  length=5 from=414 to=418
 0e 02 00 00 00                                   .....
--
> 2025/08/02 20:40:32.936330  length=22 from=419 to=440
 0e 81 00 11 00 00 df 28 1c e8 07 c0 02 06 04 00  .......(........
 02 28 00 28 00 01                                .(.(..
--
> 2025/08/02 20:40:36.016354  length=14 from=441 to=454
 0e 82 00 09 00 00 df 28 1c e8 07 c0 02 0a        .......(......
--
> 2025/08/02 20:40:37.416374  length=13 from=455 to=467
 0e 80 00 08 00 00 df 28 1c e8 07 c0 00           .......(.....
--
< 2025/08/02 20:40:42.519848  length=38 from=91 to=128
 0d 02 00 21 00 00 df 28 1c e8 07 c0 0a           ...!...(.....
 06 00 00 00 00 13 02 01 03 02 02 01 05 03 01 00  ................
 00 00 03 04 28 00 02 05 01                       ....(....
--
> 2025/08/02 20:40:42.526340  length=5 from=468 to=472
 0d 02 00 00 00                                   .....
--
> 2025/08/02 20:40:42.736398  length=16 from=473 to=488
 0d 80 00 0b 00 00 df 28 1c e8 07 c0 00 01 00 00  .......(........
--
> 2025/08/02 20:40:42.876604  length=14 from=489 to=502
 0d 82 00 09 00 00 df 28 1c e8 07 c0 0a           .......(.....
 01                                               .
--
< 2025/08/02 20:41:12.848444  length=15 from=129 to=143
 0d 0a                                            ..
 00 0a                                            ..
 00 00 df 28 1c e8 07 c0 0a                       ...(.....
 00 00                                            ..
--
> 2025/08/02 20:41:12.856728  length=5 from=503 to=507
 0d 0a                                            ..
 00 00 00                                         ...
--
< 2025/08/02 20:41:12.868099  length=19 from=144 to=162
 0d 0b 00 0e 00 00 00 4c 1d 00 00 1e 00 02 08 00  .......L........
 40 9c 00                                         @..
--
> 2025/08/02 20:41:12.876716  length=5 from=508 to=512
 0d 0b 00 00 00                                   .....
--
< 2025/08/02 20:41:12.893128  length=27 from=163 to=189
 0d 03 00 16 00 00 df 28 1c e8 07 c0 0a           .......(.....
 00 00 4c 1d 00 00 1e 00 02 08 00 40 9c 00        ..L........@..
--
> 2025/08/02 20:41:12.976723  length=5 from=513 to=517
 0d 03 00 00 00                                   .....
--
> 2025/08/02 20:41:13.116871  length=16 from=518 to=533
 0d 80 00 0b 00 00 df 28 1c e8 07 c0 0a           .......(.....
 02 00 00                                         ...
--
> 2025/08/02 20:41:13.256901  length=14 from=534 to=547
 0d 82 00 09 00 00 df 28 1c e8 07 c0 0a           .......(.....
 02                                               .
--
< 2025/08/02 20:41:13.509601  length=13 from=190 to=202
 0d 04 00 08 00 00 df 28 1c e8 07 c0 0a           .......(.....
--
> 2025/08/02 20:41:13.516737  length=5 from=548 to=552
 0d 04 00 00 00                                   .....
--
> 2025/08/02 20:41:13.616922  length=16 from=553 to=568
 0d 80 00 0b 00 00 df 28 1c e8 07 c0 0a           .......(.....
 03 00 00                                         ...
--
> 2025/08/02 20:41:13.756862  length=14 from=569 to=582
 0d 82 00 09 00 00 df 28 1c e8 07 c0 0a           .......(.....
 03                                               .
--
< 2025/08/02 20:41:14.028365  length=13 from=203 to=215
 0d 07 00 08 00 00 df 28 1c e8 07 c0 0a           .......(.....
--
> 2025/08/02 20:41:14.036786  length=5 from=583 to=587
 0d 07 00 00 00                                   .....
--
> 2025/08/02 20:41:14.176912  length=16 from=588 to=603
 0d 80 00 0b 00 00 df 28 1c e8 07 c0 0a           .......(.....
 05 00 00                                         ...
--
> 2025/08/02 20:41:14.316855  length=14 from=604 to=617
 0d 82 00 09 00 00 df 28 1c e8 07 c0 0a           .......(.....
 05                                               .
--
< 2025/08/02 20:41:15.550629  length=13 from=216 to=228
 0d 08 00 08 00 00 df 28 1c e8 07 c0 0a           .......(.....
--
> 2025/08/02 20:41:15.556798  length=5 from=618 to=622
 0d 08 00 00 00                                   .....
--
> 2025/08/02 20:41:15.716955  length=16 from=623 to=638
 0d 80 00 0b 00 00 df 28 1c e8 07 c0 0a           .......(.....
 08 00 00                                         ...
--
> 2025/08/02 20:41:15.996836  length=14 from=639 to=652
 0d 82 00 09 00 00 df 28 1c e8 07 c0 0a           .......(.....
 00                                               .
--
> 2025/08/02 20:41:17.456950  length=12 from=653 to=664
 01 83 00 07 00 00 df 28 1c e8 07 c0              .......(....
--

Stopped at 57.890s
