< 2024/08/11 12:44:50.025645  length=6 from=0 to=5
 00 03 ff 01 00 01                                ......
--
> 2024/08/11 12:44:50.066528  length=5 from=0 to=4
 00 03 ff 00 00                                   .....
--
< 2024/08/11 12:44:50.108312  length=5 from=6 to=10
 01 03 00 00 00                                   .....
--
> 2024/08/11 12:44:50.301612  length=6 from=5 to=10
 01 03 00 15 01 c3                                ......
--
> 2024/08/11 12:44:50.301703  length=2 from=11 to=12
 51 0b                                            Q.
--
> 2024/08/11 12:44:50.301779  length=2 from=13 to=14
 1b b8                                            ..
--
> 2024/08/11 12:44:50.301840  length=1 from=15 to=15
 d7                                               .
--
> 2024/08/11 12:44:50.301977  length=1 from=16 to=16
 13                                               .
--
> 2024/08/11 12:44:50.302598  length=3 from=17 to=19
 06 02 00                                         ...
--
> 2024/08/11 12:44:50.302662  length=5 from=20 to=24
 13 82 00 00 00                                   .....
--
> 2024/08/11 12:44:50.302721  length=1 from=25 to=25
 00                                               .
--
> 2024/08/11 12:44:50.302772  length=1 from=26 to=26
 00                                               .
--
> 2024/08/11 12:44:50.303578  length=7 from=27 to=33
 62 74 70 5f 74 65 73                             btp_tes
--
> 2024/08/11 12:44:50.303649  length=2 from=34 to=35
 74 65                                            te
--
> 2024/08/11 12:44:50.303708  length=1 from=36 to=36
 72                                               r
--
> 2024/08/11 12:44:50.303823  length=1 from=37 to=37
 00                                               .
--
> 2024/08/11 12:44:50.303884  length=2 from=38 to=39
 00 00                                            ..
--
> 2024/08/11 12:44:50.304496  length=7 from=40 to=46
 00 00 00 00 00 00 00                             .......
--
> 2024/08/11 12:44:50.304669  length=1 from=47 to=47
 00                                               .
--
> 2024/08/11 12:44:50.304730  length=1 from=48 to=48
 00                                               .
--
> 2024/08/11 12:44:50.304782  length=1 from=49 to=49
 00                                               .
--
> 2024/08/11 12:44:50.305489  length=7 from=50 to=56
 00 00 00 00 00 00 00                             .......
--
> 2024/08/11 12:44:50.305560  length=1 from=57 to=57
 00                                               .
--
> 2024/08/11 12:44:50.305611  length=1 from=58 to=58
 00                                               .
--
> 2024/08/11 12:44:50.305661  length=1 from=59 to=59
 00                                               .
--
> 2024/08/11 12:44:50.306545  length=10 from=60 to=69
 00 00 00 00 00 00 00 00 00 00                    ..........
--
> 2024/08/11 12:44:50.307597  length=11 from=70 to=80
 00 00 00 00 00 00 00 00 00 00 00                 ...........
--
> 2024/08/11 12:44:50.307673  length=2 from=81 to=82
 00 00                                            ..
--
> 2024/08/11 12:44:50.307734  length=1 from=83 to=83
 00                                               .
--
> 2024/08/11 12:44:50.308618  length=10 from=84 to=93
 00 00 00 00 00 00 00 00 00 00                    ..........
--
> 2024/08/11 12:44:50.308729  length=1 from=94 to=94
 00                                               .
--
> 2024/08/11 12:44:50.308827  length=1 from=95 to=95
 00                                               .
--
> 2024/08/11 12:44:50.309563  length=9 from=96 to=104
 00 00 00 00 00 00 00 00 00                       .........
--
> 2024/08/11 12:44:50.310577  length=10 from=105 to=114
 00 00 00 00 00 00 00 00 00 00                    ..........
--
> 2024/08/11 12:44:50.310644  length=2 from=115 to=116
 00 00                                            ..
--
> 2024/08/11 12:44:50.310723  length=1 from=117 to=117
 00                                               .
--
> 2024/08/11 12:44:50.310770  length=1 from=118 to=118
 00                                               .
--
> 2024/08/11 12:44:50.311579  length=8 from=119 to=126
 00 00 00 00 00 00 00 00                          ........
--
> 2024/08/11 12:44:50.311692  length=2 from=127 to=128
 00 00                                            ..
--
> 2024/08/11 12:44:50.312615  length=9 from=129 to=137
 00 00 00 00 00 00 00 00 00                       .........
--
> 2024/08/11 12:44:50.312688  length=3 from=138 to=140
 00 00 00                                         ...
--
> 2024/08/11 12:44:50.313587  length=10 from=141 to=150
 00 00 00 00 00 00 00 00 00 00                    ..........
--
> 2024/08/11 12:44:50.313672  length=1 from=151 to=151
 00                                               .
--
> 2024/08/11 12:44:50.313716  length=1 from=152 to=152
 00                                               .
--
> 2024/08/11 12:44:50.314533  length=8 from=153 to=160
 00 00 00 00 00 00 00 00                          ........
--
> 2024/08/11 12:44:50.314605  length=1 from=161 to=161
 00                                               .
--
> 2024/08/11 12:44:50.314663  length=1 from=162 to=162
 00                                               .
--
> 2024/08/11 12:44:50.314715  length=1 from=163 to=163
 00                                               .
--
> 2024/08/11 12:44:50.314768  length=1 from=164 to=164
 00                                               .
--
> 2024/08/11 12:44:50.314883  length=2 from=165 to=166
 00 00                                            ..
--
> 2024/08/11 12:44:50.315613  length=6 from=167 to=172
 00 00 00 00 00 00                                ......
--
> 2024/08/11 12:44:50.315673  length=2 from=173 to=174
 00 00                                            ..
--
> 2024/08/11 12:44:50.316508  length=9 from=175 to=183
 00 00 00 00 00 00 00 00 00                       .........
--
> 2024/08/11 12:44:50.316582  length=1 from=184 to=184
 00                                               .
--
> 2024/08/11 12:44:50.316639  length=1 from=185 to=185
 00                                               .
--
> 2024/08/11 12:44:50.316755  length=1 from=186 to=186
 00                                               .
--
> 2024/08/11 12:44:50.316844  length=2 from=187 to=188
 00 00                                            ..
--
> 2024/08/11 12:44:50.317494  length=8 from=189 to=196
 00 00 00 00 00 00 00 00                          ........
--
> 2024/08/11 12:44:50.318560  length=10 from=197 to=206
 00 00 00 00 00 00 00 00 00 00                    ..........
--
> 2024/08/11 12:44:50.318712  length=3 from=207 to=209
 00 00 00                                         ...
--
> 2024/08/11 12:44:50.318795  length=1 from=210 to=210
 00                                               .
--
> 2024/08/11 12:44:50.319578  length=8 from=211 to=218
 00 00 00 00 00 00 00 00                          ........
--
> 2024/08/11 12:44:50.319652  length=2 from=219 to=220
 00 00                                            ..
--
> 2024/08/11 12:44:50.319705  length=1 from=221 to=221
 00                                               .
--
> 2024/08/11 12:44:50.320520  length=10 from=222 to=231
 00 00 00 00 00 00 00 00 00 00                    ..........
--
> 2024/08/11 12:44:50.321533  length=10 from=232 to=241
 00 00 00 00 00 00 00 00 00 00                    ..........
--
> 2024/08/11 12:44:50.321607  length=1 from=242 to=242
 00                                               .
--
> 2024/08/11 12:44:50.321659  length=1 from=243 to=243
 00                                               .
--
> 2024/08/11 12:44:50.321709  length=1 from=244 to=244
 00                                               .
--
> 2024/08/11 12:44:50.321775  length=1 from=245 to=245
 00                                               .
--
> 2024/08/11 12:44:50.321843  length=1 from=246 to=246
 00                                               .
--
> 2024/08/11 12:44:50.322583  length=8 from=247 to=254
 00 00 00 00 00 00 00 00                          ........
--
> 2024/08/11 12:44:50.323612  length=10 from=255 to=264
 00 00 00 00 00 00 00 00 00 00                    ..........
--
> 2024/08/11 12:44:50.332690  length=22 from=265 to=286
 00 00 00 00 00 00 00 00 00 00 00 00 00 00 00 00  ................
 00 00 00 00 00 00                                ......
--
< 2024/08/11 12:44:50.374331  length=6 from=11 to=16
 00 03 ff 01 00 02                                ......
--
> 2024/08/11 12:44:50.375580  length=3 from=287 to=289
 00 03 ff                                         ...
--
> 2024/08/11 12:44:50.375644  length=2 from=290 to=291
 00 00                                            ..
--
< 2024/08/11 12:44:50.417528  length=6 from=17 to=22
 01 08 00 01 00 01                                ......
--
> 2024/08/11 12:44:50.418563  length=1 from=292 to=292
 01                                               .
--
> 2024/08/11 12:44:50.418623  length=1 from=293 to=293
 08                                               .
--
> 2024/08/11 12:44:50.418668  length=1 from=294 to=294
 00                                               .
--
> 2024/08/11 12:44:50.418712  length=1 from=295 to=295
 04                                               .
--
> 2024/08/11 12:44:50.418844  length=1 from=296 to=296
 00                                               .
--
> 2024/08/11 12:44:50.418925  length=2 from=297 to=298
 1b 82                                            ..
--
> 2024/08/11 12:44:50.419554  length=2 from=299 to=300
 00 00                                            ..
--
< 2024/08/11 12:44:50.480740  length=6 from=23 to=28
 00 03 ff 01 00 12                                ......
--
> 2024/08/11 12:44:50.482563  length=5 from=301 to=305
 00 03 ff 00 00                                   .....
--
< 2024/08/11 12:44:50.524106  length=6 from=29 to=34
 00 03 ff 01 00 08                                ......
--
> 2024/08/11 12:44:50.525552  length=2 from=306 to=307
 00 03                                            ..
--
> 2024/08/11 12:44:50.526539  length=3 from=308 to=310
 ff 00 00                                         ...
--
< 2024/08/11 12:44:50.567126  length=6 from=35 to=40
 00 03 ff 01 00 0a                                ......
--
> 2024/08/11 12:44:50.568571  length=5 from=311 to=315
 00 03 ff 00 00                                   .....
--
< 2024/08/11 12:44:50.610243  length=6 from=41 to=46
 00 03 ff 01 00 0b                                ......
--
> 2024/08/11 12:44:50.611571  length=4 from=316 to=319
 00 03 ff 00                                      ....
--
> 2024/08/11 12:44:50.611679  length=1 from=320 to=320
 00                                               .
--
< 2024/08/11 12:44:50.652703  length=6 from=47 to=52
 00 03 ff 01 00 17                                ......
--
> 2024/08/11 12:44:50.656607  length=2 from=321 to=322
 00 03                                            ..
--
> 2024/08/11 12:44:50.656675  length=1 from=323 to=323
 ff                                               .
--
> 2024/08/11 12:44:50.657566  length=2 from=324 to=325
 00 00                                            ..
--
< 2024/08/11 12:44:50.672818  length=6 from=53 to=58
 00 03 ff 01 00 19                                ......
--
> 2024/08/11 12:44:50.674572  length=5 from=326 to=330
 00 03 ff 00 00                                   .....
--
< 2024/08/11 12:44:50.685547  length=6 from=59 to=64
 00 03 ff 01 00 0c                                ......
--
> 2024/08/11 12:44:50.687564  length=5 from=331 to=335
 00 03 ff 00 00                                   .....
--
< 2024/08/11 12:44:50.729178  length=6 from=65 to=70
 00 03 ff 01 00 0d                                ......
--
> 2024/08/11 12:44:50.730575  length=5 from=336 to=340
 00 03 ff 00 00                                   .....
--
< 2024/08/11 12:44:50.772055  length=6 from=71 to=76
 00 03 ff 01 00 0e                                ......
--
> 2024/08/11 12:44:50.773571  length=5 from=341 to=345
 00 03 ff 00 00                                   .....
--
< 2024/08/11 12:44:50.815330  length=6 from=77 to=82
 00 03 ff 01 00 1a                                ......
--
> 2024/08/11 12:44:50.816519  length=4 from=346 to=349
 00 03 ff 00                                      ....
--
> 2024/08/11 12:44:50.816577  length=1 from=350 to=350
 00                                               .
--
< 2024/08/11 12:44:50.857717  length=6 from=83 to=88
 00 03 ff 01 00 15                                ......
--
> 2024/08/11 12:44:50.859564  length=5 from=351 to=355
 00 03 ff 00 00                                   .....
--
< 2024/08/11 12:44:50.901109  length=6 from=89 to=94
 01 21 00 01 00 01                                .!....
--
> 2024/08/11 12:44:50.902529  length=6 from=356 to=361
 01 21 00 04 00 1b                                .!....
--
> 2024/08/11 12:44:50.902656  length=1 from=362 to=362
 82                                               .
--
> 2024/08/11 12:44:50.902708  length=1 from=363 to=363
 02                                               .
--
> 2024/08/11 12:44:50.902751  length=1 from=364 to=364
 00                                               .
--
< 2024/08/11 12:44:50.964742  length=12 from=95 to=106
 15 03 00 07 00 00 df 28 1c e8 07 c0              .......(....
--
> 2024/08/11 12:44:50.968548  length=8 from=365 to=372
 15 03 00 06 00 88 94 1e                          ........
--
> 2024/08/11 12:44:50.968747  length=3 from=373 to=375
 c8 79 48                                         .yH
--
< 2024/08/11 12:44:51.030823  length=35 from=107 to=141
 01 0a                                            ..
 00 1e 00 17 00 16 03 53 18 01 16 08 4e 18 01 46  .......S....N..F
 02 42 00 00 2e 06 88 94 1e c8 79 48 ff ff ff ff  .B........yH....
 00                                               .
--
> 2024/08/11 12:44:51.036606  length=3 from=376 to=378
 01 0a                                            ..
 00                                               .
--
> 2024/08/11 12:44:51.036690  length=1 from=379 to=379
 04                                               .
--
> 2024/08/11 12:44:51.036771  length=1 from=380 to=380
 00                                               .
--
> 2024/08/11 12:44:51.036812  length=1 from=381 to=381
 1b                                               .
--
> 2024/08/11 12:44:51.036869  length=1 from=382 to=382
 86                                               .
--
> 2024/08/11 12:44:51.037624  length=2 from=383 to=384
 02 00                                            ..
--
< 2024/08/11 12:44:56.100540  length=37 from=142 to=178
 1a 07 00 20 00 00 00 06 00 00 00 00 13 04 02 01  ... ............
 01 02 02 00 05 03 01 00 00 00 03 04 1a 00 02 05  ................
 01 03 02 00 02                                   .....
--
> 2024/08/11 12:44:56.104635  length=3 from=385 to=387
 1a 07 00                                         ...
--
> 2024/08/11 12:44:56.104696  length=1 from=388 to=388
 00                                               .
--
> 2024/08/11 12:44:56.104739  length=1 from=389 to=389
 00                                               .
--
< 2024/08/11 12:44:56.115578  length=37 from=179 to=215
 1a 08 00 20 00 00 00 06 00 00 00 00 13 04 02 01  ... ............
 01 02 02 00 05 03 01 00 00 00 03 04 1a 00 02 05  ................
 01 03 02 00 02                                   .....
--
> 2024/08/11 12:44:56.119474  length=2 from=390 to=391
 1a 08                                            ..
--
> 2024/08/11 12:44:56.119531  length=1 from=392 to=392
 00                                               .
--
> 2024/08/11 12:44:56.120552  length=2 from=393 to=394
 00 00                                            ..
--
< 2024/08/11 12:44:56.156009  length=38 from=216 to=253
 1a 09 00 21 00 00 56 34 12 4c 1d 00 00 1a 00 02  ...!..V4.L......
 08 00 40 9c 00 00 00 00 00 00 00 00 00 00 00 00  ..@.............
 00 00 00 00 00 00                                ......
--
> 2024/08/11 12:44:56.165509  length=12 from=395 to=406
 1a 09 00 09 00 00 08 00 02 00 1b 1f              ............
--
> 2024/08/11 12:44:56.166597  length=2 from=407 to=408
 27 00                                            '.
--
< 2024/08/11 12:44:56.227498  length=6 from=254 to=259
 1a 0b 00 01 00 00                                ......
--
> 2024/08/11 12:44:56.230542  length=5 from=409 to=413
 1a 0b 00 00 00                                   .....
--
< 2024/08/11 12:44:56.272024  length=6 from=260 to=265
 1a 0d 00 01 00 00                                ......
--
> 2024/08/11 12:44:56.274621  length=5 from=414 to=418
 1a 0d 00 00 00                                   .....
--
< 2024/08/11 12:44:56.316095  length=55 from=266 to=320
 0e 03 00 32 00 00 df 28 1c e8 07 c0 00 29 00 01  ...2...(.....)..
 02 03 04 05 06 07 08 09 0a                       .........
 0b 0c 0d 0e 0f 10 11 12 13 14 15 16 17 18 19 1a  ................
 1b 1c 1d 1e 1f 20 21 22 23 24 25 26 27 28        ..... !"#$%&'(
--
> 2024/08/11 12:44:56.321626  length=1 from=419 to=419
 0e                                               .
--
> 2024/08/11 12:44:56.321681  length=1 from=420 to=420
 03                                               .
--
> 2024/08/11 12:44:56.321733  length=1 from=421 to=421
 00                                               .
--
> 2024/08/11 12:44:56.321776  length=1 from=422 to=422
 02                                               .
--
> 2024/08/11 12:44:56.321829  length=1 from=423 to=423
 00                                               .
--
> 2024/08/11 12:44:56.321909  length=1 from=424 to=424
 29                                               )
--
> 2024/08/11 12:44:56.322510  length=1 from=425 to=425
 00                                               .
--
> 2024/08/11 12:44:56.348593  length=13 from=426 to=438
 0e 86 00 0b 00 00 00 00 00 00 00 00 00           .............
--
> 2024/08/11 12:44:56.348704  length=2 from=439 to=440
 00 00                                            ..
--
> 2024/08/11 12:44:56.349459  length=1 from=441 to=441
 00                                               .
--
< 2024/08/11 12:44:56.379178  length=55 from=321 to=375
 0e 03 00 32 00 00 df 28 1c e8 07 c0 00 29 00 01  ...2...(.....)..
 02 03 04 05 06 07 08 09 0a                       .........
 0b 0c 0d 0e 0f 10 11 12 13 14 15 16 17 18 19 1a  ................
 1b 1c 1d 1e 1f 20 21 22 23 24 25 26 27 28        ..... !"#$%&'(
--
> 2024/08/11 12:44:56.385494  length=7 from=442 to=448
 0e 03 00 02 00 29 00                             .....).
--
< 2024/08/11 12:44:56.442384  length=55 from=376 to=430
 0e 03 00 32 00 00 df 28 1c e8 07 c0 00 29 00 01  ...2...(.....)..
 02 03 04 05 06 07 08 09 0a                       .........
 0b 0c 0d 0e 0f 10 11 12 13 14 15 16 17 18 19 1a  ................
 1b 1c 1d 1e 1f 20 21 22 23 24 25 26 27 28        ..... !"#$%&'(
--
> 2024/08/11 12:44:56.448636  length=7 from=449 to=455
 0e 03 00 02 00 29 00                             .....).
--
< 2024/08/11 12:44:56.505617  length=55 from=431 to=485
 0e 03 00 32 00 00 df 28 1c e8 07 c0 00 29 00 01  ...2...(.....)..
 02 03 04 05 06 07 08 09 0a                       .........
 0b 0c 0d 0e 0f 10 11 12 13 14 15 16 17 18 19 1a  ................
 1b 1c 1d 1e 1f 20 21 22 23 24 25 26 27 28        ..... !"#$%&'(
--
> 2024/08/11 12:44:56.511469  length=6 from=456 to=461
 0e 03 00 02 00 29                                .....)
--
> 2024/08/11 12:44:56.511603  length=1 from=462 to=462
 00                                               .
--
< 2024/08/11 12:44:56.568451  length=55 from=486 to=540
 0e 03 00 32 00 00 df 28 1c e8 07 c0 00 29 00 01  ...2...(.....)..
 02 03 04 05 06 07 08 09 0a                       .........
 0b 0c 0d 0e 0f 10 11 12 13 14 15 16 17 18 19 1a  ................
 1b 1c 1d 1e 1f 20 21 22 23 24 25 26 27 28        ..... !"#$%&'(
--
> 2024/08/11 12:44:56.574602  length=7 from=463 to=469
 0e 03 00 02 00 29 00                             .....).
--
< 2024/08/11 12:44:56.621511  length=55 from=541 to=595
 0e 03 00 32 00 00 df 28 1c e8 07 c0 00 29 00 01  ...2...(.....)..
 02 03 04 05 06 07 08 09 0a                       .........
 0b 0c 0d 0e 0f 10 11 12 13 14 15 16 17 18 19 1a  ................
 1b 1c 1d 1e 1f 20 21 22 23 24 25 26 27 28        ..... !"#$%&'(
--
> 2024/08/11 12:44:56.627500  length=7 from=470 to=476
 0e 03 00 02 00 29 00                             .....).
--
< 2024/08/11 12:44:56.684503  length=55 from=596 to=650
 0e 03 00 32 00 00 df 28 1c e8 07 c0 00 29 00 01  ...2...(.....)..
 02 03 04 05 06 07 08 09 0a                       .........
 0b 0c 0d 0e 0f 10 11 12 13 14 15 16 17 18 19 1a  ................
 1b 1c 1d 1e 1f 20 21 22 23 24 25 26 27 28        ..... !"#$%&'(
--
> 2024/08/11 12:44:56.690627  length=7 from=477 to=483
 0e 03 00 02 00 29 00                             .....).
--
< 2024/08/11 12:44:56.747539  length=55 from=651 to=705
 0e 03 00 32 00 00 df 28 1c e8 07 c0 00 29 00 01  ...2...(.....)..
 02 03 04 05 06 07 08 09 0a                       .........
 0b 0c 0d 0e 0f 10 11 12 13 14 15 16 17 18 19 1a  ................
 1b 1c 1d 1e 1f 20 21 22 23 24 25 26 27 28        ..... !"#$%&'(
--
> 2024/08/11 12:44:56.753513  length=7 from=484 to=490
 0e 03 00 02 00 29 00                             .....).
--
< 2024/08/11 12:44:56.810333  length=55 from=706 to=760
 0e 03 00 32 00 00 df 28 1c e8 07 c0 00 29 00 01  ...2...(.....)..
 02 03 04 05 06 07 08 09 0a                       .........
 0b 0c 0d 0e 0f 10 11 12 13 14 15 16 17 18 19 1a  ................
 1b 1c 1d 1e 1f 20 21 22 23 24 25 26 27 28        ..... !"#$%&'(
--
> 2024/08/11 12:44:56.816629  length=7 from=491 to=497
 0e 03 00 02 00 29 00                             .....).
--
> 2024/08/11 12:45:08.780654  length=5 from=498 to=502
 00 80 ff 00 00                                   .....
--
