> 2024/02/26 17:39:09.272167  length=6 from=0 to=5
 00 03 ff 01 00 01                                ......
--
< 2024/02/26 17:39:09.294012  length=5 from=0 to=4
 00 03 ff 00 00                                   .....
--
> 2024/02/26 17:39:09.374975  length=5 from=6 to=10
 01 03 00 00 00                                   .....
--
< 2024/02/26 17:39:09.535183  length=99 from=5 to=103
 01 03 00 15 01 c3 51 0b 1b b8 d7 13 06 02 00 13  ......Q.........
 82 00 00 00 00 00 62 74 70 5f 74 65 73 74 65 72  ......btp_tester
 00 00 00 00 00 00 00 00 00 00 00 00 00 00 00 00  ................
 00 00 00 00 00 00 00 00 00 00 00 00 00 00 00 00  ................
 00 00 00 00 00 00 00 00 00 00 00 00 00 00 00 00  ................
 00 00 00 00 00 00 00 00 00 00 00 00 00 00 00 00  ................
 00 00 00                                         ...
--
< 2024/02/26 17:39:09.538779  length=45 from=104 to=148
 00 00 00 00 00 00 00 00 00 00 00 00 00 00 00 00  ................
 00 00 00 00 00 00 00 00 00 00 00 00 00 00 00 00  ................
 00 00 00 00 00 00 00 00 00 00 00 00 00           .............
--
< 2024/02/26 17:39:09.551186  length=138 from=149 to=286
 00 00 00 00 00 00 00 00 00 00 00 00 00 00 00 00  ................
 00 00 00 00 00 00 00 00 00 00 00 00 00 00 00 00  ................
 00 00 00 00 00 00 00 00 00 00 00 00 00 00 00 00  ................
 00 00 00 00 00 00 00 00 00 00 00 00 00 00 00 00  ................
 00 00 00 00 00 00 00 00 00 00 00 00 00 00 00 00  ................
 00 00 00 00 00 00 00 00 00 00 00 00 00 00 00 00  ................
 00 00 00 00 00 00 00 00 00 00 00 00 00 00 00 00  ................
 00 00 00 00 00 00 00 00 00 00 00 00 00 00 00 00  ................
 00 00 00 00 00 00 00 00 00 00                    ..........
--
> 2024/02/26 17:39:09.695124  length=6 from=11 to=16
 00 03 ff 01 00 02                                ......
--
< 2024/02/26 17:39:09.711192  length=5 from=287 to=291
 00 03 ff 00 00                                   .....
--
> 2024/02/26 17:39:09.822977  length=6 from=17 to=22
 01 08 00 01 00 01                                ......
--
< 2024/02/26 17:39:09.839092  length=9 from=292 to=300
 01 08 00 04 00 1b 82 00 00                       .........
--
> 2024/02/26 17:39:09.981920  length=6 from=23 to=28
 00 03 ff 01 00 0c                                ......
--
< 2024/02/26 17:39:09.998138  length=5 from=301 to=305
 00 03 ff 00 00                                   .....
--
> 2024/02/26 17:39:10.141971  length=6 from=29 to=34
 00 03 ff 01 00 0d                                ......
--
< 2024/02/26 17:39:10.158108  length=5 from=306 to=310
 00 03 ff 00 00                                   .....
--
> 2024/02/26 17:39:10.302009  length=6 from=35 to=40
 00 03 ff 01 00 0e                                ......
--
< 2024/02/26 17:39:10.318083  length=5 from=311 to=315
 00 03 ff 00 00                                   .....
--
> 2024/02/26 17:39:16.467300  length=5 from=41 to=45
 0e 0a                                            ..
 00 00 00                                         ...
--
< 2024/02/26 17:39:16.483537  length=5 from=316 to=320
 0e 0a                                            ..
 00 00 00                                         ...
--
> 2024/02/26 17:39:16.579253  length=5 from=46 to=50
 0e 0c 00 00 00                                   .....
--
< 2024/02/26 17:39:16.595382  length=5 from=321 to=325
 0e 0c 00 00 00                                   .....
--
< 2024/02/26 17:39:17.874371  length=18 from=326 to=343
 0e 84 00 0d 00 00 ef c9 56 e8 07 c0 fb ef 39 00  ........V.....9.
 58 02                                            X.
--
> 2024/02/26 17:39:17.968248  length=5 from=51 to=55
 0e 0d 00 00 00                                   .....
--
< 2024/02/26 17:39:17.984374  length=5 from=344 to=348
 0e 0d 00 00 00                                   .....
--
> 2024/02/26 17:39:18.112236  length=22 from=56 to=77
 0e 0e 00 11 00 00 ef c9 56 e8 07 c0 fb ef 39 00  ........V.....9.
 05 00 64 00 00 00                                ..d...
--
< 2024/02/26 17:39:18.128360  length=5 from=349 to=353
 0e 0e 00 00 00                                   .....
--
< 2024/02/26 17:39:18.144522  length=14 from=354 to=367
 0e 84 00 0d 00 01 55 13 07 36 c8 c3 c0 de        ......U..6....
--
< 2024/02/26 17:39:18.144879  length=4 from=368 to=371
 c0 01 ab 00                                      ....
--
< 2024/02/26 17:39:18.622405  length=18 from=372 to=389
 0e 84 00 0d 00 00 ef c9 56 e8 07 c0 fb ef 39 00  ........V.....9.
 58 02                                            X.
--
< 2024/02/26 17:39:19.357396  length=42 from=390 to=431
 01 8d 00 0a                                      ....
 00 00 ef c9 56 e8 07 c0 00 00 00 0e 89 00 16 00  ....V...........
 00 00 00 00 00 00 00 00 00 ef c9 56 e8 07 c0 00  ...........V....
 fb ef 39 02 00 00                                ..9...
--
< 2024/02/26 17:39:19.358001  length=9 from=432 to=440
 0e 89 00 1f 00 00 00 00 00                       .........
--
< 2024/02/26 17:39:19.373508  length=63 from=441 to=503
 00 00 00 00 00 ef c9 56 e8 07 c0 00 fb ef 39 02  .......V......9.
 00 01 00 00 00 00 04 03 02 04 00 0e 85 00 1f 00  ................
 00 ef c9 56 e8 07 c0 fb ef 39 40 9c 00 00 01 06  ...V.....9@.....
 00 00 00 00 0a                                   .....
 02 01 03 02 02 01 03 04 28 00                    ........(.
--
> 2024/02/26 17:39:19.581273  length=19 from=78 to=96
 0e 10 00 0e 00 00 ef c9 56 e8 07 c0 fb ef 39 01  ........V.....9.
 00 00 00                                         ...
--
< 2024/02/26 17:39:19.597388  length=5 from=504 to=508
 0e 10 00 00 00                                   .....
--
< 2024/02/26 17:39:20.109417  length=68 from=509 to=576
 0e 89 00 1f 00 00 00 00 00 00 00 00 00 00 ef c9  ................
 56 e8 07 c0 00 fb ef 39 02 00 01 01 00 00 00 04  V......9........
 03 02 04 00 0e 85 00 1f 00 00 ef c9 56 e8 07 c0  ............V...
 fb ef 39 40 9c 00 00 01 06 00 00 00 00 0a        ..9@..........
 02 01 03 02 02 01                                ......
--
< 2024/02/26 17:39:20.110199  length=4 from=577 to=580
 03 04 28 00                                      ..(.
--
< 2024/02/26 17:39:20.125515  length=19 from=581 to=599
 0e 86 00 0b 00 00 ef c9 56 e8 07 c0 fb ef 39 01  ........V.....9.
 0e 87 00                                         ...
--
< 2024/02/26 17:39:20.125859  length=10 from=600 to=609
 0c 00 00 ef c9 56 e8 07 c0 fb                    .....V....
--
< 2024/02/26 17:39:20.141529  length=4 from=610 to=613
 ef 39 01 00                                      .9..
--
< 2024/02/26 17:39:20.855977  length=34 from=614 to=647
 0e 85 00 1f 00 00 ef c9 56 e8 07 c0 fb ef 39 40  ........V.....9@
 9c 00 00 01 06 00 00 00 00 0a                    ..........
 02 01 03 02 02 01 03 04                          ........
--
< 2024/02/26 17:39:20.858083  length=2 from=648 to=649
 28 00                                            (.
--
< 2024/02/26 17:39:21.606582  length=36 from=650 to=685
 0e 85 00 1f 00 00 ef c9 56 e8 07 c0 fb ef 39 40  ........V.....9@
 9c 00 00 01 06 00 00 00 00 0a                    ..........
 02 01 03 02 02 01 03 04 28 00                    ........(.
--
< 2024/02/26 17:39:22.359288  length=36 from=686 to=721
 0e 85 00 1f 00 00 ef c9 56 e8 07 c0 fb ef 39 40  ........V.....9@
 9c 00 00 01 06 00 00 00 00 0a                    ..........
 02 01 03 02 02 01 03 04 28 00                    ........(.
--
< 2024/02/26 17:39:22.422147  length=36 from=722 to=757
 0e 89 00 1f 00 00 00 00 00 00 00 00 00 00 ef c9  ................
 56 e8 07 c0 00 fb ef 39 02 00 01 00 00 00 00 04  V......9........
 03 02 04 00                                      ....
--
< 2024/02/26 17:39:23.106822  length=36 from=758 to=793
 0e 89 00 1f 00 00 00 00 00 00 00 00 00 00 ef c9  ................
 56 e8 07 c0 00 fb ef 39 02 00 01 01 00 00 00 04  V......9........
 03 02 04 00                                      ....
--
< 2024/02/26 17:39:23.107501  length=11 from=794 to=804
 0e 85 00 1f 00 00 ef c9 56 e8 07                 ........V..
--
< 2024/02/26 17:39:23.122925  length=25 from=805 to=829
 c0 fb ef 39 40 9c 00 00 01 06 00 00 00 00 0a     ...9@..........
 02 01 03 02 02 01 03 04 28 00                    ........(.
--
< 2024/02/26 17:39:23.858524  length=36 from=830 to=865
 0e 85 00 1f 00 00 ef c9 56 e8 07 c0 fb ef 39 40  ........V.....9@
 9c 00 00 01 06 00 00 00 00 0a                    ..........
 02 01 03 02 02 01 03 04 28 00                    ........(.
--
< 2024/02/26 17:39:24.608847  length=36 from=866 to=901
 0e 85 00 1f 00 00 ef c9 56 e8 07 c0 fb ef 39 40  ........V.....9@
 9c 00 00 01 06 00 00 00 00 0a                    ..........
 02 01 03 02 02 01 03 04 28 00                    ........(.
--
< 2024/02/26 17:39:25.355956  length=33 from=902 to=934
 0e 85 00 1f 00 00 ef c9 56 e8 07 c0 fb ef 39 40  ........V.....9@
 9c 00 00 01 06 00 00 00 00 0a                    ..........
 02 01 03 02 02 01 03                             .......
--
< 2024/02/26 17:39:25.371643  length=3 from=935 to=937
 04 28 00                                         .(.
--
< 2024/02/26 17:39:26.106653  length=34 from=938 to=971
 0e 85 00 1f 00 00 ef c9 56 e8 07 c0 fb ef 39 40  ........V.....9@
 9c 00 00 01 06 00 00 00 00 0a                    ..........
 02 01 03 02 02 01 03 04                          ........
--
< 2024/02/26 17:39:26.107226  length=2 from=972 to=973
 28 00                                            (.
--
< 2024/02/26 17:39:26.858589  length=36 from=974 to=1009
 0e 85 00 1f 00 00 ef c9 56 e8 07 c0 fb ef 39 40  ........V.....9@
 9c 00 00 01 06 00 00 00 00 0a                    ..........
 02 01 03 02 02 01 03 04 28 00                    ........(.
--
< 2024/02/26 17:39:27.609279  length=36 from=1010 to=1045
 0e 85 00 1f 00 00 ef c9 56 e8 07 c0 fb ef 39 40  ........V.....9@
 9c 00 00 01 06 00 00 00 00 0a                    ..........
 02 01 03 02 02 01 03 04 28 00                    ........(.
--
< 2024/02/26 17:39:28.358758  length=36 from=1046 to=1081
 0e 85 00 1f 00 00 ef c9 56 e8 07 c0 fb ef 39 40  ........V.....9@
 9c 00 00 01 06 00 00 00 00 0a                    ..........
 02 01 03 02 02 01 03 04 28 00                    ........(.
--
< 2024/02/26 17:39:29.108020  length=36 from=1082 to=1117
 0e 85 00 1f 00 00 ef c9 56 e8 07 c0 fb ef 39 40  ........V.....9@
 9c 00 00 01 06 00 00 00 00 0a                    ..........
 02 01 03 02 02 01 03 04 28 00                    ........(.
--
< 2024/02/26 17:39:29.857066  length=36 from=1118 to=1153
 0e 85 00 1f 00 00 ef c9 56 e8 07 c0 fb ef 39 40  ........V.....9@
 9c 00 00 01 06 00 00 00 00 0a                    ..........
 02 01 03 02 02 01 03 04 28 00                    ........(.
--
< 2024/02/26 17:39:30.609746  length=36 from=1154 to=1189
 0e 85 00 1f 00 00 ef c9 56 e8 07 c0 fb ef 39 40  ........V.....9@
 9c 00 00 01 06 00 00 00 00 0a                    ..........
 02 01 03 02 02 01 03 04 28 00                    ........(.
--
< 2024/02/26 17:39:32.109857  length=44 from=1190 to=1233
 0e 89 00 1f 00 00 00 00 00 00 00 00 00 00 ef c9  ................
 56 e8 07 c0 00 fb ef 39 00 00 01 01 00 00 00 04  V......9........
 03 02 04 00 01 8e 00 03 00 00 00 1f              ............
--
< 2024/02/26 17:39:36.232899  length=5 from=1234 to=1238
 00 80 ff 00 00                                   .....
--
