2022-06-26 08:06:36,510 root DEBUG client.py                 778   run_test_case_thread_entry : Starting TestCase wrapper MESH MESH/SR/PROX/BV-06-C
2022-06-26 08:06:36,511 root DEBUG testcase.py               718   pre_run                   : pre_run MESH MESH/SR/PROX/BV-06-C
2022-06-26 08:06:36,511 root DEBUG testcase.py               720   pre_run                   : About to run test case MESH MESH/SR/PROX/BV-06-C with commands:
2022-06-26 08:06:36,511 root DEBUG testcase.py               723   pre_run                   : 0) class=<class 'autopts.ptsprojects.testcase.TestFunc'>, func=<bound method ZephyrCtl.start of <autopts.ptsprojects.zephyr.iutctl.ZephyrCtl object at 0x000001F2FE46E4C0>> start_wid=None stop_wid=None post_wid=None skip_call=None call_count=0 args=(<autopts.ptsprojects.zephyr.ztestcase.ZTestCase object at 0x000001F2FE77D160>,) kwds={}
2022-06-26 08:06:36,511 root DEBUG testcase.py               723   pre_run                   : 1) class=<class 'autopts.ptsprojects.testcase.TestFunc'>, func=<bound method ZephyrCtl.wait_iut_ready_event of <autopts.ptsprojects.zephyr.iutctl.ZephyrCtl object at 0x000001F2FE46E4C0>> start_wid=None stop_wid=None post_wid=None skip_call=None call_count=0 args=() kwds={}
2022-06-26 08:06:36,511 root DEBUG testcase.py               723   pre_run                   : 2) class=<class 'autopts.ptsprojects.testcase.TestFunc'>, func=<function core_reg_svc_gap at 0x000001F2FCBDB820> start_wid=None stop_wid=None post_wid=None skip_call=None call_count=201 args=() kwds={}
2022-06-26 08:06:36,511 root DEBUG testcase.py               723   pre_run                   : 3) class=<class 'autopts.ptsprojects.testcase.TestFunc'>, func=<function core_reg_svc_mesh at 0x000001F2FCBDBB80> start_wid=None stop_wid=None post_wid=None skip_call=None call_count=201 args=() kwds={}
2022-06-26 08:06:36,511 root DEBUG testcase.py               723   pre_run                   : 4) class=<class 'autopts.ptsprojects.testcase.TestFunc'>, func=<function gap_read_ctrl_info at 0x000001F2FCC1A310> start_wid=None stop_wid=None post_wid=None skip_call=None call_count=201 args=() kwds={}
2022-06-26 08:06:36,511 root DEBUG testcase.py               723   pre_run                   : 5) class=<class 'autopts.ptsprojects.testcase.TestFunc'>, func=<function test_cases.<locals>.<lambda> at 0x000001F2FE5E1E50> start_wid=None stop_wid=None post_wid=None skip_call=None call_count=201 args=() kwds={}
2022-06-26 08:06:36,511 root DEBUG testcase.py               723   pre_run                   : 6) class=<class 'autopts.ptsprojects.testcase.TestFunc'>, func=<function test_cases.<locals>.<lambda> at 0x000001F2FE5E1EE0> start_wid=None stop_wid=None post_wid=None skip_call=None call_count=201 args=() kwds={}
2022-06-26 08:06:36,511 root DEBUG testcase.py               723   pre_run                   : 7) class=<class 'autopts.ptsprojects.testcase.TestFunc'>, func=<function test_cases.<locals>.<lambda> at 0x000001F2FE5E1F70> start_wid=None stop_wid=None post_wid=None skip_call=None call_count=201 args=() kwds={}
2022-06-26 08:06:36,511 root DEBUG testcase.py               723   pre_run                   : 8) class=<class 'autopts.ptsprojects.testcase.TestFunc'>, func=<function test_cases.<locals>.<lambda> at 0x000001F2FE6CC040> start_wid=None stop_wid=None post_wid=None skip_call=None call_count=201 args=() kwds={}
2022-06-26 08:06:36,511 root DEBUG testcase.py               723   pre_run                   : 9) class=<class 'autopts.ptsprojects.testcase.TestFunc'>, func=<function test_cases.<locals>.<lambda> at 0x000001F2FE6CC0D0> start_wid=None stop_wid=None post_wid=None skip_call=None call_count=201 args=() kwds={}
2022-06-26 08:06:36,511 root DEBUG testcase.py               723   pre_run                   : 10) class=<class 'autopts.ptsprojects.testcase.TestFunc'>, func=<function test_cases.<locals>.<lambda> at 0x000001F2FE6CC160> start_wid=None stop_wid=None post_wid=None skip_call=None call_count=201 args=() kwds={}
2022-06-26 08:06:36,511 root DEBUG testcase.py               723   pre_run                   : 11) class=<class 'autopts.ptsprojects.testcase.TestFunc'>, func=<function test_cases.<locals>.<lambda> at 0x000001F2FE6CC1F0> start_wid=None stop_wid=None post_wid=None skip_call=None call_count=201 args=() kwds={}
2022-06-26 08:06:36,512 root DEBUG testcase.py               723   pre_run                   : 12) class=<class 'autopts.ptsprojects.testcase.TestFunc'>, func=<function test_cases.<locals>.<lambda> at 0x000001F2FE6CC280> start_wid=None stop_wid=None post_wid=None skip_call=None call_count=201 args=() kwds={}
2022-06-26 08:06:36,512 root DEBUG testcase.py               723   pre_run                   : 13) class=<class 'autopts.ptsprojects.testcase.TestFunc'>, func=<function test_cases.<locals>.<lambda> at 0x000001F2FE6CC310> start_wid=None stop_wid=None post_wid=None skip_call=None call_count=201 args=() kwds={}
2022-06-26 08:06:36,512 root DEBUG testcase.py               723   pre_run                   : 14) class=<class 'autopts.ptsprojects.testcase.TestFuncCleanUp'>, func=<bound method Stack.cleanup of <autopts.ptsprojects.stack.Stack object at 0x000001F2FE46E850>> start_wid=None stop_wid=None post_wid=None skip_call=None call_count=0 args=() kwds={}
2022-06-26 08:06:36,512 root DEBUG testcase.py               723   pre_run                   : 15) class=<class 'autopts.ptsprojects.testcase.TestFuncCleanUp'>, func=<bound method ZephyrCtl.stop of <autopts.ptsprojects.zephyr.iutctl.ZephyrCtl object at 0x000001F2FE46E4C0>> start_wid=None stop_wid=None post_wid=None skip_call=None call_count=0 args=() kwds={}
2022-06-26 08:06:36,512 root DEBUG testcase.py               730   pre_run                   : post_run, run pre test case script
2022-06-26 08:06:36,514 root DEBUG testcase.py               246   start                     : Starting test function: class=<class 'autopts.ptsprojects.testcase.TestFunc'>, func=<bound method ZephyrCtl.start of <autopts.ptsprojects.zephyr.iutctl.ZephyrCtl object at 0x000001F2FE46E4C0>> start_wid=None stop_wid=None post_wid=None skip_call=None call_count=1 args=(<autopts.ptsprojects.zephyr.ztestcase.ZTestCase object at 0x000001F2FE77D160>,) kwds={}
2022-06-26 08:06:36,514 root DEBUG testcase.py               258   start                     : Test function parameters: args=(<autopts.ptsprojects.zephyr.ztestcase.ZTestCase object at 0x000001F2FE77D160>,), kwds={}
2022-06-26 08:06:36,514 root DEBUG iutctl.py                 97    start                     : <class 'autopts.ptsprojects.zephyr.iutctl.ZephyrCtl'>.start
2022-06-26 08:06:36,515 root DEBUG iutctl.py                 158   flush_serial              : <class 'autopts.ptsprojects.zephyr.iutctl.ZephyrCtl'>.flush_serial
2022-06-26 08:06:37,568 root DEBUG iutctl.py                 123   start                     : Starting socat process: socat.exe -x -v tcp:192.168.9.43:63088,retry=100,interval=1 /dev/ttyS4,raw,b115200
2022-06-26 08:06:37,570 root DEBUG iutctl_common.py          276   accept                    : accept
2022-06-26 08:06:37,585 root DEBUG testcase.py               246   start                     : Starting test function: class=<class 'autopts.ptsprojects.testcase.TestFunc'>, func=<bound method ZephyrCtl.wait_iut_ready_event of <autopts.ptsprojects.zephyr.iutctl.ZephyrCtl object at 0x000001F2FE46E4C0>> start_wid=None stop_wid=None post_wid=None skip_call=None call_count=1 args=() kwds={}
2022-06-26 08:06:37,585 root DEBUG testcase.py               258   start                     : Test function parameters: args=(), kwds={}
2022-06-26 08:06:37,585 root DEBUG iutctl.py                 197   reset                     : <class 'autopts.ptsprojects.zephyr.iutctl.ZephyrCtl'>.reset
2022-06-26 08:06:37,585 root DEBUG iutctl.py                 232   stop                      : <class 'autopts.ptsprojects.zephyr.iutctl.ZephyrCtl'>.stop
2022-06-26 08:06:38,588 root DEBUG __init__.py               48    reset                     : About to reset DUT: 'nrfjprog -r -s 683989059'
2022-06-26 08:06:39,140 root DEBUG iutctl.py                 97    start                     : <class 'autopts.ptsprojects.zephyr.iutctl.ZephyrCtl'>.start
2022-06-26 08:06:39,140 root DEBUG iutctl.py                 158   flush_serial              : <class 'autopts.ptsprojects.zephyr.iutctl.ZephyrCtl'>.flush_serial
2022-06-26 08:06:40,192 root DEBUG iutctl.py                 123   start                     : Starting socat process: socat.exe -x -v tcp:192.168.9.43:63090,retry=100,interval=1 /dev/ttyS4,raw,b115200
2022-06-26 08:06:40,195 root DEBUG iutctl_common.py          276   accept                    : accept
2022-06-26 08:06:40,208 root DEBUG iutctl.py                 158   flush_serial              : <class 'autopts.ptsprojects.zephyr.iutctl.ZephyrCtl'>.flush_serial
2022-06-26 08:06:40,209 root DEBUG __init__.py               48    reset                     : About to reset DUT: 'nrfjprog -r -s 683989059'
2022-06-26 08:06:40,732 root DEBUG iutctl_common.py          215   read                      : read
2022-06-26 08:06:40,968 root DEBUG iutctl_common.py          74    read                      : Read 5 bytes
2022-06-26 08:06:40,984 root DEBUG iutctl_common.py          83    read                      : Received: hdr: Header(svc_id=0, op=128, ctrl_index=255, data_len=0) bytearray(b'\x00\x80\xff\x00\x00')
2022-06-26 08:06:41,000 root DEBUG iutctl_common.py          96    read                      : Received data: "('',)", bytearray(b'')
2022-06-26 08:06:41,047 root DEBUG btp.py                    487   event_handler             : event_handler Header(svc_id=0, op=128, ctrl_index=255, data_len=0) (b'',)
2022-06-26 08:06:41,063 root ERROR btp.py                    525   event_handler             : Unhandled event! svc_id 0 op 128
2022-06-26 08:06:41,063 root DEBUG iutctl.py                 225   wait_iut_ready_event      : IUT ready event received OK
2022-06-26 08:06:41,063 root DEBUG testcase.py               246   start                     : Starting test function: class=<class 'autopts.ptsprojects.testcase.TestFunc'>, func=<function core_reg_svc_gap at 0x000001F2FCBDB820> start_wid=None stop_wid=None post_wid=None skip_call=None call_count=202 args=() kwds={}
2022-06-26 08:06:41,063 root DEBUG testcase.py               258   start                     : Test function parameters: args=(), kwds={}
2022-06-26 08:06:41,063 root DEBUG btp.py                    323   core_reg_svc_gap          : core_reg_svc_gap
2022-06-26 08:06:41,063 root DEBUG iutctl_common.py          102   send                      : send, 0 3 255 '1'
2022-06-26 08:06:41,063 root DEBUG iutctl_common.py          107   send                      : sending frame '0003ff010001'
2022-06-26 08:06:41,063 root DEBUG btp.py                    405   core_reg_svc_rsp_succ     : core_reg_svc_rsp_succ
2022-06-26 08:06:41,063 root DEBUG iutctl_common.py          215   read                      : read
2022-06-26 08:06:41,143 root DEBUG iutctl_common.py          74    read                      : Read 5 bytes
2022-06-26 08:06:41,175 root DEBUG iutctl_common.py          83    read                      : Received: hdr: Header(svc_id=0, op=3, ctrl_index=255, data_len=0) bytearray(b'\x00\x03\xff\x00\x00')
2022-06-26 08:06:41,207 root DEBUG iutctl_common.py          96    read                      : Received data: "('',)", bytearray(b'')
2022-06-26 08:06:41,223 root DEBUG btp.py                    416   core_reg_svc_rsp_succ     : received Header(svc_id=0, op=3, ctrl_index=255, data_len=0) (b'',)
2022-06-26 08:06:41,223 root DEBUG btp.py                    417   core_reg_svc_rsp_succ     : expected ((0, 3, 255, 0), (b'',))
2022-06-26 08:06:41,223 root DEBUG btp.py                    422   core_reg_svc_rsp_succ     : response is valid
2022-06-26 08:06:41,223 root DEBUG testcase.py               246   start                     : Starting test function: class=<class 'autopts.ptsprojects.testcase.TestFunc'>, func=<function core_reg_svc_mesh at 0x000001F2FCBDBB80> start_wid=None stop_wid=None post_wid=None skip_call=None call_count=202 args=() kwds={}
2022-06-26 08:06:41,223 root DEBUG testcase.py               258   start                     : Test function parameters: args=(), kwds={}
2022-06-26 08:06:41,223 root DEBUG btp.py                    373   core_reg_svc_mesh         : core_reg_svc_mesh
2022-06-26 08:06:41,223 root DEBUG iutctl_common.py          102   send                      : send, 0 3 255 '4'
2022-06-26 08:06:41,223 root DEBUG iutctl_common.py          107   send                      : sending frame '0003ff010004'
2022-06-26 08:06:41,223 root DEBUG btp.py                    405   core_reg_svc_rsp_succ     : core_reg_svc_rsp_succ
2022-06-26 08:06:41,223 root DEBUG iutctl_common.py          215   read                      : read
2022-06-26 08:06:41,286 root DEBUG iutctl_common.py          74    read                      : Read 5 bytes
2022-06-26 08:06:41,301 root DEBUG iutctl_common.py          83    read                      : Received: hdr: Header(svc_id=0, op=3, ctrl_index=255, data_len=0) bytearray(b'\x00\x03\xff\x00\x00')
2022-06-26 08:06:41,301 root DEBUG iutctl_common.py          96    read                      : Received data: "('',)", bytearray(b'')
2022-06-26 08:06:41,301 root DEBUG btp.py                    416   core_reg_svc_rsp_succ     : received Header(svc_id=0, op=3, ctrl_index=255, data_len=0) (b'',)
2022-06-26 08:06:41,301 root DEBUG btp.py                    417   core_reg_svc_rsp_succ     : expected ((0, 3, 255, 0), (b'',))
2022-06-26 08:06:41,301 root DEBUG btp.py                    422   core_reg_svc_rsp_succ     : response is valid
2022-06-26 08:06:41,301 root DEBUG testcase.py               246   start                     : Starting test function: class=<class 'autopts.ptsprojects.testcase.TestFunc'>, func=<function gap_read_ctrl_info at 0x000001F2FCC1A310> start_wid=None stop_wid=None post_wid=None skip_call=None call_count=202 args=() kwds={}
2022-06-26 08:06:41,301 root DEBUG testcase.py               258   start                     : Test function parameters: args=(), kwds={}
2022-06-26 08:06:41,301 root DEBUG gap.py                    863   gap_read_ctrl_info        : gap_read_ctrl_info
2022-06-26 08:06:41,301 root DEBUG iutctl_common.py          102   send                      : send, 1 3 0 ''
2022-06-26 08:06:41,301 root DEBUG iutctl_common.py          107   send                      : sending frame '0103000000'
2022-06-26 08:06:41,302 root DEBUG iutctl_common.py          215   read                      : read
2022-06-26 08:06:41,396 root DEBUG iutctl_common.py          74    read                      : Read 5 bytes
2022-06-26 08:06:41,396 root DEBUG iutctl_common.py          83    read                      : Received: hdr: Header(svc_id=1, op=3, ctrl_index=0, data_len=277) bytearray(b'\x01\x03\x00\x15\x01')
2022-06-26 08:06:41,412 root DEBUG iutctl_common.py          96    read                      : Received data: "('p\x1fÄvçÜ\x13\x06\x00\x00\x13\x82\x00\x00\x00\x00\x00btp_tester\x00\x00\x00\x00\x00\x00\x00\x00\x00\x00\x00\x00\x00\x00\x00\x00\x00\x00\x00\x00\x00\x00\x00\x00\x00\x00\x00\x00\x00\x00\x00\x00\x00\x00\x00\x00\x00\x00\x00\x00\x00\x00\x00\x00\x00\x00\x00\x00\x00\x00\x00\x00\x00\x00\x00\x00\x00\x00\x00\x00\x00\x00\x00\x00\x00\x00\x00\x00\x00\x00\x00\x00\x00\x00\x00\x00\x00\x00\x00\x00\x00\x00\x00\x00\x00\x00\x00\x00\x00\x00\x00\x00\x00\x00\x00\x00\x00\x00\x00\x00\x00\x00\x00\x00\x00\x00\x00\x00\x00\x00\x00\x00\x00\x00\x00\x00\x00\x00\x00\x00\x00\x00\x00\x00\x00\x00\x00\x00\x00\x00\x00\x00\x00\x00\x00\x00\x00\x00\x00\x00\x00\x00\x00\x00\x00\x00\x00\x00\x00\x00\x00\x00\x00\x00\x00\x00\x00\x00\x00\x00\x00\x00\x00\x00\x00\x00\x00\x00\x00\x00\x00\x00\x00\x00\x00\x00\x00\x00\x00\x00\x00\x00\x00\x00\x00\x00\x00\x00\x00\x00\x00\x00\x00\x00\x00\x00\x00\x00\x00\x00\x00\x00\x00\x00\x00\x00\x00\x00\x00\x00\x00\x00\x00\x00\x00\x00\x00\x00\x00\x00\x00\x00\x00\x00\x00\x00\x00\x00\x00\x00\x00\x00\x00\x00\x00\x00\x00\x00\x00\x00\x00\x00\x00\x00\x00\x00\x00\x00\x00\x00',)", bytearray(b'p\x1f\xc4v\xe7\xdc\x13\x06\x00\x00\x13\x82\x00\x00\x00\x00\x00btp_tester\x00\x00\x00\x00\x00\x00\x00\x00\x00\x00\x00\x00\x00\x00\x00\x00\x00\x00\x00\x00\x00\x00\x00\x00\x00\x00\x00\x00\x00\x00\x00\x00\x00\x00\x00\x00\x00\x00\x00\x00\x00\x00\x00\x00\x00\x00\x00\x00\x00\x00\x00\x00\x00\x00\x00\x00\x00\x00\x00\x00\x00\x00\x00\x00\x00\x00\x00\x00\x00\x00\x00\x00\x00\x00\x00\x00\x00\x00\x00\x00\x00\x00\x00\x00\x00\x00\x00\x00\x00\x00\x00\x00\x00\x00\x00\x00\x00\x00\x00\x00\x00\x00\x00\x00\x00\x00\x00\x00\x00\x00\x00\x00\x00\x00\x00\x00\x00\x00\x00\x00\x00\x00\x00\x00\x00\x00\x00\x00\x00\x00\x00\x00\x00\x00\x00\x00\x00\x00\x00\x00\x00\x00\x00\x00\x00\x00\x00\x00\x00\x00\x00\x00\x00\x00\x00\x00\x00\x00\x00\x00\x00\x00\x00\x00\x00\x00\x00\x00\x00\x00\x00\x00\x00\x00\x00\x00\x00\x00\x00\x00\x00\x00\x00\x00\x00\x00\x00\x00\x00\x00\x00\x00\x00\x00\x00\x00\x00\x00\x00\x00\x00\x00\x00\x00\x00\x00\x00\x00\x00\x00\x00\x00\x00\x00\x00\x00\x00\x00\x00\x00\x00\x00\x00\x00\x00\x00\x00\x00\x00\x00\x00\x00\x00\x00\x00\x00\x00\x00\x00\x00\x00\x00\x00\x00\x00\x00\x00\x00\x00\x00')
2022-06-26 08:06:41,428 root DEBUG gap.py                    870   gap_read_ctrl_info        : received Header(svc_id=1, op=3, ctrl_index=0, data_len=277) (b'p\x1f\xc4v\xe7\xdc\x13\x06\x00\x00\x13\x82\x00\x00\x00\x00\x00btp_tester\x00\x00\x00\x00\x00\x00\x00\x00\x00\x00\x00\x00\x00\x00\x00\x00\x00\x00\x00\x00\x00\x00\x00\x00\x00\x00\x00\x00\x00\x00\x00\x00\x00\x00\x00\x00\x00\x00\x00\x00\x00\x00\x00\x00\x00\x00\x00\x00\x00\x00\x00\x00\x00\x00\x00\x00\x00\x00\x00\x00\x00\x00\x00\x00\x00\x00\x00\x00\x00\x00\x00\x00\x00\x00\x00\x00\x00\x00\x00\x00\x00\x00\x00\x00\x00\x00\x00\x00\x00\x00\x00\x00\x00\x00\x00\x00\x00\x00\x00\x00\x00\x00\x00\x00\x00\x00\x00\x00\x00\x00\x00\x00\x00\x00\x00\x00\x00\x00\x00\x00\x00\x00\x00\x00\x00\x00\x00\x00\x00\x00\x00\x00\x00\x00\x00\x00\x00\x00\x00\x00\x00\x00\x00\x00\x00\x00\x00\x00\x00\x00\x00\x00\x00\x00\x00\x00\x00\x00\x00\x00\x00\x00\x00\x00\x00\x00\x00\x00\x00\x00\x00\x00\x00\x00\x00\x00\x00\x00\x00\x00\x00\x00\x00\x00\x00\x00\x00\x00\x00\x00\x00\x00\x00\x00\x00\x00\x00\x00\x00\x00\x00\x00\x00\x00\x00\x00\x00\x00\x00\x00\x00\x00\x00\x00\x00\x00\x00\x00\x00\x00\x00\x00\x00\x00\x00\x00\x00\x00\x00\x00\x00\x00\x00\x00\x00\x00\x00\x00\x00\x00\x00\x00\x00\x00\x00\x00\x00\x00\x00\x00',)
2022-06-26 08:06:41,428 root DEBUG gap.py                    891   gap_read_ctrl_info        : IUT address 'dce776c41f70' 'random'
2022-06-26 08:06:41,428 root DEBUG gap.py                    332   __gap_current_settings_update : __gap_current_settings_update 33299
2022-06-26 08:06:41,428 root ERROR stack.py                  216   current_settings_clear    : current_settings_clear SC Only not in current_settings
2022-06-26 08:06:41,428 root DEBUG testcase.py               246   start                     : Starting test function: class=<class 'autopts.ptsprojects.testcase.TestFunc'>, func=<function test_cases.<locals>.<lambda> at 0x000001F2FE5E1E50> start_wid=None stop_wid=None post_wid=None skip_call=None call_count=202 args=() kwds={}
2022-06-26 08:06:41,428 root DEBUG testcase.py               258   start                     : Test function parameters: args=(), kwds={}
2022-06-26 08:06:41,431 root DEBUG testcase.py               246   start                     : Starting test function: class=<class 'autopts.ptsprojects.testcase.TestFunc'>, func=<function test_cases.<locals>.<lambda> at 0x000001F2FE5E1EE0> start_wid=None stop_wid=None post_wid=None skip_call=None call_count=202 args=() kwds={}
2022-06-26 08:06:41,431 root DEBUG testcase.py               258   start                     : Test function parameters: args=(), kwds={}
2022-06-26 08:06:41,434 root DEBUG testcase.py               246   start                     : Starting test function: class=<class 'autopts.ptsprojects.testcase.TestFunc'>, func=<function test_cases.<locals>.<lambda> at 0x000001F2FE5E1F70> start_wid=None stop_wid=None post_wid=None skip_call=None call_count=202 args=() kwds={}
2022-06-26 08:06:41,434 root DEBUG testcase.py               258   start                     : Test function parameters: args=(), kwds={}
2022-06-26 08:06:41,437 root DEBUG testcase.py               246   start                     : Starting test function: class=<class 'autopts.ptsprojects.testcase.TestFunc'>, func=<function test_cases.<locals>.<lambda> at 0x000001F2FE6CC040> start_wid=None stop_wid=None post_wid=None skip_call=None call_count=202 args=() kwds={}
2022-06-26 08:06:41,437 root DEBUG testcase.py               258   start                     : Test function parameters: args=(), kwds={}
2022-06-26 08:06:41,439 root DEBUG testcase.py               246   start                     : Starting test function: class=<class 'autopts.ptsprojects.testcase.TestFunc'>, func=<function test_cases.<locals>.<lambda> at 0x000001F2FE6CC0D0> start_wid=None stop_wid=None post_wid=None skip_call=None call_count=202 args=() kwds={}
2022-06-26 08:06:41,439 root DEBUG testcase.py               258   start                     : Test function parameters: args=(), kwds={}
2022-06-26 08:06:41,442 root DEBUG testcase.py               246   start                     : Starting test function: class=<class 'autopts.ptsprojects.testcase.TestFunc'>, func=<function test_cases.<locals>.<lambda> at 0x000001F2FE6CC160> start_wid=None stop_wid=None post_wid=None skip_call=None call_count=202 args=() kwds={}
2022-06-26 08:06:41,442 root DEBUG testcase.py               258   start                     : Test function parameters: args=(), kwds={}
2022-06-26 08:06:41,445 root DEBUG testcase.py               246   start                     : Starting test function: class=<class 'autopts.ptsprojects.testcase.TestFunc'>, func=<function test_cases.<locals>.<lambda> at 0x000001F2FE6CC1F0> start_wid=None stop_wid=None post_wid=None skip_call=None call_count=202 args=() kwds={}
2022-06-26 08:06:41,445 root DEBUG testcase.py               258   start                     : Test function parameters: args=(), kwds={}
2022-06-26 08:06:41,445 root DEBUG testcase.py               246   start                     : Starting test function: class=<class 'autopts.ptsprojects.testcase.TestFunc'>, func=<function test_cases.<locals>.<lambda> at 0x000001F2FE6CC280> start_wid=None stop_wid=None post_wid=None skip_call=None call_count=202 args=() kwds={}
2022-06-26 08:06:41,445 root DEBUG testcase.py               258   start                     : Test function parameters: args=(), kwds={}
2022-06-26 08:06:41,448 root DEBUG testcase.py               246   start                     : Starting test function: class=<class 'autopts.ptsprojects.testcase.TestFunc'>, func=<function test_cases.<locals>.<lambda> at 0x000001F2FE6CC310> start_wid=None stop_wid=None post_wid=None skip_call=None call_count=202 args=() kwds={}
2022-06-26 08:06:41,448 root DEBUG testcase.py               258   start                     : Test function parameters: args=(), kwds={}
2022-06-26 08:06:41,450 root DEBUG client.py                 272   set_current_test_case     : CallbackThread.set_current_test_case MESH/SR/PROX/BV-06-C
2022-06-26 08:06:43,731 ClientCallback.on_implicit_send INFO client.py                 171   on_implicit_send          : ********************
2022-06-26 08:06:43,732 ClientCallback.on_implicit_send INFO client.py                 172   on_implicit_send          : BEGIN OnImplicitSend:
2022-06-26 08:06:43,732 ClientCallback.on_implicit_send INFO client.py                 173   on_implicit_send          : project_name: MESH
2022-06-26 08:06:43,732 ClientCallback.on_implicit_send INFO client.py                 174   on_implicit_send          : wid: 13
2022-06-26 08:06:43,732 ClientCallback.on_implicit_send INFO client.py                 175   on_implicit_send          : test_case_name: MESH/SR/PROX/BV-06-C
2022-06-26 08:06:43,732 ClientCallback.on_implicit_send INFO client.py                 176   on_implicit_send          : description: There is no shared security information. Please remove any security information if any. PTS is waiting for beacon to start provisioning from IUT with UUID value indicated in 'TSPX_device_uuid'
2022-06-26 08:06:43,732 ClientCallback.on_implicit_send INFO client.py                 177   on_implicit_send          : style: MMI_Style_Ok_Cancel2 0x11141
2022-06-26 08:06:43,732 ClientCallback.on_implicit_send INFO client.py                 183   on_implicit_send          : Calling test cases on_implicit_send
2022-06-26 08:06:43,732 root DEBUG testcase.py               675   on_implicit_send          : MESH MESH/SR/PROX/BV-06-C on_implicit_send
2022-06-26 08:06:43,732 root DEBUG testcase.py               619   join_post_wid_thread      : MESH MESH/SR/PROX/BV-06-C join_post_wid_thread
2022-06-26 08:06:43,732 root DEBUG testcase.py               621   join_post_wid_thread      : self.post_wid_thread None
2022-06-26 08:06:43,732 root DEBUG mesh.py                   49    mesh_wid_hdl              : mesh_wid_hdl, 13, "There is no shared security information. Please remove any security information if any. PTS is waiting for beacon to start provisioning from IUT with UUID value indicated in 'TSPX_device_uuid'", MESH/SR/PROX/BV-06-C
2022-06-26 08:06:43,732 root DEBUG mesh.py                   257   mesh_config_prov          : mesh_config_prov
2022-06-26 08:06:43,732 root DEBUG iutctl_common.py          102   send                      : send, 4 2 0 "bytearray(b'_\\x08\\xfc\\x1b\\xd7\\x87FX\\x90\\x92y\\xf1\\xb2g\\x1fw\\x00\\x00\\x00\\x00\\x00\\x00\\x00\\x00\\x00\\x00\\x00\\x00\\x00\\x00\\x00\\x00\\x01\\x18\\x00\\x00\\x00\\x00\\x00')"
2022-06-26 08:06:43,732 root DEBUG iutctl_common.py          107   send                      : sending frame '04020027005f08fc1bd7874658909279f1b2671f770000000000000000000000000000000001180000000000'
2022-06-26 08:06:43,732 root DEBUG iutctl_common.py          215   read                      : read
2022-06-26 08:06:43,820 root DEBUG iutctl_common.py          74    read                      : Read 5 bytes
2022-06-26 08:06:43,836 root DEBUG iutctl_common.py          83    read                      : Received: hdr: Header(svc_id=4, op=2, ctrl_index=0, data_len=0) bytearray(b'\x04\x02\x00\x00\x00')
2022-06-26 08:06:43,836 root DEBUG iutctl_common.py          96    read                      : Received data: "('',)", bytearray(b'')
2022-06-26 08:06:43,852 root DEBUG mesh.py                   321   mesh_init                 : mesh_init
2022-06-26 08:06:43,852 root DEBUG iutctl_common.py          102   send                      : send, 4 4 0 ''
2022-06-26 08:06:43,852 root DEBUG iutctl_common.py          107   send                      : sending frame '0404000000'
2022-06-26 08:06:43,852 root DEBUG iutctl_common.py          215   read                      : read
2022-06-26 08:06:43,916 root DEBUG iutctl_common.py          74    read                      : Read 5 bytes
2022-06-26 08:06:43,916 root DEBUG iutctl_common.py          83    read                      : Received: hdr: Header(svc_id=4, op=4, ctrl_index=0, data_len=0) bytearray(b'\x04\x04\x00\x00\x00')
2022-06-26 08:06:43,916 root DEBUG iutctl_common.py          96    read                      : Received data: "('',)", bytearray(b'')
2022-06-26 08:06:43,916 root DEBUG testcase.py               713   on_implicit_send          : Sending response 'OK' to wid 13 test case MESH/SR/PROX/BV-06-C
2022-06-26 08:06:43,916 ClientCallback.on_implicit_send INFO client.py                 188   on_implicit_send          : test case returned on_implicit_send, response: OK
2022-06-26 08:06:43,916 ClientCallback.on_implicit_send INFO client.py                 198   on_implicit_send          : END OnImplicitSend:
2022-06-26 08:06:43,916 ClientCallback.on_implicit_send INFO client.py                 199   on_implicit_send          : ********************
2022-06-26 08:06:43,931 root DEBUG iutctl_common.py          74    read                      : Read 5 bytes
2022-06-26 08:06:43,932 root DEBUG iutctl_common.py          83    read                      : Received: hdr: Header(svc_id=4, op=132, ctrl_index=0, data_len=1) bytearray(b'\x04\x84\x00\x01\x00')
2022-06-26 08:06:43,932 root DEBUG iutctl_common.py          96    read                      : Received data: "('\x00',)", bytearray(b'\x00')
2022-06-26 08:06:43,932 root DEBUG btp.py                    487   event_handler             : event_handler Header(svc_id=4, op=132, ctrl_index=0, data_len=1) (b'\x00',)
2022-06-26 08:06:43,933 root DEBUG mesh.py                   576   mesh_prov_link_open_ev    : mesh_prov_link_open_ev b'\x00'
2022-06-26 08:06:46,139 root DEBUG iutctl_common.py          74    read                      : Read 5 bytes
2022-06-26 08:06:46,139 root DEBUG iutctl_common.py          83    read                      : Received: hdr: Header(svc_id=4, op=131, ctrl_index=0, data_len=0) bytearray(b'\x04\x83\x00\x00\x00')
2022-06-26 08:06:46,140 root DEBUG iutctl_common.py          96    read                      : Received data: "('',)", bytearray(b'')
2022-06-26 08:06:46,140 root DEBUG btp.py                    487   event_handler             : event_handler Header(svc_id=4, op=131, ctrl_index=0, data_len=0) (b'',)
2022-06-26 08:06:46,140 root DEBUG mesh.py                   566   mesh_provisioned_ev       : mesh_provisioned_ev b''
2022-06-26 08:06:47,610 root DEBUG iutctl_common.py          74    read                      : Read 5 bytes
2022-06-26 08:06:47,610 root DEBUG iutctl_common.py          83    read                      : Received: hdr: Header(svc_id=4, op=133, ctrl_index=0, data_len=1) bytearray(b'\x04\x85\x00\x01\x00')
2022-06-26 08:06:47,610 root DEBUG iutctl_common.py          96    read                      : Received data: "('\x00',)", bytearray(b'\x00')
2022-06-26 08:06:47,610 root DEBUG btp.py                    487   event_handler             : event_handler Header(svc_id=4, op=133, ctrl_index=0, data_len=1) (b'\x00',)
2022-06-26 08:06:47,610 root DEBUG mesh.py                   584   mesh_prov_link_closed_ev  : mesh_prov_link_closed_ev b'\x00'
2022-06-26 08:06:48,746 root DEBUG iutctl_common.py          74    read                      : Read 5 bytes
2022-06-26 08:06:48,747 root DEBUG iutctl_common.py          83    read                      : Received: hdr: Header(svc_id=4, op=134, ctrl_index=0, data_len=22) bytearray(b'\x04\x86\x00\x16\x00')
2022-06-26 08:06:48,747 root DEBUG iutctl_common.py          96    read                      : Received data: '(\'\x03\x00\x01\x00\x02\x00\x0f\x80\x80\x00\x00*\x172ä#Ï"Â\x9e0¸\',)', bytearray(b'\x03\x00\x01\x00\x02\x00\x0f\x80\x80\x00\x00*\x172\xe4#\xcf"\xc2\x9e0\xb8')
2022-06-26 08:06:48,748 root DEBUG btp.py                    487   event_handler             : event_handler Header(svc_id=4, op=134, ctrl_index=0, data_len=22) (b'\x03\x00\x01\x00\x02\x00\x0f\x80\x80\x00\x00*\x172\xe4#\xcf"\xc2\x9e0\xb8',)
2022-06-26 08:06:49,110 root DEBUG iutctl_common.py          74    read                      : Read 5 bytes
2022-06-26 08:06:49,110 root DEBUG iutctl_common.py          83    read                      : Received: hdr: Header(svc_id=4, op=134, ctrl_index=0, data_len=14) bytearray(b'\x04\x86\x00\x0e\x00')
2022-06-26 08:06:49,111 root DEBUG iutctl_common.py          96    read                      : Received data: "('\x07\x01\x01\x00\x02\x00\x07\x00\x00\x04\x00\x00\x00\x07',)", bytearray(b'\x07\x01\x01\x00\x02\x00\x07\x00\x00\x04\x00\x00\x00\x07')
2022-06-26 08:06:49,111 root DEBUG btp.py                    487   event_handler             : event_handler Header(svc_id=4, op=134, ctrl_index=0, data_len=14) (b'\x07\x01\x01\x00\x02\x00\x07\x00\x00\x04\x00\x00\x00\x07',)
2022-06-26 08:06:50,263 root DEBUG iutctl_common.py          74    read                      : Read 5 bytes
2022-06-26 08:06:50,264 root DEBUG iutctl_common.py          83    read                      : Received: hdr: Header(svc_id=4, op=134, ctrl_index=0, data_len=22) bytearray(b'\x04\x86\x00\x16\x00')
2022-06-26 08:06:50,264 root DEBUG iutctl_common.py          96    read                      : Received data: "('\x03\x00\x01\x00\x02\x00\x0f\x80\x80\x08\x00×\xad·e\x1cY¯±£gk',)", bytearray(b'\x03\x00\x01\x00\x02\x00\x0f\x80\x80\x08\x00\xd7\xad\xb7e\x1cY\xaf\xb1\xa3gk')
2022-06-26 08:06:50,264 root DEBUG btp.py                    487   event_handler             : event_handler Header(svc_id=4, op=134, ctrl_index=0, data_len=22) (b'\x03\x00\x01\x00\x02\x00\x0f\x80\x80\x08\x00\xd7\xad\xb7e\x1cY\xaf\xb1\xa3gk',)
2022-06-26 08:06:50,436 root DEBUG iutctl_common.py          74    read                      : Read 5 bytes
2022-06-26 08:06:50,437 root DEBUG iutctl_common.py          83    read                      : Received: hdr: Header(svc_id=4, op=134, ctrl_index=0, data_len=22) bytearray(b'\x04\x86\x00\x16\x00')
2022-06-26 08:06:50,437 root DEBUG iutctl_common.py          96    read                      : Received data: '(\'\x03\x00\x01\x00\x02\x00\x0f\x80\x80\x0c\x00Õ«<¬\x06V"¢:æV\',)', bytearray(b'\x03\x00\x01\x00\x02\x00\x0f\x80\x80\x0c\x00\xd5\xab<\xac\x06V"\xa2:\xe6V')
2022-06-26 08:06:50,437 root DEBUG btp.py                    487   event_handler             : event_handler Header(svc_id=4, op=134, ctrl_index=0, data_len=22) (b'\x03\x00\x01\x00\x02\x00\x0f\x80\x80\x0c\x00\xd5\xab<\xac\x06V"\xa2:\xe6V',)
2022-06-26 08:06:51,719 root DEBUG iutctl_common.py          74    read                      : Read 5 bytes
2022-06-26 08:06:51,720 root DEBUG iutctl_common.py          83    read                      : Received: hdr: Header(svc_id=1, op=130, ctrl_index=0, data_len=13) bytearray(b'\x01\x82\x00\r\x00')
2022-06-26 08:06:51,720 root DEBUG iutctl_common.py          96    read                      : Received data: "('\x00ïÉVè\x07À8\x00\x00\x00Ð\x07',)", bytearray(b'\x00\xef\xc9V\xe8\x07\xc08\x00\x00\x00\xd0\x07')
2022-06-26 08:06:51,720 root DEBUG btp.py                    487   event_handler             : event_handler Header(svc_id=1, op=130, ctrl_index=0, data_len=13) (b'\x00\xef\xc9V\xe8\x07\xc08\x00\x00\x00\xd0\x07',)
2022-06-26 08:06:51,721 root DEBUG gap.py                    141   gap_connected_ev_         : gap_connected_ev_ b'\x00\xef\xc9V\xe8\x07\xc08\x00\x00\x00\xd0\x07'
2022-06-26 08:06:53,335 ClientCallback.on_implicit_send INFO client.py                 171   on_implicit_send          : ********************
2022-06-26 08:06:53,335 ClientCallback.on_implicit_send INFO client.py                 172   on_implicit_send          : BEGIN OnImplicitSend:
2022-06-26 08:06:53,335 ClientCallback.on_implicit_send INFO client.py                 173   on_implicit_send          : project_name: MESH
2022-06-26 08:06:53,335 ClientCallback.on_implicit_send INFO client.py                 174   on_implicit_send          : wid: 361
2022-06-26 08:06:53,335 ClientCallback.on_implicit_send INFO client.py                 175   on_implicit_send          : test_case_name: MESH/SR/PROX/BV-06-C
2022-06-26 08:06:53,335 ClientCallback.on_implicit_send INFO client.py                 176   on_implicit_send          : description: Waiting for a Mesh message from the IUT with the destination address of the Lower Tester 1. Please run TESTCASE_LT2 test case from another PTS instance and send a single Mesh message to the IUT.
2022-06-26 08:06:53,335 ClientCallback.on_implicit_send INFO client.py                 177   on_implicit_send          : style: MMI_Style_Ok_Cancel2 0x11141
2022-06-26 08:06:53,335 ClientCallback.on_implicit_send INFO client.py                 183   on_implicit_send          : Calling test cases on_implicit_send
2022-06-26 08:06:53,335 root DEBUG testcase.py               675   on_implicit_send          : MESH MESH/SR/PROX/BV-06-C on_implicit_send
2022-06-26 08:06:53,335 root DEBUG testcase.py               619   join_post_wid_thread      : MESH MESH/SR/PROX/BV-06-C join_post_wid_thread
2022-06-26 08:06:53,336 root DEBUG testcase.py               621   join_post_wid_thread      : self.post_wid_thread None
2022-06-26 08:06:53,336 root DEBUG mesh.py                   49    mesh_wid_hdl              : mesh_wid_hdl, 361, 'Waiting for a Mesh message from the IUT with the destination address of the Lower Tester 1. Please run TESTCASE_LT2 test case from another PTS instance and send a single Mesh message to the IUT.', MESH/SR/PROX/BV-06-C
2022-06-26 08:06:53,336 root DEBUG testcase.py               713   on_implicit_send          : Sending response 'OK' to wid 361 test case MESH/SR/PROX/BV-06-C
2022-06-26 08:06:53,336 ClientCallback.on_implicit_send INFO client.py                 188   on_implicit_send          : test case returned on_implicit_send, response: OK
2022-06-26 08:06:53,336 ClientCallback.on_implicit_send INFO client.py                 198   on_implicit_send          : END OnImplicitSend:
2022-06-26 08:06:53,336 ClientCallback.on_implicit_send INFO client.py                 199   on_implicit_send          : ********************
2022-06-26 08:06:53,340 ClientCallback.on_implicit_send INFO client.py                 171   on_implicit_send          : ********************
2022-06-26 08:06:53,340 ClientCallback.on_implicit_send INFO client.py                 172   on_implicit_send          : BEGIN OnImplicitSend:
2022-06-26 08:06:53,341 ClientCallback.on_implicit_send INFO client.py                 173   on_implicit_send          : project_name: MESH
2022-06-26 08:06:53,341 ClientCallback.on_implicit_send INFO client.py                 174   on_implicit_send          : wid: 17
2022-06-26 08:06:53,341 ClientCallback.on_implicit_send INFO client.py                 175   on_implicit_send          : test_case_name: MESH/SR/PROX/BV-06-C
2022-06-26 08:06:53,341 ClientCallback.on_implicit_send INFO client.py                 176   on_implicit_send          : description: PTS will send a packet to the IUT. Please click OK when ready to receive a packet.
2022-06-26 08:06:53,341 ClientCallback.on_implicit_send INFO client.py                 177   on_implicit_send          : style: MMI_Style_Ok_Cancel1 0x11041
2022-06-26 08:06:53,341 ClientCallback.on_implicit_send INFO client.py                 183   on_implicit_send          : Calling test cases on_implicit_send
2022-06-26 08:06:53,341 root DEBUG testcase.py               675   on_implicit_send          : MESH MESH/SR/PROX/BV-06-C on_implicit_send
2022-06-26 08:06:53,341 root DEBUG testcase.py               619   join_post_wid_thread      : MESH MESH/SR/PROX/BV-06-C join_post_wid_thread
2022-06-26 08:06:53,341 root DEBUG testcase.py               621   join_post_wid_thread      : self.post_wid_thread None
2022-06-26 08:06:53,341 root DEBUG mesh.py                   49    mesh_wid_hdl              : mesh_wid_hdl, 17, 'PTS will send a packet to the IUT. Please click OK when ready to receive a packet.', MESH/SR/PROX/BV-06-C
2022-06-26 08:06:53,341 root DEBUG testcase.py               713   on_implicit_send          : Sending response 'OK' to wid 17 test case MESH/SR/PROX/BV-06-C
2022-06-26 08:06:53,341 ClientCallback.on_implicit_send INFO client.py                 188   on_implicit_send          : test case returned on_implicit_send, response: OK
2022-06-26 08:06:53,341 ClientCallback.on_implicit_send INFO client.py                 198   on_implicit_send          : END OnImplicitSend:
2022-06-26 08:06:53,341 ClientCallback.on_implicit_send INFO client.py                 199   on_implicit_send          : ********************
2022-06-26 08:06:53,356 root DEBUG iutctl_common.py          74    read                      : Read 5 bytes
2022-06-26 08:06:53,356 root DEBUG iutctl_common.py          83    read                      : Received: hdr: Header(svc_id=4, op=134, ctrl_index=0, data_len=13) bytearray(b'\x04\x86\x00\r\x00')
2022-06-26 08:06:53,356 root DEBUG iutctl_common.py          96    read                      : Received data: "('\x7f\x00f\x00\x01\x00\x06\x01\x02\x03\x04\x05\x06',)", bytearray(b'\x7f\x00f\x00\x01\x00\x06\x01\x02\x03\x04\x05\x06')
2022-06-26 08:06:53,356 root DEBUG btp.py                    487   event_handler             : event_handler Header(svc_id=4, op=134, ctrl_index=0, data_len=13) (b'\x7f\x00f\x00\x01\x00\x06\x01\x02\x03\x04\x05\x06',)
2022-06-26 08:06:53,356 root DEBUG mesh.py                   612   mesh_net_rcv_ev           : mesh_net_rcv_ev b'\x7f\x00f\x00\x01\x00\x06\x01\x02\x03\x04\x05\x06' 13
2022-06-26 08:06:53,438 ClientCallback.on_implicit_send INFO client.py                 171   on_implicit_send          : ********************
2022-06-26 08:06:53,438 ClientCallback.on_implicit_send INFO client.py                 172   on_implicit_send          : BEGIN OnImplicitSend:
2022-06-26 08:06:53,438 ClientCallback.on_implicit_send INFO client.py                 173   on_implicit_send          : project_name: MESH
2022-06-26 08:06:53,438 ClientCallback.on_implicit_send INFO client.py                 174   on_implicit_send          : wid: 17
2022-06-26 08:06:53,438 ClientCallback.on_implicit_send INFO client.py                 175   on_implicit_send          : test_case_name: MESH/SR/PROX/BV-06-C
2022-06-26 08:06:53,438 ClientCallback.on_implicit_send INFO client.py                 176   on_implicit_send          : description: PTS will send a packet to the IUT. Please click OK when ready to receive a packet.
2022-06-26 08:06:53,438 ClientCallback.on_implicit_send INFO client.py                 177   on_implicit_send          : style: MMI_Style_Ok_Cancel1 0x11041
2022-06-26 08:06:53,438 ClientCallback.on_implicit_send INFO client.py                 183   on_implicit_send          : Calling test cases on_implicit_send
2022-06-26 08:06:53,438 root DEBUG testcase.py               675   on_implicit_send          : MESH MESH/SR/PROX/BV-06-C on_implicit_send
2022-06-26 08:06:53,438 root DEBUG testcase.py               619   join_post_wid_thread      : MESH MESH/SR/PROX/BV-06-C join_post_wid_thread
2022-06-26 08:06:53,439 root DEBUG testcase.py               621   join_post_wid_thread      : self.post_wid_thread None
2022-06-26 08:06:53,439 root DEBUG mesh.py                   49    mesh_wid_hdl              : mesh_wid_hdl, 17, 'PTS will send a packet to the IUT. Please click OK when ready to receive a packet.', MESH/SR/PROX/BV-06-C
2022-06-26 08:06:53,439 root DEBUG testcase.py               713   on_implicit_send          : Sending response 'OK' to wid 17 test case MESH/SR/PROX/BV-06-C
2022-06-26 08:06:53,439 ClientCallback.on_implicit_send INFO client.py                 188   on_implicit_send          : test case returned on_implicit_send, response: OK
2022-06-26 08:06:53,439 ClientCallback.on_implicit_send INFO client.py                 198   on_implicit_send          : END OnImplicitSend:
2022-06-26 08:06:53,439 ClientCallback.on_implicit_send INFO client.py                 199   on_implicit_send          : ********************
2022-06-26 08:06:53,479 root DEBUG iutctl_common.py          74    read                      : Read 5 bytes
2022-06-26 08:06:53,479 root DEBUG iutctl_common.py          83    read                      : Received: hdr: Header(svc_id=4, op=134, ctrl_index=0, data_len=13) bytearray(b'\x04\x86\x00\r\x00')
2022-06-26 08:06:53,480 root DEBUG iutctl_common.py          96    read                      : Received data: "('\x7f\x00f\x00\x7f\x05\x06\x01\x02\x03\x04\x05\x06',)", bytearray(b'\x7f\x00f\x00\x7f\x05\x06\x01\x02\x03\x04\x05\x06')
2022-06-26 08:06:53,480 root DEBUG btp.py                    487   event_handler             : event_handler Header(svc_id=4, op=134, ctrl_index=0, data_len=13) (b'\x7f\x00f\x00\x7f\x05\x06\x01\x02\x03\x04\x05\x06',)
2022-06-26 08:06:53,480 root DEBUG mesh.py                   612   mesh_net_rcv_ev           : mesh_net_rcv_ev b'\x7f\x00f\x00\x7f\x05\x06\x01\x02\x03\x04\x05\x06' 13
2022-06-26 08:07:24,906 root DEBUG iutctl_common.py          74    read                      : Read 5 bytes
2022-06-26 08:07:24,906 root DEBUG iutctl_common.py          83    read                      : Received: hdr: Header(svc_id=1, op=131, ctrl_index=0, data_len=7) bytearray(b'\x01\x83\x00\x07\x00')
2022-06-26 08:07:24,907 root DEBUG iutctl_common.py          96    read                      : Received data: "('\x00ïÉVè\x07À',)", bytearray(b'\x00\xef\xc9V\xe8\x07\xc0')
2022-06-26 08:07:24,907 root DEBUG btp.py                    487   event_handler             : event_handler Header(svc_id=1, op=131, ctrl_index=0, data_len=7) (b'\x00\xef\xc9V\xe8\x07\xc0',)
2022-06-26 08:07:24,907 root DEBUG gap.py                    155   gap_disconnected_ev_      : gap_disconnected_ev_ b'\x00\xef\xc9V\xe8\x07\xc0'
2022-06-26 08:07:27,450 ClientCallback.log INFO client.py                 135   log                       : PTS_LOGTYPE_START_TEST Start Test Case 

+0 ms
 MESH/SR/PROX/BV-06-C MESH/SR/PROX/BV-06-C

2022-06-26 08:07:27,450 root DEBUG testcase.py               464   log                       : New status MESH MESH/SR/PROX/BV-06-C - Started
2022-06-26 08:07:28,973 ClientCallback.log INFO client.py                 135   log                       : PTS_LOGTYPE_FINAL_VERDICT Final Verdict 

+44781 ms
 MESH/SR/PROX/BV-06-C PASS

2022-06-26 08:07:28,973 root DEBUG testcase.py               464   log                       : New status MESH MESH/SR/PROX/BV-06-C - PASS
2022-06-26 08:07:28,975 ClientCallback.log INFO client.py                 135   log                       : PTS_LOGTYPE_FINAL_VERDICT Encrypted Verdict 

+44781 ms
 MESH/SR/PROX/BV-06-C A1#ZWY4MzQ5MDg3MmQwNTIxOGQzMzQ5YjY2ODA5M2MzNjQ5ZDY4NmY0Yjc2MzIzM2VkNTUyNTFhNGU4Mjg1MjI0NA==#rSUpXaErTFmrMGskLrxJDDJ5LV0I1kmd4kln84f3HV6n13D0j58unasNYMr/YCMX

2022-06-26 08:07:28,977 ClientCallback.log INFO client.py                 135   log                       : PTS_LOGTYPE_END_TEST Test Case Ended 

+44781 ms
 MESH/SR/PROX/BV-06-C MESH/SR/PROX/BV-06-C

2022-06-26 08:07:29,112 root DEBUG client.py                 799   run_test_case_thread_entry : After run_test_case error_code='' status='PASS'
2022-06-26 08:07:29,112 root DEBUG client.py                 280   error_code                : CallbackThread.error_code
2022-06-26 08:07:29,112 root DEBUG client.py                 294   cleanup                   : CallbackThread.cleanup
2022-06-26 08:07:30,120 root DEBUG testcase.py               758   post_run                  : post_run MESH MESH/SR/PROX/BV-06-C 
2022-06-26 08:07:30,120 root DEBUG testcase.py               246   start                     : Starting test function: class=<class 'autopts.ptsprojects.testcase.TestFuncCleanUp'>, func=<bound method Stack.cleanup of <autopts.ptsprojects.stack.Stack object at 0x000001F2FE46E850>> start_wid=None stop_wid=None post_wid=None skip_call=None call_count=1 args=() kwds={}
2022-06-26 08:07:30,120 root DEBUG testcase.py               258   start                     : Test function parameters: args=(), kwds={}
2022-06-26 08:07:30,120 root DEBUG client.py                 289   clear_pending_responses   : CallbackThread.clear_pending_responses
2022-06-26 08:07:30,120 root DEBUG client.py                 289   clear_pending_responses   : CallbackThread.clear_pending_responses
2022-06-26 08:07:30,120 root DEBUG testcase.py               246   start                     : Starting test function: class=<class 'autopts.ptsprojects.testcase.TestFuncCleanUp'>, func=<bound method ZephyrCtl.stop of <autopts.ptsprojects.zephyr.iutctl.ZephyrCtl object at 0x000001F2FE46E4C0>> start_wid=None stop_wid=None post_wid=None skip_call=None call_count=1 args=() kwds={}
2022-06-26 08:07:30,120 root DEBUG testcase.py               258   start                     : Test function parameters: args=(), kwds={}
2022-06-26 08:07:30,121 root DEBUG iutctl.py                 232   stop                      : <class 'autopts.ptsprojects.zephyr.iutctl.ZephyrCtl'>.stop
2022-06-26 08:07:30,949 root DEBUG __init__.py               48    reset                     : About to reset DUT: 'nrfjprog -r -s 683989059'
2022-06-26 08:07:34,518 root DEBUG testcase.py               783   post_run                  : post_run, cleanup running pre test case script
2022-06-26 08:07:34,520 root DEBUG testcase.py               793   post_run                  : post_run, run post test case script
2022-06-26 08:07:34,578 root DEBUG client.py                 829   run_test_case_thread_entry : Done TestCase wrapper MESH MESH/SR/PROX/BV-06-C
